-3.873478
-21.377592
-29.708900
-33.163601
-26.976498
-36.655941
-48.643711
-28.641283
15.960836
39.261337
1.962051
-55.810135
-76.982430
-46.517532
66.423088
118.465599
97.160149
73.491226
27.769379
5.363380
11.102366
-13.735100
-36.824059
-1.193007
104.018738
162.600784
118.689941
15.390728
18.632126
138.987701
255.038849
237.560211
81.818062
-102.190468
-69.454117
-49.151428
-73.737137
-106.428497
-123.587570
-54.639076
107.961105
239.893860
225.580368
121.309258
-13.894356
-53.444016
25.552883
163.056366
257.620605
301.050323
268.308685
127.995560
3.157715
11.128302
71.616455
139.850296
142.249542
122.810219
146.989929
203.804382
236.695221
172.148941
-98.175049
-202.182007
-80.837463
51.811924
144.006500
-69.663322
-339.010681
-368.760193
-79.262543
235.096848
298.223816
118.926056
-101.498535
-74.179077
108.411133
190.133087
212.051331
6.550262
-235.321716
-183.524658
-106.311340
49.270691
23.477448
-77.491959
63.570419
176.259628
196.336349
164.678574
162.358307
186.904175
214.989563
85.398453
70.416595
105.411255
234.565140
428.133423
400.089966
97.225716
-41.487762
-28.934570
182.083450
480.692291
437.554138
77.654770
-273.529266
-356.466888
-178.016479
-51.446503
-105.912323
-284.968933
-140.475739
199.614441
446.022308
621.219299
492.057739
234.630722
74.932472
56.051018
-25.293648
-353.667542
-722.861877
-881.133850
-804.521118
-394.539612
64.722961
260.045593
116.984619
-187.005173
-335.781921
-167.942505
67.108093
299.892609
270.645416
-151.825592
-363.761047
-375.779053
-206.641357
129.323669
245.226379
218.292084
120.910828
-70.233887
-19.449829
179.312805
214.717697
243.684845
240.750458
120.753784
82.809967
125.136108
281.351074
515.833435
643.766174
576.485352
288.360413
-135.915756
-326.639069
-320.564392
192.379822
645.751953
884.843933
787.325073
422.435730
-94.437225
-263.062256
-70.495056
10.048950
-101.799255
-459.287903
-517.856934
-49.030151
438.674744
736.135620
463.314240
-55.490112
-379.148804
-212.987900
292.166138
522.958252
536.468994
453.646240
576.435974
569.991821
141.158524
-575.929688
-937.550415
-705.268982
-132.207199
425.560577
477.558472
240.796692
321.023193
747.708374
972.411987
674.849854
-222.816986
-1013.490356
-1129.297852
-933.269531
-624.871643
74.169067
213.671371
-138.511475
-523.176514
-793.308655
-741.195435
86.773071
805.307129
997.455444
627.980347
-428.179932
-905.339905
-923.366089
-506.877502
10.398376
-133.676636
-674.337158
-1010.289917
-975.381836
-633.107666
26.448486
459.973816
516.779663
81.579102
-520.700012
-389.669678
150.585449
693.272949
995.204956
828.246399
593.537170
297.307190
126.796387
203.278076
380.734619
704.107849
1342.998779
1430.026001
1308.603027
1050.195557
53.007446
-353.488281
-208.943604
-404.403442
-534.515137
-620.890137
-745.204285
23.146362
455.510986
-279.485596
-1090.989502
-1036.294189
-1031.471436
-822.071472
-182.676300
286.111450
236.884277
19.376251
-473.101868
-679.019348
-883.654724
-138.543579
895.830444
1277.317749
963.899170
-296.996094
-1218.843018
-912.247192
268.801392
942.369019
980.616638
319.967041
-141.389893
-38.934692
499.598267
208.564453
311.937744
307.028687
-247.696045
-815.945129
-776.571045
-320.430664
813.515442
1323.895264
1091.422852
2.261292
-745.257629
-103.065247
1123.270996
1260.703369
673.284180
-577.057556
-957.379639
470.044373
1453.298462
1406.263916
1110.359131
312.922607
-257.982666
-186.889313
-65.758392
98.260254
-142.303467
-440.364380
-739.582397
-901.297974
-123.219246
793.905762
665.744141
801.094238
782.590332
-254.103271
-577.629639
-199.204346
-160.296997
-575.027344
-957.087158
-676.598145
101.097168
521.998901
93.614746
-720.896118
-1279.612915
-1243.359009
-507.497559
-273.066833
-777.208557
-658.194580
-630.272095
-468.367523
420.415283
890.406006
1104.470459
1091.949707
1008.547424
1077.617798
1110.224365
1217.827026
1309.993286
1142.681152
936.702148
718.582214
935.450500
707.533508
-304.399170
-1292.292725
-1470.640015
-651.297424
646.717285
1188.458496
475.354248
353.211548
-152.939331
149.339355
748.588257
367.805298
-767.784607
-1263.144287
-1247.746216
-641.665405
-57.358643
-560.230225
-1260.694458
-1219.206055
-963.419678
-293.529114
831.549561
1524.258789
1361.616455
1148.599121
949.499023
544.817871
413.145752
747.263000
1127.301514
1201.584961
1129.862671
769.306396
210.142090
-373.816772
-903.044800
-695.140381
-200.664551
-282.707520
-973.219116
-420.225250
203.596130
-1082.595337
-357.822510
814.070801
91.408691
-1269.813354
-658.869141
887.296997
1133.746460
841.340820
759.784424
-739.274414
-1120.061768
212.899902
1117.026855
1526.220703
706.596863
35.756226
-160.584229
-29.772705
389.556885
-55.030579
245.086426
431.588379
658.458984
994.304077
1199.727661
1237.527954
565.821411
-319.964966
-712.143311
-694.600647
264.717712
1253.838379
1598.487915
1274.652588
503.263184
151.777832
555.693237
383.253296
193.151855
-129.608887
-1169.563843
-1492.028198
-1078.511108
-1044.199097
-522.139648
446.042603
428.491211
-481.520020
-1163.756470
-676.028320
229.719238
68.160156
-650.980347
-1278.450439
-831.741699
-247.392090
217.492554
937.487305
1271.696167
734.194092
944.620789
297.141846
-200.024414
457.624023
399.822601
-713.508789
-998.690979
-700.334229
-786.039062
-865.125122
-778.103516
-322.747559
-343.505859
-884.753784
-728.038940
-693.962952
-375.670898
-178.092285
-486.084961
636.986938
1468.296753
1586.165039
1069.650635
-440.687744
-1537.889648
-494.559418
288.403931
-463.653931
-867.557129
-578.179199
-959.996338
-94.967163
706.654419
-442.303345
-429.624023
700.332031
13.086426
339.452881
724.676025
22.671387
538.226807
211.750610
-103.878418
-670.911621
-1176.931396
-605.949585
73.362030
216.378662
1081.366455
1331.253906
954.351562
968.177979
466.363525
-485.641357
7.525635
1067.233154
1379.824219
1287.716675
963.062012
401.372559
69.009277
120.771484
109.224243
-1358.378540
-524.443848
1148.699463
1228.442749
879.898682
365.272461
258.851807
1217.515625
1323.254639
120.848145
166.354980
563.997803
975.774658
1267.910400
78.939941
-1531.524536
-1312.999512
362.927856
1476.007202
413.066162
-952.009521
-1357.614990
-655.250732
1062.391113
1243.571289
-483.332397
-1211.003906
-1110.389160
-694.705933
428.389648
653.055176
-290.225586
-473.579590
711.671875
782.672974
-497.070740
333.391113
457.313965
-71.970703
59.369995
-1266.148682
-1517.281372
-121.283203
532.576172
817.973145
236.104492
-475.548309
-674.875244
-107.695801
-226.412109
903.562256
1009.062988
613.521484
1733.536865
1249.308594
982.709961
1356.156738
-86.701172
-344.958008
1279.274414
1168.697754
817.123169
995.260071
882.277710
1358.814819
41.097748
-1601.827393
100.246094
-1086.783203
-1628.615723
-359.280762
631.412109
598.594727
-570.228516
151.773224
1142.149658
1167.036133
499.183105
265.392090
-370.711182
-274.369141
2530.911133
3192.761719
177.981934
363.362061
1525.614136
1386.583252
25.969238
-366.892090
530.336670
695.600098
825.444092
467.315460
-634.066895
-369.809082
-898.459839
-782.339355
32.802246
517.028687
-1630.628906
-1039.175293
1137.398926
844.197510
52.306152
880.145874
1257.899414
19.263672
446.910156
487.928711
-619.536621
866.527649
311.209961
139.810455
2065.510010
1380.541016
-420.159668
-597.166504
-108.231323
518.773010
-1119.046387
-1043.139160
-169.569336
-465.845703
-843.275024
-1022.721313
-708.816895
-20.724609
-445.364746
376.355957
795.215454
174.840088
74.403809
1540.080566
829.168335
473.601562
1496.172119
1000.825073
-13.636230
142.842773
383.215820
-161.525879
-128.737061
-18.643311
1699.634766
2457.095215
-306.636230
-273.865967
632.006104
-41.155273
1442.108398
543.269287
-701.463867
741.748291
1226.578125
1752.858032
601.352051
-321.505371
-99.727051
-530.661255
807.511230
1446.310059
-772.751709
-682.284912
667.988159
999.013794
212.737305
-326.229004
-573.279541
-692.831787
-228.695312
491.490234
950.680420
561.497559
1144.491699
3474.389648
1917.729492
-358.225586
-1248.874512
-2164.085938
-575.424133
732.220215
-315.350098
-799.993896
-1158.418823
-495.021484
-29.395508
-845.413086
-143.555176
87.351562
-707.133057
-1163.519409
-1071.902222
-485.653564
1206.252930
1504.525391
1897.130371
1110.918701
-525.068970
200.143799
373.862061
-70.611214
21.685059
907.109375
1679.609375
1189.580566
-622.343506
-175.973389
686.844971
999.391846
1189.135010
348.496094
108.520020
-415.003906
-2317.669434
-1381.927734
-1040.806641
263.494141
-975.399902
-3984.103516
-2879.150879
251.148682
1589.242432
1008.076660
813.472168
89.645996
-443.326660
617.324951
672.777222
1339.536377
493.909607
-742.871643
2339.732910
3683.957031
916.572266
806.063477
748.827148
-865.587891
-1585.275146
-573.985352
730.273438
782.443359
305.280029
1135.841309
111.589844
-72.143066
-270.749725
-524.992676
-306.275879
-522.463867
-79.505737
528.152832
1235.982422
1025.289673
-11.112061
105.212402
326.792480
-651.366455
-561.056641
266.693298
862.124268
-169.773926
-680.031250
272.237061
810.611206
571.978027
-735.635010
-1008.755859
946.384766
-229.818359
1091.326172
-645.241211
154.101074
-422.124756
-572.639893
-512.145508
-911.009277
-2947.256836
-2744.880371
-2839.092773
-1456.982910
568.239502
-591.129150
-424.929565
1765.550293
-124.761475
-1462.106445
72.432129
228.804932
1050.156006
541.461914
-185.427734
668.207031
630.066162
1459.785156
1584.919922
-211.705566
626.929077
724.592285
-319.615234
-592.409668
159.475464
1144.796753
436.593323
801.475464
986.096191
-559.892334
-119.764893
-237.222656
374.614014
309.458496
-164.090820
-253.182129
-1046.135254
-35.804688
-180.250732
-313.131714
521.013245
-1040.137207
-1022.977295
-344.617676
462.435547
765.415039
-1527.433594
-392.573730
1292.704712
420.455139
-543.860352
-180.545654
543.137207
76.176025
848.076111
1565.003784
1519.017090
684.443359
480.428223
579.049805
-139.549805
-51.497559
-2188.955078
-3670.971191
-464.381836
-495.041504
275.075195
1815.054932
-391.373901
79.259186
1290.601562
123.180664
-59.282227
-192.391602
491.369629
-660.723145
-1246.148682
73.907227
-1152.721191
-260.733398
567.056396
-153.076965
784.745850
965.360535
-494.135742
-1775.833008
-1695.062500
-100.089844
-1778.857666
-871.827209
665.305664
567.537109
257.001465
-114.861328
191.447021
308.997314
329.142151
426.347382
-507.983643
-656.901245
89.832520
956.993652
190.658203
1328.366577
4592.686523
4753.224609
3438.510010
768.808716
256.201172
-347.569580
-1541.458008
-186.814941
702.269043
589.759766
1122.995361
388.244629
340.478271
179.055664
311.819336
126.926605
-118.659668
-1672.018555
-2872.649902
-2119.859863
-255.385010
150.270142
303.189453
1342.820801
1117.006836
33.046387
-752.602539
-1146.247681
-927.807617
-249.895020
148.885742
-247.697998
409.315063
442.737793
105.031250
114.231018
372.218018
645.736084
404.690308
850.971436
832.079102
-329.605469
623.612793
-929.844238
-533.311523
-452.918945
22.380859
246.347168
339.744263
1328.375488
-669.925781
-496.527344
-797.105469
-174.967529
-400.081055
753.077637
2786.420898
-1003.968262
1010.057861
1602.513672
396.110352
830.030518
777.523193
1486.124512
1968.060547
1516.936035
-2.196289
-534.021973
-1322.422852
-249.804688
1320.241211
969.219727
-750.541504
-1881.171265
-567.258057
692.839844
296.756104
-1030.999512
-4983.222656
-1118.187500
174.604736
-1964.156128
-498.040283
-1729.631836
-3205.993164
-967.601074
-161.238281
497.785400
753.770996
67.309570
-843.399658
-1631.040894
-1134.752930
373.532227
-1735.659180
-220.576172
-421.863770
-499.966553
671.377441
899.179565
-361.524536
-1919.806641
177.745605
-265.613281
-3293.418945
-2281.382812
-861.755737
476.165283
526.587158
-151.705811
-2821.637207
-2280.877930
-506.829834
-485.218811
-567.195801
1910.336914
296.800781
-735.658203
1755.487305
1057.833008
-109.480957
67.468750
-673.254761
-139.180420
914.995483
1568.725708
1103.455444
63.277344
694.860840
807.332031
-722.643311
508.112305
1370.265381
-350.107666
-339.534668
277.425781
1664.721680
2134.040039
-43.917969
579.514893
825.546631
-869.717285
516.544312
1141.760376
-512.689453
-423.595581
-230.539673
309.959473
-98.228516
-1426.420898
-1377.306396
-118.354248
261.321777
-768.633301
-377.156586
129.964722
1297.842041
466.675293
59.225098
2138.446289
-684.179688
412.915039
-286.054321
-1146.828125
-919.636719
181.536133
337.324951
2321.391602
961.804688
314.372437
1507.648438
143.024902
263.870117
-596.920410
-1043.523560
-1122.240967
-746.251709
133.720215
690.721924
1327.204590
854.039551
-56.364380
-921.790894
-504.947266
-483.098633
-1228.938965
-1426.760132
206.463867
737.415039
2419.927246
1793.126587
-1733.730835
-158.660522
-2.393066
-1479.487549
512.494873
758.740845
629.900269
-322.524536
-386.943726
-210.517944
1702.575928
967.676025
501.447876
-785.076782
-377.313477
160.281250
355.642578
-70.245117
46.005371
-44.857819
744.614502
1079.745850
1184.647949
1596.571655
763.922119
-1189.417969
-2427.714355
-2255.711426
145.430176
619.687256
-243.134766
-235.486694
-1364.226685
-1794.963867
-826.337891
1822.705078
2555.054199
1038.800293
-1391.092285
-2299.307129
-1626.583008
1352.724854
3017.477539
2355.128662
-283.199219
-138.036133
-77.161850
772.605225
1257.540771
-199.044678
167.156250
-58.326172
1057.375977
-184.478027
-80.138672
2183.614258
819.956787
-1092.828125
-248.144211
-911.168091
-888.206299
-218.386230
1009.255371
326.280273
1143.653320
805.603760
141.465820
725.613281
2008.622803
-60.099121
487.614258
1339.904297
-21.227417
2102.835938
-120.265625
382.572266
-221.918457
447.131836
439.770020
-426.092285
136.618652
-1466.709351
-2249.233887
-1098.813965
898.208496
2677.598633
211.318848
-760.184326
269.141357
559.658813
88.592163
-754.765869
403.439941
-1113.390747
-2099.882324
1071.572021
606.647156
-749.910889
-317.560364
-484.090332
-1940.408691
-948.050781
-1501.586914
-286.745361
80.335083
648.697754
2532.908203
167.811523
-265.170654
249.135254
-1717.323730
285.624512
110.906250
-2563.357422
-3225.429688
-491.507568
1076.937256
-109.202942
-674.623901
-378.659241
-947.857849
-958.548584
112.131836
268.196777
-13.440430
-1450.690796
443.036621
139.405869
-873.542969
259.177734
643.215820
921.942749
1100.572266
1078.955933
219.804199
454.005371
142.493408
-514.902588
1656.146484
3427.916992
818.252930
-146.907715
810.719727
-733.828125
2447.946533
4000.445801
773.579590
350.233887
-646.029297
-1091.243164
-576.528320
-848.493652
-1176.696655
-361.766235
806.124634
815.581543
-1773.652466
-4207.065918
-2410.424805
-875.146484
-127.306152
709.501953
43.813477
371.560059
-369.661621
417.474060
2683.316162
3213.756348
1589.125000
656.951172
16.033203
-236.693848
590.625977
107.259277
-78.419189
1180.791992
79.974121
-313.024048
829.243591
1742.522339
798.948853
513.479004
12.900879
-947.343750
-439.280029
-695.275879
64.541992
-358.793457
-876.208618
1292.248047
1242.908203
-693.581543
249.989532
-1011.344971
-969.067383
340.336182
490.373413
669.094482
-1583.189453
-3303.145508
-1541.750000
175.580688
-344.006836
-563.766602
-46.516846
1089.617676
235.524963
-1383.857666
-1479.380859
-690.517822
-291.791504
-356.092285
306.425781
117.869141
-278.760742
370.119141
876.141357
-1791.452881
-825.714111
681.388184
3829.229492
4457.791016
-121.030518
-193.418701
1626.222656
-862.795410
-1210.027588
497.629578
-837.339355
-2263.407227
-752.856567
763.656250
-603.795410
586.382324
2805.422363
3802.062012
4453.051758
3746.883301
201.277832
-335.259277
-1481.325195
-702.785156
416.060547
-168.927002
-299.720459
-593.514038
-1459.518555
-598.368164
160.576172
1646.861328
2389.118164
436.603516
-1118.326172
-612.929688
838.996582
432.325073
-893.510864
894.142151
13.297363
-590.357910
506.991150
786.731689
-127.989258
-2424.093018
-1355.832275
967.062866
-564.432617
-840.778320
866.650146
-1510.011719
219.337158
575.416260
-198.320068
-981.202148
-1556.212646
-759.170898
840.784668
29.026367
-470.047363
-1179.861816
-512.836182
549.861328
626.245605
-224.223511
-558.854187
-933.789062
-32.793335
64.636475
123.641602
1141.965820
913.397461
84.583008
1233.291992
1768.019043
578.447205
2635.141602
2137.568359
-705.370605
-1143.436523
-496.320312
1425.843750
560.075195
-175.985352
-107.524536
-664.426025
96.650391
535.955322
-191.129150
-612.507568
-21.066162
1349.495605
752.738525
-222.097443
-286.931641
-235.756348
-2812.922852
-49.488037
1276.358398
114.151367
-269.224121
522.459961
-995.807617
3.938477
-592.864258
1889.625000
-620.662109
-412.520020
147.739929
-1665.772461
-1726.837891
-284.139648
583.522949
320.892090
393.844666
-380.374023
133.751709
-410.270508
1791.061523
35.117432
-1102.284912
-2006.977051
-1148.600586
1229.722656
1236.550537
1400.388184
132.742432
-688.369873
256.660645
-87.371338
1751.789062
-580.284180
1659.271973
3182.583008
474.657227
-241.551941
-1807.944824
-2148.109375
-3027.007812
396.047363
214.937012
2035.823242
1622.734131
-349.290527
-680.683594
-910.572388
-1224.517090
-306.999512
-7.688202
558.249023
308.609375
-755.235352
567.662598
421.538086
2683.666992
-409.602478
-197.170410
275.901367
653.539307
88.649414
1057.396973
-592.391602
-3234.246826
-4329.761719
-2651.361328
433.750000
844.521484
277.695801
-1112.510986
-219.385254
442.004639
398.644043
-405.417969
-267.507080
1562.453003
2026.953735
840.864014
497.147217
13.207642
191.092285
98.694824
-280.825195
1156.786621
784.604126
-385.908691
269.944336
-466.395386
853.283203
1860.722656
-751.898926
-2055.468262
-1242.098633
61.599609
-525.206055
110.720703
-2653.801758
-4368.356445
-1996.516113
29.288086
-1642.585693
925.269043
817.190430
-9.236237
-366.115723
3439.652832
1503.602539
1809.202148
1367.080078
-222.656250
-1125.909668
-503.481445
-468.560547
-1069.564941
2602.467773
4081.251465
1661.240234
-1069.686768
-3896.528320
-3322.185547
-385.077148
238.675781
109.329102
1106.275879
-809.660156
-2159.900146
-2883.235840
-137.841797
1413.282471
3010.500244
1743.670898
-239.552795
50.300781
-914.118652
-923.298828
2339.277832
2756.238037
1804.052734
290.085938
-343.588867
1932.657227
1990.593750
156.360840
473.566162
374.939453
678.547852
1426.280273
-8.483887
-1486.293213
-720.865234
-0.853516
-753.138184
953.407227
110.216309
327.138184
-988.035645
-1092.180908
-1566.183105
-235.849365
-1549.812256
-2521.817627
203.509674
1566.467529
1153.692139
74.999756
-514.237061
-286.974121
235.160156
128.434082
-1046.181885
1128.138672
-761.262695
-357.222168
306.100098
-939.431946
-591.344116
242.832031
-1701.030029
-1251.147461
-1220.124023
806.273926
496.093018
-88.076172
29.547729
-570.866943
-292.672241
-393.267822
-640.853760
917.679993
1494.627197
941.519775
-290.522644
-498.798950
1045.156494
989.263184
-505.923340
-1946.924072
-4133.578125
-2733.340332
292.611328
-524.145996
711.279785
-566.516113
-1590.231445
769.567017
-175.283081
-493.944824
657.538086
-255.661621
559.668518
1170.719482
638.453613
799.646240
-194.636688
-1676.748657
-104.626472
42.643311
874.565186
4538.226562
3957.425537
621.113525
-337.889648
666.625977
868.706055
-482.289795
-1334.775146
-613.986694
800.973389
856.943848
510.287598
-197.641663
20.144287
-180.482056
700.514160
3624.302246
722.534241
-1154.025391
703.498230
-205.159180
47.296875
560.053711
969.809570
157.501953
1885.629883
5045.110352
8433.144531
5020.953613
437.256439
-678.459961
-1744.707031
-1060.236328
-171.704102
1598.422852
986.283936
-786.186646
602.278442
1157.075806
-260.381775
36.110107
516.051270
-1053.486572
-6307.058594
-6180.621094
-391.822266
356.773193
-804.385864
15.395020
702.770508
-139.826660
2072.543457
3770.348145
2036.808594
-60.579102
-340.402588
169.711182
4276.968750
2815.114990
-834.821533
1111.541260
-19.435120
-364.670959
2845.631836
3352.089355
-20.592773
395.042480
-634.701294
-1165.763184
-223.794922
214.244141
-237.836182
1079.896484
-332.941406
141.853027
-1691.305420
-24.497559
53.614258
879.020020
99.141479
-84.452637
856.470215
-143.635742
615.792847
3870.217529
3743.509277
343.504883
-1067.072266
-397.442139
-262.007812
-69.015625
638.822266
750.458984
1065.160400
283.633789
-735.854492
-274.070312
241.912354
-1017.740234
-1072.060913
-108.592773
1050.376953
1623.867188
-229.404297
-1222.524536
21.394043
1233.786133
412.079590
406.149902
-82.737793
-28.857834
2697.677002
1713.255859
-827.890747
509.266479
557.079468
1973.171021
2012.435059
80.244507
-162.558350
-1428.696289
9.979492
395.253418
611.173828
-50.700928
-5290.340820
-4322.354980
-107.983398
200.588135
-77.895508
-304.095947
187.767700
-1187.437256
-3082.809082
-1647.299438
-388.704102
403.592773
534.842896
629.865295
701.074707
-767.228394
1320.194824
3036.965820
419.563477
-1058.770020
412.901855
844.486938
610.408569
1478.285400
352.590820
-435.857910
-15.871094
-726.436646
-272.397461
418.109375
276.668945
-1191.877441
-1065.058105
-186.121582
741.491211
-935.611328
243.112061
-480.923828
682.462402
-2086.545410
-6309.803711
-3296.716309
-206.470093
259.655762
-483.993164
-1873.005859
-3103.469482
-1171.931641
-487.417480
533.750000
-814.021484
1942.052734
704.417969
482.048828
-610.951904
379.294434
942.176880
726.888062
1432.954956
1116.876465
890.508789
-246.534668
-481.857849
494.282715
-372.517090
-2346.747803
-669.330444
-331.857849
367.669922
489.919922
933.945312
2128.322754
-335.815918
-454.658691
-771.174316
606.382812
2408.569092
1016.475464
-152.193115
1615.862305
2118.660156
2434.253906
4643.031738
2900.678467
792.724365
-256.237305
146.279053
1074.116211
-714.550537
-283.811035
-1010.789551
45.456299
1497.659180
903.620605
-62.095306
-170.698212
516.457275
1799.708496
2693.554199
1786.745117
482.880371
-234.893555
-139.922363
1582.497559
-409.928711
-395.126709
-1173.766602
-1472.093750
919.666992
1619.982788
219.780518
-15.250732
114.894531
-1282.917480
658.415039
1661.107422
520.261230
-652.908264
-917.674805
-670.908203
763.484619
410.103271
728.631592
-1182.054199
-3052.483154
-3584.058105
-3563.792969
-2422.258789
476.437988
13.391724
-1132.574341
-924.483276
-595.864258
111.593262
634.445801
428.678711
475.197021
32.965332
125.179443
1216.369629
1109.768433
-25.153564
405.321289
1443.187500
360.993652
-113.222168
788.361084
32.198730
12.659668
354.809814
1022.227051
2116.241211
404.551758
1044.188477
2244.352051
249.320312
-929.895264
-1954.868530
-1978.704102
187.370117
327.815430
-603.711914
-379.460938
281.812500
462.246094
-515.361328
-4495.375977
-3044.767578
209.970703
2019.834473
3363.272949
3178.823242
-1034.335449
-1019.115234
-969.808594
-1533.381592
-1151.524536
-599.015381
-131.427979
-504.705719
345.952393
-245.816895
168.532669
848.295654
-1839.500000
-3279.420898
-1942.012695
-1466.913818
-1455.029785
626.036133
441.243164
-216.559082
77.754395
-59.381836
-1231.825684
-1655.175293
-884.987305
-1541.040771
-201.873047
1463.974609
1305.541016
-2276.652344
-965.371338
770.951294
-243.628662
339.946594
-329.892395
466.391113
2386.365234
1752.391602
1112.637085
1020.150635
476.293579
-1603.976074
-1035.721680
-907.795898
-763.015625
576.138062
821.950439
842.462402
548.395020
859.220459
-1598.648804
-1363.971558
-1397.171875
-774.021301
209.599609
196.438477
401.381348
-33.861816
-882.610840
199.851318
848.727051
-456.977539
-294.564941
-66.240967
-1100.490723
468.183105
-1826.752930
-3337.346191
-710.718689
2416.835449
1697.558594
141.484375
1405.875000
1700.541382
2151.183350
282.544922
-1707.161133
-71.550781
-633.641602
1559.744385
1508.959717
-785.889160
-300.822998
213.711182
952.254883
-144.253418
-209.702148
220.010742
-470.427002
311.191406
36.584717
519.000488
52.222656
300.668945
-656.009827
-1590.483643
-1526.959595
3.664062
-606.257324
-1347.623047
-635.216553
816.040405
1475.126953
370.044434
677.576660
660.105957
233.171631
1551.047974
1141.637695
-725.438477
-1522.403076
-1463.872314
-150.832520
481.413086
328.312500
179.089600
-186.557495
-964.224121
-181.077881
-183.982727
672.632080
2426.464844
1600.812500
-32.885498
-637.837891
550.304199
-342.981934
285.973633
1731.560547
1584.106445
-351.432617
-747.833008
-1121.622559
-364.935913
1006.894043
-626.660156
-1276.478516
-2397.863281
-989.397949
-628.938232
1385.183105
3417.952148
1241.223145
66.260254
-460.905762
-163.521484
1486.080078
271.179688
-804.954346
-484.031403
-565.978027
-1067.538086
-2198.007812
-446.682007
114.672363
543.152344
574.894043
217.778076
-294.327148
-1348.610352
-2730.213867
171.504150
766.833740
-1280.082275
-426.535400
-1022.591309
-1634.684814
-1324.605469
621.274414
-717.839844
-958.524536
163.386719
1175.358154
1251.347046
392.069336
183.991699
-248.955200
-560.171875
2365.015381
5773.970703
3535.477051
458.772339
-191.328857
-883.030762
-359.216064
535.627075
2965.891846
4185.594238
826.210449
424.338867
1027.727051
-1076.602295
-1061.382080
905.707886
-759.582031
-1346.086426
-402.700256
-190.442871
824.486328
1601.798828
1163.991211
-249.282471
708.651367
3082.626953
3428.814453
921.887939
1515.495117
-13.013428
-212.641602
831.225586
174.970703
-7.420410
1017.004883
3952.151855
4629.888672
637.245361
-667.439941
146.350708
723.431641
467.624512
592.124207
1966.013428
438.767578
-1161.959961
-404.779785
-1042.639160
141.486816
-429.481934
-265.505615
1098.192383
588.149841
511.946838
841.458496
-111.018555
138.383057
-1526.524902
-3515.753906
-2106.077148
593.753174
972.041504
-1421.754639
-2530.664795
-415.633057
786.133301
82.848267
1471.263550
935.893799
1074.798828
1553.611328
1136.570312
-529.870117
-1414.294922
-4776.087891
-3629.745117
270.510010
-381.328125
-1057.169678
465.435059
-113.837402
-1353.121582
-451.118195
-406.369202
675.875854
691.531128
408.663086
235.141113
14.000000
771.433228
556.778748
606.167786
1059.910645
738.844482
-382.214844
-1056.446045
-259.575073
795.491455
1569.893799
1421.783325
1171.170410
1442.254517
842.363281
-990.064453
-359.350098
-1107.777100
-1361.047119
-766.020386
253.095337
1515.954468
-934.574707
-1184.806396
754.207275
255.029297
-280.576660
-693.857849
-794.717529
567.223999
2801.052734
2283.939453
-1278.866455
-324.066284
841.855957
-225.860504
320.750977
503.700684
298.728821
-162.439453
75.581055
876.626953
180.698669
-1396.842773
-1635.021973
375.589966
1635.977051
315.668457
-71.784668
1052.153076
785.556519
329.562012
1212.541992
227.318359
309.215271
1599.614990
1264.086914
-417.672485
-312.880859
-433.027344
-1503.943359
638.386230
566.554932
1379.490723
-574.826660
-570.694824
-849.356934
284.495117
-135.052246
-2031.548828
468.903320
1213.925049
-1419.189209
-126.321533
-3968.004883
-4674.708008
-407.513184
928.894653
-385.691650
-282.321289
342.424316
338.965332
840.351562
2648.649414
2375.610352
-434.791016
52.489258
1661.433594
1120.136719
275.439453
124.333252
-222.135742
-1646.840332
-659.917236
137.237305
-1751.939941
-166.155273
-116.815430
37.486328
-844.104492
-988.642578
527.617310
999.335815
-335.213135
-773.079102
-100.089844
-370.756348
-1432.524536
-700.664551
-378.821045
82.413574
293.254150
-567.523926
-250.598267
-531.441528
-943.385010
29.079224
2574.144531
-527.179199
220.120361
-477.496582
-1732.601562
-2216.415039
192.624512
-64.948730
-381.311523
-1407.892456
478.295898
2877.559326
468.129059
410.915741
73.303223
508.423828
2278.137695
5557.381836
4629.718262
470.623047
-267.915039
776.171875
-737.655762
70.489746
148.152817
-727.204834
326.364014
2272.411133
-662.982788
-731.998779
1249.985596
222.050293
1457.139160
2137.780762
250.771973
-1065.728271
-111.599365
1527.502441
736.752930
148.541992
-761.604614
748.059814
1372.874634
798.428223
506.922363
-385.482910
-707.527588
-1375.391968
-1592.048096
-579.139893
1711.825684
635.048340
230.270020
-458.132324
-805.277466
371.978638
644.726807
890.516113
1136.611816
-736.053955
-3292.901611
-885.497559
1029.404297
614.668457
-259.129395
-616.030762
1334.097168
3721.165039
4099.675781
2282.631836
-306.016357
-167.042480
1632.250977
1180.208008
-679.952576
277.959229
-633.466309
-3162.834961
-1353.939453
1013.204224
623.147949
160.686523
-842.567139
-1321.423340
-704.593750
-3899.230469
-1134.263184
236.059570
1235.881836
3154.279297
1609.195312
259.530273
-530.185547
716.371582
-169.316895
-705.409180
-319.411133
-1848.991943
-1084.341797
1262.752197
1180.581787
-64.007263
-718.014038
344.670410
1088.733154
839.012207
418.555176
-97.904297
95.111816
270.565918
-1175.358032
-1394.258057
-920.755981
-1590.975586
-639.335205
-436.945312
-390.147461
-855.180664
459.738831
1065.074463
328.897949
389.669434
20.583984
-2195.528809
-3200.669922
-2356.248047
-685.243408
268.752441
361.601074
-122.238037
-271.024780
-834.791992
2502.720947
551.351562
-1179.182129
1323.309570
9.380859
-4.229141
4030.625000
4170.463867
1070.019043
-364.969238
-1089.340332
-617.107910
139.111328
-43.343506
532.267456
-998.802246
-1033.710449
-21.043457
733.975586
1022.730957
347.285645
1877.656250
1583.816406
1250.433594
800.284180
327.865723
-614.654785
-230.187988
-133.449219
-1530.664795
-424.371094
-631.212891
-1762.386230
-1112.471680
-29.355957
13.505371
758.541870
902.200928
955.893677
1247.758057
1350.918701
-108.403320
-155.954102
2086.146484
2542.311523
278.958374
-420.118896
-862.873047
-1357.153809
297.709473
3288.388672
3996.590088
2041.509766
-133.566406
298.995117
-1403.524536
-644.070190
840.170410
-1009.414673
216.510864
123.845215
-2588.311035
-1052.389648
1271.912598
-145.303711
-1071.936523
-539.434937
1111.080566
1097.939697
-530.552246
-1087.738281
-233.909180
-345.288330
1697.900635
1548.546387
1439.379150
-862.837402
-3375.979492
-1256.437256
274.937988
-1262.260376
-1545.783081
88.394409
1345.408447
852.976379
427.042786
658.934143
-85.703262
835.652649
1635.687378
322.989685
698.195923
1681.045410
294.058228
-3003.582520
-3803.999023
683.721680
52.193848
1086.641602
3826.466797
4305.714844
-366.982178
203.288574
-2736.064453
-3418.522949
-1994.590576
-1354.691406
-38.051758
-248.615723
-871.401611
-1069.449219
-69.275391
633.559570
-1593.022949
505.731445
1301.430176
542.390137
-234.548111
339.134277
591.343750
1663.753906
-583.318848
-235.514893
579.050049
274.533691
1339.668945
-1746.285645
-1012.591125
-2046.463745
-5525.594727
-4118.687012
463.537109
266.684326
1638.066406
1404.720703
456.496094
-924.888916
-1032.028809
-1194.102539
125.856934
-1111.797485
368.384277
702.067871
13.986084
-1116.814209
-980.162109
-457.792236
1676.012451
2516.542480
641.055176
-244.991699
309.633301
625.741455
814.241699
939.092041
-39.684570
573.202148
1122.077515
646.715820
-432.145752
-1468.514160
33.565063
-116.064697
-492.421631
3744.279785
3169.385254
-596.601807
382.320923
607.026855
442.999390
10.104126
668.463867
4999.500488
6641.222656
5161.253418
3042.754883
88.675781
198.504395
358.108246
-1158.010010
-1001.894531
1216.234253
1823.267212
306.707275
126.055908
994.771851
1128.971558
487.710693
-95.418701
592.147949
-178.108154
-743.775757
-395.403564
-499.242432
721.468262
1571.699707
369.346680
-1222.219727
-2011.357422
-237.116211
136.648926
-178.546387
260.184570
793.222656
-892.641113
299.340332
366.417969
-592.964111
-1138.382446
-374.877930
776.693970
922.490112
848.759277
1135.955322
445.989746
-432.919434
477.772949
-694.064453
102.829102
376.216309
535.380249
235.455811
-1239.264404
-203.162476
-101.577026
-535.318359
-1454.375488
-3999.600098
-1750.866333
802.420288
-756.894775
546.088623
-739.424744
-2700.895508
-211.800781
389.000488
-1219.571533
-1270.760742
-520.202271
-207.727539
-1060.295898
-201.134766
-283.534180
-3794.381348
-3154.522949
1352.660156
2998.719727
1064.535645
1.095215
-136.330078
-1145.239502
-207.631104
1292.290527
373.359619
414.783447
-197.220703
-1260.525635
-512.410156
-2261.675293
-5001.858398
532.045227
-88.908203
832.916992
515.741211
1063.883789
-917.925659
-155.604980
-729.402832
-1742.916504
-189.289612
824.513672
567.036133
3830.496094
2413.015137
2063.363770
1666.620117
92.089844
-607.819641
-221.097931
599.884644
-806.507812
1140.509277
356.056152
156.643799
265.983887
1148.204102
1537.212769
926.270996
421.902344
96.585938
-233.186523
753.226074
1065.142212
-80.340820
-107.417847
-2200.425537
-121.495117
-1068.003418
78.993286
-1125.839844
554.810547
517.785645
176.491943
33.405762
245.235352
-986.354004
-660.843506
-853.710449
-84.825195
1471.172852
-161.783203
731.645508
1202.268799
549.639160
-220.330566
-515.346680
-611.591064
554.095764
937.663330
196.445312
160.210938
728.536438
364.119629
999.510254
323.450684
1075.310181
59.972900
1514.191406
265.446350
-201.712585
-181.683350
-154.442047
3101.295898
3418.470215
-575.897461
-442.858398
-859.078125
-3.403809
1003.573242
1279.768555
622.256897
-108.528320
344.898315
1438.652832
1946.388672
213.153564
-460.694336
-1122.722656
-625.213867
-453.875977
818.475830
-852.824219
-422.237549
1786.270386
902.786499
-737.373352
-1314.227051
-2394.917236
-1236.896362
-1035.239868
-764.043457
-935.224243
469.187927
883.206909
1405.315430
152.675293
-1030.341553
590.810059
1904.494141
3385.477051
3023.473633
-166.638672
-46.270508
-37.797852
-1159.283203
-460.065430
-384.154175
25.808594
-124.488281
950.358398
279.776367
37.644043
171.563477
-588.857849
-109.346802
1528.675293
4224.399414
869.912109
1070.293945
-916.162476
-3452.520508
-2952.303223
-160.609375
-1097.536621
61.038574
1473.174316
1151.990723
2335.074219
437.535156
-418.469727
-798.291138
-3055.448242
-5394.679688
-4788.434082
-3362.859863
359.847168
447.090881
-37.125977
784.877686
-227.520508
2545.206055
2165.228516
540.943604
-831.677734
413.504883
-465.254395
-425.356445
11.253906
-1326.046875
-882.032959
350.600586
1758.541992
-1024.123047
-2186.906982
166.038818
-772.857788
-903.446838
1659.615723
435.890381
1133.077881
1631.157593
-1453.575195
-294.155518
1304.648926
-316.091309
31.846924
-211.331543
-163.727295
3633.590820
-3054.460449
206.635498
17.291016
531.324707
-1360.656738
-1683.384766
-876.178223
317.364746
-777.633545
-363.207642
-564.971680
-1000.487305
-733.904785
770.005859
-725.143555
498.086914
3906.976562
613.884705
516.442810
122.467346
-2207.585938
-520.641602
-1324.817383
-889.661865
-1228.474609
126.126953
-258.186157
422.985840
641.317871
1379.928711
1333.973511
39.653442
182.973389
-663.819824
668.819824
136.562012
-53.902527
211.616699
-2230.834961
-1055.464355
1221.438721
-111.509521
409.844971
970.302490
-777.051270
689.142151
-90.056641
-1156.424805
-2655.702148
-967.368652
-396.888702
630.328613
-1344.498169
-1072.257568
-246.474609
-143.789795
-1187.822266
-376.753418
755.809570
299.679199
-482.623779
903.111084
485.138428
691.436035
2796.428711
1283.541260
137.375610
-177.407303
-1288.456299
299.522217
498.615601
-1273.936646
-826.371094
-374.238037
-1006.949036
-783.109497
675.151855
-191.514648
-1798.591187
-585.944824
-422.741821
3996.149902
-206.690063
1657.010254
-667.245117
-1361.958008
-2866.125977
854.439453
902.929688
-566.046753
625.500977
1415.020020
651.872559
389.171387
493.454102
666.895020
-214.584229
-567.453003
-232.643555
-584.674805
222.864746
-212.666504
-310.607422
-613.101562
-1417.145142
-594.161133
-269.640503
-40.915283
-443.491699
-1246.691162
-1749.314941
-1748.043213
-829.404663
-1394.577148
-1849.888672
1133.253906
1125.959961
530.877930
1541.886719
45.896484
-181.365234
1970.120117
934.063477
985.421875
-577.577148
-1558.020508
286.844482
-1178.187988
-1236.527832
-2222.000732
121.414551
-1525.814453
844.305664
782.353516
1747.285156
962.911865
810.780640
1303.244995
1086.982788
-51.138184
-268.479004
-566.851318
57.153320
138.330078
518.806641
-795.072266
-933.252930
-906.072754
-1041.857788
121.043945
892.508545
634.497803
-51.729736
-875.659424
-527.323975
-54.769043
1653.348633
1005.731445
93.199951
1080.101074
194.152832
-593.236572
1090.861450
-90.331299
962.743652
-206.364746
367.765869
315.297363
-3133.449707
-5466.296875
-3166.006348
-1000.436523
-2282.103516
-1100.885742
-1511.009277
-209.648193
-110.340820
1220.440918
2170.758545
814.989014
1504.630371
-1727.822266
-1424.782227
443.905518
412.399414
523.805176
2183.142090
228.169434
-38.033203
597.945190
194.833740
925.391846
865.084229
-90.628906
294.479248
1034.313721
67.845215
723.772949
3758.127441
3984.253662
352.551270
-489.037598
343.589844
-736.164429
-233.355118
577.379150
-269.635742
-516.327148
256.232910
425.890564
1587.408691
-378.333008
-845.141479
540.722656
-876.312561
-1055.149414
506.729980
879.600098
288.702454
1266.540039
1862.428711
3620.103516
735.322266
-1025.612061
-76.870605
2018.570312
2621.046875
1504.463501
-186.796387
-1208.733887
-197.680420
1134.957642
1361.453613
988.414429
451.511475
-200.283203
-117.818115
-716.865479
-1169.393677
499.281311
415.630981
-917.699341
-975.301636
-683.110107
230.431885
-269.785034
-1796.354858
-539.775879
839.975098
-521.754639
-174.335449
1061.646240
445.718506
-636.384277
-144.752441
-1014.063782
-977.760986
-645.605957
338.224609
1119.189697
1527.985107
840.381836
-527.492188
-1380.208984
1525.079102
2419.254395
1835.602661
896.328186
187.006836
1018.647461
-562.537109
-352.360352
26.898926
-601.804443
-644.168030
606.081299
1500.305420
1007.253052
423.078003
936.505127
805.772705
-180.873535
207.803955
484.150635
-401.227051
-502.184082
883.335205
715.848633
-497.681885
-668.511230
-5.065430
436.064209
1006.005859
1115.016602
599.247314
764.629395
-727.800537
-280.925293
-545.997070
-2375.243408
-561.042480
382.523926
1935.918213
1852.738647
258.308105
151.950195
-783.633301
-43.270447
2837.143555
1588.143555
-909.389160
-2919.220215
-2091.234375
376.475464
266.122070
324.803711
1945.809570
-770.971191
-267.694824
-56.999023
11.471680
609.089722
1292.452148
4505.494629
3549.120605
-181.041992
-1299.666016
-556.665039
465.427795
1575.876221
2.424622
-729.373413
606.793945
2930.285645
4372.477539
1862.107422
291.412842
-270.011353
-1608.181885
31.212158
541.948486
-378.843872
-306.326416
648.026855
485.417969
-809.562744
-830.624023
114.864746
-594.582031
-679.056641
1891.470825
4.870117
-1205.928711
149.191406
231.064453
574.596680
-1332.496094
-2037.584961
384.858490
-160.157837
-1249.569946
-455.972656
386.236694
469.897827
463.687866
-475.016357
-612.400879
539.327881
1296.540527
-464.863281
-605.968262
-347.660156
462.468750
1784.136719
3393.038086
-14.604004
-832.567871
-369.194336
-1175.291992
-179.677490
565.877747
-25.409058
1192.972168
1662.685547
-1718.778687
-1902.314697
-595.611816
-877.329590
-973.122559
-620.613770
42.331543
978.869629
58.800537
5.030823
916.694702
330.453247
122.450195
329.521973
877.885986
820.127075
-1836.336914
-2732.638672
-1484.380371
277.702148
3551.881348
3781.259033
437.573364
114.422150
539.396240
36.380127
-4620.845703
-6186.759766
-1565.873535
543.893311
-540.172485
-243.249023
151.279297
781.359863
1118.476562
-531.958984
165.089844
151.990662
241.998047
603.707520
-309.646729
847.466797
962.555664
267.574951
-449.089844
-555.400391
559.522461
-1175.061035
-1846.579590
253.432556
-666.014038
-273.799377
-671.968994
-1292.610718
-1182.123779
-782.395996
381.786621
-2580.604492
-4733.528809
-1312.997559
176.354004
754.440430
962.398926
423.742188
1531.023438
1185.708984
557.215332
614.903809
900.175537
940.219238
826.973755
551.448608
438.484131
476.203979
187.852173
-940.945557
-726.055237
637.700439
461.838867
-354.693359
-319.630859
464.060059
896.076660
117.435547
700.505615
-525.716431
-900.173462
87.234131
94.945312
459.442139
405.154724
2594.003418
2725.506836
825.992188
61.504883
-288.688477
-576.359375
-251.164062
-262.918762
500.942383
1190.037598
154.522705
559.411621
1336.107422
676.027100
-280.881348
1606.554932
1831.037231
374.854370
-1285.603394
-614.166260
-836.226196
-1526.515137
-130.255371
224.562012
117.249023
-661.067871
-740.588379
-737.784668
392.378906
-754.873535
-478.605225
2170.507324
1022.526367
-307.764343
-174.419434
-1999.851562
-410.941895
784.096680
864.062012
146.964355
-37.419922
2344.083496
1191.116943
-1106.165771
128.602539
-768.566406
-721.806396
739.142151
793.859619
721.842773
21.100586
101.187988
-107.397217
-1498.006226
-324.686035
1097.623535
-528.436279
66.297852
158.978455
-986.927124
405.286133
956.092773
839.443115
1014.567383
1710.173828
676.724121
-268.565765
598.661987
1214.666626
237.455200
-1135.526367
-0.845795
1441.618164
-5.746338
-1086.766357
-803.002869
-1218.876587
249.646912
112.172424
-463.846436
-887.249756
-844.097900
-1484.668457
-1158.130249
777.989990
610.520508
-685.795410
561.796875
798.031494
-234.796387
654.861328
-2.174805
-229.122803
572.114258
255.248047
116.507935
618.696289
640.781250
-785.156250
-2599.485352
-3031.750488
-1062.926758
1434.822754
2559.032959
1232.944580
215.141113
-341.557983
-601.574951
-601.865723
543.971558
2461.117432
1195.592163
-374.677002
-266.804688
539.946289
488.448242
-348.131348
651.529053
452.104370
-1054.231201
-2477.968018
-2021.911377
186.087097
482.187256
-900.204346
129.470337
-2.391113
-1536.390625
-1159.074829
234.510742
-1034.335938
-213.330078
-1343.038086
-3055.943359
-9343.072266
-5439.227539
-892.024414
1856.101562
1851.262695
89.185547
683.111572
-1627.710938
-5122.819824
-3659.574951
-216.857834
80.080078
198.643555
303.365967
-1156.310181
-1123.020996
-396.052856
293.275146
833.924561
-1125.849121
-758.625488
-854.687988
833.679138
468.475464
-207.338135
850.150879
2597.070801
-468.934082
-1419.367920
-590.209473
1157.773438
2057.788086
1233.603516
293.619873
1025.192383
655.484375
1416.609131
1253.433838
641.681763
-746.729614
-1764.463379
-327.137695
1013.373535
-1726.339966
-2077.370361
-1224.244629
-812.589600
436.880615
1199.631836
1057.311768
-455.119720
-277.415283
-473.680176
-1452.214844
-1902.450684
162.578857
1464.945312
3547.226562
3236.028320
1363.691406
-345.931152
-174.705322
178.597534
-1696.540283
-3793.413574
-3076.187988
-1098.820801
-1382.047363
406.054688
108.312500
485.134766
2041.706055
3215.836914
83.700439
986.610840
614.654297
1866.699219
423.025391
-246.160645
-530.202148
772.475464
-43.905640
359.966583
1692.062012
1300.958496
-875.490967
-294.591492
2598.290039
824.053528
-93.130737
809.161621
149.072754
-325.192139
74.153809
637.317383
299.179199
-18.968506
2865.986328
1591.027344
1427.185547
253.001953
-941.512756
-1106.129639
638.354492
-74.404541
-92.402954
625.173340
693.248535
-617.185547
0.313477
787.153564
1484.878418
-575.916016
47.822754
367.095947
-34.393555
380.469727
-232.777344
-472.797852
-245.970459
2471.399658
2091.181641
121.441406
822.862793
100.577637
-2712.726562
-1529.402954
306.775635
862.547852
1212.464111
981.611816
-615.771973
-615.262695
516.187988
1268.444336
695.221680
-737.110840
-1088.419434
-340.549072
-1221.448120
-849.202637
766.584717
1726.095459
1868.370728
-159.169678
-1579.885864
-1751.174561
-1420.342285
442.061279
3268.105225
2928.780762
854.127441
-580.742920
-577.833984
1325.525635
3029.782959
1349.582520
-374.205566
-464.605469
237.077637
403.551025
-839.594849
-766.000854
-808.691406
-1293.313721
-73.689941
-189.201172
994.685059
-609.706787
-4071.928711
-3701.780273
204.279297
90.048462
-1272.745361
-945.492065
65.803482
780.159180
-712.117065
-1623.730835
-704.228760
159.266846
1164.053467
697.613281
-152.220215
350.557129
-251.483093
-498.321045
308.590820
-572.587280
-1256.146240
-204.267578
1190.572266
984.616333
326.233887
-230.079468
-318.216064
-497.865723
-1962.536743
-1231.461426
1267.467285
311.670898
-143.375732
616.678711
487.496094
-340.611816
-898.922791
-424.578613
-2032.170898
-3729.177246
-2309.871094
174.517822
1158.070312
-648.017761
-1684.555908
-1922.199707
-1153.541992
1344.963867
-19.870117
2204.125488
204.022705
-176.778809
289.313477
-1423.561035
-395.814575
1270.427856
322.964722
-204.869873
1424.325684
-972.190186
-1143.550293
150.147583
321.542480
1147.939941
2376.203857
-514.905823
-1457.027222
-232.947510
249.129883
-1769.624878
50.243164
3357.485352
1425.204102
664.357910
481.372070
39.079102
258.229004
-1291.741211
-468.090332
43.147949
719.679749
-352.621582
-1685.188477
-1237.617676
489.896484
-1353.347900
-528.222900
-550.852539
538.900024
1016.481445
-171.436523
2323.831055
460.226562
-127.879883
314.715820
-924.972778
-1234.246582
-616.564209
-410.060822
-1348.711670
268.869263
-100.231201
-1222.737671
-815.428223
149.682617
-350.017578
-159.101074
828.327148
1132.269531
-398.839111
-1705.657471
-4721.550781
-2118.191406
-2891.618164
-821.747192
3679.311035
6778.762695
2617.094482
-458.708008
1087.253906
322.088043
-1125.049805
-372.183594
-149.998810
-404.783691
-481.594727
-209.485840
-647.389587
-79.621094
-90.703125
392.337891
-758.583008
-340.675781
-468.839111
509.937500
443.360840
-754.857788
-1403.898682
-119.112305
-563.449219
-901.029297
-117.211914
-564.484741
-209.662598
-516.849854
-664.404419
1732.372070
364.468750
-443.188477
273.365234
1051.291992
2319.458496
1346.123779
-532.728516
-234.408203
566.068359
-2569.575195
383.851318
-13.535156
-831.516113
-163.534668
53.245117
191.199219
416.142151
947.567383
1250.142212
433.583984
-402.286133
779.450928
598.446716
499.913818
1130.951172
923.274170
544.607056
-133.663452
376.691132
2293.475586
1237.635010
67.629395
-1377.009766
-49.292969
37.467773
366.271973
663.739624
-1456.994141
-1998.729492
419.714844
566.648438
101.545929
-3009.377686
-2210.280029
596.463135
-44.528442
1882.575684
-39.760986
104.524414
780.729980
-301.442139
1046.116211
1085.084961
-320.986755
177.117188
496.395020
812.169922
540.668457
1280.946289
520.064453
207.646729
598.333984
-1140.112549
126.764160
-320.650635
-457.698975
779.662109
-618.534424
-912.114014
72.577637
1.588867
195.474121
525.994873
1113.378906
630.009033
-922.415283
42.505859
-337.981445
-105.305908
542.692688
985.526123
1150.842773
466.964355
553.258789
830.134033
-119.605957
-397.119141
-856.563477
2916.584473
2336.765137
686.656250
142.722168
447.539551
-8.143555
620.481812
-91.562500
-1784.893555
-790.113525
955.035706
168.992676
840.674316
875.612549
1133.951172
63.877930
1458.703125
3752.452637
2288.624268
-947.040100
-403.893066
260.342773
-602.375977
-333.003662
-531.112549
668.852661
2558.842773
1718.213867
616.726074
-658.264893
-1396.254395
363.409668
656.055664
-91.714355
-351.568359
-4776.157227
-7567.656738
-2280.595215
1798.595459
1111.459961
1982.347656
-320.052734
1949.575195
6373.208008
5398.529297
2497.599609
288.687012
56.387695
822.884766
1262.938965
532.416504
-418.702087
-272.097961
774.687378
-179.050537
-916.875488
-302.436035
80.147461
-355.515625
-1334.717651
-297.857788
-534.289734
-362.507812
571.181152
1642.855713
-381.730957
663.530762
309.287842
1312.819580
859.105469
297.442719
624.153076
-486.839844
-1195.905762
-469.976562
-546.188538
-224.404297
-792.768555
-249.337402
-722.876099
-314.322998
-43.999512
2053.539062
2040.365234
2158.260254
-21.310547
289.680664
-1125.603516
251.290253
-320.779297
-1396.453125
-614.512207
-1100.226562
-46.436523
993.718262
-256.933838
-890.317139
725.675781
1124.201172
476.577393
232.257996
978.062988
922.115234
876.471924
715.644287
18.840332
172.271973
1086.298828
2577.326172
1963.955078
16.467529
-827.882812
-753.958984
-1962.074219
-820.031250
26.506836
-905.888672
-1575.994141
-664.817383
-556.246826
878.632812
-438.191895
7.177124
5.152832
213.576172
186.495117
-345.657715
-352.395508
-1445.503174
-1858.541992
-1029.829224
-739.005920
377.165527
987.115723
798.935608
2119.992676
-1045.732422
-114.646484
-477.431152
440.759827
457.145020
742.407227
1294.625977
252.395508
-699.933594
-662.387695
962.656738
-299.910522
430.088867
1140.422852
-1092.298828
-1077.615234
-169.967896
43.975098
-165.641113
-825.581543
-179.856445
1728.297363
-60.359131
-133.297516
1510.769653
337.485596
-1127.450928
-1229.946289
-325.658936
-0.243164
485.229736
440.305664
-755.195068
-521.697876
163.817383
-817.006836
117.991699
-245.506958
-645.670898
247.879883
-323.108398
-333.452637
-1033.215698
-888.322388
530.792969
415.462891
675.276611
93.088837
-761.391724
-256.749512
937.899353
564.167480
-730.397949
-761.981934
1156.811523
-88.992188
-517.872559
-1314.010742
332.494263
337.631348
-77.581055
1082.559814
604.400391
441.201416
-707.531250
-2841.548828
-848.228760
-868.712891
-1790.740234
-858.637695
-639.217773
-579.567810
-889.558472
-788.286499
242.307129
1698.387695
753.843750
3099.560059
1833.722168
1353.263428
-700.173828
-1597.736328
-1042.045410
478.477539
335.130371
-753.792542
-548.950928
1770.607422
2497.587891
497.406494
-1165.342285
-262.583008
-164.494202
-75.347168
-394.798828
-1094.535400
-269.222168
-496.852783
-605.053223
-1068.678711
246.066162
472.264893
703.465820
822.634766
760.766602
792.520996
-245.989746
613.799561
-337.840118
-907.788330
-1017.871094
836.850037
1709.441406
255.396484
-1129.455078
-445.804199
-2037.426514
-6556.925781
-3567.069336
303.437134
-1442.048340
-980.355225
244.381836
-1232.888672
-1136.911133
2580.923828
3076.242188
2853.114258
-475.863281
-2820.660156
-1498.572266
1322.220459
655.271240
262.592041
-207.672363
-2576.340820
-498.195251
1074.000977
1492.750977
1277.647461
559.142151
-937.928955
-1153.932983
-336.988770
844.964355
1429.110352
115.033203
-56.525391
-293.948120
-530.673584
1408.374512
984.365234
-882.409180
208.038086
-250.478027
-1233.157227
598.189453
1870.863281
887.315430
1128.405029
149.106934
-485.851074
1236.472168
1993.207886
304.288086
2048.374023
-886.796875
902.199219
1520.434570
490.475464
-1550.916992
70.250977
233.051514
-526.618652
954.378784
1456.777466
672.142151
406.456421
969.164734
-850.857849
-166.972168
-1846.979492
-877.538818
1197.819336
358.403168
-27.279541
-232.638184
421.165039
454.996704
-1273.067871
-159.301636
146.636719
304.404785
-488.141113
61.234253
927.071411
-3502.802246
-2723.688965
5.871094
167.197632
1116.150391
493.954102
438.120117
1347.646240
-151.999268
942.419983
958.622559
-7.808594
11.931641
-790.986328
-778.271484
754.528809
-90.402832
200.398926
652.485657
1312.497681
690.477417
-792.438232
181.540527
-265.558899
-259.610107
1761.938721
29.548950
-830.893066
1186.015625
51.594727
300.027100
163.360352
-657.690063
-1122.961670
260.517578
1322.237305
-454.001953
-571.267578
406.404785
-404.041748
103.766113
1698.379883
1459.677246
-100.311646
-473.234131
1159.600586
-876.490601
-272.510010
33.322754
2271.882080
261.890747
-1213.828125
-288.792480
141.224121
721.475464
-1629.793457
-1176.541992
-1014.713379
471.567383
-244.707520
-51.472656
681.832031
95.136719
2895.098633
4493.683594
1587.881226
-561.020996
90.779785
-55.524902
383.208496
799.532043
-1102.787109
366.118286
1539.682617
417.347839
868.458435
136.935120
-1247.003174
-1754.933105
670.724609
1760.241211
-145.387451
860.253906
-417.764160
110.403320
1032.752808
-448.062256
-258.511230
-604.158691
-695.037598
-1181.280396
-393.081055
171.238281
-254.889893
519.367676
417.621582
-332.523438
-1618.351196
-2629.427246
114.881470
311.444336
-1004.296875
85.704590
715.536133
-549.911621
-363.852051
-882.436523
-525.944336
-152.862305
-297.069519
-387.417969
-179.278320
244.367188
-5112.118164
-4558.354980
-1066.091797
-428.997803
-1058.683105
-717.608398
1072.644531
187.777344
1072.325684
-1529.514160
-2357.306641
-434.458984
1370.596680
970.676270
-780.377686
38.062988
-569.196533
917.155273
4923.511719
4351.003418
262.351074
-573.968262
-933.586914
-394.917969
1327.882324
1190.760986
1981.338379
642.268066
-688.520020
-3359.698730
-2913.478516
422.938477
1999.094238
497.521484
72.708984
1068.962646
120.232910
-1292.010742
-153.231445
-846.691895
1329.106201
2219.962402
1651.296387
2359.363281
-175.753418
-755.943359
1713.599609
-1631.216309
87.666992
577.935547
-429.996094
-599.187256
-696.708252
-2186.699219
-85.338867
-1519.413574
594.485107
1167.460938
-916.612305
-522.636719
-1884.432861
299.766846
221.756836
-768.231934
-2050.760254
-1451.040771
2092.006348
1920.941528
1001.652832
-443.712402
-3721.386475
-3264.146484
-72.209229
557.539551
757.048828
387.984955
-2163.688965
-4713.213867
-1471.338623
1219.102051
-934.753174
-632.827759
-481.041016
-796.928711
-116.785889
-1324.611084
-517.246582
1835.073730
-353.373047
-844.654297
138.373535
-351.166504
922.754883
1291.402344
1250.758301
706.972656
-1065.495605
-618.622559
-187.079590
-1219.153564
-489.516846
1019.486816
979.075684
-527.951660
-961.717407
-273.376099
-706.573608
-133.222778
1035.150024
881.791016
798.884399
271.006348
-1134.094727
199.322388
-2027.936279
-6915.010742
-5451.661133
-1656.879883
1108.344604
502.177979
-1279.501343
-860.955017
789.673340
1664.067871
1295.083008
323.530273
336.085938
679.016602
2450.331055
2072.142090
-78.001831
1274.425293
951.769043
902.772949
-913.368164
340.730957
593.662109
-445.457031
803.409668
1717.516602
1180.654297
602.076172
604.123535
535.895996
1125.506836
-531.077148
-22.489746
789.180176
932.673828
-1329.702148
688.871094
955.434570
-1569.629150
-1181.429199
1049.263672
407.442383
117.142166
-1884.783203
-3050.127930
-1653.343750
1080.871338
-814.020996
324.051758
131.560059
-550.297791
-6.632080
-382.914795
89.381592
346.375000
-821.620117
-2187.564453
-1907.568848
1738.085938
2997.804688
529.473633
-1492.363281
-3563.593750
-1694.582031
926.237061
-305.852448
-89.134766
670.190918
142.410156
-94.870605
-323.525879
479.151123
-61.664185
1338.279419
692.012939
-2193.430176
-1040.269043
160.583496
-1041.483887
-834.791382
-186.771606
-784.454346
-1057.104736
-2057.857910
-1456.524414
220.593262
-1070.573730
201.051758
-586.712891
-1252.608521
-248.029297
671.223938
580.323730
1194.168945
231.115479
-327.055664
-1639.771484
-472.781250
706.672607
978.343506
881.362793
588.721436
-1045.931396
-1470.319336
-136.858887
-273.034180
-1270.272461
-821.043579
-223.624237
1290.871826
2435.250977
1574.495117
488.766602
-149.245605
569.507568
847.912109
-56.951172
-699.968994
327.032776
-106.352539
-590.910156
385.461914
-601.459473
-391.105469
373.791870
-110.660522
-237.857834
-3543.696289
-3800.047852
-1764.419922
477.096924
187.591553
-1557.333740
331.708984
1532.881836
2542.495361
2745.252930
1026.940918
-928.522095
-1158.251953
-700.905518
749.768066
810.615234
173.842285
-247.588379
-265.653076
52.201294
-81.277100
-444.333008
809.156738
1087.527344
0.066895
-2.050293
100.363770
-619.664368
-2605.903320
-3222.203125
-1524.332520
1459.380371
3186.162109
3806.383789
-446.818481
-2646.691650
-701.112305
651.197266
433.854492
456.079834
830.306641
1260.557617
-70.961426
388.384155
131.445312
-1867.524414
-296.925293
-79.565674
426.697998
-466.488281
-547.034851
-1178.468750
566.972168
743.617798
643.287354
-580.555908
662.700195
632.602539
959.713867
384.502441
-950.297852
258.793823
-253.849609
769.022949
397.558105
-659.207153
-1046.493408
1373.089355
1607.421997
198.363770
-2398.783203
-1395.745605
278.269775
934.130859
-687.838867
-524.265747
192.445801
337.208008
812.003906
-1072.736572
373.725037
2135.847412
1357.442871
-67.572266
-1328.216797
131.766602
290.931152
228.002258
-289.417480
387.058105
-471.219849
-1166.655762
-978.382568
-695.092529
433.594238
1559.811035
870.890625
315.063965
-11.216797
-1425.837891
809.207886
2214.266602
2739.620117
-547.229248
-660.788086
-831.704102
646.759521
650.062500
573.432129
524.212402
1312.625977
507.121094
-1157.250610
-378.888428
445.424805
-1015.574219
432.255371
-217.505371
-1188.349121
-114.369873
-29.516113
-277.420410
937.162842
-799.543457
-2321.359131
99.641113
739.682983
1190.559570
-2007.699219
-2235.779785
1290.897461
234.138672
955.996094
3332.340820
-792.068787
-567.372070
1171.756836
682.465332
3912.019531
1943.126953
-313.542969
-2307.342529
-3359.680664
-3335.960205
183.788086
2593.666504
1539.038574
702.214233
-552.072021
-701.305176
-2051.037598
423.958008
574.123535
-44.555786
1533.455688
747.243896
1126.208496
969.293945
-221.557617
699.760742
446.482666
373.598633
3632.429688
-2370.584473
-4353.851074
-775.555176
1189.137207
-611.935547
-154.191681
-1040.342285
-4940.197266
-2408.453613
1046.142212
-207.094238
-279.946777
61.422852
-1034.912598
-915.399658
-583.857849
897.546387
842.750488
1928.026367
245.799316
-143.343872
-2834.612549
-4168.878906
-1451.176758
974.561523
-754.767090
-1103.051880
-1082.488770
-857.524475
142.403320
-27.835693
-888.391724
-1041.640503
-96.819824
-1218.508301
-1030.058594
-817.746582
-708.101562
509.839844
-329.268555
-199.920410
274.344238
69.081543
1144.547119
1029.708984
977.200195
-47.930664
2626.998047
2317.257324
-316.451904
848.985596
146.814697
-2227.821289
-1753.118530
501.248047
-1633.923828
2466.017578
834.195923
480.892090
1016.804199
3425.536133
1684.713867
528.357422
1286.142212
-488.765137
-1666.868652
-255.920166
572.549561
-457.905762
123.813965
-139.009277
-519.362305
145.049194
-1293.442261
-103.172485
991.897400
-466.795654
-815.999023
-842.885498
-881.565918
20.751221
2005.612305
2632.652832
-240.955078
-33.654175
874.490601
434.960815
779.367798
526.017090
581.160706
19.639313
660.023193
2745.121582
1475.122314
-1305.840088
-2710.746094
-1833.266968
1355.093750
4263.926758
3037.298584
-452.003906
-664.999268
102.319580
-13.449219
507.446777
1258.245361
-445.930237
-1105.250732
-1288.343018
-702.012329
589.784790
-2421.368164
-4226.723145
-750.579590
546.477051
876.491211
-141.736328
820.676758
514.062134
67.786621
-2701.649414
-1377.022339
513.063721
1127.638550
594.714355
670.708984
631.190674
880.060547
550.557617
1747.087402
-766.000610
107.939453
1216.947266
-862.966797
405.831726
-131.356934
140.370361
1216.062012
3951.981445
4144.398438
-366.829956
-1126.762817
271.774658
6.428589
1167.488770
1790.401367
1756.720703
-575.540527
346.305908
2085.178711
2015.883789
3593.739258
-1379.967529
-586.746094
1160.214355
156.364746
836.582520
1321.530151
-612.524536
-599.151489
-693.815918
-1160.073486
-15.872314
372.927979
-594.438232
240.142166
-67.699219
-85.339600
1260.221191
48.249512
-777.737305
-311.511719
-1089.759766
458.057617
732.408386
1816.587646
742.492432
1219.717285
676.188477
-166.568359
-1566.733887
-1512.305054
-247.540283
-1073.524536
-250.392822
-459.815430
-134.576904
256.950317
1010.995117
411.173340
283.933655
179.112793
-512.214844
-701.039185
841.231445
91.558716
-1224.712891
-50.354980
761.685608
258.908691
-2182.895508
-1769.613281
1033.032959
287.124023
1648.324707
877.370117
-1845.203369
-1136.405762
337.936035
342.796875
66.646240
1194.989746
117.217773
-1401.472168
-1759.991211
1379.312012
217.271973
-213.699707
580.204590
-1275.607178
-869.733765
-50.376953
-2373.576172
499.295898
830.283691
180.932251
-510.750000
307.541504
-1267.576538
-639.373535
1061.735840
-51.013672
-871.674194
46.954041
389.378876
187.651245
658.018311
193.145996
1908.145752
870.367126
-704.359009
-563.371094
792.916504
-186.453857
-1506.448486
24.881592
81.300293
-1444.496582
-1481.767090
-701.082031
508.341553
448.188965
-267.564453
-1149.876465
72.885254
211.750000
-403.518555
-975.260742
-796.487305
1102.568115
-1005.849609
660.310547
1009.190918
-116.645874
-792.432617
-34.659424
1745.531982
1028.814453
790.614502
986.475464
496.387695
-401.714355
84.464355
727.785522
-28.535156
-559.911621
-56.810059
-198.450928
-350.894287
-854.715332
-1269.800537
816.792603
38.682739
617.334839
1787.019531
-502.319336
940.454102
2700.733887
-242.329834
309.684265
1299.443359
-630.955811
1261.342285
2328.406250
-1003.450562
-378.032715
12.339844
-422.194336
1152.522461
-334.932129
-499.758301
425.910889
848.555664
597.757568
-975.477539
-1168.058594
-143.582520
4394.999512
7820.332520
2555.541016
-776.371948
264.378906
-266.903107
-222.221436
-762.496338
-128.907715
463.822510
446.216064
335.654541
171.610107
74.668945
-805.338867
-2745.002930
-1868.050781
162.580078
47.578613
1712.765381
1888.577515
-202.077026
157.469238
7.256836
-633.074951
1211.973999
796.405762
-1096.566406
-1328.917725
-316.377930
167.607422
-497.479004
-544.841370
500.941650
506.239258
721.166992
297.593750
-686.925415
-880.047852
1276.999512
3252.552979
742.129822
-174.156067
1143.477783
98.801270
-53.094727
294.087402
-643.915466
-17.097168
1217.650879
-129.165100
-247.072266
-537.693359
1262.346680
2020.696289
367.081543
-186.398438
-1590.967285
-4489.126953
-1251.090576
812.434326
-597.981384
-158.519348
54.508301
-521.170410
-26.419922
1467.866699
1047.680176
770.498047
839.733948
867.560303
269.243652
-599.831055
-1031.177490
-116.010864
517.706543
223.097961
-57.714355
350.301270
-1212.922363
-425.193359
999.643066
409.105225
-775.474365
251.327637
-389.357910
1487.800049
2592.095703
285.132080
-584.510254
998.097168
103.079224
576.613281
423.134766
-954.550781
-1231.529297
997.754883
2398.862549
797.137390
-852.524475
-1878.951172
-2877.183105
-241.685547
1069.913574
-860.102539
-302.428467
-511.693604
-607.199707
906.652588
427.676025
61.239746
957.215088
-787.276367
-15.766602
839.048828
1653.468018
-2047.471680
-4455.397949
-1591.547119
137.044922
-1188.728882
-719.647339
16.881592
970.726013
769.875122
-756.469727
782.607422
885.274414
-149.397949
-162.303467
-1270.210938
-617.462402
251.282532
97.562744
1016.073975
307.791748
15.154785
1363.309082
-722.509766
164.327148
1921.756592
872.946411
1193.861328
369.645508
-1572.355957
-1286.825195
-2671.883301
-2709.462646
-1097.561279
387.525146
-233.515091
-40.526611
-48.179688
-424.756836
1431.106934
2643.193359
2020.579102
1645.793945
-574.023438
-195.593262
1401.775757
1259.264160
-456.791748
-945.168335
-1663.113892
-1223.347778
-25.581543
1518.886719
-966.243164
-1116.708008
-0.458984
392.634766
339.516113
73.040527
-1623.734985
-803.108154
334.260620
240.518311
1777.730591
-702.290527
-1554.488159
-254.793945
49.484863
381.389893
805.660156
-1248.956299
-2834.995117
-1235.273193
499.500397
-422.457275
-624.273926
-238.405319
-714.413330
-28.973267
-76.416992
-1203.553711
-621.340210
456.877441
510.821777
277.362793
1003.113281
-1311.389648
-2640.747559
-2478.484375
-25.510254
1049.356934
-594.872803
-426.708740
-485.497070
756.660645
288.673096
-277.914062
471.343994
522.484375
-1039.668945
-812.991821
1453.038086
927.609375
167.443359
388.161133
869.980286
-681.785889
-219.539856
867.479004
502.043457
362.691162
-794.954956
-1444.691895
-1035.660156
-832.524475
-292.468506
-604.015625
-1317.487793
423.360352
789.638428
-277.420898
234.047852
1105.405762
-3.314697
-103.575745
-1049.258545
-178.195801
206.242432
1081.941284
1202.808838
-1304.546387
-1291.485840
612.834717
-1752.427734
648.586426
1315.453613
1543.390381
635.381104
-1770.274414
-2616.386719
360.221680
-211.333496
460.530762
-322.854736
-485.478027
-62.550781
436.244141
-268.847412
-2792.791016
-505.599609
678.103027
-197.350098
545.795654
510.076660
1804.156250
2558.896240
3652.460449
3611.942383
340.424805
-867.049805
-615.955200
151.077637
-78.391602
-583.821411
723.820801
-18.683350
544.960571
1250.979492
1037.349365
875.363281
1053.374512
979.537598
1248.961304
-832.447327
-1269.246704
-152.389694
313.512695
515.990234
358.238281
754.752441
2448.243164
1690.245239
-336.383850
513.797546
1204.577026
58.204346
48.508301
378.262207
-1911.583984
-1378.128662
216.695557
503.193970
1677.598145
-518.525391
-712.543945
-2182.542969
-1438.871582
-1777.207031
-783.089844
-825.987305
-2029.484863
-330.006409
360.753418
-1077.794434
-370.838867
1680.308594
331.356506
1358.836426
1233.180664
-2.937988
-1101.827148
482.180908
461.337158
-1102.073608
-287.884521
354.310547
683.949707
1261.905518
530.100586
630.144531
639.596191
1019.134766
-310.827148
19.664062
861.314453
-1113.243774
336.703491
784.443848
-910.459961
-592.580078
325.435547
467.518311
-218.960693
-1845.094238
-440.491211
-1604.964844
-1642.724609
-293.641602
188.097168
656.749023
2120.056641
1100.096924
1861.494873
164.713745
-2249.939697
-1932.986328
-1482.147827
602.876465
482.322083
-296.395508
-393.927734
-504.078125
830.365723
589.808594
559.429443
1923.110596
907.203613
-931.473633
-697.730469
492.199463
-324.672363
923.601074
746.694824
-1200.625488
-114.864258
1010.164551
525.089355
1498.301147
74.770386
-719.508118
-898.366089
-408.450317
-812.232361
-4775.806152
-3026.173828
315.406250
721.166016
1468.796875
804.076172
2.572266
153.862427
424.435974
365.046631
-1621.483887
-2069.216309
-1467.903320
1213.166992
1101.291016
-722.745483
-420.746582
-693.986328
-631.843262
403.836914
1031.127808
887.554749
-1827.709473
-2276.192383
469.240112
355.373535
586.954590
413.015137
-422.424316
73.640823
-334.280273
-1547.892578
-995.616211
-135.140625
-731.458984
523.793457
-176.754639
-720.095703
104.065430
485.450195
1610.408569
2419.049805
1043.393066
-1107.024170
-1159.675781
1078.274414
589.583008
1724.831665
1520.725098
139.570312
-242.309082
-1479.686035
322.256042
36.007812
-290.523438
-204.152710
-176.773438
930.929688
2340.248047
3059.639648
1659.899414
-662.867676
-1915.326172
-923.265625
-1129.155029
646.550659
-676.361572
66.606934
326.963989
29.440918
4421.780762
5890.868652
3691.019531
-1341.929688
-753.943848
462.376465
702.129822
664.567322
190.067383
-1454.167480
-985.496826
-1873.291260
-1307.042847
25.973145
-1216.691406
-2098.925781
-142.477982
993.410400
907.422119
626.538818
1149.649292
-196.175537
-777.993652
-724.324707
-328.644531
687.618652
911.263916
-584.021973
-529.197754
-515.930176
-2164.915039
-895.975342
19.164551
332.400391
-1352.814941
652.382812
487.529297
-48.433960
-1031.734619
504.812256
282.926758
-731.616211
-14.536133
-1360.184082
-4667.253418
-3295.142578
-1667.073242
1069.046631
2822.413086
104.945557
-449.872131
-1395.495117
-517.826172
1069.715088
522.390625
274.812988
-763.787109
415.115234
1532.383789
1298.195068
-796.753906
293.457031
-887.300781
-840.518066
692.105652
73.994995
289.703125
-330.936035
53.063477
756.643188
613.685791
178.410156
-1088.547852
93.855347
1276.170532
-662.747437
-498.995605
-265.271484
-58.632080
759.375244
207.118408
-455.365723
-1492.435303
-472.927429
-429.451172
-966.009277
-587.306641
-595.370850
772.849854
816.300781
1092.426758
1746.616943
2164.395020
1269.390625
296.836914
385.901001
805.307129
-778.907227
-24.065674
-110.881836
-748.604492
-211.359619
528.135986
38.741699
1120.364746
619.263672
-1785.561768
-4020.742188
-3490.894531
-48.480469
824.860840
120.093384
558.443359
1502.736328
1132.335938
111.903809
-483.073486
-981.957275
-1500.167603
-349.138489
601.932861
15.366455
-769.907715
1621.532227
3391.526855
673.052979
-1612.912476
-354.396606
-862.083740
-211.773071
291.500000
-564.707520
29.740044
1215.515137
1217.189453
2198.160645
226.103271
-533.356445
393.835449
582.740234
336.745605
-208.630859
-1232.878906
-702.872437
703.159668
482.038086
1073.847656
606.177246
1900.416992
777.770508
2358.872070
-764.668945
-1417.448486
-573.412231
-466.793335
-1040.524536
-894.133789
-3118.146484
-1258.200195
127.000122
4508.983887
2704.697266
1155.405762
-752.277466
-600.710327
-107.266113
-101.000000
-3345.395508
-6677.410156
-4332.533691
-3027.886719
-180.847046
1211.425537
-599.379395
-1914.203735
682.465393
849.932007
-8.188965
710.882324
-51.733521
-595.053223
213.054321
1290.000488
1129.675781
1085.327148
-651.029297
798.523438
-629.290039
-689.415405
125.292969
-1132.605469
-944.767578
-1887.809570
1153.631348
-100.423096
528.577393
-857.008301
-25.673096
-174.273438
728.742432
3605.142090
1180.736328
-341.995117
246.044922
-1334.851807
-333.600830
1470.511719
3591.660156
1323.667969
270.606201
-587.090820
-1170.448242
-1068.431641
-1770.269043
-657.054199
-103.840332
612.740723
57.093750
567.015625
5511.544922
305.142151
779.940186
-1352.945435
-1238.304932
-1441.379761
-154.752197
1008.294434
200.389648
0.166992
-424.392578
231.830811
490.732422
-917.822998
609.475464
1172.765137
602.566895
640.239502
-1671.821777
-1782.961426
127.286621
-880.560059
-1342.599487
972.368652
1524.096924
490.848389
739.841064
338.796631
722.834961
432.922852
2197.943848
2525.259033
-317.473846
-24.944031
862.104980
-430.103333
-1353.507935
-655.292480
-607.226562
737.062500
546.328552
178.859375
1180.487793
1662.282349
-528.072266
1674.678345
4067.614746
1426.229492
570.396484
1092.925781
379.571533
2494.552734
2853.376953
52.105957
-363.891602
367.221313
277.128784
271.055725
-49.937500
290.326660
364.496094
-434.967957
-1211.782959
-26.499756
2750.981934
-158.228516
-1350.009277
-665.323730
552.981567
-825.446289
-349.493652
338.897949
138.497192
1403.682617
425.444824
154.774902
331.163574
-242.253418
43.198242
531.557129
221.481934
993.062988
232.766602
-498.885010
-1231.214600
-961.268799
-754.035461
-473.820557
466.953857
-818.505737
18.794434
-39.493652
-2475.619141
-1540.572754
-614.975586
-541.395996
382.890625
789.043335
504.819580
733.224854
396.258972
49.572998
-330.770203
-27.468750
212.331543
756.892090
12.772949
204.791260
-378.528320
949.891113
3298.035400
1168.210327
-807.798096
-948.262207
-1002.218140
224.581055
-8.976562
1032.074585
-2188.152832
-5973.177246
-1681.944092
1781.842285
397.897461
536.994141
446.229980
-99.482422
612.160156
2000.772461
309.296631
-1531.023193
-201.279785
221.754883
-563.053223
-1235.234985
-1007.659607
90.897461
1510.161499
541.310181
-101.422852
87.888672
-243.791504
342.834900
1095.837646
925.700684
175.240479
3204.203125
4927.048340
1287.493164
45.391846
-1228.729736
-2808.775879
-273.425537
1153.554443
968.834595
1500.596924
-350.208984
-128.951660
1371.807007
880.803223
920.572754
299.995911
-1513.176880
-485.828369
-127.166016
-2278.889160
-2450.115479
671.960938
43.649414
515.819702
-1931.370605
-1382.820312
-414.351074
-1247.807617
-1688.563477
312.258301
396.840332
178.760742
770.609619
879.041504
-1986.851807
-1040.206543
280.902344
-647.750977
-610.159668
1629.556641
2330.661621
1383.297852
-427.926758
-409.753906
-725.413086
-272.857849
637.772461
706.776855
1588.811035
2009.295044
-462.981934
-349.102295
1035.037598
776.304688
710.912109
-180.926270
1664.675293
1147.363281
382.193359
592.607727
-208.830566
-1309.264648
495.920410
-32.397949
469.267639
981.104492
-460.673828
-220.494568
-64.822266
-1911.342285
-2017.906250
-263.032959
-800.535156
-1211.026367
-938.008789
-772.071289
-799.554932
2773.660645
1922.565674
-1315.866455
-366.988281
193.693237
202.591309
354.810547
-752.427979
-3585.774902
-46.737793
49.557251
23.958008
843.765625
655.312500
3018.725098
2764.538086
3701.435547
302.756409
118.366455
-1568.800293
679.378418
210.594727
609.416992
-816.210449
-435.047607
382.678711
1382.475464
968.703613
-2320.789062
-1983.750000
-3757.931152
-1745.033691
743.180176
-484.521606
-212.525391
1715.792480
899.321289
-46.524666
367.548828
-435.966797
-473.927734
-296.180664
-571.854370
-1579.317993
-596.526855
1043.299316
175.290039
-385.204834
-453.165283
-228.369629
-88.451172
1006.690430
867.189209
694.618408
-139.192383
-696.544922
-1149.079590
-178.555664
97.621582
1038.770752
1339.892090
2077.405273
3834.749023
4351.764648
1934.487061
-1439.991699
-156.720459
-6067.255859
-1596.319092
518.885498
-504.071777
180.069519
1278.019531
-662.415161
318.348145
1158.545410
527.057251
689.316650
-842.170898
166.191284
272.052002
-872.123657
-2491.818848
-3323.718994
-499.056580
-53.415283
-983.146729
-36.081543
890.038208
-209.574707
-727.778320
-162.662598
212.453613
-565.641602
-574.059814
-779.598999
-869.282715
-1249.371826
11.089691
519.645020
-459.185303
1946.265259
4191.902344
227.328125
-589.642273
1098.464966
288.700684
701.633789
375.823730
102.490479
1266.862305
2520.029297
762.724609
-601.624023
499.625244
450.985840
-317.403320
-767.115479
-1360.396973
-722.285400
-872.359131
-1140.097412
101.786133
1173.857910
664.382080
-264.793945
-2526.824707
-375.550293
825.187561
431.916016
-932.141602
-553.244629
-1991.325806
-2905.893555
-1205.186523
924.415527
998.013184
-435.960938
-11.186035
752.145020
-1480.090820
444.533325
-248.702148
-1445.577148
-1189.712769
-1285.241211
-323.307617
-1434.297852
580.752197
1027.194092
-1024.102051
-47.194458
877.646484
164.404541
-422.857849
-685.016113
947.389160
-3334.051270
-1280.537109
-2924.701172
-654.054810
435.994171
1790.014893
1092.400391
1118.362305
833.676758
1430.699097
568.212891
-593.308105
-1002.983032
-76.655251
1731.057617
-1259.229492
-1426.574707
202.512207
1583.756592
3215.733398
2662.104248
-763.459717
-1601.102051
-3352.186035
-31.075684
2615.343750
3374.142578
1898.696289
150.833984
139.897461
-130.664551
421.463135
643.818359
155.215332
877.055176
-447.318481
-2102.121826
-3020.973633
-152.149414
-1026.382812
456.963379
-22.648224
488.990967
142.156250
-293.451904
470.909668
1098.927734
-57.597168
-402.658203
-499.955933
284.666138
965.012817
2033.218750
913.219727
775.935547
552.298828
569.203247
367.010498
1223.227539
249.057617
1169.577148
438.489258
-346.857849
-561.392578
838.037415
1155.391724
-152.385742
-1327.211426
-694.981934
-1101.660156
306.088623
-1014.027832
-197.955078
-710.439453
598.175781
111.212891
50.462891
757.900513
-1392.720703
-2287.560547
-1148.598145
866.458008
1299.206543
904.352295
-854.497437
-3211.384033
-2487.313965
468.236938
-325.541321
-994.653076
4.234253
-678.331299
-508.738770
-1587.193604
-1625.621338
-246.231689
-196.212402
927.563965
1324.088379
607.360840
-488.331543
-1065.524902
-1264.590454
-461.056152
1404.767822
645.133545
-922.742188
-750.276367
771.795410
498.710938
-333.900879
-1081.318359
-362.386963
771.552246
1422.209473
2020.309082
699.607788
1180.415283
104.039429
-673.986816
242.247070
988.264160
2146.755615
1265.109619
119.577637
223.072266
1062.560547
575.015625
37.067383
485.691833
982.261841
-268.366699
-1155.141357
-242.784180
158.111328
-4273.951172
-4906.770996
-446.727051
505.123352
2473.712891
4039.775879
174.252563
-1077.814697
-691.783691
-686.585876
58.080322
-476.292969
97.514404
1421.868164
722.240479
-662.028931
-85.922363
-92.757812
-566.107178
507.621826
21.008179
352.277588
1811.621582
611.458984
-123.586914
-558.531738
361.614746
606.844971
1048.032715
811.232666
-195.500732
-26.223877
1227.953735
552.792236
-969.111084
-587.804688
546.100159
1495.740723
778.028320
-342.509705
225.822754
975.459961
-9.294922
225.800049
729.650879
1136.963867
-72.151367
-566.482300
-177.638672
-1428.895996
247.764648
1900.533691
455.079834
-311.706055
518.614258
2833.698242
7874.156738
4746.335938
189.223145
-1432.524414
-2868.316406
-1463.534668
524.274170
222.890625
-1125.849609
783.524414
261.530762
210.407227
-464.006836
-457.508301
-458.809814
-295.215820
-620.158936
72.655762
-137.778320
-621.455566
-698.246826
123.688477
961.946777
-505.379883
-1143.061279
-34.844727
369.467773
392.237793
74.269897
544.752441
-934.456055
-242.960938
308.475464
-448.524536
63.908325
1607.610840
-62.117188
1532.974609
-176.008789
-291.391113
51.489258
-519.560913
-406.052002
718.007812
-143.166992
-425.713867
280.315674
-12.895508
-1210.641602
-494.077148
-790.257812
735.292969
270.178467
-912.086182
-858.335938
-1105.058960
-692.565002
-1708.353271
-918.748047
-1053.234375
740.642578
-279.905273
-796.051270
-273.327637
-219.131348
-847.692871
-1035.578125
-772.322266
188.160889
-1221.601562
-739.807617
-1146.406372
-3691.857910
-1575.696777
991.509033
697.226074
910.335938
1101.685425
1164.677124
-587.493164
1312.825439
879.833618
-513.989136
-537.115356
435.999023
736.255371
2125.305176
753.063416
123.934082
127.541992
1928.050781
-818.885742
-1397.301514
-254.202148
-226.924805
-179.828125
1450.408447
-219.570557
388.601074
4576.240234
2876.130127
-333.722900
979.208496
-149.483154
233.496582
698.743469
3697.783203
1207.760254
-865.803223
-190.440918
983.411621
932.543091
830.914551
835.660645
528.739990
-98.151855
-2298.763184
-3653.302246
-103.499023
2118.101074
1336.094971
749.301270
-1653.631226
-1845.771729
-24.049805
1166.907349
363.993103
-3340.484375
-2639.596191
1343.477051
-445.639893
-212.257446
-641.002808
-3036.378906
-363.315430
518.305664
-1535.785889
418.907715
394.770386
-141.425537
4342.627930
10295.600586
1332.021729
1445.077148
-125.936523
-579.485962
404.968750
2222.672363
1355.832031
1066.800781
126.271484
-843.495850
-567.165771
1983.561768
656.339111
-1460.766846
-561.674561
157.719727
-1135.755859
-1374.589111
478.395874
230.018066
-246.966797
550.391602
-2514.367188
-1098.750977
-228.206055
1155.684570
-230.056396
-2204.864502
-1068.669434
-71.336914
-1099.303955
-32.557739
-296.650635
-557.217285
688.755249
1277.540283
2886.319824
2763.764648
-224.099365
-1424.873535
-841.464417
-631.421021
-846.083008
-467.070740
388.748199
-1319.570801
159.585815
-64.096680
32.675781
86.929443
-529.221924
221.675354
60.482422
1095.757324
2989.779785
174.077881
335.952637
1061.726562
49.243164
1039.328613
200.897461
-483.322754
603.771729
122.949707
612.465332
2018.754639
1648.212158
2244.657227
3125.678711
-640.463379
-1288.171387
-615.267578
-482.192383
-946.572754
972.360229
74.071289
285.839355
-898.745117
-3101.023926
-1975.084229
1238.511963
318.593262
-134.569824
941.959473
755.975586
-311.321289
-356.179199
-1056.903320
-818.242188
1040.306641
-1141.539062
-279.326172
713.640991
-255.779785
-1516.226196
-943.962646
447.592529
763.482178
-1232.251953
-279.849365
978.398682
-148.863342
-565.849365
-603.580200
-97.587769
-268.615479
-989.065308
979.078247
2947.103516
972.191772
-666.456421
-984.486572
402.144043
77.085938
-979.962158
1094.194336
184.655273
-713.726562
-945.017700
-1655.637451
-536.587891
-499.758789
-731.127441
1168.196045
289.311523
230.432617
512.423828
639.354065
-45.244629
-235.981445
-1113.175293
-1163.565552
528.542542
1392.464966
106.969727
671.072754
2016.948975
1542.364746
1328.298340
1117.235840
-759.651855
-851.805420
-839.053711
-1188.701172
14.093750
439.089600
-371.377441
-4753.675781
-2705.507812
999.977661
2293.027832
5008.795898
2227.157471
-856.917969
-409.714600
-654.508545
744.637207
390.896484
223.347900
-1110.689453
-1185.385620
438.440918
-136.240234
486.775574
543.168945
-1166.547852
-496.083252
1248.010254
338.633667
704.000732
776.078613
-533.016113
-774.117432
-1845.488037
-628.061523
483.940918
131.497070
229.507324
496.738403
-2088.354004
-1494.871338
960.020630
1169.915039
494.120850
803.783203
434.179932
589.956421
1671.012573
865.213257
-2940.846436
-4155.484375
-1368.783203
2204.412109
3994.329590
2155.666016
-1218.049316
-1455.487549
-1533.922852
2366.165039
4545.288574
2051.618408
1314.193115
-490.596191
-433.001953
-644.715820
-783.922852
-207.269043
-2596.176758
-1168.744141
193.068848
1106.602661
3668.092773
1521.126099
724.688293
1793.866211
-241.362061
-568.228516
57.235107
-2032.790283
864.475464
1954.326050
-647.562988
377.786133
1852.291992
-1453.702148
-5979.799316
-4311.933594
-1235.816406
2284.367676
380.749023
-1000.608398
-2460.328613
189.369629
184.475464
-131.668213
-387.606567
635.779785
-773.829712
-360.302124
-13.509033
-328.401367
216.370041
1596.874512
303.034912
1711.729248
688.694946
-1366.671387
-1637.642578
17.529785
637.902710
1848.993164
828.085938
669.925537
-367.785889
-569.887573
895.774048
435.814453
-604.924316
584.895752
515.348999
201.624268
-82.832520
591.355957
-872.403809
-1424.152344
1285.971802
-242.770752
-333.965302
1161.142212
811.998230
-1740.840088
255.405762
619.652466
-1049.165894
-2358.488281
-1110.397461
-289.118164
839.806641
478.407104
-501.228027
2095.103516
2128.976562
532.740723
-677.267578
-603.253235
-715.038086
2103.251953
3693.410156
3202.817627
503.545898
-1769.127930
-6592.001953
-5832.617188
-1145.256470
1050.396729
329.204590
552.734863
878.288818
680.636230
461.898438
747.698608
-209.913330
-44.587036
112.619629
1481.314697
535.127686
-456.831787
-696.267822
390.688477
1481.431641
3780.144043
1427.253906
-154.729004
313.077637
-577.363159
-908.389648
-1110.094482
347.893555
241.090332
-269.284180
707.690918
15.750488
-1154.854370
-1058.198853
-638.845825
3960.155029
4533.835938
594.564453
-980.544128
-1806.971191
-1163.002441
-6.049316
-1084.868896
278.719727
15.548828
-1779.597412
-32.241211
-560.766357
-851.576904
1029.744873
232.213623
642.494873
151.942383
-1388.284180
758.905273
-534.512695
-3829.003906
-1435.421143
23.201660
-1300.746826
-402.350586
583.755859
-163.940430
131.798279
316.880859
-393.354980
1385.433716
-543.876953
786.590820
135.991699
79.386841
606.644043
2089.326904
132.944336
-1496.439941
700.928955
643.946533
-457.817139
-30.118652
-176.860107
517.347534
-502.922607
-1474.859253
836.636597
604.841309
-335.304077
-535.154785
-82.902832
1023.375000
1046.210449
-684.321594
-1977.298828
-1505.587891
-675.225098
-91.233734
-817.437012
-3752.455078
-4223.751465
-2358.070312
290.321777
1004.294434
893.088135
-1037.171631
-1953.551270
-1854.640381
-224.559082
1033.309570
833.248535
-78.897461
-676.566895
-885.934570
-943.250977
-1357.359375
-136.632629
529.357422
2707.986084
2481.829590
-256.381836
871.652771
1295.984131
330.070801
967.381592
397.028320
536.581055
2283.441650
1254.706177
-1417.483398
622.944580
501.257812
-30.280762
1778.779785
1500.679688
-998.620117
435.129883
-300.604492
-379.944458
-630.410156
-1743.144531
-152.320312
1341.816284
-176.898926
-1675.839600
272.227661
-2347.253418
-4159.939941
-140.835449
-51.909424
-911.144531
200.225342
-324.900391
74.135742
112.294922
257.296875
960.960938
24.331055
-826.941406
2168.540039
1185.876953
-889.966064
-2344.728516
-5571.236816
-3233.848389
-455.812744
-266.848633
527.693359
296.886719
485.743652
-559.723877
-1203.122437
846.752197
739.471191
721.501587
316.923828
312.460205
2827.881348
1762.031250
354.575684
-486.899536
-763.341858
-348.037415
898.730835
-104.419189
289.995361
4518.678223
3522.779053
-286.176941
-957.431152
-35.471680
-95.211914
-290.524536
728.960449
564.245850
496.418213
261.365234
-584.064819
-296.892822
-975.459717
-1046.613281
330.492432
-544.604492
-564.291992
-739.248047
-2421.696289
-519.636719
-916.157349
-404.044434
908.820801
-513.905273
-772.756836
2351.270508
2630.314941
923.197266
-1134.009033
-892.639404
987.911621
466.278931
1170.273438
47.512207
-1159.932861
-1081.973145
-582.565918
-90.656982
1089.978516
159.808105
290.075195
1327.519531
1340.288086
203.705078
-962.178711
-378.653809
-619.238770
-596.182617
542.135742
-1137.341309
-1592.004028
-908.989746
-331.852539
986.759521
589.987488
-857.855225
504.175781
785.986328
-283.244873
296.941650
389.288086
1262.550781
825.541016
849.892212
1264.175415
947.328491
183.541992
-63.360840
-2900.694824
-2751.551270
-1273.026855
299.808319
-583.620605
529.804199
1545.796631
-61.095703
799.910706
5018.848633
6702.350586
3174.183594
1600.402832
467.039551
192.510986
637.751465
1191.089722
-1354.019409
-40.061279
3561.443359
3216.407227
-55.349121
635.558960
811.638306
-168.768311
-355.485840
-390.295166
-1411.752930
-4205.442383
-2684.240234
-2243.382812
-90.636475
1888.923462
755.220337
410.494141
-725.223999
-3125.823486
-1891.862305
303.901855
522.083740
1260.746826
392.322266
-536.076660
1186.021484
3991.745117
4422.244629
822.874023
-947.263184
1601.454102
754.357910
-626.344482
483.233887
-2690.376465
-4890.175781
-1008.261475
499.839905
970.129395
1557.905029
-56.077637
-2722.287842
-1011.208008
-392.200195
-1096.005859
-995.188477
385.905762
1887.324219
2139.748047
1373.033691
-1667.968262
-2116.014648
-845.356201
1151.619141
2921.039062
1387.963867
-311.775391
-2269.750977
217.936035
252.351746
573.475464
842.247925
-949.962158
428.631775
243.916992
31.875000
473.778076
-112.843262
340.708496
2979.500977
377.142151
-81.441895
-1762.026611
-4487.765137
3310.527344
-5720.529297
-1036.783203
-826.430664
369.104492
-687.850098
-321.854492
-793.327637
-1428.513550
852.661621
-271.722168
-773.318359
-105.454590
-82.323242
-780.309570
-505.278320
-501.408203
-558.260742
914.184753
1057.879150
663.050049
866.435425
-89.568481
-148.242676
868.354248
783.205017
193.457031
162.628906
597.687500
715.926514
876.758057
684.380371
-219.703125
-1098.387695
-214.604492
326.856934
-50.852539
1032.939453
5744.271973
128.557312
-989.831055
281.046387
235.348511
395.709839
997.895020
470.187744
-372.553223
50.900024
-480.307129
-619.151489
607.341553
1984.643066
197.627441
-324.628906
-225.173340
-629.270630
548.211914
1023.032471
250.010498
230.935547
675.465027
187.008789
1343.216797
563.806641
-899.649414
-82.714600
71.973633
-336.835938
-632.579102
761.202148
1785.907227
1809.791016
817.836182
375.943359
-843.021973
-1621.631348
245.265625
-366.174805
204.901367
-985.177368
-3240.048340
-2618.125000
-1537.873779
-749.311035
1115.588867
813.318359
453.048828
779.038086
315.398682
916.050720
763.012573
-521.921143
-569.469727
-278.217041
288.598389
-634.312744
-245.881836
233.173828
611.744141
68.629883
1100.184570
209.076172
796.648438
532.620117
820.006836
-619.326172
-1268.004517
21.210815
657.998291
758.581055
154.937012
-1209.419922
-1202.208252
320.526367
1908.319336
-430.457031
1223.415039
8.081055
-935.963867
-620.791870
-56.531494
-81.272949
72.030647
360.361816
-101.003906
478.475464
164.082031
488.363281
299.213867
-739.503174
-1285.614380
-581.935059
186.773926
403.579590
-151.731445
211.242218
-4007.373535
-5858.804688
-3402.471191
66.993652
96.386475
104.553467
442.549805
-3889.003418
-3397.390137
656.396484
-263.651123
-574.218262
353.664062
58.141602
551.145996
1002.127686
390.299805
-559.438477
-484.226562
-891.671387
209.750488
899.712158
-673.585449
-1703.254883
454.184082
409.173340
3646.468750
990.927734
-235.540039
-396.157227
501.960938
-50.684082
273.877441
-869.681641
678.139648
790.051636
580.649048
-1277.720215
1332.225830
-630.501953
-316.663086
878.789551
1646.734863
-485.925537
193.394287
756.188477
-548.147217
167.137451
624.954102
-1244.459961
394.728516
620.319824
838.495544
1827.360107
365.745117
930.325195
640.371094
1377.896973
1861.086426
2138.940430
1109.611328
1916.790039
1653.235352
868.739136
-16.287109
481.774536
202.980957
-317.328613
596.312988
-626.403320
-571.374023
-590.910645
-1002.056030
-356.130615
1067.244629
181.812988
1146.505859
-465.550781
-500.916016
-1157.428711
209.034180
-367.563782
723.561523
41.120117
-454.012573
2035.652344
493.013672
74.999023
-888.520264
830.730957
2277.486328
-336.235840
-2087.947510
-4565.583984
-7582.004883
-3026.326172
1098.541992
176.104004
-556.940186
-857.503906
-1458.038574
-98.637695
-1435.406250
-2471.923340
-1474.482666
-1006.421875
798.766602
458.313477
445.734863
-71.211365
181.743164
-321.240356
-1616.886353
175.806152
-445.891357
1499.652344
646.367188
950.135986
1239.681641
404.111328
-451.524536
853.558105
405.977539
-1302.042969
-58.639893
697.460632
665.073425
1151.728027
-167.931641
-261.180664
1251.747314
-87.654541
-1305.693359
-1458.830566
-2080.527832
-73.853027
866.152344
793.925293
-678.348389
-186.101440
868.836975
-203.342041
-1044.438721
-312.420410
-1619.011719
-1580.874512
-343.720947
-564.196533
-961.585205
1060.394531
2550.853516
1729.065918
-103.238586
-292.315918
-290.005371
686.038696
248.936523
-432.041504
-1259.984863
-725.091064
536.340698
-71.468262
385.506104
-706.145508
-1329.405762
-1312.946289
271.095581
653.853027
60.446289
1268.739746
380.931641
-399.687744
-514.576416
408.454102
-729.540039
-845.725098
1316.442383
789.529358
-1167.663452
583.607605
627.405273
-235.303711
-1127.223145
-197.833618
-159.992188
-1958.211426
1046.535156
2029.468750
-187.425049
-45.233154
-769.350830
-302.129059
859.223389
-1316.541016
-272.621826
614.220215
-1227.500244
-1757.564453
-2921.610840
-1505.131104
-22.959579
622.205383
774.396729
-638.819824
-4026.242188
-2943.273438
-647.426147
-762.085449
46.140625
2269.776367
1078.523438
1243.323242
-636.524536
-495.911621
-763.014404
-653.639771
-181.936523
1021.852539
-363.390625
826.101562
1028.087891
1097.226562
456.436768
1051.902344
205.265625
-145.144531
187.386475
-1259.088623
-365.261475
-163.718506
-534.973633
-589.785645
-2739.889893
190.142166
1290.232910
327.457764
175.185303
2368.408936
2422.998291
41.193848
-537.758362
1352.306885
-146.687317
311.247314
1170.182617
3191.129883
3171.986328
942.520996
-362.765625
293.089355
-496.079346
-392.501953
939.682129
871.142151
369.787598
784.799805
559.157227
501.336914
-64.613770
533.827637
503.655273
-452.524536
-1407.647949
-2458.378906
245.531250
932.292236
-212.323730
-161.345154
-1407.262207
-3197.382812
-477.054688
1532.171875
1228.831055
1560.719238
2708.572266
627.303711
477.749023
786.877441
-344.336639
-1583.524414
-738.928711
-837.085938
-1046.780273
165.590088
463.379150
21.371582
1109.240723
-945.671387
-1869.477051
113.606934
923.125977
417.066650
1954.146973
987.723877
329.791138
-667.886719
531.330566
929.282471
554.475464
414.979492
-1007.930908
-60.547363
-1397.133545
-913.769531
279.318359
-89.620605
1366.719727
436.123047
-691.708130
-1377.799194
-542.663818
-145.194336
810.436523
621.021973
58.900909
1200.027710
2143.905273
968.935059
609.057129
676.391602
38.022995
457.236328
548.142578
-289.615723
-770.220337
-997.524536
-662.159668
280.119385
1745.973267
1765.458008
-368.613586
-180.529541
-636.748657
-2020.608887
426.736816
989.296387
608.700439
565.004883
-2014.599609
-1412.984863
-673.383301
453.855774
1586.948242
103.374512
220.646973
1311.624878
-93.837402
-664.920898
590.697754
3139.731445
1896.912109
1734.263672
-87.302734
-1165.905762
-1492.940430
-623.196289
95.897461
-162.361328
-2131.238281
-3502.126953
-1637.020020
1158.697144
636.584351
-914.314575
-1057.377197
-899.671570
-880.963867
-129.277832
1047.372559
-414.857849
-431.565430
935.695801
99.000000
-797.940674
-942.453735
203.739014
767.067749
-1610.922485
-406.918213
924.920898
-927.164795
-1139.657471
240.558319
1117.801636
-726.759827
-650.601807
-208.661133
-5.723633
-54.378418
-797.857849
935.775940
-489.084717
-726.307861
1686.103760
2693.359375
1175.039551
-244.841309
-3257.739746
-4071.516113
-615.641357
2619.225586
412.978027
25.281006
1085.408691
140.643555
-896.151611
950.138672
484.015625
753.462891
-642.652344
-2273.506836
-841.585449
-1211.039307
-221.738892
960.152954
125.405273
1029.095947
1413.823242
1153.993164
412.055664
165.885559
-432.636230
2152.608398
4606.058105
638.070312
-989.013916
-2359.129395
-2484.383057
869.326050
280.184937
-1659.524414
360.036133
-345.177979
1041.868652
5202.742188
2517.740723
-980.815430
-309.258789
33.634766
-77.955566
1062.550293
-300.210815
-4030.651855
-6675.701660
-2640.524414
2493.487793
1632.242188
1413.321289
-478.705566
374.838867
331.801270
-503.956238
462.637817
137.361206
-1135.946533
-583.601807
-561.406616
614.077148
58.290039
806.122070
-248.378906
-40.185059
-1139.754883
921.210693
-125.204834
1381.688843
5044.327637
2558.065918
-827.890137
197.878906
-1237.597168
-1581.002930
327.607544
-2120.134521
-1646.322998
1848.567993
-771.394165
-171.323975
-626.255188
-1171.769287
-1.267578
735.037109
249.040039
-1339.201660
-932.328613
140.584229
-227.058350
-895.139648
271.687988
798.066162
379.454590
827.204773
19.645020
-1503.566406
-283.316406
-411.942871
164.253662
2652.367676
1810.213257
353.049316
463.737793
88.356934
464.676758
768.284180
-483.560547
-1090.382080
-706.332031
-133.563477
401.609375
-148.072754
-758.544189
-619.998047
1295.391602
2014.787109
2223.799805
-1203.433594
-1914.586548
-1664.136230
-2205.285156
-335.479492
135.970947
1281.142212
-687.081970
-2260.745117
-2902.158203
-1975.101562
-817.549805
-505.603271
-586.141602
-1541.598755
-2278.586426
-770.118652
256.435059
-92.302734
137.122070
701.057373
1292.454102
569.170898
-66.699219
555.803711
2407.606445
766.072266
-59.763672
-1324.092773
-703.487549
-1855.829102
-1229.188965
-978.524536
-1290.623047
-805.067932
529.567627
406.990723
1203.421875
176.997894
-630.139648
-11.668945
463.383301
-731.497314
-893.386658
-1198.795166
-409.441406
700.968750
795.047852
-1033.932129
-96.262695
716.690430
312.979736
609.697266
1096.003906
979.597168
1220.776489
587.356445
-609.096680
-1781.985840
-1345.052246
-1345.562866
1658.283081
4415.141602
1973.895142
-819.174377
-343.888916
-1715.591553
-552.751709
-1003.410767
106.500244
1727.502930
1394.445801
1353.796387
2878.622070
2458.693359
1356.534058
603.368896
-180.301025
-1496.480957
-117.820312
-109.590820
-213.499023
-1198.317261
-609.146484
-1374.090820
-112.115234
-595.127197
-1044.148193
-13.616211
575.464844
1428.726807
196.499146
-335.892578
-393.156250
161.803467
222.206299
867.399414
-649.507812
-956.915039
89.940430
78.885620
-502.337891
844.593262
1402.509155
1593.622070
688.585083
434.461670
667.999023
-513.647705
356.381531
2101.641602
1376.433105
216.559570
146.638672
2444.647461
3160.600098
2685.260498
-657.693726
-1789.272339
-938.184570
-324.591797
608.197754
-411.177002
-706.465088
649.239014
573.744629
-445.851318
-2116.588867
-277.567871
809.094116
-126.159668
89.558105
-1756.130493
-3878.828857
-2383.801758
-275.844482
-44.536133
-221.395996
660.113281
428.462891
-335.051758
-405.619385
-126.509766
-1817.390015
-1589.729248
704.166992
530.168213
80.938904
-349.759277
82.580078
-1133.013672
533.600403
711.860352
-2212.266113
-1293.656494
1192.094971
2142.753906
2175.934570
1757.580566
-788.146545
-86.184570
-98.446289
1169.790283
1120.431030
-1355.253662
-1128.674072
-855.901855
-194.203125
1841.289551
1221.183594
956.259033
-507.723633
-1186.621460
-117.023193
-382.303223
37.224548
849.457397
-1017.192139
-2244.991211
-55.014038
-132.856934
-2846.733398
-2291.869141
-486.438477
365.916992
96.319336
1392.808105
-976.396667
-519.479248
258.079346
-1678.390137
-3142.524414
-1912.395020
-374.579102
448.148438
-36.013184
-1443.466553
-4962.213379
-2220.504883
487.801514
501.158691
30.736328
-1392.908203
-1585.685913
439.926270
905.281250
1909.651978
651.060059
-1207.138184
-803.391846
-42.663086
1585.016113
2404.989746
-254.639404
-1026.147095
357.624390
1233.864746
2110.589844
1761.750977
-654.820312
-134.473999
1063.367432
778.791382
442.813477
458.621094
-320.075317
-223.210205
-39.632812
-813.878784
-1337.785278
76.875977
-445.675781
-1255.842773
136.021484
-140.079102
-802.469727
-358.295410
-1121.366211
-3555.478516
-3169.090820
-349.712891
543.376953
118.610596
-438.432617
-365.089844
-342.057861
-281.116699
2232.561279
2364.152832
-821.218506
-502.107422
1144.741211
710.479980
909.567139
62.987549
194.542480
-436.618896
511.490479
396.958618
417.043762
1637.488770
-1318.765869
-714.590820
-376.160156
270.653320
143.674377
-670.604248
-409.441895
1487.051025
52.856445
545.283936
912.605591
720.715820
265.048096
315.991211
324.840820
633.581543
-800.224365
-1076.524536
-41.211426
-197.575684
717.631836
1210.202393
886.083496
-723.834473
928.298828
3446.919434
2391.704102
975.989380
830.328613
1666.600586
1809.644531
-32.939453
59.510132
621.818848
1086.961182
149.451904
-1327.030029
752.437500
-687.321777
146.685547
103.541748
-496.654785
1189.839111
4185.869141
4228.992676
3476.581787
1278.013306
-620.853027
-1016.340088
-452.090332
-362.417969
-711.046509
482.954834
525.777344
-710.687012
-1124.279297
800.606445
979.724609
200.967285
608.827515
96.188965
-487.981934
233.100586
-638.348877
-199.537109
347.102539
-1385.442749
-462.484863
175.265625
43.682617
751.157104
-234.541748
-598.857788
-613.416870
-800.230713
-95.487793
501.902710
-15.294922
-989.888428
-227.062790
722.125977
527.456421
-530.345215
-411.637695
-1128.443359
-76.504395
1296.181152
775.409180
1130.311035
1052.440552
257.087891
1310.544922
24.301758
-185.057617
1092.417969
1095.114258
151.087280
-117.702148
-1076.446289
-519.376099
1510.023071
-734.916748
106.791016
2200.420898
1915.081055
1013.018555
357.917480
-728.822510
120.466431
-726.943359
-1161.228516
-275.659180
-44.298828
-249.944336
-1188.377930
-6.171143
-194.085938
-321.240479
1074.318115
815.074829
569.524902
1387.452148
2574.936523
3808.128906
4290.089844
1754.531250
120.383133
609.475464
262.241577
619.689209
759.848755
275.014160
189.485840
-890.175537
-1152.591064
-493.938721
-358.484863
-251.555664
-541.857849
550.020508
-93.882812
-474.806641
529.000488
30.549805
-61.232910
-671.731201
674.864258
154.042480
-414.135254
519.084717
90.295898
-552.510498
-314.788086
-257.131836
-360.382324
-31.163086
-381.127930
-921.404785
65.796875
1056.979492
121.272705
309.772827
-494.909424
84.891113
1510.409058
-192.778320
-2158.669922
-3720.300781
-3461.135742
-1721.835449
-1310.693848
-2702.192383
-1733.086914
295.427673
135.584656
-450.683044
-2976.820068
-9110.877930
-8845.042969
-2664.632812
-165.582031
224.492920
919.527771
1474.779541
1179.401855
287.123474
-1292.565063
-1831.571777
-1863.517334
-990.907471
-26.220215
711.632812
-2637.142578
-630.704468
1514.015625
-26.176270
-215.119507
-992.519531
493.730469
348.757935
519.106445
301.895020
2.119263
-61.112305
-373.571289
-294.067383
-1211.378906
680.696411
1463.552734
-331.166016
1094.216309
-494.635498
458.446289
-663.713379
-966.896606
-501.648438
-13.668945
-1893.746582
-4423.560547
-2158.080566
657.743896
879.931885
156.455078
-707.503418
-465.355469
377.860107
1566.590576
122.090088
-215.301025
891.146484
299.447266
289.906738
-892.892761
493.203613
4282.598145
1684.076660
5364.487305
2130.282227
448.767090
-904.137207
978.279297
940.842773
1226.071045
181.895996
161.680481
223.935059
-646.026123
-153.679688
1902.287109
-260.380859
-34.406250
-115.634644
2139.338135
2665.169922
692.822510
927.389648
-196.259766
-1105.452148
-168.455383
-316.355469
962.688965
-209.839783
-430.346680
1023.249023
-560.893066
-718.730225
600.001953
-7.742188
1376.865234
451.568359
-949.837158
-212.745789
563.081543
-1280.903076
-1100.832764
-1168.623047
-1039.343750
-1881.561523
261.568359
415.576172
3425.270508
2168.357422
352.078125
1091.452393
2309.830078
1234.756958
456.512695
1377.100586
-281.727051
-1520.273926
-697.483398
-24.857834
-4604.211914
-4448.138672
524.205078
285.755859
-664.414917
-152.420410
434.331299
651.114746
-77.401611
276.233398
791.880859
245.536133
-345.715698
-2274.795410
-2314.783691
246.371643
320.148926
-982.111816
-350.522461
366.653381
-626.781982
-640.607910
59.547363
314.458496
359.498535
-761.307007
-797.292725
-1517.343384
-439.904297
1354.907227
1158.820312
-285.118652
-1348.142090
-607.436035
1402.882690
1767.411865
1640.050781
873.909668
-499.140625
-1121.692749
123.915527
1672.363281
332.007812
180.572754
-396.010254
1364.946777
596.850098
-49.904602
397.456543
-856.249023
-1743.113281
-2053.717773
-1264.329346
-1519.604492
-3679.836914
-5596.307617
-3732.036133
291.486084
145.740845
-789.364258
-119.808105
1217.208008
962.929199
-219.830566
75.140625
325.020020
1137.826416
1646.536133
87.744873
-148.299316
525.541260
-817.147095
-113.696106
237.824860
-1326.789917
-992.678711
-502.954102
-664.009033
-965.568542
-435.452881
595.266602
1071.900879
992.090576
1091.817627
217.028320
765.925293
559.121582
236.539551
857.438477
613.572266
-507.645752
-1210.978516
-1017.057373
726.484131
-665.964844
-1932.986328
-844.182861
355.824219
324.503662
-64.752686
-737.224609
607.940186
823.546143
317.002930
363.682861
-214.239929
-1756.820312
-929.410889
176.483887
-74.307129
-1146.148438
-56.667725
515.375000
-431.986328
331.175049
1007.740723
-215.739258
-1474.034790
-1927.361694
-1726.504272
-720.157227
40.726562
1875.116211
-369.780273
-288.637207
881.923828
590.185547
707.643066
1508.665771
-115.374268
-998.305664
1326.988770
639.334961
-101.818848
-310.494232
1906.588867
1105.039062
-237.050781
-917.124023
-292.146973
1031.690674
957.340515
-1102.497559
-397.508057
583.189941
-2315.056641
-2833.424316
-2722.588379
473.815918
250.710449
1284.340820
730.006836
150.691406
-1175.472168
-1431.439941
205.434082
1622.377808
686.874878
-1049.724365
-79.524521
354.253418
780.693359
1619.577148
-310.212341
1443.845703
4009.865234
1929.634766
274.372559
-390.010742
-2104.149414
-1462.130859
83.515869
1807.384766
1795.596191
-880.740356
-1267.154785
-24.734375
-1062.614990
-473.831055
-977.893555
-1437.411133
-244.836914
644.529541
2251.458496
2041.827759
961.247681
-568.580566
63.876465
-2744.663086
-3215.243896
1216.211914
1568.707520
957.003174
121.797607
-773.289062
-614.114746
1214.313232
652.623413
-103.948364
-2950.644531
-6234.962402
-2097.693115
268.062500
265.845093
950.415649
-859.344666
-1412.098877
702.116699
1621.982422
1624.397949
-141.072510
804.297852
-433.229614
-938.070068
-521.193359
-1643.980225
-277.636230
998.020020
187.968872
879.915039
-502.977539
1458.258545
4751.688477
953.928223
-1068.235840
452.530762
-649.607666
-1468.619873
-1095.402710
-302.092285
-119.690430
670.942139
834.570801
-728.126465
117.304688
-565.594727
-1216.499023
-1258.234375
-176.894043
-456.439087
-931.087524
-1415.759399
-1234.376221
-708.323242
618.959961
992.361694
369.462158
-230.535400
-1138.038452
-56.523438
818.620605
-217.465332
-1028.065918
448.137756
1078.733398
-282.730469
-647.756836
-219.791992
597.710449
-69.453247
1344.827759
177.815735
68.914948
631.445923
7.171875
-109.162109
-168.516602
-327.530273
-694.942627
249.268066
-246.356934
146.253906
497.181274
-249.792480
-1169.648438
-691.121826
1163.293579
3316.218018
4199.175781
-816.674683
-668.815918
970.554199
484.620117
1345.270508
1119.730713
214.532288
1072.059814
18.409058
704.044922
1154.775391
626.572266
-277.658203
-590.849121
56.175293
-348.436035
-1057.873901
229.345215
1234.705566
109.850098
-304.366211
213.813477
8.129395
-336.377441
-53.523438
396.939941
-263.528809
-1485.311035
-1052.421387
-156.998779
-555.682861
-311.378174
760.502258
-209.094727
-1257.650391
-1532.202637
135.864746
1320.557617
1323.561035
423.546875
-1825.354980
-1300.711670
-212.749023
1439.821289
2656.718750
-171.223633
-15.269043
-13.179688
-360.288452
260.594971
217.020020
-59.925537
1217.475464
-1173.895264
-3583.827637
-2856.690918
97.142174
292.534180
347.662598
852.853027
543.727051
1560.218262
885.343262
-972.442993
-1739.785889
-662.956543
-745.565186
-998.463623
-334.090637
1393.935303
1282.009766
-1672.420898
1533.285156
-179.666992
875.570801
1437.792969
436.700195
-255.457275
926.747803
855.043457
129.060059
-1192.501465
-1256.491699
-110.586426
453.867676
253.895996
-119.551117
2540.902832
4061.141113
1140.010986
522.511719
825.601807
-593.100586
-931.784058
-785.806091
-915.731445
-284.678711
1921.959961
2627.238281
1726.177490
-240.009277
411.557129
-169.975098
615.422852
1658.675781
483.177734
119.052246
-374.838623
-733.840820
499.810059
968.383301
-303.328125
573.628662
-320.604919
-3004.354980
-2100.392090
1224.653076
81.442383
272.926270
645.420410
117.613258
-43.382797
905.166992
618.283203
530.033020
-125.641602
-1370.135742
101.767090
-93.891724
35.651367
1364.300415
575.452148
-884.473633
1814.951172
1371.363281
806.635498
-973.338379
-352.614746
1053.053223
463.172852
686.069824
366.750977
457.567627
216.168457
702.159180
-487.011719
-1801.566528
-178.106689
837.294189
-297.578979
-26.066406
-232.232422
-589.698730
329.418457
-515.591064
-558.571106
-329.597168
-571.425781
-1137.748047
975.309570
372.027344
313.735352
-581.113770
61.080078
525.373535
-1082.284668
-2146.347168
-783.290527
-430.740234
-1406.296265
116.988525
142.610596
1444.594727
328.371094
-1823.577393
-32.622314
813.525024
-132.459229
-55.074707
-49.091370
-280.019043
346.203613
718.348877
46.937500
-761.679199
363.840210
-416.892578
586.926270
499.257629
606.677002
3422.425781
2319.011719
-1095.997070
739.922363
1721.516479
3026.461426
1969.980469
470.595703
50.663574
-1624.873291
-347.625977
460.962891
678.878174
303.591797
-1042.414062
323.930176
298.005371
-513.891602
-1980.527832
-2346.384277
-180.436279
409.291412
406.069061
891.166748
333.871094
-1401.205566
-2285.727783
-1214.425049
-242.524536
-1136.386719
-1090.005371
84.954590
880.692383
117.775879
-569.068848
-1692.696167
-692.843262
407.633789
806.830078
1625.406250
1329.262451
328.944336
1143.286133
201.854004
-1447.085449
599.366211
-507.874512
2993.909912
5308.561035
1421.789062
-603.221436
-2037.315918
-5070.851074
-1819.991211
1184.076416
-332.021973
1048.089966
919.702881
-612.008789
-758.646362
-164.036133
-373.491211
338.340576
20.845215
-359.942871
-446.583008
-1893.779053
-995.965210
796.089355
428.501465
232.726562
-1010.975342
-743.528809
431.803711
261.598145
289.563477
-1603.002930
-1482.599609
1899.167236
3072.380859
934.196289
804.815918
441.058105
-722.325195
160.987305
1195.622559
1278.752441
-309.414551
-205.735352
-584.524536
-416.472412
-433.678711
843.261230
1863.684082
160.950195
277.644775
395.853271
-443.335938
517.152039
268.022217
463.939453
901.743652
-645.556641
-680.867676
215.440186
973.977539
272.985840
-510.610840
775.944336
777.158936
405.927246
-346.725830
448.588226
-1047.375000
-3137.399658
-1126.607544
715.521973
-531.037109
64.701172
-302.245117
168.573242
121.286377
575.136719
-152.697754
-415.493164
606.498535
-454.441895
-1823.522705
392.823364
1622.341797
995.859375
647.478516
-346.367676
-153.880371
589.911255
1534.124268
828.474609
-128.526123
-458.715576
-280.853027
-265.574463
310.843262
980.620483
317.469238
1582.367676
509.594727
-2840.267578
-1545.480469
-1726.860352
-1088.504395
532.215820
-1110.055908
-136.486328
1116.963867
238.950684
1437.108154
2452.567871
1936.486450
614.143188
-305.256470
173.557129
16.919434
-62.208618
658.169067
-1625.654541
-2209.973633
-2024.311523
-780.228271
-75.251465
-702.530273
-366.611816
-925.533142
561.387695
1503.670898
1193.321289
-2195.140625
468.564209
961.475464
461.799042
602.563232
-1274.589600
-670.825562
283.871094
821.329590
3675.367188
3566.737305
1107.681641
-409.485840
1123.148438
41.411133
82.671387
-197.068359
-1174.708740
-1437.746094
-2575.270508
-1684.544434
-398.815430
596.743164
1335.998047
8.236328
-841.564941
-1620.187256
-202.287109
-327.571045
22.972580
-430.157532
614.556152
862.382080
208.758057
3443.850830
3146.444336
958.697266
-691.180176
-1484.168213
311.545654
1011.588379
444.375977
497.197266
-2350.672363
-1048.441040
23.936157
207.695557
-244.780273
-1121.106079
-1017.867676
405.061035
230.468018
-277.534912
-647.899902
-590.216064
-630.927734
-894.843262
6.620605
1074.246582
1410.636475
463.830078
578.457031
-63.999023
72.947510
2221.542969
1368.785156
-1123.509644
358.972168
-794.094482
213.324219
1027.602539
90.524902
-15.132324
-790.706055
-1741.491699
-1058.712891
-83.201172
-2014.291504
-392.196289
-343.720215
-1316.893188
526.333984
-366.728516
902.248047
-137.748535
-222.559570
-296.638672
-425.364258
-1308.857788
-989.323242
250.884033
607.190308
-131.438965
1362.212891
2565.475586
3395.793457
2523.646484
-10.691406
-1504.856445
-1320.833008
528.823975
1764.947632
-379.524536
-598.398804
43.275391
467.016113
581.074646
1196.647705
1026.639648
-4.266235
-622.280029
357.352539
20.605957
-269.333496
-231.356934
954.142151
7.715668
807.455078
1633.068604
1581.056396
864.313477
3516.573242
1331.185059
-851.959351
-662.375000
-383.803711
-1105.831787
1920.613770
3311.570312
995.720703
592.521973
772.471924
250.256348
539.136719
-244.680664
1059.453369
420.826904
-775.843506
-759.009155
-1107.671631
-2255.247070
-1358.300781
-2017.554688
-459.663086
37.962891
41.856689
-140.009033
-241.887054
-502.833801
1626.603027
181.947266
-1399.567871
-721.177734
-124.478027
25.044922
-568.485352
-343.965332
-348.657715
-412.505615
337.475098
1054.260742
-945.186035
655.156372
143.303711
-311.699707
416.413574
1090.473511
1102.864136
-189.054810
-1753.699829
-128.467285
-460.007812
-920.541992
153.786621
16.731445
-450.613525
318.416992
824.328125
372.895996
-1434.442383
-242.315918
347.119629
74.401855
-440.449707
-829.896240
123.858093
-331.857849
-2583.511230
-1950.307373
-224.308594
682.708496
393.026367
-343.424805
-833.825195
-122.881348
-443.034668
602.222168
1412.507812
656.160156
-756.278320
-138.582520
95.302429
-460.028320
493.283203
472.500977
-1239.990234
70.270508
-985.518555
-568.229980
545.249268
1111.521851
1550.930176
191.013916
-857.653198
-1207.560303
428.097656
251.752930
-454.743164
261.827393
-292.039185
-592.947754
-601.536133
-3702.482422
-4167.118164
144.218262
-48.995117
504.579956
622.405273
-65.752441
591.965332
82.290527
236.685181
267.195618
-2925.399170
-2313.581055
164.855957
-285.269043
-903.419006
-386.514160
-210.937683
590.191406
-583.155273
-997.209961
-1215.912109
-203.763672
1268.458008
24.967773
-107.456787
123.569824
22.447998
574.640625
598.172852
1839.066406
-1026.046875
102.473145
776.102051
110.598145
363.963867
617.620605
740.304443
2724.637695
4403.349121
153.475464
-1381.931152
-1020.825684
-1180.320312
69.353027
1593.788574
-367.303223
1354.943115
1380.374512
1453.077148
1706.149414
48.559448
1027.028809
196.602539
-1111.485352
1394.152344
-1079.385864
-338.633667
-1107.839600
-513.957031
269.489258
514.090454
-663.719727
-2098.544922
-1513.523438
-165.176514
-73.899414
-227.114746
1279.812988
661.041687
-621.075317
-458.278320
1697.502441
-4.585449
757.164307
654.200684
-332.570801
644.924316
125.642578
-1190.273926
-237.192871
-15.360474
432.075195
378.127930
-71.910156
-130.054688
-310.377197
-182.500488
56.345703
1637.951904
334.430664
-945.750732
-722.660889
493.738525
610.609009
1206.601562
736.935425
799.616577
-1814.774414
-2153.850586
-524.867432
-665.464722
504.640350
102.010376
-391.043823
508.509766
-1055.322266
-2174.252197
-416.345703
834.936401
817.091492
-231.667725
-270.248047
14.941895
-733.782288
-438.887695
2085.433105
4973.890137
4686.270996
1587.961914
-350.670166
-4843.040527
-6220.912109
-166.739685
-28.961945
-554.986816
1755.887695
160.789062
-20.500000
601.733398
735.724121
525.451660
-977.740723
46.994141
258.514648
1192.194336
1696.910645
159.055786
-138.551208
-67.625610
492.128906
4214.448242
5483.517090
3525.981934
1759.594238
752.663086
-840.710938
-613.190430
-1761.368164
487.555664
1087.380859
1588.142578
2474.920166
-446.427734
-2072.360352
-234.615234
-930.923340
366.658691
-269.427734
3.194336
828.298340
1325.973877
1385.222168
-1175.136230
-2305.114258
-1123.346680
-115.069092
504.896973
464.219482
1378.844727
1629.363281
-272.737061
1613.047852
870.603516
-705.296448
-316.946289
134.331055
1323.945190
-443.343750
50.787354
568.655273
793.081055
99.089844
-1365.881104
407.210693
1548.135498
2016.960449
-258.088013
-1022.669312
36.857300
-355.911072
-1012.517578
2345.855469
1289.697266
1205.986694
-7.528320
-274.569824
209.185059
405.465820
-228.510010
-297.176270
-1389.522949
-1538.747314
194.813477
654.509766
728.554016
532.343018
561.639160
659.502441
-149.396484
-752.859375
-1542.084961
-4255.842773
1536.615601
431.815063
836.168335
1567.160767
-694.090332
-4972.473633
-3532.525391
-590.671753
-987.431152
420.326172
180.702637
8.154053
1250.046265
890.586060
870.772461
798.270508
853.519165
932.726196
547.081055
824.836060
77.114746
-518.720703
-414.361328
-1350.857788
-30.350098
770.384888
-1384.593262
-867.815430
-921.391602
293.796875
-1356.736938
-825.637695
-1247.579834
-99.312012
1965.917969
-144.524414
-485.841797
431.208435
1504.152832
2211.846680
253.784180
892.371826
316.611694
-1254.851318
-986.797180
1065.371704
1649.142212
-334.453003
-1147.593262
-657.996094
436.295898
1295.880859
625.544434
-699.000488
444.915283
862.640137
136.539062
749.926270
314.813721
617.530762
884.944824
704.044250
180.469238
-185.612793
-87.385986
162.423920
-2057.658203
-3343.375732
28.959457
1058.481567
1450.704346
809.354370
-14.159180
58.292480
770.192383
-344.737305
-311.625977
191.957520
766.805542
771.324707
274.726562
-528.132812
-266.749756
-277.453552
1358.392090
-927.705811
-4321.183594
-2295.666504
1832.213257
5920.670898
5215.030762
742.714355
-3860.058594
-4490.250977
289.585693
1927.703369
598.462891
1139.253906
-1405.558594
-1571.449707
1003.619141
370.755737
-956.177124
-571.078125
-49.981689
-191.845245
-710.709961
-299.062012
716.794189
1741.979858
1075.369751
-518.869812
-1680.950562
-268.667603
574.005493
635.277100
-128.450684
-152.172852
-288.793945
-417.546265
-252.346924
892.649414
265.628906
-740.447266
-1561.542969
-109.122070
739.475830
-108.708984
-537.973633
-616.756836
656.276855
-1029.325195
555.079590
1095.689575
524.068115
-652.825928
574.400391
616.652832
386.190430
805.377441
1338.853516
-684.129272
1261.357422
1534.391113
-84.472412
228.271484
322.009277
-907.680176
-883.398132
219.869873
1433.873047
1016.687500
-63.986816
-1729.024902
-1675.437866
735.877136
906.916565
195.542969
276.018066
-719.003662
86.391235
2931.418457
830.120850
-246.184341
1721.470581
639.019653
-42.069092
1307.250488
-286.162109
-62.568970
1944.943481
1124.365234
930.612793
1569.933594
423.169434
-349.932129
-2450.888672
-55.992920
93.479980
794.017578
532.670898
1657.718994
3745.562500
1726.518799
328.787231
-470.700439
-1823.379883
-340.099976
562.419434
-114.764343
991.835938
571.330566
-609.629150
-61.734001
1854.674805
2510.008301
568.364502
-412.851318
-174.556396
748.145630
1647.522705
1328.824097
279.156982
-634.292725
-184.235107
993.946533
513.650757
-1016.317871
-2129.089844
-980.934570
298.372192
341.572754
415.207886
793.150391
-143.876953
-615.879517
709.370117
348.722168
-1338.786133
157.733398
660.475586
-667.026367
668.649414
1346.269531
1217.354004
597.177124
720.209473
-424.251465
-181.339844
-384.743896
-907.615234
-561.393433
-938.524536
-527.788940
649.242676
-279.541016
362.395142
25.643616
195.812164
-154.502991
-209.254852
-373.021484
-230.954590
-812.685547
-438.440796
699.048340
526.044189
986.616699
2753.119629
2100.032227
-941.710876
-159.720947
1272.501953
728.644043
-273.094727
-191.618652
-241.438477
1146.999634
143.428650
-610.524536
-508.044067
1277.360229
1213.134277
375.835205
-218.970459
-1419.533081
-386.631104
368.584229
81.490601
281.353271
800.883057
114.662964
-477.941406
622.950195
-342.178223
-737.008057
-858.994629
-240.497070
-436.954834
98.986572
-124.083496
-925.132812
-87.818848
187.841309
108.864258
-743.054810
-92.668457
-39.126465
129.135254
932.305786
-373.015869
-1315.415283
-423.780762
258.032959
1054.554443
-104.415527
-464.838623
-677.488770
708.200684
813.645020
58.618042
1043.129150
-1270.800781
-4070.155273
-1905.209473
-1.416199
416.711914
1330.059570
1180.428711
1427.515625
170.675308
410.929199
2423.237305
1212.099609
212.874023
424.719727
591.419434
-673.218872
-1650.960938
-670.345215
-271.751465
1106.199219
522.770020
-2.281738
330.899902
-241.042664
246.403320
934.793762
-983.968445
-1189.661377
-590.600586
-280.273438
63.736572
-250.651855
451.268555
2299.001953
278.410645
-268.192383
364.655762
-689.816040
-586.615234
208.183838
-1166.803955
46.463989
1185.204102
851.235840
-134.524536
-7.686035
84.084473
-315.108887
-455.153198
145.475464
300.094910
-632.026672
-1310.980713
-1974.303467
-792.514404
1227.743164
628.435547
-867.302734
-93.808594
-613.310547
-440.773926
456.510254
2693.173828
-292.135742
-645.871826
292.633789
-369.232910
-33.395996
-2114.299805
-3231.660156
1232.966797
487.966797
-1113.234497
314.215149
-558.863037
-1924.121826
3.638672
508.799805
-4.826904
535.229736
6.315918
-57.259949
1724.546875
1401.236816
-135.035156
-899.420898
244.003906
684.364990
-823.748047
-238.918945
174.705566
1225.120483
-500.049316
-1634.285278
-1143.153809
1055.711914
1465.486084
1536.881104
384.357422
850.501709
609.849365
-1069.148438
69.500977
-699.099365
-948.031982
574.769592
1312.531494
470.873779
-587.674561
-47.876221
641.290894
214.559814
381.475464
693.481689
630.845703
202.633057
-6.435181
-186.546631
241.968018
523.297363
-1378.835205
-2028.173828
-377.938477
548.764343
1177.426758
2139.519531
-1530.180664
-3660.916992
-197.883301
-245.986816
-63.756104
1044.216553
1831.292969
663.576172
-813.291748
-682.315063
-653.565918
518.248047
734.740967
266.616638
-124.586853
2085.798584
3021.895020
2491.944824
2278.674072
1866.826172
813.291992
799.866455
1676.880981
1021.916504
-158.854980
625.980957
565.004639
976.230652
705.277954
-509.629395
-1337.291260
-580.869141
2001.923828
417.135742
768.773438
655.603394
-124.873047
75.811523
-594.923828
-736.855713
-1156.765137
29.424316
-166.331055
-1354.914307
-869.705078
423.627930
609.225586
789.601562
1198.291992
483.029297
-1048.377930
885.808594
5052.770508
9303.275391
6461.166016
231.898193
-768.334961
-309.290527
80.678955
175.003601
168.945679
761.847656
1272.567261
-470.496277
-879.542603
-1271.563721
-148.205078
1000.412598
15.798340
224.458984
-1629.405518
-4933.229492
-1787.716187
1531.269043
231.491211
-2107.811523
-5278.133789
-7234.552734
-3415.203125
1680.658203
-985.956055
-451.006714
-64.196411
-382.920410
-1097.460083
-398.243164
-222.036133
1069.631348
944.372681
294.340576
1144.072021
-231.086426
-1554.972656
-261.261719
-318.968506
-41.718262
-1139.564941
-1330.220215
-29.839844
2045.955566
833.856201
-218.267578
-3719.472168
-2131.671631
1043.412598
2730.369141
812.260376
-440.211426
935.977051
236.506836
-33.657715
-717.123535
-2900.637695
-2104.798340
1793.233398
3047.980469
1537.549683
981.840332
1012.795898
-88.651733
551.151367
1014.551270
1147.014648
1592.063721
987.290527
1495.287109
1605.244141
2065.497070
710.581787
1276.584961
-54.052734
-1714.959106
-984.335205
-479.966064
1280.133301
-333.774414
1032.296875
529.055176
-453.823059
-231.101074
614.130127
92.699829
-519.991455
420.496704
-1025.234375
-37.907227
343.231689
108.840332
1950.849121
3736.954346
1304.386719
591.467773
1088.762695
-521.397217
338.171875
3908.105469
270.608887
-758.809570
422.431396
247.223511
-188.063843
-582.709473
-172.007812
-1355.872070
-852.950439
-246.393066
16.591064
582.665100
-1263.012695
104.972656
4971.708008
3956.381836
-17.879883
1191.802490
978.439209
368.568848
29.080078
333.156738
-381.292236
-735.938965
211.452637
-413.361572
-684.728394
-174.979614
-870.173462
-365.133057
-903.479980
-779.561157
494.857422
542.148438
-2084.633545
-4387.725586
-4212.191895
-1685.876709
862.780273
944.987793
698.704590
-314.309570
259.906982
-206.418243
-905.768066
-46.938843
-819.565186
-1540.839111
-415.788086
-80.619141
769.823242
1324.812500
812.774414
370.933350
-479.143555
-714.688477
-14.044128
1007.273438
-963.182617
-301.350586
-317.158813
-2379.068848
565.083496
571.328125
1802.061523
78.213501
-2171.988281
-7014.654297
-5209.270020
-1732.729248
61.978516
-407.914551
-1721.362671
-616.025391
810.951172
727.869141
1128.043823
284.832031
411.115723
46.541992
-209.759399
684.011475
-196.538086
-4084.654297
-2346.908203
-65.375000
554.383301
-20.130859
-1703.358398
-5515.665039
-2117.862305
-91.513672
1333.445068
1505.882812
126.542969
850.730591
-2336.304199
-972.998047
114.371094
-467.047729
158.709961
313.242126
-1075.999512
-977.857422
-733.003906
-567.315918
1564.142212
1031.787354
-1096.588989
-235.406006
436.681519
-286.382324
-323.876587
-1323.780762
-532.037598
-1120.058228
20.460938
160.877930
-666.059082
741.664062
-547.930908
870.845215
-304.462891
-768.338867
-522.729919
591.540527
946.181396
-593.995239
138.793945
-284.455688
-379.765625
-592.821533
-742.909668
90.743652
-308.595703
-1456.270752
-332.829102
-202.205322
447.116333
855.186768
861.035889
-591.617188
-392.001953
1757.274414
2568.219482
686.052368
-563.180664
314.194580
899.066895
-4.351562
204.656250
-89.527832
732.643616
369.799133
-2072.930908
-3174.147949
-1087.252930
332.492676
52.567871
-1453.130615
-700.881836
33.812012
222.651855
585.050598
-680.412109
42.473633
1460.942383
610.254822
-565.728271
-188.523926
1154.947021
3634.045410
4586.482910
4058.238770
1460.601440
-251.059814
876.476562
-398.206055
-694.253906
37.372070
-52.291016
-596.100830
-288.169434
-285.186523
9.318848
-185.346191
196.494385
591.825439
1662.590698
1162.898193
1707.457520
992.421631
217.039062
354.052734
1233.953613
221.638184
-633.716797
-810.449219
-775.861816
743.586060
1544.446289
382.833740
28.586182
607.991211
-844.279297
-1195.115234
-583.772461
175.142166
-834.429688
-586.909180
1354.108398
-295.740723
-215.656006
-902.866455
-552.327454
1396.321533
235.725098
-521.618652
435.341309
-44.832031
-1218.654053
-949.120361
-1967.834961
-4450.587891
-577.015625
-354.395752
-656.254395
485.054688
-795.534668
-266.672668
1543.292969
108.518555
543.433594
206.457031
384.142151
4640.155762
5979.853516
2805.362305
-227.060059
367.585449
85.951660
-675.364258
-4.726562
-756.735352
-1630.580566
616.406921
1863.491699
1426.238037
-96.473633
764.190430
2008.855469
1859.635254
797.796387
439.768311
-53.631348
553.209961
42.143066
72.851318
-402.119507
400.844482
-1128.757812
-423.630615
-55.482422
-1305.074219
-7.224121
427.013916
2023.722168
3809.263672
3408.286133
779.894043
684.547852
432.566406
-323.427246
-72.953857
-1386.889038
-1479.857788
526.704834
422.472656
541.115723
229.740479
-1211.759277
-1497.337891
-2227.623535
-237.554932
723.651367
429.875000
76.312256
-1111.172607
-1326.349487
343.921265
772.530640
-444.216309
250.458496
128.226562
-314.337158
765.751343
207.792480
371.707520
1153.489746
11.145508
-767.519531
1464.001953
230.337402
-298.439941
-887.042603
-994.867920
-233.895508
-122.880615
-101.856659
-390.142090
1286.827148
688.032593
-1478.555542
776.334595
-596.069336
-2129.228516
947.685425
1201.256592
472.217041
544.330933
646.888794
-404.204041
-503.730469
1930.233398
992.384766
-723.936279
-729.064941
2176.765625
3186.445312
1121.674805
-155.862793
1421.412109
868.583740
925.339355
1892.608398
-374.322510
-750.511719
659.208252
1711.526123
1724.239014
1398.656494
86.373535
593.724121
403.921875
1023.271729
952.138672
554.755554
3.752930
373.322266
-2579.710449
-3099.610840
101.140137
127.740723
-315.493164
211.065186
-1881.599121
-697.533691
1078.531250
-1617.360107
189.945068
1240.299072
-222.543457
2041.760254
2600.266846
331.496826
-2531.458984
-2409.446289
-971.223145
477.252319
69.853027
-1104.711426
-4659.724121
-2549.067383
1011.524170
1467.936035
3381.127197
666.832520
-1485.189697
-161.364502
356.955078
514.568848
309.067139
-1841.451660
-616.500488
1013.711060
288.764648
-1767.556641
593.680176
-584.751465
144.889160
493.702881
-750.156982
-1408.429810
-1189.815918
-1250.303467
131.350586
18.296875
-552.623047
1590.637207
-433.890625
-322.713623
970.139648
-687.405945
735.690430
-42.657837
175.921875
1000.244385
2583.560303
3100.076416
-305.999939
-982.136536
610.694458
-653.224365
1366.902832
2596.083496
-370.486328
-528.817871
-938.363770
-1773.084717
-2548.371094
-3479.199707
-2148.615234
834.926392
-85.404907
-655.072266
268.871948
-921.315063
718.536011
321.787231
-579.865234
526.830078
-1559.351074
-1638.192871
-373.171387
-442.132935
216.081055
1568.651367
-122.454102
1473.733887
-44.762695
-306.405823
838.822754
-93.530762
-2271.794922
360.463867
-2112.184570
-3566.960693
-3587.910156
-2835.393066
76.628357
-515.524292
774.754639
2738.605957
2180.652832
492.430054
635.476562
879.035645
385.464355
265.739990
192.807617
-1029.282227
-869.227295
1218.641113
-426.163574
657.775391
-386.446777
187.540527
-450.349121
-1046.630615
-292.526367
524.119141
-171.241699
-471.698730
586.530212
-533.881409
-494.829102
-657.643799
-403.862793
-239.084473
374.952637
1135.455811
490.979492
-360.222168
-530.816772
-703.584961
-519.687012
-425.408691
586.637207
14.972656
-292.940918
642.356201
464.281250
445.712891
460.424805
361.966187
-526.968750
2.945145
291.727539
246.050781
688.524048
149.411133
-483.849609
-524.380249
44.109863
823.250488
213.762695
745.978882
351.550781
-572.684570
926.260742
419.803955
-243.770508
3338.187500
2290.968750
1085.191406
1263.667480
-231.164551
-307.878906
-904.524536
-1470.400879
-403.542725
530.247070
544.568359
1224.047852
511.475464
-111.821289
1126.403320
617.417114
-920.983398
1237.389648
4.496460
33.711914
-1335.304688
-343.710449
980.058105
890.708862
901.967041
175.550781
182.364075
-301.217285
1887.840820
1734.455566
-849.170898
-63.578613
308.461792
653.222412
94.351196
341.383423
-1604.872803
-278.245361
148.233154
-295.669189
-821.379395
-702.265381
2715.353271
3081.866211
2175.917480
789.197266
-637.864258
244.114014
3346.243164
147.748047
438.554688
276.360352
-296.102295
-681.886719
-1066.567383
322.564941
-584.260742
663.673340
-178.433105
790.879639
-462.261719
-144.566406
-37.463867
574.554321
260.936523
-31.824463
-321.019379
-59.021484
315.735107
548.475464
440.063477
847.304443
80.342773
52.200928
-850.688232
-196.755371
-140.505615
-1222.942383
347.014526
285.882568
373.519775
1260.891479
295.312012
-1005.246094
-719.169434
404.012207
15.831787
1934.227783
4800.826172
3081.628906
-1262.364990
-6577.196777
-4885.709961
-871.687744
1109.920410
2919.095703
1694.714844
28.405273
-872.136963
-557.884766
-473.459473
-531.706543
-1255.632812
-728.265137
958.502441
-489.543213
-133.088135
58.495605
-845.619141
937.493164
650.842773
-984.235107
152.542969
382.083862
-393.130615
257.381348
632.085693
-813.016602
1813.780273
33.722656
134.164062
337.497070
22.326172
-622.197998
-1278.419922
-1318.967041
-1134.524536
-61.299561
327.174316
887.984863
553.574951
-1156.194336
-1373.999023
504.915039
2199.860352
4497.074219
3567.754395
787.413940
-755.692871
504.116211
-701.220215
-634.832031
379.608398
452.178101
-392.404297
2282.130371
1722.267090
-21.547241
-236.028320
-799.074219
964.569336
-3.159668
-958.626221
95.888184
-173.151611
309.902588
-1243.335815
-1331.676025
846.278320
2197.729004
1590.618896
1074.205322
987.752930
963.846680
579.580078
672.075195
-849.690308
-254.262207
-168.375488
-721.959961
-582.398438
-198.451416
-200.166016
-738.347656
-3597.721436
-4034.848389
-1429.134766
55.610352
3462.531250
1977.045898
-323.501648
-3532.101074
-4822.958008
-365.821045
976.744141
658.432617
-788.545776
-937.641602
-1495.623535
-2866.809082
-2239.816895
-688.968628
978.610352
406.321289
122.067139
621.589600
537.943359
-1143.667847
-1820.121826
-868.853027
-503.388672
1816.710938
1627.250000
1241.808594
-24.944336
134.010193
621.845337
313.484009
771.373535
2136.205566
1741.613770
1147.787598
683.567383
-840.137695
-1362.798584
-1476.003174
-184.417969
523.237549
-1227.833496
24.108887
861.357666
702.120605
278.817383
505.041992
765.862305
415.884521
1341.548828
-480.394043
696.154663
500.202148
-952.840332
-450.883789
-12.939453
-326.958862
-526.769287
379.842773
93.541260
588.384521
759.744141
248.731934
-7.441895
1503.865967
1088.285645
1351.471191
3133.191895
2258.821045
-776.116455
-1109.371338
-942.950989
-1505.875488
-647.204285
643.745483
-934.933960
-1715.288574
889.237061
458.074158
-1080.538330
571.114746
1633.951172
416.952148
726.779785
287.099121
349.367920
622.583496
-604.787109
523.790039
879.542969
1429.702881
1519.521973
-448.682129
-46.011719
-516.214844
-900.125244
-866.875000
584.241699
2270.276855
1777.227783
-297.484985
-666.249512
-1608.492188
-857.186523
1078.938843
-1118.778198
-1566.012085
142.029785
36.564453
187.165527
-56.815918
-339.104980
194.299805
-424.550293
-402.668457
1301.391602
242.406250
-1341.801514
-539.185303
-42.792236
-197.687500
796.382812
-154.284180
945.730469
-658.275391
-2191.302734
-2159.601562
-1290.642578
599.545898
1870.033203
-613.869629
-1350.026123
-455.388672
-1510.329590
2164.750977
1582.707031
-336.362915
-892.875000
-1855.360352
-60.243164
675.088379
-208.389038
1480.109863
62.549805
-454.747070
550.839600
326.499023
706.372070
891.778809
1077.269531
-552.620117
-952.471680
99.451660
-464.596680
-984.061035
180.482422
1727.952637
-695.063477
-2096.599121
-43.771484
425.132812
246.368225
781.189453
-1397.669922
582.822937
1026.991211
-340.764648
431.686523
1030.260010
51.227051
-287.481201
-1337.524536
-384.680176
1170.576172
-1176.361328
-424.072266
661.946289
1203.948242
406.778320
-69.567383
304.213745
1632.925293
1221.710938
167.918213
172.469727
1473.740967
2813.470215
3765.383789
3218.114014
497.167908
-296.876953
109.398315
-443.340851
-1155.865723
-359.340820
936.385742
485.604492
-333.080078
1627.695312
-91.191895
-738.709473
-750.666504
-696.747314
490.024170
-537.724121
-2014.420166
-1442.659180
-292.244873
49.493164
770.994873
-1032.709473
275.278320
192.715820
286.264648
187.735352
-711.852783
-1033.752930
-705.208984
-931.937012
253.090332
510.266113
1968.671143
3475.572754
597.497070
-76.028320
91.233887
-918.318604
-10.711670
1624.409668
1371.320068
171.579102
-1331.406738
-4266.746094
-1629.459961
1586.225830
1666.627441
733.781250
615.893066
-1391.469727
949.020508
1862.309570
1101.751831
213.488037
-415.977722
1182.235107
269.142151
1456.986816
1160.180664
287.578369
1053.724121
2866.708984
884.299805
319.106689
1466.852905
-38.698730
-72.568604
-474.689209
-465.743408
-442.057129
556.892761
452.919556
944.485840
505.905762
202.670898
-842.821289
-172.096680
373.691406
1921.150879
1366.902588
2365.737305
1951.040527
3029.838867
1770.853516
-1006.780518
-2094.102539
-2058.498047
-471.926758
-716.397949
542.860474
2050.371338
137.457153
-609.511963
-1400.078125
-1693.508789
-1444.838867
-1150.085938
-535.329102
-1142.258301
-4339.434082
-4568.403809
-435.952637
332.181396
-1211.130127
617.088196
-444.067627
-2086.393066
-429.453125
489.616333
-175.262451
185.142166
535.129883
419.250488
-702.984131
-1695.966797
-2690.765625
-138.824219
449.342773
593.964355
579.462891
-389.221680
631.064453
-980.855469
-546.753906
914.712891
-1268.195068
-1173.116699
410.317871
575.426270
345.195312
585.826172
-122.857834
1688.863770
448.956116
389.759277
414.061035
411.375854
-554.395020
-1264.431641
-223.464844
969.979004
414.872070
2120.851562
-747.838867
-895.857849
737.820557
-1157.336182
-1120.524536
-934.235840
-335.274414
1119.750977
2026.790039
50.757324
-720.383057
-2039.452148
-1744.173828
-1500.022095
-34.735840
-140.762207
572.524902
-1742.750977
-795.291992
-663.803467
-417.667480
196.755859
-971.817383
-415.064514
646.612061
-1050.045044
-673.524536
-490.685425
-1696.903320
-1913.557129
1018.385986
1107.083984
562.235352
1053.195679
234.276733
-235.728027
-1170.518311
-110.834229
168.204590
-74.709717
555.708252
532.702881
-1136.385132
691.673401
867.731079
1179.365967
1182.531982
847.408936
1122.355713
281.050781
-234.961426
-31.020020
274.269531
355.876953
458.195068
232.735840
350.145996
232.202148
-948.887695
464.574707
5745.108398
6804.326172
4315.895020
178.142166
-1728.292480
-1492.605103
-584.227539
-472.339844
-1222.135742
-1278.774414
251.804199
-249.497314
423.828247
-1147.532104
-1454.959717
-16.120605
-764.209961
-1036.680420
-546.102295
370.117798
-306.076569
-2497.979492
-880.039307
1242.492920
1879.760254
2287.198730
2892.364258
2105.040039
1238.226562
-1150.423828
-665.784180
1203.181519
473.181152
-299.535645
16.521484
202.489502
291.316406
1531.024414
709.818359
-639.717407
-597.654297
-1223.315430
-1281.074707
-267.179688
-3320.702148
-1123.067383
-1099.224854
-156.237305
887.403320
5424.603027
1577.186523
790.959473
602.952026
-638.756348
-1128.385376
189.761230
436.674316
29.590454
689.711914
-2056.521973
-2077.281250
-214.435547
789.217773
864.010010
1708.932007
400.856201
-1576.686768
-1686.898926
-450.513672
-546.010742
1337.767578
-93.223633
-1176.586792
-1737.444214
-949.509521
-288.336670
-751.006836
-2248.686035
-2066.670410
1700.948242
-560.284180
-201.453125
334.817871
486.982117
1354.838135
3391.067383
1988.261230
-251.355103
1551.189697
226.889648
616.331055
1085.020996
469.066895
-133.742676
783.485107
1215.503906
-0.870239
180.761841
926.577881
-90.662109
-57.598633
-112.627441
458.078003
-445.543945
-2546.719238
-952.990479
340.016602
1753.531250
4519.093262
2653.142090
-253.366211
323.041992
-747.787476
-1984.697144
-1515.916748
-784.535156
262.623047
-694.845215
429.641602
1742.743164
164.182617
-1773.804688
-2204.552002
-1216.173584
-542.294189
495.725586
1250.483398
1215.290039
-272.498535
-334.206543
-235.141113
1144.722656
-424.682129
-1452.246948
-1431.868164
-948.675049
198.234375
563.171875
-1606.779785
-1287.822754
-560.596680
833.653320
985.791016
77.782471
1210.037598
783.538574
-196.183594
-1895.816162
-1182.115479
896.961426
582.196045
-925.403320
808.142151
478.800049
-1932.629883
834.131836
497.093262
-882.626465
-715.599609
-234.084229
1191.806641
1223.839355
3088.285889
1708.535034
-415.315063
-485.374023
-776.553711
1559.166504
2011.255615
1200.070801
-665.063965
-2657.139160
-483.284668
861.639465
-43.539612
1139.311279
-582.738770
-3941.933105
-2805.417969
2129.741455
313.386963
-432.060547
112.351074
-1115.735107
-1837.676025
-1100.373535
-418.047852
655.752441
948.311523
1235.175781
385.722656
1364.016602
2428.958984
723.443054
1125.136230
67.844727
-1418.343750
-964.751221
-214.624039
808.282959
175.883301
560.952637
1153.276367
525.184082
1447.680908
1408.354980
3133.552734
104.025635
-799.519043
-2112.782715
-762.974121
-500.965820
418.872070
55.516357
-348.573242
-20.271484
91.502930
-117.837769
-724.498779
532.398560
-13.761780
70.079468
-659.181641
-743.349609
-524.679688
-164.172852
395.502930
-938.340820
-1836.579468
-784.805908
1422.304688
1524.736328
1560.484375
-79.839844
-516.604492
-965.919922
376.440430
712.714355
1564.109863
119.432129
0.853516
456.463379
1741.121094
615.960449
1241.214844
-1262.879639
-508.855469
-1429.664551
1419.142212
2653.618652
784.135254
-167.434814
573.301758
34.482422
-246.427734
-796.842529
-1127.511230
-1427.750854
-326.647217
620.221191
-1634.759033
-1738.322266
200.376221
368.144043
-49.571289
-592.815430
-846.103394
-198.656250
-1211.480835
-998.154785
62.249023
-986.533325
-1446.825317
-93.919708
-168.916748
10.497070
-242.045624
453.228516
735.486816
-913.101318
-1361.359741
-180.241699
-3942.702148
-4183.946777
-132.001526
205.422852
32.611328
263.608887
-1364.067383
93.733398
-916.969727
-2002.339111
-362.405762
277.125488
1417.613281
1501.689453
-977.439941
2054.328125
1851.770508
55.958984
-882.656921
-434.397461
-146.877930
-1483.091309
-2375.085449
-1507.778320
-495.724609
790.334717
914.309814
-5.219482
-973.140381
-1023.549072
1337.785645
1222.361816
120.282715
175.324829
-580.802490
-1592.451660
-1915.733643
-2432.316895
-3092.469238
-1838.856934
-308.287598
48.594238
452.793213
1251.625977
79.111328
-947.381348
361.869141
-46.543457
-147.619385
694.282104
115.981934
81.101318
991.125488
207.674316
132.401367
279.190430
488.852051
599.420898
545.050537
229.783813
-2493.861816
-2798.088623
159.918213
307.986023
-679.274658
-659.612305
-1060.703613
-939.110352
-510.259766
1786.999512
1325.017334
4432.906738
4578.805176
4493.465332
3420.687988
727.475464
-1041.658203
-611.433167
669.718750
791.149292
455.465088
961.992310
-200.443115
136.852051
262.767578
-22.806152
123.536987
1330.479248
154.291016
-202.689453
-592.557495
-1071.420166
-880.149414
1233.940796
-1401.433350
-628.495605
-221.889648
-376.536377
-665.572754
662.743652
267.980469
14.085754
1551.593384
1353.810059
429.083984
131.306641
464.032227
223.156982
326.724976
-855.541138
-486.579102
1610.604492
3119.059570
3603.998291
-373.608582
-782.282715
-1126.887695
43.311768
1116.331299
1059.340820
1389.296631
433.240723
-894.377930
-205.751465
745.932129
1307.549072
2088.120850
856.304688
-467.598511
-159.702103
1796.531006
3049.252930
1346.714233
-714.693665
-948.534058
389.826660
-22.111328
732.758545
1754.521484
933.640137
156.753662
-918.119141
-884.303650
1228.818359
534.068115
-1011.867432
116.448730
763.576172
2217.285156
2125.656250
259.871094
-206.712891
517.010986
875.844299
-575.508484
-1185.191406
-125.219727
990.025146
-529.244751
442.937012
4618.427246
2392.845703
353.583008
2373.703125
-776.849609
-254.753906
970.736938
424.247559
359.329010
429.598145
579.882324
97.035889
-519.715820
967.775391
529.493896
-162.386230
698.119141
-221.594727
-287.857788
43.614258
330.907227
203.030518
-92.398392
90.866455
-1246.322266
-2710.327148
-97.883789
1013.303833
2053.475342
726.330566
-704.822266
-984.402344
-439.212402
-51.922363
672.711914
-4737.379395
-4266.075195
-1520.045410
541.240540
551.833496
-1856.510742
379.812256
184.940552
405.979980
1445.237305
-371.741455
724.470337
1530.130981
-1594.182739
-1730.980957
175.561523
339.167969
451.031250
2064.132812
1600.586914
-26.619629
-283.564972
644.435303
435.754639
950.570557
-242.264893
349.752228
103.323242
343.119141
279.395508
817.479004
403.990723
-479.331787
-1115.250732
-888.352295
-842.140137
-1857.020020
-1902.901367
-861.222656
-721.638672
410.835449
901.738037
765.045410
126.826660
-508.168030
-847.783691
-58.267578
-860.383301
-1438.278076
-453.021484
-504.551758
85.739258
679.576904
591.977478
-8.966919
66.351929
198.458496
803.286133
1765.638672
4172.363281
4485.715332
2967.768555
166.859863
-1462.857788
-45.218262
-1655.614502
-1539.819458
498.793213
1349.615479
1204.710449
696.348389
375.147217
-708.841675
-922.092773
-1022.903564
349.938965
1600.215820
289.371826
207.847412
338.233704
120.063049
999.144653
902.138916
-922.308594
-30.889648
475.325195
1550.728516
2171.236328
2522.333008
193.685303
-740.204102
-1329.452148
1584.701660
1133.109375
-322.461914
-2155.491699
-1233.168945
394.205322
389.372314
-1865.611084
224.901367
665.769531
1241.954590
-1065.110352
-164.095215
-109.965820
499.193298
-1550.999268
-791.905457
110.408691
-2088.899414
-1609.077148
695.159180
552.305176
408.704102
-5.675781
399.183105
-564.799438
-1450.587280
63.227814
454.745117
84.696167
-147.688599
241.904297
1731.340332
1152.225830
-275.625977
1551.946289
2530.264648
2294.093018
390.473145
-112.646484
675.267517
541.843750
-642.500000
-364.315674
-1142.230835
-20.114502
1032.848633
1065.715576
-343.188232
-2321.784668
-2256.865234
631.343018
824.218018
-414.041992
394.729736
-191.809814
242.329102
2867.141602
1179.084961
-744.979492
-1436.646606
-1212.576782
-1232.725708
153.937012
1897.919556
991.260010
-221.233398
-365.496582
-1013.355896
335.345947
-79.559082
5.841309
-979.471191
-156.691223
-5.767090
-1318.521484
-1317.957275
125.669434
-199.591431
-366.952332
316.476074
-1150.857788
-1093.210693
712.731445
880.328613
-342.460449
-954.335938
1155.131836
3787.715820
2819.833496
81.981445
-1072.535889
-709.830078
133.181152
3307.646240
3616.443359
-316.961914
116.585770
651.669434
548.583008
3197.689941
145.562622
-463.147705
829.518127
551.217529
-336.977051
-785.090088
26.353027
-1069.571777
-328.625977
170.131104
-439.105957
-375.481323
339.115234
1342.198364
1137.346924
121.444336
1680.634766
1809.243164
-154.500977
275.613770
70.007568
-487.817383
-1293.953613
-581.009277
-2959.515137
-215.314941
-0.396729
-692.555786
-165.820557
200.062012
-217.994629
-462.847656
297.996887
127.250488
-1390.541016
-1228.488281
-1381.218750
-221.111328
1702.490845
865.016724
-371.086670
1392.640625
643.258789
358.791016
-1478.905762
-2549.585205
452.478760
1401.001953
2617.013672
2916.054688
68.924072
-1010.374268
-1273.910645
-786.797852
659.250977
436.274902
1442.798340
-1063.191650
-143.182129
1204.544434
407.704041
-143.134766
1756.903320
-661.113281
201.159668
470.623535
0.772949
1099.843750
560.180664
492.364990
1732.514648
454.228638
-1590.813965
-996.759766
434.175781
89.156006
-1845.845703
-567.381226
-4028.933594
-5763.519043
-949.822266
232.886719
-2436.022949
-1596.119385
607.408936
201.379150
1.603027
922.648926
-451.982666
-1534.419922
-1169.449585
439.440857
393.436523
-538.682373
-776.270996
-28.947021
1284.827393
98.852783
-3274.464111
-6659.267578
-5602.631836
-768.780273
-490.866913
-844.882812
366.647949
-1087.725098
-2467.857910
-2082.448730
-567.849121
-176.583252
719.347412
1176.063599
723.448975
852.090820
736.651367
-87.661865
961.659424
647.756592
1265.120361
432.381836
-411.357666
955.329346
-211.930664
-592.248535
1156.107422
1961.729736
-963.319336
1301.165039
-632.967773
459.903809
-44.535645
1138.921143
3820.005615
2095.270020
-18.524536
-1085.466797
532.705322
1280.776855
268.207031
658.418213
390.085754
-882.248291
-889.493774
-769.916016
-2238.685547
-531.631348
387.062012
3417.998779
5751.142578
2432.484863
-1138.650879
-531.954834
-415.202637
-939.784729
141.195435
1401.219238
820.440796
-589.214905
847.899414
398.114258
-979.885376
-331.179199
-28.706055
-199.686523
225.114990
-556.343262
-1515.850586
-107.020752
965.767578
3320.250000
2869.671387
-132.753418
-903.305420
-62.120605
-150.324219
857.491699
-142.313049
-523.927734
-2520.684082
1418.098633
660.464355
1082.190430
1938.084473
2555.598633
1756.749023
-646.435059
-302.605469
1365.344727
540.831787
435.067383
-414.049316
-990.603271
-723.132324
189.962891
298.922119
1569.943726
2293.579346
776.588379
925.338867
-416.254883
-202.677002
332.004944
-450.857849
-9.646484
1668.196289
790.549316
193.447510
1241.357300
1348.400269
578.433105
1.403809
-242.634766
542.967529
634.900391
155.188477
-191.516357
-1196.185181
-3168.630615
-1667.885132
-561.954834
868.588867
498.821289
201.980957
-216.602539
-43.681641
295.610840
-1207.857788
-1104.200684
1006.496338
-72.740967
-1188.771484
456.096436
390.249756
322.145508
719.157227
158.764160
-754.402832
-1079.215576
-1393.794434
-1011.697266
489.328003
104.152466
216.852783
2466.332031
1151.265381
-674.273193
449.988281
-221.344238
-268.604492
-102.836182
439.550293
66.703613
-222.762451
-984.073242
-1750.534180
-70.926514
237.439941
1805.708008
771.409668
-551.128784
-419.432617
122.797363
27.281738
499.067383
1100.052734
-230.332031
997.705566
3135.510742
3217.219727
1080.890381
-1534.566162
-2424.960938
387.034698
1615.704468
2687.541748
1217.160645
-1169.833618
343.371094
1.367676
-766.085938
505.539368
656.912598
8.483887
163.090820
538.733398
-220.896484
17.633057
-114.314453
-236.247314
1639.085449
2316.928223
764.984131
-308.682434
-536.877197
1175.973999
3151.839844
1397.150391
-975.450684
162.388672
102.213867
11.251953
614.936768
1023.542297
-435.675781
-1422.657227
-1909.243652
-1166.666992
-567.861816
681.919922
377.901367
552.611328
-935.071777
290.422363
159.316406
-2515.790039
-1090.610352
1338.612305
175.457031
178.204102
489.944458
669.298218
139.620728
56.364746
312.245026
277.957520
-1548.072754
-2474.796387
-188.956055
1806.264160
2005.736328
2421.117188
32.620605
-687.178467
-261.600464
158.673462
-970.084961
148.358398
-139.151367
-652.641113
-1294.267822
-785.716797
745.851440
1015.819824
678.028809
-282.117432
-960.448730
-736.864258
-398.469727
-396.415039
1598.936035
3915.854248
2233.364258
-162.351562
40.902832
-26.530273
388.984863
-837.918945
-2667.568359
-1331.819458
397.104004
-283.875977
2512.085449
3230.400391
3511.744141
4657.426758
3211.160645
417.941406
-483.335144
-1901.729736
-1673.287109
415.023682
2261.343506
3247.779053
162.959473
-205.551270
-965.303101
-1541.940796
348.552246
-915.916504
-1575.350098
426.360596
414.295166
1712.119141
2010.015137
360.652344
-19.735550
-1763.802734
-2072.145020
-180.827393
891.465576
500.426270
-343.178223
-393.166504
-120.970825
-1148.567139
70.971130
675.133301
-430.295898
-1117.000977
-774.012695
-3644.989990
-4295.936035
-1723.352051
-454.382080
273.436523
1515.837891
974.231445
115.470703
-644.261230
-311.604279
-277.630615
-753.182129
935.866211
-180.143555
685.677124
164.402832
-402.622070
-1245.953491
-753.538330
-343.709473
-358.709961
1298.653809
1279.894043
-803.871094
-3789.393311
-5467.742676
-3.254883
314.642456
-1158.496460
132.805664
-2942.649902
-4426.025391
-1723.831299
-663.010742
-1641.264526
-3018.298340
-1734.104492
703.072998
624.440186
-42.173828
-827.420410
-1050.240234
249.655762
1269.643555
4519.923828
580.880859
-431.115845
948.611084
1898.218506
-229.593262
-392.114258
791.611938
-209.167480
1106.910645
1423.119141
-681.528809
607.020264
1771.583374
399.177246
-523.052734
483.827637
-316.379395
-809.524536
241.051758
284.935547
397.206543
655.797852
537.503906
719.171875
-225.138184
3345.456543
3758.297852
-142.006744
-972.970703
-1698.691162
-2654.885010
431.276733
1434.249268
-188.450684
620.575195
309.496582
-294.857849
1010.917480
776.954590
-77.699829
478.749023
774.886719
-53.625488
383.101807
510.856445
-3142.602295
-5048.282227
-2860.110352
30.729736
1323.516113
-494.560059
-127.624512
-285.009827
2293.159668
5010.282227
2850.404297
176.178467
610.982117
-91.108948
-1440.765137
-1468.867676
378.458008
1210.741821
570.214355
971.804199
2397.983887
548.522217
-958.848999
-693.335938
622.553223
584.351562
-143.237793
296.878510
681.089355
-1442.906616
-230.665527
614.110352
-389.956573
253.555664
-467.873047
-115.375244
1.379883
1049.530273
1470.460938
-400.376740
-1019.029785
102.341797
-456.408203
-400.555298
-1205.625610
-562.485718
-1117.253418
705.542969
2388.009766
605.977051
-1161.498535
-124.720215
147.181396
-769.943481
1658.866699
2404.753418
1145.646973
1589.784180
806.320312
-195.986816
777.343750
-1727.124023
-1492.906372
402.492676
589.834961
715.710571
1260.272461
38.394531
499.213562
232.246094
295.282715
217.003174
-266.000977
104.296387
-65.758545
730.446350
791.225159
923.903076
-64.517639
-1132.840332
1157.793579
4371.364258
1535.946289
-288.015137
-648.561523
-3486.123535
-4301.370605
-1481.149414
668.890137
143.753418
-814.206055
-951.478760
-1109.302002
-106.715820
-751.778320
-2569.779297
-1329.243408
171.799316
-106.363770
161.266113
-294.594482
476.086914
571.011719
-744.160767
203.386719
370.897949
134.350830
327.490234
1202.838989
1271.925659
1005.270691
1229.294189
165.055176
-690.743286
-150.820312
413.912109
-453.531982
-1182.685913
-691.327637
-416.580566
984.432861
1236.728516
-1187.238892
-576.285583
-3.901184
-328.250610
764.274658
-97.978546
-518.634277
-300.376465
-1144.830566
-403.503906
319.362305
-274.884766
-24.857834
551.303955
1700.097046
1724.607544
1044.485596
946.682739
85.154541
-1401.670044
-518.308167
1816.958740
1513.800049
-547.405029
8.757324
143.299805
285.040039
-193.144043
79.247559
-1016.577515
-1000.474365
-431.417969
-590.118530
-31.888306
-120.897217
69.075684
1436.916748
544.149780
-740.774902
663.532959
417.802490
1318.958740
3116.091309
1450.184082
-328.411133
-822.414551
-587.969238
527.579346
-235.335205
709.974487
157.162598
-877.313965
571.454102
-534.655518
510.972656
-1293.240112
-1842.788086
-84.116211
319.154297
-305.549072
1345.260742
1469.562500
217.062012
-468.188477
816.498047
542.725098
-610.301758
-985.857849
47.958496
-666.797119
-2711.695312
-1284.909180
815.279907
2333.762695
482.137451
823.670715
1151.509766
602.854492
1266.147949
-78.642090
-2536.802734
-2936.059570
-1068.724121
1106.760620
1725.817871
-45.209167
1691.928467
477.470215
1574.041016
2159.398438
219.970703
-2302.687988
-855.615479
-1603.948242
2857.816406
2166.685547
-368.877930
840.304688
-748.297363
1174.415771
44.360962
713.079834
1003.685852
1507.175293
-549.453613
580.332520
-573.519043
-2032.062500
-1255.447266
1728.551270
228.900635
850.475464
-810.047363
-3750.956055
-3235.582031
359.315430
465.736816
361.777344
22.890137
-666.442871
-981.091797
-627.666016
123.754639
-412.669922
-46.595703
137.511719
-2514.496094
-2350.258301
763.372559
400.864990
592.706055
1718.848633
44.782227
-231.869141
-692.168945
-197.152344
222.779297
-205.446289
-455.572052
-613.517822
-689.972168
-348.610107
636.494141
703.705078
440.451660
-1119.561768
-638.524475
-635.128418
-1593.502930
-1233.789795
280.687988
1517.697754
1052.443848
536.474365
252.719238
-417.464844
-571.367676
-318.187500
-841.193420
270.475464
-70.356934
60.217773
-188.105957
931.505859
-1305.230835
-1428.008301
-214.602539
158.138672
1180.966064
818.296387
666.142151
516.432617
-305.485352
176.012695
878.579590
486.524170
1005.142151
668.852539
736.765625
-84.280518
-1033.458130
121.418213
931.741699
225.788086
579.399414
219.427734
478.266113
2.584595
-837.167480
-378.549805
349.471436
-727.739014
-2201.047363
-1357.057617
239.633301
1816.953125
2790.186523
120.922852
-2240.300781
-7.026871
1029.035156
1704.774414
4210.655273
-65.625977
-81.327637
-664.499023
-775.109375
223.683594
-471.836121
-1420.857666
1444.089600
-197.225098
1930.669922
375.824219
1610.342773
-265.083984
779.547852
167.979492
-103.847168
-330.940918
-79.815918
471.791992
-420.590332
-1189.649414
-687.857788
73.693359
-567.136719
-276.575684
-216.257080
-582.778809
135.364136
838.938477
619.988770
755.187744
1396.576904
-1660.522949
-1071.145020
2263.854492
3070.274902
3249.800781
2954.835449
164.473633
-486.110840
-360.909424
-1243.609863
-1519.332520
386.904236
2907.142090
574.869507
-407.524902
170.472168
2033.598145
1102.874512
-1471.939087
544.793945
1091.045410
728.291626
571.590332
193.474121
948.568237
303.769531
-1048.333984
-670.603149
1049.858154
3887.045166
5075.310059
710.100891
691.059570
1237.231445
288.286377
698.297363
2079.860352
-139.272461
-8.128906
3399.272949
2263.153320
363.294678
692.362305
-744.836426
-2014.931885
590.993652
478.699463
603.862122
1367.739136
1400.650513
764.149658
511.886230
834.172363
333.227051
-404.432373
-907.588867
-1400.645874
708.899902
2365.724121
2082.954102
588.010742
-1663.133789
-1526.062744
-428.768066
893.810791
1211.418701
821.729492
434.959473
-701.983887
-598.462769
1416.947754
164.418701
-1657.288818
-1462.635254
-688.843750
-1864.183594
-152.559082
348.826172
1962.464844
3087.970215
-1120.468506
-1121.241699
-309.416016
-266.087402
1013.550537
-1368.411133
-1306.521484
129.530762
-2766.723633
-3129.170898
-19.581055
2966.284180
469.166748
1588.677246
2861.011719
74.799805
-611.658447
-1279.249512
-3198.250977
-1300.156250
-2001.701660
361.078491
791.951172
1168.820801
-839.279053
-714.274902
1903.616211
2061.343262
-258.289062
304.498047
1321.442505
1532.488647
556.650757
419.111145
-2924.696533
-5916.485352
-4729.641113
-1548.596924
787.385010
-224.806152
-74.677246
1163.792603
636.868164
2057.578125
3818.747070
2628.807129
286.204590
-3079.113281
-1963.043457
-83.720459
607.927490
953.525391
1651.071289
752.985352
740.675293
1670.563477
196.283447
-508.600586
-411.431641
213.416992
281.455444
395.625977
348.051758
120.635254
-433.293945
1184.303711
1480.392090
1639.669434
-79.877930
492.510376
654.693848
-339.401367
-408.795898
137.867065
1103.797241
377.928223
1065.905273
648.243164
-1472.740234
-1238.202393
-1535.165771
-206.820068
1141.109375
267.567871
456.466064
276.853516
-207.064453
-100.816406
-505.850830
-2194.545166
152.040558
2053.278809
857.900635
274.346008
-765.857849
-1126.928223
1981.033203
1129.883789
-181.925537
552.920410
-1209.787109
-851.227051
740.647827
151.098022
-1037.854492
227.990723
1155.650757
400.988281
-1264.325195
552.066895
851.303711
542.100342
-342.507568
-358.366699
-114.385742
-465.669922
-503.146484
-325.988525
717.891602
181.474854
-830.514648
-2030.172852
-2757.083984
427.793274
-28.161377
-830.798950
-519.603516
-832.077148
-377.763672
308.529297
3348.194336
3835.509521
1969.472656
-692.267700
-1180.744995
-1124.461060
-1607.027588
-795.368652
691.910645
731.195435
-635.660889
-420.524536
790.081299
-679.734375
-1306.234741
109.134766
775.237793
-278.109619
1216.048828
885.242432
360.070557
264.390381
-501.989899
489.366699
-1013.929443
-3869.988770
-1652.623169
1132.471069
295.017090
-316.896484
-327.416504
-183.795898
-341.243164
2554.921875
1375.852051
-222.963287
-1090.211914
43.334961
783.880859
1608.127930
-250.156006
463.488770
696.835938
-49.416992
-1004.733154
98.757324
211.974854
517.143066
1245.196289
248.376953
979.270630
-62.817871
-512.123535
855.491455
1253.016602
455.719727
-56.614258
77.629883
1084.862305
4495.766602
3727.226318
-557.298828
-2846.367676
-2756.889648
-623.242188
1484.621094
4947.248047
3376.401367
-481.827881
158.518311
1027.929199
589.854736
599.059937
347.728638
527.748291
-373.634277
226.805176
258.535156
-189.890625
881.158203
1033.129883
245.912109
-41.526855
-143.572754
-943.070740
781.879028
1675.327881
156.310425
-9.900787
2020.398682
3024.668701
-33.630249
-1675.018799
134.655029
801.627930
-232.827637
1364.506348
850.582275
-509.841766
14.226318
546.035156
24.597168
-257.183594
180.523926
897.796753
704.769043
-287.757812
903.680664
638.904541
1113.262451
277.097900
-57.300781
1184.499512
530.078369
-520.063599
783.776367
305.909180
-779.779297
-861.117065
-1316.624756
-763.381958
-89.866211
86.036377
124.427734
655.944824
318.347900
196.177246
-175.714844
-592.403320
39.298920
892.004395
-778.170654
-1198.058228
466.748291
25.029297
42.352539
929.716797
55.310791
1143.321167
-0.018433
-171.334473
-27.082336
708.354004
-115.401367
-674.123047
180.737549
1183.172363
429.681641
118.292969
1447.464355
1032.292725
630.861328
-365.524536
-618.339233
1084.855469
449.005371
-563.008301
135.548096
-225.754150
284.365234
830.913086
322.787109
1549.745117
1115.759766
-889.722778
-561.459961
-1034.099121
-1024.354980
-452.285156
-119.352539
78.866699
-1163.315552
181.059082
62.133789
-34.997070
327.276855
927.518555
1238.753174
382.590576
874.699463
-25.875000
-575.208984
-662.782227
437.673340
760.049805
721.464844
1760.442383
-1583.365234
-474.286133
-1750.140137
359.575195
284.452148
728.689453
-183.259735
-1425.683350
243.326416
1091.353027
432.779541
750.515625
-862.390625
1109.304199
2878.525391
396.142151
817.631348
1565.433350
1061.683105
866.496094
1004.336914
-291.316406
-46.983887
-697.508789
42.562988
-312.437744
231.308838
-315.144531
-2560.074219
-1117.722412
915.368164
1931.244629
4471.625488
3571.290039
511.747070
91.827881
-90.269897
-1828.034424
-2307.664795
-1357.855835
-1094.857788
22.000732
327.390869
-765.083496
-1048.995972
-153.197418
-2510.115723
-4840.203613
-2357.021484
1380.423828
389.152344
443.099609
206.621338
-893.581055
-1647.442383
-294.409424
-1182.940918
-1640.427734
536.843994
1687.395508
1576.436035
890.040588
-1721.539551
-784.066895
360.718872
-465.740356
-1181.468628
-199.129883
-699.030273
-881.017273
-243.645996
-27.460938
430.853027
484.789795
517.278320
-358.308594
845.385254
286.313477
-1770.320312
-1128.770996
-248.825195
642.413574
39.564941
-429.951447
-507.217285
1908.392578
-932.868164
108.426025
696.817383
-151.911621
270.326538
-876.497559
-1222.924805
-1087.526367
-895.212158
364.069275
-122.859131
-433.921875
-133.839600
5.639160
-234.889160
1141.170898
-74.339355
-397.080078
801.017456
192.663208
944.179199
2728.613281
3054.732422
1692.826172
-1081.496338
-454.883057
594.283447
803.935547
1330.669434
816.031006
993.469727
659.869629
-1005.929932
-164.121094
17.839355
72.680283
74.441650
-594.789307
588.940552
221.167480
-799.081787
-410.655518
242.563965
290.575195
797.770752
1390.319336
736.657227
-468.349609
-328.790527
-852.146118
-484.749023
449.877441
-302.094727
-560.995361
199.319336
-239.020508
-504.812256
547.914551
934.959961
382.578125
644.129150
1330.706543
459.907715
1310.741211
350.981689
-3013.229492
-2479.957520
334.911865
687.515625
1528.102539
1231.864258
386.240479
124.043945
-1312.065430
-483.717041
343.772339
-968.980957
-503.767578
1422.228516
1252.020996
2495.971191
2231.875000
522.882446
-288.059326
413.390137
965.907715
1772.201538
858.331299
347.291992
1895.625000
2545.431641
153.381348
-367.750427
31.880859
-407.896729
389.378174
1067.397461
-809.792480
556.404297
118.274902
773.811279
3224.163086
1655.198730
782.062927
1421.567871
-716.405273
-1035.388428
552.341431
-1539.355835
-1489.605469
235.474854
714.826660
1013.959961
-431.859375
-1462.432617
-512.814453
18.992188
864.599365
1451.126099
1395.012939
-373.335205
-774.716797
549.393066
46.466309
440.618164
-754.127930
147.833984
256.142151
-661.655762
924.594727
-1.290039
-1747.683350
-1984.657959
-1274.099609
-1801.585938
-773.604492
-4012.727539
-2586.776367
-162.246582
-719.168457
-872.415527
-1510.229492
-3455.309570
-2453.148438
1423.351440
1001.692261
-1265.290771
-1463.105347
-534.490845
-1195.149170
-455.309570
551.649414
-462.585938
-837.697266
368.918213
-1888.521973
-2049.215820
-495.125000
-601.290527
-643.089844
685.212524
292.483887
299.311523
213.545410
1027.518066
-212.856445
-198.087891
435.871338
631.302490
-271.248291
-134.271149
-50.131226
448.088013
173.470215
1847.360596
671.105591
-518.788086
305.785156
655.974365
463.283691
359.583008
-35.155762
-430.835938
-1462.156738
-2544.878418
-2157.160156
-778.333008
-324.616211
340.132080
-405.885498
-829.366211
113.336426
-55.847656
-713.008301
341.121582
1373.889648
321.243652
917.660400
-401.351074
-993.104492
43.665527
-1520.018066
-1568.100586
-1219.639893
260.396973
1400.030029
575.081665
218.943115
2882.374756
5365.300293
3746.552734
2527.460938
184.538086
-585.397949
-189.922729
-154.738770
-83.594482
3514.319580
5310.634766
2337.475586
686.551758
-22.997559
357.479004
828.184326
-941.109497
-1462.524536
-971.539795
-60.618408
430.368652
-61.899902
22.871582
-142.641113
-949.777588
1831.314209
4349.211426
4275.623535
924.365967
-384.589050
-169.357666
-1981.744141
-233.250153
704.873535
-1537.375977
-1375.268066
-1189.750000
41.250488
79.728027
936.932373
1499.334106
-280.803284
333.582214
-2713.553955
-4048.360840
-420.770020
-261.398376
2564.246826
4337.382812
-269.778076
-518.706421
618.057251
1134.244141
1010.400879
500.621094
-679.314331
-893.284485
-379.506989
671.114624
568.319824
639.818115
273.872070
1047.393066
836.630371
14.104980
-66.465332
723.129639
452.304810
-128.235657
287.367432
92.182617
-130.773438
-513.561035
752.745850
661.276917
1040.184814
1007.196167
1826.908081
68.069916
-396.983643
355.083130
111.521729
-75.323242
1359.313477
1065.410156
1098.497070
-231.666382
233.765137
1688.178833
1155.191406
422.701660
802.628906
685.522461
705.725586
1067.530762
2030.391602
134.717041
32.270264
202.801270
13.432617
346.454498
-222.395508
700.465820
1163.500977
721.078125
541.274902
762.521729
398.818298
-1381.907471
-1464.603516
-35.991211
-423.585205
-311.046082
-348.024231
-621.705078
-2100.106201
-3273.763672
-985.171387
2817.830078
2066.306641
1814.653320
241.177246
528.813477
-73.613358
-1710.978516
-246.713867
1245.157715
-1097.353638
771.341797
294.917969
-4878.415039
-2505.141846
10.215332
-1061.054199
-1800.524414
-1436.354492
-926.762207
-162.910156
1676.264648
1236.715210
-623.526489
-908.541504
-1111.729492
-3377.125977
-1197.632324
1349.810059
56.594482
660.478760
469.520996
189.718506
1388.559082
143.385254
3314.619385
1831.192383
-790.735107
-377.086914
-1789.891724
-896.176270
-83.443359
-283.162109
365.228760
826.720703
-154.161621
720.797852
-141.758301
-789.259766
-2638.555664
-2534.436035
-508.961792
286.601562
2432.425781
1172.149414
-444.859863
-2917.551270
-3442.478760
718.609619
1242.656250
941.394531
1538.168457
305.371582
125.272461
1718.120850
3041.825684
881.091797
84.881348
329.951904
-754.313477
655.920410
-360.900146
-888.719971
479.182617
35.829102
925.598145
1221.552490
495.767334
-1061.077637
-543.583496
766.761353
-231.718506
-35.651367
968.210938
1117.613281
1184.526367
-262.171814
-724.111816
88.325684
-15.955322
77.130188
-803.309326
1041.994629
1330.220703
-160.965820
810.693359
191.363525
-120.648926
661.253052
-1273.407837
-724.216431
98.064819
-994.575317
72.115234
4.982910
-279.519775
-73.439331
-19.548828
191.378906
139.630371
889.785156
950.665649
515.160889
117.250488
-848.307617
-597.700928
510.004303
2674.875000
1897.978516
-469.110352
-1602.971436
-202.973633
2546.289062
2863.580078
-199.565674
-322.624023
657.013184
-945.645020
1060.056396
618.162231
-709.446411
588.683105
80.723145
33.557129
1012.379272
382.444214
-1323.547363
-2850.160645
-4039.318604
-4179.154297
-4239.348145
-2338.944824
-439.080078
222.641602
1335.509766
-137.675293
-518.727112
225.691895
-1292.229980
-1237.550659
195.073730
485.544922
-37.041504
-1582.671387
-3498.593750
-3509.400391
-886.001465
-536.717346
-537.559631
382.650208
530.112061
-83.882324
1004.084961
1052.794189
899.675781
277.948242
-214.201172
37.480957
1187.129150
1328.250977
129.777344
2920.383789
246.189453
-1141.444824
-272.087402
851.405762
172.399414
-553.201904
576.516602
631.944336
-452.773193
-626.944946
-532.143066
-363.728271
-472.140625
1241.834473
1890.906616
3563.977539
2645.401367
1030.837402
-377.249023
267.105225
811.675537
-596.701904
103.313766
1675.123291
-189.676270
131.623047
1140.804688
712.590332
165.257080
175.514648
612.446289
190.042969
181.487793
-1886.197266
-1484.005127
-1765.523438
-401.897766
797.668457
1162.585449
331.740723
71.087891
509.649292
-909.770996
-2527.703613
118.144897
311.170441
-1723.857788
-664.549805
258.499512
-1188.125488
-1647.895996
596.282837
514.638062
-283.905273
-25.012695
-813.989990
-113.191162
-440.587402
-1792.405762
-524.246826
805.790527
1153.408691
896.284241
955.299255
-1394.097412
-3270.647949
-2584.586426
16.340332
134.541992
-134.892578
423.104492
-512.204834
323.707520
-26.436035
176.754395
897.373901
1779.194824
1321.527344
800.119141
563.243896
-678.002197
-3418.260742
-479.967773
810.126953
-1476.875000
-606.100708
312.854004
113.647949
-346.709229
-862.880066
-813.872559
-485.921875
-367.294678
-589.036377
-722.985718
26.364258
121.357910
-185.059814
-1139.372070
364.106445
247.067871
-263.196289
-1821.406006
50.225098
1098.967285
-695.397217
-1850.867920
550.128418
1594.775391
2553.713379
1027.959961
850.978149
973.873535
194.053711
-1335.366211
-231.699219
537.583740
-1613.436035
-516.669922
-127.368164
-260.729492
-500.370605
775.526855
376.887695
483.884277
188.968018
-519.501953
586.025879
609.052246
915.476074
-374.355225
-1010.541748
-992.973877
-1711.204224
-1300.334961
472.468750
999.715820
-125.249023
970.812012
602.774658
-1048.020996
-966.551758
1115.480957
-694.185547
-1157.716797
-890.182129
-768.240967
440.200684
3791.432129
2380.545166
-204.857834
-1230.647095
-1428.097534
-1465.857788
-761.562988
260.634033
-674.524536
518.286621
137.475586
567.781250
2833.710938
3289.375000
2619.808594
1106.750000
284.331055
85.279297
294.668945
648.969727
2360.823975
2577.343018
145.838867
405.369629
-164.021484
1499.878174
3982.082031
1487.746338
-337.113770
-1217.714355
748.605957
349.621094
-346.702148
438.276855
606.609375
1203.186523
305.156250
1149.920410
-587.386230
-39.682617
122.595703
531.189697
225.084961
747.358398
537.464355
213.482193
-1116.383545
-1389.398193
658.067749
522.659912
-139.921021
-861.417603
-358.722168
-1275.664673
-2832.243164
-736.624878
910.611816
610.586914
435.432495
242.535889
-614.066406
576.337708
-784.848633
-1738.738281
131.897949
-102.962524
-253.544922
475.100067
408.110840
-1402.143555
-141.083008
1100.502319
-75.672913
287.599060
461.516846
846.475464
750.380737
1048.674316
-1214.041504
-4073.726074
-2706.127441
617.750977
4618.022461
5597.936035
442.163574
-1487.150146
-1861.802979
-881.446777
999.548584
-863.838867
-1458.348877
-1073.592529
-1027.524536
1225.689331
-121.996826
-2468.985352
-796.632568
1073.913574
878.096680
373.264648
-294.259766
344.368896
369.635010
-945.510010
237.974609
362.122070
-334.160522
-11.675781
-835.713379
73.521973
-643.956055
-2529.407227
-2279.642578
-110.353516
796.141602
343.324707
138.071411
326.749329
797.096802
-147.474243
319.703125
-782.459473
3018.571777
-293.153259
280.248047
757.247559
-582.843750
70.056641
-1101.026367
-362.175781
-912.562500
-673.310059
231.580078
-603.722168
-2015.762695
-195.958252
1748.304688
2735.757812
2096.113281
2968.931152
2045.258789
1712.130127
1027.467285
-54.746582
-102.425781
453.859131
1792.808350
4319.045898
3724.914551
-212.067688
-1625.234375
-3002.271484
79.547607
2116.922852
1277.269043
-245.091003
-1829.228516
624.730469
702.133789
-95.752686
-258.260315
1014.812256
994.918945
-1277.341309
726.967285
2601.951172
1548.987305
-1597.356567
-804.226990
-49.339600
615.215820
55.411133
-226.824585
897.475403
-358.486328
-619.103516
-1403.156250
888.100220
-261.347656
-741.911865
586.734375
691.382568
-427.482422
949.993652
1257.888184
478.926636
-609.913574
-1391.697754
-927.984863
174.004150
-59.199707
-1322.645508
824.955078
-342.166504
1578.107910
451.785156
1581.317383
98.448975
496.035156
676.650757
941.126953
1122.827148
2054.914062
822.305420
-1031.466675
1234.465820
-109.314209
-1415.663086
-657.880005
790.440918
829.983398
860.849609
1445.048462
1020.914551
-403.556152
2781.263672
2404.336914
455.123047
673.127930
430.873535
-1222.591187
577.817871
4758.609863
3012.453125
2654.559570
1474.026367
-380.673584
473.568359
272.823730
2461.394531
4043.657227
3935.759277
1342.130127
-1645.806152
3.483398
124.073730
-971.800049
313.269653
654.123291
1110.537598
-276.730469
867.209473
210.401367
497.804199
-129.117188
-203.360352
-431.779785
-2248.717041
-5712.926270
-3300.408203
-14.573242
2351.045898
1272.318359
-174.213623
-169.368652
-1125.774414
-1377.861328
-441.901367
408.165039
-272.310547
641.619141
610.043396
-1657.783691
-993.983398
693.591125
1531.184448
-479.610535
716.605347
179.783203
704.303223
1000.830078
1328.432617
-21.867188
-1595.545898
-958.634277
347.154785
634.855957
1242.684570
-997.321533
-721.781616
558.702393
-124.722900
-800.455078
-207.754395
543.744873
640.039551
-1360.651855
307.390137
-1336.099609
119.393555
-1981.251953
-1973.907715
-1820.441406
-1077.058594
-785.188477
-492.086426
-250.869141
239.414551
-1457.113281
-2924.016113
-2150.047363
-2862.504883
-548.315063
-264.870453
-781.899170
589.257568
396.875244
-1407.541382
-1258.524536
-1101.413086
-219.259033
196.983887
-1545.179688
-2523.338867
-2405.721680
-668.360352
796.442383
1553.211914
111.991211
344.820251
874.740234
-412.708496
-1226.038086
392.568970
-571.717773
-298.135254
652.797485
-398.722168
1471.713867
768.346680
-50.742676
-775.512451
-621.336304
-637.370361
-749.627930
1289.419922
-370.912842
1010.388184
-238.857803
-524.924805
-315.211426
-1272.917480
-890.666016
-548.699219
-1303.198730
23.442383
669.853027
361.726440
1326.400635
1128.520508
363.019531
-628.466309
-43.058350
-84.660645
-182.324097
-1494.252197
-393.986084
-189.098633
-400.300903
158.617188
2317.249023
534.314453
-333.791748
2754.962646
-687.979736
4738.353027
384.055176
168.272217
901.314453
-259.780762
-701.571777
160.200195
123.933594
-845.517578
-569.246094
-116.754883
1454.654785
2184.958984
519.512817
71.270752
5252.292969
3855.042480
-797.554626
-723.627930
-266.195312
-755.969727
337.829468
-3385.545898
107.642578
-410.969971
272.916260
2152.773193
938.344482
640.883789
1356.396240
457.872070
149.188477
-1459.094727
-2133.728027
583.602051
502.892578
3053.396484
5389.552734
3797.254883
1558.873535
-1353.109863
102.368805
1135.162720
1281.222412
615.460693
-874.857849
-706.409912
89.420410
-2313.255127
-2890.526855
1141.276855
-422.792480
-1276.954346
-737.102417
-688.473145
1293.740234
292.375488
764.747070
262.053955
-325.661621
-430.667725
609.892578
-541.706604
1088.618652
935.232422
-284.968994
-1149.461914
-3812.748047
-4977.240234
-2154.535400
399.271729
613.328613
-85.890625
-1156.758789
-2552.339844
-688.993652
839.482422
-684.426758
914.488770
-177.014648
-2011.577148
-88.439941
-17.350830
170.640625
-366.404419
-1936.449341
-117.317261
716.770264
-1888.857788
-1482.974365
361.581024
-588.313232
-1831.840820
495.229492
692.022461
616.194031
-128.393311
639.261047
74.993958
-1663.700684
-857.511230
159.272217
-350.187256
-831.453125
935.816406
-1189.160156
-1490.010498
714.653992
-423.083496
1213.908936
3147.104004
1844.936035
-270.928711
-551.942810
-520.462830
-1589.457764
-944.656250
-498.310913
279.673340
1568.926758
4414.849609
4386.933105
1075.087891
-842.542969
-2228.739258
-675.757812
-58.682129
313.536133
-229.007202
-2153.149414
-202.657990
930.432861
-900.691223
109.296265
559.029419
-758.674927
756.047729
1483.499268
1231.142212
288.613892
323.427734
622.985352
671.261230
133.057922
-588.937012
-681.050781
-92.315186
2396.246338
2749.025879
204.083496
-458.179565
445.359863
34.799805
653.676392
-219.366455
244.334961
1270.677246
-571.828857
-759.303467
-590.657715
1526.992676
1024.787109
266.246582
438.816406
-217.733887
-3.390869
381.419922
-977.383789
-213.549316
-405.411865
168.251099
2847.996582
1436.174561
-721.434570
442.021484
569.445312
-275.000000
1823.845703
2459.813965
3411.474609
2131.775879
-50.503265
-702.352051
832.250244
1064.949951
1051.664673
1785.347168
1106.800781
-243.780640
-800.943359
2234.966797
1228.596680
268.233887
1225.949707
1734.246582
882.773438
897.945312
2294.402832
1077.858887
290.963867
448.133301
758.843140
282.911133
-1760.918457
733.165283
1195.310425
1518.265869
1395.822510
-873.414795
-1789.562012
-751.429688
1429.553711
1674.338379
-201.410522
1616.956909
648.724365
10.887207
39.282227
-1452.546875
-1066.511719
-3544.308594
-2667.807617
10.546387
2125.485352
3156.495605
-203.942383
-644.162109
-737.124268
-86.870117
224.343262
-84.177490
622.475464
-296.927734
846.189453
2095.175781
-1263.857788
-1879.141113
-82.297119
526.144043
-1426.737305
60.079102
2797.214111
-820.681885
-280.553223
-2925.499023
-6347.963379
-9688.675781
-5560.499023
-459.565430
62.358154
341.036987
2645.585449
2103.345703
-1298.631836
-67.254883
245.331757
-262.482422
227.521484
-618.296875
-814.060913
-69.033691
1046.605713
1147.864746
-677.756836
-1097.033203
1173.633789
1313.761719
-1771.804688
-301.543945
-227.635254
-271.768066
-210.173828
-138.010254
-932.991943
-3801.835449
-2387.666016
597.101562
-79.572266
-510.177979
-267.112061
-103.849121
-163.674072
919.580566
3426.037109
1946.809570
700.656738
-200.119873
-648.078613
-932.837158
1851.795410
-122.893555
-354.147949
774.746338
13.665527
834.399658
909.449707
-292.077393
-295.995361
255.467285
-1812.955566
-1809.450806
-517.868286
260.047363
-1065.509521
-1119.857788
-574.692871
415.939941
508.822754
-305.254761
233.328735
1222.183105
2649.420898
5155.817383
2241.445068
669.158691
715.770996
2656.467285
1282.252930
3008.821289
-161.947510
-1407.193115
-1619.239746
-679.525269
40.395020
703.367676
1217.885986
-35.504883
1598.804199
2958.709473
-283.944092
719.487793
26.437500
-186.836426
687.186523
95.419067
-3919.517090
-10707.476562
-7588.740234
-409.850586
1136.806152
-231.505371
-1544.649414
-637.583984
394.400391
775.177734
2819.585938
164.718018
566.236816
2372.703125
1062.004883
-1115.256104
-1643.521240
-88.674072
46.168442
24.392090
803.823242
405.753906
-71.533691
-0.685059
495.375244
-1726.008179
-5177.761719
-2716.457520
-600.323242
65.301025
-121.877197
-639.514404
-372.524536
444.826172
885.646973
-26.912415
-3043.068359
-3748.557617
-466.724609
1150.402100
441.670319
1039.551758
-88.650391
402.043213
3376.126953
475.670898
-278.258179
1660.875732
1121.463257
1222.224609
1886.254395
-726.663696
-2485.478516
-998.916260
-327.456299
574.689697
521.455078
-2280.101562
-3128.564453
374.175781
253.372559
268.699707
-925.628174
-185.854980
2129.946289
913.198975
-447.210938
-91.897461
-83.051270
1136.519653
1392.388672
1325.117676
1936.889282
-55.217285
905.766602
538.446289
-678.914551
-343.245117
-515.015625
-765.916260
-710.439209
-777.748718
473.169434
4520.372070
4878.269531
1768.875000
-847.442871
-810.038330
-863.811279
-572.926758
-1287.852417
-475.555786
67.986328
-1200.996094
1299.498047
1062.291992
-821.476318
622.517578
665.093567
-878.044189
4248.613281
6476.557617
3472.761475
1270.770142
-1169.090088
-610.688232
155.210693
732.968506
-1033.101318
-1999.809082
474.388062
1557.301270
1069.105469
3693.665039
519.057617
-6.029785
534.013184
899.966553
638.037598
458.323730
822.781006
-500.555603
-183.720215
71.090637
788.455200
753.354370
1314.423584
808.704590
-619.471436
-1445.653564
-534.940063
-664.897949
625.142151
721.970459
691.581726
757.127563
1334.554321
1316.727905
374.583740
-285.988098
-178.748291
518.169922
-257.945801
677.082275
546.660828
-1447.605957
452.594360
858.526245
-2780.543945
-1953.841797
575.480469
2448.400391
4736.369141
2136.809082
-330.788086
-785.157471
-3160.817383
-1560.843018
785.404053
-505.540161
169.461182
997.142151
-884.563232
-1091.101562
107.777832
-666.937012
462.046631
1022.548828
-584.077148
-179.949707
183.682373
1345.237793
-1181.839478
-2718.298828
-290.764038
-791.556396
572.066650
3462.452637
822.145752
-843.500977
-45.159180
-70.031250
488.754883
737.011230
522.628418
-383.319092
-1007.816895
1668.555176
1109.512695
-81.306091
865.653931
265.445801
411.784180
1086.443359
-1083.618896
-1281.378662
-147.883301
50.310059
266.750732
291.858154
1291.262939
782.438477
-1418.290039
768.390625
1386.341797
-119.060455
-1440.373047
-1427.577637
1218.142212
-149.322754
-1257.824219
-402.173096
-293.869141
641.130859
55.378174
-829.329651
-589.742188
263.142151
545.887695
721.110352
697.202515
293.832031
106.656738
1218.242676
1046.032227
1933.471680
121.264648
921.463928
557.819336
820.317383
2300.261230
3611.659912
3579.890869
2551.980469
1030.497070
-605.167725
-1205.570557
-92.929932
40.554810
-498.938477
-494.111816
774.406006
704.767700
1000.118164
590.095215
-369.096924
199.693970
654.932434
-92.351562
37.515747
868.636169
1237.256836
545.231262
-1578.414795
-760.704102
246.673950
-1042.624268
-165.073486
1474.495239
-400.248291
-692.927368
814.301636
368.555664
-581.609619
-693.757812
527.833984
-475.966797
-1221.081055
-1045.137817
929.201660
-630.546875
49.559570
1361.328125
467.882568
-1170.398804
-358.016479
-736.599609
-4475.890625
-2557.083984
-380.470703
-309.503906
-59.820007
2277.209961
2476.369141
1740.367188
182.756348
1856.760254
420.594727
-22.126709
547.577393
293.266602
542.862793
-224.366638
-1548.210205
-602.614990
607.860168
1485.850342
886.618652
651.016602
447.572754
757.620605
-527.773438
-2576.141113
1140.018066
1100.554443
-204.841858
268.232910
-1203.684082
-1376.053711
800.506836
1384.593262
-458.244385
-1280.581543
-1364.090332
-1849.721191
1307.498535
1217.977051
790.701660
552.817749
-7.494263
-1232.005493
183.137939
-529.520996
-2404.857910
-2464.410400
-842.652222
-654.341797
-2598.322266
-2533.412109
-1210.946289
-282.430176
-438.279419
906.902832
2459.545410
594.798584
168.150696
-373.247070
-896.842957
-224.134521
-11.986328
626.860352
1356.809082
1940.652344
2025.339844
-775.511719
335.857910
265.384644
859.371216
477.619629
-732.214355
-3340.209717
-87.155762
-421.307617
-323.915039
-61.917969
229.416016
340.891602
532.542969
1549.727539
-430.426758
688.755859
-426.708984
119.702393
3118.816406
1571.075928
-509.894531
-115.179199
-1001.757080
60.799866
1054.415527
1042.364014
682.892090
-1164.584961
804.765625
126.796875
-402.198975
378.184082
2236.167969
-77.963867
27.994141
739.248047
4.795410
1110.405762
2065.148193
804.154541
305.436768
-246.649902
87.427734
991.169434
-11.049316
-1428.429443
-131.158203
-1132.739746
-951.949219
1012.242737
-53.139404
-470.418213
465.891785
-18.962891
-63.891602
423.029785
-497.545898
-62.236328
1067.324585
986.008789
-722.858154
-467.408936
-26.772430
-51.819092
2644.834473
4101.943848
2509.426270
676.329712
-498.460938
598.744629
419.760254
269.983154
784.736328
525.113037
243.369629
-225.453613
-196.209229
641.218262
-866.480957
-1286.062012
209.127930
2726.214844
-116.259766
746.998047
-400.434998
-156.877441
302.291992
1052.418823
1253.826416
435.247559
-1039.243652
-543.929871
213.865479
-626.415527
649.769409
1746.955566
326.035156
-579.015991
548.300293
-812.539062
-1022.091064
290.067291
-678.765625
-2687.405273
-863.132812
-322.808594
1385.216309
2113.772461
630.016357
-594.709229
951.969604
1105.071289
-410.117188
864.523438
-434.832031
-2467.425293
-4694.079102
-1502.812256
896.007996
-1367.401123
-562.545471
1036.987061
-864.606934
799.738770
-4.010986
-319.587158
291.118896
-429.242188
174.943848
-102.457520
-278.325684
521.810059
345.138184
-1376.638428
-1482.524536
386.848694
632.101196
-624.524536
-163.636841
406.169434
641.944214
-195.646484
-365.681274
-796.611694
-592.551270
-556.762207
-1181.388672
-1659.504517
10.824219
-389.458008
-152.968750
-784.978760
325.676636
473.910645
780.483765
1235.393066
1063.222168
1040.187500
763.244812
305.520020
-1383.560059
-2977.938477
-1187.968750
970.114380
43.816895
-110.767334
656.331421
445.034668
8.117188
-360.878906
-1011.752441
-571.421387
426.353027
1255.063721
827.575195
1399.345703
3528.984375
67.573486
-1389.407715
1069.687500
649.104492
-866.636108
1252.084961
2616.535889
313.904297
-281.984863
-808.823242
-399.000488
188.129669
-231.133545
410.701172
407.364258
40.923584
-2133.001953
-4285.729492
-2897.098633
-2171.744629
-83.212158
1549.186646
-65.940918
-958.728271
-677.715393
336.432251
748.592041
-405.041992
2984.090820
-87.522949
-11.003662
-1513.659180
-2971.514648
-789.036133
1277.028809
-921.987793
-230.415039
36.850006
-1483.641113
-569.659180
78.037109
-162.931641
-360.466064
-438.508301
144.650391
2172.565430
3048.312012
1162.603516
1246.252930
689.669922
-908.679688
-2790.774414
1797.527832
2366.585449
1200.305664
1055.572266
-642.673706
-643.821289
-146.168396
785.363770
-476.868164
1173.104492
-50.992798
-1290.266113
-1516.497070
-40.554932
845.594055
2234.743896
-381.399170
-989.341797
91.188232
-486.523071
-1107.857788
19.674316
94.156250
-864.147461
-3389.378418
-2538.837402
120.510742
-64.299316
1604.442871
1111.887207
-1428.053711
383.732422
1524.263184
893.554932
399.020874
406.463135
-18.825195
-51.766113
413.624756
1277.984131
-184.418701
-935.539062
-2155.090820
-349.213867
1439.988770
-336.046875
982.370117
1090.780273
-1512.591797
-1499.444214
-58.980957
575.972412
92.319336
-1365.455566
-350.432373
-730.181152
-658.875000
1083.955078
103.511719
579.171387
964.903320
1170.038086
794.639648
-1058.121094
-1282.302246
-1230.136719
-2100.187500
-1197.424683
1405.919434
2335.623047
3055.807617
702.417969
1244.497070
899.583984
1045.677734
499.755371
932.429688
917.428101
1065.835938
-115.548645
-731.067871
-202.916016
235.475098
340.598022
2633.490234
1063.408203
300.008545
184.248657
-647.900391
-1085.155762
712.785645
-1229.357666
-9527.594727
-416.744263
-1134.966064
526.891235
-307.109375
-523.750488
-536.524536
-83.717773
848.440918
348.487427
1041.164795
705.922852
-199.670410
-1014.276367
-1129.245361
-17.994507
566.960449
780.641113
849.916016
502.556152
1038.154053
1102.291992
550.764648
-180.254639
-145.762329
-1010.426880
802.898987
107.260254
1060.051758
552.675781
233.275879
433.937500
670.165649
746.529541
290.446289
130.802734
938.104004
-24.862305
649.444336
928.818115
-163.698730
66.466797
313.099091
1083.905518
869.592773
166.081909
821.537842
386.676514
-511.235352
747.262207
223.648254
-790.530518
-696.713379
196.733887
1341.558350
447.871216
-134.489624
-117.565613
208.142166
-457.182861
-527.123352
1702.190674
2483.582520
221.742981
-633.521484
-2540.582031
455.207520
1086.572510
-281.424072
26.688965
-1386.665527
-2172.306152
-523.855469
-454.099609
-849.919434
-1029.394043
-1700.747559
952.620605
1185.592773
-642.513672
-153.651123
1590.491211
2314.736328
626.176270
-884.975647
-315.404297
318.084961
732.175659
1079.051758
520.695190
458.074707
63.870117
1498.717773
1038.842773
2034.334351
1464.516602
813.292480
2091.235352
-51.217773
1187.694336
-365.905273
-1835.933350
-1853.326538
-1070.966309
-1013.463379
-1473.079102
-1083.285156
-424.107422
-899.723633
1480.014648
1380.269531
389.910156
-585.653809
618.612305
-1756.367188
-2013.278320
-1642.409180
-105.179199
-1429.506348
-63.344360
395.561523
-652.985840
400.630371
683.063477
769.916992
-249.639526
1194.494629
134.041992
1220.241699
1052.293457
979.025146
-105.857834
500.394043
1117.428711
-799.933594
-876.036133
-177.552368
420.963867
638.206055
172.088379
-606.857849
-1042.297852
-618.850830
304.142151
824.240234
-988.134277
-2062.368652
-2506.881592
696.422852
2809.855957
-39.731445
-306.821411
656.059448
500.697266
-176.212891
2011.008301
-1229.164551
-1197.337891
-2534.506104
-1424.514160
-769.602783
116.185425
360.578613
906.208984
1761.379883
-1122.041992
-4158.554199
-2484.278809
-928.638672
741.388672
308.848633
-1090.593994
-98.632812
-231.677002
980.499023
1719.990723
788.770752
1636.013672
1046.420410
-1992.381836
-4899.988281
-1312.169434
67.142166
-372.433594
5329.572266
4184.398438
-2069.491211
-847.687500
-51.288086
-112.389557
1488.768555
102.192871
-2210.967773
-4001.326172
-2854.229492
1479.817749
-442.915405
-581.471680
403.874756
217.024658
289.635742
683.071411
2308.595703
359.272949
-886.983643
1055.658203
-497.596924
2096.676270
3972.521973
2462.874023
1108.027832
55.684570
463.219482
-55.007812
-885.355713
-644.729492
649.557617
603.433472
-1915.898438
-954.016602
2924.043945
2280.334961
1569.238770
-50.784180
-1519.903320
-1340.549805
562.422852
320.351562
40.017578
-1177.781006
-1162.868164
388.361816
2039.435547
994.149170
-752.343750
-549.017090
-144.000000
195.092285
-684.701416
-1621.932617
-64.964355
-275.576416
163.590820
-189.505859
1556.763672
-622.374756
-1574.040527
-595.937195
1131.222656
-1214.190430
617.521973
755.394287
1298.998291
-62.979004
-1037.529053
-1470.121582
98.481445
258.564453
174.475464
1420.804932
1418.965820
970.313477
227.902344
683.630371
-788.563843
-1222.417725
-273.557617
-488.293457
1067.257812
-90.761719
4255.952148
3725.904785
2616.517578
3453.335938
1018.995117
799.143982
3733.484375
-712.621338
-1156.131836
363.350098
-777.536621
-167.418701
-394.541992
-741.717773
-59.424377
1177.642578
671.812012
-115.524536
-433.113770
124.452606
-1043.606934
-199.264160
-451.625244
-269.994141
109.516357
-1113.078369
-367.060303
-1744.791504
-894.892578
309.261719
-929.578125
597.876465
975.449707
1200.122314
1012.223877
427.188354
76.324707
-1386.827148
299.711914
1027.646973
884.972900
857.641663
-785.762085
-29.888184
191.443359
-251.138184
1285.961914
-710.708984
1631.945312
164.327148
-698.528809
-1401.673340
-854.647461
38.641602
1105.923584
155.638428
960.489258
123.143066
-593.554688
-47.541748
133.342529
-1174.261719
-4772.568359
-3619.380371
1114.657837
743.121582
-562.182617
161.643814
-870.326172
-2563.124512
-293.429199
1475.844238
1684.105469
-617.287109
-499.482422
719.997131
-136.540649
661.429688
1572.879883
1142.952393
1080.643799
331.922607
-27.610352
-777.136719
-874.875977
238.067383
463.893555
-834.223633
-979.441650
-927.878052
606.756348
1698.527100
115.750305
817.318848
906.758789
-122.128418
-112.911621
739.092773
1077.358887
910.106628
638.862549
1587.185059
228.477295
-1124.122437
762.155212
1539.073120
422.842773
712.758301
839.210449
-301.905762
-1850.962402
-190.704590
-91.524536
-216.713379
-150.142578
711.355469
349.542480
-837.972473
-947.857849
-895.691040
15.016357
-717.269287
-438.949707
2776.200684
999.047852
616.456055
567.550781
-168.560547
1921.492676
2326.701172
511.474121
-1562.805176
-3977.207031
118.774902
-80.332520
-1146.700195
-854.744629
-533.558594
-1038.836304
1549.088623
4091.215820
2122.234375
2839.497070
-1502.072266
-184.050293
-627.303284
-1043.951172
947.370605
569.240967
375.897217
1914.241699
225.469482
-742.700928
558.593506
452.957520
-166.428711
840.534668
804.501465
395.735107
1669.068481
1421.358887
168.382324
-215.736328
1194.708496
1283.554688
623.528564
271.343384
977.970825
680.478027
596.744141
2285.339844
-392.062012
-1271.434082
1525.868164
1157.486328
1137.794922
157.149902
965.483398
1936.218750
622.104980
-160.811523
-302.428955
-26.360352
99.013672
171.026367
576.716309
-1477.036865
-1051.857788
1361.045654
2858.949707
214.952698
-975.249878
1359.236084
1286.684326
1265.359985
-179.728882
-100.715820
305.817871
-667.353271
81.431641
1345.259521
1032.392700
471.756104
27.514648
18.093750
158.242676
-475.347168
-1065.146973
368.865723
1547.210205
591.019043
397.609985
774.850586
189.794922
55.999146
3156.239258
4159.500977
1811.741211
1529.541016
1136.237793
-543.544434
-1352.026733
1610.073975
840.567871
-416.653320
-1299.494629
-1404.333008
-2602.409668
175.336670
1161.882080
414.923828
782.540771
1326.296265
890.924683
-352.374512
-2177.199707
-2544.361084
-1450.130859
-1387.655273
238.701172
-674.773926
-1104.584961
-597.118652
-752.344360
-1077.543213
236.349121
1900.412598
356.763184
1251.177246
4972.371094
1726.808105
-603.892700
1515.574951
469.233032
-800.352783
146.265137
256.957031
-1573.312988
-793.739624
1116.312744
-1385.827759
-806.393799
-980.815430
-3201.983887
-820.031738
756.481445
-1019.178711
949.449219
286.311523
327.492920
497.850586
122.075195
-1568.279785
-215.562744
536.375732
-937.077881
-1724.249512
-470.409180
1189.556519
787.052734
154.637207
857.520020
123.761108
-1076.653931
-741.884399
-1131.674072
-1179.296387
562.142151
2233.634277
1586.142212
969.669067
1141.765625
738.030518
870.982971
191.465607
-914.671143
-253.976807
-99.348633
-870.582031
-498.550293
308.822021
-19.658691
-272.066162
933.585449
1214.474487
856.631104
457.665527
119.892578
-463.352539
770.885742
246.313477
-526.122070
-2314.617676
-1710.688477
-123.450195
156.989258
213.128906
-959.543884
-58.021973
404.368652
1222.935181
1999.375000
99.725342
-5.540527
668.526367
-1123.593750
-260.675781
145.917969
-1265.921387
1372.604004
1138.198242
560.542969
-2386.996094
-3802.857666
-1815.232666
214.933594
119.935547
-14.232422
786.211914
-768.534180
-147.094360
-546.130371
1221.817383
-781.680664
-778.921021
251.361816
678.370117
1022.195923
219.169678
-136.286133
-48.806885
458.211365
718.475464
-828.524475
-1456.292725
-48.761353
1433.158691
973.738770
-573.592590
176.257080
-997.735840
1254.783936
4856.256348
819.037354
-387.167114
-339.524536
-194.496338
980.421082
911.667236
674.696533
1165.789185
1526.956177
399.262573
602.118652
-2225.891602
-555.865234
-110.981445
1405.231934
65.062500
591.288574
875.566772
-624.295410
-645.822754
-428.351074
-244.462402
-2579.933594
-1344.663086
389.548828
2710.851074
5911.775879
361.139893
-1114.011719
-510.742676
-255.154785
201.908691
-45.775391
-1316.263916
-756.949951
871.423340
491.063721
252.134521
919.462463
174.457520
-45.918945
-10.866211
-115.595459
-954.248047
5.580078
1186.699707
833.830566
729.335205
188.312500
654.576660
136.758301
114.141113
610.142151
225.979980
-571.689453
-401.720215
-359.790039
-1061.544678
-593.868652
98.106445
-246.697266
319.775757
-600.084229
-715.903320
-1007.037109
-988.263794
-837.565308
-779.869385
-579.973145
420.099365
1515.372559
944.146301
-6.798462
110.665527
-885.296875
-532.222656
-55.014648
537.056152
-670.499023
171.053711
426.613708
-1186.009277
-1531.533447
-662.710938
-29.270508
3016.913086
845.367676
-1679.696411
-788.653320
849.447754
1205.681641
688.458740
63.867676
108.125000
-8.951172
234.831299
193.916504
327.198242
-323.613525
-622.698059
-374.260284
-704.538879
-262.356934
2008.382324
-385.460205
-104.269531
896.660522
-16.540771
-300.180664
153.449707
330.200684
574.646240
-174.399414
-665.403748
-80.358398
454.004883
-1108.373535
-593.840454
-865.480957
-205.618896
-195.045410
357.124023
-341.546875
-311.403809
22.977051
73.834473
120.918457
808.029419
870.965332
2102.102539
3937.196777
4349.728516
3221.522461
2945.342773
-118.708008
849.019531
312.631836
-590.603516
-175.290039
-712.257385
-144.876221
147.008789
-2978.272461
-2705.378906
-1023.048706
810.669556
-502.602966
-827.392029
558.802979
1416.399902
415.000000
302.432617
600.005188
-50.244141
-921.353516
-1006.615234
-57.248535
-365.422607
443.879517
1036.588379
-860.113281
-895.905273
356.271484
-1028.224487
-739.324585
548.636719
49.746094
628.018555
69.971680
61.849609
1405.866211
198.090820
-2011.764648
-1212.904297
203.593750
673.531494
686.799805
1030.901367
-339.652344
474.016602
-47.271484
-406.665039
42.875000
-1288.200195
-1300.743408
-103.619385
494.069336
-297.050507
-1356.183960
831.620239
3249.529785
4722.482910
1491.615967
-289.483887
310.404175
-500.555176
700.485352
1833.148438
1427.859375
187.906250
-668.779297
226.303467
810.595947
-587.467285
-647.766846
-996.494629
-304.787476
1265.152832
-790.429199
-949.601074
1472.541992
2030.909302
1126.623535
101.069824
137.702393
240.853882
332.956055
353.976562
507.390137
822.899170
1451.576660
-651.243652
-331.565918
-1443.094238
-4852.294922
-4156.118164
-543.788574
2340.001953
-167.789062
2190.909180
64.254883
-235.482910
2322.967773
847.071655
-1008.124756
-7.757568
293.474976
1196.664307
1604.838745
767.539551
1185.025391
1373.143066
273.415527
169.439941
148.253418
393.753174
-200.894775
-392.349121
-1552.404297
-2022.699219
-851.701904
1917.116699
545.890869
-590.798523
222.702148
256.915039
443.517578
153.295410
1809.128662
1945.385986
606.951904
-884.552246
242.715820
238.231323
1433.781250
275.609497
796.263672
2192.221924
694.735168
-971.659546
-4349.433594
-3818.196289
191.565430
-770.598877
-1173.906128
934.307800
1068.329590
794.062012
3909.777344
5618.655273
3419.295898
1676.720703
3212.192383
2730.589111
1767.079590
-363.334473
-339.911865
533.152588
616.883423
-674.453613
2322.720703
1148.081055
-239.367310
255.633301
687.684326
1015.999512
51.396973
-517.287842
1420.983643
-1686.995605
-109.038086
-578.785400
-589.467041
-397.167969
764.694336
-462.750977
-189.035156
-176.747070
544.433838
1330.170288
684.403809
-4.596680
-312.730957
-595.643433
-931.576172
508.201660
880.142151
543.962769
-526.192383
-561.925293
-557.509644
-360.264648
-102.151367
-432.021484
-221.340088
561.266113
-1092.865479
-2033.008789
128.251709
520.368164
1611.333984
1236.621582
748.975098
-226.171387
84.572266
-1139.892944
-749.605713
813.967773
35.812256
653.309570
-924.064453
-1264.490479
384.962402
661.398438
2542.353027
1.293945
-337.496582
-2544.382080
-2327.656250
616.164795
-1224.989258
-1434.335205
-284.450195
-503.771240
899.851685
1009.804565
2807.670410
1704.790039
-2533.230469
-4939.562012
-3339.584473
-206.372314
874.883301
-12.045898
327.476074
-524.733398
-924.946777
-126.398193
170.151001
-332.453613
-136.028809
1075.569824
777.555054
-574.795410
-2593.899414
-2349.373779
-319.946289
-1770.048828
862.635742
74.527344
-311.622070
-722.680176
524.619141
-130.270508
2061.725586
278.650879
-74.790527
313.465515
-993.365234
60.540283
1078.959473
262.719727
-1388.000000
-138.032227
170.471436
-342.073730
314.599121
664.382446
-496.926025
-399.299805
686.448242
-195.272919
2213.634277
1500.306641
-1207.032715
610.654175
-1358.509521
-111.924805
218.923340
-514.636230
1036.529297
263.939941
447.738281
1127.016602
141.725342
-1082.124634
-361.332520
1205.319336
3184.192383
3141.609863
249.469238
303.023438
633.670410
-39.807129
-467.546631
-465.991699
-1087.789551
-3297.059082
-2629.317383
200.651367
186.399658
566.312988
425.383301
-893.067871
171.593262
2588.099121
4535.851562
1956.735718
-1895.115601
17.161011
568.674316
1071.285156
723.229492
2914.879883
-456.379395
-138.480469
85.008301
590.248718
904.247559
-355.837891
-198.400879
-199.104248
315.590088
485.175415
-929.508179
1379.502930
1722.221680
-337.463867
-536.222900
1553.359375
1821.122070
4865.801758
4080.195312
1695.708008
334.325195
2051.320312
-492.757812
-125.383789
224.166992
139.016602
-486.366211
-1666.178955
-506.167969
-320.972656
4197.304688
-813.186035
524.828613
-84.067871
-136.184052
901.398682
509.595947
319.500977
-435.075684
-284.544434
763.389893
38.022034
-1644.037354
1447.056396
1341.753540
601.409302
602.603760
-843.857849
-450.171997
136.582275
1424.639282
452.370422
-471.015381
594.194580
790.024902
-300.990234
1012.011841
851.120117
-835.315430
-25.302734
-1436.356934
-2416.721191
-699.508789
562.170959
413.318848
717.701904
1151.168457
-95.650391
1151.084473
110.694824
-166.731934
236.707886
605.442383
-167.570312
402.412842
-2646.450195
-719.669922
-214.742188
734.713623
818.387207
132.493652
-606.236328
247.644348
666.119751
354.120117
-4.764648
2081.733398
1753.146484
1389.041992
476.091553
1254.606812
461.885498
570.773438
1484.146484
682.344971
266.925537
1247.108643
-192.511230
-649.424683
1957.896362
-87.330322
-909.435181
1048.704590
-1089.493652
-574.845215
318.471802
-1271.083008
-285.294922
706.635742
-542.770508
-1652.005371
-168.689819
357.680664
-678.535156
773.191406
1094.065430
-1297.170166
-1589.634521
-1539.739136
-1700.027344
168.507263
1266.319092
688.053223
216.715210
-259.610107
-176.035156
260.060547
195.036865
-85.165527
113.643555
-798.962891
-1205.261963
-153.715088
699.211121
841.829895
878.163513
-644.178833
-248.286072
993.321533
932.083008
668.219727
589.302734
209.227539
-450.437500
475.407227
-313.910645
69.524757
-2305.963867
-5746.672852
-1944.297974
1248.525391
1533.522949
3125.595947
2018.793457
-184.651733
-874.991333
-1007.971191
355.237793
793.735352
-24.216309
323.595459
1526.405396
1372.261475
-40.269775
-130.772705
-977.505127
-1196.202759
1830.863770
1983.857422
-464.432617
-1564.583496
562.409912
1253.089844
148.289307
117.520569
-209.166565
874.894287
3763.164307
1029.350098
-462.450562
-2699.825195
-3002.030029
292.469238
45.314087
-1204.068359
-2488.650879
-2524.468262
277.168823
1771.960205
4397.999023
1153.100098
-495.075684
1099.796631
868.201660
1001.283936
1131.862061
428.036804
-0.687134
315.679932
4468.457031
3355.435547
-634.245117
645.869873
1306.153564
-622.676025
-1009.025146
-395.116211
-781.626221
177.979980
278.264160
515.898438
-487.966797
-505.125244
538.379883
582.625977
307.618164
164.712402
962.354492
2463.768555
1299.290039
-84.210938
797.459717
-20.616211
1129.147217
1591.908936
-617.760498
-883.944580
-900.361328
-351.267578
881.606445
158.481201
-236.191681
-679.191650
-345.730469
-78.630859
-133.552734
63.474487
686.491577
1121.497559
441.416504
-827.270508
-1393.261719
-453.309814
-1575.230469
-673.285645
1053.995850
1119.347656
322.178223
-493.880859
-597.985840
-692.460449
39.156250
-658.178711
-1083.418823
847.414062
945.067871
1171.921265
473.576416
-632.524536
1002.796387
1105.862305
442.622559
-1042.582031
-301.361816
177.617920
-21.665527
-170.518066
-806.714111
542.585938
-2.928223
-1191.307129
315.292969
788.134338
1776.060547
1909.914307
530.542969
464.933594
-1014.985352
-178.194550
3094.177734
2607.607910
-567.452148
105.725830
-1069.967285
-1384.972656
-281.971191
1623.941162
1099.103149
-919.056396
-127.895348
184.643311
-3601.269043
-2204.242676
-530.280762
-720.395508
1654.366699
1523.870605
-751.948242
456.827271
706.731934
-148.583008
428.192139
-699.970764
-551.375977
-2456.605469
-4820.703125
-1624.893311
-174.485596
-611.717041
1077.941162
-524.760986
920.917969
305.851074
-385.185303
2208.135742
3849.475586
2386.475098
1545.648560
2433.287354
548.855469
583.206787
-469.696411
-3559.002197
-3539.558105
201.898926
845.991455
-472.075806
34.135742
-356.191406
-1775.819336
-2804.857910
-980.352783
359.192017
-211.474365
1025.007812
-711.947266
-228.377441
-234.113525
1006.614746
228.070312
168.983887
-344.061523
85.606445
1025.510254
-377.485962
-593.627380
1282.373413
1612.355835
1027.608398
-121.453613
-2229.688965
-3887.715332
-2002.979248
-1376.709473
1297.841797
1478.067749
516.567871
-1585.842773
-658.875977
-373.860352
-1079.599731
-1181.622925
-942.870422
-1538.125244
-495.573608
1067.910889
351.541992
80.149902
605.285645
-648.460083
-469.362549
-412.859863
-44.203369
877.269287
-22.891113
-411.335938
-1176.623047
98.202881
675.411621
-617.131226
263.297119
42.120239
757.454590
3100.912109
1128.135742
-82.711182
-506.804688
-1157.510742
595.492188
701.862305
513.475464
-351.023804
-713.417175
452.998901
-455.922485
-1187.626587
-1233.363037
-801.431396
-242.562012
158.506104
886.161377
1074.425049
273.986816
-1375.766846
223.867004
1005.381104
-2503.644043
-2773.070801
608.462402
0.088867
-350.686584
442.470337
-177.907715
-952.773132
-382.253418
308.806641
11.497070
-937.437988
-1159.300049
-119.005859
663.606445
-368.125977
-867.240112
-53.091797
832.198730
7.122070
-806.143555
307.672607
5070.263672
5445.539551
2100.100098
-712.843750
-2278.242188
-3359.814941
329.354248
1033.306152
-169.372925
-431.524902
203.416016
-798.828613
-475.430084
233.207764
-78.888184
-1349.350586
-145.083008
-49.114136
-395.912598
-60.687683
193.240967
303.732910
719.451355
284.171631
-919.444580
-538.829102
2391.472656
2754.583008
-4.759766
-1185.794922
-606.119629
-217.329834
-1219.317261
-1040.944336
-176.253174
-461.011963
151.936279
-302.607910
-1459.429932
-1189.753052
-770.530396
450.904785
1033.642090
1342.646240
1581.250244
793.964355
9.238281
-195.276367
-26.337891
-474.105469
386.703369
1310.322021
579.197876
-100.405151
172.391846
379.213623
311.763672
97.452148
-440.834229
-491.751160
-672.273926
287.428223
-548.565674
-1479.799194
1168.209229
414.494141
-1083.891235
-962.459839
-3438.839844
-3828.997559
-985.280273
35.048340
-533.470215
-643.353271
-836.744507
170.337280
-887.196899
-1347.798584
-25.653809
-181.569824
92.804321
1120.838867
1526.539062
-363.160645
244.691650
1085.977539
-633.336914
-2361.645996
-2241.201172
803.194092
684.971924
-341.289795
1421.211670
1395.259644
955.015137
1826.041992
1759.449219
59.940430
293.059814
-1163.989258
-355.942871
1203.218750
253.534180
-949.465820
-60.590820
851.081543
925.327148
587.929199
-406.066895
-715.726562
-106.818848
615.698914
113.564941
412.812012
-1147.216309
-920.337158
979.061523
324.475464
-671.206055
-327.575195
-933.172363
925.296570
582.316406
-211.114502
-1380.187500
844.927490
482.709473
-12.604980
-368.717529
-494.092773
-945.710938
-172.754883
346.585999
-127.965088
1800.948730
3358.114990
1045.920410
651.621582
1588.260010
1216.857178
-482.326172
32.719727
848.797852
255.034424
-68.861084
748.033203
774.570801
-2492.166016
-2363.008789
-886.099609
-815.586609
-1572.818848
428.591797
388.353027
535.469788
1129.186035
3725.577148
380.093750
-512.846191
-670.203613
-282.651855
1435.382812
1321.137207
-503.900452
-271.993164
-204.322754
-228.357544
697.489746
-503.469727
31.195557
1273.422363
961.029297
333.299866
-2195.838623
-320.477539
537.542480
-360.528320
-716.278503
-59.668945
224.674805
160.314087
2143.069824
2777.168701
-1339.483765
-272.887695
808.695068
-314.365234
723.838379
504.327637
-553.008667
-2218.356934
-2367.927246
-4606.329102
-408.534668
1053.274780
1225.144287
-1247.378906
-3134.609619
-358.101562
-142.696838
279.671021
-968.942017
-8.657227
434.879700
-429.720703
376.683105
841.184448
322.610352
-281.568848
94.664551
651.815430
-1525.184570
644.421387
92.432373
-449.627930
178.284668
2860.938477
2994.559570
730.280518
-821.831055
-1450.137695
-630.517090
539.299805
1041.039062
442.544434
-7.885254
-3159.297852
-3319.390625
931.238281
1097.577637
4208.252930
1764.650391
-241.242798
479.836670
-840.093384
850.635742
2798.561523
414.623047
-1108.304199
1210.758057
-811.410034
-161.519348
1098.451660
1426.240112
-317.588867
1313.853027
676.846191
1485.407715
2303.503906
1873.143555
270.016602
0.782227
708.362671
2312.333008
259.902344
-826.359009
403.657715
-1047.733398
-3773.644043
-1498.684326
386.106689
-278.379883
-531.189453
-146.893616
917.524780
-998.523315
-109.815063
219.179413
789.477051
833.090332
1372.432129
774.025635
990.362793
-1022.215332
-1045.674805
337.948242
138.115234
-277.826172
-343.175049
423.504395
181.678711
483.931152
1132.145996
522.009766
1157.554443
1603.669434
500.264648
671.904297
2851.770508
1522.876831
245.913574
377.912109
491.349243
340.809082
-510.393555
-667.564087
-340.174805
-506.120117
1064.978516
-1016.515625
-1688.692383
-3715.112549
610.567871
1190.619141
1108.786133
148.288086
-1399.087158
-1440.021606
-886.999756
-87.184570
221.308105
-235.237305
-28.359619
35.520752
187.444092
-423.969727
850.474609
1565.167969
2147.341309
797.160583
213.527832
-197.150391
-1967.001953
-3697.133789
-2336.750000
-481.936279
600.528442
-1247.299927
-1025.858276
-32.377319
354.267822
501.990234
-94.903137
-40.606934
983.976807
118.823242
-686.646484
-938.438477
991.337891
289.650879
557.427979
68.342148
484.205078
-1965.467773
90.997070
2045.916992
973.167969
273.378174
202.177002
-1329.819824
-727.432861
-1989.753540
-868.408691
1272.366211
431.491211
312.539062
-738.027466
-1469.368164
435.887451
357.840332
-876.979492
-199.599121
-471.134277
-2154.676270
-1987.924561
86.450684
177.302246
-42.521240
1384.628662
1024.720459
287.231934
-910.163574
-6.989380
-1870.118164
-2431.391602
657.208496
-605.003174
-1714.645752
-681.748596
379.593750
736.692383
553.111328
-802.078125
590.474365
570.346558
-773.333130
-384.549316
-294.074219
-1602.995117
-2686.244629
-251.901855
-1130.540771
-1856.652344
314.554688
241.899902
73.125977
-365.271240
-1416.000977
-442.011719
-502.602539
-356.296875
1559.652344
476.492188
-995.335938
-945.929199
-418.609375
404.004883
683.383789
-873.500977
-112.188599
1231.916748
-217.834442
212.872559
-9.461426
475.167969
977.266235
1031.790527
345.087891
-58.139038
-646.544678
-1352.795410
29.114258
6.128906
-516.442627
2238.500000
1291.299805
406.840820
-251.853271
1077.411255
297.350586
786.238281
843.833984
545.052734
-403.643555
232.479004
1210.770996
-35.471680
-2527.217529
-794.538818
932.538208
-62.753052
1360.504883
2694.695312
2369.257080
-520.053833
1328.475464
800.797363
1523.353516
2311.039551
-219.577881
108.360352
-243.082520
-1574.968994
617.617188
525.048462
157.366699
-1961.042480
249.779175
452.191406
-875.344238
1181.265991
-110.664062
-1495.600586
773.142151
369.314941
296.935791
-611.795044
-594.506592
-902.397949
361.794678
2566.125488
520.415527
722.430847
1711.648193
1229.161743
3026.880371
3293.247070
-973.238281
-5577.231934
-5230.117676
344.493652
1170.398438
183.873535
-85.864746
91.145996
-713.169434
923.158875
1665.505615
638.670654
1414.673218
1718.713623
665.947388
598.787964
-402.765381
-589.005859
3467.377930
3467.366699
1350.622314
-976.538696
-1666.022949
-2508.851807
-713.874512
-136.018555
925.168945
1043.216064
387.149414
945.768066
1477.978882
2311.806152
-266.831543
1127.439941
800.875854
-374.076904
-142.719727
1028.404907
-862.114746
-535.074707
1046.531738
902.823242
1378.673828
45.876831
-128.999023
2297.970703
1563.751953
314.304688
478.534668
1230.389893
-7.214355
650.242676
675.704102
-406.635254
-1526.124023
-2526.339844
-4251.535156
-1600.375000
-107.887695
-280.289551
1276.078125
-801.494507
-159.827148
-1197.892090
-2263.263428
809.589844
-152.154053
-2016.820801
-1.820068
-275.364990
-1890.350586
-3986.667969
-2295.592529
659.423340
503.313965
-217.559326
-1898.336914
-2679.530273
513.220642
620.739258
309.826172
-122.160767
-1439.017090
-97.396484
426.837891
144.586914
-739.852539
-1888.779785
-2468.636719
-1271.407715
-501.779297
8.563965
2430.322266
1313.575439
607.369141
-830.907715
-166.084961
257.636719
1758.173828
1647.764648
2134.404541
-159.071777
-526.719971
-1265.666016
-612.710938
-457.917358
-152.000488
707.690918
-908.259033
627.571838
-129.110840
1623.738281
1386.527832
-116.782715
-214.481613
1432.475464
-162.108398
-870.174316
3.753418
-215.451660
446.984375
743.785645
106.764160
1739.110474
184.547852
568.343750
713.801758
610.626953
454.141846
-798.482422
1313.794922
2115.941406
-195.312744
-381.207886
-1459.131958
727.401855
507.858276
1203.643066
2049.678711
2276.698242
-516.976562
-1053.278687
-3792.034668
-1946.467773
2148.729492
3286.920898
3227.476318
880.430176
1778.350342
362.307007
1706.362793
-726.321045
2010.513672
1826.207031
-897.314453
62.378967
313.087891
-1274.796387
1005.831543
-895.727539
-1581.205078
-3146.602539
-4923.235352
434.101501
-185.908203
-306.560547
-66.516113
403.390625
6.826172
705.023438
1219.322266
1175.649658
-3077.262207
-2578.654785
893.047363
5427.058594
5434.814941
1001.489624
-946.690918
-126.106934
478.475464
909.184448
1681.184814
-0.972412
548.384766
2310.041016
1996.909180
2630.290283
1261.268311
1523.513184
368.005859
608.346191
1067.891846
2160.623535
1093.105469
735.685547
-1117.696777
-642.735840
-1842.980469
259.364746
673.844238
-413.986450
113.039062
346.229736
710.549622
1028.506592
215.042969
-279.931396
-841.534790
744.833984
-193.891602
268.231934
852.142151
550.646362
1058.702637
-857.809082
-1130.302979
-73.558105
51.582031
-293.466309
-876.261841
-4077.652344
-1929.948120
292.520508
656.076782
1950.573608
1326.296631
-1951.369629
-2543.172852
-630.637329
-1116.526855
-1511.894043
915.806030
49.527832
-1135.839844
-708.800781
67.724854
254.625977
-2252.407227
-1515.999146
155.684204
2182.746094
5909.491211
4421.484375
120.004517
-694.568115
-1508.878906
-492.746094
427.885254
-481.865234
-1331.455078
-933.420898
122.782227
-542.239014
-246.100098
202.800537
-82.016113
-37.356445
1478.178467
708.964844
1700.762695
901.231934
-1128.393188
83.909668
456.612793
-453.895508
274.583008
387.514648
1197.243164
1604.850708
143.616455
1269.504639
3125.379639
1895.966309
-555.968018
-305.482178
741.988525
-163.007812
-1623.266602
116.970703
1429.350708
746.993164
-696.453125
-1384.033203
-189.261230
480.420898
555.709229
-446.234375
-351.628174
-715.851562
-618.472107
1823.509521
4671.653320
5262.959961
3575.531250
650.377930
9.520508
107.460938
-846.982178
15.803955
1814.349365
379.290527
828.669922
903.143555
551.874023
-763.960938
341.583496
-378.791992
-407.791016
-508.620117
-68.478027
-526.427246
-751.241211
-1184.253418
-92.638184
247.161133
-232.967285
-1436.834473
-208.372314
945.049805
-653.062256
402.632568
3666.716797
4831.278320
1931.473999
1080.543945
241.793457
650.715820
1069.062866
268.672119
-427.540039
-998.291016
-700.618652
1600.064941
307.877930
703.900879
1411.060425
405.533325
-1167.952271
-430.864014
1039.507202
440.541138
-29.150879
231.819336
-952.356445
-542.957520
-666.021484
-398.613281
-1945.479004
270.049805
-123.616211
541.707886
3169.125977
5227.169922
1558.181885
-1043.238281
1228.656250
333.328125
150.466797
527.285156
-3152.419922
-4139.164062
407.121338
1143.265625
-824.680176
-477.890137
1052.595703
2442.646484
4271.394043
-671.449219
-756.268555
1716.446289
336.261230
10.427307
-816.573242
16.658203
-1439.857788
-1434.542358
622.489990
-921.640381
-50.593750
-2381.609863
-3016.562012
-640.324707
1635.506348
2089.077148
139.400635
-661.200439
414.646240
5.343262
308.967773
486.122559
579.475464
1202.242676
363.415039
337.179688
-1161.074097
-50.728119
952.627930
-380.178772
544.191406
-2329.744141
-1405.804688
-402.916260
-7.492920
1132.913086
2241.105469
1484.940430
-140.740967
407.094788
780.887939
-529.615723
-583.330566
652.600830
-60.952637
-859.479492
-87.273438
764.192627
411.778809
-726.439697
1201.111328
3702.184082
1424.194336
-362.025879
341.561523
-226.602539
20.481445
-90.418579
132.280273
-804.759766
1209.965820
-74.821777
-701.560791
-104.798828
174.887695
-1351.675781
47.803711
-59.638943
552.087891
-599.394531
-3308.198242
-2627.945312
157.213379
-50.007812
2148.548828
-35.427734
-432.633911
54.546631
82.459473
3029.973145
1048.805664
-670.838867
-30.232910
386.874023
-170.327515
1466.408203
2329.195068
770.816895
-268.972168
-1027.538086
-579.832275
-943.427490
243.274063
-668.116943
-1963.161621
-478.723145
627.034180
2028.571289
664.132812
-157.614136
-1068.657227
-1611.500488
2118.654297
2261.279297
791.530273
-2153.153076
-1755.642334
1509.295410
345.028320
1777.307617
26.170288
-783.106201
926.685608
-1030.534180
-936.705078
-450.594727
-931.969727
-595.207520
740.483887
777.365234
-104.153809
-1585.503906
-1134.765625
-118.058594
2238.063477
2107.673340
21.754639
-1900.125000
205.126953
-595.713440
-1644.371826
-1523.402588
-1011.006592
-2690.079346
-343.121582
947.231689
737.520630
-22.695557
-1604.084106
510.501709
1068.930420
-86.179688
95.799561
207.860840
-516.527832
-496.553223
168.884796
217.303223
-3309.785645
556.197266
1212.851562
118.463135
-2046.149414
-1277.451538
88.065430
44.106934
697.450684
1443.259399
576.271729
569.348267
600.539551
284.711914
-37.335449
3371.769043
3958.056641
704.455566
-550.265625
-434.290039
-479.051270
231.454102
837.693359
2052.487305
864.526367
929.251465
-599.949219
-1360.335693
-675.575806
136.515869
344.284912
-842.639832
-2042.161865
-1098.768555
565.114746
715.200928
-390.815186
-837.257690
-1462.519775
-683.527588
945.008667
1145.460449
340.432617
1042.950439
2082.512939
1944.395752
-800.197021
-1361.524536
1622.029297
1528.203125
-414.663818
2580.079346
5716.402344
3408.349609
968.932617
632.984375
-98.492188
1139.210083
1369.810791
705.901855
-4.016357
-521.116943
-1822.604980
-1393.492798
805.449585
1382.454834
1092.026001
383.517578
-965.032959
23.689087
795.403320
483.270752
652.444763
-1260.123779
-1696.088867
-1218.760742
96.711914
153.115234
-174.785522
855.475464
-80.126221
138.175537
47.517151
-1064.149414
-212.600586
537.339844
400.228027
487.805664
42.525391
-906.698608
2055.870117
917.594727
499.061035
-963.251465
-919.930420
1303.281738
219.633301
677.896973
1156.801270
-800.283203
-803.119141
-726.278076
1798.114746
3794.578125
3589.248535
-666.207397
-2085.935547
-3501.838867
398.552979
1743.545410
3216.616211
-736.524475
-773.432129
-183.247559
201.272217
-311.074219
-1716.565430
288.081055
988.084229
792.712646
1058.888184
644.960938
137.516968
1012.744873
-1198.184326
-1315.404297
-1560.952637
187.798584
957.763550
682.647217
36.322800
-164.649902
-289.903809
1038.734131
3321.585938
2486.876465
404.670654
-539.808838
-1120.588623
-548.890625
-320.742676
-1547.349609
-1558.833984
-657.978027
1551.343018
3508.909424
585.711670
-1815.724609
-725.817871
833.454102
733.766602
39.137695
-109.458496
-529.405273
98.152222
1063.364258
1006.083008
889.546875
418.662598
530.805176
-996.609863
-1062.764160
-180.230957
-652.637695
-845.628906
1569.733154
201.256348
189.292969
931.958984
-574.200684
-882.622314
-931.433594
-1667.754150
-824.651123
1365.083740
2231.583984
47.498169
-618.729492
334.660156
89.192383
-309.970276
-780.316895
-516.151978
1.670410
-255.341797
505.917969
-136.550781
-776.637695
-118.436035
347.519653
48.023193
-1355.510742
-1811.278320
941.066406
1825.607422
284.819824
-604.057129
-474.381836
80.252441
-271.947754
-667.818848
299.026733
-925.934570
220.511719
318.982910
-1048.983032
-802.758789
426.253906
876.601929
218.475464
298.437012
814.239258
212.868652
-346.800293
-241.572510
-333.738770
1828.348633
1441.187988
-1162.215454
-248.393066
-3.639435
40.854004
-1374.560059
533.299805
1013.097656
-933.344727
-121.059326
546.414062
-280.291504
559.456970
737.589111
-4.038330
803.681335
4976.548828
6747.469238
2439.910156
-1050.579590
690.823486
304.142151
560.737061
-417.948975
-2865.208496
-3690.644043
-282.716553
1370.919922
755.822754
900.049194
41.953369
-855.748535
431.322327
745.669434
-560.364746
-801.724548
-261.725586
180.315918
-1093.246094
-2121.010986
-2160.784424
-1024.201172
-325.678711
672.346313
483.533447
-64.508301
209.206543
-317.894928
2022.906250
3064.501465
537.219727
295.185364
77.646484
-1509.467773
274.099609
1370.122559
-741.727539
-2793.516113
-2466.731934
71.909180
437.944824
-1070.751221
-617.203369
1064.743042
1167.432983
281.625977
134.143555
492.756104
1062.710938
-263.690430
912.110352
2532.904297
2065.365234
461.655396
-794.978516
656.353516
-764.679199
-1095.723877
-868.817749
219.530273
744.262451
615.934570
242.284668
-143.942871
114.896729
343.142151
971.440430
-903.437988
-711.328125
1236.383789
499.989502
-205.121826
-282.973633
177.971558
580.580322
1350.603516
-31.033813
-1107.740234
-896.332886
-1532.251953
-506.912811
1640.368164
-370.793457
34.142166
-684.628662
-543.909668
939.330566
765.945312
41.962158
-769.444092
13.399170
752.339600
678.978027
-80.774902
-7190.621094
-9429.929688
-2358.138428
2237.814453
2833.120605
2778.406982
1230.660156
2116.501953
3193.550293
2083.588867
1224.235352
-519.516418
-132.077148
678.045898
-487.249695
-69.916016
-1250.646362
-1412.998047
-38.499023
-467.838257
-880.668213
1099.249390
721.066650
-945.134766
-1690.434082
-716.674805
498.925049
1016.545898
470.516113
242.154297
-770.814087
-1860.060303
-722.190186
2458.326172
2015.444092
70.562012
316.517578
-621.990662
-814.008545
86.817383
1024.964600
721.252930
-158.998047
-339.399902
148.306534
637.525452
51.467773
-318.366211
335.165527
-939.572571
346.959961
569.002686
-740.185425
868.665039
1171.823120
555.937866
66.362305
-688.055176
792.722656
1321.718262
1395.576172
1061.708984
-500.727539
1400.500977
-926.739990
-766.910400
148.870605
-210.697632
2036.768066
1260.283936
-426.774414
798.105469
477.506836
495.371338
791.718262
675.201416
33.963379
1621.302734
3580.614258
1248.342407
-380.560181
-423.314148
-686.584229
373.430176
1107.856445
925.761719
-529.795898
-151.137299
1817.896729
2100.291992
-297.306030
-555.805664
-465.997070
-609.823853
-951.554688
-1228.083984
-382.291016
-976.682617
-393.032715
140.993652
-155.605469
-722.022461
-1463.285645
386.507080
384.185181
2603.636719
2787.302002
-1242.171387
145.423828
141.039062
-397.702393
479.104980
367.608398
543.662109
1179.501465
1663.147949
1276.195312
-849.007812
-4139.690918
-2995.805664
737.721191
322.446289
418.797852
-484.173828
1372.857422
-477.333984
-841.305176
-89.821777
319.370728
1007.354492
638.377930
1225.434082
2230.750488
190.276611
-450.957275
-2729.435303
-4272.757812
-1214.794922
642.088867
1344.395020
149.954590
-678.695801
508.221436
-898.907593
-123.832764
1874.936523
2895.747559
683.718262
-20.582092
-178.071533
-836.529541
-270.606201
1274.335938
994.319336
327.209106
-2517.159180
-2624.222656
-3537.484375
-1488.499512
164.629150
1185.059570
878.227539
193.809570
-300.323975
432.247681
-301.910706
-3296.775635
-1383.610596
235.012207
640.773438
-1150.120117
102.412842
28.096680
-401.727051
451.276367
-1049.383179
-1246.179443
758.588135
785.753662
157.076660
155.009277
1014.662537
-209.745483
872.412537
1966.352539
-682.943359
-238.019043
1015.094727
-296.266357
-717.384277
-1237.521973
-3303.227539
-753.425781
-568.244141
562.938965
-362.684570
151.456055
241.270508
-15.888916
63.294678
-341.570312
-205.695557
-1756.932739
-1069.857788
2965.417969
1317.084961
-90.770996
95.100586
878.287598
73.650391
1.583984
780.984375
973.221191
-266.162598
3298.814453
5390.568848
1427.045776
-484.857849
1553.884277
1274.794067
-275.942932
-1214.789551
-1364.281982
-1332.734863
416.640045
1878.825928
920.365967
1147.331909
335.995117
1148.266602
1264.546875
3467.573486
2105.057129
-906.993408
-152.475403
1500.304688
-61.230469
789.147705
230.106476
-160.676758
-432.129639
-2839.762695
-2300.893799
255.417480
702.157227
527.171875
100.970215
268.828613
2357.134033
1262.916260
-366.462891
-220.807251
-2232.209473
-3027.290039
111.730469
-214.708496
-495.333984
-361.961670
-1685.092773
-784.959961
349.971680
-220.670410
217.301270
150.464355
905.352783
1251.798218
891.045410
-123.201172
285.364746
555.944702
24.201172
-212.551758
2201.467041
2317.323486
-881.989258
-3931.799805
-4565.833496
-552.680420
955.789551
-369.963379
-122.484741
-944.667969
-905.222656
319.945679
1341.218994
2029.415527
-400.869141
23.294922
326.978668
-977.421387
-401.204102
190.786133
153.309570
-323.273926
237.295105
854.978271
238.400513
944.736816
-131.028320
-44.366699
1163.795044
60.586670
-2004.236816
-2496.483643
-306.574585
1413.057251
1250.527954
821.120117
110.463867
1860.381836
1294.073486
1289.897461
443.194336
-224.812988
262.524902
-940.338867
-2935.628418
-5069.351562
-4210.330566
-242.124268
235.167725
-953.109375
-243.852539
-2067.974121
2020.050781
-53.654297
-1118.600586
-47.042725
1328.067627
-1071.223633
107.360840
1039.522949
-637.937500
-843.208435
-372.776367
-610.011230
2416.735840
2732.719727
3694.032227
680.188721
79.723145
1140.799316
56.618408
-1123.551758
-132.228516
718.590820
429.677246
963.303223
334.854492
-249.717773
-415.863281
-539.006348
576.845886
-1085.473145
-4169.393555
-1955.534180
-687.152466
2626.027344
4527.124023
974.949219
-1617.094238
-83.950684
416.254639
1216.958252
793.396057
416.885254
806.265747
1333.063232
2104.400391
1656.609863
-911.557129
-1006.629883
-394.986755
304.640259
-1254.903687
-1488.694092
-1310.227783
-142.183350
517.325195
1194.835938
1871.641602
448.624023
-1535.104492
-81.814575
-136.192017
-217.605713
193.986328
356.341064
-1428.195557
-2478.312988
156.462769
-160.754883
125.283966
-31.147705
-410.106323
461.831055
-877.584229
-159.995605
69.832672
-349.253418
1399.751953
-175.380371
150.430664
724.960938
-1177.043457
179.687500
1833.991211
-343.659180
-204.373047
-1000.845215
-700.241211
-183.711914
-27.337402
1142.665527
760.849731
-877.024170
-1265.811768
-548.425293
351.275391
1315.927490
721.082031
3342.245605
1431.581055
-1177.671387
-804.490723
-547.206055
1631.080078
2261.166748
667.976562
-759.856201
1219.824463
349.449097
1190.948242
1145.486328
98.780273
-6.256592
-153.425781
438.799805
85.806396
811.524902
501.754883
255.870117
597.199707
1633.475342
764.612427
-1701.679810
-1253.898560
-74.798340
-738.593750
125.299805
-1134.904297
-1176.400391
-399.410889
-1779.181396
519.444580
-1800.754883
-4189.404297
46.427902
159.210205
-2018.963867
143.485840
-1268.887207
-1653.464844
835.477356
1228.270996
586.987793
-1441.599121
-2517.504883
-464.915283
1205.502441
1616.640137
1098.790649
562.837402
118.765625
1675.909180
1627.161133
208.584961
307.608704
1043.154541
-369.074829
-900.193359
-799.912842
-2.794189
1305.506226
1409.560669
1049.850098
1505.303223
2016.120117
-39.645508
-1170.573242
-288.141602
597.202393
860.159546
724.230835
-471.807617
-275.786377
105.926270
69.664551
-1033.715820
-1033.452148
-419.251953
4112.681641
1806.826172
-548.074341
-969.041260
93.504028
-946.498535
-1450.606934
1100.581421
280.515137
-1202.046875
-1608.371094
-1712.687500
-1831.174438
-1357.446777
924.232666
846.298828
2602.950195
-147.271240
85.809570
1050.740234
969.492188
367.682129
-381.409180
-920.057617
-575.325928
244.612793
-109.068115
20.522888
859.432617
-1289.738281
-714.922852
-744.919922
-776.630859
-2101.717773
353.475464
1035.128418
-2831.657959
-214.826660
2140.472168
-7.488159
1497.297363
414.285645
1104.279053
178.358368
-669.585693
512.908325
-28.454834
331.449707
193.584961
-1430.275391
-1523.260498
-792.857788
858.139404
313.856201
-1292.576660
-269.570801
398.958496
625.122559
1016.609009
-398.012207
-113.473633
1537.370605
740.182861
731.392822
-73.381836
-3433.222900
75.446289
568.898438
2827.883789
1646.611694
1768.194702
-315.799805
-240.343262
722.824707
-565.598633
-521.491211
1138.910278
3854.192383
3960.811035
1161.679565
2326.466797
3094.141602
-542.747070
-1142.472900
-1126.029541
137.128662
434.039551
-264.700195
160.998047
1632.827148
301.047852
-1429.071533
-188.730469
3947.564453
3223.062500
316.326660
-141.586914
-234.125977
209.824463
646.386230
660.794922
1024.060059
-310.874023
1287.814453
137.416016
-346.503418
1837.272461
686.486328
-1118.022461
-1505.223389
-1970.847900
88.521240
90.102051
-160.599365
386.622803
-374.795410
46.620605
-884.601196
87.757812
343.653809
148.773438
-46.372009
-294.318848
941.763184
1762.550049
580.301514
-624.914795
658.030273
3230.135742
1191.918945
13.221680
424.297852
-452.085938
-1195.531250
33.916016
1382.571289
926.031250
185.973633
218.381836
-764.260986
-3280.607910
-5579.959961
-693.194214
-80.589920
-433.548584
-604.343506
-963.737061
2570.955566
1267.293457
25.083496
-348.227051
-270.647461
639.405762
-192.641602
-806.709717
757.239502
-812.073730
410.115723
1622.111816
-69.130493
543.467163
1464.402466
918.857910
201.475464
673.243408
529.328613
-567.081543
-591.938232
-203.879883
1073.176758
-1135.052734
-2086.435547
-2121.618652
-241.200684
367.915039
1241.260742
871.178833
-1650.867188
-1186.736328
62.550781
281.460938
327.747559
524.392822
824.048828
742.873047
-423.589600
-975.711182
-611.733887
191.604492
765.479004
376.657227
283.830078
-323.788574
997.541992
942.289062
-184.944336
-467.789795
-60.021606
484.452393
535.475464
31.720703
-215.473633
-822.492188
-1816.745605
694.321533
1259.409668
302.127930
485.041260
1058.455811
1184.840820
1123.612427
-212.598755
-655.008240
-723.980713
-580.089233
151.332275
660.286133
834.622070
-1421.993164
-814.587891
469.902344
885.402832
1400.444336
-143.669922
68.158203
1795.572510
396.825195
-961.758301
-553.351562
-412.074524
-630.718750
1526.004150
2378.622070
512.941406
936.117676
-663.038574
-409.443359
-561.050781
-845.929688
-2093.336914
175.333008
-62.038818
-1351.408203
-614.448242
-1848.266357
-616.150879
1070.580566
333.395264
-448.418457
-559.562988
-1137.988403
-729.616211
1289.248535
-605.003662
-2268.663574
-1491.360352
413.990479
412.976562
212.587891
142.475464
-312.333496
-1151.381226
-52.215820
1881.928711
1631.718750
859.200195
1940.014404
3372.334961
1271.278076
-1727.696533
-2775.250244
398.028015
242.974121
189.929016
-277.977051
-258.304688
482.498291
2102.532227
1892.254883
1342.227539
586.597656
979.471313
816.962219
1146.634766
1142.808105
268.359375
-731.612793
-316.315674
1107.702881
-90.974487
-1047.825806
-1082.107056
135.994385
-1421.297852
-1153.308105
1639.474854
2147.608887
-167.279053
291.700928
-107.627258
420.031616
161.954834
-1122.947754
-57.736084
269.579224
-2018.759277
709.308105
4729.156738
5843.205078
886.060791
-449.015869
974.237549
-686.524536
1124.181152
1343.142212
-452.235352
-544.802734
-2248.960693
-1293.298950
841.015076
1176.851074
487.041504
232.420898
341.543213
-464.735596
-603.129639
-408.202148
-238.794189
35.767334
6.747070
-145.616699
-563.855469
-848.075195
185.000488
752.078125
260.715820
-658.672913
-1423.898560
-708.900635
-392.881104
407.943115
504.908203
-857.791504
-1624.963379
-123.040436
231.982910
985.844971
798.538574
-130.550781
-196.892578
916.218018
33.301819
-1803.182251
-1421.189209
-515.531738
-899.350586
-1020.848145
487.784454
-305.133301
-541.927734
-780.892578
-756.718750
179.908203
-978.223267
-1403.593262
15.103271
-293.119141
-994.965820
-840.534668
-1405.857666
-1143.997192
130.840820
518.829102
-186.436768
63.839844
3261.670898
2494.239258
-781.212158
-909.791504
-445.882812
-1681.673340
-2683.561523
-883.240967
-377.820923
-306.007690
-241.822815
369.016602
-2229.204346
-4207.467285
-1249.540039
1176.578613
-141.624512
484.123047
623.257629
773.186523
212.228516
824.830566
632.001465
7.657227
-322.219727
-1128.440430
-1296.083130
244.251953
-997.014160
-447.877441
1630.758423
571.880615
-9.770020
-164.819092
-1030.709717
273.344238
504.261719
-523.115234
-3717.483398
-3870.209961
-1032.723633
1097.228027
96.748230
-44.106934
-155.416504
-834.719971
-915.660400
-477.465332
-229.145142
52.722656
1034.782959
2373.570312
1265.203125
1012.110840
-877.565430
-529.213867
94.037598
1664.380859
-442.183594
-972.210938
-646.129150
27.377136
854.139160
662.257324
405.923340
-768.871582
-156.053711
2417.556885
2165.362793
-830.786987
-484.170166
-2787.584717
-706.111572
867.988770
-608.897949
491.119629
-267.179199
-762.963013
1692.976807
1207.846436
738.620850
-2.737793
365.438477
258.436035
-1213.578857
-1536.032104
-1544.742676
-233.943604
62.331299
102.475464
1185.997314
521.461914
260.317383
-796.772461
-1008.013611
-1026.086914
236.029297
270.768066
-289.436829
30.804077
301.724365
-682.448242
-1025.653198
-1430.030640
-731.238403
723.805542
1274.902100
1771.911133
1342.182861
364.750000
956.783203
-304.352539
-1101.972656
459.428711
-492.986084
-55.133301
1072.300293
-526.015625
-1645.474121
-2299.797852
-2002.111816
-1008.695801
-449.391357
1680.100586
2227.272461
-1065.347168
-828.508789
133.931152
-341.191406
487.854004
244.675781
-137.395264
-455.729980
-1065.592285
-1395.223999
-1129.159424
-1166.732422
12.959412
698.685669
-110.025391
491.633789
1272.132812
2019.354004
566.746338
1103.583496
299.733398
-386.880371
76.099915
-674.280518
-1404.553955
-729.855286
-690.419189
-2823.393066
-3002.758789
411.274414
380.698975
-251.165039
1080.448975
877.485840
824.108398
-565.337402
1538.097168
973.123291
-1448.550659
-1752.081299
-334.475830
202.469238
959.280396
1213.477051
1716.358398
-495.960938
318.667969
732.525391
535.625977
486.179077
-585.087402
-878.618164
-366.704468
433.382507
-922.549561
-716.470215
1191.674316
396.452637
-155.426514
994.076294
574.166260
72.410156
905.967041
806.775879
730.517090
394.572754
-163.383301
-1714.427124
-777.315430
738.989990
-256.219238
-1663.993164
-1303.312500
151.092773
333.980469
-939.524536
691.158081
432.018799
-45.324219
-808.223999
-1690.445312
-1214.760742
-1118.591797
-2486.008301
-2316.289062
-1303.925049
498.313843
383.398438
444.431152
-141.739746
-567.163818
1.498047
-67.468262
859.307617
780.171387
1540.200195
726.276367
-147.492676
-312.583923
1508.076172
304.792969
457.234375
777.253418
-1081.152832
-1482.791504
-800.791016
-426.121094
157.379883
2310.699219
3847.743896
3049.662598
1245.695801
-353.588867
102.118652
748.875000
1500.091309
646.831299
-792.308594
-253.806885
156.475464
-1190.362305
414.720703
-96.876953
25.817383
-40.134949
-227.981934
-209.694336
1554.347656
306.935059
279.209473
866.508545
967.223877
734.940430
253.740723
710.453125
906.130859
408.878906
540.382812
110.651123
852.561035
-18.449219
434.509766
-261.296875
-253.491699
-472.687744
-161.253418
-717.701416
249.010742
1147.600708
538.238525
599.343262
-284.173340
30.817871
-875.214600
155.415283
-173.740479
2571.400879
3592.168945
1409.541992
-23.417969
-546.692627
-265.918701
-498.691895
-1508.605713
636.093750
1216.197266
1461.407227
51.772217
-34.562988
-1044.204590
-876.580383
-294.786133
441.874023
1559.915039
1434.979004
-604.190674
204.808319
796.235352
-205.538574
540.735352
-212.514893
-751.138672
-891.425781
977.709961
-782.062500
-362.203369
-859.514893
-1477.925781
-165.262573
-687.524475
-1992.089844
79.362305
3861.798340
7921.082031
2302.534668
1138.347778
-460.419434
798.551270
-220.936523
-97.275269
210.010742
-2989.506836
-2093.677246
1609.555664
1.213867
354.030762
-576.287598
-1492.473389
-1458.427124
378.918335
995.258057
30.415649
395.682007
1622.024780
978.405762
778.553711
310.382812
390.234375
15.114258
-386.181152
501.365723
-1663.382446
-2634.160889
716.377441
1568.997070
1857.527832
603.404419
-1161.580444
-1683.930908
-1437.556641
-2682.859375
-2468.954590
265.399292
-236.366333
-1393.235107
55.211670
-394.888428
435.159302
1531.141968
-16.286133
92.346436
-539.625244
-474.128418
-563.387695
-560.793945
718.910889
879.185303
43.720215
-903.372070
-337.895233
160.757721
-192.140625
-462.819580
165.657227
479.724365
217.569580
-183.853516
274.211914
1544.568726
1098.552734
-164.055756
709.344727
406.311523
1095.734375
1429.017090
1378.576172
2784.813965
1353.458496
424.964722
119.509644
-381.562500
327.339844
2414.536133
241.428711
-692.048828
-3946.646973
-2495.420898
-146.210632
56.469482
938.028809
-296.293823
-1647.925293
191.024414
137.571289
-1014.946289
2212.732422
1866.926758
-1344.558716
-179.581543
906.012695
-1135.177002
-1234.632690
48.984253
-591.871643
-716.084412
-9.882080
-1203.069336
-1412.820801
1054.867432
247.073303
-351.359619
-125.970764
-842.033691
2138.000488
2690.804199
939.819092
-4125.921387
-7986.181152
-5236.348145
-1080.150879
1557.042236
6263.547852
924.531128
-543.827026
1544.620117
3.452515
-1220.888672
-911.257812
351.085938
-111.647461
-578.605225
-1218.881348
-667.437988
-202.417480
256.847168
-309.062744
501.940918
917.235291
1100.536621
299.612793
-470.850586
-386.382080
-19.213989
93.296143
980.848145
2286.845703
183.460938
-957.949219
-1563.279785
-245.375000
820.661133
413.541992
379.022461
-4659.252441
-9081.516602
-5549.598145
-1062.059570
195.918945
644.833008
-179.628052
-554.655090
-206.286621
-45.697754
-470.310059
-417.667603
-508.200195
-849.946289
-14.449219
552.176270
-1176.254517
351.942383
-280.736328
432.007812
1328.773926
1253.503662
394.731934
-473.589844
813.774902
352.533569
-1022.263672
-686.631836
460.255859
424.165771
146.025391
-223.791260
497.685425
305.505127
878.265137
213.395752
-830.921875
-1369.775146
-408.101074
127.158691
-427.589844
-517.160645
-1334.358398
-1872.432617
-17.949219
-826.436279
248.541199
509.078247
-108.021729
4633.657715
6248.216797
2476.611572
697.793945
-438.474976
566.301758
1942.107422
721.139648
-22.000000
-877.174438
-1896.982910
-1489.172852
-1354.069336
52.098145
-1842.909058
-2636.062500
-1371.073975
300.316406
796.777100
2018.195679
1999.474121
442.373901
258.926514
561.005371
-415.214172
793.572510
2587.293701
271.183105
-1.089600
1024.827393
664.607666
-491.364868
-215.982178
562.917725
235.806274
572.729370
217.607422
758.378418
2.128662
387.618958
878.080444
-733.799438
-107.778809
1438.527832
-67.956787
-410.068359
-57.604492
-1067.531006
-733.473999
482.017822
-852.598755
1789.653320
4703.826172
1933.205078
-815.653809
264.241211
369.401367
-225.123169
814.329590
-555.215820
778.691406
-111.685547
91.297729
-1712.071167
-2898.413574
-1690.028809
37.641113
329.571777
178.896729
1033.220825
574.642090
-990.444336
134.260254
215.985962
1074.594238
308.610840
236.050049
222.014404
1149.147339
-462.106445
-1453.691895
-119.054443
522.710815
331.278320
-1929.277832
686.919922
-19.113770
-284.971436
772.204590
-532.639648
-705.551758
833.912903
766.324219
819.630859
-372.542480
-923.814209
1356.758423
-1422.364990
-636.077759
-362.541016
43.616211
155.316406
360.783691
988.267334
1151.198120
1181.449097
1112.728149
769.403198
298.518188
-72.968750
-1443.707031
-716.637939
355.697632
-775.818909
-602.498047
226.770020
250.500000
429.195190
1238.747559
1401.450195
1348.605957
1768.609863
2361.006104
1683.249390
1696.979492
-957.968750
453.819336
1492.892578
1097.745117
1104.025879
650.689453
-387.756592
-754.261475
-806.147949
-123.888306
290.286377
349.367432
564.370483
163.019531
88.982422
377.382324
1020.778320
945.407959
893.484863
-1847.213867
-2598.731445
245.824219
-856.649292
-225.024902
715.201172
1358.557861
1216.390381
-1038.800781
-2440.581787
602.408936
-203.241028
910.142090
1437.262573
471.974609
-205.077881
-930.074951
-70.536987
1114.475464
656.780701
-1043.210083
-1174.613037
-651.814331
-472.767639
311.944336
1856.866211
673.405762
360.738770
661.133545
-426.362793
-420.787598
-175.461914
-619.567627
-1050.076538
-526.352051
-271.487793
437.384766
156.402344
3.460938
-735.483887
-57.951172
113.559570
-1491.188477
-1228.103516
452.965332
-737.110352
-1282.804077
158.771179
-99.215820
1368.121582
1727.743652
984.760742
63.923828
-88.791992
73.162354
2975.086182
2900.309570
-486.477295
-584.169922
-783.952148
57.817383
1309.688843
1557.424072
-1298.760986
-3345.650391
-1775.484863
-616.044922
-97.100342
-643.953003
-880.297363
-381.328125
-196.029297
-668.580811
-1399.793213
-566.516541
1255.045776
-473.881104
-402.046875
684.958679
1014.611572
-429.725586
-520.948730
-118.809570
-1654.193604
-889.141846
787.115479
1352.571289
772.875732
505.152832
651.753418
-752.654053
-378.595215
487.008575
-2202.600342
-1235.317383
552.760742
-1168.240845
-589.657959
969.328613
-0.925781
981.360840
2351.967773
3330.341309
274.914062
-2693.251953
-1568.896973
775.296631
1454.163086
1396.894531
-1482.015137
-5398.978516
-5058.109863
81.736328
339.061523
847.286133
-134.559570
-2355.008789
-67.745361
1852.191895
2142.500000
1986.489014
-627.401123
156.011230
-989.163757
-3071.421143
-993.713623
779.668457
1684.125000
5385.828125
818.726562
2531.990234
-1131.935547
1314.788574
-1603.462402
-523.640625
-423.850586
-703.417236
503.585449
535.821899
1415.688965
-727.327637
445.829102
864.492188
1170.530518
123.267212
521.587402
2718.393555
408.969727
223.284668
-510.701660
-904.729004
-561.266602
-1436.505371
403.894531
-835.660400
-390.567627
736.769531
592.585938
967.608398
-46.898621
-516.088867
-1935.526855
-1096.763184
366.407227
-232.656982
-730.940186
1277.705566
1583.507568
1586.280762
1072.313965
-274.005859
49.482544
-619.476074
-352.881348
-228.105225
-668.825439
122.627930
-709.198242
300.656250
-149.519653
-758.078369
-709.708252
-456.443848
479.638184
-566.370605
-280.550415
749.588867
-604.725098
46.244751
322.034546
-1269.635254
136.788086
-1127.078125
-2788.731201
-1732.562500
-166.399780
270.108887
808.347168
564.239014
865.318726
203.812988
-985.186035
1283.715332
1770.687500
1265.903076
708.920898
1216.240234
-561.478516
-1514.531616
-2923.110352
-503.496582
-22.753906
-47.840820
694.988281
583.727173
-30.875977
59.976074
254.424316
-528.295227
968.117798
3864.475586
1188.864014
-898.072510
43.895020
-342.701355
-692.502808
-291.926270
-692.477539
609.402832
461.723511
-688.341858
391.880493
-1772.636353
-7026.638672
-7223.649902
-1587.195312
-388.935791
-2054.847900
-669.575195
1024.264893
963.297852
48.953369
1089.657715
-448.832031
-40.738281
-644.163086
746.143311
-527.976562
-765.135742
390.557861
515.695801
-361.864258
130.560303
1282.213623
856.135254
-675.006958
-360.779541
-35.787109
181.534668
-336.815430
-535.741699
531.322266
-763.505371
-281.327148
-50.375488
-136.871094
1777.662598
2341.648926
968.443848
-772.863892
-3385.811523
-529.536133
-787.419678
-1323.878418
676.352539
817.489258
1267.253906
1919.838867
-581.349121
-1224.376221
-102.755234
-2895.975098
-1626.190430
1884.432129
1525.860352
1464.317627
638.955566
-607.445068
-264.053955
-751.768433
-1388.495361
-251.541260
35.475098
-623.705566
110.365479
2995.985596
7268.221191
4442.266602
963.930176
51.534912
-1832.360840
-1816.097656
342.918640
599.076416
-135.810059
-183.166504
-938.853149
-225.135742
864.855103
823.576294
752.538574
1000.072754
763.926392
387.538330
-264.592773
-414.252441
-645.035645
-631.783447
299.038574
1054.825928
1416.043701
602.528809
282.563965
-303.519043
-1435.541504
179.699219
1756.095215
1683.531494
-913.964844
-715.883301
-329.481445
248.976440
3881.885254
3255.559082
-1104.168213
-4746.835449
-2478.019531
2603.368164
4218.271484
3599.999512
874.626465
-492.701935
297.899048
-276.963135
-576.830811
-1283.185547
-2062.972656
-305.967773
1360.333984
64.772217
-490.035645
-1444.575806
-287.615234
5465.410156
4956.269531
744.456543
-795.134033
-1260.373779
-2960.244141
-1251.310791
15.808105
516.783447
570.746338
311.585449
380.728516
385.403320
80.821777
2157.548828
3750.186035
1125.759766
-228.787109
314.506348
619.707031
-378.816895
708.896484
1208.679688
1060.541992
3285.598633
896.710205
101.290771
486.037598
1266.117188
483.186523
-364.431152
209.552368
-453.141846
12.946777
1736.844727
2642.818848
467.142151
346.142151
148.396484
-2255.634277
-620.962891
1225.479980
-726.145691
567.058105
429.416016
-447.437378
-914.887817
-3103.126465
-1290.728516
676.924805
1256.694336
-268.652100
383.444336
-66.165039
-14.666992
1513.305420
1853.850464
505.713135
337.288086
-1594.636841
-1284.048340
-77.758789
123.499023
568.166748
1110.381836
661.096313
4.047119
-4321.820312
1470.699707
3178.921875
766.117065
1147.618896
-32.887939
-1854.934082
-371.537598
18.632812
-1928.021973
-1160.125000
-139.128418
156.434753
732.626221
819.053711
765.632080
-413.450684
669.389648
936.647461
1473.419922
863.784180
-330.708252
-1107.082520
3.476562
-822.052734
-1101.848145
374.388428
314.771240
-89.390198
-398.406006
25.297119
-1981.431030
-1462.315186
-145.274902
-1933.287109
492.990234
-531.231567
3531.652344
5237.416504
219.576904
-1706.228027
-1314.935547
2050.762695
4747.051758
2411.663086
-957.967773
-745.266113
-75.071106
-283.845215
646.990234
-384.533203
-2115.900391
-2065.339111
269.727539
3912.043945
1486.345703
-1530.051270
-1976.313477
-2528.048828
-160.114258
-668.813965
-621.914062
29.767578
-1427.354858
-347.350098
432.832520
-708.459961
-799.704346
-1093.842041
1163.479004
1022.558838
10.681396
610.502075
-1057.019165
-710.200562
648.657471
-165.324707
635.586182
565.207825
94.261230
-448.213379
-1276.794678
-1224.558594
486.847656
475.959961
-948.116211
-312.711914
-537.235840
247.433594
638.206238
-630.702881
-891.160278
869.835693
1750.689941
158.364014
-182.575439
1584.028076
2374.930664
-404.346191
674.591309
1802.770508
217.343262
330.310059
1144.086426
322.735352
57.150391
-339.335449
-600.306152
-573.791504
-1523.896973
-181.008789
651.477295
-392.851562
-1065.163086
-4743.072266
-6216.921387
-3842.462891
219.207397
625.027832
65.754395
58.352051
1256.736328
230.381836
-1184.524536
-183.505127
877.478210
-2079.475098
-2984.403320
-1723.648926
310.228271
314.501953
172.050293
402.691895
-160.791504
-1056.010498
-413.300598
1700.062988
1653.760620
1596.142212
1121.245850
66.861816
11.639160
127.520996
-380.713440
-896.908386
-40.021240
840.126465
235.224609
1555.119385
1917.127686
262.071533
373.240967
641.653320
-19.948486
-154.034042
-765.739868
-543.672241
-610.311768
-1332.268799
-1108.921387
-717.351074
-1020.499512
-1147.062988
786.674316
1344.839355
1941.096680
546.693359
-79.608398
1426.180786
460.872803
1939.002686
2920.428711
104.094727
443.254883
731.135254
-2069.369141
2256.343750
762.314575
1547.787109
2092.506836
-166.409180
477.762451
-444.259674
343.142578
599.477539
-1507.496582
-606.285156
208.760010
585.673096
-513.912292
-1578.728516
-1462.923340
-618.408813
140.733887
1485.081055
1439.800781
-513.745605
-785.363403
-541.819824
-460.317383
-412.524536
-808.485352
-1237.726929
-440.065430
80.089844
-96.089844
-1404.879883
-4376.199707
-4955.578125
-1451.765625
814.864502
2469.518066
1131.761719
-2253.629395
-1638.132202
-661.641602
1202.786621
2723.978271
610.114258
-360.509766
-144.289062
-317.279297
218.970459
1138.094482
-172.427246
291.035889
572.053711
1276.706055
1144.515625
2074.668945
966.867188
-320.586426
-209.463379
-375.187988
-183.834167
261.328125
1788.439453
-1344.649902
-1022.063477
-1509.524536
-645.314575
348.858643
-234.222778
447.402588
-132.284912
617.608398
980.186768
-739.848511
-505.584839
229.325195
-1011.568848
-1194.593018
654.005859
-27.544922
89.780273
116.157227
805.175110
124.403564
-108.057129
191.333496
-798.804932
-2227.857910
-1049.446899
-832.879883
408.141113
99.728027
-361.533478
-71.422852
-636.321289
-303.110596
-194.248535
886.450684
2771.895508
458.173340
-1848.204102
-2276.232422
-967.251221
10.576172
-671.626343
-725.119629
902.901855
-904.453613
-612.399170
565.119141
-58.751099
-1207.712891
-658.380859
877.042969
1097.477417
1170.837280
777.540161
-99.310059
2638.399414
5616.822266
2712.055176
-1046.306030
-91.949951
1118.552124
662.662964
-380.052979
-955.651489
-273.326172
-196.480698
1361.858398
2410.245117
2247.574219
1924.667480
410.493408
746.946594
-2288.153809
-6209.815430
-2580.509277
695.944824
1412.383789
1742.222656
539.224609
383.065918
128.967285
1430.515869
1533.145752
-588.459717
-1973.054199
-3134.758789
-1459.359619
-32.406738
918.362793
346.794434
-1792.602539
-3651.948242
-1178.834473
-447.490234
1147.720215
1334.358154
426.602539
379.574707
-1816.346802
-1922.405151
48.517212
-72.749512
71.021484
258.860107
1077.521729
1085.466064
274.856689
878.106201
1550.427979
723.757812
1002.617432
124.640381
-579.255371
377.113281
-722.965332
-676.204102
1251.974609
1979.479980
-235.232544
190.806641
-1268.961914
-1177.433594
-129.455933
1800.869629
1373.543213
1040.977783
4958.291992
2642.638672
4213.315430
3145.804688
-867.954590
1028.077393
-609.299316
-2089.100098
-1716.233398
0.584961
860.626953
-127.562012
1753.142090
1515.470947
2405.989746
2412.344238
400.659180
1027.362793
519.518555
-780.729248
-284.744568
116.057129
353.475464
506.717285
260.109619
1541.493774
1229.715332
88.829590
-433.435303
-528.402344
1561.254883
2429.891846
320.269531
659.126831
2062.175049
832.132019
-1535.794067
-1025.380005
696.669189
446.430908
-115.132202
-334.524536
-51.302002
-32.534180
-4283.625977
-3327.964844
616.069092
-391.455811
-752.124268
301.697998
144.294678
-284.634277
909.101074
678.789551
-1550.860352
-1957.693359
-1213.053711
1133.305664
121.529785
99.655029
-1201.127441
-1344.152100
335.475098
-1021.533447
-1074.534424
-561.882324
-1555.815430
-1049.197754
-515.521667
423.384033
132.352966
-236.336426
359.215820
991.467285
24.576904
137.927856
-111.114502
361.213379
978.419434
-236.142090
579.242554
1163.803467
-50.874023
-1034.508057
372.841797
2140.498047
1467.500977
467.258789
-134.253906
-431.091797
891.776123
1297.161621
1099.475464
-37.399658
-747.627441
463.470703
1013.572266
168.370117
-1418.760742
-2106.982422
-3132.695312
-925.541016
467.908691
-157.420837
-697.830078
-480.727783
-135.078613
-698.395508
27.677734
-355.956055
-1028.750854
512.295166
-2077.688477
-3817.830078
-402.793945
-332.529785
707.841309
704.909302
401.784424
158.916504
-459.159912
661.476685
986.020508
1898.990967
104.033691
1805.022461
-202.676270
-111.968994
116.176270
-256.381348
-600.847168
73.753418
14.539062
-394.857849
760.578613
1172.022461
933.841309
923.350586
1757.125977
326.920166
427.950684
87.713806
-828.921021
465.250000
114.936035
495.254150
882.475464
-159.905090
126.164795
1661.147949
4361.647461
1580.709106
-323.061035
-370.944092
-32.088623
204.463562
61.213135
-1994.839844
-28.120117
146.892578
731.667969
970.070312
-623.375977
-359.166595
-1117.058105
-200.933105
-1856.757446
-3262.930420
-2178.508789
-1770.633789
-538.771973
-678.336548
-255.196167
642.450317
939.888916
679.816040
419.617676
509.551270
1423.842285
1526.173584
448.690918
-470.453857
410.849609
114.157227
946.363037
1041.681763
121.652100
263.556641
2198.070312
4214.296875
3456.873535
907.617188
27.423584
536.186523
181.358398
-1080.641235
145.186523
1745.956421
991.626465
1927.031250
1194.335449
-955.446777
277.944824
-481.139893
-888.803406
-984.975098
-336.104858
-311.733398
-1410.956055
366.496094
609.322754
1147.252930
4476.132812
4318.495117
831.214417
-126.857910
1184.148926
-1049.838867
-811.684326
-83.624756
-128.415039
690.521790
2161.432617
808.449219
600.936279
464.283691
693.725586
1154.988281
647.419861
-554.907898
608.412598
-1269.347656
-2037.561768
-949.078613
1130.632812
1548.739258
3029.291992
579.664551
93.979980
-989.834778
170.103516
1366.475464
854.382690
1011.777100
-611.487793
-906.753418
-1019.872009
-1207.409180
-310.647827
-437.313477
-1769.970215
-1472.483398
-1254.394409
240.987305
370.953278
693.784668
838.795898
189.451782
-1173.018799
-1747.777344
830.770508
512.126465
359.588379
576.474365
-767.984985
-2495.354248
-129.037811
1557.317627
2548.808105
2649.499023
-141.769043
-671.002441
-334.629883
571.662109
2018.262207
1063.122681
-1357.849121
-11.623047
-789.451172
-492.186035
1953.994141
2365.796875
232.810547
-603.789795
-467.768311
-307.595947
2777.918945
4065.336914
118.051758
480.943359
470.067383
-507.844727
490.075195
324.749512
-234.493042
-259.336426
385.653564
-823.398926
-1262.053589
2059.366943
2139.090820
-471.085693
-547.509766
-286.658203
-982.831543
-1103.592651
-882.588379
161.804199
482.672363
1037.993164
279.944580
426.879395
-1051.794434
-725.909912
-990.273438
-2810.137695
-254.188965
-972.519592
850.146973
2888.181152
243.193359
-1174.812500
-1396.608398
-3057.945312
-2980.388184
-2671.850098
-1868.264404
388.347595
-3.824707
776.551270
1103.977539
-108.770508
-88.707520
-552.399353
-912.825684
-330.479004
-132.958984
-358.651855
-723.004395
1267.301270
3309.124023
789.678955
-167.782227
-436.362793
-576.028564
261.886230
1818.174561
3103.150146
910.898438
-275.772339
500.475098
208.738281
506.898926
-651.181396
-224.019287
367.561523
-1606.545898
-2238.883301
-2185.294922
440.649902
1140.404297
-4.994141
1173.210938
170.863770
319.333130
1207.050903
407.875732
378.846680
-1133.768311
-1132.857788
-1121.226074
-544.171753
229.958679
434.477295
-516.794800
-1615.521606
-242.259033
-522.369751
-401.657471
296.833862
841.217529
256.981445
560.368164
24.201172
-1394.641235
302.582764
1885.723877
931.475464
-141.589600
97.924805
639.417358
-372.542603
-459.092773
117.620117
-438.823242
38.662109
536.865845
-99.917480
-2401.624023
-4967.831055
-2568.360840
395.611084
331.142151
750.992920
12.375488
-810.727661
897.900940
739.707214
-112.861084
-675.707520
370.381042
253.176270
920.442871
821.838623
58.678467
-164.699707
257.206543
479.863770
664.535645
327.513794
-1144.996216
-1707.067383
-144.298828
687.655518
443.655029
98.182861
688.620239
1822.924438
-404.878906
-354.657715
308.187988
-1788.230225
-2686.846191
-360.414307
454.723145
583.487305
363.651489
-979.824219
-1121.495117
413.894531
1438.435669
1199.698975
-162.646790
-1128.316895
-417.542480
-982.292236
96.169922
-314.861328
-534.159668
1133.151855
564.228516
120.953613
481.054932
1223.227539
1568.168945
2381.426758
-1863.671387
-2648.269531
-2886.628906
-629.676758
-17.688232
1406.467163
1965.796021
-275.027588
-399.003418
-615.619385
-1064.225220
-663.317261
-146.612671
282.993530
758.992920
514.307922
-329.266632
-391.634277
737.373047
1090.724121
915.915161
411.383301
-290.300293
309.448486
-639.696289
-1673.733398
1826.878906
264.684082
-1611.519775
-1453.798462
160.742432
161.999756
562.167847
301.973145
3065.875000
1600.025879
-1010.674438
-506.277344
-76.168457
-357.701660
-495.656586
379.527344
935.424805
572.906494
3155.642090
1535.378784
-448.849121
-1138.641602
-2444.959473
-1715.031738
-347.874023
-647.134399
-212.414062
-9.571289
1611.708984
-490.083008
145.120117
-1098.489014
-956.678833
-653.187805
2465.288330
3539.608398
1428.375488
-1343.207031
-761.980957
294.194336
2034.176270
1868.894043
471.114746
-3228.672607
-3862.240479
310.803467
3163.041992
5043.711426
3669.416748
-191.756348
-606.206787
-605.707275
14.047852
172.048340
-244.985352
385.606934
320.088135
28.188477
536.163330
-325.003662
-757.549805
460.096436
456.432129
568.492676
44.165039
33.174805
-166.368652
428.125977
-140.288330
-401.128937
-21.786865
712.682129
1649.078125
2872.104004
2151.251953
994.166016
860.300781
-936.218506
-549.170898
-501.440918
-105.395996
110.428101
-234.262451
12.735107
950.352173
819.611206
703.565674
183.618652
1603.029297
893.755859
504.412598
423.844604
110.319336
39.397461
-363.746582
-511.097656
-332.891602
-345.019043
-880.311768
627.460083
355.682251
696.795898
2221.198242
654.570312
-581.028809
303.177734
1957.081055
-261.493652
-1204.311279
-1615.347656
487.671509
3133.355469
4835.983398
709.449951
-2553.565918
-545.706543
615.052612
360.508301
-893.426636
305.137695
589.518555
506.616699
-223.520676
460.689575
39.797363
-1155.006836
-898.566895
746.561035
855.161621
-538.489563
-673.426270
-326.554199
301.799805
-260.106445
448.354919
708.177734
-349.617188
476.446777
-630.414795
-211.738922
-602.265869
-4328.820312
-2602.437500
88.845215
1325.339722
1004.213867
-488.600586
-1679.218750
-1166.798340
-982.257812
-1916.058105
-3511.010742
-1009.532715
43.417725
-911.244629
1756.428711
1769.266602
-372.499023
861.818848
1671.588379
1146.670410
-1137.223755
-2091.449707
-497.977539
1591.045898
740.378418
845.639160
-1042.583496
-2275.323730
-3106.286133
43.857178
821.481567
-52.468262
599.963501
238.589600
527.072266
1826.933594
733.320068
1375.271484
1816.512695
231.957031
-1403.474609
574.000977
703.618164
2330.881836
356.705811
158.166016
781.014648
-123.264404
-1689.224731
-951.146484
-682.541504
-1288.705200
-1472.484619
-957.645508
-3842.291016
-4678.666992
-3173.978271
400.160400
-328.026245
-845.363403
-517.127319
788.195312
437.607422
722.968750
806.716431
446.430664
1755.841309
2166.519531
1385.745117
-1763.198242
-5129.905762
-3510.819580
1568.243286
2942.394531
4825.255371
911.698486
-1784.340332
425.126465
-1042.714233
-1169.610840
329.783691
-2838.937988
-6696.195312
-6105.690430
-2670.538818
-748.532227
784.337402
-9.814941
98.565918
302.261719
161.266113
890.310059
701.907715
674.122559
1151.313721
-545.463867
1102.573242
1160.555664
2188.192383
-269.041016
-1269.899902
-654.500977
-1272.015137
-1002.453125
1668.826660
-524.072754
-345.967773
-781.501465
-37.524536
1049.622314
-603.000732
-362.158691
1163.889648
-334.968689
-523.598633
-54.285156
109.725830
-138.921997
-1821.221924
-763.600342
-127.015991
-1770.597656
-1903.946289
680.097656
-728.883545
1188.855957
1584.301758
-449.880371
-806.364990
-1123.264648
-794.150391
-1139.476074
86.220215
-114.098633
728.959473
838.492188
593.262207
1400.645020
3541.875488
3192.650391
2160.170898
-1111.349609
-131.082031
93.214111
-587.874023
612.000977
1119.858643
-567.255859
75.028809
483.774658
1036.358643
99.568848
1339.187500
509.756592
-526.222168
-223.119629
-519.583984
9.063232
174.007080
-432.933350
-1181.314697
-1048.857788
-1312.659058
575.142212
-373.409668
-2790.608887
-11.947784
658.416260
-357.577820
432.479370
-284.781250
538.437866
693.402161
-1290.490723
247.418091
-1325.734863
-7620.860352
-9486.572266
-3500.518311
-191.477844
-167.358826
1285.581177
2537.868652
606.399902
-137.443848
-1236.512451
-439.500732
432.873718
392.309570
-979.258789
39.109375
-946.002441
-382.581543
119.371094
440.747559
256.452148
-882.410156
-885.038818
-158.962891
-58.675781
549.677490
170.194092
162.321442
444.057861
-1552.887695
-1190.659180
-87.336914
28.908203
419.662598
996.759277
511.775635
15.085449
1195.312500
1354.125977
55.076172
-3463.905762
-873.979736
81.279297
322.790039
-568.054688
1048.192383
-8.198242
-99.688477
1324.274658
4459.130371
2501.869141
-861.555664
-1169.638916
-620.857788
-620.773193
-560.792236
-488.504883
287.394043
-417.901367
1025.971802
1.307373
-239.937988
-1742.547363
-4148.553711
-875.849121
214.966309
-444.903320
601.729980
119.346680
25.537109
875.269287
-114.541290
-798.319336
-223.825684
-992.326660
-1845.522095
-658.264648
1206.752930
821.170166
-906.100586
-417.595947
-473.159180
-401.702148
465.449707
1009.612061
801.293579
219.216309
206.260254
287.347412
549.303711
50.125244
208.334717
1264.561646
1462.125000
-106.100098
-1459.293823
-905.334717
-27.768066
16.773438
-542.640503
-661.004028
-451.033447
578.565674
1349.033203
1888.322632
1215.943481
-813.517578
438.664307
2010.966797
-142.971436
-1063.683838
-55.583008
113.471191
149.708984
-277.375000
460.869873
652.629150
140.191895
189.349121
-776.733643
-1026.904419
-299.742188
59.374023
-100.475098
-55.157776
-278.241455
-1133.947876
-214.527832
282.272461
119.822266
-526.719177
-713.957031
722.071777
-668.910889
-2095.422119
-1584.320801
-608.554688
-1061.629883
772.954102
-1919.743652
-2784.879883
-470.164307
-129.913818
115.685791
291.451050
-1011.094360
-340.589355
-534.376709
-336.194672
-231.849121
-1226.372437
-547.004883
-257.710449
-136.984863
-537.013672
733.957031
704.072266
-399.182251
225.283936
1162.523682
1936.782837
-17.491699
1317.968262
2551.029785
1950.155762
-1249.333496
-2098.629395
-3300.723633
-363.564941
4048.420898
4431.001465
1629.213867
-1845.787720
-3656.809082
-1042.751953
1202.277588
612.760742
873.914551
94.208984
-116.548828
625.526367
80.587891
-1235.447876
-1374.303711
-1092.623535
-947.189819
-654.946777
-100.425049
37.224121
736.889160
1386.236206
1636.202393
2205.520996
845.441406
-335.505859
-44.796631
299.484619
-317.746338
-0.532349
589.618164
1664.322266
965.005859
-114.167480
734.863770
357.077148
-1852.665039
-582.102539
172.306641
913.489990
1582.382202
715.417236
236.757812
-505.634155
-391.256592
-811.791016
-891.732910
86.087402
634.142151
1156.223511
1064.168945
1039.380127
-273.835083
-63.460205
-383.227539
912.291992
-1092.316406
351.059448
-742.088623
-1475.319336
-87.277100
1234.813965
874.036621
1409.790039
546.847168
-1475.784180
-522.638672
418.313477
-854.629761
-73.921631
-462.528809
-822.871582
256.765137
-348.830078
92.736328
754.175781
-416.869385
1699.330078
342.768555
72.751709
-591.981445
-986.076172
267.973145
-429.335205
-100.440430
-504.098145
-1313.313721
759.027344
867.373047
-1608.158691
-1474.215942
-1502.237793
3480.093750
8886.161133
8376.534180
3802.967773
-278.185547
-49.097290
845.829590
-312.890625
441.157471
277.668945
-768.815430
-449.734375
145.544922
-248.528564
-264.477539
1555.605469
1204.198730
-521.964844
-647.660645
411.107880
-596.552734
3216.087402
7658.068848
3781.543457
-518.048828
336.031982
-157.371582
-183.780640
-1320.356201
-458.637451
-792.351074
-1302.210938
-1337.221680
-755.252930
299.771484
681.497803
-273.735596
1580.787109
851.147461
1388.944336
652.925781
-841.833496
-596.259399
-99.359253
-539.490234
-386.791992
-743.475952
-860.164551
-306.429199
357.076416
-24.932953
806.873535
-240.915283
274.859619
-349.567871
-296.172607
380.625305
606.086914
-1249.551392
935.657104
918.722900
990.776367
582.654846
1597.175781
743.125000
136.629883
-8.033081
737.537109
514.313965
679.541687
33.639160
-2568.655518
-2924.611816
-846.227051
527.474609
1686.684570
-42.304932
-334.137939
610.652832
-175.713379
-171.188477
166.882812
0.795654
-1313.164795
510.044922
664.489746
-815.145508
1377.132568
2305.800781
-369.498413
-705.801270
315.033447
315.629150
138.040527
1020.003906
865.847656
-603.532227
-747.021729
-509.148926
-1160.138184
-602.929688
989.172363
-5.379395
50.366943
510.183716
530.744385
-1179.660156
-761.354980
1903.424316
2701.035156
1870.647705
-245.810547
-206.848633
-350.311157
561.045410
1803.675781
494.428223
-2383.657227
-1954.248535
314.639160
971.014893
246.362793
273.563965
2022.216309
-433.917969
125.536621
-118.572754
1290.292969
-1052.699219
34.408203
1013.475586
1277.014160
-868.018799
-212.489258
-1475.557373
-3550.105469
-2562.743652
-913.997559
1228.414795
400.736328
-101.920288
1460.063965
1616.307617
-933.636230
-637.165283
757.738281
1412.166016
-299.809570
303.276367
531.755859
1119.024780
1675.821533
1199.095093
1839.062500
2563.287109
2922.926758
973.784668
360.577637
851.453857
511.027100
410.949463
-535.936401
-746.593750
304.023193
-445.203491
87.033569
544.949341
378.285034
-735.775085
-533.049438
349.658691
614.828613
107.357422
1325.851562
691.573730
-789.423340
-27.729492
-295.732422
-1045.494873
-1291.515869
-496.215332
-160.675781
479.793457
1250.003418
804.982666
-408.524536
-516.151001
1121.204834
210.674438
-1010.387695
-328.704590
-430.884277
620.695251
-697.616455
-1212.867310
830.210938
-1.566406
321.702515
350.737793
-1157.098145
-290.828125
-318.297119
415.763184
191.308594
-47.848633
1254.762695
766.698242
-813.886719
-11.196289
381.530273
71.714844
-233.024414
1008.850586
2128.244141
611.008789
1386.014648
-152.651123
-1032.054077
769.137207
1659.036987
-770.473633
22.868896
1222.863892
70.682129
406.128174
1547.291260
598.710388
-501.003082
914.936523
-878.954590
-1226.024414
-1143.954102
368.582031
-1136.011719
-386.264984
-1169.681641
-1540.503906
1237.379395
900.394531
-235.610352
-374.321289
-914.514282
-1108.983154
39.475586
560.109375
724.331055
-733.587402
816.636719
-887.817871
-46.112549
653.822998
2050.299805
473.830566
-828.254517
-705.427063
-547.474609
-744.657227
-955.838867
14.594727
-710.886719
-386.995605
36.407227
121.644043
-219.166504
-1158.920898
-2112.090332
-563.764160
1311.653442
652.767822
-1633.424683
521.674805
2888.028809
1470.631470
188.237549
19.879395
786.921387
881.546631
1550.275391
1026.032715
-946.854980
-727.213379
539.063843
-613.733337
-506.073090
104.065048
-1025.991211
-893.676758
494.148438
-336.305664
-689.322021
-1258.219360
-12.271973
2025.587402
1487.482422
-1798.594238
-152.754578
-747.543945
-628.230469
-455.409424
13.717773
1346.625000
1309.851074
-139.917480
-500.235352
215.381348
-559.945312
-577.719727
434.460938
836.818237
109.275879
1263.121826
-101.809448
-135.471436
416.728516
-378.653809
922.817688
667.113281
569.142151
792.194824
-322.835449
-324.813232
669.435059
1219.475464
790.598389
1109.203491
636.926392
302.707397
756.991333
510.341797
-72.793945
696.648926
906.946960
1235.339966
86.946777
353.029297
427.691406
-418.022949
694.349609
40.937256
1149.490967
6323.319336
4835.729980
-314.524536
-889.926758
-1182.201416
-544.681152
-394.123047
-1480.687012
-300.607422
1282.853516
4165.525879
3067.076416
657.815430
-2583.780273
-5322.857910
-2259.354980
920.524414
141.455566
-282.432617
-1856.260132
-1414.295898
1184.137207
352.021973
-47.845703
727.202148
192.628906
-279.311066
1882.293457
1150.728027
99.304871
573.746582
-388.254883
-377.311035
-1912.725830
-1813.110107
-400.254395
-768.720703
106.002441
1135.539062
1111.026855
368.992920
570.108398
642.458008
-2098.379395
-2876.671387
-321.480469
1322.616211
6558.240234
7924.250977
4214.233887
661.234741
-903.203125
-876.257324
-186.468262
1086.005981
-598.726624
-602.862854
2267.429199
2225.871094
-206.094727
-519.021484
1113.863281
1016.418945
669.536621
-552.963623
-823.853027
-1967.374023
-111.592987
348.306030
263.638916
-729.531738
0.912109
832.843750
1687.539551
-159.955078
66.042969
-1568.893555
-1040.462402
-1216.877197
-82.792747
-1140.478516
-6615.140137
-5037.011719
132.048340
471.554688
-213.568115
114.913452
1244.739136
652.218384
-771.375488
-0.894043
578.475464
-518.388672
500.135254
-757.003174
412.297119
288.207031
-118.792969
-2276.040039
-4950.058105
-380.290771
23.173096
-1107.619385
1075.449585
-4948.558105
-4452.808105
1353.641357
891.878906
1140.064453
-630.816895
-744.719971
-868.198914
-1057.384766
240.095215
-231.207520
-180.234375
-400.964844
157.848511
415.591553
651.583496
1433.437988
1053.912109
1278.157471
3095.752930
526.958008
42.341309
521.553467
34.646973
-741.609863
251.823730
-763.422852
-343.466797
-39.689575
1801.402344
1486.107422
-841.957520
-1599.265381
165.097656
1666.010498
3140.706055
211.471680
195.821899
1110.756836
-130.291260
3686.696777
5666.404297
2526.399414
-634.534241
-1452.981934
-1250.524536
-298.812500
1950.147461
1582.708008
1378.186035
474.468689
-557.117065
592.827820
-896.602051
-371.933105
54.707886
-958.006836
-237.714844
-1386.907227
-87.387695
-435.636230
992.309082
-631.247803
181.495117
-1273.079102
-1308.598633
127.331543
101.437149
-1598.500732
-1385.590088
91.972168
344.037476
1621.635254
881.475586
286.184082
455.974243
359.490234
-526.500488
-85.856445
-961.656250
-923.287109
-1051.778198
183.567627
1819.744873
904.291016
985.140137
263.673035
660.144165
4748.068848
2868.120117
1108.088867
-936.061523
-2020.243408
-572.898438
369.809082
-1366.226807
-178.032227
867.869385
1248.877197
203.226486
-648.457520
822.965698
1660.142212
3504.726562
-141.772461
1085.632324
205.778564
1746.229004
5434.655762
2358.714355
107.837769
697.226318
643.315674
789.549561
264.716644
708.837402
-962.819580
-1600.594849
167.168213
1530.881470
739.575439
349.391602
-689.503906
-770.972168
-795.258423
-1429.702393
-1053.451172
-651.317139
1675.406250
3674.126953
1868.340088
-538.351318
130.611206
-1631.779785
-2828.696777
-459.468750
141.947754
-563.995361
2119.841309
3989.981201
3965.644531
2692.027832
-380.989990
-914.505615
-561.185547
613.602539
51.789551
-1439.462402
545.777344
623.188477
-924.684814
-1067.524048
-611.404663
-1148.836792
54.623535
1121.811523
-2407.938477
-3316.950684
-686.428345
1075.872559
2829.583984
3790.953857
518.071289
-304.491211
429.501953
-859.211914
-2117.896484
1234.702148
2173.299805
340.001465
-70.815857
-463.091797
-2057.684082
328.983398
3014.438965
2565.541016
183.891113
-491.567383
637.683350
-437.606445
-177.140869
-100.215088
-1231.987427
-170.040283
-216.919754
-614.774597
576.001892
434.380249
-2249.719238
-2571.606934
-228.085938
-358.551270
827.114258
3695.162109
1260.336914
-1040.949707
-3427.509277
-3833.470703
-322.806335
-464.373047
-2482.565430
574.798340
399.140625
-444.272949
249.343750
688.018066
-248.785645
72.544189
313.474609
1271.744385
2711.156982
1060.856689
-753.357910
-2648.929199
-1171.177979
365.105103
-744.644653
497.219971
682.583496
-349.280273
928.743164
-224.417786
-143.568115
903.183838
1596.613037
1078.160400
160.288574
415.806152
690.961426
362.057129
456.866943
-774.007324
48.243652
535.466309
-184.527832
396.742188
-29.897705
-982.443726
56.273926
1086.764160
-73.427734
285.965820
-2152.744141
-4057.855469
-2594.101074
106.947021
-317.043701
-1900.235840
-1636.245605
-924.793701
-314.052856
-344.204590
1116.206055
1246.433594
56.062012
344.363281
1187.298462
1384.927612
1341.978271
-1104.816162
-1433.986816
-989.518066
-1218.896484
-171.008789
-864.877930
-509.845215
-1808.811157
-846.347046
70.524994
-832.524414
-1964.701172
16.354492
111.880859
-356.518066
-260.720947
194.583252
-745.372070
-501.803955
735.261230
-389.532715
840.796509
-2345.799316
-4221.499023
-1771.857666
427.846191
4.727783
386.920898
2207.626953
907.918457
183.873901
-1069.588379
-546.377441
-361.662598
-1086.128418
327.255859
4298.047852
4356.720703
1376.601196
39.577148
-500.935059
-559.125000
370.370605
1156.142090
544.415771
362.970215
1198.823730
867.672852
947.535156
626.881104
-332.117676
-406.232910
-5.101318
-315.762695
102.889648
2174.921387
131.567383
70.382080
823.063232
156.142166
-368.844971
543.834961
1303.915771
1336.895386
-43.906311
-253.762207
-658.226562
-755.210205
-526.148193
-976.746094
-2823.762695
-475.836914
344.679810
-450.834961
-1045.591797
-875.416504
361.999512
1901.375244
47.880371
350.625244
-640.757446
-666.479980
738.939453
-248.290527
-1086.582642
1200.183594
3555.972656
858.238281
-1052.562866
-29.677490
63.786133
-351.986328
768.247070
-382.958374
-2538.315430
916.508057
-27.486084
1718.867920
194.036133
-495.583984
-68.961426
192.703247
-254.654541
-948.090820
-1509.339844
-1061.324219
-905.562378
-212.514801
-609.611328
-1437.719727
-1155.254639
-212.959961
1355.275879
77.941406
-2880.296387
854.867432
-234.028320
-641.309570
388.144684
230.029785
-362.734375
210.723389
3308.927734
1685.403320
-877.365234
93.083008
-501.263428
1381.638916
2055.903564
1457.574707
449.366699
-437.203613
-1907.930664
-779.513000
-1000.128418
-2463.251953
-1269.297852
501.150635
840.039001
1292.475464
-13.963135
-254.654419
1136.895020
829.243164
1113.695801
1020.475403
-32.007324
1421.202148
2095.970703
900.751953
637.175842
-379.466797
69.220490
4099.029297
4950.000977
1834.390625
836.576660
-537.971985
-514.529297
-324.299805
915.537598
1445.591919
1654.509033
1898.568359
545.388672
525.717773
-761.857788
735.684448
787.285645
632.728516
-435.325867
-7.409180
-447.777344
89.513916
162.177734
-77.719727
4479.499023
1321.361328
105.011719
-260.775879
516.957520
-76.651001
-1304.528076
-1669.246094
-602.774658
-1181.012451
476.416992
761.914062
-302.480957
-870.588013
835.992554
353.186768
524.580811
266.846680
-117.445435
965.340088
581.012207
-1164.933594
-1652.909668
-536.534790
1287.231689
1498.033691
-149.830933
-643.229492
1130.115723
2551.552734
1084.627197
223.945312
143.861816
-2516.721924
-2139.630859
781.323486
-8.714722
-225.120605
-86.077148
-1102.450439
-70.429199
-15.207031
-1235.096924
-683.565186
1088.827637
2331.799316
2986.450195
1973.142212
-734.095642
-377.326172
-163.205566
-2564.290527
-2152.188965
-1483.848633
-289.588867
1006.179688
712.440979
1806.957520
972.058594
-746.675781
-566.191895
817.608398
-334.950195
-418.218750
44.463867
-424.196533
209.559814
300.717163
-261.583008
-1229.286621
-4963.489746
-5898.616699
-1852.152832
759.174805
-355.599854
-1462.522461
-212.933838
711.885986
-706.876648
-151.556152
605.980957
-227.606445
-1522.269043
626.473145
-807.446777
1159.517578
197.252930
-513.699219
-559.092773
-568.864990
-999.226257
-1697.835938
-2178.581543
-1049.630371
-565.664062
-500.164062
638.634033
1240.331299
1152.862793
-246.938477
-495.935547
-395.791748
-402.088867
634.177979
-88.313477
-221.992676
-399.965332
-623.524536
-266.408936
141.061035
-277.865723
1738.603516
2377.776367
91.397949
-636.355225
9.520996
-607.850342
1761.216797
3188.128906
-576.538086
-414.041992
-515.389404
33.468750
1744.927002
963.155762
-121.554443
-363.857849
-1137.954834
-241.753906
129.122070
756.169678
122.263184
559.782837
1345.643066
194.387695
347.890625
522.676392
1108.092773
-546.755371
-665.907227
-1538.857910
-15.565918
1120.251221
1279.109375
-544.052734
-199.983032
159.718506
-309.524536
-319.976562
-474.534180
-643.963867
172.475464
-1181.779785
-2154.603027
-1169.599854
-27.584167
1423.783203
2029.078125
-324.524414
321.340576
2689.160156
1187.876709
-281.592773
-833.125488
1087.565430
-1209.976074
-167.468750
515.109375
506.294434
1567.699585
-104.334625
-1186.962402
-1678.335693
-1064.877197
-434.670898
-117.996582
263.103271
840.838867
1054.950684
368.814941
302.621826
963.048340
77.516113
-23.555420
1339.113281
-2398.201172
12.562500
579.771423
71.812500
-649.879395
98.503906
604.209961
-174.378906
-271.407715
-1090.809570
-983.137451
-1618.532104
-880.711792
368.353394
1219.253174
1156.175537
-2211.664551
988.568359
-712.366211
360.110718
1366.637695
556.729004
833.023926
100.967407
-335.264160
2610.758545
4852.834961
1224.228516
-536.113281
-2772.028076
-4126.524414
-285.126221
316.751709
-414.945801
110.833984
261.922852
775.929932
117.306641
-279.495117
1354.724121
629.552002
496.525024
860.838623
-484.736328
147.000000
1158.759277
-110.851318
334.703247
1166.359863
3281.339355
4944.471680
3281.148926
1401.680176
-756.773560
-823.968262
614.978027
-933.206055
-1358.915527
-259.638672
449.773438
984.455811
-956.036865
-727.728516
722.491455
41.634094
-282.955078
603.345215
753.827637
594.125977
-206.457275
274.993164
-559.701416
-1082.071045
150.255615
971.412231
2795.063721
1525.604492
-584.767578
273.409180
-50.692383
-105.534668
2061.074951
3228.771729
2663.216309
1628.765869
1531.694458
1253.399048
-139.034363
-638.377808
-1002.427490
-391.283630
-23.796387
499.225586
130.897949
44.853027
333.278931
291.936462
-1218.942749
-2057.439941
237.344116
377.745117
568.196289
2444.510742
202.532227
-1036.458008
-1998.041992
-2778.708008
-4639.723145
-1043.811035
624.879150
1276.059082
4415.413574
3796.847168
1058.385986
-0.929688
-210.591797
27.439758
-484.425293
946.413086
432.524414
843.676758
-709.601318
-2061.021484
-328.322205
207.779785
779.658203
2468.181641
1621.019531
-946.191895
-192.479248
1518.301147
1195.499756
-498.041260
-619.238037
538.996094
-16.798340
-546.583130
-1.490234
-1148.917969
472.347168
140.773773
-1067.767578
-72.485840
73.144775
1456.814209
1991.071533
26.926941
400.244141
1140.292969
482.586426
773.878418
1471.632324
159.059082
325.849121
-482.208252
-1519.214600
-544.084839
1563.463867
1122.277100
710.004883
-888.223633
-407.694580
237.310059
734.890625
740.494751
-259.346313
-373.761963
601.306641
-684.227051
-744.566284
-1151.089844
-636.200195
120.266602
875.903564
335.692871
942.870300
1121.734375
965.142151
1249.551514
801.802246
488.291016
489.916992
-548.696289
-1104.362549
-568.696777
-1210.319214
388.785156
-1134.132812
-156.117188
846.721191
419.552979
905.892334
-545.302246
427.840332
3485.750488
2523.152344
10.769775
599.296631
48.868347
142.892578
336.009521
663.808838
207.835327
-924.568359
-1138.990723
71.668945
274.149902
157.777344
-1150.617676
-197.243164
-163.016113
-1114.703613
499.947754
1090.753906
898.391113
598.647461
162.096191
-380.605957
-1044.168457
345.341797
-346.552734
-1125.866211
868.438232
-205.929199
-342.854492
150.754639
-1349.763916
-706.361084
-124.451416
411.781738
-355.558594
-1145.376709
-85.329346
282.286133
-101.047485
1603.611938
963.641113
2119.808594
3343.564453
1551.230957
-13.247559
-2230.003662
-1829.584961
103.048584
548.113770
-555.418945
-52.462891
-4176.225098
-5933.776367
-2429.802246
496.330566
-652.564941
-338.763184
748.078857
-1349.524536
-1064.469482
2281.477783
1253.784912
-1023.431641
-1011.617188
-516.289551
-608.196777
-182.632812
148.851562
-265.896484
-74.441406
531.193848
749.503174
171.620819
10.345215
545.097656
1322.485596
1157.346802
-224.727783
-1563.459473
-2341.305176
-1284.497070
187.661133
735.645996
521.202637
995.139404
1127.738281
477.198242
529.830078
165.070801
791.018066
-424.530029
549.651306
-111.855957
-175.332275
193.219971
866.955139
737.454834
-272.704590
559.235352
-65.192871
-1200.290527
-629.530762
596.376221
157.794434
443.249023
138.482422
-1721.318359
-3423.206055
6.875000
-400.022705
-158.159180
-127.823486
-574.026184
-874.238525
-760.629883
-181.767212
920.257324
-742.147217
-320.020752
3097.995117
1343.659180
-1261.287598
108.055054
-227.127945
-1050.752930
435.344727
-1263.935547
-2589.307617
-310.727051
154.210449
-306.388916
740.324219
-871.358887
-791.491699
-447.420044
-225.207520
1976.779297
1663.143555
273.334961
1801.048828
-1549.260254
-739.305420
68.869141
1363.994629
230.532715
30.061035
801.475464
-236.003418
-160.391602
598.156006
-1140.894653
-731.817383
42.154541
127.585205
-354.093750
-299.167969
164.199219
402.604248
172.180664
3.826050
-802.297363
23.629822
566.744873
-161.311523
1261.434082
661.827148
-2301.987549
-1058.608887
451.488770
283.860352
-386.279297
-506.269531
-1045.975708
299.869385
1761.580566
-850.346924
-1528.011230
-2510.049316
487.497070
2823.537109
827.622559
-382.624146
-722.319336
527.945801
733.578613
224.994873
19.967728
-414.857849
-472.345459
351.284668
3101.496338
4767.924805
-15.654541
-1086.031616
1266.048584
157.833496
-268.593567
1866.750732
1823.922363
298.544434
294.537598
-177.986084
-622.136719
627.365234
1303.372559
591.289673
-65.531982
-1159.397461
-693.561951
871.845703
2649.320312
1752.166504
-630.524414
-1217.124023
-1490.626099
776.708984
368.406250
95.885376
-3803.375977
-5723.394531
-1690.580688
624.783691
-35.612427
-1031.686523
-552.309570
-303.089355
-845.788635
320.568420
-166.433350
-426.788818
-132.734131
144.683594
453.623291
-14.771973
109.683105
163.211182
-261.268066
132.159668
-193.002930
-5.911133
239.096191
1094.539551
1957.108887
435.912109
-636.384521
-98.891846
-804.109863
-433.626343
1019.328125
2577.270508
4781.304688
4047.075684
1114.771973
-43.182861
-2026.920898
-965.921814
103.140930
-423.067383
492.585938
-944.520508
-1930.629395
-189.811340
48.617554
2960.180664
3307.770508
1127.945312
292.810059
-706.064331
-1120.160522
-552.343750
-621.668945
-1827.893311
-620.622070
184.231445
-399.139648
-737.643555
-2289.488281
-2161.281250
1054.226562
1836.444336
399.747559
500.827148
1918.217773
323.873535
823.137695
1646.972656
-1209.117432
501.867065
-155.501831
-2208.376465
600.904297
612.692383
-655.707031
-756.384766
-616.091309
-588.222534
-930.122070
-256.897949
545.829102
1307.251709
993.142090
635.832275
-1008.465820
546.899414
4194.523926
5282.422363
968.325195
1595.453613
-1212.887573
384.737305
242.416504
-1057.711182
-357.673828
187.253906
-3359.650879
44.699219
548.786987
-542.857422
-1306.052734
-897.711426
-17.135254
687.901855
257.747559
347.525391
582.505859
744.623535
812.439941
157.572021
-110.888336
622.185120
322.504395
3367.775146
5676.731445
2834.306885
-590.115112
-572.618652
-526.149414
-728.187988
-123.521484
-1430.997559
-2125.221680
-1990.477417
-753.480225
449.216400
-319.692383
81.382812
-113.424805
905.172119
1360.664429
-5.549408
-1192.414062
168.111450
501.834839
4515.109375
4300.341797
191.912598
-200.107422
463.620300
-1146.794434
-718.127441
-164.534668
-192.507324
372.604248
743.924561
397.755859
370.394043
1051.311035
221.833008
-497.757812
-164.931641
32.220947
940.140381
244.288208
-623.353516
1034.441406
1064.864258
-475.488037
537.849854
223.883301
481.726074
582.075195
748.433105
-202.681152
203.234375
-502.255859
-1355.609131
-1278.718750
66.500977
189.012695
-360.545898
-38.553467
576.903809
123.238403
-637.719971
-57.639648
119.191895
-623.657349
-1177.269043
-308.960938
1423.829224
414.666992
-949.916504
726.934570
867.177734
-481.049805
37.910645
-2283.769531
926.028320
309.379395
-50.566895
-1812.727539
-760.274902
2148.400391
890.625977
-1411.219238
349.277344
-1154.240112
-1640.825073
-1497.604004
58.785156
1056.270020
32.257935
1177.034424
2089.869385
2240.702881
2958.475098
2229.915039
133.477783
459.221313
1162.934204
-376.786621
41.924805
-944.855896
-315.817383
-576.859375
568.399414
1571.502441
3611.502441
-299.524506
685.717773
307.310547
2612.801758
2459.035156
-983.570435
-2062.358887
-2572.713867
-783.763184
2533.163086
754.093750
215.440430
-3759.690430
-6382.752930
-4738.474609
-2373.426270
-996.345703
-864.293457
-621.794922
-436.960449
234.711609
355.611816
1790.033203
-363.158203
-1075.363525
-187.611816
113.498047
-272.425476
97.926758
266.504883
-411.050293
-270.793152
-288.357056
-13.524536
-488.551636
-427.914551
625.971191
1581.854004
1157.210449
113.808319
166.312988
839.328369
669.751953
680.504395
411.118683
-318.583496
-75.377441
-114.832031
105.741943
937.167480
213.881836
620.133789
-615.562500
-287.025879
665.096680
1103.930664
816.360352
179.501953
725.547119
2105.913086
-341.542480
-1106.953369
438.115967
128.901855
-68.480713
-273.321289
-609.235840
-1194.757812
-771.931641
421.304199
657.891846
169.211914
304.472656
-472.834961
58.365234
-614.262695
301.689453
884.976562
2444.654297
2786.813477
1305.310547
-241.697754
-1289.948242
-301.853027
1004.242065
1137.984619
258.613770
396.309570
2696.079834
1860.037109
878.786133
-31.477539
-1878.452148
-536.008301
-371.785889
298.944336
1300.291504
342.853027
104.968750
396.369141
-778.206543
-1106.828125
569.967773
502.366455
-1193.645996
321.171387
-1065.225098
-1155.575684
-1348.404297
-984.134766
-2007.070312
-2311.998047
-1722.735229
979.613159
-83.166992
616.218506
1135.574097
768.289307
354.705566
-695.442383
-804.471558
-1421.582031
-1362.111328
-1759.962402
-203.466553
-303.466553
-443.992554
51.209473
-750.353027
-368.874023
-2131.735840
-127.903320
964.516602
-799.800781
-398.827057
140.983398
682.724609
-130.956299
-1896.314087
-2326.669434
-499.785889
774.752930
-492.572998
-851.349609
-221.128906
506.462646
643.970703
-3677.507568
-1505.342163
982.968262
746.635498
1136.226562
482.434082
-1807.407715
-272.022949
1208.369873
454.230469
1338.697021
-987.323547
-2046.086914
-238.610229
239.770508
813.142151
749.274170
-11.351074
1960.269043
3555.660645
1797.350464
-580.757324
17.248047
-1015.741211
-1095.080078
442.232422
338.890625
-1392.579102
-590.143066
798.033691
4583.708984
4895.992188
833.524170
-270.274902
-346.747681
-248.538330
347.490723
1325.062866
1098.738525
-603.527344
-1373.500488
725.775879
626.442871
290.829468
-1193.669922
-1571.767578
491.030029
-258.038452
-1768.887573
-994.123047
460.789062
-51.222656
1012.571289
1313.774658
549.140137
-598.642090
590.125000
1555.793945
-458.622070
-236.407471
63.044678
-3015.757568
-3028.530273
-1567.828125
-1739.807617
-1124.088867
-2341.739746
-356.641235
1343.057617
795.917969
1222.218384
31.888916
-841.914795
-2035.831055
-762.278320
-1017.598145
-1895.540283
319.846954
1116.294189
2271.118896
4452.499023
2079.579590
276.032227
1022.929688
53.760742
-531.072510
335.202637
955.593506
507.564453
37.695660
982.808350
1554.934326
-133.203125
2319.638672
941.113281
-1040.210205
-172.925293
892.172363
634.967773
1324.698730
120.765381
-2296.152344
-4795.345703
-9682.596680
-5323.854492
-308.310547
304.319580
504.959473
-40.990234
-1698.198486
-1293.616943
-855.773926
-528.687256
956.783447
894.349670
-27.155518
1693.801270
2752.052002
579.135254
468.289551
1276.175781
444.665039
82.482910
1370.642578
1236.250488
311.685059
129.129395
-449.620605
88.632812
2833.792236
3793.706543
1873.918945
-255.261230
-1430.134277
-231.860840
1195.471191
-587.145264
41.408691
161.133789
-949.766296
247.935547
-206.094238
-163.615479
218.134888
-1149.216797
-330.292236
483.057617
11.299805
-2109.261719
-2071.440430
-861.086914
1539.723633
-277.210449
-768.857849
210.531494
-979.495605
-1563.760742
-2887.838135
-2761.928223
-1117.397461
-886.865723
-829.456055
730.107422
547.971191
425.877441
843.462158
134.504593
-354.841064
795.318359
1208.486328
929.522461
1311.072266
269.020020
-325.052490
-1921.556641
-1400.307129
170.688843
1047.302856
937.750244
-438.687500
1373.164673
-2433.480469
-8047.632812
-3431.952148
2194.202148
3435.659424
3969.394531
1387.931152
-995.972656
-621.551025
-1228.280029
-562.777344
-435.207520
95.697266
-520.465820
1665.704102
6838.141602
4270.748047
-247.301270
27.186035
843.739258
269.367188
-358.552368
-1208.135376
-369.736084
123.075684
-234.661621
-1016.181396
-745.487305
-1261.429688
-1274.491211
2524.095703
383.399170
-23.904541
2389.403320
3017.083984
784.855469
776.400879
844.505676
1305.514893
172.626221
-408.659180
-269.654785
61.994141
1118.029175
1661.335693
1684.313110
1204.818604
635.894531
121.142090
800.626465
-488.417847
-660.461914
1825.870605
1072.555664
-187.972168
144.807251
-1352.757812
-1238.724365
-29.162598
-596.777832
-1147.442871
-1238.620117
-51.909180
224.095703
-283.953125
-1247.980225
573.818115
-342.857849
1159.114258
1494.121582
881.657227
1289.307617
325.790039
-198.404541
-399.787598
-982.785156
81.401001
437.565674
-1018.722656
-1662.678955
-1245.570557
850.142151
703.302490
-1128.677490
-1057.926758
-997.351562
-199.349609
-299.617432
610.487305
2483.015625
2378.362305
167.223633
-982.494873
376.662598
-221.124023
257.010010
-172.128220
-811.041748
-861.684570
691.487549
2263.536133
1041.472656
-155.597656
305.756836
1334.385132
900.767578
-382.734955
-873.665039
-299.011719
2029.840820
1302.085938
591.168945
1163.570801
2884.357422
-360.136719
-2911.421875
325.480469
14.273987
-304.884277
97.671875
-453.285156
1486.208130
485.811035
-617.914307
-749.093750
330.230225
957.280762
947.305786
403.323730
545.268066
-66.665955
356.600952
-1353.513428
-1718.866211
702.465820
1104.611328
-1418.012695
-578.671021
430.462891
-717.929688
-179.862793
-866.561157
1194.769043
1130.361816
1366.866455
415.142151
-787.707520
-665.023438
235.151367
288.931152
367.232666
708.851074
-719.349243
21.475464
-300.763428
-285.043945
-59.734131
329.227539
-340.584473
35.793945
764.706055
905.431641
326.803711
486.355957
303.386108
-43.518555
-1299.400635
-1772.099609
-2584.866699
-282.754883
1325.008789
1091.740234
-706.762695
129.331665
3.213867
-2228.790039
-1139.501953
237.826172
-122.337891
-69.769043
-2552.416504
-1650.313965
-1238.187988
-417.186035
616.515137
858.874878
973.475403
-111.875488
-980.356445
-900.176514
-1142.598999
518.355469
3019.431152
665.760742
723.613525
-406.501953
-2836.836914
114.802734
956.489258
1085.254883
452.685303
-555.861084
-1903.464600
-602.658203
-145.721436
252.114258
2518.416992
4036.697510
1162.966797
-465.113037
-229.925293
-707.272461
1531.530762
4498.031250
9509.186523
4366.926758
684.744141
-982.160645
-842.684326
-1433.055298
-847.857300
275.888428
942.321167
601.073242
-269.223877
671.475464
914.879028
-440.016479
67.866577
-991.355713
-1280.469238
-1042.660156
-920.453125
-585.529297
-50.041016
-307.505859
-709.715210
333.825897
1271.098511
1359.981445
-372.091919
109.137207
568.975586
-803.314209
-608.488281
33.565430
-618.903076
-211.570007
757.437500
4817.006836
4200.401855
474.405273
-725.178528
793.015625
630.483398
1137.953613
15.668945
-64.675781
291.789062
-275.938232
755.475464
-1530.488037
-5206.500488
-1990.450684
395.827454
2071.867188
3200.042725
-176.797241
-1372.253418
-395.567383
70.275391
1716.916626
2677.910400
167.978882
-1788.114990
-6401.579590
-6216.294922
413.423828
2244.849609
2243.059326
863.845581
-1088.645264
-417.673584
-945.366699
2270.986816
3989.777344
1150.084961
-619.832031
696.109375
-644.663574
-971.178223
-133.968750
41.320557
-50.299072
255.335449
-33.502930
-1723.177246
-1657.339111
-58.446533
437.473633
-361.587891
188.165039
-1299.631470
-918.624268
-352.323944
-2052.811523
-3687.999023
-575.879883
210.514648
493.750977
1448.715332
104.971680
-205.122559
-912.794189
-492.862549
264.139282
-288.279480
-2902.413330
-2334.866699
-553.233887
833.071533
985.138062
18.396973
15.508789
-157.584961
1271.460693
1134.217285
14.345703
2868.862305
4383.814453
3426.213867
738.359009
-144.002930
46.931152
-1096.999512
-235.605713
-583.296753
-3755.417969
-4908.008789
-956.883362
991.063477
-232.945312
-564.975586
506.427002
158.202637
600.027344
-1466.489258
107.521973
481.213379
-350.062988
374.397217
1498.484131
-469.261475
-24.833740
1452.082642
708.268555
2671.215332
3444.234863
-125.583496
-10.484863
82.605713
-0.391602
384.316406
538.739258
-201.673584
-1492.063477
1381.083008
1605.970703
470.001984
-135.835693
-664.601074
-3842.285645
-1203.788086
-971.907959
484.708496
2386.997070
892.398438
163.907715
-156.718994
602.242920
-304.669922
-308.968994
2571.669434
1250.458984
-315.271729
-743.882812
1068.465332
3128.146973
973.098145
-492.915771
-1421.226196
-1223.538574
62.681152
252.010010
17.757080
-754.006592
443.134033
1205.593506
-330.367767
-469.661865
-418.568359
-545.639648
571.961670
1197.711426
558.937805
-126.537460
81.494507
1555.085327
1425.815063
66.221436
-190.690674
537.786865
404.879028
-873.665771
640.837891
-318.824463
370.168304
2118.991455
1449.368896
-694.951904
-1638.694824
-1549.087646
777.718689
537.837463
197.482544
653.435303
-182.487793
617.187500
812.411621
393.840088
-261.213867
-2006.144531
-1279.803711
1268.168945
494.871582
785.008545
879.479492
1193.797363
1897.891602
1524.100586
868.462891
1218.022095
830.776367
-710.313965
-266.071106
88.628906
218.746094
800.836182
1928.541016
942.869141
-1651.108887
-924.289978
143.737549
-1101.468994
-492.711426
-426.440918
-2063.666992
-786.936523
60.496094
-1428.039673
-1496.826660
287.461426
2516.587891
5187.836914
2568.521484
-435.008545
-1088.316650
-2064.684570
633.517700
1337.449219
-691.673828
-221.996094
-1362.487671
-1456.453613
-522.922852
393.895508
1371.359375
562.146484
662.839844
1109.475342
518.903320
840.341797
-1559.617554
519.142151
526.274109
-2958.265137
-4320.064453
-1861.266602
1716.337891
827.172607
3953.026367
3221.212891
209.590576
-1087.792480
-171.194092
-619.409119
-376.377441
1738.142334
3015.128418
693.278320
492.503906
1334.241699
4164.239746
2308.343750
-935.795410
-1624.496582
-2015.448975
228.982422
1302.164307
738.041016
-685.395752
-431.313232
411.684692
-651.559082
-1146.403320
-469.268677
543.158936
1156.733154
1186.864258
-24.601562
2084.792969
1520.774414
-17.461426
-632.168091
98.567871
556.889648
537.163452
885.651367
-469.376465
-388.846680
1712.285767
2113.280273
75.003662
-335.468384
607.991211
1582.590332
1642.312012
253.285400
-888.356812
551.653076
-21.926514
-109.486328
2158.900391
1171.537109
878.095703
123.678467
555.058594
-434.837402
-931.353516
-1660.559570
-2558.804688
50.444824
1285.135742
926.424072
-1587.132812
1166.689453
-863.625000
-129.310547
343.513672
668.784668
1025.563110
-323.895508
-715.070312
2239.058838
323.374023
-299.146362
97.616699
806.839355
931.944336
-445.012878
62.987793
-503.610229
-275.577148
275.865234
627.419434
724.475464
687.263672
-144.702637
1893.192383
2198.928711
595.740417
-202.670898
-165.849121
-893.189453
-1291.247314
-793.647461
-259.658936
-1064.888672
-447.456055
-164.800781
1337.359863
-206.445801
602.208496
3718.374512
4578.606445
774.574707
-849.533203
-2782.974609
-2493.985352
-544.106445
1010.372070
317.540039
-779.385742
1330.347656
838.740234
551.192749
1084.558594
429.086914
2218.160156
2122.323242
633.349609
736.475464
-2636.929688
-788.894775
1154.825195
241.815186
-850.630676
272.578125
67.206055
1270.150635
-1043.483154
-172.819824
-123.407227
-968.457031
556.539673
1145.822754
-17.503235
-2596.813477
-2271.676270
910.866089
3040.142090
-259.410156
-3628.821289
-7491.680664
-6901.045898
-1143.297852
442.332764
-482.882812
-2962.518555
-2206.806641
-1085.017700
-762.932983
-1356.571777
-299.518066
-216.639160
608.300781
-67.148438
-492.405457
1094.537598
-2375.933105
-2716.806641
-924.292969
1550.713989
2432.145996
1128.479004
449.198486
1305.245361
-1023.218262
-997.698730
524.105469
-283.572754
683.700195
68.325195
576.801270
-485.338379
3855.724121
-141.014160
-172.264404
1669.540527
592.710938
-327.164429
75.341553
-204.035156
-478.056641
738.152466
2067.064453
-817.583008
-461.765137
1176.733398
1301.076904
623.147461
2347.498047
2654.478027
2965.203125
785.335205
-841.222290
23.536621
811.849854
438.724854
-129.416016
25.225098
384.888428
329.409668
-789.122803
-1372.595947
-540.777222
-582.403870
-2.277100
-12.878906
-597.906494
7.193359
714.206543
-1184.770142
-177.656250
1568.620850
265.805786
-2164.645508
-172.301270
821.561890
245.212402
-354.171875
76.356201
-412.136475
-194.797852
831.155518
-183.647461
-1483.821289
-633.538330
778.249146
1075.537109
1027.660278
560.142151
-1149.257446
-1189.320190
541.428467
737.169678
806.054443
510.052002
-66.315674
308.582031
519.122070
162.276123
-2851.904785
-5203.776367
-2181.645996
548.913330
-76.094971
657.246094
932.349854
400.141602
-292.440430
-702.297363
482.586670
1106.427002
-201.714233
1341.009766
1620.307617
4271.077637
1258.009521
-219.210815
82.248535
1143.721191
-66.963135
-1261.436035
-552.502075
926.051270
323.321777
654.918701
822.832275
-625.022461
-1544.281250
308.220215
-11.524536
550.456055
-2400.538086
-3127.291504
-1603.736450
-120.379883
-668.857849
1447.924805
133.418945
58.756348
-944.664734
91.566162
480.732574
-1124.239990
-143.399414
-463.916260
-487.977539
-848.691833
-591.856689
-681.619141
346.291016
531.102539
-443.081299
-1501.453857
-1549.613037
-416.594971
1657.867676
1042.066406
-596.837646
-1525.567871
-528.567871
-204.039551
598.328613
964.132080
51.614258
-801.291016
327.070801
-116.937988
-262.398041
1317.745605
1035.345215
-273.092651
1640.375000
601.197266
245.076172
-250.549561
2605.750977
816.899414
688.475464
-175.101074
-1334.062256
-567.767578
-433.514648
-577.910645
586.688721
261.627930
-172.802246
1073.397461
234.302734
600.601562
-85.576172
-696.966309
464.896484
668.237793
-368.219238
178.278809
327.622559
-815.958740
240.694366
-844.543945
-518.002686
634.768555
2610.946777
1261.095215
-341.525879
613.841797
645.554688
-308.625092
-598.568237
-102.856934
-1696.762207
-537.444336
345.845703
348.258301
-288.681274
203.292480
792.607178
1036.505615
1129.065918
993.855469
-1073.179688
2007.079102
1641.018555
17.468750
-710.020569
-556.006470
-1067.122192
427.622559
843.713379
755.068359
-1748.044922
-2622.052979
-889.110352
2274.502930
1792.986328
179.470154
-1435.424316
-2817.783691
-1152.371826
-1834.102539
-1620.951904
-672.972656
98.210938
651.948730
1522.366211
508.879883
557.622070
261.369141
174.516602
2444.393066
794.142151
-1225.370972
-2750.787109
-3074.195312
1028.684082
5691.185547
942.824219
37.864258
-1492.436768
-1048.022217
16.990234
528.816650
-732.822998
-812.237061
2499.867188
940.739746
-138.199219
350.496582
763.659912
-184.427856
434.749512
704.598938
507.602539
658.240723
1495.053467
1486.060669
-735.796753
-2628.511719
-679.821777
17.821777
-159.034668
578.119141
2524.878906
906.808105
86.112061
-545.067383
-530.670898
183.531738
82.241211
-596.244141
810.636719
877.036133
-347.884766
108.727539
-513.199341
-754.482422
-328.597656
-694.868164
285.047333
364.814453
-1347.499268
1800.142090
-1134.489258
-2860.749268
-461.587158
-29.647217
-832.813232
1025.089844
-730.685059
-2448.590820
-331.360352
1375.861328
956.432617
-942.422363
-190.803833
664.838379
1623.157227
1219.788086
889.598694
1308.125366
14.656982
-1803.804688
-2222.845459
11.194824
2110.174805
-1673.003906
147.320312
1474.212158
-439.766113
-693.171631
394.852051
1361.531006
276.810547
1138.223145
1286.509033
765.457886
617.490723
-1009.331543
-1162.379883
53.338135
-613.180237
-1185.477051
-298.048096
561.555664
-66.130615
-681.851807
-412.159668
-96.928223
-983.980957
-1081.499023
-1588.355469
-1613.201660
-252.946960
-111.546143
-108.157471
-465.597900
-230.078369
973.460693
733.570312
1184.698730
1388.661621
290.444824
-45.025909
-575.947510
542.738281
1275.328369
-695.281006
-1581.850098
-792.436035
-505.741333
839.173096
3240.495361
1703.284668
-977.120239
-1113.562378
553.032227
509.375488
-928.496338
-2115.201904
-1180.320923
364.874390
629.719238
1142.769531
-263.445557
232.734375
4009.806641
3607.957031
54.976562
-956.308105
-934.548828
67.908203
-87.960938
-615.795410
-239.072266
-1147.438599
2897.293945
5988.942383
6143.575195
4324.079590
-129.263672
71.329468
16.850098
-107.951904
388.631348
-707.530457
2066.238770
2260.821289
260.722656
175.679565
289.882812
-312.423828
366.150452
373.907227
405.819702
873.369141
1836.905029
2404.814941
897.365234
613.946289
1666.396973
2074.697021
1003.879883
993.819336
-3146.570312
-4452.004395
-293.144287
1187.615234
988.739258
556.197266
-80.898926
1.933105
564.245605
1509.582031
-79.988770
-2.851196
1466.503906
980.180176
811.843506
1109.313843
-933.705078
-357.835938
-651.515137
-2057.495605
244.075928
729.162354
1646.781372
2346.226562
2379.642578
358.089844
613.456787
-517.813477
1010.874695
1977.742188
-76.552734
-1520.345215
454.354370
1356.457764
768.496094
427.236816
150.718506
1129.980347
-305.753906
2709.191406
2617.333008
-42.961304
765.142578
479.663086
-688.968506
-1080.910156
-203.664551
1901.327271
1139.014282
223.817383
-902.484741
-396.216675
-1149.559570
-880.577637
-131.674805
892.260742
123.358398
-142.822266
146.323242
-967.675232
-2706.683105
-2913.674316
728.204590
-200.262207
-307.389893
407.486694
-2035.877197
-1151.025024
148.980713
745.490723
1385.498779
170.167969
-612.532227
190.858276
-627.433838
-417.370850
136.917480
-938.091797
936.461914
1463.426270
646.815918
787.963867
-126.943848
-1189.480469
-3488.666992
-4288.275391
-2539.442627
306.987793
-1095.537964
-2581.759277
-611.687256
-746.398438
-1509.991211
-61.471191
109.368164
-456.911865
272.358398
-88.039551
-1142.115967
209.022095
306.944336
159.810547
23.704102
434.344727
449.251221
-40.621704
213.836426
961.734863
146.152100
690.567383
1239.779297
1663.360352
364.996582
411.110840
-1339.239746
-2172.139648
-611.719482
727.697754
257.981445
191.029297
-171.901367
527.711670
79.100586
260.440918
684.330933
1357.543335
1267.131958
1384.830566
823.848877
447.351074
25.304932
-823.603271
-102.611328
2452.127441
999.519043
73.772705
1347.092407
-236.109375
-533.413330
-443.731934
162.847168
-1170.259155
-4111.916992
-703.391968
1582.637817
611.091675
389.844604
-609.690186
-91.366089
269.657471
-102.629883
1690.047363
790.193604
-166.980713
-293.258789
-133.331055
220.998535
-224.794678
-849.653320
-1126.874512
325.904663
923.943359
742.969238
310.189697
297.507812
-356.393555
-2404.574219
-44.651077
-528.377930
-1909.396484
-91.238281
927.010742
-224.252686
-125.807526
828.127930
432.098419
-421.132080
681.183105
285.375732
-833.424194
1139.065430
2605.027344
2867.260254
3490.851562
2158.390137
50.783203
-653.461426
799.022583
779.033203
-305.454590
1911.592285
1390.200195
201.274658
777.552246
540.548828
617.915527
253.547638
42.053589
593.852539
-929.611328
-607.729736
197.246582
860.757324
1175.938354
526.096924
-312.910156
734.213623
-43.530151
115.951660
2198.580078
257.098633
-920.298584
362.096375
-319.745483
-390.324463
135.881104
-250.681152
-1505.515381
-2208.537109
-2253.567871
-2161.206543
-1785.966797
313.693298
697.398926
193.980469
-907.918457
-1469.433594
-696.038330
518.671143
689.480469
-339.405273
623.044434
1058.333374
761.473633
419.838867
286.276123
-1231.896240
-948.674194
-179.987061
-995.562744
-734.525391
1105.378906
2709.593262
1381.594360
-609.613037
628.467163
540.172363
1400.609741
1618.683228
294.024902
228.349854
403.196899
-332.819092
-570.150879
-561.127563
-283.847656
42.079102
-965.380859
152.993652
463.894531
1323.448242
1962.588379
-536.979004
-64.857819
1734.642090
448.877441
-228.904053
170.683105
1522.905273
1096.374023
-375.885376
752.265625
2422.430664
1916.717285
479.445740
-50.461914
525.711548
115.919922
-457.005859
-443.469971
-595.146973
-1280.644897
-295.692505
-698.304932
-594.081055
1646.958984
-320.874023
-1153.975586
-608.662109
-228.084961
3342.211914
4365.910156
2442.229004
999.078979
741.506836
402.677734
-632.494385
279.135986
-1066.908936
-951.376465
1675.558105
187.932861
-1217.001465
-690.372070
-149.150879
62.475471
-338.093384
133.240875
-134.190308
-516.617249
30.200684
-1177.172485
1160.430664
-1537.355469
-1100.586182
-421.709961
1158.125977
1144.489258
9.028687
-299.217773
-256.740540
223.743164
873.264160
1214.475464
417.269531
-665.674805
-139.236328
562.813477
2073.389160
1239.503418
-1229.403809
50.713013
318.425293
-1011.591797
-2065.424561
-1284.148438
393.437500
1160.482422
1520.121216
1077.498535
-921.423828
-2443.530273
-2787.036621
502.241699
452.803467
-1748.110352
126.943848
24.432129
-578.114258
651.855957
1793.062500
-10.396484
-97.127930
841.126343
528.294434
94.359375
1071.423828
-1127.439697
-1961.594727
392.609009
360.045044
502.489258
2374.185547
580.364258
680.672852
1534.741211
3212.425781
4391.876465
3144.423828
-962.253906
-3727.595703
-1859.212891
-634.723633
58.551514
-375.744873
-825.931396
-1260.708008
860.781738
923.657227
1918.888550
190.388916
51.699707
-138.498047
-99.629883
-520.083984
-1457.225098
-1177.847168
-1212.927246
-485.337646
19.892456
-1906.676270
1304.234863
484.004883
1132.697266
2064.990479
593.718262
-857.808105
-1415.053711
262.179443
1206.356689
795.620911
3.041016
666.106445
2782.472656
2929.959473
-297.790527
-2245.134766
-4352.234375
-2110.024902
425.774902
-146.965332
-97.379395
1363.220703
372.554688
-749.875244
-1952.826416
-1418.864258
-507.410156
1152.321777
-64.094238
393.301514
-1234.671143
334.782227
3461.875000
4617.976562
2578.396484
-459.729614
-90.855118
225.697998
-131.085449
1457.472168
615.990967
294.756592
1464.744141
331.599854
-526.502930
-959.671875
-823.946777
368.272949
-1860.027832
-1786.843140
486.687500
767.756836
606.310059
-1056.901367
998.073975
1437.110352
496.186523
-441.913086
619.733398
1012.669922
691.666992
-184.268066
475.729492
-1809.087891
-245.129517
-94.440125
1434.797852
495.625977
-1850.653809
-2620.756592
-733.893066
-227.688522
-1469.592773
-3156.534180
-511.528809
266.832764
-1414.121094
-266.238281
208.489746
-909.529297
614.684387
529.337402
-975.281006
-1168.508911
-1538.864258
-2.432617
256.849854
-909.857849
-1411.305054
-2557.568115
-1326.408936
-71.775757
1122.101074
123.454590
-1022.193359
-853.018066
41.879639
193.168457
487.153809
907.501709
487.723145
265.735840
-743.831238
-387.558594
128.837402
906.077515
60.108398
1038.113281
-251.762207
-440.692383
-4332.006348
-8080.875000
-6016.613281
-1510.184570
-1271.132080
-2307.261719
-5614.421875
-2952.680664
197.535645
1152.741455
3110.581543
2752.377441
491.423828
-1481.665283
-1109.897217
449.122070
2887.072266
212.299805
276.310547
134.149170
565.600586
2293.921875
995.497070
1689.412109
508.595459
-1356.192383
-1429.672119
165.343750
-929.560303
-499.898438
-1245.733398
-759.175781
-194.756836
-786.615173
-873.470215
-1135.945557
-126.436584
1008.411743
664.852295
142.285645
716.761963
160.401123
-594.338867
-2837.355957
-3795.815918
-2416.453613
-248.636719
807.051270
2065.650635
269.943573
-61.451889
-198.241150
-903.436279
1168.265137
1082.954102
-373.250488
965.914062
-357.524536
-1517.654541
-379.176758
1215.274902
446.969727
-998.476562
-1150.922852
-464.583252
-2295.191650
2145.428223
4452.021973
931.594727
-1203.819824
-739.172363
-1294.375977
458.291016
53.092773
-679.727539
-504.251953
512.821533
202.295410
95.333984
60.466797
-859.586426
-46.799316
1206.331543
1381.199707
2396.594727
1937.436768
-265.700195
2886.275391
1193.048584
-296.104553
-281.521240
141.591064
-619.833862
1299.465332
1161.700195
1429.704102
-717.577393
-255.620117
861.977051
662.567383
211.683105
-151.944702
392.714874
693.721680
1683.500488
3144.830811
1305.386719
-360.574707
450.088379
827.830078
415.829346
547.356934
-233.051880
-278.524292
240.830566
62.677734
-869.273926
547.898438
985.983887
2279.657471
7543.753418
5952.448242
1408.152100
983.398193
352.727783
627.132629
665.924316
-1037.967041
-1877.208740
195.233887
2576.000000
549.562988
1545.405762
701.638306
-262.658569
-696.287231
-1810.836914
-3652.451660
-3156.453613
2.889404
399.878357
171.079102
3186.300781
1622.575195
1688.551270
-136.651611
-582.253174
66.428040
374.473389
-506.075806
1321.895508
3398.316406
2281.171875
-246.723633
-3892.977539
-5373.505859
-1344.329834
1021.096802
-1291.240479
152.121338
475.979004
-398.374023
-1736.902100
-283.604492
-401.625977
-987.638672
-1074.017578
-208.327393
2823.192871
3567.184082
1226.674805
-193.557617
412.087891
2085.711426
407.927612
915.964111
1265.326172
77.900391
119.692017
2170.909668
940.726074
-794.910767
-123.800781
-132.741699
545.955322
-103.075928
-1091.041260
-1206.266113
-323.438721
530.192871
339.937988
-461.020996
2176.928223
708.073730
-875.830078
656.534668
639.770508
977.958496
1451.770020
911.725586
-861.032715
443.045898
7.993896
-163.634766
1117.758789
-497.825195
206.508789
-1671.727539
2120.588623
-1585.873047
3006.216797
-1633.480469
456.564941
-1025.923828
-529.473633
460.199707
280.722168
1949.451538
1224.987549
-809.532043
1785.035400
327.569336
-907.741333
-1070.638184
-114.623047
-447.888672
560.458984
1623.657471
1168.426758
1455.605957
969.909668
-177.728516
-352.134766
57.139648
15.941650
1232.694336
18.852539
-470.515625
-996.800293
-1599.173706
-666.038086
725.941528
1297.384766
-1366.109375
1176.931152
3249.406494
1309.605469
107.574219
-175.425537
-1048.996094
-83.792236
-324.136292
-126.128174
-319.263428
-299.145508
-1507.829102
-2440.168457
-112.941986
493.106689
242.697754
1503.808350
541.135803
47.092529
-746.361816
662.683594
218.432129
-558.312988
-789.728027
131.460938
-1371.923462
-940.674805
14.718262
278.363037
-234.961914
270.000244
894.975403
-166.347168
-639.504395
-3490.123535
-2289.172852
-102.935547
-1312.963379
-629.610596
-139.059021
1447.402344
1558.009766
-809.849609
192.104492
1358.117188
-467.364136
-668.781738
-897.690918
-958.996338
-858.958496
-1027.714233
2261.099609
1429.177734
-1225.968750
-2361.703613
-1080.719238
-95.846680
147.560303
-634.303223
-328.481995
558.816162
1562.878906
395.247803
-792.269653
-202.423340
-64.264160
750.664551
917.020996
511.535156
-636.157227
244.055420
-69.072266
-1699.010742
-1482.919678
-740.397217
1414.880859
529.991455
-772.400391
-0.770508
76.526108
-1872.854980
-675.924805
-259.488281
1376.126953
-55.347412
876.281738
88.815430
369.133789
181.833008
164.614258
-851.857849
318.492920
509.887695
1655.330566
1008.493164
-67.085083
-1376.784790
-247.137573
-1605.097168
-4784.833008
-4260.541504
-788.869629
-355.719727
675.124512
-443.922852
-253.920898
-1395.565430
729.851196
64.099518
271.244141
-1275.649658
-1675.101929
-279.404297
-323.237793
-1754.857788
67.676270
-629.261597
559.201416
458.424805
305.986328
-717.158203
999.832764
1927.963623
1378.015747
-915.296875
-1525.526367
-1045.619263
-1090.462891
-344.052734
-178.572754
-595.449951
-1590.958984
406.142090
-559.643982
-1469.387695
-300.009766
520.333984
272.568848
663.843262
-607.175903
-1019.522705
229.607422
1342.106445
738.181152
-473.240173
-394.539551
-324.816406
-444.436279
-157.565430
550.983398
-1079.695190
-526.005432
34.479492
688.788574
-58.155273
329.391602
910.177246
-1056.979004
1354.338379
36.922852
-825.979980
908.694336
2035.583984
1299.410645
512.428711
171.002930
-566.524536
3712.475586
6920.936523
-267.160400
757.099609
1110.254883
-533.796387
-1110.319092
-213.407471
-172.240479
-312.907227
318.392334
60.475471
85.371948
853.502686
894.028320
1106.142212
435.582520
-754.877930
-2906.416992
-2800.057129
883.102539
1996.718262
1840.978882
1275.837402
-233.136230
336.278320
193.423828
680.897461
-1316.182861
-2853.842773
-374.543457
849.831055
1453.685547
773.384766
736.722656
-482.460205
149.660217
3747.051758
2235.145508
-764.890137
-3936.822266
-5215.872559
456.652222
1140.142090
-308.377289
868.926270
-1091.471680
-543.026367
-893.488770
-356.153687
191.967773
-3611.650391
-2295.067383
80.023193
-137.381836
497.893555
-1207.152832
-303.991211
-708.035156
-2208.295898
-626.411255
1156.205688
-242.757568
-1478.772949
-744.920654
-31.309265
2119.502197
1824.852295
-107.981445
-610.719482
-1011.811035
-1187.684082
-535.165771
416.828613
595.948975
695.809082
232.169922
-319.170044
-479.436523
-44.865234
690.404785
524.563477
-311.711914
-2122.673828
-661.232300
38.707336
977.159424
2973.695801
437.747803
-259.148132
626.557373
-214.728027
56.152588
-441.344727
-186.138672
649.773438
25.846436
1121.635742
2923.114258
812.029297
-433.038330
-10.988037
-1283.252441
-182.488770
458.871429
-573.336914
1545.822754
1563.038574
772.998047
-473.622314
-2209.987305
-1084.648438
1691.432129
1425.653809
-857.096436
-583.630615
846.171631
-453.589844
1071.377563
1227.980835
-252.303467
2278.985352
866.682617
277.495300
-836.000488
-302.454590
66.302979
1787.697754
2554.542969
816.983154
-1819.530518
-1060.246338
-2058.567871
-536.724609
-651.606567
105.425293
293.596680
84.270508
2824.621582
2984.712891
310.015137
-487.927979
-387.034180
688.986328
832.929199
1492.631836
763.485168
-1261.563965
-704.818359
290.343750
978.409729
536.213867
693.111084
287.034180
156.792480
-73.259338
-250.027832
426.521484
-487.825195
-697.987915
465.579590
301.078247
-433.430664
-560.485840
2436.471191
2372.553711
-433.009766
-1054.506226
-2240.208984
-1368.354004
1315.230957
-956.915222
-1148.233887
-815.200439
-204.012451
318.270996
1019.316406
1107.272461
-584.031494
-179.672913
487.339966
-75.391357
1056.466675
313.252319
-489.864380
2103.773926
2176.397949
-1260.299316
-4250.605469
-4186.084961
-1541.146484
1626.652344
1542.667969
747.642212
973.024048
1390.102539
761.076904
1280.482178
327.191833
-1158.100342
596.776855
1791.698120
402.304199
-212.226807
-189.012817
-45.080078
293.088379
-748.804688
236.434570
58.208008
-378.105469
178.915771
-319.007446
-770.535400
717.751953
-31.529297
-39.210938
-908.528442
-635.029785
-978.253296
-589.177734
562.615234
-635.070312
-433.413330
-468.582031
-368.996704
1243.792725
1054.205566
1247.230347
638.218262
43.803711
204.434570
-1229.157227
-866.295410
438.326172
193.618408
542.907532
-303.147949
534.346680
889.980469
213.356934
1254.513428
635.955933
-967.451660
-1876.651123
-1393.739624
-889.073242
-549.801514
-681.414795
-513.160400
-148.012207
-641.804688
-913.294739
922.409180
1430.926270
-1239.472656
-2243.586426
-2234.395508
922.317871
773.066650
85.724609
249.771484
419.018921
509.472412
438.921509
-312.636780
-1025.497559
-71.639160
-26.745117
300.674805
629.799316
213.813965
76.189453
-220.910156
-1110.747192
224.313965
514.975098
626.843628
-66.581055
5.173828
803.677490
1428.394775
753.941406
248.724365
619.637207
158.964844
545.287231
296.115967
864.509766
1040.593994
-458.419922
-1522.980469
1610.797363
1065.177734
557.893188
1110.109131
377.492188
-672.737061
-2118.159668
-2151.195801
-791.113159
-48.594971
773.084473
801.994690
-295.266113
1033.976074
1657.226074
1859.544189
488.392334
-1245.259033
-1360.122192
-1003.712646
-885.652832
15.675781
511.529297
-1307.510254
-351.552246
408.161133
1175.021484
2198.122070
1842.877441
454.486328
-254.781494
-691.458984
354.915039
411.221191
121.633789
120.010986
177.745850
1455.521973
5746.427246
4443.984375
1355.210449
269.561035
-811.907227
-1337.900391
-29.359131
-391.970703
-16.588867
-201.914551
-96.929443
-1833.504395
-3758.915039
-3640.020996
-588.409180
-1282.872070
-274.500977
74.096680
-1699.211914
-1516.254883
840.635681
640.553711
-665.308105
-1402.024048
398.090820
-2519.295410
361.269775
-840.681152
-1510.171875
674.333984
332.986816
1372.556396
2337.291016
338.366455
-423.101257
446.888184
-811.070068
-583.711548
-459.465332
-681.219727
519.028809
595.794128
-275.554932
-475.317017
191.965271
305.187134
-983.185303
-777.786133
-488.064453
508.245361
1497.142212
-1165.262329
236.167847
1754.002197
-379.334961
466.087891
-3093.067383
-4061.553711
-2794.931641
527.202148
3300.444824
2369.001465
507.257812
-532.524536
-383.524536
791.869141
273.210815
-644.725586
1026.805908
-502.226746
1757.277344
3690.280762
1267.815918
-18.702759
338.566895
210.736816
-95.714600
-523.352295
-516.448975
-1296.497559
-617.968750
-732.905762
-709.896973
-266.227051
579.922729
-1206.361206
-2699.072754
-260.874939
927.564575
-944.805542
-609.755127
506.656006
761.083130
-1003.348145
-240.733398
316.481445
2210.883789
2437.543457
2640.540039
528.158203
-899.352051
-714.360840
211.922852
165.957764
255.872070
-493.037109
1211.648926
-459.340820
-841.586914
-1399.365234
-3030.212891
-1572.651367
754.517822
241.574463
159.768555
-234.428223
-240.918457
-758.218506
-89.157959
776.644287
-1305.219238
-1615.194824
109.107422
88.662842
333.022461
-75.415039
-79.140137
760.767517
-210.441406
-1048.249512
751.147461
484.324707
338.594727
691.764648
-435.499268
224.521484
1498.091797
895.386230
-612.113037
-179.967773
-263.807617
-852.140381
-1181.225830
-685.541748
639.085205
-895.556641
-2404.109375
-1048.145752
1457.529663
1351.590820
2126.340820
1621.767578
300.400635
473.260254
592.328979
163.306381
-353.226807
-1045.433594
-1806.203369
-506.900635
504.413818
-3590.444580
-5775.655762
-1694.613281
158.362701
1766.085938
1529.882812
-260.652588
603.189026
382.543945
-181.668945
-208.664062
-147.804688
-1075.809082
-2422.690918
-461.353027
1361.481445
-142.885742
720.128601
2247.348145
3869.834961
4262.390137
322.743896
-1558.483887
-1941.942871
-1031.485107
-425.941833
-50.038574
-1921.011719
-3232.619141
-1688.558838
725.416992
-461.684082
-311.082336
-841.424805
-685.022461
480.221619
-405.615723
181.144531
1063.663574
-409.734070
-590.073242
-415.597900
-1070.277100
-469.802734
-0.482544
-433.524414
271.941406
-137.669434
-84.614288
137.502441
380.275391
368.844238
24.504639
-31.610535
-544.295410
782.178711
2391.835938
869.528809
-1312.857788
569.876038
842.598022
-134.931152
1553.422363
2316.249512
795.625000
1523.183838
421.502319
-91.464111
114.711914
-111.311035
-1919.827148
750.926758
-784.760254
-37.026367
-358.229980
832.754883
1484.510742
362.272705
-878.754883
890.530273
-91.307373
1242.844727
73.469727
610.586426
586.907959
365.445801
878.438477
1111.765625
-1220.879272
-1554.312500
-546.405273
380.289795
929.049561
-10.529541
-1128.324707
-2053.873047
324.238281
829.403809
-1320.524048
-1221.249023
-228.982056
1009.209595
-140.775253
-599.425781
-237.099609
-636.898438
1622.123047
1363.748047
944.576660
-482.431152
-846.241211
-477.591797
590.015625
-1086.664551
-1404.430176
-2683.725586
-1307.674805
-1235.754883
-973.985107
-285.768066
194.212402
-320.704834
-376.497467
-1483.524536
-35.253906
-678.042969
-627.478027
87.824371
525.816895
-109.123047
-796.820923
-873.919373
-421.524536
-483.759338
-534.067627
-844.326172
-2008.726562
-678.918945
-339.624023
-334.754883
873.712891
-40.660645
-2645.857910
-1335.666138
-72.781250
737.234375
324.011719
1971.290039
20.765869
-721.482910
-73.339355
732.299805
-391.158203
-1415.813843
-956.225098
205.585876
937.294189
-591.563354
-353.857849
-186.759216
860.475464
-234.640625
827.054688
493.750000
-270.487549
533.453613
-595.945312
1398.830078
163.392090
-212.583130
112.882568
-1508.253174
-929.524536
-706.806641
-479.466797
-572.695312
-1450.284180
507.287048
495.631836
625.109375
607.524902
-497.706787
-420.858398
801.706055
561.396484
116.501007
868.285645
2217.061523
1612.148438
200.303711
-1638.225098
-6060.819336
-3763.658203
-1042.684570
1734.803711
2527.567139
294.534668
-140.916260
-1554.625122
-286.522339
107.057861
-278.892578
865.389893
1011.040283
520.576660
428.224365
878.145508
526.867065
-349.440430
-869.051758
-1122.741699
1124.641602
1868.055420
-161.247559
341.319336
-920.965942
-1333.061890
1066.820801
30.198608
-175.041992
-117.624023
-561.757935
1757.145508
1273.750000
3213.083984
289.984619
-566.901611
-177.735840
-492.605469
2387.034668
1407.488281
166.298584
843.998047
596.758789
-690.338867
-497.321289
-192.503418
988.774902
-565.973633
-823.891113
-1252.164062
-193.032227
-586.553711
-278.814209
862.868164
-22.411621
361.808594
1085.406738
-329.199097
-68.979980
1611.301270
89.369141
367.647217
720.536011
-76.717529
-558.875488
-427.848145
-1515.284180
-1450.816406
-1287.869141
1430.591309
3235.675781
1654.660889
-166.635742
-193.684082
-3091.400391
-1426.060425
2084.475586
-1240.699463
1072.915527
500.311035
-1568.600952
-726.000488
-957.918945
-1760.983398
685.128906
234.240967
272.813110
-869.952332
-1254.929321
-560.077148
-486.859863
-543.020508
-202.124023
-450.342285
100.573975
1285.641113
1543.350586
1960.776367
-314.248047
689.172363
209.010254
-401.440918
590.329468
-817.049805
-2335.199219
-627.192749
591.569641
917.135498
-134.364502
370.235474
1053.695312
-1237.982910
655.266846
1824.374512
-46.692383
234.778870
1081.395996
408.801758
-150.584229
13.824219
29.866699
-903.168884
-1350.157959
-1257.515259
782.948547
81.406738
1428.281250
1295.727539
-900.559082
-1238.964355
-645.855957
700.176636
1059.014526
31.769043
-666.929688
382.358887
1391.767090
-2055.068359
-322.282349
-260.861328
-53.310547
-5.250977
757.732605
101.162598
451.188965
-420.863281
-2140.247559
1093.744385
1179.476562
949.821777
380.844238
-2833.721680
-2837.613281
-117.069824
-388.430786
-539.288086
286.861328
112.256714
999.110840
-740.865723
164.772125
-180.179688
-1181.822754
-17.545898
1080.387695
-285.172363
28.872070
-1572.214844
-596.360840
-278.665039
178.459473
526.157227
-947.194824
188.654297
659.375977
-163.632324
114.563965
-1528.605957
-1826.524536
-821.182007
-608.997925
-491.857849
399.529541
1758.856934
1508.542480
-866.564941
-277.166992
-1677.188965
-605.160278
257.188721
-514.076172
-1495.296387
86.817383
122.266602
-322.716797
-2890.308838
-951.417725
-489.301117
-621.358154
-464.169922
509.048340
2743.488770
2361.802734
432.863281
-192.235352
-100.503662
-231.061035
1965.234375
1497.857422
647.053162
-197.351074
-675.954102
1432.968384
645.415039
433.815186
209.410767
-3323.637451
-3291.252930
-732.160156
744.416016
70.709473
-865.748047
-164.105835
845.830078
937.461914
136.124023
-69.152832
-1471.551270
-1689.412598
-130.554688
118.941772
-2694.202637
-2635.980469
592.273438
1302.123047
6443.798828
5650.200195
1014.232788
-795.524536
1438.518066
2157.425781
-1143.853516
349.390625
552.441589
-63.203125
1702.019531
1822.550293
1950.882324
2313.019531
1659.641602
1954.567871
-1081.124512
-3270.499512
-113.524536
-347.133301
-609.067993
-538.819824
-1098.480469
-1088.212891
1190.316162
226.506348
601.076416
-654.178955
-961.178711
79.178101
1726.406494
-522.252930
-126.217659
-857.105469
-2829.575684
-4321.988770
-3301.677734
-370.832031
-871.758484
-862.005371
105.540039
-179.804688
-932.796875
-1420.279541
-1306.692139
-77.089355
955.408691
982.763794
1667.510742
1050.972656
1335.525391
-309.432617
-448.574707
-167.915527
-2336.878662
-629.202515
-2999.935303
-4563.192383
-1904.112427
914.707153
1838.142212
2681.001465
328.647766
-1401.632080
-779.545410
1560.043457
3508.160645
762.211426
-1400.798096
-1104.133301
905.121948
716.640259
-1146.555054
14.249023
0.627441
-615.517090
123.745483
743.193359
641.734497
1166.935547
-182.860352
-272.584473
-58.640625
1314.678711
-735.306641
-452.385742
460.229980
1189.489258
1565.190674
348.540588
353.920410
264.574219
-566.919922
-567.685303
296.015137
510.818359
6136.186523
5340.410156
1739.721191
-51.288086
-2214.179688
-1119.685547
-183.552734
-847.536011
-1160.741211
194.726562
642.195312
352.008301
7.789062
1871.522461
-384.094482
-2020.494019
145.760010
-67.049316
535.558594
833.167480
-117.435791
-143.080811
184.428711
505.852539
811.035156
673.445801
-296.548950
-2087.887451
879.711670
807.559570
631.291016
390.110840
-415.546631
-1571.609375
-449.524536
37.615234
-459.919434
-846.646973
-167.353271
-75.654785
726.953125
802.830078
-654.887695
802.686279
778.844727
130.832031
23.637695
-102.419922
-231.418701
-587.268555
-170.621094
-61.390137
27.670410
238.626953
681.086426
1117.645264
-1108.007812
-3945.406006
-1576.305176
-693.357422
837.045898
2463.023926
551.912964
-378.981201
302.647461
811.790771
731.846802
171.666748
213.076660
1095.043457
418.725586
1914.969971
999.927368
-360.272675
329.184631
397.475464
67.814209
1761.132812
1125.177734
249.930664
-1516.227539
-1009.424805
46.650146
2101.958008
359.249023
-416.610107
-1056.327637
570.509766
-1699.495361
349.469727
1503.968262
-574.442810
419.265625
377.268066
459.326416
968.724426
444.683838
-247.877930
-239.607178
-463.376709
307.944824
289.822998
718.788574
822.342773
438.071777
960.856201
321.339844
-68.490112
-297.804932
18.829834
385.771484
677.979492
224.998047
496.972656
-285.479492
-508.309570
-3323.856934
-4092.578125
684.947266
1322.839844
1676.652344
-798.939453
-1681.283081
-4232.911133
-1487.839844
-353.945312
1619.454102
-844.668457
-1705.113770
-540.723145
-147.389404
807.251465
787.382324
595.859131
783.096680
780.844543
344.406342
496.443115
-925.524536
-1089.721680
832.468262
213.999023
1332.102051
1113.502686
-1260.379639
-4668.023438
-2441.165039
965.860840
122.352051
320.710449
-94.947510
-298.182129
40.389893
-387.290527
-2227.969238
-2809.541992
-161.019287
1471.714478
-742.330566
707.248535
343.733643
1211.626953
3459.210938
2479.333496
-1554.777588
-2299.741211
-3680.979492
-252.223145
379.932617
-1077.459839
-384.942139
-813.147217
-612.751953
171.679199
582.803711
-208.308594
-1424.434326
-923.598999
709.092773
-92.125000
-778.436035
-442.286865
505.657654
1026.692505
1062.914551
704.115234
24.670197
122.284180
698.842773
1296.600586
-584.038086
-1241.675781
-180.307617
202.327148
591.305664
-1073.716919
-506.287109
1552.390625
5.007324
-67.421387
-657.875977
-799.680176
-678.039673
-445.788086
1240.355469
1114.136230
-291.466797
-427.259277
225.389648
21.767334
-603.597656
-1637.155273
451.329590
1667.038330
2776.926270
3590.062988
579.988281
-64.901123
1604.498901
269.425781
335.884277
-489.010010
-1757.857788
-446.586670
1092.605957
490.034424
-168.759766
-437.294922
-229.778809
809.790039
1062.951172
-183.916626
-163.437012
491.186401
2406.421875
463.872070
-18.058594
-415.291504
-791.069031
132.041260
-610.613281
-2989.593994
-1381.529053
230.540039
802.474304
793.086670
496.448242
428.712494
-82.133301
-409.014648
253.249023
1120.726562
606.321045
1426.142212
1054.444580
1001.854004
1025.185913
1122.784424
675.238770
-1520.734863
-1228.869995
-514.913574
7.414551
785.641113
1124.521851
-752.502197
-1559.399170
268.131348
-1695.500000
-43.454102
324.583496
-433.744141
-547.958252
694.656738
-53.665039
-102.906738
63.345215
941.494141
985.021362
1461.475464
828.981201
-1146.786743
630.748047
975.742188
-277.122559
602.868164
153.978516
92.173340
1241.847900
1136.568848
1057.168945
1280.638672
240.265625
234.803223
857.222778
152.643311
111.943848
1129.840698
2150.613525
1715.249512
551.483887
1788.237305
3436.849609
2394.342529
329.090332
302.562500
422.928467
-600.806030
-1618.743652
9.214844
640.878418
-124.303711
-913.914429
-1217.901489
-580.633057
1192.162109
2138.648926
-693.833008
104.336670
612.998535
990.440186
970.926270
340.726562
-707.724609
-705.110596
-1520.900635
-346.533691
-709.375977
-480.434570
229.419922
-35.684326
-365.123535
-878.518066
-800.817017
-8.573730
-1166.801270
-1343.003296
24.592285
-855.531006
-140.788574
1295.215210
-642.067749
-876.414856
299.403992
-120.033447
-127.763184
-378.581055
-633.140869
-515.112793
-963.637695
231.920654
-223.363403
-1962.649902
-1782.532715
63.687744
-213.215820
-375.791992
780.736328
48.476562
-836.824280
-1486.195068
331.950836
869.157715
1085.380371
762.411377
529.175781
1690.526367
-705.239624
-811.152832
-264.676758
-303.487793
405.286621
1383.878906
4.106934
-1313.288574
-2145.663086
-1759.152344
531.737061
59.611572
-488.321777
1233.357300
1064.592529
125.575684
1355.657227
466.327148
-577.393555
-193.032227
39.654785
55.740723
386.882324
165.219757
-1063.471191
-1224.656738
-695.527344
-42.206543
436.187012
11.501465
-480.374756
-1252.293701
844.201538
1069.769043
-247.963379
227.824707
-9.588867
-146.953613
-1504.020508
552.432617
1736.101562
263.406738
-87.668945
-825.423218
-265.835938
908.173096
-383.023193
-679.737061
385.799133
1171.747070
406.791992
12.098145
-1109.165039
169.573242
-416.406006
-691.664062
2204.939453
466.930664
-555.176819
532.041992
691.650391
-1107.873291
-2877.795898
-5219.579102
-2272.061523
1651.010742
3745.301758
3934.272461
216.354248
-439.830078
1480.844971
1135.094971
1022.244385
-1168.839355
-869.384277
-1459.910645
1390.032471
1343.343750
-1779.081055
-824.909180
583.631348
696.892090
992.018066
2863.408936
821.484863
-1909.985840
-4444.913574
-6856.912109
-1169.950073
342.142578
2221.463867
5129.252930
2602.764160
97.883057
-151.726562
108.931641
546.761047
1012.354736
648.895508
-2482.500000
-4941.161133
-2368.887695
1292.788696
996.410156
4490.926758
2446.835938
-131.796875
1146.357910
-338.782715
-55.789062
787.151855
493.721313
1183.819336
-816.012695
297.982422
-504.941895
-594.979492
1348.496094
-740.363525
-960.500305
228.895996
-778.678223
31.894043
1200.142212
-1002.217773
-1225.491943
695.759766
165.426270
-817.975586
459.180420
-217.111816
-988.003906
-12.833008
513.217773
1409.274414
1823.706055
441.175537
-471.053711
-1228.133301
-19.540161
3704.260742
2823.712891
-328.635986
-456.417725
-1565.037109
-571.185059
353.232910
-561.704102
-737.124023
-2292.255371
-668.457275
379.428467
725.447510
403.511963
-608.065552
-852.396484
-197.605957
373.395691
2687.753418
2719.226807
-471.785706
-199.287964
132.621521
-1772.004639
-1163.302246
147.546875
1370.076660
1222.265869
559.086914
-1707.433105
-462.548828
862.467224
928.902344
362.682373
559.839966
777.826904
486.953125
16.452148
122.967285
-362.170166
-44.545067
-774.099243
-346.000488
542.639160
-222.590820
764.355713
746.337158
2458.130859
5493.824707
3317.529297
47.791260
151.082764
168.780823
762.365723
3262.018555
4009.875977
2974.579102
422.775879
203.927734
-1987.797974
-3996.532227
-2050.465820
-456.044922
64.084473
695.386230
1023.075195
562.687988
-585.239624
827.842773
2696.223145
652.458740
-721.246582
-1075.072266
-1571.124023
-1272.911865
97.960327
3771.533203
3518.104492
667.069824
-715.099243
-1762.994141
-1952.803711
463.322510
2209.134766
2595.737793
-51.172852
-717.795898
-1095.997314
-1854.546875
-1142.915039
373.865234
1271.452148
-143.431152
-483.061157
-1127.531982
-3094.450195
-739.916992
345.239258
1531.939453
393.351562
577.082275
1051.234741
-163.174805
-1443.652832
-284.044434
1822.216309
1376.034180
-357.084473
393.633789
578.270996
-910.118774
-839.152588
-491.862549
-973.675659
-565.570190
322.475464
-403.595459
-421.125244
-417.538574
602.701416
695.001953
-267.763428
1164.830811
5340.367676
5118.182129
656.675476
-1003.357422
-251.961426
-1642.604492
-1570.863281
-945.867188
-813.846191
611.089355
2108.060547
2009.631836
-1344.619629
766.660889
1235.573486
-1021.678223
-320.424683
397.187164
-4553.758789
-2721.325684
2175.812500
289.147949
-762.164062
-1495.121582
-575.138672
592.925293
2314.891602
2890.541260
610.278564
-1624.782715
-4207.384766
-357.982910
786.180054
3212.199707
267.916016
-428.367432
705.591553
-524.631470
1871.092285
1513.783081
-276.541992
770.821045
391.751221
834.715820
1448.244507
1383.767578
522.142151
397.230286
-64.643982
-818.524536
-1424.730469
-200.647461
511.297852
-911.610229
-615.618164
-146.625977
-372.669312
-203.121582
283.216309
2281.998047
1555.893066
-973.476440
76.382202
671.312744
772.927124
537.753418
-2072.441650
-631.303223
727.605164
-168.336548
324.321289
1272.749023
642.035156
-729.957031
1009.265625
846.756836
-1116.414551
-1394.096558
483.400635
-409.216553
-1777.391113
-640.265869
222.816162
677.767822
307.723633
-339.823975
-1139.664551
-742.264404
-324.045898
230.068176
686.270508
-487.398438
301.036621
637.608521
151.475464
2155.419189
2376.426025
359.015869
-171.981201
183.664322
-455.608521
-983.800293
56.220703
204.717773
273.113770
76.135986
-601.233398
946.265137
1044.728027
-387.009277
-388.523438
4.710449
-297.778809
-208.926514
-384.351807
-198.452637
122.510742
930.460388
1106.079346
234.900146
-688.235107
-1141.076660
161.209106
1553.110840
1217.681396
208.992798
113.245361
387.547119
1320.118164
1195.182861
1062.893799
-214.614258
820.499512
184.501465
-480.706055
1100.714355
1949.062988
727.954468
-759.020569
-1086.473389
-232.192627
119.770508
815.984863
25.361816
-1248.228271
-384.108643
573.225586
385.657593
6.216553
351.433594
-442.834473
-175.332275
758.946838
660.775391
769.661865
790.418457
-347.353271
-1138.607788
-845.424561
481.202148
901.224609
-41.958008
-807.797852
1089.833008
-49.352112
-601.228149
301.093628
-967.291809
282.214355
1153.228516
278.461914
441.355591
286.835938
186.496094
-531.107910
767.181885
-185.787354
-2411.641602
-522.256104
-304.755127
-733.906616
-267.780640
-742.055908
265.476074
74.296387
-544.571045
-21.604431
-253.772949
-69.266602
-343.054596
2553.096436
5978.239258
2093.918945
-467.931396
981.850586
751.376709
-89.726807
-416.512329
80.654541
-527.787231
-338.272522
736.672119
125.234665
-556.985352
-1520.521484
-906.093750
59.890137
-344.645508
-936.083008
473.956055
135.896484
-425.605713
919.513672
-1012.392578
-4154.875000
-3456.444824
-1672.792480
-594.009521
-149.799042
-577.426758
96.678711
805.475464
655.734619
653.754150
312.416504
-1377.037842
-1583.430664
-653.533264
615.213867
563.958679
-295.886719
3670.822266
3711.242432
331.514648
-722.917480
-1089.987549
-948.123474
438.907959
-2385.966064
-3664.135742
-693.185059
1850.956543
3807.672607
2241.777344
-1550.104126
-142.436035
83.476562
710.505249
1757.159668
1447.061523
150.544434
-1235.963623
690.926758
-736.085938
-131.482422
621.952148
-109.136719
-1220.797485
-1508.658081
-221.089111
-806.712646
607.324707
2695.875977
883.672607
35.860596
-540.214844
-647.047852
670.609375
2944.751953
4817.467773
1609.349365
-690.412842
579.140991
-705.170898
-285.884766
1438.416016
40.341797
-424.866821
350.385254
757.125732
1099.729980
2536.472656
612.223633
-654.149048
-503.743164
-248.494141
55.748413
-358.842773
-1321.197266
-1890.809570
-1791.264893
-756.133789
-51.131714
96.628906
124.236328
268.793213
291.073730
-1179.711914
-780.465820
-534.416260
-1488.499756
-2364.309326
-39.937988
-68.160278
-1805.817139
-443.808228
731.122498
830.736206
67.851074
206.807617
-53.160156
-227.447266
-711.504089
-553.080078
58.119385
-1012.136841
-1308.784912
243.754791
440.631348
707.932617
241.095703
-1155.210815
-535.179932
608.882324
-1785.857666
-2846.998779
-613.877930
85.501709
-847.833374
145.840576
531.855225
-1967.034668
-6.421066
930.317810
800.921875
791.814453
712.493164
775.041260
1606.240723
-941.998047
249.305176
-299.161865
551.383545
-145.145996
-133.725098
2678.581055
2837.918945
1428.178955
1080.544434
125.150391
244.174072
371.838928
-583.412109
1990.414062
3409.860840
2193.492432
-578.955566
234.635376
-145.953735
-36.134453
1384.142212
464.295135
-1757.076904
-3153.985107
-2748.637695
166.833435
458.760986
-778.223633
1091.475342
1170.058228
-3928.568359
-2990.023682
386.956787
1443.976074
3388.241211
1541.391113
73.170044
-908.941895
-3010.455811
29.463867
753.487061
-473.778809
3.364746
-4.739258
1015.656250
1021.277588
971.747803
-772.765930
-317.980103
380.946289
746.281738
381.936523
110.356689
-329.483398
-557.601807
1000.594238
-354.230957
-1009.562988
341.336914
1118.577148
800.889282
1247.960083
-83.857834
2074.640381
6549.489746
3362.385254
-162.538574
461.255371
-571.746094
-1690.755493
-594.872314
546.175903
-1418.917969
-2323.940430
616.674805
-54.598633
336.606445
-1495.777832
-2068.768066
114.343750
3510.633789
4707.339844
2461.339844
207.282959
747.009033
255.997253
-45.023987
153.077393
2843.425293
4577.939941
655.899170
-282.059204
509.332520
-952.628906
-1719.595703
-974.628906
275.616699
908.747070
264.865723
639.089355
895.770508
-111.399902
-106.694824
178.642578
-46.447266
-911.783447
-2079.696777
-1119.476074
192.786621
1199.576172
1304.152100
604.353271
-669.333984
1704.302734
694.929688
-744.674805
86.598633
-1671.925781
213.030273
-678.978760
-1467.737549
-1119.201904
-970.459717
-373.083008
-972.160156
795.145020
-2058.249512
-1848.572266
564.588867
525.951416
2102.437988
2462.107422
804.510986
784.894470
144.326294
504.626953
506.096191
-340.298584
128.319458
-343.470947
877.228516
1361.324219
2045.875000
1249.970215
-1030.661255
-461.225800
-274.658691
-1113.634277
1312.292847
-59.929443
1529.822266
-118.714355
434.817871
257.875488
504.720459
3417.351074
1221.678711
-418.834961
-728.601929
-1996.500732
-1628.569580
-1309.911621
-739.274414
-1753.920898
-936.528809
-470.286926
-140.751221
230.538940
1192.689941
1696.046265
530.201660
253.180908
333.013428
-1095.601807
549.295898
1865.933594
939.062500
223.082031
815.813965
-577.502930
151.443359
484.838867
979.583496
-466.538269
1111.990234
2352.429688
2332.859375
1839.882812
-114.575684
-429.079468
-951.851074
442.984863
-3000.272949
-6085.042480
-5784.030762
-1518.121094
-725.775391
-109.030273
-808.590515
-647.431641
-342.856689
414.719482
-683.487305
157.461792
1679.733887
382.319702
179.632812
-69.149902
218.357300
-221.776367
70.430176
126.117676
-135.557159
-1443.923096
-126.763916
-109.876404
-1799.321289
-3401.477539
-99.393555
-58.831055
-2851.271484
-2285.372070
1405.968262
-193.352051
-379.442780
1863.234863
663.203613
-333.539551
1070.476562
1390.475464
437.966797
-160.662354
-268.321289
-710.894409
460.526855
1360.991089
1356.142212
-127.627731
-840.157288
-1410.307739
173.837280
108.729980
-2570.524902
-4031.085449
-3464.694336
-1692.261597
-107.119141
-123.424805
-620.093994
-1141.292480
-468.627991
1328.084106
454.812988
137.529785
864.591553
1134.231689
1200.547607
340.441010
368.084961
-242.181641
584.024414
1361.905273
632.789551
-629.485229
-825.728394
-491.678223
96.903809
1013.346436
136.065918
-761.145996
412.365631
-705.641357
-1032.961426
-32.246094
748.392578
860.701172
-497.486816
87.724609
42.996582
230.198242
402.706543
116.274414
570.289062
-374.616211
-546.215332
296.130371
-401.058533
192.309814
1452.208984
620.331055
93.742188
-303.238770
-256.079102
1915.633789
2233.561523
356.047119
335.617676
352.274902
723.712402
1039.040894
1241.537354
520.957031
-457.739746
-1273.560303
231.087158
394.996826
241.361328
2530.818359
4172.242188
1590.166504
-660.716309
-1770.800781
-2257.102539
-2591.203125
232.289062
1996.714355
269.498047
-139.978516
1030.022461
74.322632
243.710693
-239.919434
-481.089111
-564.213013
-1257.378418
-984.541016
-121.664795
2182.882812
828.726562
365.835938
2093.822754
8232.406250
3848.750000
632.678711
-339.850098
-914.992432
-1086.371582
240.519531
994.905273
434.783203
194.588867
-1197.276855
-382.292969
239.246094
-938.099854
-126.951660
1763.789062
182.859619
-2229.687256
-4063.566895
-1410.286011
752.116577
-596.524536
695.661133
-493.886230
-656.593994
87.340820
449.076660
186.623535
-798.400391
-1827.509766
-766.984436
21.125488
-1619.536255
55.420410
2212.053711
3134.041992
2975.353516
900.022461
-16.180664
-2900.465332
-819.256592
1242.013550
924.537354
429.228027
-277.188965
-1264.833008
1503.971680
910.558594
462.399658
749.968750
852.864746
-286.368042
2242.718750
4904.452148
2884.835449
-324.917236
-510.780029
-8.980469
-475.524536
-930.290039
231.110107
1439.203613
-280.483887
16.158203
997.891724
-49.440918
-396.205566
454.659180
1600.053223
946.802246
1114.794922
-943.290344
-2243.758789
-106.950195
2532.896484
4238.958008
7462.062500
2409.592773
-782.677490
-672.213379
81.811279
-1059.886719
968.810059
506.972168
86.940430
354.057861
-290.225342
-868.741211
-818.898804
746.819092
260.541992
-543.076660
152.763672
1436.289062
2514.406250
3343.259766
1419.236084
-157.495117
-66.751648
-710.172852
-522.251709
-486.265625
-210.438477
850.977539
-2715.665527
-2411.737061
-351.821533
-1298.150146
-53.725586
-212.719482
385.259766
2010.855957
-409.706543
-439.759277
359.892334
-861.918945
225.969971
571.995972
801.920776
851.599487
78.688477
1622.934814
2831.320068
1651.429443
-675.609863
383.086670
-1254.920654
91.005371
-1417.589844
-419.377930
1261.555664
-711.524414
-2766.946533
-2432.137207
-1012.331787
1064.522949
1059.183594
591.766602
493.656250
-2281.450195
-2835.661133
-1645.440918
-401.463867
-76.161133
-532.047119
-382.872009
-115.854004
-181.102234
1684.243774
-1548.961426
-1357.611328
565.967285
870.002686
-62.882812
328.483887
425.808319
-2057.699707
61.300781
2054.359863
1228.553711
311.960938
-568.295288
-420.232178
214.506836
-482.023438
-998.121826
-2653.532715
-2766.712891
-423.286133
-114.825684
1580.447021
2486.675781
759.786133
-1451.105469
-534.798340
-505.357910
-579.315186
-1245.942871
-119.572266
557.749512
-678.370728
-1477.466309
-1310.109863
-541.662598
629.974609
2433.491211
1255.474609
-505.347656
-1439.524536
368.812439
1417.214111
795.539795
350.871094
-342.033447
1151.608032
683.830078
-1304.017456
-797.132385
-266.372314
-775.463379
-295.299805
385.861816
17.975586
-372.854980
1108.040894
960.434265
251.290527
1177.261230
1288.774170
89.906250
884.443848
624.141113
-300.388794
-620.502441
333.413086
1047.013672
224.779785
502.859619
223.823242
775.367676
1711.561523
-335.627441
-850.397949
-1422.880493
-1654.971436
-1409.053955
-1536.011719
114.581055
121.245605
213.989746
-304.937988
-1483.575317
-704.167969
95.290039
294.803711
365.586182
791.471680
-124.899414
1913.214844
1717.587402
428.805420
423.487305
780.690186
733.292236
-273.328949
-1256.311523
20.962402
72.231689
579.260010
1187.435547
170.769531
956.196899
949.420898
426.999512
893.779541
932.229004
1248.728516
1196.220215
539.532227
203.039551
-268.805664
-9.532959
-1740.597656
921.934204
1167.576660
-1643.273438
-1936.278809
176.280762
2148.242188
5450.438965
3162.620117
-1530.546753
-19.317383
-301.240234
-1578.251343
-1348.597290
128.269043
-1621.995117
-1060.653320
1556.151367
812.955322
634.049805
-1493.613281
-2767.021729
-744.037659
641.609863
520.682617
-178.932617
-1889.392578
-717.635742
359.591797
800.207031
2398.750000
-117.894531
-540.873047
1712.748291
2683.439209
-612.841064
-86.310059
1113.619873
-1753.463379
-992.033936
-363.708008
-383.758789
-3551.116699
837.428223
102.491577
-22.661865
317.514160
554.486816
785.484558
-97.216614
-1037.747559
-856.393311
-1764.779297
-2014.222168
-392.682129
666.218872
729.948242
160.799072
-159.162720
1231.795898
998.047852
-29.776611
-1284.209717
-2083.424316
-1098.798828
-96.304199
-879.637207
-520.893311
170.892090
-287.310059
-2287.287109
-1549.315308
297.885986
1294.892090
465.006836
-211.990601
-2353.260742
-1389.782715
610.609863
-830.484070
-72.753479
-2340.121094
-4975.207031
-728.519897
931.601074
891.887695
-59.250977
-181.545776
202.699463
-779.445679
1298.979492
-1384.942383
-2534.842773
-1381.047363
1187.312256
6051.973145
7527.512695
2589.297852
1234.614258
1668.525391
412.157471
99.981445
-16.766113
-212.786133
-519.172363
-18.050781
759.849609
-2.626953
1200.193115
-500.759277
-981.645508
234.935059
709.227234
434.189453
1007.688965
-98.882812
-1121.552368
-1578.077271
248.531738
984.225586
843.562012
915.318848
82.971436
221.947754
-847.609375
-1405.691406
570.198242
96.834473
219.638672
678.868164
250.342041
581.386719
-146.895996
1236.605469
3283.406738
334.390625
-1080.524536
-1545.453247
-141.230469
1510.750732
1309.338623
330.731201
627.227051
534.659180
813.565735
-264.524536
242.878204
1533.805786
848.753906
-216.676758
1778.787598
1986.540527
432.369202
842.991699
-165.483887
-623.524536
643.681641
261.827148
589.628906
-777.774353
15.657715
145.209961
-2850.296143
-2432.087402
-382.157227
-175.522705
718.773438
1261.352539
1162.910034
1257.792480
466.190430
1033.931641
3675.168945
1450.493896
-292.852295
633.859253
-470.160889
-150.573242
1140.526855
882.542480
-1290.575684
-3581.778320
-2908.259766
-1962.553467
-872.288574
248.114746
829.304688
-22.833527
-813.145996
-334.413574
861.220215
-902.763184
-3890.439941
-3267.182129
-853.203613
127.034302
1887.908203
4410.756836
883.314697
-1324.708984
-95.558105
-277.527344
-2539.600098
308.938721
997.512207
390.324707
21.156738
490.103027
561.770996
-366.846344
-3811.822510
-2605.381592
113.691345
-328.953369
-832.552002
679.898926
1344.472534
928.802368
-787.792847
-1246.744141
-23.628418
1025.651855
-679.401367
1235.880615
1809.705566
2214.251953
416.564453
-1375.482422
492.148499
735.769287
-430.338867
348.810913
405.818542
28.020752
2339.353516
4968.667969
2793.260742
312.762207
433.594238
586.659180
1424.684082
1188.962891
76.340332
1263.212646
117.424469
1028.344238
2984.467529
260.069092
-1219.051270
-1437.920898
-571.965820
1412.947266
5702.348145
4553.141113
1820.202637
468.829590
-194.857834
-264.916992
-139.520508
209.812744
498.744385
-377.268066
-921.291504
-173.881104
849.545166
167.168457
-324.064087
192.499512
-744.243652
-995.307129
132.475464
-848.229004
-865.792480
1117.119629
-932.250000
-1814.219238
567.053223
78.281738
464.309814
-808.089233
-593.798584
-406.920898
2473.448242
4871.469727
2014.579102
-488.387695
-737.813965
576.608398
1810.269531
1405.562500
-1225.628906
-4228.991211
-2350.690918
441.775391
1517.108398
611.032227
-161.130737
-775.639160
-594.247314
-232.443359
154.258789
368.319824
122.207275
446.661621
1658.780273
-443.549316
-704.714233
1095.330811
1247.637207
856.103149
155.142166
-106.127441
1893.073608
814.420166
-630.647949
-1288.696777
-1074.150879
159.222626
562.107727
603.580444
146.935181
-3033.443359
-4969.035156
-1742.757324
1520.284180
116.457520
-1512.883301
-533.227539
160.094238
1795.708008
1297.870117
439.935547
-3039.168701
-935.457764
-276.270508
-812.737976
621.845093
-612.951050
622.933594
1106.949707
581.211548
1667.726807
532.238647
266.703613
-484.399170
-1672.156250
-802.534058
704.058472
2090.251221
2864.379883
438.884766
1365.464844
-221.597656
-772.756104
-2226.610352
-557.017090
978.177002
-1434.812500
1272.930176
-329.572266
-2661.243164
-3365.045898
395.806396
-200.625366
-514.052734
77.735352
755.972168
99.812988
-382.435059
-1617.437012
-1794.475342
-1768.986328
-760.045410
640.625000
408.500000
-324.334229
-285.142822
-747.569031
1245.400879
24.016693
127.832275
63.523926
-1259.808594
-276.131836
328.209412
1039.834229
1584.156738
776.646484
383.539062
811.916992
284.911133
933.577148
-1754.834961
-692.167114
255.741699
516.322754
555.019531
-285.935059
-897.894897
158.176697
-624.679810
-1043.783447
-55.192505
213.371826
595.437500
-830.479980
-1066.347412
74.579102
3063.371094
4875.939453
3837.608887
2994.004883
-116.545898
-303.033691
-531.207764
420.620544
2102.318359
1419.103271
1238.063965
2238.703125
1140.769531
830.937500
-48.391602
460.985840
174.940918
812.566895
1839.091309
-270.139038
-404.797852
-189.366211
-1165.968750
886.177490
631.108887
-56.195801
808.379639
788.942261
1345.298950
-243.849854
-424.583496
-1201.442383
-695.869629
539.246338
558.140137
-158.541016
681.617920
655.504639
-696.823242
337.712402
4317.645020
4947.085938
1488.877319
186.444336
778.904663
-1476.032715
-217.427002
1347.523438
-1802.629883
761.401367
593.723145
769.399902
970.263184
673.677124
898.468506
-838.478516
-854.294922
-680.907227
-890.064087
-236.765869
-495.921875
-171.094971
-671.069580
345.341309
848.789307
556.479370
-61.690430
-899.691650
207.273987
2255.609375
1496.929443
-611.334961
-959.250977
-339.868652
546.625488
-573.559570
-1197.638672
-225.800781
-47.329956
2960.886719
2448.706787
-1529.950439
-480.041504
22.578857
-346.220947
1762.483276
-463.230469
-8.995132
1052.124512
441.399414
380.890137
920.914551
488.433899
-683.989258
-189.699463
736.658936
-519.676758
-959.750977
-285.416016
-617.178711
1130.259766
582.052734
1133.568115
-113.012573
602.656738
-613.405273
480.351074
135.617432
908.001404
643.468628
789.839844
-446.391113
-92.661621
-801.053040
-1507.364868
792.607910
1043.890625
-667.657471
-280.913574
1424.062988
1743.259033
1050.308105
1499.110352
453.252930
2572.370117
1372.693359
-466.557068
-627.291016
272.219238
457.315399
415.463867
570.539062
2189.883789
3919.145508
2343.336914
422.402466
-488.668945
-4687.670898
-2959.691162
1057.044922
1062.039062
716.345703
266.501465
556.725342
-809.643433
-842.665039
289.500488
-4822.186035
-8426.969727
-3903.941895
-77.999023
-74.134766
969.581543
873.735107
-180.929443
297.106201
-687.522583
-1734.234009
-1110.804688
-756.328125
-1410.009766
-902.463867
-1948.302734
-384.999023
-355.681641
-326.669922
144.150146
-493.594971
25.604004
255.056641
1241.740234
1615.766113
1137.705078
640.000488
-324.792969
1257.650391
-732.742676
-454.608276
658.628906
-492.347656
-1217.306641
-43.943359
-1420.105957
172.029907
-635.989746
1330.979492
2450.874023
950.540039
-411.485352
-761.040283
-2213.542480
-2131.182129
670.110962
1457.187500
815.557617
4081.745605
4007.934814
2852.301270
133.908691
-1170.791870
-1561.503052
-2460.501953
-883.691650
1575.323730
3629.881836
673.694824
701.251709
-740.086426
-931.507812
146.442627
235.791504
1180.221191
3387.994141
1654.085449
-122.455811
-894.330811
-381.750732
-556.986816
651.348633
1711.186523
-437.752686
-699.083008
594.739746
994.323975
513.125000
1644.342773
547.319824
-732.302490
-168.468750
-697.802734
644.471191
667.199585
-143.871094
-929.710205
-678.721680
39.900146
1660.359131
-518.489746
-1574.591797
18.463379
-379.941895
-384.347046
368.545410
-88.755371
-356.750488
-930.882812
-220.065430
307.479492
835.609863
619.338867
698.166504
1349.807617
-301.979736
-1616.226807
890.868408
137.032227
-131.247192
-266.300385
-85.054688
1157.445312
2574.380859
484.963379
294.428711
2358.614258
819.570312
1075.430176
-191.879150
582.891113
-180.218262
-1553.261230
-1248.549438
-1311.217041
380.476562
510.728027
-518.364990
1639.829102
1968.670898
162.429443
-763.996094
-4388.876953
-3828.134033
-791.127319
-583.275879
-1254.305664
-803.543457
37.743164
-210.251953
-631.580078
1.246094
-29.992188
-175.346680
1702.501465
665.408203
-611.149963
218.484131
-425.481934
-820.407715
-718.109131
-1787.651001
-277.608154
410.688507
-306.733643
270.983398
-102.016129
447.791138
-258.259613
-521.447510
-268.104004
-588.130615
-11.123047
-555.350830
864.494751
1070.475464
-71.496460
-522.360352
116.302734
543.608887
-328.575562
881.399414
2980.778320
1963.678711
-1599.688965
-3854.599609
-2974.377930
405.795898
-125.365112
-225.671387
376.197998
-667.173340
-739.989258
-747.372070
-1653.194092
257.846191
1259.973633
1919.921875
2041.553711
1053.270996
1013.567871
161.352051
1332.302246
2929.494629
-331.961426
-625.165039
-161.142578
-550.580811
-1179.132324
-1750.040894
-556.833984
1379.045654
731.386963
1050.910645
142.898438
-2330.837891
-3480.343994
-803.340576
-0.625000
1155.923828
1626.522461
-257.715820
451.577637
-62.180664
252.432373
-677.734253
57.718018
685.568359
282.307983
-346.524506
329.684937
1091.257202
170.110443
-322.143066
-248.826660
-69.491821
97.051392
783.448242
95.460693
-1316.501587
-921.359802
480.708374
1134.609375
391.554077
-1347.220947
-1631.028809
-1018.906250
352.435547
13.224121
-1478.259033
-1254.486572
-158.506836
468.283691
-707.948242
-1516.791016
-1396.066895
1060.008057
990.536133
-858.400146
-1149.823975
-279.736816
-220.071411
-94.513916
383.389160
-76.256592
-1439.743164
-906.348633
1010.899902
2924.377441
5240.407227
2640.061768
-258.852051
2412.686523
1033.767822
-583.566406
903.129395
320.441895
-136.812500
1531.683594
1095.280762
21.589844
-866.335327
435.014160
521.885742
293.262207
-1165.376465
-405.258789
526.582520
1310.007812
-103.457520
-622.169556
-746.961182
334.475464
1469.232544
1647.298828
789.806641
-301.310059
-55.045410
812.708008
351.482422
-1251.896973
-2176.833740
-844.555420
408.337402
1007.608887
63.460938
-597.363281
-1036.358887
-1153.093262
922.092163
3545.275391
2987.708008
1507.637207
-358.588531
1330.635742
753.585449
-1589.377441
-899.771973
109.046875
-2674.356445
-2483.771973
-1076.621826
-574.020020
-1067.474731
-740.155273
-523.063477
-1331.471680
-404.548828
389.025391
-365.747437
1994.978027
1570.619141
-406.623047
328.179382
1517.604248
1388.778564
-336.524506
-1446.111328
-848.544678
388.285889
-157.611252
930.088867
-457.750610
46.701904
160.919922
2578.232910
129.518799
1675.142212
679.544800
451.146240
-805.376465
-1795.053223
782.300171
-218.671875
-861.226562
-99.025391
395.467773
385.628418
680.769531
157.895508
-40.081055
445.882202
-67.633789
-999.316406
284.255981
1157.001221
-212.027344
1385.254883
-779.655029
-247.224121
479.902588
447.279114
297.171875
-1036.057617
2023.195068
1387.796631
-963.857849
-148.699219
-2415.578613
2395.833008
1366.161865
-608.651611
-177.265137
1112.461426
279.479980
107.307129
582.440918
-70.367676
1333.996582
1190.811035
-467.218750
-1045.405762
-468.581543
-554.422363
339.637634
1477.848633
2681.333008
25.804199
456.142151
73.634766
-1770.203613
-232.296143
361.134521
-235.028564
-927.623169
-115.786377
26.311035
1370.097168
1091.235840
-733.944336
-2141.778320
-405.327148
-354.864746
1075.395264
431.829834
1381.825439
1129.393799
-869.293213
-147.062988
1708.018555
1669.798828
2348.159180
3426.486816
4222.922363
4936.679688
2750.382812
-1317.505615
-325.037109
-528.820801
-890.676758
-545.173828
703.395508
1329.943115
1148.789673
-1166.748291
-1350.786133
-848.932617
209.071289
303.113770
1657.142212
495.255615
-150.167725
-569.229736
-200.429199
666.379883
-1364.933594
-2113.996582
-1438.542969
-433.381836
666.376221
1487.378906
-267.075195
-1108.737793
301.434082
-1132.427734
-4025.886719
-3460.712891
-1956.295898
551.880493
6523.508301
7646.649414
1024.050293
-837.088379
26.720215
442.035156
446.794434
-264.319946
-4204.093750
-4389.304688
-407.286621
900.792969
-520.065918
-58.433105
1200.781982
-627.905518
-1396.761719
-814.661621
-580.028564
223.669434
-120.249390
283.037598
884.765625
-6.114746
-186.486328
2327.636719
1268.619141
586.329102
-854.857849
-453.544373
121.907715
-3084.263184
-5158.374023
-816.486084
136.468994
2287.475586
5202.055664
1558.142334
-1187.001831
-456.011108
412.804077
811.814087
-103.651367
-511.705322
-622.246338
1410.244629
1867.685059
370.646973
-777.919922
-524.090820
-471.494141
-1316.741211
412.537109
-2447.163086
-1002.612305
1539.282227
1282.355469
908.675781
-206.720703
-340.931641
725.475464
143.401855
-716.963379
-928.137878
-749.323730
155.212891
-191.183594
691.797363
-226.107422
-423.521057
1945.014282
1355.171387
-16.861328
-348.443359
766.776367
-1942.214844
-4605.854004
-7143.188965
-2892.168457
827.220703
-1151.346924
-1154.747314
-139.403625
452.849670
535.938965
967.175293
835.920898
-660.242676
-380.170044
-1538.015625
-1466.249023
-602.133789
-446.880859
142.461670
458.549316
938.156738
3268.820801
1694.812012
-846.996094
-332.677979
-770.276855
-1316.903076
-222.857834
-68.931641
-1189.358398
424.053711
564.772461
-821.690369
839.750000
-286.434570
-1997.837891
-181.113037
1449.124512
3877.806641
2072.702148
-6.791016
415.699219
-564.058105
879.564941
2066.762207
252.776855
-344.901855
-798.842529
-65.076294
761.622070
1159.055176
340.123047
214.586670
-980.218750
-2041.912109
-438.689453
653.778809
784.443848
772.654297
1078.860352
1956.953491
1463.016113
585.002930
349.850586
377.332520
-658.244629
893.607666
41.745605
-568.983398
-228.613770
-285.910645
859.384766
935.880981
814.813232
118.490723
1124.334961
722.584717
345.019043
-49.124023
989.351562
1853.474731
67.442871
360.232910
-822.660156
37.278809
355.720215
-730.977539
-240.155029
-417.769531
-184.142487
-401.595337
-421.995117
1097.743164
551.503784
1182.803711
382.559570
-76.804199
-128.750610
-316.805176
-775.956787
-913.854370
-1686.003052
-883.857849
934.868042
1396.998535
808.244385
500.538086
387.783203
-517.812134
9.072266
459.148438
-555.326050
434.393555
1531.650391
328.024414
-446.464844
-2711.064453
-2749.038086
251.272949
-826.671509
371.537598
404.731445
877.091553
1371.762939
1550.300659
1049.475342
428.952148
-241.463623
-630.906738
-449.105225
453.103516
-1704.632812
-1740.658691
-598.226685
1179.771729
4517.868652
1812.035400
-861.400269
-3809.009521
-6596.292969
-1155.686523
344.449463
51.258606
1833.652588
-28.175781
233.884399
343.315430
-1682.481567
-262.687988
3438.284180
1853.488281
987.029297
-384.835205
-1096.227051
1599.802734
2069.731445
57.238525
1424.354248
-890.384521
-2325.797363
-737.645508
356.914062
545.746094
-640.816406
-132.627930
-1314.618896
-454.937012
950.750000
457.968262
405.315918
-670.012207
-1573.738770
-439.815369
1450.560547
4579.900391
2318.147461
-103.800049
1107.748413
680.252075
-790.045959
-232.737366
893.423828
1661.436523
-95.842041
-662.440186
1037.490723
1386.369141
1921.115479
653.316895
-189.212891
-1667.375000
616.388611
27.441895
-1532.686279
1126.207031
615.654297
1577.534180
1464.733032
357.733398
268.436523
273.033203
-886.360352
-567.503906
680.880127
121.307617
-343.613770
-1049.815796
525.510742
216.703613
78.114014
198.124512
44.311035
-278.567078
1233.190430
955.542725
-38.470337
-934.368652
-474.291992
1532.782227
520.781738
832.051758
1091.916992
2997.856445
4871.770020
2011.882324
695.843994
-215.623047
-1050.651367
-140.010254
914.967896
347.375000
-686.788574
-530.768188
454.185791
-948.524536
637.722900
613.952148
-179.432861
1178.475464
1260.405518
697.692871
-559.178711
245.867676
-300.277344
338.886719
313.260254
197.084961
217.644287
-65.217285
-503.289062
-1456.544922
-3040.857666
-1513.650146
137.879395
209.684082
-770.061035
-2452.779053
-3153.444336
-1806.377686
1702.746094
601.770020
-481.768555
-811.449707
-836.601074
899.500244
517.278198
-681.203125
-365.032227
-119.845703
477.154297
1326.293213
208.611389
801.889160
572.203857
-1118.935913
-629.004517
-560.094482
-736.921143
552.142151
869.723999
-739.149902
-362.498779
-594.315430
38.657715
644.760986
5.561035
242.861816
-611.552246
-952.843750
-1575.800781
-2689.019531
160.053223
49.822021
628.084961
2324.226562
917.466797
-504.079346
544.321594
1229.555298
1002.616943
-403.608398
-1283.719482
-1257.313354
-202.288086
-485.102539
-50.991211
1429.057617
2308.475586
4616.657715
3516.632812
2517.211426
528.030151
984.103516
604.428711
-489.189941
-2383.135254
-4409.303711
-3296.907959
-559.153564
-264.720703
218.952148
-240.628906
-266.291992
-660.274048
190.788818
734.331543
-518.905762
-879.663330
51.696777
1110.174805
231.043457
-1260.007324
-1296.385254
1215.748047
2299.848633
483.410400
-1911.413086
-1381.063477
141.076172
260.150635
452.806641
-678.745850
-464.688293
-333.634277
-129.364258
-167.584961
121.765137
-1359.812500
-46.066406
226.264893
1037.253906
811.521484
-790.056152
489.380371
999.184570
1082.832031
-451.042969
-959.208008
-991.159912
2942.756836
4079.330078
4627.248535
2930.816406
153.047852
-685.952148
1078.811768
-403.411987
2272.157715
2230.976562
396.780518
458.580322
-514.070312
-1828.199097
-978.754456
900.882080
-181.239014
-207.464355
-1604.594604
-763.587219
407.729248
1735.673462
1768.850342
524.485352
-999.493164
-1351.176758
1370.120605
261.854126
-659.452148
769.376343
1544.656738
2918.204102
1504.145020
140.765137
6.069580
289.994141
1298.709961
-598.541016
364.652771
1056.247559
1918.587402
1055.186035
1245.601562
5.457031
-371.133545
1171.527588
1377.888184
1416.865723
513.136719
839.603516
-593.759766
-966.686279
56.185669
1613.059082
43.152832
-224.670898
-1262.794922
-3415.700684
-1894.615723
1386.802002
943.494141
197.816711
77.378906
783.923828
218.114136
330.565918
-587.241211
-296.855469
37.665039
-573.988037
-1961.382080
-1184.805908
-111.983398
892.323242
2287.453613
-126.218262
-936.699463
536.968628
-1730.277832
-2111.992188
207.528610
-482.170410
-910.036621
501.653809
-27.879395
-338.660156
-312.916992
-1016.502686
-136.635437
-743.851074
118.952026
-717.709839
-1887.655273
-799.825195
-59.454102
-27.435547
119.288330
485.353760
-1477.339844
-1498.690430
750.976685
63.965210
-401.639099
1809.642334
2876.009766
2583.117432
136.540710
-1332.420898
-154.462280
-42.772705
-760.285400
-821.420776
-327.931152
-1129.093750
-1078.809448
-289.927490
819.011230
946.252808
28.794067
-599.236328
-897.736084
-973.244080
-765.315552
494.690674
1389.170166
-652.677734
-288.081482
-164.674438
-349.155762
1135.845215
2072.952637
762.252441
-1229.134766
-1043.774414
2127.933594
5086.935059
3619.645996
-235.076660
-240.171875
518.192383
-245.583984
366.322510
576.205444
-215.315857
-124.141724
221.240509
-117.557129
-1744.810791
-4084.552490
-2701.069336
2044.287109
4462.984863
2532.919922
-2207.896484
-3052.708008
-3067.508789
441.094482
1121.563232
879.819580
1451.475586
1118.529053
302.094360
613.696533
125.703613
283.535278
-4.381348
-184.022461
530.162720
814.013916
-1172.907471
-1619.131958
152.351074
1557.652344
2411.465332
1036.637695
-1916.315430
-3040.050781
-97.156250
907.091553
520.891602
490.665527
-2702.715576
-4305.463867
-1122.273926
650.812744
-276.318604
-516.731445
-582.389648
179.468750
521.762207
1412.055054
1746.456665
585.009033
297.957520
4158.475586
5895.872559
1174.142578
-1694.324219
-1282.853271
111.041748
659.873779
799.978271
-481.029541
41.871796
760.870422
-67.489990
-1222.523682
-529.882080
525.295776
338.161621
314.356445
-220.905884
27.449951
687.120972
374.086304
198.598480
1144.656982
-218.870605
-1691.192383
78.173584
214.104980
-1076.536621
-1211.460449
1032.771362
-126.902222
-458.995361
1151.186035
3531.282227
1287.487549
-353.635742
-903.344727
-372.005493
1403.238647
472.240234
-543.815674
-729.056274
78.884857
602.667969
-302.089844
601.519287
415.313965
-1049.997559
1068.465820
1010.060547
-599.405762
-1002.574951
-1066.169434
-713.067383
-346.876953
698.948792
161.136719
-337.561035
647.592407
1012.753906
931.971680
3984.354492
3102.361816
400.265686
704.013672
-688.702148
-858.397705
838.669800
-426.505371
-492.714600
-48.866455
1074.583008
1254.301758
-477.195068
-1001.827148
1096.161133
266.711914
786.463379
2090.293945
-15.714355
-109.381836
-2043.498047
468.083984
1479.505737
1244.697021
142.375000
607.876953
294.613281
-950.515869
-1655.574219
-1332.111328
-751.667480
-652.842163
-385.358643
-504.802246
-3334.592285
-215.952148
2072.904541
1378.094238
1919.110840
-179.618652
139.130371
1247.475464
-962.524536
-1821.187256
-555.325439
-300.231201
498.754395
1729.572266
2993.734863
-4.070007
-488.572021
328.881836
252.601807
733.318848
30.721680
-878.157715
187.601562
-153.157959
-841.591309
-233.074219
151.886719
-799.054688
2859.136719
3529.905762
3628.484131
935.325195
1784.638184
988.635498
297.615723
-396.855469
-374.013184
376.386230
660.785950
-397.837891
-442.999512
-950.400391
-1136.061279
360.450806
677.625488
197.287109
1209.063477
-413.731201
-582.886719
494.964844
-292.970459
-461.830566
-688.106323
-502.499023
-389.647949
-1283.250732
-553.743164
-1274.425781
-22.117188
526.995361
-655.948486
309.536987
415.482269
-474.433289
1365.329224
1418.878662
-1190.978271
-1572.040283
149.870605
1840.465820
1906.057617
262.552734
-1552.446289
-1298.193359
531.633789
558.885010
268.475464
-885.857849
-372.120544
-2409.270020
-4296.681152
-2216.747559
-1774.614746
-133.416992
849.942139
-997.229004
-515.181152
142.994507
363.790527
108.083252
2286.612793
4646.708008
2540.120605
-112.070068
-1031.986084
153.512695
467.112549
551.491821
767.875000
1961.440430
1706.159668
4455.164062
2130.632812
1667.112793
-773.561523
-1327.764648
-28.867188
627.995483
94.973999
-2267.402100
-134.528809
462.538086
129.776855
-97.456055
-927.286743
-395.539307
-51.576416
-892.751465
167.780884
858.268311
-2080.462891
-718.548828
-391.885742
364.522766
609.727051
663.539307
1201.836182
655.432617
-692.160400
-433.445312
-400.659668
642.546631
260.097168
2436.258789
3323.881348
467.928711
-575.295898
553.667480
3495.752930
4766.363770
1319.602051
1106.385986
896.764648
-530.970337
-1187.160034
609.171997
3488.573486
993.120117
-1735.472656
-2085.317383
-3050.110352
-695.785156
93.784180
1481.752808
1181.467773
756.106445
380.935913
124.178223
-543.646973
13.388428
329.667969
213.472168
1695.626953
1685.981934
-449.857422
-468.540283
-273.570068
-458.614258
2205.615234
3771.964355
1473.277832
88.554199
1029.606812
1065.604004
1306.887695
758.928711
-907.812012
-1143.119141
-405.305176
-240.919067
1131.282227
-228.376953
-854.441895
-260.757324
-384.555664
-1407.124512
-1293.499268
183.222656
-1740.436523
-947.794067
861.248291
1043.630615
-615.413818
-2516.713623
-1424.029541
347.259033
616.676880
936.614502
-3656.535645
-5170.252441
-1146.515869
100.219604
-134.952148
626.760254
-336.941895
-1988.589844
-1279.016602
841.864258
132.719727
-523.916016
-1052.283447
-1560.113281
-734.028320
-587.004395
503.464844
1260.704346
-376.546295
684.421875
1160.276611
-386.901123
962.193359
425.919922
-381.798584
867.645264
822.334473
-953.771240
-107.089111
1094.075684
856.048096
670.785889
-11.976868
601.534180
258.985352
-403.732422
-500.617188
-343.181152
463.530762
-271.509766
-2709.347656
-5206.993164
-3598.714600
-141.529785
11.619629
-646.738525
117.381104
489.338379
97.654785
54.627930
-916.726562
246.586914
-730.473145
-751.809814
-673.177490
-894.687988
-2469.372559
-4554.563965
-1340.125488
194.269043
1174.174927
2878.157715
1740.553955
378.227295
-399.693604
508.052673
852.364258
-26.070923
-58.976624
-45.102783
79.367676
-946.575684
-2889.969727
-1167.982910
1323.186768
-71.965332
-237.944336
-1652.868164
-4520.592773
-2628.506348
122.231445
243.777344
-513.574951
1557.320801
-222.283203
-1672.800293
-681.898438
-605.878906
1880.649414
46.601807
-33.821045
-131.433594
-2176.497559
143.736572
1618.598511
112.548828
175.388672
-1034.504883
116.303711
-996.125000
-124.080597
793.475464
1084.475464
616.418701
439.449219
-314.847656
-9.887817
435.659668
299.455078
-899.573486
-1084.922485
-286.395508
1233.296143
30.086548
-824.830078
-611.619141
239.551758
596.703369
-719.135803
741.962891
2505.442871
862.891235
-1608.624023
-418.351562
55.110840
1274.710693
1525.109863
-825.687256
-801.927124
400.218994
261.213379
-645.984619
320.649414
19.358643
542.609558
138.699219
917.710938
1745.121094
996.628906
-837.839844
-1140.302734
-2380.100098
352.901367
144.421875
-262.353516
-57.525879
1240.537598
1331.628174
724.834961
2462.132812
-2.784668
-423.517090
694.735596
475.054321
-432.428589
-1133.177124
-109.796249
971.267090
302.992676
1207.731934
-512.997070
-1986.824707
-1733.121460
245.084473
-476.828125
1082.843506
-345.300903
786.858887
-1186.345215
1212.106934
4126.130859
1507.366211
-1845.578125
1163.441406
428.610840
2412.012939
1243.723633
-709.526611
1116.853027
1292.097656
419.648682
1414.562500
461.602539
-588.840820
-147.671875
256.313965
-0.918945
-104.316895
1120.416138
922.475586
-1322.027954
-832.524475
-1165.187744
-2407.612305
-725.731506
2057.009033
5022.225098
6652.608887
2695.735352
711.492188
1535.243652
508.471252
38.631104
422.419922
-2117.573730
-148.892090
774.880859
-1024.260010
178.036133
195.653320
-1007.659302
-700.145020
526.062256
-189.248047
-1740.368652
-505.543945
1084.290039
1092.681641
297.424805
-287.897461
764.707031
-1530.463867
-123.672363
-1501.669800
-793.452881
-823.801147
-468.559814
826.874329
458.374146
-1264.458130
-516.384521
7.974121
-1308.889160
-2216.573975
4.447510
-68.588074
-457.002930
-563.796875
-630.513672
-1110.961182
-1909.172363
-2844.187500
-834.404297
2001.491211
-37.815918
-109.283142
938.511963
196.766846
509.109497
1379.627075
1526.532837
489.142151
-2361.705566
-968.111206
-788.453613
-1660.994629
-1614.309570
-1136.931152
121.250244
211.989258
1240.089844
1688.846191
65.536133
-1098.817383
-967.186035
904.168823
862.170166
267.598145
42.092407
293.308838
985.744629
-199.763672
-987.244629
-193.984375
86.036118
578.876831
-597.771729
511.839355
1628.254883
230.312500
474.856445
333.353271
913.904785
357.854004
649.775391
530.060791
390.863525
186.945312
907.885742
-1582.803711
-933.084961
-1177.834106
366.107910
1954.502441
333.994141
-752.807129
-411.823730
538.616211
600.045898
-572.307007
492.664795
477.374390
-759.604248
427.165039
-109.300781
-1225.555542
1147.154175
-458.370483
-569.962402
-496.784912
-1125.873535
24.254883
-2016.691895
-4833.832520
-2890.789551
95.651489
1134.801392
1454.893921
205.833984
1443.958984
1731.104492
1769.242188
1760.097168
-1276.135864
-212.296387
2883.293457
6129.620117
4350.747559
668.885986
-14.603271
1159.256592
652.987061
-913.377441
555.659729
848.204224
1264.250244
516.991699
627.741943
1840.831543
-344.609985
-434.515869
-562.330566
-1615.318848
351.137573
494.764404
1.401855
64.646484
543.210938
-252.697510
-58.412109
-1477.374512
-478.536133
-2937.513184
-204.391602
382.440063
109.345108
5033.080078
3496.758789
445.214844
-379.500977
-818.295898
-812.463867
36.773926
-58.075195
-1225.668457
-113.416016
732.670898
471.917969
1166.612793
2211.787109
147.099609
571.450195
1505.543457
-176.564575
675.390625
863.352539
-1060.763184
-237.890137
954.155273
340.467773
854.857422
1192.578125
2773.910156
1291.099731
-815.221436
713.572510
-1836.268066
293.493164
1047.732788
-12.512695
-1918.796875
-75.383789
507.200684
456.745117
624.727051
-644.567749
522.625977
436.434875
536.222168
1964.663574
529.904785
1157.419800
-325.199463
-1363.049561
245.514893
-242.333740
-246.492188
419.661621
326.927734
393.688721
-1065.524536
-1490.524536
1166.552490
-1800.015869
-572.533447
220.860840
1211.659912
4697.964355
5341.722168
2959.038086
1026.679688
-838.575195
-735.225586
-866.069336
-1100.769531
148.687012
845.969604
91.839455
-174.778046
1449.529785
1237.457397
1682.190430
944.054932
-1170.305908
-1114.805664
-93.036438
695.158203
812.345947
488.120270
-872.541748
-348.132568
981.786133
-109.645020
-263.063965
289.865967
322.400635
419.722168
1079.223633
-87.746582
-534.345947
3005.004883
3953.823242
2076.375000
131.070679
-1067.397217
-405.094971
-100.715820
-1059.333008
-810.126343
-332.277588
-449.266113
669.174927
-353.791870
-2499.618164
-2443.509277
-856.987305
618.101562
-142.398926
-127.635254
646.982056
-14.787109
309.023499
3179.745117
1940.475464
-305.187012
-105.836914
-767.155273
154.662109
-78.523193
-600.874512
-52.885971
-1187.127930
-1001.570312
-770.875488
-1226.541992
45.647461
-243.942383
-657.245850
-1125.613281
-1154.537842
609.005859
318.536133
1030.956543
830.350098
218.299561
610.405273
830.739258
-700.589111
262.894684
-11.166748
-1079.614746
-301.905151
-1074.816162
-918.095947
275.268066
650.143799
-25.458374
-552.795654
410.287109
276.554749
-596.735718
570.537720
-1628.035278
-4182.828125
-488.095581
1004.342041
-646.106445
-397.027344
664.494385
1196.083496
-177.134644
455.791016
2415.942871
2195.572266
3087.749512
3602.714355
1176.315186
-84.353027
-340.913086
327.486328
241.863281
334.520020
452.234131
14.631836
-638.219238
-471.857849
150.903320
-449.163086
-294.602783
471.239746
411.110352
-1016.498047
-1180.126709
769.302246
-66.164673
-235.467529
-358.640381
-942.424805
603.170166
161.348022
-1209.761230
1405.898926
1630.068848
-204.733154
-435.918945
-3117.883789
-4379.685547
-787.364502
998.437012
167.684326
-774.892700
-925.840332
334.451416
506.594727
-994.524414
-829.773682
219.155762
-20.260742
-29.000488
-547.075439
-840.898193
8.386963
261.362549
742.389404
184.554504
-1331.655518
-1109.392578
-181.858643
758.598633
-104.291016
138.036133
532.086426
336.546875
56.795410
986.818298
834.910156
402.449219
79.794434
262.475586
668.527344
6.353516
372.364075
570.532715
-387.923401
-664.290039
-601.562378
570.787598
819.300781
1031.812988
1243.572021
77.876999
-675.527100
95.254150
-2266.847168
-3410.581055
-511.977051
441.502930
-983.741455
-300.549011
-784.600403
-2040.212402
-3660.735352
-1913.880859
556.662842
1246.711182
249.463867
163.770508
695.670898
-389.326172
-1135.938965
-481.227051
-1026.307129
-3166.182617
-1195.565430
103.880737
-1001.627319
181.579590
591.891724
-2684.476562
-1894.660400
1248.663086
857.475586
1049.076172
255.751953
617.536804
1789.143066
510.065247
-376.850098
89.071289
439.881592
-2066.114258
-2674.524414
422.176880
-602.371216
-1169.471436
1067.138672
-3820.669922
-4276.496094
509.940796
-27.786011
-1258.880127
-771.189087
46.102539
-136.155273
483.625000
526.435303
976.472900
128.452026
-783.573486
2738.141602
2189.167480
-1704.603271
-415.332764
-149.210449
1457.884766
4779.601562
-151.072754
96.970703
-305.484131
-704.390442
4433.078125
3288.148438
-325.285706
-367.053467
-2410.745605
-2345.005859
-239.750000
22.019775
-172.148926
2144.216797
2816.576660
538.025879
21.197693
1052.988037
643.851562
873.406738
294.349121
425.820923
1636.160889
696.805176
-547.346436
-1728.177979
-275.467773
514.208496
364.423096
1372.458008
1816.165527
92.319824
55.796631
-384.602631
912.674988
2472.176270
-631.700684
-619.610840
883.158630
61.851196
-347.514893
-48.016113
-123.548950
-1412.290527
-669.194336
2102.464844
2936.839844
152.309082
407.386719
709.950195
-492.846985
380.927612
-15.822266
-1519.247559
-144.991989
-232.715332
-1136.738770
-425.147461
-1928.696289
-1633.795410
39.743896
113.518799
635.414917
202.023270
-730.156616
819.189697
1052.684326
-1089.264648
-1035.808350
291.435852
893.945435
2963.710449
3174.488525
-244.939453
-413.004883
407.018555
-362.958984
-166.102539
378.896973
1159.288086
1562.369629
583.967163
1129.096191
319.380859
-2021.424072
-2553.901367
-975.438477
175.763916
2137.534180
1444.842773
-441.714355
-386.489746
-44.522949
-1049.186401
-972.492676
-368.200439
709.502930
389.686523
450.125000
75.455566
-105.895752
1399.470703
3372.133789
2483.590820
-362.373779
-335.128418
1024.739258
345.616211
56.660645
1027.603516
2076.115723
1470.081543
-108.826172
161.447021
842.182861
1588.789307
872.872070
481.783691
-1708.016602
-348.822266
563.972168
469.273438
1607.312988
2205.515137
837.102051
219.358887
790.394775
-604.524536
-1077.056885
355.144287
-1823.590942
-6779.040039
-5349.595703
-958.263428
1154.810059
-460.954834
-1080.593628
-28.403809
740.311035
-120.621094
422.760254
-356.258301
314.498779
455.364990
-1402.201172
-2238.229004
1174.098511
-246.930664
494.320312
275.050690
523.083496
1955.563965
214.082520
-351.961426
955.711914
270.287476
-766.470947
1017.800293
357.959229
-48.955811
1616.757080
358.437500
353.637939
915.574707
-1487.266113
-1276.822998
-243.161865
1055.067261
2017.199707
844.956543
-2873.535645
-4698.210938
-963.839600
1723.329590
317.070801
-948.491211
-3700.585938
-164.265625
1251.385742
673.949707
434.257812
1410.795898
2951.014648
1132.653809
434.068848
-3756.222656
-3533.602539
-1220.479004
-459.573853
1441.331787
1452.608887
-1135.986328
1408.362305
422.602051
-874.007812
-945.298340
-1863.381592
-1548.830078
737.393799
1454.078613
298.936523
-37.777344
449.941895
-281.759766
219.223267
616.145264
-576.452637
-1098.190918
-2513.130859
-797.292236
3339.141602
-50.404297
713.236938
-577.638184
-326.690430
-762.732178
1319.196289
616.586914
-18.329102
-687.389404
-281.886475
1468.299316
288.363281
43.337891
-364.136230
-1656.862061
-1.089600
-114.709717
-130.786011
1486.278320
868.521484
-658.775391
-1755.608887
-425.958710
-1010.320801
251.475464
-198.469238
-460.614746
312.924316
467.977539
3862.803711
2060.272461
1471.838379
709.721680
-144.168213
492.085938
1307.362305
-1865.037109
819.497498
1773.129883
385.810791
-103.003418
-327.399902
-1563.970215
1018.967407
358.928467
10.902588
-76.357422
528.093994
296.934082
-1572.665039
-413.202637
-772.517334
1710.011963
-199.012207
309.165039
-1003.798828
485.771973
899.999268
-543.465332
216.061035
-884.711853
-10.381348
1877.609863
960.907715
531.044434
85.102417
328.920593
-30.604004
489.404785
53.481201
-1470.038208
-1540.703369
570.765137
1088.318848
245.877899
241.626709
-846.517822
-667.359619
-659.674316
-748.552246
495.501953
955.808594
203.312744
1217.232910
497.449219
-1622.963379
-576.760010
92.536133
137.504883
1106.312012
-169.453613
-27.677734
-104.421875
-761.268066
147.237793
741.934570
342.868164
829.326660
976.988770
-135.310303
-1137.649536
-1525.798340
-2444.196289
-2126.968506
-71.638672
158.184082
-389.307861
-589.558472
-246.888306
612.339600
-263.326172
-1448.910156
-470.643066
850.702393
1100.797119
615.653809
3103.664551
5929.502930
2549.745117
-670.675049
-946.875977
687.389648
-1019.974121
166.573730
-112.885254
155.763672
-118.196777
267.821777
-334.268311
-1805.012939
-836.362793
-166.417969
761.744141
595.344482
1988.743164
1488.793945
586.524414
-2055.048828
-6817.537109
-6486.268555
-1283.891846
203.474365
2980.758789
4780.753906
2365.730469
379.728333
89.996094
761.989990
1453.286621
595.350220
426.967285
-103.450073
-339.002686
268.906982
894.644897
71.448364
-1309.935425
-1564.227051
216.899414
747.455811
195.220703
737.037354
-438.498108
-1699.417236
-1065.399780
-479.079590
-1118.623047
-1892.570312
-2787.263672
-238.994385
-819.576477
-671.559021
2209.600586
2545.682861
2182.249512
3309.009766
3136.905273
1018.872070
260.929199
756.497192
-122.765137
529.685547
1109.848145
-1600.150391
-1655.781250
-462.521484
145.154541
-164.414551
327.962402
423.822266
-54.053223
-125.478027
395.148926
-2690.633789
-5320.250488
-5806.237305
-2889.381104
396.787354
493.160645
418.137695
-664.062500
-1140.043701
273.650391
-631.123291
205.586426
3762.575684
2553.717773
-520.857849
23.489746
-1219.371094
-2026.093750
886.973450
944.236694
-4.538086
154.021484
447.852295
79.325806
-480.505859
-741.738770
180.667480
1195.258789
-19.747070
477.616211
-250.412598
-129.969971
-903.164551
2359.299072
5029.545410
872.284180
-1140.985107
-575.558838
-2435.338623
225.417725
1756.529297
278.181152
-157.923340
352.963623
1071.158203
1321.792969
1487.211914
333.677246
872.981445
498.701172
179.549561
-5.774902
207.132324
-135.028320
-380.034027
-43.503235
-537.416504
-790.611816
-471.190186
471.969238
854.469238
596.990845
-241.457520
-740.704590
-1306.256104
32.032227
-467.143799
-924.073730
115.379395
137.359863
929.497070
391.834229
-859.077393
-611.769775
541.908203
662.717285
205.117920
-356.069824
1555.657227
906.150391
-562.797058
145.723633
391.184174
-87.462891
-180.389648
1106.183838
1725.196289
-87.274414
721.176514
3059.397461
2152.156982
85.910400
-572.138794
-1013.186523
-317.253906
2115.432617
6066.620605
2612.670410
-770.711182
-1367.507080
-465.825684
766.113770
3563.677246
4110.239258
285.233765
43.424683
-1664.125488
-1528.786621
1027.163330
-290.269409
-974.154907
-1264.623413
280.458740
1466.374756
1162.319336
-265.502930
-1012.844238
-233.007812
739.775879
442.653320
1695.815430
1034.503906
-771.551514
518.007080
-31.841797
-663.788330
-707.800781
-193.125488
-186.548828
-203.923279
2426.034668
2761.762695
449.136719
-87.295410
1532.501587
1151.589844
551.941162
246.017822
-1537.631836
-1327.717529
-210.148438
-94.657715
1258.722046
1547.168213
1036.857178
807.583008
230.932617
1211.059082
462.501953
-385.655334
221.684448
-400.757568
-1397.272461
224.471191
50.625977
515.024414
-86.100098
-240.222900
-1372.745483
-327.737000
678.050293
-123.018066
-726.752930
-409.578918
404.337891
1504.942383
-619.933105
-65.573975
636.599487
-536.262207
1037.599609
-1682.639648
-2578.874023
129.113647
1928.046875
2794.324219
398.061523
-1519.376343
-3067.544678
-1617.657715
836.091797
2192.306152
233.825317
-1432.175781
-1410.888672
-1268.939453
1682.662598
852.412109
1244.149414
433.169434
118.855225
-226.190918
1459.012695
452.546875
-839.092773
-1116.076660
-772.072266
-109.959961
3439.258301
-94.804688
-492.837891
-248.714844
-368.166016
-1020.592285
1731.357910
1788.475464
1987.475464
815.639648
-1345.708984
-472.479492
-152.431641
-298.598175
1578.529297
2936.680176
201.984665
257.389771
363.136719
4135.445801
6772.405273
1679.067383
688.510742
-1309.725586
-2977.278320
-920.601562
83.458496
-1280.932007
183.722168
-564.701172
-1033.953613
-619.774902
819.746582
1002.130615
834.681152
-170.689850
-606.375977
-951.501465
177.557617
551.767578
-773.515137
-232.315918
-480.678955
609.934082
542.428711
476.332275
516.860352
-1116.791138
-268.829590
1429.619141
1539.268066
751.464111
-256.455566
993.822144
283.130371
425.962402
820.569580
1584.377686
994.514404
-1392.713867
-653.468262
136.214355
1173.873779
1333.789551
160.635742
1700.053711
332.104980
411.964355
770.168091
971.475525
-457.526367
1270.480957
4190.862305
3287.386475
58.936523
-485.936035
-1400.857788
-507.608398
899.460938
797.915039
1368.294189
1281.530273
-772.381836
1091.711670
1427.788086
1826.246094
-13.701187
-1605.519531
-3303.509766
-732.930908
1898.008301
357.692383
-2651.396484
-469.860474
-1880.191650
-1598.164062
-186.222656
1650.710938
1538.562500
513.894043
-675.203125
1184.295898
459.484985
294.060425
350.591675
-758.760742
-1404.594727
-3325.857910
-281.956055
-121.084961
-978.438477
355.504517
-0.588867
-1679.147461
-2246.354492
2321.660889
793.976685
640.841797
-1028.215820
-531.374512
-1151.674316
-1588.726074
-543.646057
-121.164062
504.879395
2450.343750
1914.890747
15.951172
-529.121704
1580.142212
965.851074
521.863281
324.274902
-402.880859
-500.608398
886.489502
953.296204
667.999023
-1571.345459
-196.019012
-618.948730
1045.555664
1990.890137
1541.640137
-570.524536
-413.087402
-1014.044434
-520.091309
1597.852783
3333.828125
1571.302734
-732.198730
-338.372559
-576.175537
-984.344482
-407.008301
291.452759
601.342285
791.453613
2924.383789
-363.674805
-124.520020
1407.883057
-268.977051
383.471191
1099.502686
-234.478027
-638.906738
-988.697510
624.512573
268.633789
-111.414062
-1114.030884
-2986.341309
-823.927002
518.689453
152.354980
174.028809
-66.079102
280.497559
-178.169434
-682.109863
-578.715332
-466.124512
-1244.364746
-197.994629
-310.091583
-1614.703857
-739.974121
236.916504
-1618.530762
-497.593018
-667.040894
-5115.367188
-3046.831543
725.708374
-126.697266
657.645630
-275.039673
-1345.917603
232.053223
23.204102
-569.956787
-242.904541
159.525024
1209.314575
-125.013916
591.972778
204.425079
-1357.351685
-151.514893
-111.914551
243.712402
703.664551
-155.514648
-142.870117
834.626953
1031.198242
271.023438
668.612305
6.038818
-679.273987
-374.583984
-214.257812
-80.334473
407.140625
1052.817383
1410.164551
508.020630
1717.067749
1528.737793
-116.610840
300.461914
-187.020020
-1503.339600
-99.530273
132.306641
689.872803
543.993164
-99.119629
554.559570
762.879883
1484.142212
401.405273
803.206543
632.820312
-107.025818
-3609.397217
-8319.813477
-4941.522461
769.305176
1612.050293
1358.736816
451.429199
472.348145
650.139160
4888.565430
7670.348633
5866.807617
2741.302734
230.462891
581.859375
348.654785
669.274414
1534.960938
445.166382
1643.901855
2987.865234
1702.001465
-988.114502
121.890381
610.475464
84.899902
-1302.196045
-656.666016
86.509277
-423.319336
-27.337158
462.091797
253.841309
4075.882324
6282.744141
2096.421631
150.306274
196.959961
-788.244141
-156.763428
552.841064
1921.672852
1804.434570
210.857422
-60.258789
416.980957
1207.665283
1105.424316
867.284424
-299.847595
207.823242
1037.360352
1865.536133
1098.243164
124.193359
199.110596
-1394.532471
172.859375
357.690918
1139.378418
26.904053
-81.709961
245.853516
-557.105713
885.729004
1087.363281
782.199707
-177.681885
56.137207
-278.000732
-505.991211
-99.174316
1227.979980
1193.534790
203.320801
631.348633
2529.793945
1085.468262
-391.358398
-204.245117
-726.464355
45.362061
186.759277
-1297.416260
235.541504
687.828125
1100.709961
308.296387
644.505371
-956.155273
-45.489258
495.115723
686.867188
1094.018555
-862.502930
-1783.531738
-3882.303955
-4088.774414
-479.091309
1472.719360
419.210938
127.690430
-397.715210
-266.089478
17.761108
-665.801270
-613.523438
-368.711182
742.523438
92.081055
-73.584473
1044.836426
1791.036377
92.512482
78.244476
-334.997559
-785.276855
2393.094971
1433.403564
-290.679199
73.453857
-452.405762
716.514648
324.830078
-805.949463
225.400879
-1512.906250
46.221565
1156.934570
682.982910
612.808838
988.590820
-174.867065
-659.979980
1410.860596
983.142151
100.407715
631.649902
189.676758
549.084717
-1415.157593
942.412598
4472.348145
5090.658691
2511.245605
457.455078
-380.103516
147.708984
935.919922
1749.700195
1798.954102
-807.655273
-127.943848
961.662842
1411.920532
764.125000
216.836060
140.475464
197.568848
-228.595215
-415.572266
-193.752930
60.358887
378.530762
945.642578
1176.232910
496.357910
2294.186035
2435.775879
777.152344
446.010315
-789.776733
-1663.701172
765.020508
880.594238
-209.250732
831.055176
1187.317261
1405.059814
-341.357666
806.118652
3260.107666
610.929688
-591.857788
513.402466
-1001.864258
435.482910
210.020264
397.370850
1047.152100
-105.578979
783.097168
-42.439453
-1181.335449
-886.593506
119.546875
2775.211914
-338.910156
-731.509766
-384.765869
483.686279
-494.173187
-589.318787
805.853760
243.100586
1061.144043
3754.766602
1378.556152
-560.579834
-2195.486328
-6903.713867
-5371.660645
305.087524
625.787231
-780.777832
691.179199
433.854004
-374.675293
869.934448
205.242676
-766.408447
1079.675781
1450.724609
-24.263672
-644.353516
-430.111572
251.475464
1218.954102
1080.274658
461.142151
-1691.870117
-779.040039
1343.398438
1730.345215
247.297363
-441.347778
903.317261
122.521729
-1189.727783
-1396.363525
-313.486572
431.009766
415.026855
120.525574
644.194092
1308.922852
-500.178223
374.309570
871.485840
2352.852783
2320.979248
331.955322
-642.341064
-5.090332
604.466309
923.736572
513.043701
245.221191
-452.051270
-672.536865
220.489258
279.680664
366.720459
1523.367920
919.280273
-510.157593
-1437.302002
-1426.589722
-123.596191
434.199219
-3285.905518
-3681.348633
12.601685
448.893555
-832.148438
-2141.354004
-1575.111572
235.436035
634.915527
1974.740967
816.880859
-458.044434
548.772949
124.947754
-209.066650
1111.794922
300.488770
-809.989746
880.037598
1069.800781
747.593750
766.703613
-141.607910
-455.007751
319.620117
700.245850
895.618042
796.912354
-569.939453
-359.935547
-431.395508
545.675049
-597.509033
-933.919434
-526.582764
-459.370605
496.589355
207.772705
1087.810913
4756.886719
2289.351807
-704.819092
-437.176270
-487.369141
-24.056641
739.669922
195.360352
670.276367
727.588379
301.998047
-864.598389
-1547.018188
-1260.625488
-1562.938721
-888.731934
-1193.106445
-615.058594
-807.353027
-1992.490234
-1363.023804
1362.452637
1778.975098
-133.878906
-862.421875
-995.086670
1781.807129
-346.783203
-271.649658
60.343628
-209.782227
-453.524536
310.639160
-231.532227
-465.284180
-4.087280
-582.522949
776.245605
1036.251953
-1911.504883
659.842773
107.463135
21.468262
2329.261719
1251.742188
-893.589661
1788.546387
2337.948242
2054.625488
2871.426758
2866.906250
1773.837891
-1227.740234
-624.607910
829.939209
-517.164551
-174.946533
788.808105
966.037598
-229.986816
-1545.750610
520.281616
-145.765137
445.391113
1690.718750
790.053711
-360.002197
1201.982422
175.445801
-588.592041
-1591.103027
-61.338135
1186.511475
1063.857788
189.889572
303.097168
3632.176758
4382.245117
1936.546387
1010.329102
441.943237
1610.041260
160.271484
253.989258
1394.357788
-3614.266602
-2895.639404
-155.135254
3935.096680
5768.663574
5184.042480
153.711914
-1242.859985
-2334.933105
-758.564453
903.086914
-1423.199219
510.459473
1520.429688
3594.942383
834.920898
756.951172
-1161.560913
463.761963
1167.448975
732.578979
121.391296
192.924683
474.444092
-467.340332
-223.916748
-2541.081543
-5922.585938
-2395.583008
519.976074
-1696.186035
326.458740
1208.652588
-23.156250
2822.002930
2472.786377
307.475464
-991.966797
-371.832031
-35.145508
454.874512
594.491455
-1827.851074
-4587.937500
-1439.811279
1426.328125
-1275.394897
816.808105
1197.384644
190.989258
1119.656250
346.546875
-1082.988281
-3578.989258
-1430.812744
2041.449341
273.875000
-22.816772
643.540771
82.463135
-834.524536
224.665527
897.738770
-151.400635
331.219482
-384.708008
-695.326660
79.314453
-27.576904
1817.437988
1446.003784
-215.958740
757.092773
120.095703
19.141602
2066.279297
1151.823120
182.589844
-1891.575684
-3183.395020
-344.764404
585.784790
408.221802
-144.699707
-130.742188
352.179932
-39.704590
-1308.502441
432.522949
68.493652
-2186.022461
-3507.046875
-462.851074
1031.237793
35.980957
916.278076
-2570.981201
-2578.708252
24.117920
-707.498047
-1151.527344
236.099121
520.383301
-375.621979
-924.408447
-922.866333
-577.242676
-54.901855
-680.158630
1073.942749
2953.055420
1154.166504
-484.039673
324.077393
3244.317139
4622.277832
2037.889893
-433.313202
-633.343384
1365.000488
3873.075195
1656.617188
153.081055
165.550903
813.501465
-54.612305
129.868652
526.786987
-787.411987
-1421.756836
453.923096
348.464844
-418.505371
371.312500
-260.138428
203.231201
1084.492676
882.254395
342.420898
-1435.394897
98.315430
856.637207
-231.567871
373.103516
609.759766
-1445.362305
380.010742
-297.941895
-936.344727
-427.043945
-902.116211
-2132.880859
410.958618
174.426880
-784.906006
-594.823730
-199.021240
709.189209
656.937988
-1370.383789
1355.031738
1444.747559
95.916504
-1149.912354
-1367.448975
-1190.633545
-929.989014
-695.571411
671.650391
437.264160
-422.217285
215.296387
1044.151611
764.214539
-550.008301
-599.237305
-462.259766
-2073.719238
-939.762207
369.877197
-499.883301
665.344543
-1561.970459
-3409.543945
-60.024414
433.433594
1157.705811
1367.142700
-376.032227
-682.097656
527.153809
512.786621
-561.666016
-779.706665
-187.828613
480.096680
1501.163086
751.503662
-824.783325
198.035645
134.916016
28.379150
110.774902
433.106201
-361.434814
-1156.600586
366.115479
171.840698
-1011.340698
-786.760010
348.646484
283.204102
-265.643921
-1966.870850
-2388.803711
-550.686951
1140.770996
454.373291
-729.337402
-623.140015
138.734009
-959.009521
-2494.949951
26.983734
820.825439
-491.384033
529.331543
355.251465
-1038.892456
-1049.909180
-1491.629028
-1733.929321
-247.410400
1201.075317
-213.129395
-409.061523
-424.538818
-452.785156
-517.496094
515.111816
-220.522949
550.662598
688.095093
-173.877441
0.630371
821.092773
199.243378
-878.712891
333.640137
405.887329
-1342.575317
-1061.549072
-29.793335
4703.874512
5342.211426
-345.988281
-222.444092
621.526123
-1715.675293
22.929688
29.193359
-1141.958252
547.324341
1487.718750
1069.285156
800.486328
-2477.311768
-204.638672
34.597656
376.297363
850.514160
-107.905029
806.687256
1296.326416
1216.148315
557.894409
-591.649170
-845.070068
-315.093994
11.607178
-14.424561
63.336304
54.842773
1829.054199
2298.187988
-719.684204
-953.049805
17.839844
172.609375
2572.322998
1010.809326
-1266.901611
309.687500
869.069824
329.295898
1682.781250
232.444336
-335.717957
-863.985596
-132.245850
299.085693
-581.620361
795.432373
595.728271
56.975586
345.155762
553.280762
498.575134
-156.989014
-623.018799
-299.638306
-554.905762
-93.525391
290.000000
-338.745361
-50.712402
265.650391
234.227051
393.226318
640.283630
942.151855
1672.864502
577.002197
-580.158691
-1086.683350
-936.398682
888.178711
177.876465
-610.168274
-1283.945312
266.650146
1328.051758
783.666504
-227.288086
-624.894653
1425.413086
-956.709961
417.812500
-754.777954
-883.650391
682.095947
79.233521
-209.110596
-242.179688
0.113770
235.970825
208.353882
726.158203
-743.179077
-423.866211
485.599609
-461.775085
265.028320
-292.620117
154.390625
719.198975
-831.497070
-1081.093018
435.011963
-682.334106
-1322.474121
374.183105
225.745117
-487.050659
-635.973877
-372.649536
-135.274170
-1198.563232
-1426.103638
173.432373
155.162109
187.985840
-203.807373
-1119.333984
-1351.810059
-524.717529
-345.718750
715.276367
1116.409180
1199.913574
2199.565430
449.558105
169.070801
1706.712891
595.081055
246.683105
996.748779
1524.186035
1192.925537
935.400391
2932.047852
2002.522461
598.300415
2155.476562
856.373962
614.913818
2243.601074
690.676697
-682.997559
418.259766
1496.766602
76.937012
127.006378
-52.377441
519.248047
21.635345
539.197998
558.421448
-1048.546143
-1110.940674
-201.356934
119.293945
1774.588867
1612.586914
258.902832
-552.344727
2120.907227
107.862305
-7.974487
1054.520508
1283.252930
-491.980957
-930.531738
-2064.029785
-3024.863281
-3005.630371
-1448.031250
-118.000977
692.911499
152.918945
233.575684
-540.879883
-202.971664
963.180908
716.211182
-176.396729
-103.932861
-1107.380493
-35.170654
493.012695
-72.555176
-793.101074
301.485352
-1005.308594
532.475464
1532.411133
1546.911133
-3983.579346
-2569.198242
710.852539
1112.916138
509.541016
268.994629
1266.129395
359.674072
380.866211
2099.466309
437.964600
-1454.522827
388.889282
941.072754
36.602722
-465.965820
-2159.395508
-4010.793457
-3337.390625
-2411.430176
-347.390930
1854.004883
773.139648
1295.029297
85.480530
-1570.866699
-997.906738
-1470.972168
14.059082
448.239258
799.555908
-383.904175
-536.186646
-1568.545776
-1619.175293
-558.816528
484.099182
-130.263062
613.127930
4610.941406
4293.745117
1088.944824
281.510986
1041.776367
550.740967
730.514282
676.691406
-1068.494385
-1635.158813
-717.374023
212.900391
262.049316
-659.583557
-606.425293
-120.833984
314.537872
418.942383
459.337891
552.545410
423.094971
-1238.925049
-438.670654
147.159180
577.043457
905.247620
163.742676
-293.437988
686.831787
310.214844
-116.306641
1575.226562
44.349182
-1327.281982
129.068359
1249.618164
911.995605
1203.380859
553.332031
-1191.747681
-1113.647949
258.259277
716.000000
-130.049988
-167.855957
-354.705078
-283.964844
270.168457
505.451904
-108.608521
-791.109375
-1107.397461
-839.548584
-110.810791
-552.343018
-521.764893
-323.975403
-955.475525
-783.858398
-648.938232
-593.942383
-215.401855
-169.883057
1319.716431
2984.933594
1666.786621
-129.624512
368.629883
915.630737
915.453491
210.443604
-294.337891
-199.340820
-805.433777
-900.415527
-525.784424
446.619751
320.800537
-2281.889893
-1839.171875
224.575195
-1534.741211
-604.461426
442.117188
-483.354980
-707.586914
-870.078125
-2390.534668
-1403.803711
-94.192017
1248.369141
798.771973
376.084961
335.169434
-908.874207
-970.304199
530.703125
-340.135254
-57.260742
978.822510
1059.573730
-93.946777
-18.138184
1068.711914
-308.905273
-5120.917969
-4758.184082
-4728.945801
-943.608398
567.658447
1648.694336
1868.427979
-459.088623
-464.263184
902.583008
-1473.790039
-425.700684
1086.238525
-419.132385
-673.938965
-134.071289
-1298.687012
1108.537109
71.447754
364.048218
2975.426270
2073.142090
-1683.629517
-421.818970
-520.294678
433.797974
18.329407
-1337.087646
961.377991
3641.694092
2824.083984
1408.739258
-1215.122437
834.819092
533.665588
-692.809814
954.750000
285.508057
-498.668091
-1397.059082
-429.540283
1364.991943
200.075562
-717.800293
1271.691406
1056.847900
-213.707764
-787.523926
-788.938965
-825.714966
-731.657715
-394.412109
-649.780518
574.031006
-1069.178955
-3415.161133
-1858.687500
-533.868164
117.962891
9.120361
217.847656
2454.359375
501.582031
-334.820801
971.259766
-1854.490234
-630.862793
-1788.986938
-268.766113
1106.858765
617.833496
4877.600586
6317.854492
1943.777344
475.151123
-1415.725586
-2591.197266
275.970459
1535.360352
1116.586914
6006.669922
4116.789062
1216.195679
65.698730
-2837.908447
-1459.625244
-416.558105
-858.622070
-21.940186
-401.956055
-919.690430
640.977783
-145.069824
1052.672852
-1882.497070
-1953.786133
-805.325684
-73.649765
-1292.765625
-3088.515625
-1683.640625
-128.027344
3363.105957
64.424805
-14.100586
-436.878906
1809.051636
1080.116577
2543.096191
888.445312
-705.516113
-1091.889526
-754.991211
-710.814453
-79.930176
760.056641
1561.257812
2112.169922
1846.289062
597.285889
79.525391
194.342773
437.049316
1314.998291
1059.399414
-44.857819
9.535187
-652.942627
485.117188
791.273438
536.291748
2032.152344
1083.841309
1574.350342
-319.797363
-1527.834473
-787.524536
2416.401611
293.859375
-143.806000
455.426270
-575.841675
-811.201904
-46.036621
169.142166
-872.681152
-2083.832031
324.346680
718.745361
290.775391
-346.227539
371.166992
-1531.205566
-980.478271
-538.555664
253.074219
392.461670
212.345703
-2157.606445
-1213.264648
431.607178
630.841980
-255.613159
-3122.110352
-4788.433105
-669.450684
365.001465
-435.962402
257.018555
-769.662842
879.583374
599.558594
-1381.680054
-1627.583496
-379.289429
-628.202881
-24.885742
1897.892578
4705.349609
569.710449
-1416.993164
-354.208008
-374.512543
1076.062988
130.736816
-877.617371
-1309.133545
195.472168
458.593750
568.586914
-230.701538
-1174.000244
-2233.379883
-1198.409180
439.346680
2749.003906
1649.423096
-1636.938477
-871.998047
1441.528809
1330.798828
380.795898
136.124512
500.581787
350.741699
58.925049
4565.065430
8285.475586
6780.353516
5303.142090
1054.591309
-199.395020
-2224.903809
-4943.638672
-2443.446777
486.882812
-103.086426
1220.924438
-979.193848
-1213.079346
1559.281250
863.187256
778.112793
1384.934082
916.032715
865.096680
-16.397949
-891.289062
253.124451
1213.915161
1463.257812
602.145996
332.309570
-296.307617
-1027.745117
147.911621
-697.083252
-222.770508
500.862305
-3387.894531
-4511.409180
-539.359375
1483.439209
1654.759766
-1354.533447
-3721.327637
-788.741028
393.102051
-824.169434
-168.297516
1192.697754
666.259399
-394.632812
-461.384766
131.753418
-37.368164
405.512085
-8.661133
274.586426
803.379395
-753.011292
-546.702881
907.238525
550.282227
119.921997
-973.185303
-748.766602
205.177490
-881.195190
-479.422852
860.204590
-176.528809
-878.936707
-202.958008
359.909180
-447.463623
-1628.311523
-200.779785
111.836060
664.824219
973.975098
-327.381592
-598.760742
18.703003
287.457520
-308.309570
-1408.769165
-14.202637
-5.914062
1174.485840
912.651733
1108.938232
833.397278
-266.055908
-354.332520
16.901367
-529.666504
-217.234863
-275.000977
-1274.422363
-814.194214
758.323120
-250.092285
-1652.137695
106.787598
131.901672
-1138.418457
-74.433228
139.846680
-715.788574
330.012695
26.232910
868.435547
-691.114746
-1277.697266
-925.168945
2633.937012
1050.096924
635.101196
-89.983887
-368.458008
440.945312
-1289.777710
-1010.340820
1081.513184
-70.835693
314.844727
1533.866699
283.548828
-427.601074
-1148.541504
658.662720
1299.636475
-1445.247070
-1363.813477
783.594360
1193.112793
1099.195312
2435.208252
2245.905762
2405.105469
376.808960
-338.975098
1605.712891
438.217773
-603.956543
1997.565430
284.261719
-910.621094
760.642578
-136.020508
435.972900
507.288086
1582.450195
-532.073242
70.896484
1928.335938
1248.516113
562.312988
-620.745117
-264.732666
-2247.221680
-2076.846680
1649.697632
-19.376465
-714.902832
-1594.813965
-1136.397461
428.584961
241.356445
164.768555
828.371582
-1051.903076
154.832520
134.972565
107.752930
548.762695
445.037598
662.732422
68.463379
-819.032959
-618.350586
753.840088
335.135742
679.168457
-20.401367
-101.623047
1410.383789
964.129883
1510.948486
1034.419189
1101.208984
85.802734
-1928.265869
-279.110840
374.666504
-672.974854
1010.969421
880.423401
-1591.897217
-2063.041260
-1623.937500
-2279.074219
710.712891
-211.310547
-794.975342
122.176025
671.985718
386.587524
242.303223
704.375000
-2408.127930
-1169.847168
-483.129883
514.066162
149.377930
-507.995117
-39.857819
-1748.922119
-776.404785
576.915527
-188.727539
177.879395
-953.044922
-16.411621
397.800293
661.685547
-261.441162
-1175.499023
-494.852295
-405.141846
-1164.857788
378.000732
1072.099609
901.123047
498.758789
84.145996
428.227539
-1778.403809
-3258.227783
93.920166
499.258057
-1198.466064
-453.044434
374.461060
812.979553
509.612000
929.475464
1300.458618
181.997192
950.651489
522.222351
-1617.463135
-2245.808105
-186.775513
1126.502563
-701.905212
-1503.539551
-328.456543
21.368164
507.230713
1364.721191
1154.170654
320.841309
-31.233887
1068.166748
694.755127
-273.064453
-621.052734
-779.875244
540.404297
2027.202393
114.042725
877.724609
2841.756836
1263.790039
1155.548340
-482.854614
-1219.151855
-92.352783
1478.124512
443.723389
1037.225342
450.870117
2280.280273
1397.293945
-312.377441
-11.858154
-1257.033203
-1776.724609
-956.975830
260.335571
300.366577
359.490356
576.006714
-1204.422119
-664.246338
435.539551
-2207.923584
-2829.224609
330.651611
3115.991211
739.273438
112.177734
1364.177246
617.829590
-268.972290
444.079590
2352.016602
-564.334961
-3494.099121
-684.331055
109.500366
2137.142090
5043.245117
2267.530762
-776.139160
-5117.970215
-297.803711
-2073.183594
-626.005371
2438.010498
1869.890381
-365.561279
614.096680
326.306885
4043.380615
7468.342773
1077.981812
-1551.270020
-2074.857910
-2244.798828
660.614746
410.294189
-26.962158
-185.455566
-596.391541
766.367188
-440.093750
729.485352
792.997559
2578.070312
1392.537109
1783.211914
1877.031006
528.655762
157.252441
-1586.749023
-2104.077148
-905.240479
-138.868408
2141.637695
-433.857849
3128.797852
-613.683105
-896.157715
-2815.670654
-2517.916016
-525.900635
-34.113525
391.177979
702.082520
923.274170
702.496582
676.839844
543.815491
562.484375
385.277832
-44.309814
-1301.835449
-799.026367
206.007050
363.266846
-205.564331
-458.392578
-1758.357422
133.651367
-378.728516
-351.080566
508.550781
585.294922
557.757935
204.223022
-713.642944
86.256714
2073.886230
1229.700195
-355.162598
-367.569824
-1365.398438
-1847.242188
773.170044
578.831787
-2523.156250
-6878.049805
-4302.908203
45.956467
867.997314
2837.951172
2425.580078
-644.346680
486.588867
783.520996
-306.879761
-1218.195190
-197.225342
536.565918
347.332520
-231.554932
-380.201416
-328.094116
249.808838
-4.085449
-277.613770
-172.067627
285.244873
48.333130
414.464233
-166.883484
-1610.118164
-1069.322510
-242.191162
-2061.001465
-1867.859375
-1521.827637
-847.042969
887.666504
896.185547
-93.820801
1000.091492
2428.380615
-223.342163
-807.560547
410.263184
-767.188477
1179.015625
2440.874756
-250.433838
-1191.333740
780.016602
1865.701172
2118.357422
378.643799
1483.749023
232.125000
-1685.102539
736.497986
2840.530762
704.429199
-990.168335
1007.301147
2.903076
1154.868652
2714.059570
516.203125
660.968140
387.665771
-44.994141
2752.022949
1778.325195
-949.343262
68.988037
-1305.161133
-647.687988
928.638550
17.359619
521.672363
-1255.632324
395.928223
-90.228027
-265.619141
336.939209
-1026.626465
-766.795410
-85.287109
252.755371
-148.053223
-429.869629
-597.512146
298.142151
-213.857834
1652.770264
2072.903564
-187.147705
-536.634521
-3622.606934
-181.299927
966.501465
318.452148
4091.128906
4959.142578
4361.923828
3514.338623
1266.610352
69.318359
465.286072
962.318359
567.415039
887.903320
670.062744
383.616699
54.422363
-478.414551
-1145.750000
-847.491943
129.119629
406.065918
218.805176
-72.613281
-351.041992
-1137.065308
-828.202637
1569.740234
1872.755371
895.257812
-1095.027954
-477.246582
-241.079529
-2521.024658
-203.145264
598.495361
172.990479
-184.676514
-438.472412
-637.609375
151.049805
1324.724609
599.155273
480.737305
246.852051
1828.505249
1995.233398
-927.353760
-837.902100
-532.093750
-377.371094
660.525391
1197.722168
748.300537
443.965332
-146.800293
-446.117218
645.399902
-1085.934082
-874.438477
314.307373
1226.265625
1266.120239
346.386230
-1802.291748
-2267.882324
-876.115234
1418.741211
875.347168
1008.735107
1969.617432
529.947754
-137.005859
428.933105
256.841309
-206.406494
-404.176758
464.077148
1049.594727
316.549072
-1891.752930
-3193.472168
354.158691
1634.542480
138.518311
-1043.572754
-1166.294922
-360.536621
-294.856445
1244.340820
163.743164
-1526.128662
-1156.813965
1326.193848
3493.057617
1881.986816
90.054688
-1936.579590
-2475.933594
108.699951
265.738525
864.597168
-37.840820
-2953.550781
-2758.797607
-272.699829
-14.900024
-1384.817139
-440.323730
-209.490234
-440.523926
-486.115723
-393.576660
274.838867
-180.315430
-818.177734
378.300293
935.351074
1807.566650
814.629639
934.892090
4930.914062
2593.777344
-694.520813
-200.124512
177.377930
1167.989258
1274.698486
-437.021484
-865.856201
-4151.041016
-2188.768311
948.230469
-697.202148
-340.506409
1279.473877
150.440186
-47.112911
-483.675293
-215.287109
-242.881927
-939.383301
-2155.875488
-257.483887
-910.571533
-290.925293
797.915039
-2791.125977
-1852.815918
508.843750
91.082764
1200.489624
1362.687744
-564.731689
1098.453003
918.565308
-1302.816772
22.562256
1130.434570
893.817871
121.686035
5.602051
1259.773682
1101.501709
39.847656
3.096680
621.914062
739.057617
1048.772949
1408.358887
1167.748535
-859.761719
-1658.397705
1147.753906
1248.527344
363.896484
-348.498047
-240.242798
-1815.796875
-881.861816
43.790039
1147.088379
462.336426
354.319336
1192.076172
1436.883911
1771.931641
827.595459
2.827393
1799.213379
1608.106934
-1180.817017
728.672363
904.659180
443.950928
628.663330
-519.395142
-504.046631
354.628662
804.317627
-47.968750
-920.597900
421.065674
-71.317383
-531.473633
258.520264
-31.091797
1411.724609
258.494141
-480.332520
355.203125
-126.499023
1047.578125
-865.096924
-2436.662842
-85.767075
460.305786
-101.720459
642.240723
179.042480
150.897217
-890.184082
-350.500610
383.918457
171.552734
278.502197
-759.977173
-730.120361
-772.324707
603.284180
-352.153564
556.818359
2163.673828
250.688965
51.954620
864.851074
-1808.474609
-1280.507324
-223.830566
-3831.508301
-3953.076172
-4469.790527
-1683.567383
729.413635
484.446289
19.447754
159.170532
185.859497
412.951111
-80.811279
123.208740
469.609497
248.180664
-1237.187012
-1022.735107
-219.347656
958.000000
108.089355
-152.624268
320.616058
-719.244873
-884.733154
-569.016113
-102.084961
818.584961
-308.333618
35.160645
1554.820801
-121.510742
-781.154053
621.930298
-865.045654
-1340.785522
911.720215
1232.467773
178.927246
657.307617
1060.695312
2170.106934
3726.748779
2250.812012
1244.633301
-239.330078
-67.524963
1075.301758
841.268555
1165.073364
-6.430176
3110.134766
2993.951660
-49.399780
-854.585938
-1606.880859
-6129.941406
-4340.020996
-1838.500488
-217.719238
-560.554443
726.548828
1996.138794
1588.107910
3394.684570
999.800781
775.068848
-463.361542
-1651.560547
579.165955
95.092529
531.722595
-37.301270
-1979.675781
-348.014648
332.161133
-985.695068
-828.074707
886.246094
55.056030
1832.870361
1653.452637
1132.692383
2191.531250
189.441406
-1615.341187
-440.795410
-631.957153
229.795837
1119.502441
529.940186
3135.606934
2839.943359
649.750000
-232.748779
-1332.131348
-251.250000
448.652344
-241.082031
126.959961
-1000.050293
-3217.545898
-1176.464111
-2023.411377
-830.524475
-11.144287
-1242.524536
-2789.843750
-2254.040039
-1823.191406
-1141.247070
-1884.458130
-966.994141
198.996094
2830.154297
773.634766
-1298.696533
-878.177490
207.421265
-176.435059
1019.163574
1353.406250
2183.441406
2642.513672
1198.274902
-1063.225342
429.451172
-296.528320
449.373901
514.347900
419.313477
1152.531250
-195.043823
1450.319824
2289.739258
2318.035156
2641.100830
-730.608154
-587.140381
-2562.592285
-2413.390137
896.122070
-1040.024658
-273.241211
129.631836
885.096191
1461.720459
-88.154785
1901.165039
2790.768799
463.253906
612.564209
1966.082153
483.322021
-792.039551
-2602.735840
332.953613
484.558105
-1328.552246
1267.399780
272.583984
800.125000
596.584106
463.148193
625.721191
176.274414
-1593.820312
-970.044189
624.954590
-1002.937012
167.094727
-135.618652
266.282227
-2224.262695
-173.717773
547.949219
-514.764526
-2979.338379
-831.663818
802.328613
-1050.517090
363.589355
-2674.412109
-4333.506348
277.569336
641.281250
1151.568359
2259.187988
-76.612061
243.751831
-562.559082
509.766113
539.425293
-14.588989
-161.751953
-91.532227
-94.157227
-335.191620
-314.750061
889.484375
56.816895
306.439697
1318.475464
-646.304199
-496.396484
-1313.589600
-1325.124878
-273.462402
1032.634766
-8.887207
1160.053467
3582.631348
4173.233887
2521.169922
1255.142212
1758.598633
2824.713867
2535.642090
241.411621
-601.939453
509.231323
1181.021484
858.154053
268.830078
-2045.586426
26.166992
397.124023
-585.236328
224.313965
-484.652832
-241.640045
823.614746
506.403320
-218.327148
1213.620117
1790.406250
695.643555
845.724121
-125.659180
-243.437500
-586.954102
-2650.299805
-1295.866211
923.417969
789.734863
571.338379
2609.582520
2945.801758
-376.596191
-745.096191
105.534180
-819.153748
-487.106445
-855.621094
-813.615234
396.700195
-109.035645
710.952637
347.378662
-1196.900757
745.615234
1159.814941
-91.136475
-332.178955
-125.397217
-658.178711
73.643799
730.470703
64.378662
-4588.926758
-6815.458496
-4323.647461
-316.112305
963.117188
693.596680
248.298096
339.654785
-856.368652
14.012451
-382.005859
-706.729980
1643.085205
224.896484
-537.301697
-836.007324
226.890137
577.028564
505.816040
568.936523
-429.934570
4401.979980
8035.256348
4324.734375
1029.565430
431.490021
-139.282715
-680.989502
-1443.024658
-332.504761
-598.460938
-1186.814453
-658.975586
-772.440918
-210.993652
600.988281
-1358.365234
-3238.568359
-820.629883
-928.941284
271.858582
1321.603027
-107.676270
-1630.324341
-963.629395
810.416992
2448.500977
672.964600
-896.906189
28.626465
937.489746
600.384399
-760.575134
-842.308594
-260.308105
194.689453
1502.674316
1775.562988
728.403320
1288.118164
1261.555176
1221.906006
983.236816
-132.604492
-325.114258
-49.565186
1422.124146
1118.063477
1100.984253
1050.030029
571.175537
-455.116211
10.338867
2272.618164
-951.086426
-259.455811
1622.241211
-126.130371
1027.767822
1671.176270
-617.868652
-2294.904785
-3752.083984
-2459.352539
523.371582
-148.633789
-893.958496
-1110.504150
-439.583984
1002.348633
538.841797
-514.308594
-2529.454102
-2867.392090
-2498.061523
125.628906
795.371643
-55.664062
-722.601074
153.104858
-281.415039
229.673340
737.654785
1099.137695
1212.713867
819.373291
65.020020
-368.139648
1365.802734
1042.132812
571.494141
410.142181
1110.035278
494.837891
2790.582031
1067.468750
-1069.406494
126.498047
818.627930
-45.198486
2284.083984
357.685059
-35.706055
114.478760
1003.920410
1782.014648
1469.399902
-1789.062012
-668.251953
-622.711914
-569.459961
789.094238
-700.206055
570.749878
476.527771
-1284.579102
295.193970
460.271973
-166.758057
1123.164673
-18.584961
-939.963867
-327.107422
1334.586426
49.837158
-1330.540283
-2381.064453
-102.872314
1356.356079
1192.038696
1576.426270
2103.605957
929.752686
172.963379
218.416992
1236.366089
1491.443359
239.084961
-1597.036133
109.580078
-1528.768066
-339.586426
-1261.869141
-709.479492
417.857178
-552.955933
-2282.337402
-248.348145
1053.196777
-2546.751953
-1960.492676
716.207031
-858.028320
-433.816650
601.491821
589.522217
1229.468262
165.149170
-136.309204
-690.839111
-1806.225708
-424.241211
-78.687500
730.011963
-442.799866
249.341431
260.131958
1214.793457
103.016113
-149.423340
522.722656
1408.267700
1481.247559
330.547546
-371.012695
949.505859
1575.200195
1272.141113
915.436523
-512.256226
-1251.978027
-1136.679199
-1175.072266
-279.082031
1211.648438
261.266602
-135.778748
502.737305
-945.373047
518.864746
502.059998
-2.206055
-468.674805
-1452.678345
-1046.586426
-932.448364
-930.197876
-609.619507
803.310547
1064.731445
-812.296875
-261.875000
510.061523
-86.828499
417.442505
2596.631836
303.159180
-419.144531
-400.844727
-378.238281
-530.754150
-1788.033447
-1293.964844
349.889648
-172.327637
-846.190674
-946.916626
314.244385
-1592.321289
-470.296875
-2023.166016
-463.825684
-1081.534302
-771.863037
679.020996
-606.059326
-676.469360
-186.687088
605.775879
1174.024414
1697.990234
1967.099609
-36.226562
-804.245117
-392.431152
-209.401611
-556.857422
516.112305
44.819580
218.664062
324.651611
-358.606201
-990.694824
234.430969
656.593018
2343.981934
1240.459473
-655.522461
1881.594727
770.187988
325.869141
1020.009766
3313.701172
1708.772461
741.509766
56.088867
622.954834
662.653076
434.935059
-1193.494141
-200.737366
-723.075439
-962.272583
-329.035400
255.178711
1775.625610
1247.565918
185.364349
1456.446289
847.298828
-90.712891
361.847656
561.941162
-374.729492
1040.890625
2415.312500
-926.000488
-3606.354980
114.504837
1130.915894
306.345459
-773.527588
-882.652588
1235.659668
-392.895996
251.791504
134.557617
357.410645
-780.082520
-338.338806
-36.424194
2764.796143
1126.830200
-1430.391602
592.080933
2271.510010
-1012.729004
31.669922
1210.467285
244.935547
2201.637207
-58.025391
-245.097412
1303.475464
622.690674
-156.096924
-43.524536
-451.155273
-848.417969
626.049805
2790.907227
1532.151367
-404.140625
-1223.239258
806.869629
1360.403320
473.751953
-897.502441
-851.171387
-247.473633
789.762512
1383.142212
476.660828
-1182.665527
-510.051270
-237.920654
643.145020
1964.997681
112.336548
928.305664
-335.211914
-120.393555
-689.573242
-1008.308594
-662.305664
1235.833008
92.976074
192.588379
380.688477
-937.363281
-133.685059
600.997070
-1210.484375
-275.043945
263.560547
-1271.443359
762.821289
-546.777588
-2053.352783
-3055.173340
206.142166
-2067.243652
-905.961914
-524.666016
92.600586
-694.317383
-983.095947
10.672607
-420.235718
-337.520020
-704.824219
-906.524536
302.955078
3456.804688
1823.946289
14.312134
-963.761719
141.679749
-367.408691
-1344.372070
1024.101562
-1223.210327
462.390137
972.418945
-529.500061
-2063.439209
-695.263672
-898.775024
-1024.342651
-34.610352
2646.951172
1512.901855
197.539673
1039.417969
617.273438
3088.273438
2984.327148
2632.171875
1067.072632
1563.154297
887.310791
203.167191
273.467285
-669.202148
1101.772461
16.105469
0.362061
1017.466309
-1915.351807
-1042.609619
1023.354248
-838.964111
-403.764893
490.142151
-1437.335938
-2427.773438
-353.640503
780.645752
439.132812
2216.623047
1510.218262
-1092.819092
-621.965210
806.475464
927.293457
578.708008
566.805664
634.752686
680.755371
831.094482
878.647583
1272.305420
700.007324
-670.782593
276.272644
1324.672607
294.858154
-890.187988
-791.654785
-387.853271
906.779541
3091.525879
1197.348145
86.899658
549.223389
156.832520
-98.383301
228.689697
-883.979004
-2014.422852
-520.203613
846.405151
411.155151
-338.399902
-329.222412
73.025879
-317.897491
-438.245605
89.559570
-595.670410
-122.097412
252.406738
-1780.604980
-2597.905273
-2477.851562
-3326.141602
-1156.459473
717.163574
298.437012
-452.436523
174.473633
343.148193
742.784180
475.447754
-269.321289
-462.451294
1093.885010
678.539062
-218.558594
1002.849609
832.575073
-994.809570
-637.727539
38.726532
-278.281982
756.499512
-950.369141
-2443.959473
-81.322510
580.593262
129.845703
-553.776367
-611.991821
99.542725
-799.724854
-759.553955
506.242188
-1756.808594
932.882812
10.475464
152.050781
815.346191
298.452148
-32.436279
1000.250488
258.773926
454.718567
302.314941
1367.237305
709.382812
-92.648193
-132.652145
42.798340
-1208.743896
1020.633057
2829.295410
1868.892578
2801.118164
1091.133789
77.133301
663.027832
-228.141602
-2354.029297
-2670.028809
175.175415
-5.038574
956.380859
1321.899414
-69.699219
1055.284180
1144.004395
330.166016
-749.156250
-1211.873047
-1750.358398
-650.157715
-1058.060547
-796.731201
-1256.605957
-637.846191
-1068.894531
-599.547058
-667.871094
370.233398
50.828613
-451.838867
-234.026550
803.142151
-451.725098
855.555664
683.416992
-25.456543
1103.027344
-411.354980
-545.987793
571.166992
-888.879639
385.812744
-1118.720215
-2619.179688
-349.714355
2770.270508
2591.671875
-484.452271
-343.207520
1589.777100
-179.199951
76.670166
584.718567
503.433105
3225.571289
1196.660156
786.061035
-238.179688
-2313.334961
-1979.699219
2447.246094
2758.970703
775.393311
-690.312012
-1549.669434
-1721.149902
-278.714355
348.085449
-736.991211
404.095215
128.575806
-652.003296
-537.640076
-2263.021240
-376.937012
1574.946289
1496.597656
1811.646484
-558.397949
-2124.983887
-877.729004
-303.477295
154.612396
228.092407
350.041260
119.055664
-72.438965
1475.038940
-816.627930
-1174.062012
566.576172
-244.699219
257.991699
-881.177734
-178.488037
570.818420
822.756226
-497.552246
-1768.537109
-3287.394043
-2297.153076
-327.484863
440.824707
-1398.720215
-860.182129
22.876190
785.913574
209.293457
-605.542480
-1581.894775
-3073.759277
-717.529785
997.428589
902.654785
-437.345215
-1250.162109
79.580078
372.941071
4530.194824
7264.114258
4212.384766
338.092773
484.494629
507.237793
-117.141602
-304.126953
-825.906494
-331.193848
28.751709
677.977051
-172.815765
539.519043
2388.500977
789.802734
-1229.208740
-1114.075439
-544.076355
-865.843628
-966.260376
-15.878296
891.850708
758.418945
654.469238
1042.284912
426.134766
1251.245117
45.047363
1438.860840
3726.434570
4237.865723
1624.814697
26.939453
916.304688
399.487305
683.379883
1627.897461
714.562012
-176.853516
-354.927734
26.514160
289.962891
-592.743652
-895.521667
-727.243164
365.245483
31.643188
-845.700439
239.698608
0.573242
-138.839600
2835.848389
924.236023
-1202.523071
504.497803
1178.777344
1135.973877
-232.899414
821.693359
224.364258
1490.933594
1304.387451
-842.658386
-834.948730
326.803467
-398.622559
820.109375
2581.142090
1013.395508
-300.508301
276.377441
-13.587646
-181.444336
405.393555
-3833.184570
-4992.739258
-3957.598145
-716.871338
-301.475098
428.856445
1107.557617
-105.834961
37.465820
1143.293945
4854.334961
3347.926270
1131.667236
-835.054443
-893.083984
140.245117
475.109863
107.993408
84.831055
-45.297852
1614.234863
-71.247803
-2875.921387
-3540.734375
-17.649414
-214.707458
-1892.667725
-1156.769287
-1330.909668
-945.449585
1875.142212
1609.735962
32.579224
-100.962158
-2089.242676
-1438.711182
969.826416
798.295898
743.527100
1042.903320
687.900391
2779.791992
2888.394531
1255.298340
341.270630
1119.246582
329.171631
1054.767090
1318.994141
-569.271484
358.614014
1171.266846
443.095581
139.470673
-343.191895
919.459473
841.430176
152.836426
-388.647461
-107.385986
294.045166
-433.883118
-611.554443
883.669312
-27.909973
-1347.278076
319.943604
-246.124268
-1611.821045
1178.449585
3333.888184
4775.508789
3686.173096
-126.990112
-66.112427
-2262.609131
-3053.936523
231.598389
-43.400879
-38.225586
289.560547
-1309.851196
-2667.257812
-1299.693359
-335.325684
-307.412720
663.207764
1511.105713
-67.260254
293.294434
-654.398804
-1121.950684
333.452637
1198.808594
2177.237793
3031.668945
1885.364258
-736.817383
-134.568115
-2354.819336
-3138.004883
-1850.478516
-1696.638916
219.726562
-652.906982
-943.490173
-404.945251
-551.770447
-1242.977295
-745.455627
-771.458984
92.241211
377.571289
-125.581055
-1982.160645
-6407.774414
-6534.435059
-1069.472290
500.647949
1056.483643
574.409912
-994.839844
129.530762
-237.996094
150.636017
-124.120117
327.201172
183.895508
2287.715820
2784.753418
975.287109
32.951324
1132.569336
872.323975
-766.915771
395.599243
886.876709
-397.119141
-207.353760
412.743408
-2219.206543
-975.857849
-428.999542
-3033.633057
-1029.074219
2939.511719
2049.859863
1041.758057
530.110352
-1171.354492
-176.916992
-850.265808
-122.615723
-839.987305
-983.259766
298.771484
2777.132324
3933.887207
1923.473511
-256.085449
-846.021362
-539.966553
2699.862793
5451.000488
6116.685059
3737.776855
560.011719
-11.536987
766.851562
-217.613281
1161.258301
1492.715820
1377.615723
-269.828125
-347.910400
546.475464
-1326.003418
-1855.058838
941.925781
646.142151
-1923.009399
-662.809082
806.072998
559.792969
197.626465
-900.818665
-1547.904907
-1095.343750
-1486.088623
-1732.200439
-938.673828
-621.088379
69.795898
1119.627930
119.095703
-452.511108
129.165527
1272.897461
271.140625
-159.703613
1115.542969
-47.010254
157.006592
444.046875
-246.808105
1220.220215
606.049683
-640.645020
-777.935059
80.511230
257.306641
-3024.419678
-1999.045898
223.033203
-559.744141
384.191895
121.380859
529.878906
944.036133
211.736938
-602.255615
-30.329102
536.910278
959.121948
-221.915283
161.162292
2922.028809
1044.188477
-2300.966309
-2898.554199
236.751465
315.934570
-1304.736206
-20.033936
-162.085205
-813.842896
4182.693359
6067.488281
1648.104736
101.897949
56.462158
496.369629
492.483154
-40.558838
640.183594
132.187012
-135.243652
-585.874512
-299.364746
707.105957
-31.477051
-302.104736
407.943115
-1125.219849
-1102.367676
-583.779297
-741.728516
-243.739258
-132.581787
622.050293
1328.598511
1190.345703
1102.536133
1863.846680
210.357422
-907.199768
-254.663818
1352.997803
1218.625000
467.756836
1576.085938
1420.277832
-420.087402
590.801147
679.741333
-425.640137
1279.413086
340.473633
-116.101074
379.069336
249.174561
675.535400
136.284180
721.790039
1949.757812
-64.763916
103.515320
632.092773
-953.745117
-1171.920410
847.081421
2211.364014
1591.602417
1841.450684
1877.388672
2039.100586
1417.831055
424.520996
149.576660
519.789062
596.673401
-1117.081055
-680.699219
-1049.715820
-91.932617
-536.978271
-1074.927490
-728.811035
262.046387
485.194092
416.151764
612.262939
315.176758
-55.563477
-107.512695
49.646484
-685.508057
-134.802734
-775.564453
-1328.150391
-618.073242
-1105.318359
-281.686035
274.002930
-1416.629395
-276.431885
-392.649414
120.283325
1000.971191
761.956543
810.293457
897.739502
1726.102295
444.188965
-63.415771
1011.875000
124.666504
-720.978516
-126.246582
1403.320312
708.743164
3208.727783
2098.057617
73.619141
-588.681519
-1674.817139
-2054.000977
-324.720703
-1072.669922
-258.942383
-417.501953
9.650391
75.704834
-1684.626953
89.475586
1050.432617
-437.246124
546.667725
246.636719
268.730469
-106.186768
-370.755554
-526.363281
-296.340088
-909.604004
790.845215
2579.999512
879.187500
-1013.399170
607.338806
980.530762
-722.604492
-43.368652
610.475464
-71.412842
-232.259277
481.702148
-934.826660
-346.484863
-763.562988
-3762.794678
-3447.127197
-2468.227295
-1127.687256
-807.010498
-1081.321777
-561.319336
-1064.442871
-4556.546875
-2980.314453
-1215.698242
-1148.916992
97.848145
-619.199219
-50.964661
1126.006592
798.538635
845.267090
-2639.026367
-1086.225586
-1461.329590
-927.133240
-353.527832
-459.484863
-901.155762
-312.122070
-215.304062
782.934570
1915.426758
-937.109802
-1619.586792
1037.931641
738.021240
-275.318359
-110.532715
-1221.868896
255.766602
2206.100098
1900.917969
174.741333
-1028.293213
-968.156982
-480.857849
175.544678
393.517578
-344.756836
-1334.542480
-1247.599365
-682.484375
-243.165039
42.227570
341.525391
-1366.644531
71.765625
1896.421997
-1423.887939
-914.200073
854.170044
394.435303
778.328613
546.283691
-368.280518
-272.082520
225.962402
-559.397949
-2127.229492
-1300.685059
229.741699
483.904297
-356.352051
1425.809204
2367.287109
383.199219
577.974854
-2223.802490
-5740.969238
-2992.472656
-97.713623
834.308105
13.856934
-27.772827
981.530762
-1449.377930
-1019.133789
-127.656738
-376.031921
1196.647461
509.773926
-146.928223
548.353516
-996.077148
569.966431
1955.875244
1104.406250
763.846680
2039.603882
1050.543457
325.437988
1415.432617
1608.387695
502.620117
2098.038574
5603.383789
8161.882812
2091.081543
1490.665039
1284.815430
1731.551270
5046.139160
6335.015625
1769.494751
-191.259216
175.636444
-180.085693
1444.924805
1493.819092
36.677246
-352.670410
507.016602
224.142166
849.463989
833.048096
-1909.651367
-2846.620605
-29.344482
481.294678
1627.996582
2888.770508
557.460938
194.833008
954.363281
-208.421875
-1211.940918
-644.536133
-1115.821533
-792.170654
-357.968750
-1210.239258
-1219.144043
51.541382
414.259064
-535.141663
522.333618
1520.898682
346.185547
-644.433105
-1238.894531
-769.687012
-895.722656
519.731445
2638.072754
-194.687866
-858.251709
490.301758
261.400146
1040.206787
1270.745850
379.895020
-969.808228
-847.464478
1205.255859
1740.367676
938.011230
-662.343384
271.514648
913.475464
794.775391
-550.831909
-1223.948486
-799.168945
-10.078125
656.290527
-341.151367
-667.275391
-76.235596
56.328125
-37.615723
1797.282349
1359.145020
-138.826172
-586.175293
1162.360107
-224.572266
1367.213623
4143.058594
2814.750977
1942.480957
926.803711
45.283203
1272.889282
1174.527832
753.980469
172.828369
-1106.330811
-339.089600
-534.509277
-491.635742
905.879395
997.843628
892.475464
-83.072754
-1086.901367
388.788086
-252.612305
-1127.470215
-667.770020
-1311.877930
-891.017578
-1131.287109
1385.382812
-642.120850
752.376953
796.009766
512.846680
-1497.995605
637.091675
1252.975098
1472.701172
716.847656
-1085.097168
115.644196
1309.956787
948.618408
498.128662
-187.233994
-1410.602295
-738.028687
388.906769
465.323090
-26.120842
814.414551
-562.549561
-687.672119
1095.969849
-303.684570
-111.719727
-350.570557
-1118.692627
-820.845215
297.662109
982.869507
417.377075
2072.386719
3609.223633
392.670410
579.932373
1250.244873
-508.481445
-475.973145
-742.729736
121.948730
-32.078369
-333.665894
329.319580
-146.854980
-900.558899
-749.171387
-1685.104248
-632.935181
1001.148682
-469.954834
-312.697327
655.833252
-764.436035
-544.918457
-395.140869
-217.237122
1065.621582
1149.932617
437.013916
-282.509766
2521.464111
4613.515137
1329.694336
-365.964355
-432.092285
-196.064453
2753.015869
2520.072266
72.546753
-1205.355957
-1028.067627
414.513916
1946.010986
2636.486328
745.928711
-2264.840820
-1090.598633
-145.258789
790.953613
-58.551270
-78.889648
-418.650635
-690.996582
894.168213
521.513428
-732.459106
788.741821
535.183105
-1493.888306
-1703.066895
-710.808105
443.259766
-605.370117
-864.913452
362.083038
976.190613
1153.889404
-160.760498
-769.788818
-292.213989
-199.112793
130.407227
-226.620117
-1247.227783
-695.545166
-83.316406
249.571777
-57.969238
352.797363
1276.894287
708.956543
1226.891113
1181.526855
486.822510
-249.925293
-238.223633
-809.283081
-864.100586
-1003.131592
-2025.995361
-1142.386963
-306.521729
843.654053
-1077.046387
-2998.714355
-719.326172
1245.663818
-22.490723
1880.545410
-407.103516
-4233.828613
-2182.184814
522.591309
4254.062500
5994.849121
-1968.484375
-1407.988281
-1441.032959
-1207.056641
1544.279297
867.035645
-404.705322
-1092.079102
-712.859009
-659.478027
-4042.590820
-1998.953125
-1094.530762
1384.728516
3933.274414
1487.492065
-476.992188
690.724121
535.823730
-1333.041016
73.306641
-1037.971924
-788.429688
-206.662109
1198.836914
-316.568604
-396.357178
-803.347168
-1563.248047
1378.125488
1149.641113
104.030762
386.993408
373.156250
-924.224365
2073.645508
8145.514648
542.595703
-884.524536
-965.741455
-3134.773926
-1615.852783
472.528809
518.319336
-4.173462
1505.008301
-641.740234
-1800.226074
-3266.524414
-2406.854492
-506.918945
-181.457031
-1366.526245
-1056.847656
-399.645996
392.406738
-628.524536
1804.581787
1352.423096
-1217.110352
-474.301025
699.000244
289.557617
-271.934570
489.205078
-939.328369
-519.831055
702.533813
-95.047607
615.297363
164.215820
540.108032
962.475403
1351.398193
1138.996216
-374.348389
-465.335938
165.968750
879.131348
1057.233643
-1647.641113
-1708.352539
968.259521
-149.533691
791.616577
2759.518066
682.318359
-928.603027
-480.714844
202.034668
-657.443359
-658.933594
236.956055
81.251709
-437.680664
-1734.088867
-341.085449
668.707397
1023.020752
-102.948242
1646.208740
1620.642944
-708.578613
-667.359009
1704.697754
442.646973
65.988770
-220.995605
-597.069092
244.432129
1296.958984
130.841797
720.430664
365.030518
503.362610
1805.175781
641.834351
998.162598
279.179199
152.748047
3221.183838
1609.384277
31.981689
-382.160889
-1532.243652
-747.051270
626.798828
707.922363
1419.465820
160.490677
-1556.951416
-4218.508789
-5397.390137
-1983.578979
-362.673584
1068.228027
-113.807617
608.626953
684.016602
-847.774170
-485.447021
909.894226
-138.585571
-868.729492
-521.234009
-4452.012207
-2123.677734
922.420898
155.195801
1279.577881
86.894287
-174.161133
-368.583984
633.060547
1311.384766
403.039062
-1038.457031
1557.009766
-703.021606
-462.318359
-716.510742
-427.606445
652.829346
236.187500
1569.992676
-234.879974
-1228.938965
-1647.519531
-1035.767090
325.804443
953.044922
664.625488
60.946533
930.943359
2004.536133
1641.994629
960.001160
-177.384766
-877.582031
-620.396973
924.799316
1168.151978
270.223633
1244.549316
-456.386475
-192.469986
238.906250
-1271.433105
-475.924194
113.720337
193.097717
378.829071
-731.091309
-1147.163086
-889.210205
52.455566
317.106445
7.934082
1153.599609
-157.919922
299.065430
-1229.053711
-1387.242676
226.947418
-172.872955
943.014099
1282.273438
-925.043152
-12.652832
3450.936523
4482.404297
3254.937012
1171.696045
281.538818
1430.964844
2574.749023
2027.710815
1146.542480
-913.975586
-1550.304443
-317.669922
-437.221924
-762.906250
-2080.496094
-1026.007324
-2210.565430
-2044.399414
-386.756714
135.443359
-3024.697266
-1773.129883
941.992432
-1116.424805
-1517.210571
-1137.131836
-166.537598
780.887207
294.738281
465.982910
-61.420410
598.003906
829.542725
1534.313110
1621.738281
-526.772339
486.650574
18.520294
126.779297
734.184082
1605.237793
119.063599
-1578.011597
-880.588135
1199.864380
372.030273
631.978516
423.977295
14.421875
1280.174316
491.648438
449.684570
624.614258
456.565430
-1208.310059
-988.909668
1435.090332
512.700195
499.716919
-466.535889
-147.061768
-872.129639
-652.272705
-120.873474
-723.125977
-708.026367
-1201.449219
-2474.874023
1021.506348
1058.667969
943.325806
-990.667480
-623.449219
379.181152
-37.452148
795.730713
-271.104492
-1638.234863
-656.638916
426.895020
768.580322
1618.860596
564.544434
-942.050781
-364.727295
-899.479004
-2035.121582
-114.173096
822.521484
142.010254
1418.247314
934.588135
-1180.149902
67.219971
1416.019287
83.073975
-511.702148
-132.009277
413.241943
1321.779297
1040.212158
1220.480957
1055.023926
986.586426
-2.123047
-871.918396
289.142181
776.732056
-792.175049
-198.559143
1118.731201
226.131104
257.771973
-104.767639
-1435.994141
-555.942871
99.470703
-207.806152
446.186523
-157.096191
-276.253418
-127.162109
-1019.931641
143.423096
1831.265259
515.689941
-445.103516
48.006348
-203.469360
918.084595
791.027039
-565.039307
1241.875488
-85.669434
766.135010
1350.421753
1019.937134
769.250122
103.755371
-912.376221
434.531982
660.354492
-84.436157
-477.967041
-2787.551270
-1760.994385
316.944824
-109.996094
-313.507324
-150.650391
353.101562
1941.678711
1255.647949
298.327026
307.893921
828.539062
-573.773926
-193.018066
-165.989990
-618.179993
-158.935547
-797.395996
-245.796631
-108.749321
-484.788940
2179.851074
261.137207
782.263672
242.495361
-335.901611
560.461182
1140.614136
237.407837
203.772705
971.968750
-824.307129
-665.836426
1855.780273
2188.093750
-6.943237
413.650391
-685.841797
-616.576172
179.756348
1065.328613
1357.075439
271.710938
-103.310547
80.611816
124.647949
613.676025
-1938.265381
-797.832764
316.639771
-1041.153687
-726.721680
-752.857788
-266.311523
1117.466797
897.221924
-711.370605
-820.605469
761.850586
532.350952
-28.032959
853.574097
88.240234
181.128418
-1111.681641
169.547607
863.765015
379.925049
1133.779785
395.038818
-453.413391
899.503052
1154.127197
693.390564
1638.083496
3122.080078
2735.588867
906.624023
1066.502197
139.679688
-1244.878418
197.454346
826.808105
-1079.986816
-137.384033
376.897949
1424.826660
350.400391
1049.380371
-1508.622314
-1020.346680
-1302.091797
-285.190430
87.252930
-3379.763672
-2350.990234
-370.524536
1400.335205
339.274963
-718.730103
-397.745117
1994.212891
-352.473633
1360.956055
556.642456
-686.358154
215.053101
-1299.351562
-2109.602051
925.027832
-52.783813
55.461182
230.336426
888.564941
1828.692017
-513.922852
-612.201172
-371.320557
963.142151
927.485596
287.677246
3145.927490
4580.089844
1887.389648
-473.788086
-1764.176270
-6.208862
-438.214355
-795.559814
-751.821899
108.142166
1186.142212
-673.588623
-950.408936
-126.245117
-790.776855
-793.226074
100.747070
223.546143
850.447754
75.816895
-139.281738
166.217529
1152.617188
-602.416504
-1068.777832
-258.802734
-1103.906250
-71.165527
325.475464
741.405029
-726.144043
-1492.266724
873.019592
1339.299316
519.637695
200.942871
-1046.047852
898.285889
-580.208130
-168.631836
1194.949707
-382.706909
214.722168
-289.791016
-549.341064
-1325.676270
-356.186523
39.353027
1859.594238
1574.226440
-595.150879
-338.033203
-536.953613
190.182251
3374.754883
1284.428711
-947.660156
-2855.887207
-3046.321289
322.104980
184.110474
1168.271484
-1116.191895
1508.669434
1154.769653
-130.114624
-797.739258
-10.562744
-404.181885
-471.146484
1643.810547
-797.220215
528.251953
-1094.537842
-332.892578
-6.722656
-265.491699
-3290.925781
-3442.769043
-241.622803
-728.904297
-1343.824829
-163.329956
743.672485
1269.000732
660.374512
-820.891113
-3742.529785
-3195.325684
-1211.103516
852.120483
2242.976074
1379.903076
-1365.867310
-89.350098
-552.071289
-1491.098022
-931.257080
-999.548218
-788.564087
-669.208008
-1228.494141
-528.185425
1028.289551
624.094971
631.324219
2426.365234
2258.676025
431.018066
-404.125000
-308.818359
3055.626953
3104.109863
1076.994629
-90.766113
926.961548
-64.366699
58.749023
822.664551
1166.651855
786.965820
684.057129
570.199707
-736.668945
-30.820312
-203.974609
-230.134155
659.008789
853.496094
-517.781738
-1332.478516
1110.142212
5523.655273
5500.178223
3266.387695
1598.395508
408.143799
562.475464
1203.786499
328.785156
104.747070
-29.775879
-1461.427246
-515.447510
1034.938599
-790.074402
-76.869385
972.683838
39.322021
-374.074219
-646.894531
-2557.932617
-4628.488770
-1850.916016
1139.851562
923.053711
559.178345
298.811523
-293.611328
-1093.608887
-861.462891
635.013672
1271.467773
-229.220840
-1730.597168
-2213.947754
-782.061768
-2088.758301
-1928.981934
-1726.377197
-883.315002
600.108643
-456.484619
-1624.764160
-1293.995239
-236.282593
229.199219
1634.462402
1841.029785
197.848389
188.735107
891.534180
-197.703613
261.788940
-841.573242
-1100.383789
727.630798
589.219238
789.885254
617.320801
-357.742188
437.482422
-473.190918
-638.612793
-934.169434
932.092285
1365.906494
776.290283
1003.938843
818.954834
505.153320
38.979492
-423.796387
-647.533081
290.508179
0.684448
-590.088623
2547.046387
1674.718018
-299.691223
-621.894043
-2292.951660
-3481.041992
735.347656
969.296875
131.466797
296.254944
-850.486755
-1000.480225
-1337.473633
-685.938416
-712.411743
-4319.217285
-4285.580078
-1929.145996
-146.589111
0.254883
326.046875
1806.596924
267.739502
-632.409485
-364.399170
223.188477
-1078.168335
-1252.251709
247.853516
967.070801
58.591797
1915.508789
3228.876465
1990.605469
959.042969
1126.405273
919.694336
2911.798096
4109.702637
334.022949
-894.960938
282.935547
715.932129
231.915527
-704.945984
760.624023
752.423828
114.825195
485.851074
-1139.916260
499.265625
509.475464
-246.664062
1089.796387
210.843506
-690.899658
-2951.560059
-5277.617676
-694.878296
1072.591553
-9.476929
1253.856445
162.864746
-876.531494
-1174.716797
-1363.759033
-432.010742
-88.802734
-551.496094
-424.708496
382.242737
443.803467
-559.607910
-164.567383
-503.320312
144.612793
-138.165283
27.016602
-1023.620483
-199.472061
974.492676
498.307129
-266.592285
-506.596680
-1243.644531
-142.028320
413.597656
1993.582642
582.246948
-732.993164
33.699707
2766.175781
3159.028320
4935.905273
1080.930786
-722.084473
873.475464
-885.403931
-243.524536
768.915222
1091.217896
872.155273
671.727539
-260.779297
-487.104980
-1158.452148
-216.723145
1224.451416
-393.250793
-1017.119995
1275.703613
598.022949
559.397949
1973.123657
2709.651855
638.572754
-1004.772461
200.300537
1288.714844
1217.752930
-280.416504
-1011.633789
540.619141
1312.933594
2706.008789
4.648438
275.040527
819.977051
-173.206055
-1857.223633
-2054.157471
-460.273193
465.507812
-5040.233398
445.771240
-481.809814
-1528.826416
-965.519043
-1010.841309
-473.974609
-37.784180
-585.937500
-253.063477
-1171.129883
-500.167969
649.970947
0.624023
1100.079956
3934.265625
1345.226074
1226.951416
425.061768
-339.053711
-471.424805
859.911133
-36.052734
-545.535156
-86.730957
1054.490723
987.413086
555.453125
-226.055786
-230.245117
387.483643
1501.603516
-1739.379883
1497.328125
-8.861816
-2735.318604
-1657.773682
-471.226318
127.490723
239.652100
721.728760
-1349.729980
-1204.227051
-203.184570
-1205.154297
-225.618439
-235.899048
398.493469
756.062256
379.845459
1542.620972
1325.022461
-259.071533
-130.524536
672.477783
1511.508789
-72.097168
214.548340
-928.327881
265.497559
647.315430
361.348633
3409.285156
-1144.191650
239.579590
-151.214355
151.357422
737.619629
510.827026
610.184937
-696.603516
-2035.452881
-1251.857788
1902.551636
951.975830
248.081055
104.453613
-28.606934
572.549316
23.436523
1280.518555
958.128906
-466.731445
1146.063477
-422.418213
1728.338013
-1034.495361
433.858398
156.732422
-348.944336
-508.058472
-971.345825
-1749.434814
-169.983887
7.055664
98.172852
-441.360535
-1835.257812
-1574.489746
-422.424805
1735.490234
668.072266
406.752930
-1525.978027
304.743164
2268.164062
3930.590820
750.644531
-279.916992
-2029.016602
-4472.945312
-3708.763672
-989.205078
-1197.262085
120.348267
2279.905762
483.990967
478.239258
786.079102
763.115723
467.582031
-12.764648
242.554199
850.060181
231.731201
-207.521698
98.015137
423.886719
565.725098
-1756.827881
-1353.129761
-1704.524536
-1485.897705
-981.050903
-267.229309
62.176270
-922.524414
-2041.570312
-2236.841797
-1636.748047
-468.730957
179.405518
-379.712402
-432.644867
869.445801
1604.173828
302.308105
-938.050049
-1464.204102
-650.524536
-348.149414
-1677.587891
-354.769775
-2480.997559
-1553.958984
1056.134766
1095.858643
303.164795
1448.401855
1376.816406
253.366943
1195.005859
1887.283203
1153.876953
-1158.857788
-124.577637
-718.489258
-307.702026
9.977295
-247.394409
-996.672363
159.656250
602.863281
929.406738
582.199951
115.519531
1169.309570
876.467773
1127.498047
1497.547119
1395.544434
-74.736328
-905.701416
-1083.625610
-394.906738
1989.450684
2797.011963
-373.386719
-750.619202
-132.876953
903.886230
674.443848
-461.765869
-3058.283447
-1619.289551
-310.757812
67.859375
14.040405
-56.655273
515.380127
-1040.538330
1348.646484
666.979492
-869.616211
-202.651367
-119.883789
1279.131836
-671.478271
-1027.813477
-139.280273
356.358154
1190.770020
1400.034180
-148.648438
-1590.003418
-1558.660156
-252.294128
-255.395508
-2330.085449
-307.504639
922.424805
774.625977
1220.837402
-76.777832
704.329590
1723.310059
-725.991699
-730.486328
471.463867
2191.835938
2080.845215
-51.145020
-154.748718
-1646.448730
635.512695
2499.675537
1977.549805
735.395508
-1721.541016
-1904.398926
-1440.356934
-1009.277588
370.570496
932.646729
722.338745
-235.688477
432.215820
-445.908691
9.180664
-1467.584961
-362.100098
747.287598
-809.767578
-326.323914
3.962891
1094.792969
671.432617
349.926270
125.935547
-1922.125732
-1539.322266
1146.212891
897.750000
737.643555
-466.355835
-1973.333130
-911.251465
-277.125732
-702.887390
-1645.891113
-971.857849
-635.173584
-487.212402
228.166992
494.537262
958.203613
579.770508
151.068848
-983.492371
277.632324
-423.638916
-1033.412354
-213.312500
23.079102
100.347168
-176.899170
-1135.726318
1190.942749
1117.025879
-602.083008
491.374512
1062.502930
433.196289
221.907593
-866.094238
-2618.676758
-1628.588745
570.537842
974.117676
3974.700195
5892.324219
2279.241211
1453.458008
347.937500
-980.864990
-1597.724609
-1084.648438
271.963379
797.952637
-26.649902
178.306152
-791.394043
175.848022
826.668701
-878.013245
-1233.529297
-903.753418
-2160.278809
62.499512
695.738770
-446.564941
750.101074
-18.500977
-2072.538574
270.149414
224.407715
1123.774780
1126.357666
-1200.950317
-645.774414
1534.277100
337.624725
-1005.521973
605.566406
177.893799
412.639648
1117.249512
628.521484
194.612549
448.289062
-1046.619629
-1855.288086
-166.036133
1083.371094
1854.149414
1498.687988
-840.871582
-367.391113
1941.845581
-1429.610107
-353.474121
-1888.625977
-1422.421875
992.680176
425.614288
-201.961426
928.973633
189.184570
-1353.301758
-399.657227
404.806152
529.455322
-1224.359863
-1540.885742
199.952148
1431.032715
-369.179199
-376.697632
840.919678
1005.075195
790.788086
1500.261230
-765.191650
-2251.511230
160.953857
-475.824707
-1143.857910
-386.141357
-561.541016
263.706543
538.668945
1341.979492
3378.306641
1084.700684
-574.748657
664.668152
-753.371277
-1382.166992
1111.447876
999.415649
253.527161
45.377808
583.725586
-794.843262
269.486084
2558.491211
938.375000
-31.442871
-527.220947
-2577.942383
-3901.569092
-4441.510254
-3138.145996
-159.663574
-612.819580
-496.050781
-1133.982910
-4314.460938
-3625.389404
-1898.505371
664.810059
384.350342
285.562988
283.119019
-930.580566
-1568.708496
729.782104
923.304443
1240.440186
582.002075
-1433.760498
1959.682617
2845.443359
-192.301758
-870.984131
761.037109
3337.402832
6831.016113
5303.073242
1960.229248
-58.035034
210.374023
-1940.476074
-1351.564453
576.759277
-99.277832
1055.380371
83.594238
-742.089600
-1160.690918
-181.485474
-566.274902
537.720459
2097.657959
196.252930
-572.778809
488.391357
659.085449
775.299316
936.775879
568.553223
1200.366699
1228.463867
1176.442383
-568.419434
-511.160156
1991.177002
1448.410400
300.551849
-940.680054
37.371338
1451.354736
910.387207
1605.769775
980.309143
-112.760010
1115.093750
-127.906738
-200.218262
519.142151
-1901.631836
-1689.885010
389.313477
721.411072
2637.093262
17.247559
-582.775269
293.335938
297.322021
1286.714233
886.944336
771.283203
1274.895508
-907.145996
-1613.994873
-587.435791
-242.059082
532.164062
-216.108887
-287.498779
-222.272369
449.724365
570.138184
590.706055
223.767578
-127.026123
524.788574
402.825195
-1133.162109
209.462158
-214.493652
-940.228027
-422.808350
-620.619141
344.583008
292.381836
-972.870117
314.075439
-946.533508
1888.675903
2770.111328
-487.280273
1.007324
528.235352
-241.567108
438.942871
-335.024170
-419.038971
-976.506592
-307.511169
639.631348
-1313.870850
-117.684814
910.678223
1021.810791
1572.559814
-561.579346
-1006.375000
2090.429688
1510.182373
-634.098633
-651.464844
-450.454834
-44.597656
-985.991211
674.330566
1253.369141
1366.644043
1682.371582
1181.873047
-1068.555664
-1273.914062
39.675537
1068.253174
-558.650879
-285.580811
839.021484
-217.205078
737.119141
1516.588867
3836.635742
-272.249756
-1963.509521
-1028.194824
17.700439
419.827637
190.547852
868.518555
1601.139648
142.228638
430.232422
976.956055
727.433105
-675.399414
-362.718750
-884.030029
-1824.706055
-1421.726562
-0.695312
-2565.047363
-1737.876465
-1309.002930
33.652344
814.758301
1955.979004
-244.488281
-459.960083
21.430176
-408.311523
-85.876953
137.505493
-36.821899
166.099609
535.930176
1567.540039
1380.331055
122.516113
525.668945
1925.565430
2454.917969
3378.632812
-43.436523
-44.573242
-70.524521
-543.736328
-385.209961
-728.701172
-872.235352
454.480469
2070.595703
-493.462891
-839.791992
-278.265625
-962.279785
-858.857849
-376.479980
112.864990
-659.209961
-1030.047852
-739.611633
-888.643555
-665.625977
-529.776917
-1497.218750
408.890625
421.403809
-751.507690
-408.529053
3654.929688
-674.523438
-2319.101562
85.471680
-404.161621
-174.295410
-764.325684
-628.902344
331.949707
-932.203979
-1340.491211
-980.680176
-977.325562
-297.709229
332.388428
1027.845459
151.640625
1275.381104
416.096436
-48.314331
682.819336
1031.038330
728.332031
197.147461
-2208.341797
-3102.596680
1250.549316
288.026489
-580.639160
-495.775146
-590.717407
-226.789062
470.582520
756.537354
1384.606079
981.224243
427.428589
402.584717
-793.583252
165.001953
-484.248169
-26.965332
-630.488281
619.339844
-138.373291
881.064453
4294.877441
2155.353027
-778.332275
-945.840332
-1896.290039
1692.263672
-249.539551
-938.677002
-59.237305
1064.143555
1404.792725
554.074829
576.306641
579.592773
-124.596191
-874.220093
387.715820
881.046631
1047.094727
-497.833008
-446.227631
1220.474365
1484.077637
1283.479736
-43.903809
-347.484863
-484.548828
-1117.959961
-1242.264160
-85.954224
1004.027527
1507.991211
1200.515869
554.801086
1043.941162
894.557129
846.601929
996.438232
464.580322
270.759888
1463.871094
1264.013184
747.950806
229.209473
-242.537598
495.067139
1090.991211
1103.729126
159.974121
-2702.217285
-4380.129395
-2704.696777
361.682373
341.759033
2196.950684
3955.312500
3210.959961
2294.422363
1762.909912
81.417847
-359.546387
-48.102051
772.493652
293.792480
79.658447
1025.343628
1791.240967
1208.304077
114.589600
-1353.213623
-1130.005859
920.038086
763.911133
-92.069824
1406.413696
844.590088
781.765625
1045.996948
-264.063477
-361.856812
-993.334167
-845.132324
-229.662598
-382.650146
-629.746460
-244.717529
1047.009277
-1908.277100
-6184.706543
-3088.176270
348.083496
219.805176
36.767090
-1107.100098
-1437.786621
-931.523438
-550.037109
168.641357
-149.522705
-376.685669
397.523926
-1710.231934
-4640.553223
-2805.602051
1056.618652
300.366333
369.040771
-114.729309
-2112.902344
45.102295
334.035370
-445.915771
-57.433838
-1503.792480
-1069.259399
1677.693359
3643.849609
1239.348145
-636.702148
-858.105469
-123.911621
-321.183350
6.540527
824.613281
-688.696289
1761.372070
7480.007812
9840.498047
4361.414062
-789.538147
282.293457
459.257324
173.171143
175.183594
142.521240
531.698181
-411.937500
-279.730957
493.051147
-1095.782959
-5.964355
-306.493164
-731.900391
-28.144043
561.555359
1102.250122
663.374512
485.033844
205.301819
-1242.165161
1832.551270
1045.212402
131.932129
1476.188965
1075.910645
580.878662
953.458008
1811.809570
780.669922
-325.818115
318.468262
1033.243652
-11.841797
1784.194824
4954.346680
3932.383789
512.148926
-735.758057
-1975.119141
-2130.046875
-1555.915039
293.569824
603.194580
109.461426
-1073.029663
-1332.524536
-173.285278
327.218262
44.380371
-373.503296
-1317.422363
-569.098633
-595.091797
-1180.668213
-480.726318
-721.587402
-378.924988
1203.565430
1150.749023
1542.348633
136.481445
-762.522339
-612.348755
-77.117676
-983.354248
-1202.714478
-580.524475
757.977539
787.667969
-214.451660
-849.126465
346.660950
1130.848999
-2193.922852
-1059.381836
2198.833008
2313.825195
1259.058594
-794.110352
-2511.861328
-1151.999512
561.509766
657.694824
344.866455
857.475464
-276.711426
-313.450806
163.023315
266.371826
-930.770752
-3536.791260
-2436.860840
46.784668
1018.683594
2590.209961
553.112793
-835.470703
-67.278809
588.388672
824.130859
-656.285400
166.166504
384.773682
-907.314941
-3630.658447
-2283.753906
-625.963867
-189.280273
213.307617
-950.162109
-1120.547852
-420.355469
-1186.379395
1688.488281
410.468262
-92.443359
494.226562
-712.320312
-2322.016602
-1751.431885
-695.761719
302.577881
-24.834717
-425.607422
767.955566
172.900879
-1723.584717
-377.206055
68.703125
-1167.847656
194.553223
2328.866211
1722.998535
250.815140
207.483398
344.109375
454.702393
-232.348389
-513.886230
-149.194336
876.391968
808.477051
-343.949951
705.364258
108.701172
-208.261475
482.187500
1323.598633
1879.968018
2531.949219
535.899414
-3507.616211
-1385.548828
-329.011719
1842.438965
-472.261230
878.441895
-1738.856445
-659.656250
1515.962891
1768.136841
145.567139
-867.639648
210.845032
807.475464
421.818481
178.208740
433.941406
64.039230
518.331543
1607.262695
-2742.378418
64.042969
972.080322
772.796143
-192.648315
-64.122192
-1588.928223
-2813.501465
-570.724915
1236.247314
685.077637
458.125000
-564.123779
272.764648
44.846680
-601.083008
-365.270508
-352.536133
-1676.342773
-1510.142334
-1583.504883
-34.002930
-856.159607
-1011.472656
2221.976562
556.335938
-3138.002930
-830.910156
-529.239258
-791.736877
173.159668
189.594238
-1008.765381
297.588135
2228.059570
391.581421
-494.008301
-823.438965
-1506.606201
173.717773
-37.739990
-155.721924
426.505615
-434.372314
1256.518555
-493.880859
1398.203613
2124.015625
1440.920898
18.316711
265.751953
-130.092285
-518.215271
-1500.974365
-1176.099243
2034.617188
1865.607910
-499.480591
-307.069580
-1834.298096
-4012.693848
-1155.975586
-222.988281
391.916992
1374.170166
54.501221
974.412354
1741.195312
3405.490234
786.948242
-175.369873
-1576.677124
-492.162109
834.150146
-1183.562988
-556.586670
1162.749512
1096.682373
430.829102
1328.736816
-45.253418
-1024.206299
3066.329102
325.625977
-799.915039
-1762.675293
-1387.817383
25.475464
1116.072021
-581.739624
-5473.618652
-4593.161621
-2870.365234
470.444336
1962.469727
2480.934082
-755.655029
-903.888184
-3022.233398
-1743.901123
1018.696533
1345.518066
494.585938
114.505737
-514.727661
534.952148
3.380859
319.807861
-779.468506
451.137939
3689.098633
2197.780273
1123.744141
-103.260742
-1828.685547
-2102.904785
-956.967285
-108.389648
322.544434
785.816711
-2371.167480
-4411.679199
-1173.407959
262.674072
-1049.852661
-299.581055
-293.532227
-835.048340
752.634277
3315.565674
969.677979
54.143066
-51.189209
-1036.515381
-480.275879
-1091.389038
-533.417603
837.000000
282.003906
1565.416504
3972.346191
2864.389160
-644.182007
496.653442
1109.475342
-301.663818
170.784668
837.653809
295.702148
521.924072
1210.987793
-887.964355
-1088.113281
-625.104980
-300.782959
1263.417236
2543.046387
326.206055
-1806.891602
-2143.585449
-282.023682
2847.468750
2847.377930
630.759766
-1921.225586
-2752.011963
-1742.955566
2246.239746
1687.600342
665.719727
-82.286133
-1425.606934
-2037.477539
141.358398
924.466309
1294.512451
476.897217
503.797119
1843.222168
980.772461
-1221.859375
-1003.709229
136.494141
778.887207
-285.778564
-79.195312
-916.348633
-126.127441
632.373291
-1202.414062
-268.562012
905.564392
174.636719
-552.592773
-1075.240479
-480.425293
-129.390137
-1759.514893
-1665.707520
-1064.264648
-1046.687500
246.545166
953.919678
-973.157104
-889.272339
144.551270
204.971191
-249.690430
727.608276
-162.806763
26.396973
755.268799
1191.155151
118.813965
597.061523
769.003418
-408.860840
176.031006
-690.430420
2202.107666
2867.236328
13.866455
91.479980
-416.161621
14.564941
1077.248413
-276.625977
7.775391
1178.008057
-178.049377
-119.857834
4112.293945
3633.822754
-140.225342
209.671631
-914.256348
-962.369629
103.244385
-102.613770
349.636353
-44.857910
1227.663086
736.998047
1737.381836
894.013916
1300.564697
383.765259
36.121094
-983.105469
-727.529785
-1206.612305
-2353.270508
-1846.655762
-845.433105
256.519043
128.097168
1199.179443
2958.186523
3193.195312
749.068359
-791.870789
-1304.741211
-138.939453
-716.234375
-143.609375
707.462402
-931.319336
-360.687012
-68.745117
-235.289673
699.717285
366.244141
604.664307
1294.183594
80.052734
-943.524536
-417.592773
-91.208008
-1208.926270
-480.207397
983.289062
1512.892700
514.845215
-506.503418
-117.488037
-439.376953
-2715.407227
1531.489258
-315.983887
-1148.163574
-1058.710938
1259.420166
524.985840
581.401367
1182.594971
754.978394
-4.010742
-1246.975220
-569.745361
2181.814453
2775.594727
-710.554199
-2522.261475
-1110.071899
1091.153320
1093.059814
2032.557617
2095.333008
584.448242
143.161865
1297.901978
344.481445
-832.055420
-530.110840
-600.130615
-1696.173218
-452.686401
-428.997803
-3125.389648
-4229.465332
691.247070
-693.767578
-710.228027
281.388916
-19.285522
-322.825684
-461.339844
-220.552490
29.658447
532.770020
85.991211
-1275.610352
263.418945
-329.217773
168.636719
-987.890625
-3426.180664
-1461.285156
-654.603516
935.634155
318.804443
-377.106934
-500.655762
783.939453
795.407227
-123.653809
-295.285645
101.166016
-1777.721924
-1441.194702
34.632690
904.814941
-318.912598
-206.496094
285.789062
1462.879150
-688.216309
-3417.276367
-40.369141
424.073486
-1331.258789
-638.254761
-107.917480
229.806641
260.141846
129.561020
-1379.675415
-1054.857788
-701.371582
-126.266602
354.582275
-402.057617
-12.142578
-614.810547
-4289.398438
-3695.857910
-1088.349365
433.469971
-2004.892944
-321.280396
983.843994
-1551.356201
25.139160
-830.987793
-654.187012
2879.344727
2465.556641
520.277588
88.490723
1528.795898
1855.693359
298.896973
644.799072
2162.725098
894.357422
261.008789
735.504883
1022.289307
714.793457
131.714844
1106.946289
53.922852
-182.144165
-690.888428
162.456055
790.849365
959.918457
567.869385
416.397400
-534.074219
-204.265137
1014.257812
777.001953
963.653320
696.551147
489.868774
3319.618652
2671.916992
1093.104248
1139.491211
334.765625
3489.712891
2482.828857
250.590332
-17.524521
218.510742
598.914062
4108.112305
3136.401367
2347.324219
-627.028320
-2155.188477
208.770996
1788.745605
718.076660
866.708008
1212.601318
677.252686
1120.130859
791.192871
-1518.531738
-1702.689697
-539.629883
-1971.804688
-1685.554688
129.811401
-789.626648
902.142151
1166.876953
-270.622803
1054.125122
1071.047974
1827.212646
-61.806641
-669.595459
441.630127
899.690125
601.174072
-1727.567871
-1801.361694
-668.222656
288.015137
-1103.055664
236.642578
-59.361572
-2119.580566
-2257.754883
-312.520508
1272.053711
1378.655762
493.649414
1157.378906
1585.292969
448.830078
33.561546
-2490.864746
-1293.730469
27.159668
432.107910
1670.794922
323.439941
618.859253
1036.543945
-464.740234
821.436523
2065.757568
638.450684
426.059082
-2833.817383
-6076.060547
-3590.092285
407.813354
871.164551
-561.951172
-1698.408203
-337.521484
546.570557
3506.952637
4906.055176
662.172363
-1140.406494
-1329.022339
-874.640137
-197.990723
-3183.692383
-4111.493164
-179.043579
956.853455
1570.751953
190.945801
-268.513184
110.941772
-86.448914
3292.209717
3189.933594
759.317871
-767.126221
-348.864014
261.046875
508.927002
168.675415
204.302246
-790.204102
-1215.618164
384.645020
335.307037
-513.607666
274.088623
-51.173828
-1217.015625
-351.914795
-2802.203125
-4049.596680
-2427.378906
-913.188477
821.172852
444.257690
-115.921387
717.882812
472.487427
-1706.132202
-14.388977
1284.668823
205.037598
168.713867
687.892578
-739.084351
-71.770020
1598.450195
3364.017578
5956.815918
4503.051758
1702.116211
1014.952637
1026.668945
3179.875000
2069.445068
336.244141
-829.160400
-2510.404297
-1675.295532
-69.354126
3067.169434
2653.961426
6.675781
-1684.602051
-1059.781250
215.217285
316.228271
866.236328
-560.717285
-1360.276123
446.283325
323.816650
-1645.833740
-1572.387939
-231.554688
156.261963
253.891785
1622.120483
1340.041992
-169.313965
-947.638672
-735.492432
620.183716
1006.225220
109.879395
-487.228516
-242.676514
-155.284180
-128.212402
136.525391
288.334473
-470.430359
499.191650
2228.376953
236.205078
-634.853271
1073.095703
273.479980
-774.849365
-1205.426758
55.834961
-1224.174072
-4025.371582
-2818.954346
-259.853271
515.960449
389.113037
896.879761
1093.831543
-1496.328125
-759.297852
457.094971
1148.110840
0.433105
1232.844238
375.339355
-747.420410
302.194458
315.918945
-297.332520
57.197266
-1788.211426
-652.691406
1235.876343
797.250244
486.993652
-376.501465
-173.194336
1312.089844
727.696777
-232.299316
-838.485352
1343.692383
-749.638184
-252.046875
942.854370
1145.791504
863.350220
97.311646
-760.739380
-1115.759521
-1142.473633
-791.879761
-800.695923
-766.298828
489.888550
1113.161133
1535.539062
-703.719238
27.764267
669.047119
955.308594
731.927734
111.254883
-9.024414
160.447754
30.499268
59.424561
-1083.206055
26.151306
-94.161377
11.780273
338.488831
681.173828
613.192993
905.541260
658.055664
3334.206299
3050.002686
-563.990601
-491.613770
106.666260
-1166.820190
-1203.079956
-577.782959
806.520996
96.817200
-897.912598
75.859375
125.879395
681.870483
742.323975
341.072266
-230.229004
-930.464600
-764.448730
687.037109
1521.045898
-1445.040039
-234.684082
706.910706
128.772461
1308.494629
773.494141
458.581055
-161.408936
-588.202637
-327.339355
-800.254883
156.097168
430.469238
31.148438
1191.879883
1794.075195
1102.542969
1009.246094
-38.420898
1311.226074
1848.430908
1287.202393
-42.729004
-271.806152
-126.151855
598.513062
235.339600
1211.793945
-634.837646
-883.524536
1144.794678
-773.982910
-2230.194336
-953.905273
611.081055
-214.891113
-271.844910
-126.190887
-123.185303
476.672852
-74.206543
381.730957
-331.602661
-721.873047
-665.873047
153.923828
105.266113
-2345.068359
-2579.274414
-400.373901
862.444336
-266.414062
105.834106
-365.229004
-828.352051
211.292725
2254.134766
620.343506
123.937485
-24.879883
-1975.320801
-1134.794434
821.057129
1452.009766
771.372070
-1023.795898
-1710.267456
-558.586914
-1913.117065
-299.313171
318.373779
-479.617676
184.913818
-68.953369
-75.558594
1493.486816
1561.962891
377.011719
-1092.902344
-784.039795
85.022461
1543.295898
2550.144531
-707.993164
-781.312012
296.142334
790.550781
97.972168
259.876068
331.929932
-434.988281
-99.401985
1031.555664
273.722168
-886.668945
-2272.197021
-3222.894775
-2154.253906
-899.031738
841.619629
867.850586
-443.076782
-615.948730
-558.287842
-53.085083
869.396729
-108.388489
-263.328125
-62.728516
-558.067383
-220.964844
-572.534668
685.560059
1305.282227
-74.710449
-134.604492
212.823242
820.709229
382.890137
-1087.665527
1337.249023
-460.705566
-598.786621
673.566223
2.099365
-961.233887
265.955444
967.398560
401.636719
521.461060
238.473755
-256.946289
-347.317383
987.969727
1978.893799
917.033813
296.358643
408.473145
1550.576172
845.297852
-1039.103516
-1364.837280
-1331.897949
1003.350098
1220.116211
-979.812866
-42.467407
31.762329
533.393066
1881.626953
192.519043
338.339600
1231.463379
377.532715
850.977539
-358.645508
129.656250
-1299.166016
-755.425293
1251.850952
698.192627
605.967163
382.442017
18.963463
1146.884033
-141.310791
-1989.514648
-133.524536
1066.768799
-740.118896
740.224670
1005.488892
1978.978516
3545.608398
1758.139648
-428.043945
-2260.249023
-1439.671875
132.423828
-611.359375
-124.338623
1019.808350
465.812988
977.212891
469.891846
328.938965
114.592285
-498.559082
-1886.862793
-337.526489
574.283691
-1096.070312
-1155.735840
969.396240
1282.861328
228.288086
-497.375000
-543.729004
-1348.332520
461.480957
-814.291016
-1591.251953
-2633.143555
-2853.450195
-2250.041504
-237.958496
1227.223633
84.448242
-395.349609
-1137.518555
1259.706055
-574.523193
-1130.178223
-455.776855
675.980469
-165.945587
53.033936
969.662598
1341.348389
1905.495117
1096.541992
423.917236
1608.968262
-59.956787
1310.249146
559.235840
-2492.393066
-2515.501221
48.049438
842.860352
3336.148438
2361.287109
-600.478516
-537.827148
-783.648926
-198.743591
953.884033
-1111.649902
-2798.191895
-301.163208
-185.819809
1296.673340
2845.731934
-1505.020508
-1484.821777
-960.419006
-479.186035
-495.149994
56.727661
298.868896
190.350342
673.142151
822.335938
1279.239746
2942.128418
1578.576660
-229.589355
-356.071533
-1.017578
-319.068359
-63.003418
-455.170166
-1927.750610
-2647.482910
-1194.770996
-18.364746
1503.642334
651.142090
-28.459229
1942.632812
1637.447266
666.360535
2106.177246
766.257324
-1058.483154
-280.525879
134.872070
429.223999
1070.155273
-692.854065
-597.989258
-731.641602
-1004.937500
-92.810547
1515.468750
6599.797852
4363.334961
1071.871582
-94.173340
1160.384521
1098.421387
508.883057
434.772461
-476.144043
1088.129639
1616.665894
1645.770996
1150.714355
2015.157227
4140.357422
2111.370605
-527.594360
1204.760986
1054.555176
-878.223145
-295.843506
973.382812
-708.631836
1170.639648
533.358887
-395.149170
-1281.630859
-1103.195557
-890.826416
-328.614746
134.561768
-429.524048
-1521.348389
-708.330566
215.796387
421.639160
704.969727
-55.047791
-149.092773
1452.109375
436.892090
-439.970398
515.159668
257.328613
-947.409912
-498.264648
585.564697
1262.697754
315.946289
2107.054199
3068.988281
1697.502930
-339.754639
-122.014648
696.448242
297.215332
1138.170044
1151.520508
-269.774414
-175.005371
-116.133789
1156.205933
2434.739014
-580.021484
-460.612061
-267.237305
90.504395
-504.823059
55.016113
1578.505615
474.750244
-188.108887
-46.635254
145.711548
-107.232178
742.461426
485.596375
181.541016
332.187988
-562.126465
410.785645
1436.286743
-44.218262
-80.474609
-67.217773
78.780762
641.614502
192.494354
1189.348633
3646.240723
1383.305664
345.019531
291.722168
1025.643066
1293.239258
1114.678711
1124.008179
1622.460205
-2269.970459
-14.719727
964.330566
334.997803
-341.956299
228.785645
-738.405762
1029.833740
1437.190186
1516.475464
427.088867
-956.319824
-2109.374023
325.032227
800.428528
1825.324219
964.354004
753.555115
649.109863
-862.029297
628.756836
1968.504883
1379.059082
34.266113
-936.899658
-1388.486816
1002.725098
-151.554688
-796.831543
126.597656
-69.281250
-71.558350
177.892578
471.483398
-451.295898
-2369.502441
397.616211
-1860.125977
-1057.524536
296.547119
-121.843994
205.341309
919.076660
560.960938
-513.614746
-206.325867
-1179.554199
-1195.569458
-101.671875
-316.524414
-526.450195
-0.711609
-554.957031
116.609863
-1001.556641
2236.815430
-667.259766
-524.034668
316.800049
-1179.173950
1170.909668
957.003418
-1843.989990
-214.422363
-1532.621826
208.165039
1197.121094
537.708984
99.915771
417.614258
-851.878174
-1546.447021
444.659180
264.350098
-413.699707
904.028198
626.824707
846.199707
35.844116
440.670410
-627.752441
-666.342041
1000.563477
759.380371
612.047852
-516.839844
356.009277
659.669434
-229.050293
265.520996
1008.832764
215.822266
612.085938
-1828.818359
-1643.729004
-607.741943
-757.956787
-209.447754
23.548828
363.734619
727.740723
-390.775391
-1078.810059
-248.515625
-2200.995117
-608.695312
1223.350586
-561.242310
-96.548523
-303.269135
-1184.814087
1521.854492
-170.188477
464.577759
749.845215
-2249.660156
-1222.377930
-319.822876
-287.238281
276.471680
-1075.775146
18.975647
454.713623
81.035645
368.999023
-1038.753906
-2654.014648
-658.408691
513.183838
242.463989
-0.885254
191.866211
-1532.857666
-184.877930
786.510742
1706.455566
5064.740234
1842.858643
195.926270
919.125000
2605.914062
-476.565674
428.359741
1322.235229
-260.935913
270.220947
618.992188
-747.414978
82.218750
390.929688
566.385254
2581.904297
645.175293
-632.027771
101.073730
-168.405518
-989.371338
-69.931641
216.791016
401.860901
174.012207
546.936523
167.068848
-303.516113
695.754883
-117.573486
321.726074
-1536.156250
-5565.641113
-3011.360352
1357.850098
2021.546875
1439.030518
477.881104
362.683838
-122.923828
3033.854980
5197.758301
4193.359863
1135.768799
102.009521
4184.958496
1720.512695
-248.700195
-1086.406860
-1573.572021
177.990723
696.597778
-933.288574
-409.970093
520.222168
-247.133301
186.927124
-488.788086
-826.001465
39.605957
-319.424561
-1142.759521
-285.849854
1115.943237
1288.131348
1337.969482
1413.821289
226.151855
-1109.422363
-674.826660
95.672363
221.664551
-140.670410
728.605957
1240.765625
606.010498
945.840820
1201.958984
1200.684570
1904.365234
-354.611328
514.973389
482.440430
-2509.609863
-322.109619
314.062012
663.312500
82.801086
-1484.004761
-291.682068
-266.928955
-852.352905
-36.896820
788.746887
1756.989746
1136.117065
1011.694824
1134.682739
1104.718872
1013.871948
1330.302734
847.559814
683.067139
460.207153
-156.627380
-8.936523
576.178223
421.413574
125.425781
933.279419
1541.813965
676.734619
-867.914307
-1119.220703
-20.944580
562.198242
745.580994
-157.051056
-442.547363
2747.172852
2577.891846
-176.341309
-330.427734
-617.492676
-1020.315918
478.681946
-1302.419189
-1661.879639
-234.197754
-702.055664
1815.458984
257.099854
-1369.007568
-337.375977
-820.483887
-1699.062012
-650.021973
318.802490
-1081.996094
-796.593262
1011.227539
-526.471680
-3582.125977
-2271.459961
-164.591797
145.674316
628.571289
29.933472
-633.549805
852.013672
875.468018
-215.305054
-373.255463
-903.371460
536.926025
355.042999
-588.274658
233.214355
-1026.111328
-293.405762
-3016.443848
-5188.996582
-1494.493164
-204.210327
2877.501953
3570.364258
-547.485840
-396.489899
170.762451
382.595520
696.815918
-602.057617
634.555847
-575.726562
-433.035156
887.459473
327.321777
-354.063477
-955.034119
-26.041016
-1042.224121
-744.101807
395.643555
222.499512
744.178589
-869.590088
-1198.519287
886.205811
403.983398
921.706055
834.528320
214.424805
745.075928
346.865112
-626.848877
273.113403
578.202637
243.994629
686.282227
618.089600
-752.696289
-581.680908
846.857910
2016.570923
1468.734375
-396.949463
-847.577820
1353.973389
-85.545654
1641.621582
2663.995117
533.863770
-908.352661
167.385254
-841.921143
-1610.288086
-582.936523
-812.296875
-365.450073
-895.174194
397.805664
-83.548340
239.273926
677.942017
909.809082
916.739380
-1417.488037
-2514.427246
-708.851074
1308.382446
4575.679199
1449.977051
-1789.154785
202.268555
1460.781738
4855.310547
4594.009277
-463.326508
1219.558350
1746.372070
-650.922119
-479.028564
337.298828
283.629395
-88.985352
-496.991455
-369.366211
650.625488
723.814697
1105.887817
688.168945
237.949219
1315.902344
-996.482910
-1528.146973
-87.778809
1016.436035
1710.782715
-1637.971191
-3618.572266
-5187.448730
-1031.145508
1070.159058
-963.701660
-482.850708
120.237061
10.628662
103.293457
-2365.225586
1310.215820
-13.697266
-231.476807
758.863281
1235.961914
1486.083984
924.504150
-395.717010
200.599365
-202.236816
-838.271362
708.648438
4512.603027
3708.214844
1813.776367
117.674927
660.983643
-1089.207275
1728.237427
3876.558105
658.694275
-925.010254
543.797119
-486.482666
-647.781006
-230.120117
-379.315430
-1983.041992
-49.814209
809.296143
-964.046387
114.673584
-3552.312012
-3291.090332
-1796.732422
2163.548096
-934.710938
824.733154
-1137.312866
382.387451
-1157.873535
319.045410
852.357422
1232.843750
854.723572
976.199219
3515.032227
2785.796387
119.930695
730.009766
-174.249023
-363.578613
-288.715820
48.796143
-1443.405273
-3993.878906
-52.807373
-586.113770
-417.027832
837.264648
-693.280518
42.563477
2060.768066
218.483398
-1203.181396
-243.145020
-911.528076
-417.883789
1421.233887
738.155518
43.846436
-48.662476
-198.903809
-502.629150
147.695312
1290.217773
1698.282227
966.599609
-895.225708
-448.511719
-560.864014
-826.903564
1386.260254
3335.738770
2933.884277
1052.863281
-560.213684
-194.259277
3199.141602
763.664062
482.369141
148.388062
-928.857422
-5154.735352
-4716.083008
-836.767090
-5.309845
-674.902222
-317.626404
127.811523
222.833496
1323.391846
274.284668
411.247559
370.294434
-775.125488
-1198.985840
-938.596680
-373.485840
324.565430
1211.994141
2230.433594
760.124023
-3133.556152
-2216.627197
730.084106
-588.881592
-71.386230
-2988.301758
-5225.547852
-3393.320312
1075.415527
3065.648438
3692.168457
2633.000977
1862.270508
277.682129
1027.569336
2158.178467
615.105957
182.625488
626.407715
66.273193
1428.804688
2087.593262
13.286865
-667.514404
-2167.566162
-2468.764160
-1101.276611
265.968018
714.208740
517.101562
167.156250
1530.301758
1570.320312
2110.458984
166.626221
399.644165
-1451.966919
-957.126953
177.476318
-199.652100
2344.031982
2148.475342
33.796875
953.029907
-2552.024170
-1078.287842
744.865845
269.134521
-212.301758
-937.896484
328.320923
1108.729980
-855.207031
533.824951
-2587.551270
-6455.444336
-2660.913086
222.030273
210.150879
-1894.520508
-872.890259
-696.447998
-943.757324
578.904297
-306.386230
-1746.415283
-625.177856
881.020996
-531.677246
-398.850586
4.216064
-3771.914307
-3989.138672
-1563.439941
46.701660
-502.078613
-1394.889648
-1424.664551
-940.553223
-1650.581787
-103.090576
882.837646
-801.166077
-263.461426
109.616455
-1434.828369
-640.947937
447.602051
188.719727
223.804199
1098.453369
961.884766
844.134033
-109.575195
-1209.655640
-910.407471
-371.408325
-213.659912
-77.652344
437.022949
570.605103
372.403320
1359.472168
1570.296875
-436.822510
-3.064777
954.909668
363.784668
591.397461
406.823730
503.820312
1616.927246
1438.933594
-156.888184
278.383789
118.395752
375.348389
1502.577148
702.685547
-850.082275
721.307861
1369.510742
661.295288
923.506836
970.285400
1310.790405
-283.082520
-1581.958496
-154.405273
-194.215820
819.524902
790.970581
283.700195
905.926758
-470.525391
-784.695801
-832.597412
1127.579590
2481.662598
2522.771484
-139.979980
843.669189
367.715332
274.772461
555.340820
367.994141
547.369385
437.824219
-221.623154
-791.553223
540.400024
790.599609
306.473633
-295.558594
-1497.008911
-55.375610
1023.475098
-225.335938
595.402344
819.454041
-579.999329
-513.164795
-220.804688
542.014160
551.856201
-1301.821289
-933.086914
295.571777
756.051758
1175.030273
-588.515381
811.170654
-271.463379
1566.897705
4462.559082
436.448242
-1780.563477
-1804.104492
-32.473389
591.755371
397.458496
1357.013916
405.830078
-620.631348
299.410400
-386.124023
-264.001953
244.588379
-167.353073
1577.446777
-484.142090
-1114.252686
998.587402
820.266113
1169.644531
-19.267334
-774.770508
-784.520508
-51.462891
169.152832
-728.371582
-2232.837891
-276.913086
-480.747559
271.803223
1165.002197
467.446045
482.366211
-677.036133
-156.188965
1078.880005
1019.458984
-470.744629
-728.058472
266.241211
530.440918
-62.364319
515.909180
-304.868164
887.725586
-579.524536
-1128.335693
-549.646729
-2012.524536
-719.016846
534.247559
959.670410
554.260498
-631.340942
-1766.117432
-1075.246094
140.873291
-385.528320
1128.287109
3542.563477
1010.058594
13.219482
1784.405762
765.122070
177.892090
-23.299347
-985.503906
-1496.999023
279.889160
904.457397
1346.538574
2026.722168
2216.631836
685.578125
-22.003418
-427.593506
266.890015
792.132568
-956.645264
-802.049194
292.321289
2074.236328
1829.652344
1758.838867
665.970215
619.405029
184.897949
317.109375
-499.213135
-377.322510
-207.501953
-409.523926
-179.969482
-2991.234375
160.423828
579.707520
99.687569
303.805664
-559.006714
-692.782471
341.643555
1432.106445
1162.161743
911.076782
-1136.957520
-1409.352783
829.142151
797.193970
419.609558
601.235107
298.905273
8.016602
346.877930
848.964111
380.822144
-924.740601
-1798.714966
-425.675903
-655.993286
-261.909180
371.012329
78.347290
125.623047
-2955.919922
-4895.153809
-678.671387
529.829346
646.912292
2397.361328
1375.541016
-350.221558
-687.524475
106.056732
1173.497681
43.867676
607.953125
1638.541016
939.028809
-1023.504395
-806.189697
319.142151
1020.800293
745.255981
-846.011597
1576.231567
3724.646240
1631.562500
-202.036133
-1638.189209
-1213.479248
810.679993
2790.811035
3406.679688
521.550293
-2268.937256
-1705.739746
108.888672
346.538086
-924.474854
-1076.838745
-861.886292
-1087.547119
643.604004
27.712402
368.430908
570.388672
-805.416016
561.311523
817.996094
-427.164551
-402.291016
-543.259521
-307.158203
271.827637
-11.039093
-848.062744
-782.639282
171.964355
702.796326
-287.536133
-156.359375
-674.886108
-255.149414
355.805664
214.494629
325.275635
309.098145
1031.423218
-294.278320
-4481.053223
-2231.499512
-129.313477
-512.949158
1214.668945
-214.741211
-1176.515869
96.240479
-373.799805
158.828369
582.951660
-936.139648
-2445.023438
600.243652
583.110840
811.955078
1649.088867
826.595703
472.575195
86.763184
-2235.033691
-425.637390
202.079102
648.189941
1944.967773
1247.861328
-709.665283
-520.568848
643.755371
153.891357
151.122070
660.175293
453.634521
-1092.445312
-441.619385
-127.916016
-831.595215
-542.716797
469.959961
1852.384521
3471.393066
1067.174316
-881.298340
142.545410
1879.431641
797.311279
-1420.999023
-882.168823
1777.239502
-1737.964600
1479.287109
-1326.501953
-1648.500000
286.199219
-665.592529
136.572266
206.917969
-4624.770996
-6507.761230
-1953.069092
328.707367
-577.866089
-622.996704
206.457458
-1902.187988
-3318.256836
-931.422852
116.475464
-989.460693
-2746.867188
-2768.949219
-1131.402588
431.409668
207.924561
-50.105957
481.969238
1271.357910
-161.848022
-1158.065430
-1257.829102
89.846436
420.038330
-65.227539
-653.467773
761.282227
375.246582
-293.008057
-747.343018
-1231.996582
3012.383301
1497.087891
3146.345215
336.761230
-1092.904907
-1040.541748
1418.954956
2721.545410
220.078125
-767.139648
347.925293
1187.889648
866.831055
1141.591797
2227.066406
-46.695312
-325.849609
28.235352
-224.834961
-996.989746
-608.839600
348.376465
1530.728516
1409.625488
-251.669922
501.398193
683.653076
-25.177700
-713.936401
-1453.902588
-609.370117
-240.570801
-755.955566
-1254.937500
1109.415527
96.162842
539.442383
987.507324
155.613525
-352.003906
-341.654785
785.919922
1879.340820
873.249023
1104.894531
-1094.065918
-2036.660522
-771.874023
-488.029785
-239.211914
-358.280273
-2016.780273
-3902.440918
3003.247070
-1302.488037
159.510986
-902.579102
-455.043823
604.208008
-131.472931
-847.540771
229.553711
-692.622498
1641.319824
2254.643555
589.473633
-220.043213
184.206055
-360.042236
776.061523
-218.520508
617.431152
1620.174805
1237.772949
1315.164062
1048.246094
394.556641
51.957275
502.932739
-121.799683
-2014.514160
-1645.402100
331.362305
-244.931641
796.731445
134.820312
-749.693237
683.495361
643.851318
816.583984
53.210602
-641.739502
1638.927979
369.732452
-1183.661865
-657.905029
-886.502197
-818.702759
-636.378662
584.165283
1813.329102
2822.641113
11.318848
-207.857834
1624.349121
736.848145
-662.375488
-1570.819092
-618.082153
504.475464
-1096.574707
-575.055420
905.069824
597.920044
-32.559570
-332.084961
32.097168
-844.581055
27.618164
994.501953
1549.780518
2606.458740
-201.909912
-1181.368652
83.918945
372.202881
617.607422
620.932861
632.224609
858.167969
739.014648
-296.554688
-174.786133
182.926758
848.142151
1282.458008
-256.462646
-650.017334
529.830566
-641.216064
-739.256836
260.245605
-271.959473
309.359131
771.028320
1086.227539
304.688965
-502.986328
506.916016
39.768677
874.036743
619.663269
-631.857849
1223.989136
1655.993408
339.861816
487.145020
-485.933105
-435.317871
663.492188
4002.725098
7383.898438
3531.166016
616.373291
-1802.785156
-2935.165039
-459.744629
1542.124512
5056.945312
4907.342773
121.812256
-799.850098
-1314.876465
-569.044189
268.288086
-857.789062
-329.273926
-48.472595
-99.424805
115.001465
-368.705078
-2072.698242
-3646.369629
-1850.334473
1060.476074
746.838867
-496.466309
-562.718262
159.470459
738.566895
2467.927734
1572.297852
-547.469238
254.314941
268.261719
2024.937500
2769.885742
1066.888916
1308.967407
556.893066
-490.811035
-694.951660
-936.744629
161.002930
838.941406
1711.065918
1465.721191
-139.349854
-14.265625
-1247.072266
-1172.719727
-173.776855
825.711365
620.586426
-28.575195
-5.489838
-649.995972
-1852.348145
-1356.396240
274.573883
-455.011719
-581.931641
-85.657227
756.475464
958.164062
681.778564
647.768799
781.005859
911.106934
-1698.052734
-783.045898
62.047852
231.028809
721.010254
869.254150
128.823730
360.225098
1323.612305
2636.483887
1764.613037
1325.326172
-531.072266
368.323242
-1986.903320
415.842285
1309.485352
490.491699
867.128418
-2361.312256
-2183.999756
-154.608276
-630.009644
-738.157227
151.271698
1579.475464
404.889221
-961.004761
482.340942
500.840820
-12.124756
-413.885254
-512.240601
378.142151
-860.052246
-192.740723
332.172363
-1179.257324
-428.217041
131.340332
-25.047607
-505.975098
-0.663086
-518.399414
-455.668701
393.922852
-2430.814941
-3041.523438
-642.785889
844.605957
951.776855
822.187500
920.844238
698.042725
148.629883
-8.643005
416.051270
-534.703125
-1699.647705
-2491.338867
424.455078
731.645752
-620.502930
-15.524536
-1897.999512
-1061.301514
1042.293213
603.631958
-382.412109
-525.929199
-659.952148
-166.760498
560.601562
-8.229004
-718.518799
868.685547
4390.063965
4039.333984
2382.004883
1941.150879
-262.372070
39.582031
-1416.789062
-3147.687012
-5839.590820
-2669.048828
740.880859
277.527344
561.001953
83.553314
-831.566406
-668.564941
269.726929
33.142166
773.912292
-581.576416
-3274.705566
-1802.646729
947.785767
-179.222900
-190.549316
1061.598145
-2191.286621
-5533.748535
-2720.040527
1154.014526
989.050049
-554.631592
-516.800537
-1347.105225
628.935059
-408.429199
-629.954224
-921.162109
-1205.046387
-577.268555
393.919434
391.267578
-637.251953
-4862.418457
-4101.905762
281.645020
370.281555
243.896240
785.240723
-1454.616943
-901.258301
-264.800293
-1476.257324
2508.089844
3113.496094
863.575195
4587.468750
4329.679199
1632.852051
-839.487061
-1257.652832
-474.441895
242.682617
320.747467
-453.237061
135.138672
985.142151
-2122.835693
-2937.870117
-1585.235107
577.030762
6396.566895
9575.785156
4376.038086
914.074219
326.865112
999.565430
-316.882812
2276.666016
-2973.652832
-1474.337646
511.840240
1231.405762
1703.306641
-751.325073
-1003.758301
-244.780762
-1171.842163
-168.777832
1153.796387
1390.903442
-659.438110
-1098.604492
665.591064
-1040.987793
-1246.126953
-1549.622070
-580.975586
1287.364136
1075.633301
1217.665039
339.772461
-1198.327026
393.750366
-60.638672
-1313.621826
-200.036499
-652.908081
-1364.031860
110.175415
1449.896973
-94.420410
945.759277
3455.549316
3673.654297
342.939514
-224.838867
-664.864746
-325.708984
1484.424316
-646.063232
-1116.640625
892.787109
-1464.614746
100.720215
-18.152817
1018.016113
-222.901367
427.887207
1129.631836
1007.635742
432.248047
1091.435547
588.696289
-920.195312
-103.267700
2457.266602
895.525879
-809.768066
-1347.540039
-287.845703
161.107117
2972.890625
1873.842773
1065.420898
-400.857849
813.146729
170.856689
-67.912659
339.475464
-22.591309
-2710.196777
-2469.613281
59.927246
1310.233398
1739.638672
2676.771973
2301.698730
1214.943359
449.851074
1897.168213
-613.126465
-885.422852
567.660156
752.252686
781.115234
70.621582
-1366.524536
209.797363
995.060547
1779.705566
-808.431641
-1694.136230
-1343.514160
234.933594
3825.844727
2040.242676
839.447754
-688.087891
-414.584961
-922.994995
-855.401428
488.348328
517.628906
-717.890625
220.085754
538.475464
-158.016602
5.062988
-72.999512
-483.862305
619.730469
-332.432129
-295.049805
-1725.871094
-1421.598633
-1707.878418
606.478760
-237.065918
-1057.178223
101.477051
439.066895
-790.494629
1104.942383
-29.672852
-518.992188
-2234.740723
-528.979492
1893.830078
3012.394043
162.269775
-400.398193
1225.755371
894.927246
103.975830
-946.630676
-522.135254
714.633911
686.679688
-426.974121
147.670410
235.019043
1485.437012
1852.514648
-873.571533
-980.717285
-582.508301
-1783.630371
-775.431641
-301.802979
-908.566406
-1948.953613
-1380.140015
-470.082275
537.795898
-154.577637
981.579102
-424.522339
-2295.864502
-1618.887817
-1011.400879
103.154297
254.835938
942.048828
-336.934082
-721.525757
528.814941
-463.211426
1057.773438
1976.801758
807.788086
-1476.385254
-1501.104980
156.402588
268.699280
-378.661133
-51.101562
-754.161133
-312.417969
801.262695
1236.544922
705.192749
310.898926
402.960449
311.391602
-846.287354
-1855.917236
94.678894
76.528564
1138.738281
2082.329590
1038.248047
-281.680908
-3953.286133
-3896.301270
562.099121
514.361328
-158.436523
1101.397217
2967.348145
-2053.698242
-1567.860352
290.681641
1156.954102
1092.970093
447.572235
469.777344
-679.125000
-644.434082
-676.511963
-1372.470215
-16.649963
50.433594
125.546387
222.168945
1046.290527
377.762695
670.350098
-700.912109
-393.859375
273.078613
667.368347
-398.732178
100.411987
715.454346
898.516113
531.095703
459.862854
967.054932
-273.957764
701.639893
1386.943237
-286.509766
222.532227
-466.430786
-987.726440
-69.276123
41.544067
1022.060974
1173.260742
413.975342
402.295166
-483.329712
-1817.027954
-1029.527832
-723.375000
-1078.388428
-971.857849
-1039.994141
-515.737793
429.875488
539.687988
53.262695
-1186.974854
-92.171631
560.356445
-442.179810
470.672363
483.860901
-546.737305
-436.784180
-108.639160
-529.111328
-2222.690430
-409.947266
-480.128418
-1496.690552
413.924316
1775.535645
1735.193604
1846.804688
692.293457
-431.148926
517.185547
251.705078
368.996338
1945.484375
4242.713867
2026.804199
-358.379395
453.019287
-552.516602
-2399.915527
-2929.953613
-365.966309
877.989197
-141.857834
-4792.162109
-1002.597656
-440.504089
1202.512207
2647.693848
206.650024
-769.314453
284.349609
425.512695
-1082.477539
-759.010742
-813.452637
127.342773
1697.771484
-201.355103
-1092.926025
-2721.491699
-3888.419678
-628.427246
634.351196
33.867920
-1574.613281
248.235352
-89.524521
-606.188477
847.929199
-691.050293
-658.246582
-765.681885
329.921387
1519.727905
-596.135742
-1508.718262
-651.171265
-1176.086304
698.475464
1180.185669
394.796387
-391.215088
-676.589111
432.402039
789.384766
316.037109
260.588867
1108.602539
456.881348
939.360168
563.162109
-169.229492
4064.907227
639.237305
487.610352
367.934326
359.173584
466.151611
-1287.774414
-710.093018
-308.281738
35.771484
678.636475
9.654541
-183.335205
155.729736
-644.020020
1748.108398
-310.010742
3704.026367
1243.729492
-596.968994
-426.571289
-153.686035
-95.540527
807.689270
-807.552002
-676.990723
-534.037598
-1678.089600
-376.668213
-365.847656
-941.196594
537.337891
-124.316406
-1089.758789
-420.392578
2623.541992
2610.759521
190.255615
-150.056641
675.475464
238.920166
-1208.114502
-1049.216064
-589.432129
-1767.163086
515.627930
462.611328
-491.699219
213.276855
-531.595215
-107.384277
579.544922
1888.449707
-611.098389
-1510.784180
363.062988
1280.388184
2428.093018
3562.145996
789.243164
-129.975586
-1243.586914
-5210.034180
-6281.702148
-2495.990723
-698.857849
431.669189
1068.850342
845.631348
2774.863770
647.779175
-1930.965332
440.078125
-1225.306641
-1121.251221
871.509705
953.869019
991.090820
1404.142578
-998.950195
-277.594971
-461.374268
1063.984375
616.057617
-290.212891
120.922684
274.458435
-1074.768799
-842.264648
170.907227
1791.854492
-248.891113
930.204712
1342.634766
214.332520
500.019043
476.651367
-265.928223
-348.459473
-121.700684
622.591553
620.947266
1664.246094
-608.787109
562.516113
-107.881790
-879.391846
766.453491
2318.249023
2453.913330
741.091553
213.672363
883.513672
-1177.305664
-286.130615
98.833237
-219.905273
2287.902832
466.447510
-1163.813477
-480.703857
-523.386719
263.181641
666.708984
666.025391
518.908691
378.954102
272.255859
-1099.411133
-1363.264648
-881.574707
-1301.133301
433.749756
1006.348145
1579.844238
1049.380615
293.410645
366.697266
971.782227
830.781738
-942.133911
-584.618347
283.901001
1357.638428
1568.910400
394.585754
-714.087646
365.052734
-348.734863
59.260742
2448.407227
-545.425781
-226.365112
-307.993164
-342.834961
3644.363770
3243.896973
6.342529
-307.446045
670.441406
1182.714355
3604.099121
2231.514160
-697.857849
1540.387451
-111.274292
-404.510559
-667.219543
-2007.962402
-852.550781
-122.191376
2346.331055
148.056641
-3183.515625
-5810.165527
-7228.420410
404.965332
1573.805664
658.106201
3586.603516
-3034.205078
-3780.177734
-168.731812
194.271240
-443.269043
-235.995605
337.516602
325.791504
1078.414795
753.101562
1195.696777
4789.980469
5964.674805
1372.807861
-476.583374
-431.921356
770.175293
3478.297852
2087.010742
-55.135254
301.167969
3238.443848
3738.732178
1296.881348
427.636475
-33.390625
-1424.459473
601.860352
5369.523438
772.275879
-75.717285
-1115.832520
-557.651611
-149.478027
-443.814453
153.102539
521.637207
152.851562
509.144287
-565.931152
160.514160
1521.090820
924.204102
866.937256
-1983.766113
-3989.942871
13.060547
136.117676
838.609375
1181.391602
-2955.145020
514.191406
-649.748535
-417.593262
137.852051
577.180420
1124.466797
598.068054
-64.724121
-515.565918
-441.419922
696.417236
1288.475464
-175.960938
-1215.184570
-104.695557
-1408.774414
-1795.964844
716.790039
829.655273
472.225830
1609.390137
313.022705
492.251953
-622.188965
-410.234863
916.584961
228.551758
380.638672
-91.807617
-1161.290527
-1363.382690
698.341064
-1168.768188
121.896240
3128.929688
974.460938
-88.078644
1297.889893
-107.872559
-1132.913940
92.813965
1170.963379
-222.515137
-1687.003662
-481.863892
429.151123
-527.793945
-1842.080322
-1321.021484
-1775.250977
-1221.688477
693.255859
72.921814
183.300293
-3435.746094
-622.352539
-247.436523
-453.899414
-525.140625
-774.471436
-1125.796631
-1064.424072
52.526184
1950.138184
202.507080
345.307129
476.720703
1420.899902
1165.071045
331.920654
-32.630859
942.086365
-117.483887
-2457.325195
-3832.074219
-1483.115234
322.772949
1616.866699
1264.228516
-358.421143
-166.198975
-160.727051
-901.705444
3924.849609
1006.624512
-1092.882812
-1573.740234
-4925.057617
-1927.328125
-484.956055
-243.559143
2779.485107
2520.144043
375.914062
-1146.201660
-4382.744141
-2092.716309
1340.609985
255.472168
455.171387
-1887.010498
-2755.387207
196.890137
-107.327026
-945.835205
-5.313965
-315.679688
-1368.242676
285.194824
571.612305
-57.659180
454.624512
299.547363
-703.598633
105.015625
-242.435791
-346.289062
58.659668
247.089233
1796.197266
1668.039551
1671.345825
262.858582
-323.941284
-484.223145
1154.027588
754.626587
1209.236816
1177.354492
751.590332
3121.924805
5276.833496
4558.510742
2297.874023
363.567383
-460.293457
585.631348
94.709656
-678.226318
709.972900
1612.038940
1317.594849
459.131104
-268.964355
450.390930
1364.423828
384.914795
-226.942627
-7.232910
1237.060791
318.594299
-849.858521
525.169128
1213.217041
-836.534668
-2155.770508
-720.282227
818.861816
321.560547
-111.423828
-454.618652
-359.575684
470.494629
-572.652344
-914.975342
439.800293
742.223389
969.526978
285.139648
-569.069824
-900.422241
188.793945
1474.321045
1200.150024
-300.489746
-1128.783691
40.764648
372.658203
-1176.270020
-2056.481445
-2511.195312
-593.252930
3780.837891
4619.160156
1445.944336
-981.851318
212.083252
1018.599670
215.290527
-917.996582
-244.053955
-1173.366089
-1266.482422
257.911377
810.158203
-21.527344
-158.519531
-298.832275
-979.272949
-424.608398
-1494.269409
-370.737305
1975.539062
1500.557617
1345.754761
-1143.436279
-408.178711
3.141357
792.923828
2150.241211
1240.521484
17.327148
-988.603516
-1597.269531
73.214844
3230.075928
2810.442871
29.569336
-1482.998047
-2521.573242
854.777832
1941.486816
1286.618164
-81.773560
-399.450928
-497.525879
-1190.627197
-580.857788
466.741699
-646.451904
-2473.917725
-251.250977
513.538086
-209.289062
-1128.429321
-1559.371948
-319.660156
-530.028809
-861.038330
1042.967651
1056.822266
-302.054199
-479.447021
-240.995361
-47.924316
89.786377
-1408.147461
-1280.003174
-1344.048584
329.116821
867.438721
-500.865967
629.475464
1335.873779
205.038574
195.142456
148.872559
164.144531
-569.942017
930.763672
613.534668
545.215576
977.475464
535.186523
251.758789
-118.122070
536.505371
840.061035
219.996094
303.054718
654.698730
20.656738
536.181641
1247.888184
389.424805
-272.387695
480.780273
470.064941
127.864746
-286.886230
292.701904
428.850250
-167.149414
385.948730
541.471191
-402.317871
778.455811
-87.221191
-631.622314
-226.155762
390.546387
-46.691406
211.442871
-28.560059
-345.335205
716.464478
792.786316
203.845703
-16.271240
120.696777
-9.851074
-626.799316
-358.488770
1028.720215
1137.864258
572.380371
78.646484
51.057617
204.316895
342.617188
523.146790
-454.169922
-2197.278320
-1362.290039
-733.136230
-598.911621
1044.410156
500.555664
1248.648438
263.460938
1321.345215
1873.925293
97.199219
-334.524536
-1195.179199
-2240.190918
-910.222656
361.225586
367.552246
167.420410
-1043.691895
512.340820
-9.552734
1495.397583
3100.817383
-652.623047
21.465820
420.619629
1827.955078
1559.761719
-753.914062
-1317.835938
-2023.338867
-204.500244
2333.143311
-270.412598
938.350586
99.100616
-98.183594
1193.812012
451.474609
84.695801
139.022339
-1741.658081
-857.059814
19.277100
-67.280273
-684.691406
-264.867676
923.165466
-1080.125977
-919.466797
663.519531
645.688721
853.822266
756.119629
-69.032227
-608.601562
-331.524536
-1132.881592
-569.523560
109.400879
-108.331055
1762.261963
895.516357
-142.041992
-43.961914
119.475464
-97.567383
-639.746094
472.255371
1212.924927
-229.535645
533.952881
909.085693
-1421.713745
-1222.898926
-4.868652
2791.087402
5629.419922
3234.156250
892.583984
703.890137
-496.273682
228.017334
487.010986
-16.925659
-577.385010
157.237427
882.749268
56.607910
-298.091309
489.934448
69.237305
194.331299
1103.720215
197.757080
-5.404785
433.711426
94.551758
384.339600
-129.581055
-1221.741699
878.430664
301.218750
-6.368195
1150.862915
1134.790283
-182.318848
-363.142090
-1093.797119
-1176.067505
-158.655487
1487.379272
972.709961
-1725.532227
-3385.782227
-2152.892578
-611.133545
-477.228516
-728.086914
-992.500000
-570.705566
-559.372314
1099.475464
818.996826
975.483154
545.700684
80.608948
-165.858154
-383.620117
-970.497559
1598.598633
3858.561279
3639.983643
-279.290405
-196.889648
428.001465
-433.538574
1518.059570
-341.348633
-2874.590820
-937.182495
599.053711
126.212891
1134.674072
-238.800781
100.068359
-1490.793213
575.402588
-557.165527
-791.545166
-1093.591797
-562.256836
-181.057129
-22.508362
1189.475464
1132.787476
-38.455078
-44.266602
-480.546875
-2097.466797
-2323.043945
-94.548065
1857.630859
775.890625
1260.251953
2107.384766
454.317749
222.088379
189.493896
691.571167
-6.759155
439.145508
278.397949
1151.799316
1512.840332
197.032715
-948.620117
-232.610352
427.879395
323.129761
-545.752197
-217.039673
823.471436
-992.023438
-412.852539
-521.996338
-495.460938
1465.751953
1224.571289
375.233887
-775.024902
-1745.038086
185.234375
1107.563965
2133.476318
-1488.905640
-3398.636719
-537.030273
-213.830078
1436.108398
2426.717773
-7.116455
-2035.022949
-3966.696777
-4934.134766
392.992676
-573.584961
968.197266
392.967773
-909.146484
-2948.826172
2855.900146
414.166260
-1.965820
315.884521
342.436768
64.557129
-763.857788
556.218262
-290.870361
241.726562
1812.665039
-628.785156
-854.410156
1094.744629
1030.300781
1104.981934
1080.821289
-541.620544
-789.951172
223.046875
231.919678
-267.526367
181.406738
-521.565674
-456.681152
-870.272461
-138.024170
713.833496
515.419922
-3458.805664
-813.762695
1830.366211
-739.553223
-1110.608887
-1586.465576
-403.153320
-638.857788
-593.381226
-211.920898
1462.223633
1499.506836
1517.297852
-33.451660
139.110657
99.688232
677.187622
597.960449
2061.860352
2724.183594
696.467773
-818.405090
-550.488281
472.108154
634.375427
1321.881714
905.722656
477.916504
-440.409180
521.399414
-558.154297
-107.803467
-120.297852
-1079.524536
-352.334473
870.022461
2646.445312
2466.770996
-489.857849
876.657715
692.892090
2589.535156
4711.708008
545.538330
-486.296631
734.937012
-502.212891
-1686.692627
154.678223
157.284180
1011.596191
578.163086
2189.540039
1822.794434
-1419.988281
-1290.086426
-16.989014
153.477539
2785.877930
962.021484
-1238.854004
-1355.096924
999.988281
566.104492
111.468750
563.300293
-1534.965820
-843.412231
-174.808960
-1365.846802
368.525421
1825.545776
-188.225586
-832.500977
-1762.032715
-2736.785156
-5096.333984
-2363.894043
237.957031
888.681641
1483.096191
37.390381
-1763.413086
-42.494141
1027.475464
-1124.195068
-244.116943
-224.674316
717.838379
2335.157471
-74.096191
-1286.275879
-2198.034180
-1397.758545
943.680664
252.934082
-942.857849
392.687988
1136.855469
-448.931396
2.306641
961.772949
-127.865723
67.475471
-559.541504
-1677.028320
162.088867
-642.923828
-1004.296021
-809.583008
314.492676
892.484863
463.511475
701.689270
1199.204590
237.422119
81.706543
-1099.642334
-642.025879
-1178.390869
-604.301758
1067.533691
889.726074
784.919678
-209.265137
-2440.678955
-1981.121582
-184.239258
-722.193115
-1287.635010
-2590.603271
-2311.845215
-465.896240
1170.238037
1183.252930
-781.223145
284.629395
-1170.246094
-846.960938
1316.226562
1435.541748
1634.826294
719.221191
1389.000000
-1548.358398
-870.490234
-2185.926270
-1566.371582
951.147949
507.624023
-378.858490
384.734863
406.701172
-1220.043945
446.509277
930.587402
2109.554443
1698.835938
286.262695
-235.218262
733.957458
1220.902344
2385.871094
3009.357910
-757.216309
-773.036133
-139.396484
1663.554932
1126.234375
-179.864258
4.475464
-1381.185303
-2542.524414
-806.292969
145.228516
-1040.587891
1466.937500
-227.977295
-717.526855
340.991333
-168.206665
-187.703857
1651.787598
3880.116699
802.634521
-292.923584
-91.582397
-537.894775
-267.045898
-741.478516
-621.531006
-1910.858398
-3010.702148
-1088.861328
-589.190125
-1169.614014
-595.796631
-559.620117
-335.006348
1380.947510
458.125000
-2685.667480
186.260010
-1327.204346
1000.255127
1000.075195
882.016113
-20.813477
-1108.290771
-1156.416748
794.243652
303.360962
962.632324
102.322754
-942.948364
-78.556641
44.858398
-727.707886
2.728516
-706.217285
-88.246094
-1755.878052
-1908.296143
178.526138
-394.267395
-678.388184
-204.096436
-969.494263
384.959961
119.262695
92.160156
270.078125
-298.505859
-68.634521
-1376.328491
-1224.664307
380.682709
946.382324
590.520996
281.916504
569.747559
1222.377808
-780.524536
80.745361
2107.450928
162.213379
-287.751892
1319.222168
593.185547
44.378662
1114.459717
567.248779
-866.123291
-886.571533
-299.188965
114.916992
-470.450195
478.734375
56.922241
600.739258
-129.882812
3730.169922
6511.873047
4711.475586
596.600586
-282.429688
-316.220215
230.785400
-621.097168
-2.126221
1001.916016
379.061523
238.268066
867.754150
2195.996094
803.439941
-1361.156738
-836.611084
898.818848
1519.786133
-692.682617
-1322.233398
-3470.840332
546.503906
895.020508
788.092285
237.323486
311.142151
-78.853149
-122.587524
884.146240
-56.779785
-3160.450195
-6447.117188
-3679.604980
308.261719
2986.054688
-1961.402832
305.954102
-362.677734
-141.130371
60.475098
1537.459473
-1156.508911
43.466309
801.724609
-327.393555
-260.659668
326.919434
509.792480
47.646240
-1289.202881
519.595337
947.434082
-50.504883
-1692.221680
1194.407715
1248.480469
1144.723267
-726.805969
337.628540
-371.588013
889.696777
1450.223877
712.788330
104.262207
-157.428711
208.643066
-1429.395508
-776.296875
-2303.811523
-1111.355713
-150.697021
-38.863770
880.720703
791.422363
559.591675
97.892334
478.143677
-1253.566528
1130.561646
2330.098633
2062.485352
722.366455
105.771973
11.046875
27.556152
248.713867
4497.952637
1954.594238
1645.843750
1910.341797
1557.258789
365.703613
290.493286
1601.094482
648.408630
-1403.710327
-1236.491333
-549.958984
395.505371
-533.737793
-421.027100
-1156.592651
-831.309082
-603.737427
1183.830322
2089.203857
293.952545
112.379883
-1108.618896
-5068.443359
-2459.246338
533.321289
-389.322266
878.494080
945.255859
-74.423340
736.461670
-801.908813
-490.553711
-322.659668
922.499756
1013.722229
366.751343
2731.373535
2772.072266
57.886719
-723.075562
511.677490
727.608521
556.745361
-201.927704
-3.319824
-262.490234
667.778320
576.064209
225.404785
-991.190918
-1412.468140
-1098.672607
185.364014
121.133545
832.601440
887.121033
-56.148071
365.719727
73.530273
-630.464111
199.028564
1996.033936
3686.136963
1490.950195
-588.930664
-1568.716797
-6.268921
1829.347656
1480.779297
436.916016
391.274902
726.987061
-423.817383
2761.659180
907.899414
-113.223633
626.266113
360.376953
207.849609
-1755.537598
156.518555
838.346619
-127.215332
-1869.746826
-2436.750244
-761.073730
477.984863
-285.637695
108.624268
320.602539
-614.543457
28.240479
558.325684
-425.319824
31.169678
708.628906
558.081909
766.102539
-502.756836
-282.758789
258.122559
-17.564941
-687.691406
-755.818115
1189.612305
171.820312
-3829.767578
-3653.895508
-664.778564
-1200.522949
-909.164551
317.972168
-997.833008
192.050659
846.129395
-98.402344
990.493896
1391.475464
-305.300049
-1214.988525
-1102.839355
-2773.039551
1062.659180
2147.979980
395.655273
1240.777344
-366.083008
511.543945
-55.908691
545.886841
-128.030518
-100.624222
525.552734
382.927734
-769.812500
-1322.258057
-220.305908
951.832031
-182.740234
662.827881
3418.459473
436.787109
-379.606934
399.791168
214.808319
-1484.023315
-641.396484
496.183105
511.808228
-663.451782
-705.195312
-183.038574
-710.334473
-689.409180
-1191.867676
555.994141
-359.157227
1919.050293
2082.462891
206.892090
237.978638
554.159912
-1862.250977
208.670898
765.490234
404.263184
-243.242676
-1952.290283
673.926758
1277.825195
-1058.438110
412.904785
692.820312
-118.010498
666.445496
1009.112061
-375.736328
294.026855
2025.384399
2278.458008
4312.546387
1144.825439
-365.711426
339.112793
-504.132812
245.286896
52.367676
-303.043945
-1076.214355
-1033.170898
-876.563477
1505.806641
3230.266602
3289.188477
-688.652344
-499.811035
-214.347412
-563.811768
1539.781494
106.475464
-303.325684
992.922852
-810.615601
-43.785156
-1017.092773
-99.698242
30.489868
394.023438
1189.157227
-1194.823730
-5312.262695
-2767.041992
782.657043
153.483704
773.846191
114.131348
-1500.456543
-1.785156
5476.341309
7442.667969
1626.489258
-3060.396484
-4129.806152
1253.944336
5755.819336
3165.796875
-305.643311
-2842.367188
-3919.423340
-860.050659
-1093.817505
-1635.339722
-193.961914
-1458.749023
431.041504
695.603271
8.633301
-349.524536
-2864.640625
-2318.524414
812.108398
933.508057
522.742188
168.227051
-78.485840
697.108398
972.675293
442.701416
438.422333
-2188.708008
-393.387939
332.566406
540.836670
-522.494873
320.296143
174.442383
1116.570312
-39.634766
299.475464
40.895020
844.205566
596.722168
-2423.363281
-1842.555176
344.897461
-295.696167
476.163513
963.194580
-696.392212
-986.394531
663.655457
838.586182
529.894043
-639.533691
273.013672
66.861328
-50.434570
-891.269165
1521.639893
604.998779
-292.867432
-281.204224
558.241089
137.904297
-689.611328
548.833008
-334.553711
-712.918945
447.066406
20.693848
-297.687500
135.827637
664.187012
450.716309
757.058594
864.173584
282.363159
-92.229492
-480.816650
771.490234
409.012939
1111.027832
-405.557129
-2531.286133
-5474.967773
-5393.012695
-3104.781738
429.601074
97.794434
-453.479370
-8.940674
-477.706543
-1120.060425
-8.476562
-826.455078
2179.684082
972.700684
239.437256
740.633301
-527.095215
-440.845703
-1013.431641
48.565918
200.615479
-2170.012695
-2582.881836
-247.104126
2766.915527
2692.093750
2230.895508
-574.173828
-2301.162109
-3577.564209
-844.996338
-126.950195
794.087891
236.496338
-623.349121
42.962891
992.407227
2203.481445
710.994873
-993.676147
-1102.977417
-773.504028
59.890625
801.904297
-676.841797
-2810.614502
-1089.118408
1192.479492
-1532.635254
-993.571045
-100.132568
-1762.399658
-166.972412
114.994873
-114.528076
-1781.817139
-6287.968750
-3325.706055
180.172363
3915.999023
7212.277344
723.125854
-395.181396
1849.634766
388.287109
1405.343750
2725.351318
190.472656
147.459961
-1781.508057
-639.645508
688.291992
356.282227
-284.176270
-385.766602
1358.366211
1067.058472
383.173401
107.919922
-876.863281
417.177246
1255.917480
892.774414
-919.364258
-1658.685547
-3169.530762
-1268.810547
424.294922
1620.536621
1352.203735
124.093506
598.498047
-237.255859
-540.203125
170.730469
357.948730
939.625000
-532.839355
759.571045
221.528809
-1486.811279
-3659.307617
-1016.467773
816.024902
1079.068848
-65.853577
-2878.823975
-2279.136963
1928.945312
1966.582031
1760.904297
2423.475586
-1915.599609
-2843.796875
-524.083618
642.247070
439.868286
-66.705597
-1573.566528
-18.233398
1019.588379
228.696289
316.142151
311.550293
558.192505
-2534.541504
-2321.821045
-850.108398
-978.585938
-486.465820
800.521973
1414.184814
1313.867798
381.558350
906.671631
-886.793945
1903.471191
675.992188
2255.799805
-95.008301
-798.520874
-1260.644409
-732.937012
-420.500488
-719.188477
-1295.510742
-887.202148
513.430420
-216.109863
-3585.977295
-3517.750244
-920.504395
-1349.528320
-18.002441
627.942627
884.301086
-8.982910
836.347656
-689.592041
-137.916016
2107.606934
73.252686
-742.938721
171.950928
-1020.612549
-1215.519043
383.089600
-13.290955
-397.411621
-151.193848
1371.070312
-213.236328
71.883545
-1425.311035
-1656.821533
-1384.061035
-695.187256
517.206055
750.644531
989.109131
1031.331665
600.374023
-587.539062
-187.013489
1308.848022
1772.004150
1228.207520
1358.297119
472.645996
261.495605
-395.734375
-279.669922
-522.598633
341.413086
568.755371
217.080017
681.851562
1255.224121
-434.047852
-70.495117
169.722168
-1394.652344
-318.000977
408.772949
-449.541016
-59.609863
2479.208496
2184.535645
1146.231934
32.304489
-37.513428
2915.368164
1673.327148
408.632324
-1535.251221
-4155.163086
-2296.807373
-674.395508
1007.758301
435.771973
609.342773
19.023926
-161.185547
2358.168945
4340.673340
1448.863281
187.145874
-382.341187
-231.812012
22.257812
-431.338379
-128.234375
266.928223
545.288696
195.583008
1242.005371
2447.112793
1181.630981
499.173279
-931.850098
-3313.060547
-1949.156250
227.350586
-1737.405029
-145.846680
1158.197754
377.246582
-976.857849
-367.236328
-1609.581055
-3852.774902
546.834961
960.477539
971.943848
682.340698
-286.975098
469.726318
1644.379883
480.596069
518.698730
178.471680
-970.877930
1476.480469
772.258789
2041.316650
297.580322
-728.978271
-3261.417480
-3492.510986
217.738525
620.274536
-757.699951
2474.915039
608.931152
193.740479
348.475464
611.636230
-275.217773
-186.549438
-440.273438
-747.900391
-1107.733398
-615.773438
-853.060059
46.465820
514.340332
-381.604248
328.909668
857.332642
-746.919922
-332.057129
-971.022583
-2883.473633
-1637.133789
-649.801758
155.528687
-558.751831
683.190674
665.479492
886.345215
433.696411
-1499.479492
-373.949707
-571.744873
-788.698242
940.107910
1944.667480
149.843018
-566.283936
-0.079102
254.534058
666.203613
644.916016
28.438477
693.204346
1058.539062
881.944336
1020.440430
1057.259277
232.075195
1171.442383
670.469727
-298.954346
-101.725098
-528.810547
-632.177002
-135.182617
-45.379395
-389.527954
-649.056458
7.425293
1540.378906
919.645508
343.819580
-887.079224
-177.003418
681.812866
-567.526855
-80.571289
-1023.799194
-1045.111328
-731.016602
336.385742
831.741211
-957.601685
-62.630615
-1365.139160
-1352.788086
881.118408
421.813232
562.424011
301.210693
-2165.279297
-888.341797
-885.888672
178.417969
559.219238
191.619995
-669.327759
-1072.358643
161.224121
174.436646
1608.050049
-391.104187
-1778.548584
54.009277
1671.593750
1431.970703
-934.866821
-1427.951172
-710.254883
249.752930
882.795410
-792.514648
-300.468750
214.782959
889.246582
831.939453
800.714844
347.281006
-2058.900391
-1703.423096
-623.356934
-446.731720
-925.509277
-744.966797
-10.810791
734.739258
-649.314941
-34.576660
-157.171875
-2464.433594
-2449.559570
-280.000244
2382.750977
3131.828613
351.958984
-1338.284668
-8.490875
-506.958191
127.177002
50.434082
-1124.894043
-937.127441
-11.358887
-979.101929
-907.159180
578.500244
1549.465332
517.509766
-311.524536
-912.790161
-828.733276
-720.765625
-635.927612
-812.746826
1729.580566
2682.713867
234.457153
-1039.047363
68.016602
-1004.928955
-397.415649
-118.794678
12.022217
1150.495117
-108.849426
-48.037720
1145.987305
2206.522461
718.991699
-938.859802
-416.952637
-101.810547
-914.788574
234.646484
1155.347656
-240.221680
169.248047
-21.529785
-2363.480469
-3199.588379
724.886169
339.823730
-1048.152222
92.194824
-803.810059
-414.893860
2930.127441
5547.405273
2554.713379
10.000000
532.197266
-770.995117
-778.232300
969.830566
566.533691
-350.891113
-910.010803
-972.686035
40.950684
1269.253418
-654.151855
-1237.957764
-360.299561
289.848145
-1493.042114
-326.188354
701.412842
872.983643
1098.142090
750.819824
763.360718
658.015503
262.240967
969.324951
1694.900879
2820.115234
3032.306152
-1228.861816
-921.716187
1155.612549
-576.222900
577.757202
4151.586914
1774.975952
-609.783081
286.251953
-949.819580
-1112.146118
-714.128418
-1814.988281
-782.709473
1266.168701
497.500977
-1040.924072
199.070801
453.609497
961.014771
271.044434
-542.212402
524.769043
-255.031250
-1269.841797
104.723389
-316.470215
485.142212
3946.358887
3153.683594
856.527039
641.421875
-383.403320
-832.597656
1443.967773
1421.917480
675.528809
-625.944092
-1370.751953
-263.038086
879.783691
164.977051
679.342529
506.098389
-361.633301
-1131.231445
-216.672852
-318.028320
-15.083984
-104.005859
-850.768066
-656.670410
666.360352
-147.835022
1749.843994
1344.344604
-1634.979980
-3502.007324
-3610.126953
-668.136230
-344.870361
664.368164
956.495117
-1350.175293
-1757.115723
-197.844116
1182.880859
613.104004
880.121094
630.055786
293.297363
607.316406
1298.695190
640.562012
399.803955
-173.137451
-519.675781
871.756836
553.199219
-93.773193
848.696777
371.448242
128.858154
116.516846
-515.302734
-1570.549316
-1394.555176
-389.280396
-338.442932
-189.269287
-146.541992
-1290.524536
71.262207
180.843750
-452.824463
375.171631
-159.268066
-469.222717
-178.437988
583.582520
852.795654
810.040039
1210.167969
-32.810547
-286.875977
-635.448120
392.894409
1627.115967
-27.560425
-860.036377
-379.746704
-1860.798096
111.705322
528.546326
-974.958252
857.548096
979.785889
-404.885010
663.526611
72.645752
-1305.128174
-401.814209
1117.468262
701.923706
219.777100
-233.105957
-739.612061
289.780579
-4820.122559
-6841.541992
-1497.683350
2002.988281
5721.981445
4076.427734
-830.916016
-1846.679688
-2090.325195
-348.983154
-278.619385
357.237793
772.888672
-1365.298340
-388.366943
17.694580
-3484.507324
-3091.391602
-2131.744141
-1017.511719
-124.924316
1770.877075
252.025146
-287.930176
-400.454102
-537.947998
525.423340
37.196289
0.550781
-579.428467
-1186.167236
1280.062988
1693.792236
1423.998535
2088.223633
-19.745117
135.904053
3269.313965
3531.822266
2985.313477
2931.473633
718.999023
962.226562
705.066895
1494.729980
513.049805
-316.137207
744.706299
-70.294922
460.360046
273.467407
1262.673218
256.218018
641.407837
1923.705322
4223.283691
1207.003418
-684.280273
266.901611
546.142151
713.446777
-259.991211
-864.545654
-875.265015
-471.734375
-44.131104
-757.828979
331.388184
-641.921448
554.625000
179.216797
-136.836182
-1525.295410
-1035.807617
-727.409180
-988.635742
-875.995117
301.674316
97.223999
175.112793
484.241211
1012.482056
-1024.180176
-1904.441650
-2245.439697
-286.321289
616.750000
-752.881348
-773.193848
-825.706787
-1577.546143
176.914307
-426.320312
-639.585938
-264.018555
411.542480
477.787598
-908.602539
-13.050781
-636.191406
-69.419922
638.017334
-76.561523
-368.277100
-1128.145752
40.072266
239.352051
746.134766
489.314941
-258.302795
-236.538330
-98.833496
-1247.857788
-256.044067
256.578125
-84.513672
-199.419922
48.120605
1534.375488
917.826660
24.563721
142.574097
-476.075836
-1665.681641
-722.801758
1158.544678
495.914551
-457.948730
58.169922
-419.737061
-527.142578
678.137207
1167.476440
1230.127930
747.274658
-1019.690674
-503.401367
117.829102
364.026367
-169.669434
338.706543
2429.625977
2007.814941
1272.025391
-1244.876953
-788.071289
116.731445
1339.051270
596.913574
-1744.179443
-4302.078125
-2476.620117
648.783691
-186.770996
-1841.166016
-719.104614
358.497803
-1951.521851
-568.281494
1349.116333
-1114.468140
-801.418945
-274.120972
-974.599609
13.792969
217.967285
614.709351
790.445312
751.315430
1456.634766
-880.071594
-992.145020
-478.541504
-294.728882
906.315918
847.491699
1426.162720
958.472778
615.438599
-258.525879
2322.585938
2437.535156
1226.774414
1391.324829
2439.989990
-109.527222
-1208.726318
854.217773
1689.803467
1247.869873
-470.031860
-1183.789551
-1268.949829
-863.738159
-197.409180
-514.788086
-1191.713867
-357.213867
-291.540894
-1653.090332
-1084.373047
174.525146
-116.592773
366.244385
1725.319580
364.555664
196.519043
1012.465332
25.665039
283.133301
1147.272461
375.449707
-863.349121
-124.607910
223.584717
84.003662
1130.244141
770.310059
-811.451904
548.200684
988.553711
373.850098
164.183105
-116.808350
-499.979370
-202.382812
-749.930664
-1549.561523
-272.050781
1122.709961
311.409668
849.816528
-79.925781
-959.424805
682.928223
599.896484
-300.628906
713.746582
249.458740
-148.840332
2533.138672
199.674805
380.428223
1204.329346
215.389648
498.633545
530.872070
282.174316
3217.764648
5446.668457
3301.193359
130.171875
-232.351562
-1019.260498
-914.960938
874.355469
-232.073242
86.462891
1057.827515
397.300293
-1101.316284
-751.942871
399.986084
-1156.887085
-1831.869629
-83.236328
-154.559570
-402.104004
-677.524536
-1133.495850
-362.224121
-136.099609
-256.377686
675.872192
-310.047943
-1121.512329
348.606689
-164.043945
-887.334656
-658.510254
-459.557617
713.633789
1136.229980
322.496216
-16.077515
748.420776
1594.142090
1766.187622
770.887207
5.478516
-906.379395
-239.792480
549.400146
1316.003174
231.547363
-382.558594
-246.649414
-221.564819
-100.268555
-710.119751
509.142578
902.465820
2775.680664
-51.797363
-1065.241821
-305.721802
189.674072
459.427734
1356.088379
-131.936279
-771.626526
-857.357178
841.317993
4620.614258
3387.281982
-173.127441
-610.252930
-988.984375
785.479248
808.590332
-549.253174
-553.306885
-534.306152
-1013.713745
-1782.363281
-1384.634399
756.583984
2169.998047
1010.888428
761.261230
-1193.434570
-390.452637
425.947540
1589.188721
1176.673828
449.131348
-842.729004
-732.854492
153.023438
-583.701538
37.955811
1145.493896
433.828217
106.251953
1202.370117
1755.668945
523.471924
-957.318359
-445.327393
1595.422852
946.933594
370.973633
549.599609
-826.125977
-1046.960205
899.736816
648.009033
313.832642
1244.793213
473.149414
180.794678
2448.364502
2140.885742
-1127.612305
111.894287
-217.863281
-57.596191
103.903320
-22.082031
1756.135132
967.961182
1831.272461
4641.704102
2422.018066
-1569.189453
443.408203
-672.846680
-892.473511
-521.013916
-954.012939
-542.507324
-399.750366
-448.553955
-136.186523
604.666016
728.455811
1090.288208
1443.747559
388.420898
-33.542480
54.752930
-1078.042236
-823.428467
-5499.611328
-2248.343750
-2601.595703
-191.012695
-770.311523
600.067871
-2437.569336
-3118.307617
-5906.074219
-48.273438
1144.528320
597.579102
147.632568
-697.257812
1139.630371
-2.426514
-835.285767
950.567261
766.988525
-95.178711
-794.816162
494.840820
-587.256592
521.722168
170.321289
-311.302490
1931.165039
1662.830078
-577.595703
-2265.269531
-3679.589111
-2882.854492
-1356.467285
-957.777344
85.097656
476.920898
4192.562500
2576.338867
-558.560181
-238.290039
334.958008
-1872.443481
-75.737793
2554.838867
940.801758
-745.325928
-267.577637
824.709961
2062.600586
221.080444
-626.034180
-360.102539
-1217.882324
100.168823
-115.701904
-3172.342773
-3295.761963
-1435.446289
843.616211
-256.544678
-979.487976
162.737061
-104.416504
-1526.173828
-1228.524414
568.142578
1659.746094
-7.811523
-537.600342
5.348633
773.116211
-543.676880
-324.811279
983.040771
1589.164551
2059.255859
2639.533203
1658.670898
-483.280273
-794.294678
-471.369141
-392.478760
-1316.111328
413.221680
2420.928711
4237.723145
4331.428711
2362.428223
1865.260742
1620.230469
1651.422852
1595.335083
66.623169
122.724609
-231.507812
-1700.186523
710.311218
-48.104004
-110.103027
971.820312
-849.426270
-640.895142
61.678711
516.931641
-16.338379
-1034.083496
-3818.307129
-2537.701172
465.801758
-1561.367554
-719.335938
428.493774
858.037720
710.193604
1088.371704
776.728516
-255.687988
431.282227
-310.189697
685.511292
3681.162109
2564.449707
-236.531250
543.341553
-442.309448
-855.017822
423.486206
-496.449219
-2673.148926
-603.381165
-232.865234
-248.838867
-255.384277
-3187.826904
-2617.977295
1335.410156
1672.090820
2062.155762
356.289551
47.166870
223.599121
-2094.400146
-1671.871338
152.650391
167.214218
-284.986816
-5.435547
156.916016
-665.453125
-2016.516113
-3276.322021
-735.816650
715.893555
-352.302734
-191.416016
-281.904053
-1090.708740
-1366.448242
-1379.295410
-1201.809570
-526.504883
-581.125000
-126.554199
1827.906982
1084.070801
200.913605
457.281006
-1414.715332
-643.881348
322.350586
-1235.820312
-149.332764
-873.853760
-124.618652
204.473633
-1085.358154
-1154.077759
-1497.263184
-841.615234
20.524414
-960.888184
-1499.847168
-352.895508
420.263428
820.353516
259.485352
-2523.777344
-1719.232422
-462.279541
-14.776855
1877.159912
83.553589
-133.245605
-1061.679077
-1668.559692
-28.019531
-125.540710
520.796875
693.155273
-2501.900391
155.032715
69.386230
1327.674805
334.681274
292.645264
1646.254761
357.479492
-521.708008
1157.260254
-62.111328
-876.072693
138.786621
3116.466797
4914.602539
3295.457031
-1304.920410
-3367.697754
-2117.815674
494.564453
3459.914551
1798.660645
737.721069
692.350830
-1014.823364
729.187744
501.779297
-717.204102
-661.204346
-97.174805
-337.872559
-2265.611328
-1392.645508
-734.232422
-143.421875
33.107910
354.674866
1608.684204
598.096619
-849.005615
1053.981934
378.143677
-1622.254517
-37.996826
1232.583008
1916.590820
744.191895
210.457031
1942.036133
18.772461
-1002.945496
965.575928
-731.060059
-1494.188477
1330.152344
1866.172852
1042.664551
-1258.973145
-1725.826660
-784.629639
-495.070312
974.601562
297.517578
-374.714355
1332.142212
1325.229248
1079.168823
659.243164
-917.106445
482.999512
19.170410
-2628.299805
-1376.391113
343.838867
-215.833984
-668.591187
-344.370605
-919.860229
146.709229
-650.755981
-1278.166992
-1720.526367
-2210.572266
-12.840332
1773.876465
-1130.424805
-244.655762
-1612.148071
-2828.205322
-411.007507
232.428711
-784.021973
-2784.179688
-2553.625244
-588.680664
-605.383789
-604.787109
-309.113770
-745.545898
-1766.823608
-721.735718
920.479492
-983.295898
-1371.681152
-739.771973
-129.727295
459.763184
1350.313477
-11.509277
-850.105225
2311.085938
2675.661133
374.641602
-961.419006
145.690186
565.250488
1287.944336
354.579346
-413.489990
-10.544312
561.025391
533.409180
1391.076172
3527.065430
359.151367
989.758545
-18.281860
1208.765381
-1112.532227
627.344482
3508.375000
449.012451
-421.800537
695.409546
519.127686
618.828613
374.408936
41.266113
384.465088
921.498535
856.423340
828.855469
598.641113
-1169.174316
-1269.421143
205.555542
1482.702637
587.780762
-383.332275
-765.133301
505.225586
284.282227
-805.778809
-1743.227051
-658.166016
624.138672
455.336914
-97.194580
-568.156006
-691.338623
1426.808350
4262.210449
1822.142090
-188.524536
-416.834473
-869.507812
-200.969727
552.666260
-420.099854
-737.648438
134.520508
-72.227173
631.646790
1073.660522
-12.924316
725.604736
-920.269165
-1615.676025
-789.867859
-189.932861
3125.210938
-427.462891
597.232422
-1215.916504
-952.245117
-358.015625
76.753906
802.795898
490.963379
812.406250
423.816895
-730.815918
-274.753052
1172.970215
-1081.770996
-399.693359
-1369.700684
-447.504883
717.182373
868.073120
1855.016479
1133.013184
4114.554688
1378.350098
-1803.452881
-1677.300293
-2241.329102
-551.831055
215.975586
-906.604004
-2018.411377
-4131.860352
-3296.807617
421.194336
1364.354492
-324.169922
-481.108154
-1327.712891
-525.386963
465.985840
869.578125
-283.959229
471.882324
271.341309
-566.320312
14.106445
730.434570
-110.327698
239.696289
-382.944824
-106.997803
2776.833984
1930.931274
1184.495605
1197.157227
581.792969
176.088867
835.660339
1309.843750
123.414185
343.111328
-672.863281
-1010.086914
-900.100586
1691.837891
-1097.870117
648.468750
72.479004
-896.319824
165.961670
513.291260
351.147461
603.987793
-1654.436157
41.954834
-1445.814941
-1468.885498
-85.723633
1755.711914
609.130859
5224.568848
2412.942383
67.869141
65.364807
1205.171631
395.492188
-979.979858
-117.132202
-182.904785
-1821.937500
505.212891
957.488770
-559.758057
-287.345215
10.585449
289.898438
25.858625
333.542969
-841.631836
512.003418
316.799805
2632.159180
139.243652
-286.908936
32.169922
-114.166016
-839.732178
-150.650879
93.777832
185.984619
-174.196289
918.636230
-80.565063
-263.517456
-1661.575562
-864.994873
438.490479
278.430176
1166.859619
-488.980957
303.518066
1319.442383
2778.089844
1398.658691
-776.101074
-89.855469
-1590.812134
-1802.788574
79.443115
600.604858
656.838989
211.014893
-619.925171
202.937622
-818.798645
-1345.526367
357.886719
15.337402
808.273438
-145.826050
-735.907959
409.729492
779.898682
1112.852783
-64.255127
-1100.495605
-913.023193
-1912.031982
-1301.806763
-296.568359
2607.662109
1955.002930
-46.012573
-467.537598
-17.374023
-1654.580078
-1227.700684
-223.555664
-136.843750
-849.773193
492.819336
1336.455078
-383.776855
-932.667969
91.702637
213.894897
267.864746
-773.383789
1373.930664
418.865234
-2089.593262
-1460.251953
-35.167969
-1235.410889
61.167221
266.429474
-1004.572876
26.799194
666.469482
-164.526855
-235.421387
-190.458130
-754.755859
-1227.179688
-1599.662109
-967.329102
215.125549
126.304199
-852.107422
382.824707
465.404785
1408.316284
646.585205
192.667969
1509.736328
392.074707
-1104.582886
-990.332520
-1927.859863
-101.989380
-1007.878662
-3867.383545
-2171.774902
1316.764893
560.229858
937.552246
883.302246
-1637.118408
-3573.931885
-747.910156
811.372192
-365.198242
-139.950928
507.182251
55.266113
11.458008
-274.734375
367.049805
-376.967285
928.253906
563.457031
-382.428589
135.476562
43.530762
567.274170
297.930420
-850.293945
108.740234
-1293.826660
-4079.692627
-3097.823730
-777.492188
876.132812
946.047363
446.340820
829.392578
1043.161133
-1359.446777
-3664.980469
-2021.132080
-178.153564
835.486328
2273.988281
2120.266602
-208.719238
583.386230
3252.976562
2712.604492
1038.592285
1443.402588
191.433594
-170.806641
745.169922
1653.072266
-403.389404
871.202637
-753.917175
179.193359
-1250.181641
209.908447
4307.927246
3375.452637
-318.092285
-988.208984
-1278.589844
1869.734619
749.398438
-138.383057
360.260254
494.114258
-186.714844
169.557617
-2047.892456
-39.533020
-1758.988037
-2654.971680
-1278.419922
501.054688
-1141.146973
131.358887
808.453369
318.652344
469.342773
1651.049805
985.554688
-362.857849
525.142151
908.628906
306.494141
828.715820
-1260.109863
-60.708496
254.942871
536.743652
-416.503296
-1638.825928
3.889648
1347.999023
2801.038086
-39.228027
397.570801
1081.784180
123.989624
1851.205444
2574.286377
615.642578
257.136719
49.930664
1296.418457
1209.323730
-83.949707
138.674316
-447.868164
-1780.055176
-827.042786
-124.317627
428.202942
845.259155
402.046692
-535.857849
881.475464
407.942627
-647.130493
-1161.001953
-239.765869
-868.222290
-1162.566650
-886.907471
-841.056641
-1762.245117
-5025.739258
-800.890869
225.787598
7.084717
1440.589355
898.118164
-774.396240
41.395996
2156.530273
1163.000000
-1771.833862
871.957275
1312.865723
467.689453
298.249756
-941.629761
-684.646729
3548.415527
5883.285156
3298.963623
-644.133789
-2428.103027
-3422.873047
-752.694824
757.572266
145.860352
-1950.040527
119.836426
686.272949
-580.431641
59.725098
454.876831
-72.416016
-85.205566
983.951416
-49.440186
-474.819336
1061.344238
-18.818359
1274.613037
4058.860840
2414.814697
-639.430786
-1451.334106
-699.306396
-523.885742
590.115479
180.143799
-1800.223145
297.834534
1611.641602
102.909424
119.769043
148.463379
-539.740234
716.906738
845.675171
-219.929688
559.927246
1059.799316
-778.017212
-622.168945
629.722656
-50.711426
-92.106934
-470.424561
-681.857849
-170.932129
-398.413086
-1067.152344
41.581543
378.245850
-1383.902832
128.487793
1096.520508
661.447021
-504.497192
-136.718506
-808.239258
-1525.208984
-134.733643
552.647705
1248.285889
-389.304688
-1872.949951
-257.236145
580.861572
-285.016602
961.443359
667.210938
-1831.020996
-67.462769
681.642761
15.733154
872.405273
1262.344360
-139.303711
-780.352539
-757.267944
-954.508789
3.144531
-368.160889
811.727051
-690.287415
1293.860352
1382.561523
1313.851562
316.063477
350.308594
-2297.904297
-1991.857788
-777.547363
-1542.071289
-752.250000
490.581055
1967.922852
6605.042969
5807.773438
536.142151
-955.295898
-2001.799805
-1115.962402
-796.683350
-1313.810425
284.339844
742.279785
-311.860229
-586.602539
1581.791992
365.302734
-265.857849
-72.493652
291.351074
-574.990112
-727.426392
-1894.830078
-193.442383
1758.862305
2089.179688
422.364868
333.260742
-429.757812
137.004883
619.175293
1005.614014
940.049805
-508.500732
0.742676
-576.180542
-32.832764
-110.676270
-1466.625244
-45.517395
1145.620361
-969.339722
-731.202026
-708.315247
-1466.849854
-25.951233
903.787842
-353.430664
-562.025879
352.935547
1024.487305
2025.197754
171.767700
-1087.605957
-273.623047
-69.631836
-141.158203
95.336426
671.588623
796.919189
1073.112305
1694.877441
1082.005859
-1016.518066
-3883.585938
-2657.973633
-1529.646484
-1440.687500
-2240.388428
-1724.368896
740.878418
993.174316
2114.566650
3484.620605
3209.350586
506.201660
-1160.494873
-765.010742
650.290527
1623.007812
1409.913696
816.639160
-153.291016
-1512.652344
-2050.235107
-798.901367
994.858887
457.530640
352.700439
-1127.987305
-437.272461
164.626465
583.741211
1101.050781
1324.684326
1835.334351
375.421387
-861.352539
-1296.940430
1429.261963
-255.900879
-189.674316
-227.760925
-1782.610352
-2160.427246
-2632.851807
-3490.485352
-3820.294434
-1253.107910
711.721680
-658.576904
-1144.668701
209.982910
884.047363
355.558594
541.552734
969.761719
2628.575195
2009.293945
1280.323486
910.183411
1646.981445
4209.991211
2792.696289
588.695435
263.397461
2425.870117
89.366699
-235.420654
694.240234
-200.728424
973.584961
1057.695801
562.470032
791.198730
180.124023
-487.980957
221.769287
167.829102
516.347656
-2250.314453
-3102.138184
906.150635
375.224609
1290.428223
1299.428711
190.775391
-116.687317
1053.051025
-194.914551
617.085938
680.238281
476.480469
106.919922
-997.053223
-895.031982
235.088867
-522.650391
-886.635010
-247.922363
-1361.146240
-62.480469
-1441.763672
1538.124023
-391.242188
-1302.302612
-401.133057
380.712646
-836.579529
-311.725708
1474.896484
613.161133
-611.488770
-989.153320
571.771484
910.267578
126.606934
-932.423828
-1077.966797
-767.047119
715.857788
4501.414062
1974.206543
954.117188
315.798828
1234.120605
-693.066895
2713.019043
5565.377441
1618.641602
-894.765625
-768.119751
-712.400391
212.430176
2045.220703
1883.006348
2346.718750
2319.968750
-1189.480957
-199.286621
561.525879
68.205078
567.180176
2060.574219
770.640625
613.492676
1549.386475
970.295044
739.577637
659.071533
-752.451172
-902.895508
1224.074463
824.926270
2172.420166
3355.361328
122.896973
686.777832
1064.085571
1621.522339
3151.821533
1677.987305
-980.864746
-449.047607
-799.857788
402.418945
2178.295898
1197.415527
-1488.714111
319.843872
1914.868896
-181.174316
283.142151
607.768188
-580.379639
557.962402
731.359863
680.246582
507.358032
287.858154
-452.907715
-1027.494385
616.296387
559.982422
-769.635742
-1338.512939
947.043457
546.488281
-979.122070
233.019531
-153.044861
-963.997314
-383.003906
-137.842773
974.640137
3489.422852
2696.860840
417.965332
-950.857849
-667.799316
-703.378906
-275.285400
378.277344
-810.453369
-843.103516
-14.559509
1026.881348
466.738037
-623.322266
-2569.522949
-4022.252930
-2370.746826
291.290527
-342.059326
-1197.374634
-1551.089966
-36.770264
-297.646484
-1456.362793
-254.413086
-3481.328125
-3080.115234
-1471.419922
2346.614258
7475.312988
7959.145996
656.627441
-2246.951172
-1340.953369
-19.620117
2910.727051
5467.770508
4350.129883
244.954681
951.706299
1297.890625
-900.141113
-364.681641
296.997070
-991.638672
-1025.230225
-986.298340
-729.853821
363.327637
-718.984863
-2810.780762
-2160.150879
112.197754
-444.029053
-1371.857788
-140.294159
1658.905762
1133.416016
-180.187988
1784.829224
1346.482422
-1264.485596
41.252930
309.196777
1523.216064
2098.286865
-11.294922
-696.003418
525.757568
1272.534424
783.566162
412.435059
778.856018
775.055603
114.330322
564.252930
-91.110352
-1128.995850
-357.304199
-249.664551
340.890137
-971.560547
-4653.961914
-2240.622803
201.051880
333.271240
437.716003
432.942871
654.280762
-1241.097656
-1667.800781
-952.584961
-35.891602
-453.048462
432.312744
3649.986328
3383.824219
304.487793
-219.216797
-2089.963379
-1044.778564
1220.610107
451.077393
621.835693
750.829102
1150.990723
715.744141
-693.543945
-545.889893
114.226074
-854.361328
-1265.168457
-667.313965
-1209.894531
-974.311523
953.182617
-177.658691
-953.648071
569.626953
2961.511230
2865.161621
257.811035
-163.652344
-286.756836
-4.540039
107.026855
371.508301
102.544922
661.550415
-1465.654297
-1228.749512
-1182.084839
-120.384888
2379.876953
1004.566895
-277.797852
-369.421509
-1520.279785
-59.752930
1065.359375
1337.244263
599.165039
-2597.599121
-2038.439941
-479.072266
1191.337402
1528.164062
1957.445312
105.366211
1101.289062
207.095215
741.265991
1252.048218
1030.857666
-292.502441
-1214.645508
408.694336
-204.355713
-419.190063
742.712646
314.158203
-1590.876465
-1481.741455
233.433594
2417.887695
4422.609375
1654.673828
799.550781
-173.622772
984.877930
2837.769531
1206.870117
-663.428223
839.977539
-150.096680
-1316.524536
-721.206970
-721.978027
-1638.792480
492.320312
1369.992920
1110.447144
270.655273
-866.837891
-443.148682
837.497070
1086.972168
2436.086914
28.392029
715.679382
10.399292
-256.116699
-1265.198486
1347.579102
-1238.598633
-281.574463
1544.126587
1080.620361
506.295349
-1175.832031
-1664.783691
441.501465
2298.352783
1138.333618
568.551270
-1.968750
2124.202148
1968.646484
844.335632
-438.178711
-1462.404297
-793.890137
-51.087646
-661.786377
-1049.528442
1092.606445
-432.062988
723.962891
416.727661
-464.436249
151.126953
-691.539062
-384.040527
-143.124756
-116.975586
19.656250
1543.475952
247.418945
-467.463898
513.856934
415.274414
1260.608398
583.525635
-1186.376099
537.485352
3477.332520
604.913574
-331.913086
642.057373
-924.660767
-5000.903809
-5128.959473
-1902.478027
187.955811
143.979004
1048.341064
-342.320923
-977.525879
-913.043457
389.821777
-218.465576
-3723.975098
-2173.112793
1385.972656
2459.418945
640.686951
-924.102783
-4686.982910
-4058.806641
-262.975098
1390.948242
1021.402344
-26.259766
127.451904
1626.747192
853.349121
-1026.844238
-1064.896973
497.908203
249.708984
-139.957275
-222.554108
1795.430908
1304.634033
-487.904968
-483.432007
-348.653809
-222.191406
-176.776611
391.929199
-80.787598
-729.612549
-973.996826
411.448730
2803.771484
3759.204102
1433.962891
358.210938
1327.233154
474.910400
-621.382324
85.899902
96.554199
550.685425
143.643066
-750.005615
-118.784668
487.019531
-1881.459961
-552.118164
786.475464
431.261719
1137.752930
-824.669922
-408.376953
-44.194824
321.366211
160.532715
474.836334
83.208008
-0.032227
631.777832
960.350830
1297.791260
2359.958008
1508.567383
55.059570
-338.842773
111.273682
297.610474
-534.551758
-84.422607
2307.400391
1013.582581
879.002258
-867.066895
-550.883911
-155.270752
908.020874
1359.918701
-686.262878
1114.821777
1707.917480
-430.103516
-996.531738
-2295.381348
-188.925476
559.022034
-1440.336670
-74.128845
740.548828
527.498413
-234.799194
-634.004150
-421.201904
-125.675873
-467.286377
92.720947
-195.558563
24.261230
1618.807617
-218.013672
-1023.250000
-997.802734
21.885742
81.476562
281.928955
-2068.550293
-3809.008789
-1424.421143
203.523315
-767.429321
-1575.448120
-937.280823
-840.156128
-1286.856323
-575.028809
-448.118164
532.869385
1118.072510
1537.541992
-1128.587158
-1065.854248
-126.483643
-826.166748
-404.464355
443.281250
-638.041504
-1140.044189
543.781494
-982.594971
-1314.765625
900.383789
-1097.509766
-1209.998779
1261.752686
626.413086
231.156250
649.034180
-361.071289
-179.575195
-232.947266
-591.964844
-638.904785
-1451.199219
43.503662
785.373291
-119.852051
-307.881104
2412.800293
1056.874512
-1113.450439
-960.910156
350.506836
-760.393188
-361.787598
21.057373
-187.398438
-1705.002930
-589.520996
1850.998535
220.369141
-1220.875977
-616.537109
274.114502
-324.777832
-422.968262
-682.569336
-1888.082275
-49.036621
-118.256348
425.447266
800.416992
480.720215
270.916992
-1316.038086
726.771484
1997.492920
2549.133789
473.878052
-426.924500
985.479980
281.408691
60.801758
310.216309
3.298828
-3037.783691
-2980.397949
124.137451
180.519043
-237.566895
402.475464
-466.874023
203.856842
-115.950195
2622.340332
4742.490234
1977.670288
1697.200439
661.639648
-949.182861
-507.171387
-1691.811035
-1290.740723
750.854248
-858.153320
-1448.934204
-219.882080
493.545410
324.749603
573.887207
302.872070
88.829834
-1267.102539
-14.647705
-219.115234
627.143066
-899.730469
-1360.925049
73.007935
135.604126
-654.330444
-421.001343
-142.008545
-122.603271
-79.845703
953.816895
2978.183594
1410.235352
-749.820923
907.212891
2507.478027
-179.203064
-605.233398
-1745.946289
-1215.619019
338.822266
1338.071289
1793.897461
839.775513
2040.129150
1884.136719
-689.176758
-265.554688
610.118774
482.578552
569.816650
667.924316
1001.230469
-818.095459
-1954.328125
-1238.187744
-477.867889
175.646912
-382.214844
565.416260
178.816589
-1478.745117
617.151733
1609.432129
969.248047
3273.555664
1787.640137
1101.755127
450.619873
-532.466797
531.965088
1963.025269
1032.413086
649.064941
920.310547
216.288086
-1493.665649
-911.041504
755.942383
-822.680664
319.062012
845.453369
-277.838867
-388.119385
-334.056885
589.275391
24.333984
1149.391357
1192.385742
-1386.352539
-1084.539062
-1095.041748
-861.823364
-340.846680
581.737305
287.564453
47.301392
-965.954468
62.328491
720.723022
311.527344
2096.199219
1678.849121
-647.550903
363.185791
-115.125000
-38.989746
-281.603027
415.494141
-855.933594
15.909668
98.838867
-580.427246
640.055298
610.723999
108.390381
537.786133
-429.352783
-741.421265
-3746.713135
-6135.061035
-4187.870117
-605.682617
507.878784
-1111.146606
-507.525757
348.036133
-230.906250
-1354.304688
362.554688
666.135742
349.625000
604.387695
760.856567
452.896484
145.373047
-896.116821
2691.548828
6315.921875
4626.475586
2091.617188
281.706787
749.383606
773.729736
-423.603271
-27.403320
-2993.989014
-2878.874756
236.596191
-261.016113
491.614624
317.118164
-931.781250
246.828125
-46.483643
349.872314
136.120117
-818.031738
-195.791260
30.135864
-794.329285
127.765381
1068.216797
173.492188
692.653320
-540.644531
-1108.745117
-4010.400879
-1543.654297
-1435.707031
1132.946777
548.909424
-44.471191
885.869873
296.950684
387.073242
958.543091
134.257568
1394.015503
-124.906006
-30.466309
-226.239746
-311.486572
1721.808105
949.764160
-152.918457
-348.745361
-2686.126953
-1450.755371
1378.610840
1491.349609
864.482910
-1316.592041
-1231.857788
-326.373047
385.819336
2375.745117
214.662598
-951.549438
439.087402
1165.611816
-730.042603
-211.843384
356.039368
550.729004
1904.958496
441.638184
-1078.755371
-1863.957031
-499.705078
2100.716797
1017.457764
-464.155884
162.698242
733.106934
812.298340
819.326843
-398.734619
-956.718750
-1390.665039
779.934570
1160.614258
82.411621
-134.495117
46.434082
-520.474121
-1767.724609
-187.475098
-865.302612
648.674927
1506.300293
-209.587646
-1503.750977
-426.794434
-6.561768
1281.447510
1786.675293
538.187500
-343.023438
-68.599609
751.907715
-46.352051
1442.125977
3082.604492
380.141113
297.278809
837.130371
-157.350098
-947.231079
-24.946167
-1128.402100
-946.705078
-377.082031
-428.626953
-2244.029297
-398.315186
1194.222656
-83.468018
274.797852
1210.267090
1049.940796
1344.791260
-1253.629272
-1513.129150
-1903.902588
-246.712402
48.257324
-484.143616
636.932129
372.676758
-981.530151
-118.965820
-177.651367
-602.275269
-814.029785
-226.187744
-1945.336548
-3245.536377
-1837.588989
-783.375488
-1144.157715
349.716553
1360.445557
-258.528809
-1192.562988
274.100586
1294.361328
115.286133
-904.057617
-2514.815430
-4351.140625
-1388.584229
-299.373901
313.665894
1540.255493
1394.026367
587.298828
670.959961
-978.739746
-1688.996582
-590.484863
-853.808594
-739.246094
70.536133
-1437.176270
-2424.923828
-3061.865234
-1212.317871
135.022461
959.004517
278.562500
1317.929688
488.095703
-2252.018066
-2516.375977
-1315.353760
-97.785645
107.556641
1055.068848
3210.610352
2389.088379
-1529.915283
-1714.915527
-3257.302246
-2637.543457
994.298340
40.744141
396.636230
-321.515625
213.531250
-403.402832
249.974854
185.220215
386.180664
313.320801
-802.551758
-121.678955
1006.787109
4689.218262
3213.232422
-734.804199
-490.706787
88.705994
-2236.470459
-593.116699
273.151733
-1205.505249
-1574.825928
-734.150146
-903.615234
-2796.784180
-873.890625
-1915.057739
-914.850708
210.510498
-345.633057
267.010254
2527.459961
1186.979004
-144.379639
-2169.689453
-1450.082275
-542.521240
-289.422852
-272.992676
143.315186
-300.483887
170.136719
700.172852
599.717285
1227.726562
657.261963
-822.823242
-1422.297852
-575.528809
51.043701
345.830566
-11.276611
2373.805176
1882.942871
-534.218750
-916.173950
119.829468
932.029297
463.876953
210.588867
-471.076416
1422.272949
4669.300781
2747.113281
575.458984
12.199707
224.662598
1680.674805
2669.039795
1008.606201
-1156.202148
-1062.857788
-871.806274
-701.954590
1287.674805
860.151367
-30.757812
170.506836
710.149902
746.470520
-213.608398
-865.040039
-3038.035645
-2286.420654
-83.812012
1025.704590
-166.857666
560.420410
1285.081055
-166.392578
-86.226074
-1596.781616
254.811523
388.230225
294.200439
1060.881714
439.150391
-176.289307
1433.831543
1144.446289
-365.671875
264.529297
-570.955078
514.115234
1859.916016
-665.590698
-48.879639
-979.605347
-29.672363
987.479980
415.157959
1700.342773
-347.768066
292.764160
2191.200684
-85.073608
-689.248291
1196.301025
-113.499634
520.367188
2936.797363
6.002686
-149.391174
1136.706299
-1028.995850
-1639.609131
-1298.451416
-2668.216797
-678.820801
-96.868652
2743.402100
4870.544922
2099.641113
1005.810547
483.536133
-406.200684
1309.170410
-1161.724609
-6141.957031
-4860.270020
-2064.299805
353.181641
391.135864
421.531738
-366.804688
-651.078369
529.260986
-1150.611206
-2021.647461
-256.978516
919.448975
1901.414551
424.968994
-2178.725830
-1013.039062
-275.700592
150.210938
183.782227
832.648438
1107.564941
1786.038086
3044.359863
1109.541016
310.368164
-943.322266
-408.110840
705.280273
-1597.069336
-2281.776367
-1142.831177
1239.098633
2585.141602
1359.641602
-337.524506
-1226.142090
1017.500000
2439.118164
561.715820
-599.729858
211.452637
-670.742676
-88.119141
708.124268
-335.632324
-941.349121
1948.050293
2795.166992
1073.446777
-916.380127
-1059.587891
-686.296387
1662.412109
1422.309570
348.740234
-966.625977
118.125977
-598.016357
-668.820312
-2519.322754
-5649.187012
-2587.826660
1163.068115
-272.121399
18.190536
-687.369995
-760.885010
-921.057129
414.832275
-101.162354
818.026367
-1323.690186
-2329.396240
-2678.501709
-1553.089844
-936.265625
-1700.122070
616.130859
803.638977
-706.181641
102.949707
-227.478516
444.222656
1100.316895
38.613281
-913.661621
-10.277832
-470.107300
-524.124878
-1198.477905
-150.701416
-121.046631
-712.821289
-221.219727
115.204102
-474.950684
581.743652
-571.486328
-54.733398
708.491699
1896.749023
2237.321289
1361.827148
709.189453
1178.796631
1127.864014
379.648315
55.692871
-555.265625
-980.126221
21.968262
883.944824
1273.918945
190.536133
-95.234131
571.125977
-2321.867188
-1071.558594
-38.751953
822.880615
3373.417969
4320.384766
1394.429688
1191.902832
702.042480
85.368652
-236.895020
-607.355469
-92.142578
-357.392334
-510.857849
250.111328
902.868164
-558.583008
-1650.857788
203.624756
903.869141
-844.411011
-1142.746826
-2385.056152
-1538.181396
2020.685669
3745.339600
2335.384277
-1451.050781
-5826.784180
-4309.032227
-858.994629
525.884766
131.798645
1211.185547
1627.445312
-13.528320
-202.669189
488.575439
434.824219
-5.515381
-1066.884033
-1042.366211
-418.371338
-649.128906
-142.088379
-395.771240
-1483.857788
-2022.836060
-1301.225220
577.279297
-430.765137
-376.721191
-249.510986
751.426270
979.506104
1262.032104
-2552.583008
-4345.855957
-1274.398926
488.104980
3779.213867
7070.796875
3985.260742
560.147888
-154.935425
-989.929443
-288.539551
303.158691
79.217285
577.762695
1109.942871
243.684082
-1235.371704
-3040.005859
-2923.397461
81.373047
-843.281006
1502.142212
-273.043945
884.357178
294.373993
546.457031
1090.042969
-665.514648
-505.645203
1266.786743
1034.263794
1011.833740
33.015137
-2245.885742
-1408.535889
57.117676
416.054199
2450.361572
2484.712891
48.250000
257.563477
1255.416138
748.487305
-30.420593
-779.118896
-303.488037
-589.171875
-828.602722
-542.462402
5.840820
590.072754
925.643677
66.514404
-941.182617
-389.498535
828.427490
-591.918396
-1626.320801
-919.277100
-924.578613
-499.142822
-73.710938
1446.369141
956.882568
128.894043
286.330322
-3273.910400
-2025.294189
1275.515137
-538.535034
-335.083252
389.857422
274.634277
134.380371
2821.967285
3509.868164
585.922363
972.414429
1753.770996
35.771973
-0.590820
-235.636230
531.536133
155.818848
900.454834
1252.481567
750.708008
366.576172
10.478516
298.533936
1387.353882
488.517456
-106.281494
3.140869
-2098.875244
-544.104004
-2097.023438
-3214.944336
-2515.963867
194.109497
1859.643066
3044.769043
1276.224121
146.281738
-89.623291
-925.419556
-1435.100098
-1313.824829
-1399.444824
212.504883
843.615234
-481.190430
-111.136230
303.753174
477.106689
676.415527
739.716797
-823.062500
136.729492
1336.061523
-968.915039
-674.271851
465.911621
-268.495605
4.224121
416.520264
180.228516
-328.094727
-940.056641
-540.888916
443.142151
-688.456177
-1085.614136
836.680847
2123.981689
677.136475
-675.791504
-1547.970215
-972.157227
2691.015137
1170.139648
2623.049805
-232.664062
1291.600586
353.911621
1503.858398
2309.760254
760.308105
1521.017578
434.067627
-540.099365
423.531128
62.803223
597.989258
373.240234
62.078125
1112.909668
-248.460449
-927.784180
-2567.237305
-3269.907715
-439.897034
704.438232
104.063477
1102.944824
875.140259
742.717041
-459.394409
-401.712402
1774.513184
491.151611
-1299.836548
909.337280
423.234131
-122.895508
865.349609
-1101.208496
-67.776978
532.328613
-1259.384277
-354.406982
-397.742065
-989.763794
-372.365601
524.562256
-61.012985
-1373.710693
-405.903564
341.379639
586.397949
-892.397949
-1651.057617
321.174316
1225.594238
743.427734
589.200195
-1271.865234
200.634766
462.785645
755.570801
-13.009521
27.257324
242.625000
378.524414
194.234131
-842.228638
239.585876
987.959045
199.651367
186.352051
-497.895020
221.452148
915.440918
292.461426
446.118408
1039.934082
143.272461
-913.637695
-778.321289
-2372.962891
-404.801270
2766.911377
3553.499756
136.888672
168.168640
747.658203
227.042480
114.596680
-954.716858
-1362.731445
-715.783691
-171.721970
1323.138184
1353.505371
1018.786865
11.679688
-796.070312
3679.255371
3854.531738
120.767578
-878.537598
-93.911377
-1155.678711
765.908203
2410.099609
-836.164978
514.973145
-91.526855
272.196289
217.514465
-235.524658
469.804688
1122.535889
-383.793945
-326.529297
-245.358887
-1728.970093
-1019.035156
1106.263672
72.510742
-976.216309
4919.868164
-353.207031
-698.821777
-254.521973
-4070.478516
-2480.949951
-237.599609
1176.654053
-719.196411
-369.846680
-1059.223633
-1518.322266
136.979736
-813.685547
39.926758
202.707031
-1037.626831
1196.891357
164.526611
328.086914
971.510742
4609.193848
578.971680
-577.288879
218.715149
-730.951050
460.630005
1337.201904
-699.478149
-1131.414062
595.724609
359.500000
715.860352
1076.094727
245.550781
-1011.231934
1.742188
1597.088867
702.942383
-489.259766
-493.892090
-671.886230
65.649170
399.492676
432.327148
-1077.454834
-1668.182617
-1048.808594
620.852539
-260.562592
-521.029175
732.876465
-329.392578
-523.589844
189.447754
-878.645996
176.613281
788.122803
-701.616211
340.926270
43.550293
-1117.007690
-123.175781
429.494751
80.825928
735.493652
559.259277
805.467041
2205.084961
3097.864258
2605.012695
561.502441
-773.424072
-491.293945
-377.788086
-330.262329
1115.413574
432.500031
-672.684814
-1756.486206
-3476.729980
-570.663086
-522.446289
183.970459
-314.476074
-1775.969238
-3549.235840
-123.754395
993.095215
30.512939
-190.207520
-6.137695
-266.818604
1608.456055
303.628906
431.356445
-879.150146
-1007.333008
-1762.591797
100.875488
-336.217529
599.362427
-613.614746
-1105.214355
-1408.629639
-564.532715
-218.232910
1132.967407
4353.338379
1413.097656
-1366.325928
-665.162109
-1921.652832
-127.808105
451.613525
-1115.446045
-905.548828
179.983276
959.486328
686.747681
-1078.954468
479.972656
906.104980
781.457520
1172.177734
1642.857666
-766.386719
-514.454224
553.199524
-2350.043457
-425.157715
91.829834
264.410278
440.910645
-849.107422
-1254.364014
-658.509338
77.537109
-756.364014
-1796.584961
-3452.802734
-935.321289
-257.854736
1240.814453
2704.500000
2084.292969
171.161133
870.555664
213.477051
-240.748535
504.536865
-367.167236
7.244629
806.259155
829.378540
-63.395996
-588.408936
-320.110596
661.631714
-738.883789
-1828.223145
168.357605
699.571045
-362.962646
-808.567627
-188.751709
-280.237183
-811.240723
1778.304199
397.577454
-404.240479
-526.640625
-2847.158691
-869.758301
593.104980
1001.275330
2555.845703
1051.206055
-1409.920410
-851.851318
-395.084717
-384.803467
-668.779785
-599.246094
272.991211
14.870117
-254.624023
-334.359863
-957.146240
-535.227783
2353.281738
1037.582520
-1725.541992
-1050.902344
-72.166016
640.261719
3613.990234
2137.554688
-242.104980
-506.121094
-1915.433594
-2391.007812
530.315430
2211.029297
1699.122803
-473.776733
-1180.771729
-2118.817383
-2610.416016
-1277.442383
288.558838
-746.783936
12.341797
189.246582
-665.770996
1352.604004
4318.668457
1382.068481
-1131.857788
-53.145752
508.877441
-659.606689
-1171.103271
-81.786133
-676.615723
-1013.911133
466.014648
663.842896
-752.564453
-3731.136230
-1430.594971
606.394043
1112.130859
2083.578125
4007.250977
4945.694824
1858.385254
52.547363
-600.343994
-4381.824707
-3794.208984
-1257.993164
709.498047
525.498779
-966.599121
-1108.913330
-1051.615356
135.668701
-314.795410
-2265.937500
-1938.949707
-1291.693848
-677.782227
-641.418945
1566.650391
-116.802734
-284.050720
316.268555
-828.347656
-44.961426
-179.284180
430.423828
995.247070
-50.499023
-367.700684
-1535.035400
254.697754
2088.246094
1069.867676
-115.531738
1288.393555
1349.759644
1470.147949
1119.406982
-18.582520
-130.688965
-840.987793
22.939209
290.675293
-802.407715
-486.721191
272.287598
4744.344727
2857.824219
-28.320801
-248.681030
587.514404
-147.117950
311.531555
-1316.859863
-996.856873
609.760986
-499.381836
-556.192871
24.786621
-197.678711
-204.323242
-692.526123
27.348145
163.208008
-1342.524536
-1259.834961
514.133301
114.878906
222.849609
-489.576416
-1040.029541
-206.176758
-440.399933
-690.980225
-818.803223
-1252.326172
-57.993164
-51.081055
-308.842285
280.127930
-46.327637
92.881836
-142.908203
-541.216858
-635.209717
390.971924
143.478027
-2767.915039
-3611.797852
-451.360840
1857.186523
1204.721680
1314.739258
477.355469
-987.712402
-353.106445
498.446289
765.983154
987.588989
778.658569
321.218201
-1878.383057
-341.662354
-1783.695312
-1858.015625
-585.474609
-609.461548
-482.985840
541.346924
-1458.022461
-673.589844
439.433105
-777.980103
-609.668213
-2367.924316
-3142.064453
-104.927734
757.897949
2008.984619
2031.998535
671.721680
481.730469
29.827637
599.884766
-332.451172
-969.137207
-101.524536
236.160645
359.269531
916.658691
261.917969
-52.458496
1612.847656
1108.520508
-344.373535
1432.523438
-1185.036621
-2519.249512
-1886.581543
670.434570
898.206055
573.347168
-711.297485
-729.904297
689.142151
34.321777
434.149719
877.965576
8.874512
653.945190
1215.864136
532.144409
199.484619
-32.184570
-252.788788
-312.551758
-805.184082
-798.418701
-1467.568481
-499.323853
325.162292
-88.619751
758.449524
-827.673584
-1449.105469
-545.412109
-1661.329102
212.970215
-520.525391
1031.109741
-378.583984
-2796.219727
-510.708008
889.728516
1616.866211
1566.458984
1066.927734
-820.009277
-587.509766
-994.117188
-1354.788208
-1101.018555
590.076477
85.142174
997.036133
905.681152
684.954102
-1156.753906
-155.244141
-69.157715
362.001221
929.591309
1072.128784
2484.188965
869.861267
-623.231445
-335.791016
1158.939941
532.160156
370.246338
326.262787
-691.074890
-889.546143
370.397949
1084.332886
1123.782715
-651.947998
-589.627197
-99.003540
1180.651367
111.974854
126.053955
1655.455566
221.592285
-296.161621
1589.873657
382.884399
9.326172
456.221680
449.499023
91.476807
-4271.706055
-5247.091309
-907.312256
145.172852
577.289062
3005.243652
1089.657227
-113.562012
230.185547
417.639648
-101.285278
-63.076416
63.112793
-384.693481
14.287109
476.394531
493.788574
2035.824951
1362.059204
199.096924
743.949219
1912.686523
754.754883
301.313110
1478.015137
-232.332764
1124.875244
1496.912109
649.177734
68.784180
-582.110352
-686.733154
-431.741211
113.155273
41.370117
-631.595642
2529.582031
2117.049316
-446.681671
-5288.399414
-9499.752930
-3879.524414
965.406433
-852.938721
-133.585938
-105.266602
-1143.926025
-373.514648
644.118652
-91.883789
-2640.290039
-2421.282227
-464.249023
633.970215
2146.461914
587.199707
-396.075439
1586.862305
-560.794434
-11.576416
-232.104980
-525.787598
-1249.086182
-1031.866211
-1006.423828
-286.202637
-391.398438
58.502441
-693.524536
-821.887695
-610.932617
-584.433105
-68.572998
1023.022339
405.734619
-573.990479
-1732.291992
-1740.934570
71.623230
-635.100342
292.759521
405.718994
139.914795
-245.069336
-2467.398926
-865.641113
1098.911865
108.169434
-773.505493
-276.500977
185.037598
558.270996
1265.322021
-573.168457
-1726.236816
-106.427361
836.133545
-557.055176
105.461060
98.422363
382.423828
780.972656
839.879883
105.909180
579.435547
309.893799
-127.232178
-67.417480
-146.789062
-1100.283813
-1557.181152
312.490234
1459.737549
-82.197388
-1143.766968
55.344482
-907.529297
-1015.039429
892.196533
-2283.350830
-4153.432129
-280.023560
98.936646
1012.754089
1316.034180
-98.408203
169.893311
229.283997
-58.436035
643.152344
1409.265747
1471.427124
-93.406738
-578.954102
477.617676
670.439209
647.427734
897.968262
687.050232
-524.924805
-2066.913574
-88.067871
-279.753662
1940.054199
3013.030273
874.367676
-940.596191
309.328857
-994.769043
-197.117188
1192.596924
1112.829834
585.569580
3651.094238
1769.542969
180.791016
-1810.956543
-2855.493408
-1299.705444
155.354248
-873.405579
-1714.698730
-938.171875
1133.086914
2743.487793
-73.566650
-433.454102
-1035.853027
727.002136
5992.998047
3573.938477
-50.959473
-444.994629
-2275.729004
-1794.546143
-1095.761963
-78.518555
-2006.586914
-1929.667969
-1779.197266
286.429688
282.904541
234.133301
-871.950195
-30.840820
673.934570
613.282104
-325.816895
-2227.332031
-1285.489502
1314.581055
-423.324219
1084.723633
153.944824
902.475464
741.131165
1580.076660
-48.296143
-191.309082
1448.481812
-700.138672
-1550.104492
-198.999512
63.657471
147.142166
188.073242
-1433.406616
244.901855
-1611.870117
-2678.460938
385.457031
871.402344
-479.753418
445.824829
1684.633545
1613.591309
-761.442383
326.977539
-2552.149414
-3859.811523
-1096.682373
496.107147
-246.183594
644.202637
847.670044
-83.442871
851.005859
1067.831055
-378.136475
-81.626709
1477.085449
266.591797
3723.836914
-546.770020
-1045.340332
-772.231506
-439.604492
166.506104
-1285.303467
-928.650696
739.723755
-2497.457031
-3290.522461
-1101.385254
792.979492
-8.374023
-455.740723
564.899658
496.816895
234.058411
1158.543945
-297.170410
-576.786865
930.709961
280.427490
-846.005859
380.930664
103.713379
452.432129
354.185547
405.230469
-661.443359
-1027.482178
-342.504639
960.855469
365.353516
-501.872070
-680.529297
477.396362
738.401123
987.834717
971.529541
212.623535
949.498047
-559.826660
-1858.794434
292.979980
76.177246
470.214111
1249.981201
1668.646729
472.265137
735.188965
2698.280273
4165.928223
3243.316406
3482.062500
632.942871
-486.054688
75.410278
77.417908
124.515991
62.531982
1481.940918
1058.857422
247.428711
-340.803833
-373.908691
-435.414307
-411.900146
-127.232422
367.700928
843.714600
-317.825195
-524.622803
-405.675781
1211.094727
7854.432129
3219.710449
1483.165039
-299.861023
-393.921875
127.618652
130.076660
-334.079834
196.586670
-2424.375977
-3479.030029
-1481.978516
-322.863770
501.709473
1969.880371
2652.088867
1844.052734
901.646729
-2832.967773
-4893.366211
-513.858398
1514.067383
-52.970825
-56.504913
-128.880371
1119.416016
71.269531
6.499512
-627.135864
-92.562271
246.761230
97.982910
1198.768677
875.870117
-566.462891
-2.091797
718.500488
-793.872070
-312.062988
183.325470
324.649536
-923.771912
-339.404785
2591.240723
2005.981445
108.030029
-902.530029
395.575928
767.228516
-511.542236
-1186.603027
117.631714
220.604492
-190.132812
-1046.319824
-2737.420898
-2215.677490
229.079834
-172.197021
-1739.379639
-997.096436
198.435059
1070.967773
1248.491699
4119.244629
7902.440430
4617.971680
-131.689453
616.437012
-751.236023
-952.277710
930.389648
3137.726074
1305.096680
-127.431511
1451.970947
1053.106445
-71.433105
683.204102
-337.093750
1638.092285
8014.697266
7538.717285
188.508804
-251.022217
760.117920
-90.255127
-980.024841
-1335.434814
-594.738525
-1550.243652
-1698.104492
-118.578125
-1058.262207
-5094.637207
-5222.636230
18.248047
1601.213135
2943.337891
2771.357910
294.864258
659.401855
-1523.853516
-3702.049805
-1291.671875
259.347412
824.103760
-315.552734
419.499023
-752.119141
-438.247559
2820.047363
6396.859375
1754.358765
-1085.853760
1158.656250
-675.066772
-282.349487
347.319092
-479.782227
-461.831787
-1642.803711
-2180.607422
774.061523
600.313477
-266.388672
-3.612793
-91.059387
-1191.160156
-998.386597
576.193359
-796.864014
-975.758789
-335.591309
-435.924866
-48.059570
-461.857422
1078.605469
-62.254395
-573.771973
620.739746
68.700195
-588.058350
1145.570312
907.091064
-498.850464
-364.924286
590.768005
-1333.328857
-508.123047
375.910156
60.041504
909.674805
399.767822
-1044.317383
-1651.752930
-750.762695
795.135742
265.475464
-232.824768
359.897949
713.652344
2558.066406
587.237793
272.611816
832.941162
-707.103271
234.367188
657.877930
-329.865479
-980.177734
599.367676
1104.166016
-37.524536
-2244.448486
-3731.946289
-1957.941895
-1463.145508
279.523926
294.768555
290.019531
-6.081055
-333.272461
-134.326904
-299.538696
1020.363220
1166.638184
1181.834717
430.809937
-1758.955322
-843.118896
-807.204102
-647.208008
375.431641
2463.313477
1652.345215
244.038574
222.719727
129.941406
831.779297
1649.817871
-10.548096
878.689453
1342.684570
-403.846680
-699.332703
-142.552734
213.579590
304.091064
-991.051514
-1126.106934
233.680176
1139.866699
697.442383
241.245117
-510.323730
-1961.112793
-4288.257324
-445.198242
196.775391
491.539795
2357.482910
-83.327148
-896.670898
-745.795410
466.321533
1761.415161
-589.418335
-579.029602
926.658447
535.014160
1149.034668
1003.316650
268.082153
1074.162598
635.263794
-617.632080
-1022.246460
-552.246277
233.637695
-1574.524414
-2094.078125
-347.813904
839.838501
458.185730
-481.696014
-495.415527
888.915039
586.208008
-395.833496
2.187988
521.507812
-72.430664
-710.077881
-1574.488037
-4934.212891
-1747.013916
-4.913391
1207.911255
2746.592529
-43.663086
-444.929688
-224.859375
-1644.847656
897.316406
1035.094116
732.049805
594.776367
451.313965
404.910278
382.495483
13.234863
-411.092773
-314.181152
-652.780762
-216.402832
144.616699
-266.604492
-387.713623
499.426758
964.885742
2452.074219
851.449219
-790.366699
-976.959778
-1550.463135
-290.913330
1074.983643
-110.241699
-1525.946289
-1207.885254
-100.157715
-278.232422
406.839844
309.725098
-99.666542
519.518066
1531.060791
183.388916
-2093.719238
-952.399170
957.874023
2688.747070
1694.468262
2667.237305
401.684570
485.065918
893.440796
1695.136475
357.947235
-345.257324
-7.588867
946.662109
1775.616699
877.142151
541.514893
-569.800049
258.088867
239.998047
589.685059
187.152466
-164.593994
-553.937500
-381.334473
404.647461
-496.364380
-1254.840820
2174.686768
1124.180908
1536.608398
-32.632812
-65.948547
932.026367
3716.075684
5905.264160
3028.965332
-1453.154297
-317.368164
86.147461
-30.474609
340.218262
250.791504
300.736816
804.451172
971.922363
4184.065430
6087.925781
2718.658203
-660.513916
565.110596
1447.764893
832.223022
-544.018311
-608.009277
-335.260986
875.980713
1574.644043
377.796875
-368.551025
194.150391
-695.682129
-581.452637
-993.955078
976.297363
444.467773
-1055.174072
-484.603485
-672.230225
-690.580566
-373.924805
722.747559
412.087158
1316.194092
4577.511719
1342.943115
-641.406982
-370.074219
-2141.376465
355.196289
98.617310
-1311.448975
327.788574
-167.307617
9.988770
-80.316406
-1014.769775
635.982666
329.594238
883.933838
134.536377
288.528809
2229.474365
930.716309
-138.032227
-902.373047
-1515.697266
-401.217285
315.220245
-680.210693
452.967285
1162.216797
395.328125
-409.857849
444.207031
248.173828
19.991211
-1176.962036
-2570.676758
4133.784180
-483.660156
725.014160
2691.423340
-1303.413086
-662.837891
1714.051758
737.656250
70.612793
-1013.668579
-1177.326172
-1267.124268
-1183.369141
-231.817627
673.201538
960.422119
672.915527
-51.916016
-632.477295
-242.356445
167.219971
-469.989624
-488.600342
-443.166992
1099.340820
-285.618164
679.303711
-155.104675
149.473145
-1379.884277
-245.654053
872.038940
-1033.112305
2429.705078
560.336426
51.842773
31.288086
302.088867
-84.751953
-606.077148
-192.410400
-409.949097
-430.960815
318.475464
705.926025
-515.115723
-1198.073242
-194.612671
793.453125
170.086914
-366.466797
-188.824219
-1708.605713
-1617.858765
-1365.844482
-68.496094
367.784668
1046.320801
1262.172485
1061.889893
-706.544922
-487.988037
215.587402
555.908203
367.279785
1594.265625
-710.654297
-789.409180
485.663086
-211.708740
-2484.945801
-4650.301758
-2949.434570
453.486084
-279.497070
20.776855
-1481.429199
-5972.427246
-2778.473145
1613.384766
4337.907715
5176.108398
713.273682
-120.947266
1402.426514
69.973145
-358.398438
-623.986572
223.017578
-277.945312
-123.759277
2264.882812
1087.917969
-63.688965
534.949707
428.953125
709.271484
-265.857178
828.025391
1603.285278
241.218750
628.944092
1889.788330
579.084961
-281.915527
-685.049316
-342.511719
32.756348
-1067.413574
-597.324707
28.694092
-539.567383
875.990479
-318.781738
-1828.241821
349.729126
581.474609
-52.271729
767.295898
-268.822632
-1993.415039
-1515.008789
1625.565918
1409.235229
775.709473
-761.659546
-855.922241
1272.010986
555.877502
-253.003876
-80.624023
-2643.555176
-1574.619141
318.530884
-78.286621
2223.613281
1959.259766
1648.000977
275.245605
-290.401123
-151.784912
-3346.611816
-3319.264648
-1370.857788
-1279.759277
-593.137695
114.449951
270.410950
-583.636719
-100.496582
-219.211212
881.485840
17.642578
-731.442871
1219.477783
140.875488
-525.611450
-158.899414
533.294922
654.985352
-2130.817871
-1121.051270
-37.372437
2467.865723
3285.374512
-803.261108
-152.282227
1129.142090
310.791992
-79.443359
37.859619
-618.028076
-103.508301
828.922119
-1034.990723
-1608.646484
-1015.832520
354.877930
1406.927734
210.190186
56.440308
1482.695557
1666.914673
1051.788452
-134.344238
-324.943359
-452.425781
-320.146606
-1129.696899
-457.363403
81.746094
-358.986328
-792.455078
-378.067871
1107.791016
2376.707031
1837.267578
314.410156
853.047852
327.112549
787.773315
1429.634155
-169.897461
-975.406006
334.702087
-464.600220
-1102.037598
-493.604004
-621.951172
460.455078
714.899292
290.947266
-495.206055
406.941895
1245.032837
1013.908691
-609.310547
-17.589355
108.873398
1277.388184
1281.163818
-133.827637
1615.898315
1860.129272
-1083.847412
-1474.973511
-287.761597
-738.158264
-1158.305542
1546.636719
1341.928223
737.757324
81.441406
-1760.744995
-1402.280029
154.421387
1467.670410
1182.397217
-788.238770
-383.249329
-97.184387
-121.731079
-656.634033
488.794434
3056.166992
1080.805664
502.380859
205.342285
-1226.247559
-782.137695
1250.546875
634.213379
44.003052
-300.774170
471.583740
-667.338135
-1172.592651
-504.210205
333.551758
-878.122070
537.266602
626.681885
-255.252930
31.352539
-777.518555
836.107910
1037.370117
1179.593750
181.788574
58.312988
359.299805
-625.621582
184.585938
153.306152
-113.773926
911.420288
-844.629639
-36.949219
477.783203
1098.927490
1545.836670
371.751221
-1853.908203
-621.524902
35.947266
3291.889893
8812.123047
7928.004883
1634.300781
-1217.520020
116.475464
517.604309
-691.719727
-290.604492
246.126465
-352.682312
1055.290039
4283.842285
4747.046387
2395.600098
961.178711
-417.378906
-678.828857
82.213257
77.304626
1167.788330
13.583252
200.552490
2793.979004
2508.064209
15.679321
-37.204102
216.772461
-375.149414
650.790527
502.668213
-399.478027
-1522.600586
-962.144287
-240.380371
-746.845947
340.169189
1753.370117
292.154053
298.961365
-173.183777
-417.231934
495.184814
-354.919922
-1601.925537
852.343994
-89.100037
215.422852
-533.368652
56.019043
1026.698486
-1427.131348
-338.900970
477.333984
-155.272949
3732.631592
2776.335449
-335.722412
284.677979
-655.059998
-1079.755371
277.297363
221.187988
-880.157715
-910.814697
24.648926
851.328857
796.659180
495.760742
-536.072266
-1559.657227
-3260.523193
-3135.010986
-546.335815
788.273926
814.202148
274.015869
368.368042
244.479492
-649.549561
-1571.411499
-323.230713
-16.949707
-302.697266
300.762695
-140.879883
1002.908081
793.389648
-105.358398
117.407227
-1307.662842
-772.891602
813.856201
1734.489746
3772.798828
6731.407227
2844.610840
966.503967
-877.774658
582.292053
-90.240479
-889.411133
-1291.440186
-720.695312
-1216.626465
-1523.623047
-1948.532715
-1582.628906
597.049805
-1018.304688
105.044434
1429.365356
66.149658
2490.132324
3033.812256
-1295.340698
-742.986572
-191.075684
32.687012
-647.091309
-1755.029907
-1029.008789
1385.600708
-563.885254
915.070801
1254.255859
1152.216309
508.031006
356.131104
-500.222168
-1008.541016
-598.593750
-1279.873047
-475.493652
792.642090
-413.972778
-915.476562
268.705322
-256.740173
-505.430664
-1246.750000
870.297852
1010.621582
2368.475586
3079.413574
1297.878906
-333.450195
216.227051
-454.857056
2243.623779
3539.345215
94.873047
-985.433838
624.966797
938.494141
-256.122070
-848.054688
579.919434
1180.506104
720.163086
465.266418
-316.385254
819.770020
926.637695
-244.891602
-44.100098
-52.495850
-1099.856201
-712.835938
380.701416
436.000732
-509.857849
2488.847168
4576.202148
2699.942383
1097.619141
-157.856445
-117.431885
995.555603
457.734741
295.184570
-443.851562
-1323.850586
-863.692627
2237.414062
3288.427734
156.761230
418.452698
612.717285
32.220215
-331.315430
-674.879883
70.583008
753.987793
229.578613
615.594604
-343.953003
-1404.084351
0.067627
903.770508
0.315430
-396.692383
-573.721924
1679.921875
2190.502930
1028.330078
845.275391
-60.033691
-756.313477
2248.659180
3530.529053
167.792725
759.998779
1176.882446
-298.893555
-1750.915039
145.844727
-2251.396484
-674.659668
420.142578
2066.840088
738.907471
-359.312500
-352.829102
-68.238281
4466.046387
6905.294922
2132.016846
-1382.864746
-445.948730
-1503.341797
888.713867
1196.599609
-956.868530
-1834.625977
-1040.543701
-74.161621
1935.233398
1085.008789
-319.263916
-2339.022949
-1825.416504
-3251.367188
-1496.982422
-89.922852
49.739990
-1532.364746
-1204.325439
-3087.305176
-5633.807129
-467.505859
900.812866
-1119.439453
-528.681396
-910.801880
-63.006470
107.039795
-1191.972412
-915.537598
339.660156
-845.725098
80.684082
469.888550
-155.682373
-570.298218
-1135.124512
46.558105
-523.994263
-220.955078
626.746094
107.615479
905.589355
2481.697266
1279.627930
91.766113
1497.883057
-307.020386
-1783.403809
-774.635254
400.781250
1170.854492
785.873535
1169.179932
-1775.752930
-2297.632324
304.100952
465.643311
590.271545
-1223.456543
-359.757812
1075.291992
2995.475098
4778.647461
2000.083008
155.708252
1624.054565
586.128418
-713.829102
219.225586
43.088867
-645.416870
-157.033447
1350.426758
-460.056152
-368.980469
73.466431
-455.724121
-149.495605
1018.089844
1242.099731
358.182861
-1181.367676
-1898.694092
-2887.937012
-3513.184326
-730.992188
-515.428223
-928.450928
-1280.253174
-1529.497070
-854.882080
-1109.277954
-235.934570
-300.453857
-724.754395
-1002.889160
-584.060791
378.322998
1050.726440
759.164429
375.295166
-825.047607
-232.782349
1604.133301
1543.070190
-287.173950
-596.053223
-1425.831055
-13.060547
191.911621
438.195801
172.716309
671.543457
-572.416870
295.977783
-61.848145
-887.613831
-1849.039062
-3468.867188
-4449.177246
-2607.631348
-688.100098
164.365234
-751.054443
-479.958862
670.427246
462.733643
1228.726562
2706.682129
1808.575317
878.311768
269.341309
-908.833008
-1465.343018
-2153.207031
-966.312012
1598.110352
8.357422
429.971680
-115.635742
-313.743958
-406.543701
-1013.128784
-549.135254
219.124023
39.475464
-105.273438
843.119385
-298.092773
-964.402100
312.755859
624.899902
975.234863
440.716797
1335.629883
-1470.435791
724.685791
-865.592285
-2374.503418
-1355.842773
1177.049805
395.565430
-385.586914
152.401367
-45.476257
-206.655273
-84.296387
-382.222229
-418.157166
-1473.038330
-369.632812
1129.858032
1387.621094
1480.834839
695.085693
559.428711
-60.634766
-1078.296387
-1032.180664
188.220703
130.972168
-653.457275
-501.393555
-1277.850098
-712.567871
916.718750
23.087891
-126.546387
565.809570
-749.523926
-542.549805
127.176758
-116.732300
-626.997681
-284.210449
-867.359497
1423.511597
2083.359375
819.756836
81.491699
761.739990
-311.524536
-178.782715
1692.883057
977.791748
-254.020813
512.071289
-1014.911377
670.584717
356.466309
64.252197
2892.478516
2805.478516
1276.716797
-1639.970215
-1541.314941
-1787.464844
-377.010742
1434.843628
1307.507324
1099.311279
967.961670
589.377930
557.288086
159.583496
-780.669434
531.898682
-831.821533
-660.735352
-382.039062
-298.544922
-1112.514160
-1364.430420
-1357.055664
229.880371
-249.000977
-1329.864258
-482.147461
-2502.618652
-1486.757446
-267.545532
500.791138
1428.643311
362.251221
-298.229492
-12.423340
-1062.374023
-1783.258789
164.011230
311.823242
385.565063
-355.308716
-976.926514
-271.131653
-571.170898
548.571655
391.309082
798.389160
1773.565430
869.166504
1350.204102
-379.390137
-500.491699
-477.636719
-223.631836
923.594727
3786.377441
2323.050781
-9.578125
138.412598
-1577.273193
-376.231934
-1922.342285
1285.874023
-2528.489258
-438.816406
739.972656
689.699463
463.165039
669.325684
1041.534668
584.316284
-34.486572
-216.129883
1311.428955
606.346924
1137.231445
-504.635742
-337.260254
199.733002
643.034668
2434.423096
1464.582520
-876.907959
-717.639160
-914.433105
834.775635
1505.475464
1461.247070
414.901062
-774.097900
-457.181152
487.916016
298.142151
-1763.362061
-1583.632324
-322.241699
-665.591614
-489.498535
725.415039
2050.158203
-581.821289
-1339.934570
-1060.729980
672.782227
4.167969
552.081177
272.793091
-298.364624
898.824951
-1009.613281
-139.575195
675.426758
34.726562
-147.953247
279.905396
55.110596
306.604004
1392.738281
572.968262
-683.910156
902.266602
10.743652
2280.413086
2081.521973
-1325.104980
-1668.177734
-3780.006836
-415.921143
680.664062
-2019.117188
492.823242
-225.807861
614.845215
1160.547974
-293.814453
802.312988
-352.987305
-649.268311
1297.471191
1438.117920
297.552734
-709.727295
-1058.054443
-11.847168
455.069824
700.568848
46.906067
216.046143
1468.953857
804.895996
140.689453
269.916260
497.761078
1358.340820
891.289307
-396.899597
-1761.090088
-1834.857788
-1006.365845
62.477051
-385.970825
-919.259521
-653.544250
446.436768
804.698792
-191.018799
-1114.837891
-702.725098
420.011475
1054.183228
772.360046
639.520752
-14.741699
717.453674
3591.579590
1175.405029
-1054.963379
-67.269043
446.528198
1030.002197
835.710938
-962.031677
-433.111084
-467.662109
-2833.969727
-1964.132812
874.626953
-913.866821
239.423340
71.739990
484.839844
510.879395
-983.941650
-364.980469
595.681641
220.722656
3413.230957
1285.110474
477.547852
-414.348145
815.432617
1737.878906
1219.311523
227.718628
1985.381592
893.288574
-722.836792
1405.152588
2472.203613
-190.208740
-72.746460
-657.819092
-3295.524414
-2254.150879
-468.369141
-275.088867
-23.724121
-2145.264404
-2531.797852
-1048.757568
-301.989746
287.812988
664.462341
-3605.724365
-8590.539062
-4737.691406
303.569336
608.878906
-714.390137
243.960938
-379.692627
-89.511719
2874.349609
956.018066
-827.427246
-85.431885
869.341553
1544.484375
-789.469727
-2769.835449
326.141968
1216.962402
-9.199707
-331.281006
-1555.761841
-555.277954
563.966553
595.317383
4.339844
506.013184
435.800781
-402.514160
329.133911
963.246582
772.066772
1691.624023
4.134521
-2522.712891
-4540.221680
-3284.170410
-576.766968
-125.097168
-378.424561
654.618652
-302.755615
-416.141113
-1475.801636
-3453.438232
-784.338867
580.314453
-1005.025757
-35.123047
852.610840
1233.022461
717.752930
180.812927
241.554688
-2140.653320
-2633.105469
826.608521
325.655273
-556.023438
-1120.391113
-2945.904297
-907.285645
-94.911621
275.602539
-592.237671
-3660.571777
-2036.056152
839.139893
1354.630859
3689.568359
2408.685059
-451.428955
2137.981445
8421.137695
7168.985352
2720.963867
387.230225
-932.748535
32.411987
2064.320801
3633.193359
1337.815430
613.303711
-305.544922
-679.251892
-354.257812
1074.347412
1218.760742
248.823730
426.527832
117.718994
-729.125000
-921.364746
351.795898
398.375977
-425.722656
998.965332
71.836792
2763.865234
3917.770508
5068.903809
800.392090
-710.814453
141.579102
302.497986
125.045410
-197.974121
637.651611
-2223.558594
-1682.746338
757.884766
954.746094
682.552002
254.657715
-1193.595581
560.636719
3150.928955
1088.702026
-597.287354
678.575684
412.037109
-46.392578
1242.872070
2541.315430
1720.275391
1369.380371
134.046387
-86.637207
-904.255859
-1467.461792
422.804688
-241.617065
656.596436
319.239258
-199.485840
66.906982
-386.575684
-438.873535
-1084.409180
295.887207
815.850098
539.191406
5462.509766
4171.092285
1047.656006
-441.647461
771.802490
-1639.301270
-271.172852
-158.549805
-758.437500
63.775391
1782.728516
1794.562500
1161.465332
688.136475
1616.555176
1004.386963
-145.942383
46.888672
-153.907471
-1161.792969
1587.963013
1314.733521
1351.949463
603.142151
773.505920
1865.895020
984.133545
1380.127808
1356.396606
651.135010
886.020752
931.448730
488.695312
-205.927246
2886.295898
6472.584473
3361.047852
-707.707031
-3161.343262
-1212.660522
-190.524536
4033.664307
5011.768555
-2393.583008
-1863.893555
8.807373
795.931641
-394.981445
-352.807373
359.550293
-1023.407227
-1259.345703
2876.444336
727.848145
-514.928467
-389.157104
1520.221191
662.132812
951.217468
1203.082764
-860.706421
-107.830811
-451.223999
-1304.243774
-1677.412109
-4079.129883
-2148.962158
955.373535
-1077.252563
-860.322754
-1016.162598
-1481.603027
-328.605225
-387.708862
2269.112549
1302.415649
-832.697388
338.976685
-1152.029175
-1302.151855
-684.668457
-609.051758
388.852051
244.426514
402.071289
849.050537
75.637024
792.909424
574.771240
882.271484
-881.051758
-1106.471680
-1003.240723
-2227.444580
-2644.108398
-509.121582
543.364746
32.024902
-432.334473
-25.017578
-215.852051
-2072.423828
-1694.877930
657.983154
1753.589844
1985.902344
1461.926758
1146.353516
461.931152
569.640625
117.762695
-7.510498
539.475098
428.892578
343.292969
3076.628662
4090.458984
-1614.217529
-45.019287
-468.264648
-1300.795898
-21.485596
1170.813721
-561.628418
-547.917969
1495.573730
842.953003
-945.692505
-2103.963623
-4558.100098
-3260.853516
-2044.004883
-845.520020
619.435547
756.369141
1416.251953
840.738525
677.762695
-456.325684
1353.625977
628.003662
-1424.258911
-2079.795898
-1618.113525
1657.142212
2172.603516
-395.403564
-1242.148682
-180.539551
-680.853516
776.892334
200.022461
827.495117
-1077.330322
215.190430
1301.460938
-117.386963
-816.824219
16.737305
-57.021667
754.652344
-682.052246
-697.525146
578.931396
639.262207
-458.186523
180.490234
-566.482666
-576.363281
702.793213
190.084229
-173.105957
1010.549194
1042.301514
534.537109
201.795898
-1168.373047
1034.484863
3012.833252
3645.111084
3385.041016
2533.020020
758.140625
-726.041504
-1148.258423
-642.915283
-1088.290161
243.194702
-672.251953
460.851562
1992.303223
4017.918945
2178.949707
-42.852539
1172.158691
649.788574
226.309509
3917.073975
3582.681152
373.462891
-1906.183105
-216.256348
17.032318
-608.425781
-386.301270
-1068.958496
-1179.713623
258.505127
424.712158
-1464.777466
176.964142
709.142151
-1287.425781
-2794.586426
-68.059814
685.506104
-780.961914
-468.071777
-2112.990234
-5928.158203
-2816.894531
-1699.231445
-894.011719
563.686035
-1302.507812
-330.728516
42.365234
-1139.963623
551.198730
946.557617
471.609222
-395.985352
-333.897461
38.361572
-2441.911621
-401.142822
-70.761490
1170.965820
1825.656006
137.821777
80.771851
311.777466
-819.967041
-577.245117
-492.762695
-3476.036377
-3587.239746
-932.348633
1061.017090
1214.305176
-316.315918
-511.666504
-1634.265137
-499.592773
652.814209
460.063293
-265.201538
-547.008301
-791.329102
-167.922241
-475.156982
-462.857849
998.310059
1375.685059
444.011963
-1424.064209
-665.246582
-1273.426758
824.474609
-831.003906
-1582.315430
-864.959473
-1428.652832
118.598633
4.410645
49.928711
159.107300
-243.164551
-242.670898
293.851074
-311.872559
153.343750
-257.285156
-1678.070801
-812.239014
-1274.286133
-147.935791
426.962402
-116.029053
1330.321411
-67.114441
-500.497314
983.553711
1111.698242
1177.393066
273.685059
1967.745117
1847.738892
-383.464355
855.839478
1020.701416
-159.114990
1529.564209
106.825439
-690.596680
1267.123169
1074.532959
1598.559570
889.541016
-824.059814
555.954102
-298.968018
565.484375
1193.266113
609.795898
-225.208374
-1004.408569
-1757.019287
137.722168
1371.274902
-25.212891
103.603516
-608.524536
-262.857849
809.843262
48.025879
870.821045
577.437012
-248.705078
-967.893555
-1104.110840
-35.062500
-128.995850
-213.849854
736.204956
-92.659180
-100.492188
975.885742
-130.464844
-1289.974731
-1387.857666
-47.895630
176.924805
493.639648
-255.439697
-996.238525
-651.978516
810.940430
1075.697144
210.136993
25.624756
630.050049
1341.973389
1214.051880
1064.198975
408.556152
892.370239
752.781860
752.402100
346.931641
652.406250
-1202.942383
-148.446289
13.711914
-2492.049805
-139.594727
-609.152832
1102.455200
948.137695
129.233398
935.578552
884.017578
972.177979
1599.609863
485.936035
-874.055664
-688.677368
1742.681641
1911.616699
-635.985840
-379.833984
365.368164
592.309570
755.768555
324.172607
-173.848633
-635.633789
-639.705566
-224.912109
-578.385742
-1001.896484
-470.805664
439.146667
3837.412109
2392.600342
-835.524536
1017.309082
385.668945
-207.336670
628.822754
-615.645996
-157.980713
225.273438
537.114014
330.116547
-2.419678
1007.849731
306.781494
1483.320312
1036.327026
-1048.191650
364.098450
586.978760
-21.119385
840.475464
617.065430
706.171631
1037.538818
1002.156250
1508.313477
842.950195
-919.549927
485.388672
1052.148926
161.005127
362.396484
-1235.406250
-1391.409180
517.624756
250.735840
670.038086
715.048584
-1557.093750
-658.536133
2441.355469
2627.411621
1821.824219
-927.239258
577.600586
619.691895
-694.165039
84.465820
84.916016
-50.349609
603.521240
84.203125
470.379883
-79.152588
2351.074219
1933.399902
1783.576660
235.964844
-1719.036743
-2384.957275
-594.629028
-346.112305
-705.553650
-714.464844
-602.284668
-1838.363525
-596.146973
-907.111328
-3326.990723
-2921.394043
-97.626953
1809.409180
1956.025391
61.808838
-559.668457
367.496582
-127.114502
-77.668457
-440.395508
-643.600586
1167.783203
1819.208008
1587.795410
1201.420898
62.260742
-804.863586
-114.379883
-478.673828
-2675.777344
-4276.898438
-3290.205566
-426.734375
702.454590
686.026123
-440.516602
1318.648438
-376.372070
-375.733826
642.416748
-257.113647
-4.462830
276.525146
-28.185303
1063.012939
-627.329346
-1527.012451
54.330078
684.488281
-759.719727
-1071.189941
-160.266846
-279.779297
-1030.696289
-97.509033
268.637451
-569.435547
-161.343262
3252.339844
1375.522461
-634.365234
-1052.718750
-230.756210
1713.609985
1509.986450
2396.086182
969.580078
1235.738281
-417.761719
2146.179688
1000.187744
724.072021
734.510742
-1772.645264
-2218.607422
435.776123
1360.998291
507.708496
-1521.249390
-894.401978
383.776428
-463.406738
-1211.716797
2835.802734
210.246582
-546.797852
-1037.036255
-1528.872559
-1088.162109
865.199219
1310.753418
905.222412
790.291138
-171.646210
-690.268799
8.853027
136.691406
320.715454
-31.545898
-626.395996
-782.646240
-972.351807
-270.583984
723.508972
-138.864777
829.404297
296.779297
1182.635010
-415.320068
-687.345703
-459.647095
743.837158
1244.186157
-1090.524536
-1621.165771
-251.972168
-2563.526367
-2862.324219
-2827.839844
810.489258
234.881348
-273.951416
-170.137207
364.316193
-639.616211
287.039551
1506.818237
1270.026367
1912.717773
-521.926758
-1585.507080
1306.836182
1424.858398
400.880859
448.635742
-41.350098
-913.191650
-523.431152
-313.958496
-291.130127
3335.584473
5956.540039
2268.770996
-1002.765625
-943.738281
-1248.859863
150.467773
4248.656738
1845.352539
1968.476562
-592.374023
1157.427002
64.454712
2519.994141
3185.612305
243.046875
-990.381592
-930.352539
-1988.269043
234.134277
687.714600
-114.551270
-181.738770
-381.583496
-1197.985840
-1060.960693
287.195801
169.409668
1273.211914
4671.010742
5191.121582
511.761597
-439.597412
1267.923828
926.563477
-301.927734
-265.568481
551.831787
1168.144043
418.428711
-758.714478
-13.047729
1834.475464
1284.072021
136.583496
2074.666504
3565.541992
2314.870117
330.240234
740.375610
-1025.760742
-216.990723
559.979980
-74.747650
1737.697266
3223.339844
1708.605469
2200.653320
2751.801758
356.475464
-93.521484
751.026001
-2413.747314
-1904.837891
45.055298
-511.760742
316.598877
-92.458496
-349.711914
579.466797
-483.760742
-1040.988770
985.747559
324.145020
2239.661621
3585.728271
1647.239014
744.111877
-1243.101074
-4199.003418
-1848.289551
-506.654297
279.879395
-1634.958496
-1703.151367
-102.816406
207.475464
-334.432129
928.328125
582.496826
746.436584
35.388062
-1332.018311
-1517.000000
-387.610352
931.957031
349.180176
406.732422
77.708984
-289.520508
-175.802979
-1321.778320
-1129.155273
1121.115967
-204.177856
-437.117188
46.994629
-2687.593262
-2042.726562
1559.102661
374.521484
163.357422
-1173.324219
-497.879395
132.163086
824.771118
-46.931152
-35.388184
402.501953
1192.911499
418.237305
-2244.515625
-2146.409180
-264.861725
604.955322
-80.476807
-972.608398
382.340820
722.644043
102.123840
-753.470764
-675.743164
-1363.607666
-746.524536
14.115723
282.401367
-652.179199
139.206543
-868.354309
334.250977
4144.412109
-733.131409
328.117188
825.304688
785.678711
3738.862793
2151.226562
-1804.760254
-3724.412598
-781.144287
1045.354492
4322.186523
5447.096191
-125.339111
-596.446289
536.628906
-254.159668
-593.996948
-681.051758
408.715820
-74.435059
-849.861755
-162.192627
211.283203
203.210449
-373.931641
498.077637
-298.002686
-1128.246460
-373.693115
100.427979
-287.493652
471.133301
-288.139648
-469.106201
843.647217
1240.212646
1367.167969
964.487061
-79.821472
-934.305664
-86.761230
-427.518066
-651.486755
-240.692871
-1204.599609
73.657227
787.777344
-1155.607788
-726.131836
-25.539062
407.660156
1017.851013
1383.591187
1085.224731
1330.443848
-388.058350
-967.967285
-1429.688232
-189.323486
306.650940
-2685.857666
-289.005005
1689.754028
1058.680176
284.816406
-925.505371
-1134.167480
103.620239
-2735.894531
-6290.645508
-2923.381836
403.177734
-1390.697021
-774.961670
414.929810
-622.949219
-296.455566
90.164917
-242.868164
829.578125
-759.978516
252.535767
554.986511
-1439.567139
-654.611816
-57.983887
-375.317139
1768.465332
2354.272461
135.044357
-1409.180664
-2312.201660
139.609863
1707.107056
2212.098633
1766.670898
-523.259766
1389.189453
3000.979004
302.621826
-1080.096191
475.938477
180.117188
966.228516
1538.679688
1447.385742
-380.831787
1500.399658
5486.470703
4281.807617
866.160645
1584.537842
917.906372
1442.981934
268.299805
837.823730
-711.423706
472.889160
-590.545410
-99.823242
-82.407715
-590.733398
-3252.251953
-888.588867
907.962280
2930.683105
2027.047119
394.808105
1167.818604
1119.360352
683.198730
284.940918
520.484863
-373.056641
-133.085938
909.957031
1037.520020
557.067505
1505.820312
214.761230
-665.568848
896.488281
523.821289
899.391235
949.878418
71.784790
1207.360352
762.864746
-599.566406
-1384.791016
-3230.737305
-2166.884766
1070.726562
1453.808594
-809.416016
115.900879
776.416321
-32.639099
355.216187
1088.635742
-395.049805
-923.761230
-1082.430664
1188.114746
74.141602
599.948730
1124.895508
3139.228516
213.225708
-1871.392090
-1845.577637
-2931.051758
-241.654297
3384.672852
1417.751953
-228.657471
532.376831
648.163330
-1019.772217
-576.332703
1059.302734
-1271.567871
-1919.633057
215.102295
-849.881836
-922.058350
689.239258
-1769.329590
-1260.209473
69.428711
869.291565
1207.510742
1388.221191
435.395752
-2470.370117
-4460.784668
-2483.156982
-238.152832
443.081177
2204.602295
731.834961
-423.363281
-1448.232422
-149.695312
76.675293
486.377991
299.187988
71.641113
788.447754
-254.587463
-5.678711
-347.914429
-732.636841
324.820068
-79.602295
1389.838623
2513.182373
710.029785
105.065086
1.050049
-724.327637
-849.259277
-1815.015625
-972.895508
-410.061523
633.290771
626.178345
-433.563049
-714.910583
823.317871
-97.439453
-588.874023
557.578613
-275.152588
-126.751892
603.041260
-384.696533
-21.607910
211.939941
436.665283
1035.892700
113.628906
-1776.793457
-1686.055420
240.288086
-264.839355
-1085.989258
262.526123
-336.789307
-1801.408936
977.652893
918.051453
-1521.631470
-21.097412
1009.135376
113.255615
145.333984
330.124512
299.598145
175.397949
-218.551758
-68.433594
957.480957
2409.027588
405.968750
462.955566
662.354980
404.253906
186.920898
732.622314
-649.685059
-3296.027344
2103.378906
2595.776367
4326.340332
5862.421875
4011.110352
1147.250244
-465.615723
-1133.391113
-1850.876221
-1959.069824
-138.617188
947.918457
653.606934
647.672119
-1597.787842
-590.561279
697.146973
880.523438
268.543945
184.569336
186.885742
-2135.120605
581.729492
2440.623047
-365.189453
388.275879
1140.659912
734.241211
-826.410156
-1001.213379
-565.015625
272.884277
499.164062
-1037.183350
-1018.026367
1234.962891
549.484375
-363.168945
3716.398438
1010.659180
-807.182129
1763.516602
1321.510742
-1320.291626
150.337891
64.889404
-484.076050
234.593262
334.493652
-181.784180
1017.020996
430.757568
1393.789062
2601.230469
1276.354492
-26.539551
-393.190918
-1732.257080
-917.838867
271.451660
837.326172
1394.329102
1813.033203
-438.074219
-586.318359
-305.147949
215.674194
953.376465
1278.986084
-553.261047
-1775.932861
-1591.743652
79.440430
165.212891
-746.836426
-49.513672
-1586.763184
-487.124268
-252.308594
-3052.281738
-779.287109
-1200.589844
685.981140
699.052734
543.614258
515.848145
-485.275391
-840.090576
-1005.815735
92.784859
302.034424
11.606445
581.627930
233.084961
-1154.694336
-320.842773
361.837036
457.911865
-995.282898
-1490.205811
12.227661
-255.857178
1045.753418
1067.441162
113.531250
-971.397827
-101.030273
626.874512
-675.592651
-63.446777
-246.185547
-1474.247559
-766.976562
-76.424805
-616.824219
-1875.933594
-1537.622559
124.562500
-506.614502
-627.923828
-594.583008
538.455566
491.659668
873.951172
927.358398
662.434082
316.629395
1068.403442
-342.612549
-467.210938
-704.209229
-704.524536
241.558731
468.365967
-210.063477
709.079224
595.965332
-1040.601074
655.112671
764.885864
-778.320312
598.182617
-2256.426758
-5308.326172
-883.114014
646.710938
-213.644775
-81.430176
-46.150391
927.885254
1047.070068
366.928223
861.599121
5.818726
224.816650
-691.338867
1011.707031
2809.026367
-203.158936
-1276.216553
-463.741699
-198.810059
235.364746
-261.960938
50.917480
-15.921753
432.914551
-1699.604492
-69.974609
-104.294495
1062.186035
1827.946777
-409.605103
-1650.020020
836.020752
921.287354
1207.908691
1268.573242
1389.826172
-525.964844
230.328125
942.784424
877.595703
-141.044678
-274.370117
-1252.271118
-2522.624023
571.552734
323.332520
4.862305
1042.455566
122.295471
-752.519043
-808.179443
-763.655273
432.530762
277.659668
190.440430
2997.430664
3374.267090
1021.616455
-119.398926
-1305.535645
-2314.390625
-3141.619629
-1409.722168
242.363403
83.519531
1035.847656
-474.792480
-575.129150
-258.470703
3319.979980
587.666504
-792.037842
-1142.761230
-317.549316
673.096680
1342.555542
831.019531
549.550781
1231.876953
1254.294922
699.942871
-1255.704590
-1065.505737
-869.372803
-749.906250
-630.781250
-1034.803955
-137.551514
302.899902
-262.573730
181.032715
268.758789
140.729736
-422.887939
706.717773
370.112183
-4476.795410
-2792.741211
-461.318359
635.626953
-1096.265137
-507.726562
-662.940918
575.355469
2551.366699
988.595215
-1201.357910
-3635.093262
-1182.052246
417.319824
-982.024658
-123.955566
425.300659
-81.919464
-394.897583
-707.482910
-22.328613
1111.483643
-168.530518
998.912964
97.688255
-583.714600
863.149414
-267.223389
1444.596191
1430.780273
113.389404
-531.779297
-689.330078
648.552490
366.929474
-1817.995605
-739.333984
115.687500
173.221924
-109.921875
-3030.681641
-1737.238281
-1929.242065
-2263.729736
-996.688232
706.669434
-267.105225
-499.638916
615.366211
56.659546
-509.720947
-466.472656
792.166504
3548.001953
4476.508789
1839.884277
1456.652344
-878.016479
-265.896973
1081.967773
-422.699463
-1076.896973
54.039062
-1153.146484
-57.335693
225.911133
1160.735352
652.730469
131.366821
-334.878906
-191.087891
-106.998535
-1226.054688
-492.360352
34.848633
1204.666626
902.348633
1959.651367
2102.127930
5189.756348
3241.546875
288.211914
-178.119141
-1996.048828
-1864.925293
-2225.752930
-969.375000
1006.919067
144.577148
2196.720703
752.027344
-174.475586
-397.325439
539.300476
336.890869
-560.957397
-1568.806641
-1527.017578
498.034668
-178.923584
-1603.707031
-1706.229858
1373.238037
-955.728516
1903.774414
-217.467773
-351.905273
-117.004761
-555.417236
-586.915039
-1533.458984
1386.568359
-345.081543
2352.826660
851.001953
3412.431641
341.261230
-472.761719
-761.133301
2925.346436
935.666992
-471.059814
-901.671875
-2040.504883
-2051.556396
-149.839355
67.245605
447.057129
272.885742
616.318726
-1355.995605
-732.916016
-269.524170
-1119.236816
154.513184
115.229736
-659.508789
-199.843262
-1155.302246
-330.899414
-1598.388184
-2514.232666
-98.956543
1084.264160
239.734863
-74.137451
495.160645
290.796204
-199.632324
487.035156
156.674805
-3132.012939
-5149.687988
-3618.524414
347.253906
-479.510742
601.168945
214.037415
61.757080
2227.581543
4520.813965
617.043945
-1050.558594
1152.126953
-92.387451
-437.232178
-620.106445
-25.031250
1381.026367
220.719727
-921.662109
-491.588623
-54.953125
427.548828
1185.401367
706.222168
-2291.063477
-5367.639160
-3786.429199
-299.053345
893.793945
415.293457
1327.166992
698.294434
7.557129
955.647949
1284.810547
993.637695
25.125488
243.227051
683.518921
497.228271
-703.523438
-148.141602
899.040405
437.874451
136.112305
1474.404297
-291.442383
8.191895
153.304688
379.654297
-119.084961
-7.971680
456.615723
407.910156
-61.633057
-170.834961
1822.458008
5402.847656
2885.610840
894.187012
-358.071777
-1335.438232
-1126.528564
1428.133179
938.192383
1262.381348
50.090820
189.543457
-340.141113
-237.194092
861.475464
2006.475342
510.163940
413.050293
2779.152832
1306.156250
50.932983
-1070.427979
-1954.769043
673.421387
2120.070801
1405.377441
1064.478516
288.646484
1631.168945
984.398926
5303.256348
5190.916016
3368.478027
1273.388672
487.503906
-1697.263672
-1654.881836
26.743164
-129.023193
-256.439453
701.878906
262.091797
1672.610840
1353.002930
1167.135742
58.197266
-35.731934
2897.883301
3008.734619
-136.872070
-438.064270
112.859985
0.796387
-348.133789
607.051270
-256.314453
-702.976318
309.782440
-23.016602
110.275391
1335.807617
-181.880859
-900.072266
323.836914
-135.448242
1860.935547
1034.411133
1073.511230
-633.582275
-1229.751465
-1852.126953
-181.642578
345.762939
-7.911133
-2247.372803
-1421.328857
-304.072021
-959.857849
-1163.645508
289.582031
84.914551
282.585693
1032.310547
-981.992676
-437.426514
-1269.443359
-1653.576050
34.204834
-848.857849
-873.545654
-711.485352
-2759.752930
174.337830
544.522461
-8.316650
1555.135132
67.234863
713.195312
-696.805176
-1582.451538
-1387.803223
-4413.535156
-4095.092773
-80.618652
-823.784180
-935.840088
192.403015
-823.314941
-1803.604004
899.010254
889.127441
1092.588867
943.649414
985.767334
-148.766357
-1746.637695
-3346.875000
-1407.826172
464.775024
350.112671
-629.595215
1130.932617
717.086670
482.429932
1376.142212
960.094482
861.661926
1010.770630
303.908081
326.822021
757.833618
374.395599
-2363.436523
-3111.572266
-1150.593262
1451.417480
2398.541504
2974.141602
-586.630859
-2851.240234
-1282.051880
224.304688
299.568604
1959.252441
4539.261719
3331.440918
2073.591309
-127.436768
-1531.262085
-1442.900024
-1338.572021
142.826172
-711.962402
-2484.996582
-718.641602
1000.025879
2311.571777
1646.862305
-2.391602
-313.692017
1025.707520
779.918457
2324.387207
1435.728394
-536.902832
-957.837891
-1102.552246
159.185547
1724.959961
-194.584473
-333.318237
-943.294922
1168.336914
3411.633301
899.987305
-84.271484
49.679199
-205.672852
-1.779968
-594.758301
868.323242
1331.475464
102.164307
2640.748047
2935.718262
678.745361
-235.497070
-505.105225
-811.974121
335.564453
-252.988281
137.875488
-567.049438
-852.485107
440.303467
-1165.808228
-124.181885
531.244385
-1582.407715
-493.132324
-4215.382812
-5746.984375
-3553.838379
-92.889160
346.653320
114.069580
177.863403
-783.974365
399.750977
-130.781494
-1050.524536
197.862427
-1180.857788
-1097.000488
-412.326782
-370.107300
-924.268677
-960.173584
-72.050293
538.732910
-167.088623
-803.704468
-555.657959
334.644653
895.562195
1304.322998
414.018616
-342.532837
12.749390
291.218994
-627.257568
-107.242676
-193.558594
7.573730
1986.112061
2602.511230
-414.477051
-323.345276
564.007446
-1355.427612
-812.452026
765.021606
-77.764648
78.167969
277.085449
-10.913513
842.920837
131.317383
1299.513184
1254.754395
969.499756
406.448242
-280.753906
-442.437988
361.834473
347.604004
840.929138
867.281494
316.815674
1691.712524
195.531006
67.741211
327.518555
905.511719
510.721191
-1518.325806
-2542.506348
-716.772095
2864.200195
9474.320312
7243.286133
448.499512
515.815674
639.179932
-441.374023
191.858368
-631.010498
-170.857834
1197.055908
-446.635254
-1361.517578
-1400.476074
-2186.627930
-3179.308594
-3352.646484
-1523.948975
-57.180664
11.442627
-282.757324
-418.650391
1490.634277
792.725586
673.848145
599.142090
1362.802979
553.354492
-250.217773
1395.447266
-1028.842529
-1534.467285
-836.014160
-2610.014160
-4428.295410
-1466.486816
515.156738
-338.901855
-387.773682
379.115387
1771.354004
2209.078369
1663.046631
1374.116455
620.798828
796.270996
587.606445
-4.506592
-157.198364
-1691.285645
-1361.886719
-131.348633
-548.032043
729.851501
78.782104
-637.873779
833.959351
1975.187256
1703.701660
273.924316
121.323730
220.931152
-1056.164307
-941.377686
257.475464
831.475464
736.295532
891.590820
2179.637207
1384.228271
-948.871582
-45.540039
-462.977539
-595.710449
-776.494751
309.743286
866.721680
194.117676
-634.424805
564.786743
350.775146
-2963.234375
-3966.083740
-1045.307617
-1482.970703
1004.215332
-903.215332
493.048828
-2101.382812
-4134.389160
-2160.323242
-175.209961
919.436035
240.440552
-1603.558350
-1872.454590
193.439453
-498.569336
-1542.335205
-261.026855
1040.948730
533.918701
-676.331543
2161.337402
674.384033
-452.514160
348.134766
18.721191
-666.626282
-774.683716
-456.793091
-877.007507
901.833740
-860.036133
896.156250
79.967773
-1243.541504
343.545410
1687.771484
146.704590
695.570801
1164.284668
-515.909180
-847.019043
-1262.915405
-301.027252
22.762939
-367.921875
-211.179199
471.542969
356.416992
-3440.200195
-3563.857666
-358.091064
1853.377197
-403.517822
-221.859863
1715.547852
2579.375000
821.897461
-9.786621
83.032959
-84.931030
-1016.243164
-654.305176
335.906982
1014.335938
438.229095
-879.966309
-467.626404
390.088135
-621.035156
752.536377
-362.915039
-2794.824951
-1951.609619
375.737915
-153.515259
-1069.610107
361.010010
-15.213646
-2419.820801
-1707.597168
754.998047
155.219482
-841.938293
-30.299683
536.941162
202.558594
462.634766
1282.632812
1389.114014
946.704956
767.272949
54.744141
556.063965
675.743286
-751.298828
-2684.739014
-685.811768
261.180908
50.966797
2426.671387
2790.212891
-1245.305664
-3266.599609
-3621.031250
-2928.005859
-1834.784180
-345.676758
1566.295166
608.925293
1970.952148
1972.462891
679.281982
-233.245117
459.610840
482.703125
868.965820
955.016602
91.385193
-420.441528
-121.889648
94.371094
9.889648
239.480469
-1094.058594
-1239.904297
999.574707
1160.208008
1594.458252
1500.265869
-208.319092
-854.971436
-873.098328
2042.856689
548.533203
-976.536621
-697.397217
790.639648
386.046387
-1499.312500
-833.944824
527.762207
855.767334
1559.580811
-1389.744141
-3727.145508
-1517.026855
-53.285645
750.195679
-10.530762
1579.802734
895.411865
93.552734
1425.712891
3804.907227
2154.919434
1793.049805
-1345.992188
-653.082031
-480.961426
-389.913757
28.917114
-308.490723
-225.854004
1374.277710
1334.119873
751.598083
-1605.143066
-2778.388672
275.177246
1250.303345
-264.499573
397.709045
447.475464
-218.100098
382.827148
1487.952148
1341.289062
-1374.538452
-1998.189941
-92.837402
279.256348
660.754883
-1053.865601
-2373.323486
-134.659180
1780.788330
4026.633057
3759.670898
164.760254
-1168.561279
-961.297852
179.822266
891.311035
944.352051
15.712158
375.826416
1176.682861
407.682129
-11.955566
974.440186
640.766113
291.727295
-177.465576
-203.855713
-1109.029297
-1593.254883
-723.866211
-2375.407227
-3477.237305
2022.018555
1476.633789
-312.269165
-446.523193
430.037079
-140.359497
-78.534790
2648.858398
-298.205078
362.083496
692.398193
-1158.303711
-585.292969
-675.354980
-1820.781738
-179.523926
1440.279785
3839.674316
4948.650879
759.519531
361.581055
220.441406
96.070312
201.005127
-280.698730
-421.546387
242.847290
-887.525879
-1963.478516
-255.938477
87.217041
872.861572
1245.122070
-455.948181
-567.443359
-1409.815430
-2031.748047
1255.160889
679.529785
-112.178345
-1453.047363
-1962.626221
-324.857788
872.957520
765.165039
673.631348
1508.232422
179.125977
1660.691895
-212.861816
-56.945007
-129.374023
-1104.259521
233.682861
237.951172
-515.140625
-1364.208740
-1640.142578
-2224.499023
235.373535
-51.882812
1630.155273
1141.875977
-366.575195
-1276.583008
-1010.726562
-736.665039
241.556641
706.786621
769.868530
771.137207
2.363281
577.398254
1629.431885
706.076233
447.700684
-936.532959
-657.072998
-1137.965088
-79.282349
-571.598633
-924.200684
-1144.773926
-1027.019775
539.241699
1152.982300
1682.649170
2409.753662
905.051392
211.457031
51.503418
-81.271973
-808.254272
-96.106201
1870.875000
661.041992
1091.242188
2841.499512
1688.971436
-789.224243
-609.631958
-862.847168
77.100098
1175.234375
-524.063477
568.375488
564.317383
1315.193359
2930.499512
1539.893555
-1048.564453
-2229.293945
-3058.952881
-1069.524536
-1029.920410
-1036.662109
103.009766
-1089.779297
-754.694336
540.218750
293.820312
-483.141968
-1113.894775
-1240.620117
-195.481445
124.151855
-657.208008
29.352600
1005.191711
-438.102539
361.981812
-405.632324
-2989.332520
-4994.986816
-826.061035
833.466797
669.438110
14.626305
718.994568
106.425293
-1299.650879
-757.824219
-315.386719
773.720703
-128.200928
322.603760
1327.349121
-624.255127
53.039062
-1025.193848
979.853027
5550.755859
2659.600342
-981.861328
-1622.224609
-1857.593750
-763.050293
2617.756836
5471.882812
1972.998047
-834.879883
674.104736
791.304199
1075.443359
233.019531
-798.688477
-139.524170
1701.719238
169.581543
-1179.047119
-1886.103516
-2366.231445
-1868.231689
1283.365723
1291.270508
749.576660
-532.483948
780.750366
-2294.524658
-3787.606934
-231.786804
-525.612549
2502.933594
6638.806152
4374.848633
2126.397217
506.073730
683.155762
574.401855
599.892090
220.416748
-434.841553
195.850342
676.634277
-1077.462280
-539.758301
568.019043
-650.679932
-1319.500366
-597.548767
68.484619
1.538086
-386.131775
542.284180
1018.469727
307.570312
380.793945
89.172119
-91.796631
-156.988647
-262.512207
-1024.701172
-3786.949707
-2154.654053
913.931152
1483.839111
1099.349487
-801.875000
-1044.917603
-285.994629
1101.589600
2665.090088
162.655273
-2189.170166
-5036.141602
-4313.479004
1149.604492
146.832550
-29.375488
-68.784210
-828.987061
1183.466797
92.303711
-632.958008
-939.594055
-745.308105
1106.695312
148.706299
-2112.892090
-1378.810059
1787.081299
740.140625
1020.435547
-1498.728516
-2091.983398
-179.091797
321.917297
205.768066
644.537109
-587.968750
-6190.519043
-7501.889648
-1916.024414
862.852539
1858.616455
1030.712158
-101.826172
-667.126953
-1378.352539
736.517822
236.475098
671.348145
586.151978
308.195312
2019.555664
587.833984
3247.450195
543.317871
-1723.623535
680.912109
-304.394409
14.109375
241.029297
163.938202
-513.196777
-332.514648
169.773438
475.286865
-1179.855957
-1244.261597
-68.750977
2135.223633
2152.522949
-607.772827
-1947.362305
-1241.086426
176.906494
693.561035
-321.202393
575.756836
-170.717285
-553.005615
82.838379
582.448730
692.950562
137.052246
143.443848
106.077881
51.024658
0.475464
-942.058105
-1355.541504
322.367676
1202.140625
306.075195
531.792969
-297.712891
-88.521484
637.266113
602.493652
317.940674
-577.632324
-807.070312
1078.166504
1263.106689
-790.732666
-307.306641
687.178711
-111.516602
12.736908
-501.811157
747.572754
246.816895
377.119629
10.810669
1122.442383
2634.563477
255.291870
-522.042542
578.451172
613.787598
-373.111694
-565.819580
1640.012207
1583.071289
-562.368530
178.461914
-7.245117
262.586914
-119.176270
589.755859
-28.310059
-968.569031
103.701660
1345.952637
1235.504150
775.454590
-365.079590
-1281.784546
-582.623291
1028.427734
1037.503906
-390.237549
-174.789062
598.175781
214.781372
-559.308105
-376.142578
-239.122070
-292.463379
-14.858154
418.629028
-312.511841
-712.971252
1099.474243
937.715088
-199.644531
3453.149170
4707.032227
1030.153320
-681.343994
-377.951843
-856.870361
-411.410400
1246.878906
1362.010254
278.841797
796.381836
1046.669434
187.148682
-1435.758057
-1389.462402
225.031982
458.124512
-605.960449
-1003.353516
-540.083008
-3658.237305
-5140.062500
-4302.696289
-1778.390381
772.093262
544.617188
-300.508240
-5.792969
-53.305664
-1932.620361
-2024.899780
454.015991
1606.558105
488.359131
1054.366699
2529.784180
4242.036133
3987.713867
866.188721
214.066162
1497.178589
719.335449
902.566895
1310.637207
-61.825684
797.283691
632.993591
-209.276855
159.541992
355.515625
-221.854248
-1054.632812
1647.409180
1522.403320
1181.465820
-528.457520
-1301.936646
656.794922
2290.890625
1230.075684
510.469238
1046.558350
-1489.022949
-274.141602
1712.697754
367.555664
-117.597412
-332.810791
-2162.213623
-3056.618652
-1952.790405
-443.738281
1866.910156
423.536133
721.234863
-908.260742
-824.646973
-1200.852051
-300.791504
158.026855
7.694336
-1526.105347
-1221.296875
-114.302246
582.447021
888.284424
10.656982
-328.230194
1710.099854
455.533203
-169.848145
1045.939087
1457.429932
-142.915436
-1500.262939
-1126.254395
553.150879
721.110840
760.978027
404.772461
451.468262
-461.713562
-824.924561
455.465332
35.654785
-520.562500
717.996704
-92.296387
-407.645020
-294.932129
25.334717
176.612305
28.788330
-367.788818
-276.522949
-77.833710
65.648926
322.187988
-146.065430
-882.489746
888.966187
3143.746826
1394.395752
-834.116699
219.622742
892.921570
525.525635
172.855469
66.787598
190.018555
-486.173828
350.260803
1159.870117
-644.039307
-851.527588
1064.344360
1538.017334
679.449463
-166.085205
-142.120117
452.643066
-901.583984
676.654297
-317.172852
362.996582
262.110107
1408.215332
-850.152832
-1985.811035
-157.603271
986.484802
-56.097656
886.604004
-525.305786
-591.181885
1103.860107
45.249756
-1586.973389
1925.884766
625.520508
-127.643555
-432.157959
-1305.439209
-1240.886841
1081.395508
2246.811523
1518.554199
403.466278
-503.513306
526.943481
-248.949249
429.982788
586.796631
1578.330322
1370.840698
-967.107056
425.790039
1383.381836
3765.044922
3296.677246
525.968262
-158.639893
650.943848
82.035507
-606.649170
-341.557861
-393.542969
-894.359985
581.465088
445.498169
-223.814453
1317.266113
-362.713135
-398.960449
1723.996094
-87.132812
-136.734131
-326.621582
-1004.171875
-830.403320
222.591278
383.728027
-127.066895
401.124756
97.916016
-35.430176
186.678223
971.323242
163.564453
-849.357910
-2102.832520
-3944.745117
-2122.133301
-45.981201
-387.524536
-703.343262
-2973.011719
-3065.460938
-403.439941
720.623047
477.134766
2677.347168
1746.531250
568.465576
-639.064575
-609.334229
-674.252441
-1150.664551
-608.967529
515.175537
354.592285
-345.940918
-153.937134
-147.248779
-694.435303
-151.825195
338.332520
367.867676
164.852783
428.074554
839.861633
-409.123657
-1907.676514
-1483.078369
878.649414
-1222.841309
-518.127136
-419.720703
-2356.330566
-139.534485
-127.616577
-501.706543
-337.922852
360.791016
-164.553711
377.420654
353.854980
-208.216309
561.396973
982.420410
603.854492
-246.544434
716.328857
-67.827148
29.469482
829.077393
-654.252441
-70.531250
-887.026123
-3140.974609
-257.719727
1048.467773
725.558594
-245.140137
-1044.532715
222.801758
398.058594
-1172.873413
-425.470215
-2913.704102
-3890.256836
-396.298706
-12.595215
520.132812
330.922852
98.530762
1433.975098
-271.957031
2215.328369
2215.673340
34.220703
-49.296875
-1350.667969
-49.384277
266.407715
-387.235840
138.759766
-2067.203125
-2365.106445
-1916.061768
-1072.392578
-846.371094
439.184082
-392.741211
-857.675293
-499.087891
622.237793
50.322266
-87.448730
1394.566406
-444.214600
-1717.478882
826.604736
2563.451416
1955.016113
-1458.998535
2110.719727
1419.778320
-503.456543
919.179260
1378.980103
323.288330
-158.317139
445.893188
4287.311523
4932.151367
566.643555
-825.527161
877.374146
-505.034363
-316.122192
1081.571045
228.626953
1364.186890
-305.700745
-610.937988
-195.067383
-1133.365234
-3745.855469
-4195.025879
-1594.446289
-296.035156
3268.918457
6592.055176
2035.168457
-50.825684
-49.895508
-1318.937012
704.682312
-301.772583
-804.122314
897.866699
-127.863037
-1632.128540
68.955170
1316.321533
1172.632324
694.374268
816.729431
275.258179
763.673828
88.140137
74.463867
276.183594
1205.379883
873.976318
1106.114746
290.500000
-552.602539
30.609375
1220.639771
-523.574036
-2333.355469
-2058.800293
-2107.430420
526.696411
464.768005
-153.018311
3688.881836
4360.530273
309.064941
-247.002686
862.297729
573.152832
1381.525391
1282.043457
-354.206055
-194.081665
-569.853516
-409.463684
2444.496094
2370.087891
706.640625
-203.656616
109.410889
-286.903076
432.074341
727.510742
230.453613
809.480286
532.102295
-267.788330
-1334.121704
-830.869629
3957.232666
4779.301270
1174.725098
-2006.543945
-2286.869141
-1159.162598
-749.859070
-711.327881
767.092896
-3421.636475
-5295.253418
-832.262939
738.075317
2397.894531
507.152100
-792.508789
1326.739624
1334.959717
531.120605
150.528320
-661.392334
-846.064453
-822.234741
546.941895
-263.035156
548.690430
28.848633
-1617.252441
-2483.365723
-3994.434570
-2468.301270
275.307983
573.293213
905.564941
837.143555
-182.576904
857.142151
595.991211
193.604492
-128.974365
-295.324890
-395.027588
-965.472839
399.557861
292.076904
-987.802246
-3122.841797
-1933.355469
318.079468
229.472168
1887.980957
1854.445190
-440.938904
-46.848145
536.339844
-314.307617
384.561279
-855.123047
408.799805
-726.993652
-2127.088379
897.323242
428.221924
769.475464
211.931152
-1537.364258
410.097656
75.113007
-145.653809
392.299316
-39.566406
232.849609
981.062500
1270.472656
408.988281
-752.341125
-512.730713
-135.649658
-26.043457
524.018799
1712.475464
2085.183838
1177.921387
2266.083984
2197.852539
1111.744873
723.433594
783.935547
311.669434
263.036133
-364.062500
-707.219482
-585.293701
577.992188
63.475464
893.432861
364.132080
-3138.631836
-1979.307495
-910.274414
182.516602
351.151367
-2958.852539
-2444.200195
-456.246338
391.972900
154.717773
254.448486
-268.572144
-1757.273193
416.891113
110.238770
-126.038330
-6.398926
-1292.452148
-47.262695
92.349609
-1451.742188
-2310.944336
-566.544922
1392.846558
1082.026367
2793.726562
795.487305
-1248.755249
-1101.963135
-639.871704
-80.614746
-1927.176636
-5858.844727
-2753.935059
45.793701
258.608643
575.713867
-472.822266
111.885986
220.009277
-195.940430
-129.159180
-142.950195
-156.317261
733.148193
254.426758
-358.964600
1032.038086
-106.263672
-1252.055908
-910.164795
807.142151
973.355957
281.395508
-97.804749
2103.390625
967.616211
317.685059
942.137207
-318.067383
-294.663574
25.574219
-98.632812
-1740.854492
-1289.842651
1415.705078
747.020508
321.400879
-1813.743652
-2060.721680
-812.765381
610.421021
183.165649
559.762817
1082.740967
827.021973
580.357422
-419.670410
586.703369
-124.606445
1623.482666
5463.354492
3696.607910
314.097656
-1062.510254
-1182.796875
49.796875
1575.643066
1754.203003
431.532715
-1290.451172
-1120.869385
-51.272461
758.227051
-832.638672
-573.415039
-731.108154
-1178.373047
-260.894531
-98.873047
-968.223145
-1757.133423
-908.430176
-226.512207
275.921387
1527.276611
1022.553711
-582.096680
-562.856323
-388.183960
103.568848
586.227051
1015.341797
1672.208984
1400.609863
205.880371
-1265.807617
-3140.261719
150.626953
2494.786133
430.298096
-1560.075195
-3234.772461
-4266.212891
-2079.926025
-386.793945
-272.195801
1190.458008
1011.748535
356.174072
-2053.270508
530.575195
-1564.852539
117.796875
2069.706055
-31.128662
-1548.759766
-4314.565430
-2116.562500
1412.341797
2235.269531
1582.045410
-1166.472656
-228.395020
-14.375610
162.778809
-243.356934
594.627441
-217.801270
-384.600098
1024.262085
-89.682739
717.844971
-633.124268
1544.770508
761.964478
465.014893
1070.809570
1182.216919
416.533203
998.017578
385.470215
-1037.879883
-1740.667480
-1181.896484
703.570129
613.390991
-1428.838379
599.512695
2025.100098
5711.262695
4843.012207
505.799316
1198.784302
74.723877
-832.149414
-196.318359
-849.194336
-4.847168
992.818726
2033.042969
450.314453
3421.926758
847.289551
867.424805
2568.068848
243.179932
-10.875488
101.621582
2090.178223
721.116699
-728.184082
775.321289
-132.564087
-1798.122925
-1698.953003
-695.214111
-405.857849
502.772522
3.744293
-699.949829
-938.669434
-749.502441
-1093.482300
-1057.854736
640.665161
724.160889
624.821838
140.704346
-547.857849
2573.471680
1394.757568
-1431.704834
-726.284668
-1108.353027
-55.442383
-1238.577515
-1166.131104
-1282.732910
-1027.297974
1218.463135
871.887024
-62.484619
475.449005
-326.622803
-45.811035
2372.681641
3157.832031
1020.530762
722.934082
272.070557
-712.283569
2002.187988
2514.820068
691.368164
-816.958984
-3064.280273
-4418.989258
-2308.159668
172.881592
143.068359
314.340149
225.724915
-2820.490234
-6126.986816
-4481.467773
448.546753
579.218750
535.892578
1958.721191
-22.580078
305.377441
-56.038818
379.810303
2149.932617
2162.211426
-223.502686
-739.801270
-502.816406
-876.112305
-560.293457
-160.481445
-126.110840
4033.512207
1408.818359
2021.936523
-562.691406
-14.868530
-591.985840
-698.665039
-166.654785
-1843.136719
-3450.229980
-2091.350830
-338.428467
-12.220215
-594.242676
-909.372070
-193.600586
-317.292847
-1637.319336
-240.814453
338.963867
1575.888916
2798.137695
2256.913574
558.950928
-933.687744
-986.864990
1123.607422
1217.945190
-856.776123
-1466.145752
-1159.694580
-929.377930
-229.313477
85.373535
-488.590820
56.207520
-826.612305
61.191406
-2503.857422
308.212891
404.597656
-230.555664
876.558594
-392.046631
189.523438
656.387085
-8.902344
122.538086
-666.896973
-221.621216
564.962402
465.272461
1284.744507
1257.506714
458.375366
259.922119
687.777344
4903.633789
1754.533203
-485.899414
129.385986
-434.016602
-1532.791016
-1574.728027
-321.344238
-1947.187256
-1161.744751
1075.055908
439.271484
1495.044922
1417.548828
1078.892578
1293.392578
1041.262207
1417.622070
1210.239258
686.558105
-358.034180
-790.158691
675.122803
1499.512939
-527.315918
1053.371216
-978.277344
705.769531
614.090698
-1284.782593
1152.508057
1267.611206
866.505859
943.866699
668.972656
884.807861
569.381714
474.198242
328.006836
676.284424
843.608887
726.466675
854.613770
131.708008
-540.519531
-1894.105469
-78.697266
427.017212
412.520264
138.475464
773.448730
128.792969
542.102051
800.407959
-602.047852
-1567.487793
-369.084961
-618.404297
-769.133789
206.309570
-317.238770
-540.080811
-765.438477
-2144.284668
-2371.962891
646.977539
3409.721680
1450.648438
98.326172
-1492.449219
-950.201172
297.747070
-831.660156
1019.974121
-1225.256836
-690.652344
-984.415039
698.671814
4256.432617
2518.547852
-1026.471680
497.810547
506.058716
370.926758
174.990723
53.209717
215.142166
1190.995361
91.142174
-683.184814
342.837891
-2598.122070
-1303.941162
924.093750
630.040894
1268.115967
-1075.256470
-1739.823730
743.711304
2623.621338
4020.443848
1518.899414
-1131.275879
135.556641
-457.948242
-423.846680
-778.176819
-865.608398
-1608.415039
-4948.587402
-4479.338379
-4717.876953
-1191.531982
655.729980
-1008.428589
-823.053711
-1334.875000
-1366.403320
-326.639160
-645.387451
-874.530029
63.811523
725.145996
811.563477
643.409180
1183.284668
483.571289
690.701660
358.909668
-1225.207397
-127.935303
919.487427
696.379395
875.837524
-139.243896
-992.963867
-825.415527
6.913086
99.107910
-126.357422
319.735352
2580.656250
701.039062
674.812500
-110.598145
-474.129883
-66.216309
-1170.281494
-698.995789
3464.321533
2686.787598
511.102051
52.572559
804.761230
1898.318359
287.118652
-65.319824
-760.946777
-938.689453
285.756836
346.687256
-50.404785
-1244.234375
1055.060547
2074.720703
247.659668
-75.816711
811.231689
-568.524536
-434.476562
-217.544922
-423.270508
-744.810547
-209.194336
-226.504883
-653.234375
-53.967773
-333.960938
-1081.115112
1476.711914
2536.079102
-234.473633
-740.810547
-1525.947266
-247.715332
404.384033
485.098145
27.265625
466.156250
-286.222168
-1098.024658
468.325531
987.917236
393.595703
1918.618408
968.368774
420.967285
39.571777
278.962097
-39.864014
241.674805
-234.629395
-77.403564
-879.651367
-1248.524536
308.958740
-266.279297
-289.863770
487.166504
-201.276123
-117.735596
691.030518
1430.116577
635.475464
-1174.741943
-888.734375
-455.011230
-1177.209961
-575.262695
58.574158
-940.592773
341.207520
-376.150391
1149.027588
1690.287109
283.920410
303.416748
-1033.177979
-1086.846436
355.662109
378.502197
969.809326
1694.521973
234.841797
763.197021
1448.215454
-733.105469
-918.769531
1147.429688
-356.617920
-224.402100
-702.857361
-1170.344727
1175.755371
1842.055176
320.193359
-2.085129
-652.474609
-999.715332
87.933594
1232.083740
-669.191650
-2695.778076
-238.275635
3051.079102
3900.665527
691.726562
666.492554
1386.441895
962.823730
125.422852
-746.923828
-329.650391
2094.080078
828.945557
1145.360352
777.289551
472.598145
544.162842
947.388184
843.737793
341.088867
527.563477
2129.705566
4828.681641
3689.499023
-15.376709
516.099854
793.047485
-131.927246
2119.757568
1538.008057
-1163.713501
-291.877686
-505.654358
-515.683594
375.393555
521.270508
-421.654297
266.322998
-742.022461
-1311.075073
-447.082520
-45.037842
863.543091
22.520813
-948.586792
-1344.087158
427.242432
2801.883545
2763.592773
39.468018
287.345154
1094.153564
-31.978455
-986.017151
535.886719
297.615234
-1197.685547
-256.681641
-65.839111
1720.097656
648.365967
-711.645508
1179.034180
1089.075684
182.772461
-2114.918945
-1985.672852
336.612305
919.163574
174.678101
1725.917847
1001.066589
411.160645
1365.006348
4282.150391
4641.520020
853.611389
-39.146484
-254.026367
-1647.726440
-2232.998535
-872.469238
1413.743286
200.114746
-1543.731445
223.327148
559.325928
953.014893
-65.937759
96.174072
223.125488
-33.687012
-349.972900
-55.702637
-422.374512
-96.864746
-343.737793
-546.027039
-38.885742
-633.411743
-37.131058
311.788330
-1330.756348
-2449.341309
81.667480
346.645020
-153.220947
-773.745605
-16.178711
249.960571
-493.322510
-519.381348
-32.219482
-563.143555
-179.886719
431.138672
-145.155396
-521.575684
-56.895508
-3654.211914
-3154.390137
-65.698242
-62.435120
-1891.379150
-847.058350
250.435303
97.129395
301.516113
518.514160
806.826172
117.605469
1737.320312
1311.051758
613.423828
1096.137695
-466.899414
-429.563965
2582.081787
2690.694336
111.513672
513.490723
147.354248
682.488770
1434.863770
540.282715
1021.522095
493.549194
-602.947998
2619.655273
2424.780273
-380.562012
-248.554199
1105.238159
1535.562988
1269.194824
1824.484375
2192.288086
-318.643066
920.159668
855.103760
-480.455811
-655.384766
-937.521484
1282.533203
906.845703
1441.951416
1058.375122
-651.966797
-1206.177246
200.394531
-463.462158
-564.042480
981.750488
-495.700928
-1292.360596
-504.191406
1354.640381
2796.527344
1306.360352
195.991455
-137.859863
-482.385986
-323.425049
1133.056641
1274.047852
-437.055664
-254.782715
-626.751709
-1054.739258
431.297852
582.060059
-692.731201
171.407471
14.761719
-1236.282715
-681.864746
-330.792969
445.021484
-101.476440
-790.145020
-121.345215
515.545166
3163.127930
3998.132324
1156.890381
-981.544434
-1527.516602
-1025.389160
-709.384521
-594.636230
-458.900879
-387.112305
-941.825195
746.264648
392.721680
-399.027466
267.156006
175.403809
-192.561523
377.263184
353.957031
-1270.237061
110.415039
-1101.320312
-2334.978027
-226.747559
584.904541
-696.732910
449.961914
1813.651123
1244.612305
-355.213379
-2490.523682
-2457.595947
22.329590
-584.498413
-522.018188
-708.797363
284.116943
972.292969
278.790588
-1302.878540
-735.108521
5.541885
507.598145
350.262939
-1210.205566
-296.902344
287.324219
-446.375488
-865.660645
314.993164
-358.133118
576.780273
513.947510
-939.733398
-2448.381836
-82.387695
-344.938477
-298.776489
76.795654
-76.875336
-675.010986
539.198853
129.301025
-1059.101562
1572.386963
2352.454590
826.596680
-981.876221
-298.289307
528.548828
707.491699
849.578003
1010.116577
355.512451
826.744141
5297.881348
4241.146484
375.292969
-672.580444
293.865723
222.440918
-611.638184
-681.529297
-1311.416504
-1017.618652
202.492188
787.727539
-100.308105
374.811035
924.060303
162.992676
123.228027
582.248840
1570.606934
688.945435
350.679138
689.169800
-575.655273
-639.488281
283.839844
219.178711
-197.793457
875.446777
526.993347
-961.319885
-416.562256
854.765625
-614.112793
281.087769
916.948242
-761.798218
356.989990
628.640808
70.463074
1290.751831
377.153442
231.927979
588.235474
807.252441
1338.819824
619.065918
1073.594238
278.024780
-874.518311
1487.101440
37.247322
-957.989441
735.390015
-123.105957
496.416748
876.925415
190.035400
-995.614990
-2031.281250
736.706055
2256.033203
2027.873047
2350.459961
2189.033203
3649.137695
1283.091797
612.326904
-87.841675
-1975.643066
535.990906
686.154297
-404.427429
884.563354
425.970123
-828.100220
-29.551056
989.507812
694.749023
-831.426270
-768.513428
123.249512
705.405273
-180.693359
252.639648
1283.375977
1463.766357
726.354980
928.176758
440.046631
6.221680
-118.085449
365.697754
275.389648
-301.597656
-166.269043
663.803162
590.356812
718.475464
818.927979
655.832031
556.888184
-829.981445
-965.981445
-61.853516
-746.065430
463.745605
1739.472656
858.784180
-319.446777
-844.446533
-497.157227
61.408203
-385.920166
-1572.254028
-1585.263184
1382.546387
1326.484375
-263.374512
1011.192627
29.500000
-842.785400
1076.391113
1583.345703
-3029.299805
1600.858887
-259.676025
912.284668
1283.748535
895.049316
-1086.096069
-643.778198
-79.762695
-1010.341797
-1576.857422
-414.265381
1481.416992
1050.099609
1960.631836
482.088379
-138.952393
-518.061523
-765.458984
871.316406
361.310547
-1425.304688
-563.801270
585.138184
-334.269409
-409.904663
710.902710
1140.104248
1036.121826
773.625732
-64.805542
-494.140869
292.430786
1001.293457
-1280.583252
-2397.052246
98.069214
220.872375
-1037.054688
554.812500
177.277710
-1739.125488
-951.017578
553.257568
-563.137451
-221.314453
420.046387
-444.665405
2027.172852
3319.401367
1011.252930
755.321289
-1067.422852
-1351.639648
68.321777
873.258301
272.936035
-780.390625
533.612305
385.075226
1139.433105
5663.345703
6125.470703
3400.477295
1787.106934
762.758057
1692.427734
3025.659668
1736.251465
-856.776855
-663.363770
-206.282227
867.455078
903.455322
865.630981
-1273.144043
-1599.810303
-363.775391
1258.775391
671.177246
988.177734
912.867676
141.291992
99.058472
-500.069946
-1178.524536
-26.132324
791.060547
3099.425781
636.255371
351.920654
544.769897
77.982178
55.679443
353.475464
2198.474609
2731.825195
251.093506
-217.208496
-1111.290039
-3635.293457
-1066.675537
367.012207
-1062.981934
-124.419556
-96.453491
-853.864197
1753.220459
1337.920410
27.931152
-98.233887
-597.891724
1103.673828
728.776733
743.737793
-58.872314
583.432617
1455.824219
-2741.090820
-5951.184570
-7756.233398
-4533.787598
-673.516846
474.455078
-999.055664
2066.280273
-549.852051
196.439453
-544.355164
1362.822266
250.472656
-1675.156494
-2122.993164
-1989.128662
-1259.032715
-1027.829590
-466.839111
-1573.987793
-88.474121
-426.020996
-1142.529541
775.458374
2097.660645
1753.476562
784.505249
195.161377
-413.712891
-1727.710938
-550.071777
92.101318
1604.142334
3270.204102
1152.705566
2504.228516
2665.147461
1504.091797
-924.381348
-849.536621
270.516113
-908.596191
-1927.805176
422.931641
515.855469
1014.784424
1130.463135
-194.765137
168.650513
914.618408
238.605469
-32.256348
-1079.085693
-1033.691284
-987.007324
-1087.998047
-458.148926
997.970703
1268.883301
1128.977051
1275.822266
-14.000031
-136.458252
2104.335938
526.854980
-934.995728
-509.289276
-199.734238
1032.540283
566.225586
167.681641
-568.547852
-632.098145
1752.432739
1155.007690
86.550171
-1504.130493
-3814.066162
-1462.129639
1198.980713
768.647583
223.800293
523.789673
1724.494507
2098.663574
1153.070801
873.387695
2219.520508
2846.358398
1410.557617
373.114746
301.959473
2375.862793
8259.048828
6902.279297
1907.453125
-4727.840820
-9667.332031
-5086.838867
783.501709
73.143066
715.936035
659.469238
-597.422485
1218.277344
813.608398
-190.454102
-1069.244385
-1629.462891
-1605.563477
135.454590
-569.166748
-482.401611
133.934448
-2642.070801
-2063.229492
-89.255859
548.499023
5406.367676
5789.242676
2667.723633
676.752930
-1413.123047
-615.879639
-428.457031
1059.119629
-42.604980
-410.886719
952.707031
-968.305542
84.969727
-85.285156
-228.403809
380.429199
656.461426
709.710449
-1011.630249
-2748.489014
-121.943848
-954.249023
1136.951172
1849.118164
-1217.438477
-548.375488
-53.835938
531.475586
727.092773
-1196.853516
-1070.678223
290.920898
1013.618408
668.249512
-253.724121
728.770508
1078.119385
1620.096191
1551.141235
-1034.184570
-257.493652
210.475464
-1363.690430
923.870117
-1286.067383
-1107.763916
-481.040283
-15.249512
-252.240967
-157.732666
-887.239136
338.437012
140.570312
334.811523
-129.669739
1289.410645
1858.415527
-255.147461
-3391.020996
-2129.235352
317.221130
2670.989258
4409.717285
1145.916504
358.713135
240.938782
-1417.329224
1851.887451
659.107910
-505.823486
-1020.224976
1376.475464
2624.286133
323.142151
-237.665924
-826.508301
369.554932
-274.897461
-595.857849
-1034.511963
-3001.479980
-295.807373
1735.968262
101.449707
547.270020
949.712891
279.023926
-326.624023
238.275391
-202.422119
-562.331055
251.073242
52.331543
205.678223
510.464600
-854.272339
95.302734
557.674072
3220.862793
4563.618164
697.914062
-1122.531006
-239.815918
-24.170898
568.553223
977.798828
-792.811523
1266.410645
2069.984375
-211.896973
-36.911865
-227.188232
-4552.993164
-4382.296875
726.003174
842.375610
1503.224609
1248.121582
-739.093750
-757.524536
-2245.187500
-1220.101562
2621.625977
379.189941
-221.525879
-1360.506836
-1465.807617
515.244141
301.787354
333.486877
1195.222778
-462.807129
-1601.350342
-237.832764
-1212.408813
-44.330566
252.017578
-667.875000
-13.058350
720.292419
1649.638916
850.016113
692.987793
1810.179688
-912.773926
-1022.971558
285.761719
-696.224609
-1746.305908
-1543.806519
-1135.359375
479.584473
98.431152
-113.759033
-387.511719
702.694336
317.630371
-707.433655
-228.242676
53.114258
-475.877136
313.484863
-103.664551
-201.892578
295.575439
304.841522
-192.654648
-1298.296631
-877.807129
-204.023682
-2487.272949
-3803.133789
-835.378906
-780.261719
294.288574
-84.347656
843.438232
429.681396
-1492.723999
670.085205
-539.656311
-508.905518
96.393311
-1851.752441
-496.601562
1404.540894
480.726074
272.812500
2026.442871
1772.939941
2471.022949
1182.253418
-425.943115
-474.763672
-299.641602
-111.270996
498.526611
-314.472656
-34.559937
346.846924
-481.556885
-1550.529785
-3746.834961
-2755.858887
102.737793
4278.418945
6023.107910
1526.677734
-1248.912109
-1574.661133
-1420.997070
158.305176
341.500488
223.567383
175.090332
692.900391
185.019531
538.057617
643.489258
-156.129395
409.145996
65.819824
-1509.580566
-1573.481079
89.553528
-197.137939
133.761719
740.280273
-404.958008
302.787109
25.979492
-1011.610596
-182.805664
873.715820
264.860840
-577.233154
-1200.552246
-573.503418
466.155273
1257.995605
1740.309814
909.075439
874.982910
1766.543945
-401.625977
-768.782715
-1785.658936
-954.541382
-24.542969
-492.119629
668.518555
182.768066
-238.756592
1695.919922
596.342285
-649.021240
788.406982
1085.084229
-2186.062988
-1015.728516
-172.266113
-1218.313232
-938.111206
-619.006592
-167.892532
-145.148926
2356.406738
2715.000488
188.704834
123.393921
-2286.728760
-5239.825195
-2279.117920
74.118652
54.836914
898.740234
675.036133
-537.466797
956.976562
-1065.771606
-478.399658
873.987549
-275.233398
2186.496094
3258.212402
-67.084717
-1631.541260
-2033.223389
-333.201172
2017.557129
1755.713867
-511.589355
-27.602997
1449.016113
828.679077
763.304199
707.456543
911.462402
-307.366455
-1878.458496
-667.360596
70.464844
-3552.825195
-1327.524536
625.541992
283.481445
-28.919434
222.772949
1249.853027
50.410645
-48.610352
-1072.405273
750.066406
1008.934814
-179.740234
381.086456
-754.197754
1278.843262
1254.589355
501.150879
509.028809
1050.895020
230.622803
526.919922
1438.482910
-776.860474
-299.237305
1063.589844
1073.387207
765.950195
1105.288696
1166.812866
1266.867432
-14.493408
-559.210083
935.353516
-1770.616211
1154.876953
897.350586
-86.921295
274.791992
234.972015
1307.371582
1973.282227
2072.627930
569.749512
-2534.609375
-832.507080
396.794189
82.321045
91.309570
-1255.234375
-1292.892822
-216.006287
1403.325928
1767.496826
7504.318359
107.874512
-375.463379
-110.219971
-1274.621948
-67.676758
176.478027
-1016.755859
-1082.868286
62.589844
484.846191
1037.485962
424.126709
195.539551
364.083008
248.709961
736.937256
-443.898315
-234.127441
323.316406
700.226562
-3376.975586
-2391.473145
-310.884033
803.508545
788.966064
-899.769043
-647.242676
-868.576904
1272.142822
741.933594
-731.307129
1820.963867
3691.640137
842.782227
-325.134521
-58.896851
-805.648682
-35.823730
405.304688
545.019897
1407.615234
960.683594
5445.919922
5494.395996
657.789551
-70.995605
-497.599426
274.865967
3146.104980
18.460205
-582.862671
425.186401
658.258789
5205.482910
5577.888672
-182.951172
-3399.720215
-5504.742188
-679.519653
285.490479
-1497.524536
390.154053
165.997070
613.424683
974.751953
197.829102
550.131592
-709.481445
-700.465820
1127.131592
-133.598633
-15.597412
979.330444
1601.837036
603.801270
-53.765625
1239.746582
-1157.857788
444.767578
-396.043945
-632.516479
26.333008
-1018.011230
-232.520508
694.356445
611.803955
1071.369873
65.112549
-1699.740845
-270.901855
88.026367
-929.344238
-288.166992
923.504395
2774.710938
2759.388672
358.410645
-1241.846680
-2684.130127
-4266.101562
-2128.301758
-990.864258
403.870850
606.066895
370.825195
-1329.951294
-1268.519043
97.249023
833.884399
-314.979980
-742.610596
-442.450806
-1735.447266
-1311.637939
964.905273
-57.296875
-757.871033
-180.643555
921.200684
725.471191
-242.490814
-557.880127
156.452148
70.072754
66.703613
316.400391
1029.956055
1244.690918
552.023926
1058.343262
553.566406
2194.791260
-1296.230347
-352.942780
-312.471802
902.783569
579.325806
-182.672363
846.861328
1875.352783
244.405518
331.352295
607.748901
-177.666992
1804.484375
-459.703125
390.958008
-210.110840
-586.078369
-361.031982
257.269531
1679.899536
842.643250
-391.529053
97.820801
-748.070557
909.077637
2375.741699
2784.180176
-362.346191
533.193054
-655.956299
194.069580
985.781738
1034.642212
1375.887817
719.665771
809.376953
1026.709229
1128.962891
831.843262
-83.655029
-238.801392
-1353.474121
-1304.376465
469.071289
27.965820
177.583984
-425.363037
-1295.212402
-268.301270
-289.684204
-1094.308350
-552.219238
-925.922363
-821.459473
553.169922
-1462.236694
-601.595947
873.849854
-710.164551
-663.463379
-46.772461
-279.351562
273.905762
2728.924561
2647.319824
-188.153290
-406.850342
-2935.990723
-3416.205078
250.246704
1314.805176
270.253906
-371.902100
-1012.542725
-511.044922
-202.866943
-727.436401
-619.329590
-10.677734
462.554199
1279.353027
1760.351929
-556.413940
-705.474731
276.188232
-670.339966
1285.319824
2374.560547
-316.994141
264.731445
698.687988
773.523438
-357.210938
-931.974609
1050.896851
1300.659790
-382.008789
-518.641113
657.753784
322.493164
-619.791016
-178.178223
-467.287598
361.971802
654.181152
-287.059570
652.693359
-312.549744
-48.655273
596.845337
398.605957
1678.781738
1357.744385
177.600876
-496.355347
-104.290588
-737.749512
-3754.691162
-1504.408813
657.199219
-1031.812012
147.332031
754.765198
-2132.203613
-1522.007812
158.451172
-714.154785
-862.293945
-358.917969
1533.636963
230.300659
-1547.871826
-606.893311
1089.384277
1127.581787
-86.984375
-286.361328
-787.600342
-341.584961
-154.239746
-828.928223
-359.466797
-121.460571
52.780273
-804.459961
131.296875
-1030.626099
-160.119507
626.453857
654.145020
637.658813
88.535400
333.532410
349.427246
1841.395020
6177.420410
6776.519043
3012.278564
13.562988
-205.344727
804.885925
1738.710938
-430.234863
225.955078
155.302734
571.857422
1010.503418
932.492188
893.805176
-1838.602783
-6031.832031
-5694.248047
-968.280518
580.124512
-65.343079
506.219482
682.990234
94.970947
-467.976562
1363.327393
3073.689209
1027.619629
-814.204102
1188.856689
1505.038696
418.402344
592.611084
658.916504
219.875000
-626.415527
131.703094
-684.158203
-134.431641
385.150391
688.417236
-295.226074
-169.030273
-663.830078
-920.119141
657.659180
-104.761169
187.527832
-401.909668
1416.466553
1620.705566
1729.663818
682.000977
267.848633
827.449097
1369.872559
955.102051
88.222168
-715.822510
98.142166
-332.302979
-1301.035400
2309.335938
2648.007812
511.291016
-854.714111
681.758301
-914.602783
-473.064453
220.896484
515.730225
1260.207031
786.113953
33.608887
-986.513672
-656.478516
-95.801270
666.964355
1312.111816
544.433594
5.852539
1355.703003
530.755005
-501.843750
1490.144531
325.592773
953.675781
-763.651367
-1362.830078
-2981.018066
-2394.168945
-2722.071289
335.796509
1087.785156
-352.708008
-387.456543
-119.617859
2443.984863
3481.965820
1186.252441
316.553223
1164.428711
929.812500
1366.691040
382.972656
-542.180664
414.142151
-273.359375
-1147.376221
-818.656372
551.628906
607.023682
1521.879883
1072.229980
1621.281250
-475.965576
53.067139
-103.111328
-360.523682
875.646484
1707.343018
-1600.667480
-3028.045410
-1433.253906
352.522949
-1210.729980
-1654.882812
-1869.008301
177.863281
-1191.133789
449.515015
-456.731201
-853.221680
1099.696777
358.157715
-844.486816
414.587982
-1416.166992
-3161.400879
-960.970642
70.850800
2603.814941
8051.895020
5090.105957
-121.681580
474.475464
772.157471
196.959961
1671.645020
2311.856445
-112.526367
-790.349121
-835.308594
194.666504
-72.931519
-1841.898315
-1080.981445
-279.923340
292.763916
629.021973
-330.315674
706.558105
1444.619141
625.370972
-268.194519
-1532.862915
-419.062012
196.815918
36.481445
1413.435547
1100.338989
-130.040405
415.855225
742.996094
101.543945
360.181152
558.075684
112.758545
965.658936
1109.289551
2055.646484
414.501953
594.971436
859.323181
772.466675
769.906860
1116.858887
944.058105
-195.958496
-553.203369
-530.713501
-102.504883
865.223877
88.442749
-544.156006
-372.627441
390.043945
359.230591
-1371.581055
-398.871704
791.247314
586.228516
2029.103027
1916.799805
-335.467163
-504.181396
-489.730469
370.910156
-280.841675
-542.624023
-178.901855
818.377930
1196.094727
1613.497070
672.167480
-705.984253
-1495.823242
145.832275
701.643311
-504.774170
-1383.190918
-624.051758
497.877441
1803.004395
785.289001
-787.169434
-3267.519043
-1053.470703
-3505.378418
552.285156
99.788086
651.145935
1481.798828
330.862305
52.804443
3604.976562
3302.302490
-823.772949
-1045.582031
-2065.985352
-932.710938
-820.947510
-967.220337
164.326660
-289.473145
116.033203
547.516724
867.686035
1056.348999
-499.729492
-783.408203
602.808899
832.399414
131.369751
-182.925293
65.671875
-1024.052490
281.529785
261.085938
187.687012
668.581787
668.614258
730.220703
785.397461
-160.435303
-771.093750
-1314.291016
-147.752930
403.974976
-476.529785
-721.029297
-544.561035
859.649414
3125.967773
-131.481934
-807.973633
356.712280
614.289062
447.691681
-217.275848
322.660889
597.388184
-156.029297
-331.795898
429.941406
203.705078
-848.642700
-925.616211
180.816406
898.163696
-2942.271240
-6954.476562
-3833.390381
12.544189
288.812927
718.636353
880.505127
-520.606934
-320.904785
-142.421875
-341.761841
178.432617
1017.999023
-38.650757
-574.683594
335.030029
-2392.965576
-2935.407227
-870.587280
544.275635
1595.295166
617.078613
-30.308594
777.868225
780.687012
-15.653320
-1248.885132
569.546875
2177.699219
1152.071289
303.801758
-622.752625
-1004.878906
-452.290527
233.784668
-465.687256
-457.968384
317.990234
412.621582
807.777527
1120.349487
61.757812
-997.758240
-1750.941162
-1703.842041
-473.893555
750.729004
243.779297
-507.714844
275.123535
-962.248047
-1018.208984
781.541992
503.622070
-83.712280
-603.857849
1710.515137
1102.094727
29.704102
-891.648438
-121.528076
-1149.541504
-3229.420898
-1889.429688
1703.630859
724.911133
1.001953
-940.824219
777.788574
3266.312500
3687.632324
677.432861
616.974487
1182.268311
263.866943
-284.904297
1317.534668
3290.690918
2773.154297
2008.296509
1036.633301
-1162.066406
-42.996094
271.307129
-355.779785
569.290283
-566.853027
-1297.371826
1528.109009
1612.650635
882.702148
367.765137
914.377808
-849.140381
-2073.028320
-1344.385742
-80.667969
-816.613525
139.262329
1583.714844
106.867218
-800.383179
-698.111328
-152.606934
-1785.705078
705.629150
452.882324
-464.510986
654.267090
2377.473633
3168.028320
-478.103516
444.107422
533.494629
1893.949707
1258.653076
901.293945
262.970581
-1624.520508
-3600.212891
-1249.269531
812.239868
419.584961
241.907227
1905.081299
-718.759766
318.073730
265.159302
-206.855957
810.512207
447.722656
-165.719238
-370.785889
-462.902161
213.386673
741.777344
924.320801
651.538696
606.805359
-825.062622
180.474030
-780.513672
-154.960938
296.835449
65.542969
-111.553101
683.791992
-1041.446045
-1254.872070
-856.263184
-1252.958008
357.287109
856.675781
4059.093750
549.666992
-717.825317
692.188110
-944.479614
-1336.348145
316.478760
-1175.743042
470.498779
613.028809
-1159.383545
79.147827
-2408.412842
-2413.514160
601.945068
122.387939
1424.066406
428.582520
643.366760
353.972656
-575.386230
1889.707520
2040.015137
521.903320
130.343750
-931.833252
149.827637
-301.722900
-1503.536377
-1201.833984
1062.970703
641.744629
-1061.524536
-65.481873
19.520905
-912.096069
669.290527
-299.198242
-549.140625
-1415.519531
-4655.224609
-2682.522705
203.836670
-432.082520
-216.161987
-362.005859
-1061.334961
238.038574
1086.982300
-249.135254
359.051758
-156.893799
292.487488
679.194641
-553.967651
0.220947
-534.575195
-5597.101562
-5767.039551
-735.333008
1119.793945
1233.589600
1197.162109
-249.527832
-1842.969727
-23.791748
1692.015869
1363.697754
421.220581
568.627930
1972.943359
1838.775391
1404.786865
223.475464
787.861816
66.899658
-402.122986
-43.298706
-1347.632690
-4839.598145
-2438.620117
727.780518
-632.119629
-511.041016
-474.792480
-103.746582
310.689941
-392.071014
-934.375977
-46.029785
-1049.395508
464.709351
-76.092773
-223.956055
-966.573242
-1101.157715
-110.802856
-750.524536
-1058.946045
434.570801
-431.942627
221.383301
528.278748
-967.003662
-1204.804932
-149.877930
-466.973145
-944.982910
-870.702698
637.250488
1191.290039
435.128418
560.132812
819.866699
151.418213
-251.981445
487.295410
1824.998047
680.424316
-147.500244
90.026855
-384.713989
-367.635498
58.403320
984.205078
1058.450928
705.150391
5094.723633
2527.770020
-394.871094
-971.632446
-771.244629
2060.568604
2144.668945
-976.924805
-2639.806152
-3666.004639
-1961.892090
-354.440430
305.170898
902.386719
103.211914
-88.733154
1590.115723
1370.395996
-441.073608
-1609.759033
-600.190918
598.226562
1103.167725
999.546875
288.541748
676.666382
688.086914
242.662109
1615.375000
-391.107544
-1434.098389
-755.402100
-542.145508
-300.511719
382.569336
-57.922729
-281.432617
-126.432129
-262.492310
-953.348389
122.385986
711.991760
-1609.179199
-1956.341064
-2191.821045
-875.452026
-394.985718
-472.134766
-366.715820
-886.757324
298.976562
693.532227
967.699585
-526.950012
-462.880676
-421.253662
-643.714111
-148.533936
587.668579
756.293457
-7.060547
-1867.634399
-1257.135742
-1238.445801
1143.770508
146.324219
-686.236328
219.140442
590.729858
136.043945
-263.149658
13.293945
487.388672
543.318359
-1082.850586
726.473145
188.686890
-197.803467
-668.422852
-336.323273
-1175.394531
-811.877136
-739.759277
73.908203
924.216797
455.643555
-720.606628
-99.479004
1957.314819
161.035461
-627.372070
-392.690308
-1534.568726
-461.292969
-160.894531
-225.877930
1204.336914
-621.401245
-32.661865
1089.744141
322.108398
-764.298645
-225.259766
498.175293
-25.307617
-60.195801
-297.421387
-1020.803467
-813.132202
1704.052734
1481.910156
-127.622070
1084.071289
435.384949
-112.852051
1320.173706
959.863037
-698.263184
-2839.199463
-1948.654297
1017.494141
2482.851562
1234.608398
152.430664
-1034.504395
-632.626953
2622.952148
3244.229004
892.930664
-225.045898
157.469299
249.607910
690.218872
102.833984
-2294.093750
-2037.718750
55.825684
1047.843018
1214.134277
1126.475464
278.084717
699.566406
336.643555
-468.710449
-864.651855
-530.891602
-1182.529297
-979.572998
-4631.056152
-1522.633911
-616.124146
537.611816
3240.075195
2551.962402
146.360352
-750.636841
-1513.815186
108.897217
-848.959839
-1203.078125
-458.922363
-647.987305
-267.959961
11.731445
-765.656006
-998.240234
88.873047
-1790.563721
-176.360718
615.620605
748.617188
-51.522461
1162.864136
-137.159180
1147.276367
78.829590
-952.496948
630.466553
1112.867432
-279.336182
174.871582
-282.467529
-252.673309
204.048340
283.337402
-186.395142
630.899414
1548.745605
1279.865479
-255.052734
26.086914
520.360962
-1799.764648
-6126.746094
-6009.120117
-810.524902
562.285645
810.361328
-28.645508
-1520.616943
-406.500977
485.044189
-1022.549927
472.722198
-1001.571899
-6325.671875
-4421.976562
-1246.117676
796.535156
347.154541
-586.030029
336.234131
1126.579590
921.820801
-636.145508
-379.161133
2522.430176
1650.526733
-23.238281
-88.701660
118.064941
263.580811
151.130615
196.339600
-290.699585
-942.449585
362.828369
-307.857239
-2655.592041
-794.660645
1752.033691
5241.028809
5981.458008
2041.327148
673.782715
1079.951416
80.405273
-283.582275
-1250.844727
-1188.229980
566.291870
511.531738
-293.249268
560.136658
-481.746826
-1007.571289
-381.653320
436.265625
198.558228
-3987.660645
-4507.715820
-759.329346
1224.892578
4587.103516
4601.954102
-806.261414
-898.485840
-2168.231934
-826.938354
553.972168
1300.601074
3203.771973
730.641846
-930.852417
-52.406494
-314.428650
-488.202637
608.825684
5025.478516
1178.933105
-712.073730
742.497559
141.084961
269.448975
1280.589355
1396.703125
3654.040527
1851.376709
-49.936768
283.744141
862.761841
-281.798584
2422.243164
3568.617188
-488.618652
-273.481079
925.874512
36.121948
317.565674
-408.591553
-638.306030
-217.028809
107.609863
-975.501587
-755.282471
-669.163757
-149.219727
-792.988770
-413.937134
1615.064453
3602.298828
2647.408691
517.536865
-1397.109619
-496.921875
-234.351562
-12.677734
-719.083130
-616.514648
972.920898
-750.564087
-953.135742
430.061279
-83.409668
810.036133
149.803711
-403.576660
-45.444092
1935.041748
1950.476318
-517.992188
-161.922607
974.749146
38.447998
859.790039
1521.413574
-94.565186
192.433838
-207.163574
-2987.910645
-4053.257324
-2356.140137
-1403.809082
550.837891
-53.436035
-891.042969
33.623047
736.604492
302.911377
232.753418
8.807617
-330.509277
104.189819
1507.383423
882.120605
1593.387207
158.387939
45.668213
474.444336
-134.051758
103.521851
1737.432617
-71.083008
474.325562
64.666992
-142.358032
-521.166748
-87.025391
321.540771
697.879395
1086.171387
-515.595459
-1119.030029
-1750.985352
-1139.840820
717.642822
1296.492188
1240.981445
867.494995
-73.416016
-1065.343750
-365.198242
681.122070
1965.424805
1881.863281
-681.854614
-889.931641
-593.918945
-64.958984
602.077148
816.953613
318.767578
-175.887695
1828.855469
697.844116
113.535156
-148.783813
1616.517578
2042.790039
34.087891
-1066.183105
-922.137695
-1924.722656
751.137695
62.499756
-992.859375
-163.067383
-1286.005859
-416.342773
-371.281982
1049.265137
2257.097656
496.291992
-1252.566406
-393.129883
-2880.017090
-1614.001465
217.748291
-4.022461
-146.672852
-491.292603
1028.516602
880.613647
674.987183
599.807617
439.921875
-227.828613
-148.195068
-869.886963
-447.909668
-23.743164
464.695312
-289.741455
-1970.826172
-1185.550293
-233.734375
643.645874
1821.498535
1927.980469
-2818.120117
-2938.579102
-410.532715
-472.422607
1056.788086
335.999023
816.948486
1186.702637
-319.037445
1885.571045
941.902344
-49.524536
-1712.669434
-2051.376465
642.565430
-458.145874
-542.560242
627.132812
-1783.084961
-631.195923
-544.999146
-98.380386
620.657227
-64.444092
-627.634277
-3240.553955
-3423.083496
49.623779
427.483887
-2.521973
249.575684
-1468.788696
-1154.513672
-220.450195
1679.852295
7169.199707
4780.999023
-61.848633
-835.299805
-971.122070
614.715332
386.066895
-207.625488
1809.708740
373.022217
48.266296
1178.297119
352.273682
492.768066
880.252197
451.251953
683.649902
-149.613770
-570.507996
-437.703125
-446.205078
-1116.008789
-355.721313
-1353.454468
-1264.187866
345.029297
-256.181641
-1764.908447
-1087.977783
351.328613
-1088.997437
-828.615723
643.348145
1159.096191
618.247314
779.135498
563.151001
766.815674
777.967041
1343.073486
1402.484497
334.824707
41.052734
22.115234
883.545898
2926.625000
89.423340
82.365723
-903.007080
-2549.202881
63.418839
178.972778
-2016.251709
-1971.478882
544.962769
1543.451416
1517.082520
46.084534
221.237793
-30.075195
-548.629883
-344.633789
-734.434570
871.856445
-233.977539
-1272.200806
-1312.927246
-839.054688
579.421265
681.927734
-22.909180
1006.854004
-43.410156
-1136.701660
724.099121
-1849.277100
-1333.811523
-114.548096
-1268.963501
-207.470215
503.696289
-332.142212
800.437500
-207.501953
-658.258789
-66.145996
-153.301758
-819.744507
-791.481689
155.602539
1253.369873
336.518066
-1001.936523
2813.803711
6709.560059
2903.275146
-497.576538
449.749146
-1755.172363
-1319.468750
-863.029297
-2146.790527
-1684.524414
-135.490356
610.166260
-721.206543
-408.973999
263.951416
850.148438
-61.857834
-946.340820
717.764648
-591.971924
-1158.410156
923.555176
658.520020
1063.435547
-706.330078
-3733.374756
-2213.833252
541.118408
3146.627441
4105.510742
712.653564
262.825684
-165.469727
254.143799
432.201660
-979.844055
1370.277832
1511.814453
309.252441
820.103882
-1.276855
-593.952637
184.496216
1137.848877
427.222168
-400.461914
-792.398926
-1716.639038
-3174.477539
-2999.253662
-1201.291260
-363.091309
-514.921631
2027.248047
2064.390625
-226.072266
438.092194
897.550659
87.997803
206.156738
811.829102
-1197.363770
215.403320
-250.489624
-1422.479614
827.081543
1484.223633
981.063477
-30.109070
1277.072266
1876.706055
214.897461
1535.201172
269.509033
1608.100342
1768.553711
295.307617
-990.261719
-677.295898
317.569763
1244.937622
1216.724243
1150.420410
219.861328
1788.503906
2515.129395
-470.813477
-1861.524536
-536.081055
-208.326660
-363.399414
-442.396484
-897.303223
335.482178
-244.487061
-1209.608154
546.116333
144.017578
-68.397949
218.894043
716.882080
1004.596680
-1267.451904
-4058.917725
-151.779541
873.556641
-1974.103760
-1639.273560
332.874756
-556.057373
589.797119
-748.991333
-1011.975098
-604.237305
-528.698242
978.691406
1237.482666
-223.585449
-897.211426
-479.273926
-1618.837158
-1123.613770
-261.050781
-2583.446289
-1126.553711
114.020020
-110.859253
126.833618
489.628418
-1196.351318
-651.909668
98.268982
-368.493286
1120.243042
577.196960
-381.712402
660.936035
1217.608398
460.139648
-611.036621
932.329102
346.175781
-1711.045898
34.320557
1139.107422
227.792725
-178.061035
-2183.968750
-3726.859375
767.612305
973.275146
1386.904053
3304.054688
1461.514648
663.113281
-492.524658
-324.755859
-32.505859
167.166016
4.922852
495.986328
-850.784180
280.332031
281.943604
-89.237305
1472.935547
836.505859
-1462.524536
798.130371
290.822998
1135.875244
-665.174805
-81.754150
-1856.795898
-2036.818359
1800.968750
2610.657227
224.377930
-953.225586
-3641.560547
-2186.568359
-517.538086
-97.365784
1194.712402
570.506348
2354.608398
-271.389404
869.131714
672.110352
101.563477
-459.665527
-470.189453
-633.104492
662.516113
1212.198242
-863.635498
-989.326172
283.689941
508.013184
-478.021729
-553.800049
1613.989990
459.353516
-89.887695
-836.880432
-1500.482910
0.490723
654.120850
-433.034424
-293.645996
2084.712402
7747.787109
7066.600098
1725.996948
-535.511292
-1608.775757
-910.775635
717.535217
1192.500977
-207.273926
979.409180
334.603760
-714.409790
-1226.281250
-123.029053
-232.950806
-417.478882
-1.318848
-369.728516
-303.702881
-385.401367
-79.924805
494.542480
-531.213379
-1420.670166
-272.157227
1399.069336
90.229248
-654.133789
-138.394531
-391.127930
-412.554810
-1214.000488
-98.221680
720.582031
285.951660
659.520386
461.321045
675.075684
1172.356567
740.792236
490.530273
525.751465
186.524902
264.389893
-131.284180
-1458.230957
127.651855
-526.865967
-2.678711
1012.194336
853.636719
1287.805664
4561.861328
3253.075195
269.709473
313.402588
-1683.814453
-819.011719
159.425781
-382.301514
-323.335938
-963.734375
-2517.396484
-725.344666
-2695.952148
-226.636719
214.756012
792.305176
3935.147949
2133.475342
-1018.524536
-881.637695
-309.873047
-22.505859
218.751404
329.441406
-574.025391
-554.884766
-371.570068
-1222.485229
-265.677979
-73.474121
999.775879
374.747559
-150.417969
84.347656
-1167.315430
-268.260254
-801.855225
640.553223
544.697266
887.210449
571.268311
-889.512268
-2695.843262
-540.379883
1775.119141
-13.610352
-561.112915
-830.898438
-1185.037109
-1895.470703
-1840.458496
-513.857849
924.800537
-466.284424
-1448.328613
110.364868
1337.558594
-708.474121
377.654297
-314.415527
-629.857788
2329.595215
5335.232422
2595.517090
252.746338
-154.495361
172.724121
-806.342773
-1874.727539
-1347.137695
-2438.613037
-2163.226562
-514.387695
385.167969
546.413330
-57.345703
86.682129
-1475.995239
-1363.547607
-694.515381
-135.656250
-216.507812
-606.128662
-1661.793701
1.700195
1298.039917
-805.663086
-1197.140625
-272.869141
-893.333984
748.509766
1422.740234
569.056641
-895.820679
327.762299
319.456787
-323.144531
181.695312
912.807068
1475.475464
1629.847046
283.554688
-233.690918
1436.737305
1248.641113
-245.066895
574.534058
-225.591309
122.761719
1319.721680
-183.985107
-523.016235
2182.444824
2073.206543
752.225342
-119.986084
537.327393
-578.326172
-809.548096
1694.187378
-84.603516
999.859375
1172.027832
155.922363
892.581543
1312.756348
2034.474121
225.030273
-614.477539
316.437744
1059.070312
5500.550781
5129.627930
2530.616211
-513.704590
-365.796021
-1536.496094
-206.775391
-174.447266
-1335.450684
-1214.877441
-401.035645
-357.944824
807.838867
-147.251465
-585.994019
-201.708862
-344.480713
1242.248779
503.654541
-282.687744
486.206055
-37.399902
208.278809
1193.727051
0.087646
-743.055420
-702.710938
-1058.334961
817.249512
3987.858887
1697.551270
-162.160400
-699.057251
-3980.399658
-4264.517578
-1304.015625
-1092.589355
-581.760925
-1970.669922
-537.399414
333.961914
-387.559570
-114.356079
-335.311035
-521.078003
-439.620605
-85.481445
1888.193359
124.587402
-1440.718018
-850.690674
-488.189087
1123.466309
1857.737061
105.021240
-1505.134766
-1885.468750
-1141.976074
143.634277
-312.660400
-1442.857788
-933.427124
-463.524414
1004.714355
1165.780884
-215.463867
-587.564209
-800.333008
-449.821289
931.432617
2045.101562
2617.401367
180.870483
-297.568970
1397.698120
-62.185303
-2070.972656
-600.369629
-294.083496
-1397.927124
-488.003418
-1789.993164
-3266.333008
-3665.173828
-3021.778076
-699.019775
-858.587402
-283.367188
-352.925049
-1061.632324
1237.005371
1147.604248
-229.009766
743.043091
359.749023
-866.406738
-1150.226074
-802.753418
-527.229980
-603.059082
-715.573364
-78.414551
986.930664
1335.815796
505.249512
905.266602
2746.374512
1642.296875
-57.468994
1165.999268
553.837891
-220.250977
1049.770508
0.332275
-1488.746216
197.234131
683.087463
706.114502
-375.276123
-255.497986
1011.568970
-3383.979492
-4812.280273
-3035.478027
-1161.545898
1247.686279
2238.729980
143.030762
1155.499023
854.441162
-627.300781
-1336.162598
-17.274414
-336.142700
2065.767090
6080.652344
2210.732910
-1024.741333
-663.431641
-826.653320
1564.505859
639.010498
-417.619141
-906.270508
-2249.075684
-303.263184
227.853516
-1716.482422
-943.122559
-1044.418457
243.910156
1623.430908
4153.118164
-911.614258
657.291992
-1444.390869
-1209.632812
-214.298401
1103.264648
524.441406
1379.072266
398.137207
402.594971
797.595337
-352.744141
1546.019775
3755.375488
466.087158
-788.339600
1795.952637
-383.142334
-120.333008
807.107910
906.940430
-458.928711
-1818.836670
-304.408691
72.520996
867.306641
1270.945557
603.968750
-217.402710
-201.482910
639.282715
1494.821777
1730.646484
2737.022461
2516.286621
72.814209
-112.069336
-438.659668
-1000.834473
-374.506348
-833.318970
-697.857849
288.349854
852.400391
988.970459
472.143066
-159.100098
-1020.303223
-915.313171
1033.647217
1128.411743
-983.965332
-259.166504
381.518555
-714.185547
-391.542969
-149.590332
-729.910645
-1119.572266
-401.868042
1976.910889
2299.940186
1674.869141
101.226562
37.743652
136.272217
1940.380859
3357.141846
1579.116211
490.181641
202.936035
-229.900391
525.994629
278.791992
-786.048706
-715.137329
-294.302734
-55.214493
284.812012
-450.475098
103.771240
730.989502
-120.759766
-250.878418
1.811279
-1447.127686
-2390.817383
-314.746582
-250.586914
-881.310059
519.435059
249.489258
-416.801270
534.862305
-177.921265
-364.878418
229.468262
-317.495361
3604.089844
305.225586
-1035.417969
-2005.564453
-3887.247070
-463.227295
-562.151855
421.933594
399.009277
-1647.867065
-1330.930664
-2575.999023
-1603.085449
-136.763000
544.435547
-330.423340
662.780273
-1888.869385
-1739.616211
-1557.166504
228.424316
424.723877
-277.035645
22.492188
415.257324
-468.725830
1.966797
-997.452637
-87.371582
-352.762695
-954.794495
2611.795410
2515.642578
184.801270
1839.154663
820.764160
873.241699
3312.108398
1797.962891
1322.943848
1309.442627
213.327637
-754.933594
-1150.226562
-534.980469
2707.933105
-424.728027
177.966553
-1932.023438
-3875.960449
-793.589355
838.359863
-1753.692383
-498.065430
11.595703
111.563477
1139.942383
-340.478882
146.123779
287.864258
-326.812866
-1326.371582
-1880.476074
-1129.911133
-820.341797
358.521973
803.142151
1142.062256
897.236877
736.729004
795.397461
1741.748047
1738.011719
1285.057617
-584.347168
276.425781
-1361.254639
1344.270630
1050.172119
1174.681885
1176.506226
-355.659302
-447.925537
861.686523
681.452148
-1059.667969
655.550903
528.125000
-1648.041016
-600.742676
1340.155273
1331.067383
-108.435547
187.519531
-240.666992
-1575.704102
-1091.852783
-503.979614
187.423828
-116.800293
-264.044922
492.505127
1026.278809
532.129395
-357.757568
85.231567
-2795.097900
-6105.753418
-1517.167236
620.782227
568.066650
948.949463
-374.277588
-394.514648
266.417725
-210.537720
91.441406
-622.834229
1616.708008
6483.838867
8348.135742
5798.237793
1118.609863
-1566.022949
-787.000977
322.404297
-66.196289
686.936035
-58.095947
-264.733154
-478.077789
741.527344
-97.314941
-431.554688
449.719238
372.665039
490.195557
247.891357
-386.838623
97.848206
-124.179443
-593.117676
-193.648438
1808.798340
1581.619141
2934.163086
-292.930664
-1035.249512
-994.743530
199.432983
-378.029297
-212.943359
8.227295
326.749023
-1147.977539
-225.883301
-560.731934
-2043.331055
-2444.198242
235.737793
-1035.573730
-1404.094482
772.463013
-2487.041016
-1949.232422
443.480713
237.194702
-279.011719
-538.368896
-682.920898
634.334473
441.997437
-772.166382
-911.524536
891.309326
127.112183
24.875977
815.745361
1488.253784
457.468262
-588.874756
1405.026001
504.736938
-634.924866
138.157471
-24.153381
-313.765381
-2278.211914
-1838.076782
1317.735352
1176.908691
1607.900391
1442.244507
574.175781
868.472656
872.444824
681.988281
198.067383
467.679199
1933.645508
870.874023
790.570801
-18.234806
275.062988
-57.981934
-204.398438
-932.775391
-1666.843750
-963.314453
4899.674805
2966.716309
1972.099609
-459.743164
728.604492
-1238.967773
-1548.822510
-164.981445
980.607422
-431.753906
-344.374634
-1871.499023
-1193.051270
-637.754883
663.698242
-1123.043945
-1211.694458
-156.750244
973.109375
-309.654297
435.650391
1258.749023
-902.229797
872.924805
256.273438
319.779663
937.719727
164.687012
-1112.027344
-1095.599731
-2002.371582
-1653.278564
393.767090
80.295654
-297.059326
233.569946
235.158691
-388.783203
-562.715820
892.525879
-1395.384399
-1057.799683
-777.698730
1613.408203
-169.409180
2058.388672
2150.952148
1723.013672
-724.083984
-545.551025
-691.547668
-140.524536
1655.038696
955.342529
1955.708008
-176.479004
-6054.852539
-5731.520508
-2046.547607
378.759766
2310.562012
1026.531616
-1713.144043
404.995117
805.125488
237.102051
-1620.366211
646.289062
1487.042480
730.132324
6333.917969
6566.990234
550.665283
-665.039062
-1350.271484
-200.937012
597.797852
-171.971191
60.760376
-528.823853
-832.003296
1351.538330
1476.543579
151.069336
1903.542969
824.378906
-636.924805
476.097656
-1652.292725
-1749.668457
206.685547
90.475464
1331.381836
-1441.672852
-213.803467
468.948914
728.382812
1475.541992
66.522461
-3238.981934
-3167.857910
97.726074
1221.058594
1622.913086
-3798.512695
-8562.763672
-6072.035645
-289.391602
827.927734
1426.887695
1140.504883
-770.420410
404.069580
-888.321411
-1545.492188
-800.800293
862.142151
898.605469
-1256.527344
-1231.392334
-306.510498
397.450684
468.475464
199.294678
-536.992188
-1105.709717
-288.032471
-332.630371
874.805420
145.905396
-333.705811
680.699219
-566.592285
-754.122070
520.929810
-1095.982666
42.067627
67.050537
139.698517
671.940369
589.405273
-227.762451
418.926270
99.000977
-110.310059
624.574219
-240.034973
917.231445
1823.672852
-529.824219
-573.586182
890.306152
1774.563477
409.463867
-1311.153442
-3982.185791
-2830.565674
94.276367
399.499512
480.606445
368.325989
234.708984
-508.620117
-425.544922
547.603027
-1122.757080
-1536.946045
-569.458008
-448.816284
-1274.770020
-355.276611
702.492920
-1004.395142
-335.115906
1114.777832
-127.418823
-825.942261
400.848877
539.989014
250.647217
-183.090088
880.211426
753.115906
-747.377563
514.140137
979.660156
299.375000
51.012207
-781.930786
-1480.175781
-1435.470093
-355.260498
-379.570312
-294.983887
1681.529785
497.525879
-120.344803
647.589111
381.671143
659.387939
4245.857422
5732.868652
3398.859375
258.280670
-1029.041748
1093.121338
523.592773
448.146973
-882.713440
-5704.129395
-4731.050781
-95.977539
272.350586
1640.409424
249.758301
-1934.327393
-1989.619629
-439.997681
594.780029
-70.785187
-277.566467
-743.267639
-1448.388550
-703.680908
373.097656
-130.691162
861.466919
1625.393555
219.500870
-86.293060
536.000244
-10.186279
0.154785
1917.448242
4932.938477
3172.468994
-570.060791
-2032.228516
-1318.384766
-1654.686523
-300.895508
390.968262
288.134766
-534.811035
-928.839478
-773.045410
284.981445
584.119141
-1360.267578
-1064.857788
1677.172729
1185.171875
241.006836
-100.938721
818.265625
941.495117
231.288086
-1380.251465
1162.213379
1434.108154
140.699402
-616.401855
-409.457031
-25.123047
1243.190063
1319.666138
1546.089966
783.860840
-93.451172
895.336426
60.155518
488.152832
2237.304199
-116.627930
-342.484863
-108.794922
-598.211914
-2237.855957
243.317383
1724.383789
2623.554688
226.677246
-222.561523
174.325974
279.277832
1907.790039
2473.873047
-547.025391
-180.543945
-348.385742
729.770996
-41.508545
-2426.815918
-1190.125977
1035.886719
814.264648
-297.079712
1131.475464
1270.083862
209.215088
790.707520
-450.136230
-891.465820
-1435.643555
-177.903320
-928.963867
494.951172
110.142166
228.335449
261.702637
-373.851562
-433.175415
-465.434082
757.572083
1753.390625
1944.168945
117.496094
253.731628
-953.676025
-881.495117
-954.770142
1823.515625
437.984375
135.222900
-3586.019531
-5283.417480
-4885.895996
-833.129517
1659.807373
724.893555
766.775391
86.834961
-377.658203
-500.243408
1056.643555
462.316406
-607.717773
-1470.953735
-396.821289
2944.108398
939.389648
866.448242
396.832764
217.511963
-268.616699
755.552246
123.159668
-529.412598
37.966797
-479.099609
-820.350098
-753.513672
-348.402344
-2025.124023
-1804.478516
-476.226196
-699.768677
256.964111
3141.731445
801.308838
183.080322
-932.704956
-5598.701660
-3017.471680
900.402405
-533.493164
-799.370361
-188.270996
-1166.437988
-742.980469
-599.809021
2067.413086
560.088867
2822.353027
-902.067627
-803.612793
9.659668
-255.447754
-397.378418
-984.692383
-1401.871826
-2357.652344
-779.786133
-25.681152
275.995361
-161.094116
492.928223
776.936035
-210.625488
-422.500549
550.022461
2054.639648
903.881836
-2387.359375
-2725.800781
-1910.533203
399.275024
707.020508
60.793945
-444.889648
-1989.107910
-3356.114014
-1078.208496
-234.855469
140.582031
-984.620483
-403.976562
-133.840576
2103.590820
-982.331543
-119.765259
920.654785
939.633789
-426.914062
294.503906
1564.883789
770.489258
2318.937500
-726.857849
432.739746
960.030273
-811.367188
-1185.022949
359.995117
1808.276367
-744.466064
191.616211
1471.124023
-490.575195
-1101.585938
-123.150513
-323.953552
828.047852
1632.882324
1443.303711
460.584473
-438.645264
-1051.904907
-744.639404
-554.571289
48.597168
448.585693
-492.616699
138.796387
297.726807
-952.027222
661.289307
-431.175781
-872.539551
1038.264160
405.325439
-566.895020
872.164551
-304.936523
-27.898987
708.631348
-239.905762
276.929016
-121.748779
944.934814
2334.061523
1811.116211
-358.130859
-496.274414
165.222168
-703.327393
-205.380615
459.042725
-961.897705
-3184.582520
-953.258789
1000.517334
-88.987457
-1311.861328
-1363.401855
-537.668518
866.475464
781.433838
-66.926758
592.559082
-1295.495728
-952.198730
104.132202
905.683167
-47.159790
-54.499756
1444.447266
918.262451
469.147949
162.151367
101.833496
643.310547
-745.948242
-222.614990
1759.577148
-690.085938
-372.142334
112.253662
-212.639160
-503.668213
-1447.857788
-198.443848
1278.317139
-404.594727
-415.743164
684.891602
-612.828125
-631.287109
119.937500
-729.669434
-434.125000
157.582031
2242.583984
-524.854492
-332.650391
-1560.103516
163.849854
547.738525
445.968262
1007.357056
780.142090
570.489258
-235.630951
-2105.653564
-726.733154
170.095947
114.879395
239.451660
852.334473
1141.920654
2355.783691
2479.658936
970.225647
-93.150208
-744.323120
1198.214355
318.552979
-695.838013
710.452637
-869.687500
-82.903320
-430.641357
125.741699
-535.873047
-1149.258057
-1147.361084
-83.515625
132.876465
-174.546387
-503.245117
-3055.977539
-3504.939453
-558.963867
-629.288574
-150.367676
-614.387695
-1120.379883
72.733398
-221.353271
-719.882812
-1498.779785
-3789.021729
-2193.801025
-121.359619
-1154.952881
-1049.653687
201.570801
800.734863
364.477783
-1579.491455
-1219.973755
716.808472
1658.322388
741.793701
615.748413
2201.562256
1778.446289
4425.278320
2636.447266
-1094.270508
-2068.242432
-2889.728027
-194.226562
650.175293
1157.142212
683.050537
169.784668
-146.025391
229.246582
-670.153076
43.905273
-784.632568
-1552.663940
-337.556732
82.675781
599.634766
65.181641
308.553711
280.771484
72.005859
723.375000
1144.685059
-222.239258
404.128296
123.717773
-3449.434570
-2672.539795
-356.292969
346.071289
859.172852
1002.444336
-254.401794
-1806.057617
1242.004883
1650.097656
-277.993164
882.763672
975.394043
1447.993164
1588.217896
-1315.148438
-193.908051
1149.244873
-706.891357
-384.494629
174.475464
-867.406982
-470.605835
-545.305908
-144.610840
-1166.931641
-2428.046875
740.675293
1130.428711
1590.352539
3335.093750
1383.967285
584.922363
-692.928223
-1681.908691
-1519.331543
-2368.179688
284.695801
1154.997070
-350.543945
607.011230
163.273438
-1894.406250
-164.418945
-44.114746
887.215332
-1055.139648
814.768555
1440.189453
2039.614746
3043.074219
1522.514648
-737.285645
-530.077881
1332.304688
1115.345703
-617.230469
-348.077026
230.886032
-249.615234
-1349.572266
-107.275391
-1305.297852
65.066162
308.477051
-581.100098
-678.990723
1301.807129
101.325684
363.203369
858.023926
460.529785
2120.179443
-2715.627930
-1559.320801
-575.218628
-871.132324
728.034119
1439.787598
3018.303711
2154.501953
777.824219
220.980957
492.710449
148.229614
-730.522461
-1097.525391
-180.842773
-751.261719
509.142151
1202.958374
-179.893066
-40.498047
-401.201172
-1394.711182
1073.008301
106.206543
-465.501465
331.146240
-468.051147
-171.824951
-986.939453
-2318.112305
-2561.708984
457.473877
1717.072144
3869.706055
2716.396484
149.060059
-319.364258
190.687012
434.221680
692.999023
638.925171
1373.794922
1775.312500
1744.391602
486.166504
757.143066
1986.833984
1965.112305
2602.379883
1410.544678
-563.940186
-567.611328
-1783.333984
-2346.543945
-2536.016602
3839.253906
1816.634766
3778.911621
3568.950195
98.168945
-339.902588
1252.049316
-225.870605
-1325.031250
-1421.836426
-1062.084595
-1389.272217
-301.504395
1239.207764
293.858398
-1035.933594
-1070.617676
1155.420898
362.584961
-2669.244873
-3604.886719
583.112305
-800.557617
-788.583496
-725.081177
85.624268
28.076660
-767.394531
252.612427
675.475464
-2843.933594
-5448.902344
-2721.541992
1146.357422
107.424316
596.000977
-304.196533
-985.292480
-280.138428
-2209.672852
-170.367188
875.253418
2075.833252
3641.637695
1328.107422
-1665.084473
-794.272888
-1420.001465
798.897461
1762.285156
-578.106445
116.081299
-385.949463
805.109863
-92.208862
-216.395508
739.044678
1182.463867
1930.716797
1075.544922
160.720230
458.421875
131.941406
-314.029785
347.969971
328.143463
-106.625427
371.398682
6015.279785
8842.322266
1097.955566
-883.930176
513.159424
974.009277
-109.995605
-152.605957
369.613037
627.419250
-17.910400
745.729004
-2390.754883
-6609.744629
-3233.516357
-165.148682
529.568970
939.646484
-601.744141
-334.918213
838.415527
1931.601807
3082.166260
-420.777344
-2270.807617
-1064.548584
587.188477
-638.367188
-178.313599
-24.613281
33.743652
501.069214
198.429199
-1289.360718
-186.911133
80.547852
289.065430
925.746582
-27.491211
-2108.574463
-856.747803
661.079102
3547.588867
2056.054199
-494.423584
1230.082520
357.225464
-439.192719
-962.900269
-714.410400
626.958130
245.401367
2313.660400
426.168945
84.651367
-1241.252930
-273.799316
878.821289
2095.425781
1063.282104
-1419.722046
-6080.942871
-3016.548340
510.577881
474.861938
362.486328
-607.334473
-1171.968506
-1442.272949
-422.353027
345.563477
-38.152344
65.468506
553.277832
1237.037598
404.818604
-454.291321
-121.926270
382.636963
509.658691
440.031982
599.618652
462.415283
-158.297607
263.892090
584.065247
-509.761963
2604.430176
2847.343262
-133.381592
-141.831055
-596.410156
-891.028809
56.851074
-708.230957
103.697998
1622.630371
1564.126953
4940.288086
643.475464
61.464233
1220.052734
693.060547
3304.412109
2292.450684
424.567810
389.931824
-1650.839111
492.197266
-52.319824
235.074463
1459.455322
-57.276855
2540.255859
3157.637207
-40.733643
-2164.366699
-5105.360352
-2192.537109
1127.757568
-514.048950
-212.474121
-3790.383789
-4355.216309
143.796387
1791.088867
2034.627930
4462.992188
3647.340820
2857.956543
1615.875000
1089.052002
1175.184082
-563.111328
1211.461914
-703.858887
-199.968384
-12.168701
771.624634
595.669128
82.356934
-1173.784668
-674.081543
1918.947266
166.821289
-861.651123
-48.177246
-1758.216675
-3428.692871
-1641.492188
455.622070
13.136963
249.421387
1288.708984
602.822266
40.851562
909.200684
826.639648
3234.012207
1140.526855
410.375000
-1595.918457
-2465.226562
-306.787109
1214.149414
-719.350830
-725.069214
-529.736816
-55.589844
1543.697266
922.949219
-820.100586
-104.095459
-382.316650
-480.272949
2367.237061
1419.652588
146.741211
539.778809
-1732.941406
-1572.662109
-441.071289
-1056.290771
-109.891113
-35.997070
86.982422
156.842285
-783.299683
460.833252
441.863525
438.508301
1227.953613
1238.000977
-744.488281
-1361.558350
-2245.159668
-609.315918
-186.944336
1919.331543
2431.468262
-850.711426
-900.703125
717.220459
153.614258
634.060059
1540.661133
-810.029053
507.871582
1110.188477
1637.270508
403.550781
712.916504
204.694336
-842.812500
108.800781
-849.521484
-1065.325195
-1120.282227
308.784668
1114.390381
1404.014160
1526.757324
731.092773
778.104492
59.630859
-969.980957
-2929.003906
-188.524536
62.405273
110.611267
554.619629
950.554688
221.520020
10.346832
1001.900879
-742.150391
134.570801
-343.862671
1314.115967
2767.172363
2252.651367
545.772461
-684.605469
-721.858154
838.055908
2225.522461
695.147461
-688.687012
-2282.980713
-3746.829590
440.853516
694.035156
328.885742
276.799805
-408.383301
22.874634
789.184509
379.156006
-165.768066
553.390381
-340.082275
-542.415527
-847.637939
-1179.499756
-845.258301
-642.096191
-1036.229980
-95.303711
803.301758
-343.383972
1388.482910
974.772949
-888.132568
-231.237305
476.304688
748.745850
679.571533
-422.839355
906.870911
1436.014648
831.535645
412.426758
-336.658936
427.014038
41.810913
-166.082397
947.638672
966.569580
-739.137207
-1191.182129
138.280273
825.095032
790.290039
-57.362061
1534.230469
1693.829102
1176.805664
197.295898
1239.194336
-1323.830078
-232.180664
868.531738
-90.953979
-214.869751
596.912109
264.855469
1728.730225
3089.751465
1703.465088
55.494385
694.434570
720.139648
394.657715
232.871094
-1180.547852
-99.873047
-908.100098
-2787.676025
-384.546112
97.008667
-852.503357
99.250244
-1245.914307
-860.397217
2093.740234
455.707031
-459.427979
-1173.132324
-2476.391113
-809.507568
109.122070
408.051453
1099.483398
-416.251953
1430.051758
-337.124268
1467.099609
366.584961
147.880371
216.042480
1024.338867
1387.377808
633.578186
-536.829895
-1236.003906
-830.069153
413.679688
-2274.210938
-3437.136230
-603.020996
-106.001465
-425.481445
-72.789795
-1303.595459
-1130.348511
-701.610840
508.000977
-653.208984
-1024.031372
1694.884888
1948.792969
384.958496
131.317383
-95.272461
-545.671631
-1855.688477
-1198.912598
107.121582
1011.771973
886.629944
101.055054
-1119.435913
-1337.662842
-918.512878
272.141846
1228.169434
384.749512
-1540.461670
-2025.182373
-1849.989746
268.308105
545.043457
1572.286743
-396.952271
-2104.162109
-2246.957764
-1612.515625
-2822.135742
-3181.505859
1229.916992
395.361084
-680.792725
-1685.899902
-2261.287109
-1293.740234
1058.385010
1229.973389
-115.181641
175.186279
419.988281
250.721680
1737.270996
44.076172
-1115.101440
-791.103516
-2511.301758
-1327.534912
1498.486084
-84.172852
954.104004
1576.093750
308.325195
1177.075195
794.407959
389.668701
-357.364258
-717.095215
1445.130615
650.721680
229.085938
-733.786316
567.208008
2906.302246
2790.306396
2021.316406
813.875977
-366.379395
1100.619873
1060.634521
-263.259399
-161.818359
-318.992188
-613.160034
267.668640
-859.962646
-385.286133
-612.419189
-356.665527
1021.343872
25.839722
-1268.162109
70.848877
-964.353027
-1195.675293
2.075684
177.894043
260.023926
-690.857849
10.752441
65.962402
120.544312
-45.292969
384.723633
561.404480
-690.198242
-239.103027
1825.071899
3172.430664
290.264648
495.086578
1223.320312
595.854492
707.994141
-432.043457
-607.124756
-552.830566
352.234375
680.222168
-3.858398
-234.935059
480.436523
-446.576172
-843.261719
-556.439453
1889.450195
-1166.445312
205.539062
90.100098
-119.873108
-1775.897461
-1129.082275
-640.978027
-2787.916504
-2341.695312
113.639160
-160.466309
-1547.782227
-940.315247
-184.720459
-465.235962
-518.403198
-594.956787
-765.387207
1959.818848
419.403961
-742.206543
825.420532
2313.524170
583.792725
659.467773
-158.044922
-785.640320
538.043945
-76.576904
394.945343
55.833008
-844.927185
791.053711
62.289490
-723.730347
-942.441650
-1070.687988
774.705261
1722.154541
-312.596069
-240.310669
-34.555664
-231.766113
673.099854
-796.306091
-1577.110352
-1256.253418
-109.207520
1185.725830
-27.529663
326.384277
1774.802368
76.047119
-1160.427734
-765.478882
-674.372559
875.523315
-159.509521
-563.125488
1204.952637
1283.121094
74.731689
-1758.718750
-3616.603516
-1287.416016
1556.241943
1319.354248
1435.701782
1280.730225
638.637207
5.586914
-526.221680
-69.692383
203.726562
1693.598633
2074.695312
-482.714844
-272.677002
205.441895
-580.137695
366.147644
865.058105
-2444.858154
-2764.528809
-272.042969
253.695801
2365.536621
1641.326416
-610.984863
-397.016602
-2134.079102
-1592.883545
347.001953
1337.148804
2066.363037
547.990723
62.105957
160.743164
36.230865
257.270508
-925.461670
-551.927612
28.755615
576.778442
1202.155151
777.108887
-1428.574951
140.895935
93.686279
-995.672363
-286.643066
138.745605
282.147308
1161.666016
743.789673
343.751953
47.085449
-1066.083862
-1086.822388
-1117.678467
392.278076
78.571838
-931.222534
-442.999268
169.529541
464.038330
511.715820
-252.536133
-881.787476
228.021484
805.774414
236.597656
-449.405273
-1652.628418
-939.324097
1135.435791
1654.236572
1433.096924
-653.129883
-823.690918
1217.935059
3020.049561
4083.864502
3624.959229
1011.044434
-627.587402
-85.071289
2975.641602
2065.016602
2835.702637
-331.747925
493.521973
2782.682617
1771.680176
-157.995117
-892.923828
-1207.697998
0.861816
397.816406
1209.570312
-947.853882
-4093.165527
-3407.354492
778.079834
1416.452393
-725.755859
-4117.726562
-729.656250
593.922363
1079.717163
2873.733398
1559.203613
304.487793
825.918945
-587.357666
778.847290
-2501.215332
-4201.995117
-1461.908203
1213.410645
137.719727
-2140.983398
-1787.667236
237.384033
1457.851074
860.979492
-138.049805
236.318359
-117.868652
136.270020
616.729980
628.225586
-334.186279
166.842041
1798.192261
412.822632
-838.952271
1137.738281
524.310303
1120.562500
3548.238281
2083.651855
286.745605
-155.454102
770.656250
356.416016
792.808105
-2184.710449
-2762.813477
-551.650391
476.073242
13.875488
515.774658
564.949707
1038.079834
871.227539
277.440918
-354.021484
-380.666504
744.429871
1528.487183
192.045410
-1054.681641
-1484.421875
-254.484375
831.006836
768.623779
467.417969
-1517.208984
-2416.526367
-852.716919
-116.103516
-174.425232
-32.175781
2362.406250
3242.428223
3930.789307
3641.875000
317.809082
607.731628
1358.099121
-696.954590
-765.006653
688.645020
-180.062012
-788.618042
-584.232422
682.434326
397.390869
-133.069092
-825.796387
-1988.143311
-697.126953
2642.664062
196.334473
-2899.543213
-4320.222656
-950.171021
919.680969
330.482666
484.509766
896.977539
-952.581543
-177.925049
-324.983398
-313.599365
-1827.456543
-2558.524414
-3261.843750
-1033.307617
-2254.857910
-3585.641357
-2341.067871
-279.733643
732.210449
1110.707031
251.102051
-555.463623
344.670410
1239.345703
226.390869
-396.193848
-797.088379
794.752197
236.473267
-471.967163
-423.775024
-192.926666
-773.439697
1147.401855
2138.253418
-12.148193
141.613525
876.733398
-528.539368
-1507.798096
255.868164
-539.807617
-4519.323730
-1602.982422
735.825317
-228.652832
-955.788635
-482.942261
-770.576660
-2929.946289
-2983.264648
-1029.528320
605.861328
534.098633
-1002.109253
34.529785
901.776855
-52.638428
82.940674
32.714355
-1262.609375
432.800293
1001.746826
-252.827637
2161.064453
4237.585938
946.022827
-668.455444
-27.544434
-1030.116211
-1180.228516
657.249512
45.433838
505.127441
-581.162598
-1932.873535
-1126.160156
2750.827393
6760.518555
3419.065918
-889.981445
-658.754883
-1229.667480
-115.212158
-111.366211
928.071777
-749.173340
-1862.384033
676.642578
813.607056
-947.413940
-210.746826
725.386963
995.906006
928.533936
141.964111
-542.391846
-577.397949
-374.287598
313.714355
61.932098
-1183.660645
-646.459961
613.877197
-584.918823
-749.194702
45.692596
774.388916
-1048.779297
-299.351318
154.779785
-1439.479492
-1125.737061
619.744629
-340.591797
287.450195
63.295410
-943.824219
-69.130859
246.319214
818.676270
1481.953613
493.945801
139.318359
-100.301758
176.669678
-340.882812
-1210.853516
1782.631836
234.958984
-286.770996
1240.608154
722.953735
1234.789307
-308.336426
-305.810059
497.156250
-443.278564
-1340.034790
-893.344666
615.136841
-991.478516
-1998.918457
-939.691895
-462.581055
-460.855957
-320.971680
941.013916
1429.967163
-241.918213
536.223145
1112.720215
-204.933838
-2.124023
-240.810059
-881.935059
-964.807617
-605.616821
101.430298
264.742188
-419.010498
115.864014
-962.007324
-299.409912
207.485840
530.778320
3044.502441
1315.918579
716.769287
-1022.637817
-637.760498
676.690491
-539.380371
-743.001221
-21.011719
-217.550171
-419.858154
-725.449219
-1038.226685
-337.461792
-802.738525
378.684082
354.892578
317.785889
1508.921875
2520.202148
3641.332031
665.203125
-1307.758789
-1807.417114
-171.695435
135.227295
921.322998
890.076111
-460.941528
-762.839417
-745.278015
438.356934
-122.102783
-103.548096
193.013184
-1247.170166
-396.031738
397.958984
-773.754150
835.909912
1688.449707
316.458984
446.621338
834.826416
205.648438
152.934326
-62.262451
-861.045654
367.301270
292.785278
5.832031
4154.749023
3117.720703
-206.472168
354.767090
-87.327148
-997.138672
699.099121
205.732422
921.234863
465.387695
202.139893
-311.857849
-940.601074
412.415527
-674.668457
-155.963623
1110.494507
-244.897461
-2621.077148
-623.968750
868.307373
131.338867
92.390625
-759.141846
-276.844727
880.903320
5692.995117
4417.487305
873.740479
-518.948242
-528.974609
-1072.423340
965.882812
1850.272461
1254.548828
3028.887695
2343.133789
1567.597656
-2158.668457
-96.751953
-440.223389
836.671875
4051.222168
1648.819824
-558.219238
24.297852
-683.412109
1142.532227
-2030.374023
-4341.172852
-1218.365723
-97.184082
166.349609
95.447266
-1547.250977
962.555664
-1531.617676
403.322754
1078.513916
-1679.568359
-1976.317505
-2613.857910
-2423.600342
291.848145
804.897217
244.758789
-455.613770
208.624023
220.252930
62.870117
686.055664
-9.511719
1375.697266
751.265991
-972.857849
-2441.315430
-764.385742
227.480713
-1391.857666
-987.857849
289.351196
1045.479370
1264.786133
614.028076
455.936279
-179.536621
-488.683594
2120.713867
5836.979492
2268.675293
-2256.942383
-1510.659424
-1102.942871
685.931152
529.322266
-413.935303
-466.899414
-191.516113
-1104.594727
-754.948486
571.039062
-1047.799805
1127.252930
3.127197
375.333008
645.917969
-350.415771
-247.516113
-114.092529
-1970.720459
-584.747559
811.550293
-350.117188
-485.376465
138.469238
297.533691
91.832520
995.762695
178.927734
849.752502
700.594604
667.753174
-1067.249023
-1963.423828
186.607422
-326.530029
420.874512
910.708008
129.559082
400.379883
918.728271
-959.173828
-767.214722
-1245.305664
-409.522949
383.540863
-174.111816
-1773.025391
876.672119
953.860229
-570.879028
-1227.284912
-822.568115
-170.815918
307.378052
-29.568115
153.320709
-137.863770
-534.892212
-1153.826416
-352.029541
-515.025146
349.981720
947.784668
-187.412170
-847.239258
42.023804
-589.253662
-340.871826
492.470215
727.843262
176.296387
-786.310059
-10.690186
-317.959473
217.339172
1201.801270
206.766602
-840.405762
-1768.526123
-2151.100098
159.558594
1055.096924
1.849121
-614.580078
1212.575684
269.055176
-87.969727
662.736328
540.255615
69.400635
-322.682129
-66.303467
-808.291748
-4125.931152
-2883.253906
1314.808594
-81.546387
-292.877930
-222.785645
-2170.903809
-1085.685547
978.140625
1664.337891
-90.197754
-676.935852
-576.404785
-338.301270
1352.029297
1385.423340
431.497070
1287.770508
707.805664
316.182129
742.452148
932.542053
-77.629395
1565.341797
3394.600098
3140.541504
2464.374512
-52.683258
-610.923096
-903.549805
-624.473511
1879.693359
3551.002930
1853.130859
-3037.385254
-4303.230957
-1104.587646
1137.951416
2321.918945
-1664.875977
-823.384766
-1334.522217
1015.857422
719.223389
-695.205566
-2367.713379
-1111.464355
603.958496
1050.958008
845.403320
-441.692383
37.226318
-4.809082
132.435547
562.475464
-1197.080078
-239.200195
498.042358
-892.575684
1109.329102
119.615234
-383.302734
569.680176
740.637207
1523.133301
2055.247070
-150.470703
-377.318359
-956.270508
-1144.812012
-87.380859
1179.239990
364.393066
675.541504
7.877441
-1040.694824
255.641693
3522.188965
7415.918945
4977.404297
-508.667969
179.991455
407.522461
-597.475098
759.535156
-437.857666
-2469.958740
-794.151855
1448.218750
3177.943848
2432.027344
604.527344
855.487671
1662.756104
1415.640991
676.404053
-1180.170410
660.726074
673.429199
2.182129
-1017.640625
-464.831543
-314.368896
158.112305
2091.796875
-595.810547
-1154.849854
-1307.479004
-238.860840
-310.519531
199.355469
-199.290283
-259.530273
723.303223
-205.256104
-779.194824
461.129395
-117.757812
-99.339844
-888.752991
-448.559448
-99.517456
-1236.734375
-1330.284668
254.448944
-460.433594
-170.042969
386.365234
433.426758
394.108887
95.257324
1522.421387
-135.862305
-325.430359
872.451416
26.475464
-894.067139
774.771973
461.660400
-287.013306
478.909180
199.772949
388.972351
-637.092773
-1014.324219
636.160156
-1727.042480
-6188.096191
3055.990234
-1225.756836
-57.845215
-455.778809
-426.421509
714.489014
-541.591797
336.668457
6236.087891
2447.836426
1527.291016
-1038.530273
-627.172119
93.123535
1158.296387
893.747559
255.484619
0.846191
919.380615
-445.458252
595.598877
-321.224609
-167.035645
1978.571777
-299.657227
-107.145020
-681.836670
-1355.560059
243.482422
261.472717
284.751831
-557.522461
-1038.366211
1143.368164
5708.475586
9389.796875
5037.415039
886.431396
-184.906250
-1875.833008
-2083.603516
1199.364258
-655.259094
87.965820
-583.868652
-1824.347656
440.488708
354.551758
-781.187012
-899.843018
-306.979736
-2179.227051
-928.207031
1009.208984
-275.356934
-560.635132
943.592346
-892.692383
-1256.947266
-613.432129
-1127.868896
89.721558
1039.707520
-748.000488
-808.975586
-931.286621
-726.518066
393.073730
175.079834
709.693848
-722.135986
-1342.643921
7.979614
-49.027466
-1372.989746
-1989.433594
-525.041992
208.132812
-74.245117
-416.078613
658.536377
562.627686
668.266602
1708.254883
689.781250
-192.278046
-409.626953
-664.069275
389.927734
-178.359863
-254.597412
158.515869
-269.655762
973.916504
1288.021973
1721.912598
1824.466797
1751.066406
-1134.443115
-73.153809
778.519531
-114.572754
-545.481445
724.001953
909.290039
-19.024414
-250.940918
931.204895
1347.516846
-160.183762
-715.680176
-400.194092
-620.582214
-447.681885
4.475098
-693.437500
-1939.427246
-865.422852
740.640625
162.250977
-1137.063477
-683.665039
-1101.282593
-455.702148
-311.228271
425.852539
328.414551
418.858398
-593.294067
500.926514
-549.142090
-684.160889
-604.251892
693.490234
1680.770142
1154.830322
147.048828
-690.650391
-640.009277
-239.075531
-147.289062
-625.710449
-1458.994873
-1044.120361
78.226562
-216.259033
-368.491211
848.368164
14.777832
-849.324707
319.327148
-49.213379
-144.010254
691.685059
1050.516113
-429.696533
-855.884277
-631.450195
-269.959961
-866.202942
-817.116943
664.532593
300.586426
-440.464844
651.191650
-141.140869
1427.551758
1025.665527
44.362305
1819.379395
553.540161
-261.174805
581.501953
473.092285
1027.925537
38.844727
564.176270
1691.106934
1205.974121
-110.066528
2720.040527
6712.385254
3010.379639
-529.807617
-518.221680
855.915527
-397.715576
-150.071899
-1061.991943
328.046936
862.513428
-281.160156
2978.150635
3517.430908
-247.728516
349.234375
293.503174
-158.336426
4696.329102
3622.430176
-573.821411
680.255371
1229.540771
73.021484
917.105469
589.062012
852.255371
1297.475464
112.948486
1083.321289
1163.147461
-847.874756
758.750671
421.088135
-2279.841797
-3875.146729
-5177.930176
-4573.522461
-157.445709
-257.000366
365.197021
2950.141113
1111.326172
-989.800781
-469.816895
-787.535645
-355.171875
1816.125244
693.025391
771.535156
2364.270508
493.515869
-1153.378296
633.388184
583.355957
-1431.124634
-90.044128
1226.593994
1531.913940
858.737793
916.375488
1166.655762
907.659668
-294.589355
-1127.124023
-1017.007690
579.893066
1171.977905
-248.588623
-581.799072
-750.075806
-591.664795
-537.027832
-683.462891
277.332672
-189.648438
-1227.678223
337.229736
1038.823242
1851.495361
521.304443
-693.248047
887.971008
597.147705
-396.819336
960.314087
501.880371
48.967773
491.904053
78.464691
-694.360229
-1164.086182
-758.749878
-79.377930
280.935059
505.194336
573.179688
253.851074
-1106.862305
-1115.038574
313.611084
1429.585571
907.014893
164.557129
478.367676
657.034119
759.189453
-169.230835
-1372.432129
-37.665039
699.575928
1389.658691
683.253418
-1197.621582
-5.041016
-485.349609
-3619.524902
-2800.180664
1057.868652
5749.838379
5536.649902
65.181152
-783.057617
906.475708
1248.538574
1161.045898
948.502441
655.169434
451.744385
252.113281
1558.425781
2787.351562
495.958191
238.335938
286.777344
4940.874512
7171.218750
3048.674316
-471.591797
-469.611816
298.899902
1296.485352
212.552734
-490.781494
-912.346741
425.421143
913.496094
-366.855469
-140.463867
874.063477
914.066406
758.842773
221.390625
-700.952148
-1054.278809
-66.610840
889.699646
-145.246094
26.839844
372.235352
2367.865723
2560.113281
25.654556
-1102.969727
-378.017578
-92.022461
1193.405396
880.267090
-415.681152
405.006256
-358.142334
-984.419678
-844.512268
54.458984
288.991699
-657.939697
1086.202881
865.923340
-1012.904785
-51.021851
-605.428223
-775.793701
1299.636963
496.320770
-1340.962891
-531.507812
875.007080
1540.792358
1406.076904
-356.999023
-1363.052368
-59.547363
181.084473
-258.213257
-1020.007324
-3349.145508
-1924.846191
687.195801
1853.744629
796.025635
215.133545
1881.278809
-96.375977
-4812.935547
-3935.171875
-1911.701172
-179.277344
-91.978348
-670.825195
697.792236
429.041016
-827.261719
625.353455
2072.619141
1002.180176
585.290833
-1865.974609
-3051.084961
-1541.366943
-1062.690430
106.031799
-581.233398
-965.693604
121.682617
809.794434
-588.738770
-547.451172
1700.973755
3623.302734
3076.836426
2371.962646
1407.225098
945.209473
-2132.646240
-5210.762207
-1996.869141
-384.147949
37.729492
455.548828
294.562500
-306.192627
246.442871
1009.132812
1166.494141
-797.371582
-1488.661133
1581.159180
11.676758
-356.857849
488.055176
369.211914
-230.151123
-678.903809
-8.224121
-291.372070
-807.596436
-466.888916
626.797852
617.735596
53.879028
1210.809814
1048.613525
666.765015
786.597656
491.110107
921.705078
929.908691
387.383240
-1721.189087
-3547.296387
-1505.906738
1077.119141
-352.503906
440.755127
-74.683594
-2261.095215
-1137.610840
393.316589
862.201660
10.820312
658.369141
-86.702148
348.338745
-165.888184
-931.490234
-540.280273
-1534.788330
-1281.262451
-366.187988
-66.019043
-1615.560547
-32.319824
1294.120850
114.275879
190.392578
541.732422
469.413086
937.796143
880.049316
670.705566
55.192383
99.670410
958.837891
397.537537
387.612305
919.254883
617.574707
1172.630005
71.192017
-1281.893799
-247.134766
679.701416
-76.001587
-756.708984
-45.735352
-219.160400
-814.712891
-580.597534
-624.116089
-466.356323
-329.232422
1608.959961
2044.003906
952.893555
723.926758
599.472900
304.833740
-393.285156
-1752.375977
-1712.595947
694.019775
369.539429
1154.916016
2450.891602
350.041992
193.544922
153.795654
-1068.866943
-129.934570
155.972900
731.478271
-312.506226
-370.298828
124.359375
-70.845703
863.474609
-1047.132812
21.627441
55.243286
-967.776855
-883.857849
33.142166
1452.929443
1051.562012
-624.256348
-656.578125
-310.577393
-849.028320
-1477.806641
-317.193848
1905.747070
2090.543945
3592.289062
-111.396484
1080.895508
564.201294
-107.678223
-898.068359
-337.273438
558.629517
2128.134521
203.642822
520.775269
-339.066162
-16.545654
-786.037109
-908.431030
639.475464
1485.788208
842.261963
-100.176270
206.142166
-376.663330
-1.916260
888.762085
1385.698242
1458.434082
-0.081543
609.984253
-1193.565430
-2255.183594
403.830078
-332.575378
-239.267090
1247.300537
-751.549561
1114.667480
614.271484
616.954590
130.953125
-266.368530
-358.458496
-487.024414
-839.385742
-606.630615
-1914.144897
614.186035
150.712891
583.734375
848.824219
422.244690
-151.051270
1793.132812
1071.316895
-316.272461
270.812012
-618.575195
-220.231659
-862.812683
-781.767822
-499.261963
-354.321045
2761.130371
3281.142090
83.843689
-1251.244873
-4131.128906
-4352.291016
957.019531
192.663330
-929.658081
1082.211182
108.713379
492.131836
1070.074219
-854.381470
304.783203
-1657.747070
-2124.521240
-1323.083008
147.032227
476.778809
884.488831
940.264160
157.032715
-1227.524536
-1821.894653
-791.642578
296.374023
46.180176
1135.432129
1764.475342
1009.671997
534.963745
-519.902832
-1123.394531
-224.163818
-147.987305
-401.676758
-607.521973
-942.683350
1123.653320
1101.897949
764.512085
700.228271
-1693.548218
1297.475464
3166.528320
-110.965332
-178.076416
1115.067993
1218.920410
248.013824
-596.899536
95.656128
1326.232422
547.600098
47.651367
1717.889160
2548.441162
968.639771
-324.285004
1011.220337
552.778320
-314.655029
-261.444336
-785.673340
-606.818848
-486.605957
-1142.155762
25.182617
-476.562012
27.565941
61.803223
253.067993
-2031.113281
355.230469
68.989258
683.717285
563.745239
769.526794
1022.017578
-498.132812
-77.688751
602.736450
-888.178955
-612.653320
2106.441406
2856.341797
-87.675415
-706.232422
711.882446
-358.692383
855.432617
738.911133
205.131592
-350.028076
-2793.792480
-1904.503418
172.374390
1439.273926
1291.590332
528.053711
206.905273
-96.742188
693.798584
1339.384521
275.983063
-428.273682
-411.103516
-552.591309
299.897217
-371.299072
695.823242
-694.152344
-1649.062012
-42.655762
246.185059
242.576660
926.921448
962.048279
-732.115662
-1530.919189
-1049.367676
-641.524414
-75.393555
224.971924
-915.294495
-353.728027
-382.323242
-1703.371338
-784.988647
389.568848
799.783203
177.960938
515.441406
-863.877930
-2815.212891
-169.408203
1543.745117
946.977051
390.488770
333.777832
-17.260742
653.494141
256.601318
1182.064331
1824.965088
1378.396851
1183.064209
800.121338
947.357300
354.112793
345.239746
-395.108398
643.289246
3921.815918
3656.573730
1474.211914
-131.225098
753.531738
-218.680176
-465.284668
1445.677734
2853.408447
189.113281
-472.957520
-634.326904
-733.478394
-449.590820
981.606201
636.044434
-280.080933
-4.871094
202.388428
-859.463867
-417.434814
438.179199
-1179.060547
-284.659668
-312.887695
-1471.683105
-740.589844
2752.660645
3005.579102
3190.126465
-230.630859
-1099.816162
-53.031250
-912.180176
-227.215698
960.821777
1115.036987
566.721924
1229.732422
1827.718750
491.013672
-220.382202
600.789490
-334.042480
-898.406799
-363.373779
-165.982422
-1257.003418
629.475464
1211.461914
1393.081055
1028.545898
443.472168
2709.102295
43.520752
-899.931763
-609.039551
-335.927734
9.503906
-547.412109
-765.406921
-316.910645
-2335.150391
-3588.689453
-377.713013
1074.236328
482.344238
28.914795
-1393.572510
198.590332
-3.914062
-1201.046631
18.379883
-1165.233398
-1891.414062
-2876.961914
-1655.637207
-24.103516
-411.962891
1056.893066
-1095.337402
-188.973633
-1620.087891
-946.187988
-263.753174
64.500977
-512.246582
445.936523
567.209351
-3551.381348
-2193.528809
-1191.625977
860.154297
-116.516357
-1065.093994
212.208496
-91.051147
213.436890
72.571716
418.936523
1312.542480
-44.447510
480.447388
1692.982178
822.651367
1226.870728
896.580566
-190.857910
-730.367676
-551.348389
-563.524536
-757.762817
-757.815186
463.083008
-23.027832
-163.925049
867.800781
-4529.864746
-6831.536621
-2222.037598
343.387939
2747.848877
4713.506836
1947.285156
758.049805
1235.475342
697.137451
521.628906
286.144806
193.208740
1563.863525
1032.633301
326.133667
525.602051
512.647461
316.984314
639.217407
-237.671753
1999.879517
6544.037109
4748.884766
652.513306
-1044.452148
-4428.657715
-3669.856201
-469.169922
2704.951172
5041.613281
4267.760254
985.758789
-605.026672
-582.966797
-288.021973
244.785645
1502.434692
405.728760
-292.057617
191.457031
-234.044922
813.331055
841.573242
-920.917236
-143.260254
-663.138672
479.278442
1181.743896
406.156250
-235.462646
-948.165283
-1139.440186
-468.164062
-778.429688
-296.043030
1000.059143
665.998291
15.485352
741.242676
699.784302
-285.680664
370.554688
-20.685608
-670.391479
1766.968018
134.570435
-335.740967
-439.596191
-397.938049
-800.924072
1065.982910
939.357910
878.158447
830.518311
856.827026
7.732544
-21.066895
-721.565430
443.081055
40.138855
-120.489258
198.126465
-611.620789
-58.321289
389.625000
716.961914
3225.718750
-252.272461
-4152.731445
-6857.393066
-3876.490723
511.198181
1042.839600
-1147.802490
256.933105
42.687988
591.563965
-118.037659
306.348145
1203.198486
1008.167725
466.720215
736.769531
952.307129
-246.869476
736.965332
1225.277466
177.229980
451.316406
-842.431152
-116.564453
404.211914
-270.885742
-736.020508
-82.772949
-1415.452881
-656.370605
1137.761719
508.382324
-284.236084
-1483.090088
-1263.055420
-31.568848
-1299.659668
-3445.875977
-1547.676758
-2760.599854
-1046.627441
-1100.710449
-812.778442
-434.524536
-1371.690796
146.706665
677.460815
46.181152
684.173828
1768.431641
690.296387
-76.373535
1047.121338
135.682617
968.999756
3853.970703
2514.988281
387.420410
778.945312
-132.880859
-1554.141602
-1329.391479
180.269531
-624.144043
118.502930
3.565430
408.795898
423.439941
298.950684
447.179688
-614.248535
-269.142578
586.190796
-112.569580
-750.398438
-395.276672
-781.734863
93.604004
-534.841797
-1313.226562
-1947.577637
-1113.712402
61.060059
-247.947876
215.168945
903.938965
-452.928223
-1112.703125
464.163086
240.260986
1325.304688
857.218750
-2421.855469
-2944.483398
-1354.365723
-767.657959
-584.178589
1038.142212
-856.813354
1414.990234
1823.385376
-644.122803
-759.084717
-1110.974365
-1671.354492
-234.043610
258.816162
243.135742
21.849915
774.349609
385.870117
678.698730
737.860962
89.737305
-532.123535
468.948059
1957.713379
604.572754
-593.105957
-3966.812500
-5994.762695
-1387.613281
-115.832031
-625.131165
751.402344
-134.800781
-1959.157715
991.475403
290.621582
-1148.001465
236.099609
-453.147461
-1235.455078
1955.193359
5349.899414
2491.753174
-1574.524536
-3000.633057
-3097.853027
235.249268
1798.714844
-310.872803
-1265.210449
-2955.122070
-1070.465820
2200.774414
2726.445312
814.373047
601.743896
1940.498047
2255.283447
2111.301270
321.218018
-3367.482910
-1052.343750
-967.627930
-787.289185
-879.294434
-580.225342
368.383728
680.498413
706.974121
-580.131836
477.645508
1026.407227
166.898438
-204.344482
-450.769287
-539.547852
1449.906250
4369.005859
3537.798096
-61.636230
-152.058838
649.603638
677.832764
-23.197510
-346.137939
77.086426
461.902832
1833.929443
2152.977539
786.249573
-717.027344
-770.474609
-207.154907
-1381.743408
-97.361328
1531.569336
95.497070
-1488.484375
744.115234
1272.373047
-769.680908
1375.790039
-1347.109375
-2247.363770
-1571.866943
-499.716309
261.583008
401.527039
321.824219
680.210938
1206.410645
450.879883
-697.366699
-372.977051
1311.881836
751.265320
-102.979980
-1389.186523
-1908.062012
-764.606079
-167.699219
130.003418
1902.207031
178.607910
-597.118164
397.786682
3049.796143
1834.854492
-673.184814
831.658813
285.722412
-236.298828
-368.989258
-238.965576
451.491699
-614.214844
619.723633
2370.059082
1706.368652
-273.613281
-3526.599609
-1399.773926
593.022461
2656.334473
1763.423340
583.934570
2532.137695
1485.279175
1331.371582
1388.426758
1764.152344
2090.260742
-178.527100
-2157.857910
-326.740234
-501.701660
-462.107910
359.640625
633.687988
-71.639160
-509.410156
1040.289185
-507.858215
-1890.984009
-164.736572
366.091797
-150.838867
377.483398
-504.237305
-555.675781
243.076660
484.712646
-962.516846
-393.527344
443.981445
534.617188
1004.314697
603.320801
-107.170410
345.708984
-368.827148
976.058655
760.475464
-17.567139
-36.007324
108.239502
-143.122070
-264.390625
386.964844
-66.144531
243.215820
-72.388672
362.184326
865.867188
30.310303
276.770264
-966.692871
-1561.292969
495.899109
2189.457520
730.655273
-661.045898
-995.622803
-992.812256
-685.323242
-453.760254
257.465820
-762.802734
30.780762
1306.050659
839.526367
494.418823
-427.132080
-869.314941
-950.613281
-913.893066
-112.895996
523.862793
489.255859
77.757324
-4.979004
961.942383
-102.879395
-692.005615
-367.371094
-1102.989746
369.730469
-361.234619
-1328.870117
-661.539062
1077.519531
686.801758
-7.232178
120.824219
-2403.547852
-2140.635254
1372.449707
287.476807
96.979248
402.308228
-556.305176
-497.556641
394.472900
798.928711
654.880859
-373.857849
43.077148
-434.657227
-350.881927
-77.222168
158.134766
525.581299
-429.323792
-1350.207520
-170.911621
1398.971191
1092.474121
979.831543
-1449.161133
-3946.860352
-1001.347534
518.821655
-779.230225
136.142166
1920.334961
703.641357
693.373047
1134.732422
1374.173828
-957.268311
915.668945
-616.884033
-680.383057
-803.226562
-2014.102783
-108.213867
1460.041992
-449.184570
-123.063232
1366.554443
1094.368408
-18.940430
255.395996
-139.112793
-187.416992
-93.913818
839.577637
2831.749023
989.868164
-237.665039
326.065918
1483.642578
1460.860840
1006.267090
-1457.016602
-3982.205566
-1843.119019
454.041016
-281.862305
-463.646973
668.854492
-70.706055
-80.011475
456.934082
-645.006836
-2566.479004
997.838867
2590.610840
2006.200562
662.115723
-124.298340
1628.808350
684.136719
-231.256348
24.479248
-606.250000
-967.262695
-1450.282227
115.999512
818.487061
1561.381836
6451.625000
6415.237305
1229.487549
-667.980225
-2865.851074
-2838.819336
-530.332031
-3278.478516
-775.081543
-4207.795898
-3924.999512
-1368.434082
999.822266
-245.022461
529.690430
1161.612305
-398.041992
-540.171570
-107.433838
1006.638184
254.691101
802.506592
-1462.746094
-1037.192749
-699.528320
235.327393
-607.857788
-1302.572876
697.564941
-2334.394043
-3784.052734
295.051758
1392.018555
2317.732910
1271.401123
-882.558105
712.421387
537.379028
67.719421
-570.302673
-1344.065430
-2152.133301
-1620.378662
1115.034912
-203.961182
-1157.519531
340.467773
638.130371
-131.441528
-128.864258
-321.279297
337.215820
1569.717285
1188.073730
34.419434
501.745483
412.728271
-0.296875
124.649414
-995.532410
-915.550781
-690.662598
-413.332031
594.497314
1442.114624
611.656860
-410.082275
-375.544556
-619.958008
-248.598633
410.157227
-41.503418
206.297424
-1679.730957
-2379.716797
475.295654
573.546875
-21.175781
400.826172
836.398438
1018.246582
1523.320068
920.674072
-1321.819336
-290.541992
-1019.869141
894.708496
-332.643799
-222.136719
690.557251
-34.287109
-438.342041
-1546.950928
1101.154297
101.871582
1172.723389
911.142151
482.186890
-897.270508
-123.291992
26.166992
-133.857834
-221.768066
-30.807617
684.947754
1440.462646
170.080322
528.390137
199.186920
412.621094
-837.014893
-1152.839966
-1167.878662
-105.856445
426.477539
-365.376465
1088.121582
1334.219727
-714.653320
-573.652344
-162.692871
709.466919
-559.469727
41.339844
-167.009644
1183.154297
2636.562988
243.990234
118.268677
1834.152344
156.022461
-830.923828
-973.164795
-1100.276123
-131.395508
2272.611328
458.898438
-207.125000
-1412.774536
-1440.142822
-660.021484
-64.745605
475.272461
-988.737305
-1500.861328
-2796.984375
-104.781250
1452.747559
789.198242
373.227539
790.657715
1549.943115
-407.815430
-1412.319946
-271.453613
1536.567871
4512.963867
2371.509033
-371.372559
316.775879
431.146973
1564.232300
1202.448730
-193.430420
-60.646484
-944.949707
1445.347412
2463.749512
976.257812
-351.905273
308.784180
-1248.881104
-1087.952393
-53.195312
-730.596313
-399.466919
1050.916016
1786.274902
1141.651855
-405.961182
-1001.545898
-161.321289
115.158203
243.142822
-1488.619141
-385.606201
445.089417
-417.600098
287.639465
1026.909668
2577.018555
676.692383
-591.082031
748.085388
-261.667297
599.059082
-2165.207520
-878.177246
314.505371
-337.723145
-3372.863770
-1950.696533
1086.228149
-660.930359
-1104.918091
-352.917084
659.486694
-948.751465
-1513.385254
133.741455
26.044434
63.948242
409.758789
695.432617
-742.609253
-13.428223
-443.947266
-777.984375
-381.886780
-741.268555
821.020508
-2052.036133
-2425.608398
842.787109
1805.104492
-315.035645
478.215332
-2036.309082
-4261.784180
-1675.486328
297.557861
1930.715942
3950.159180
900.196289
126.332764
1904.318726
814.856812
190.280273
1379.359375
547.523438
-264.366455
-554.175781
587.431152
-628.256470
24.924805
339.108887
-643.340088
-1190.694214
-1288.412720
-710.899780
-406.625488
1996.121094
388.125000
199.688965
-323.625000
-879.239258
-736.164551
1201.419922
1662.358398
-1449.605469
-13.964355
674.316406
-701.882568
-1157.045776
-602.575928
275.475464
-107.077637
-320.925293
934.515503
364.898438
-178.580811
-634.038635
182.014648
-1234.779297
-1069.208252
678.563721
242.360840
-1176.289551
-1060.935059
-686.018066
-113.236328
-850.370117
-1042.957275
-503.073242
547.621582
1024.284424
1144.413086
873.905273
-2087.913574
-1673.484253
-328.238281
-407.862305
1296.283203
-765.395996
-620.478516
529.190918
-244.778076
-1403.417847
-73.491089
-417.578369
-4539.965820
-2654.791016
2125.770508
-10.870117
-366.248535
1764.632324
962.346191
-481.875488
1152.506104
997.407715
-1889.000000
384.479980
368.462891
-2.632324
-422.661133
-542.475830
1164.045410
2262.454590
1099.039795
261.396362
1161.059082
1569.811523
1584.560547
529.167236
-1070.341675
-1208.803711
367.988770
1208.037354
-336.714111
-1329.932495
-1092.407349
-113.294189
151.662964
172.044434
829.875000
-174.938477
-475.689575
507.580566
-269.356445
-677.636353
53.604736
1150.647461
446.610352
285.391846
792.474304
72.401245
-1087.416382
1011.560852
1745.613770
-470.526855
-129.573730
-716.333984
-776.781250
350.834961
999.340332
881.741943
8.743408
-894.538574
-600.888428
-84.715820
-107.543457
-619.347534
-185.902832
412.005859
-173.312988
-437.184570
-212.081055
555.252380
1138.354980
93.151367
680.947266
496.962402
-109.338623
676.536621
-30.078125
-883.849915
-734.577576
690.556763
628.202148
347.568848
-83.228271
-1465.154175
474.672180
1325.953613
-1087.524536
644.270508
877.075684
-373.110840
351.256592
1033.001465
50.171875
41.149170
230.862656
-796.907104
-475.689697
1826.519409
231.124878
-1717.320923
-255.623596
30.142166
1058.554688
1364.481445
-226.088623
142.458984
433.733154
417.544434
1969.647461
87.320557
-605.065186
489.029785
-34.056152
-200.934570
-386.995117
-307.890625
-345.618652
-434.457275
1618.504395
2055.794434
-962.212219
648.102295
928.366089
-457.975098
-989.362305
1958.548828
899.422852
-614.430176
305.677612
370.602051
-944.534668
-1181.595947
-760.950867
2029.401367
754.796387
535.052246
678.487305
-423.976715
-942.771484
-1953.781128
-4087.203613
-149.143555
59.528320
-1040.377319
-442.245117
-981.413574
117.313477
-306.014648
-277.619873
374.897705
-770.588379
206.643799
338.718567
-1160.036133
129.066406
-358.771973
561.380859
616.668945
-415.585693
-1592.706299
-1090.420532
-583.648438
-372.163086
-1939.521484
-1788.189941
-1062.022095
-1691.857666
1397.624512
-2.047852
-120.192383
-2164.706787
-119.509766
-1240.956055
-1421.919434
-495.465820
-740.554688
-954.591797
-109.779785
-1154.932617
201.212402
-271.589355
-264.093994
626.134766
855.107422
-1111.687744
-478.583984
-140.067627
-422.552734
2238.847656
-289.729858
417.836609
-269.357910
-2728.079102
-2430.725098
917.758301
2288.177002
-1868.336792
-1173.018311
-919.101807
-2060.189941
-1652.893555
-394.934570
117.748047
-372.542969
-339.076172
-775.044922
1228.349243
3797.229492
3642.647461
-1400.354858
-554.924316
1390.207397
-724.143555
-465.338867
-1812.544434
-189.523926
-238.492188
351.187500
184.596924
132.791260
867.835938
1357.415527
2476.743164
-434.526611
180.475464
3234.108398
1655.195801
-1238.990723
-36.309082
189.661133
-929.525391
1622.628906
2541.290039
583.082031
1010.450684
1879.464233
510.690430
-2328.400391
-2672.525879
-1509.557617
1320.397461
3932.910645
2296.498535
-2003.512695
-2709.524414
-3198.349121
-700.000000
1971.448242
1284.256836
-127.874023
479.576172
1064.992188
233.250977
-41.077881
-796.429443
488.811035
263.142090
78.515137
168.570312
-153.283691
3051.731934
6031.871582
2839.957764
-1101.212646
-1289.517578
-2576.102539
-81.029297
551.632568
189.765869
-50.202637
1653.847046
393.323730
77.178223
-94.437500
-412.573700
158.926758
101.651367
-830.290039
-2774.096191
-1025.994629
-1183.423828
-554.832031
743.006104
-260.699463
-27.477783
-1211.628418
-749.968750
-46.169434
142.979980
-841.343994
-243.600464
546.254639
-542.783447
-985.823730
-1515.183350
-870.824707
-423.951172
-748.857849
-361.327637
1228.372070
-1305.524536
186.417480
2688.610352
3173.899902
4373.820312
1040.986328
148.364746
1210.976074
-44.262207
196.758545
1124.658447
542.953003
1254.092285
466.726074
-1509.028320
-1178.337036
631.350586
405.886475
-690.259888
-738.715576
-557.113770
-769.347656
-729.079346
601.750732
743.502441
-387.394043
143.739044
1013.178467
42.068848
-589.803467
-238.721191
236.709961
660.516602
753.128906
-133.035889
1657.685059
260.326172
-631.425049
1765.482910
244.295990
-246.982422
984.242920
-824.952026
705.657227
542.442383
85.816895
630.360107
15.931641
4697.958984
3937.086914
-781.719360
-1689.986816
105.373047
483.750977
-332.907227
44.914062
1126.528442
897.518555
1345.634277
994.961426
1065.945801
1259.320557
677.285156
595.319336
64.488281
185.966553
-2433.704590
-6510.643555
-3220.684570
271.486816
-614.640503
1172.334961
1070.682617
209.525391
512.635986
-1799.542969
-1313.107422
1566.102051
826.242188
-289.103516
306.994995
724.387207
1797.964355
904.534180
508.920410
285.475464
207.019043
89.990967
227.255859
-1336.024902
-1114.956055
-183.253174
-468.501953
339.793945
229.628906
726.966797
-135.290039
-749.494324
64.629639
-2322.104248
-2283.386230
-299.344727
-353.899902
-898.115173
632.944702
916.711182
-115.182861
-266.103516
502.116455
420.162109
313.126465
322.404785
-153.101074
-1141.985596
-1479.324951
207.163086
378.213867
-443.157715
286.043457
338.525391
-747.862549
371.797424
654.060303
1014.651367
1406.732422
1688.361328
-663.045898
-1074.327271
161.674316
-413.588379
-166.525879
-942.865723
-1274.504639
-167.363647
-1094.038330
-870.472168
1301.728516
-2508.631836
-885.552734
617.678955
1945.045044
4329.280762
4419.305176
2816.173828
3125.354980
4120.335938
4174.099609
2563.229492
-290.691895
754.429688
-1250.810547
926.751953
0.120239
124.590088
-950.385254
658.525391
808.507324
-352.490173
379.475464
638.658997
-1395.401123
1817.283691
5479.288086
1349.062500
-1129.388672
-1380.083740
-367.696777
898.687500
148.989258
-859.697754
1171.108887
568.837402
1874.465820
1698.621582
181.757202
-865.819824
455.879883
353.382996
51.509033
-1247.349731
-841.028076
576.440186
-747.789429
-33.146484
1397.711182
292.071289
-304.184082
706.310242
314.208496
1017.245605
-1049.435913
-1576.263794
-570.085449
-1315.761230
-321.619141
852.716797
-1574.431641
-2358.362305
965.251831
906.375977
-508.170410
-243.742920
661.502686
1145.778809
1.758789
-1267.395020
-2330.083008
-512.642578
239.731689
-707.505737
-142.360352
-491.872559
-3322.391846
-1558.789673
23.825195
1632.461426
1939.542969
458.725525
-40.341309
273.382812
-1296.936768
-972.756348
-905.817383
-270.717285
-182.716797
774.869141
-875.076782
176.801270
-1943.064453
-2923.662598
1024.765869
2668.980469
1008.893250
-521.338867
-1500.791992
279.841797
1523.452148
846.132690
921.148071
675.285156
810.306152
-724.302734
1297.499512
2239.738281
-415.576904
-2697.857910
-823.556641
-274.465332
138.570801
1409.148926
2072.304199
1276.656738
-607.833984
-1626.771484
497.411621
-316.515137
1585.693604
2192.245605
577.271973
-394.482666
-1427.080078
-2691.595703
-1420.986084
537.842773
2727.449219
296.687988
-95.196777
733.169434
-2858.943359
-3665.100586
-1316.510742
363.965820
1385.369141
-413.282715
-575.691895
-477.721680
-124.449707
29.649658
234.804199
-297.526367
616.005859
19.305664
423.746582
281.404297
-1414.023438
1738.219727
2297.593262
1950.713867
-1471.210449
-1267.163330
-197.345703
787.934082
1020.938721
100.186768
-2309.035156
-2729.111084
163.324707
117.231323
-1411.543213
1197.521606
-174.367050
-416.459656
771.146729
1020.164062
-55.196777
-503.254364
1924.516602
4719.731445
1341.772461
-1189.739990
-4432.459473
-3693.589844
698.732788
-371.025269
-1219.260742
157.909912
-774.261719
445.898071
-190.369629
72.985352
137.597656
-58.679688
186.390381
613.750916
204.846680
-262.226562
-32.135742
118.158203
-866.987305
531.646484
152.062500
-2028.832520
524.765686
799.626221
-418.998291
-150.622070
889.543945
233.409180
603.723633
1594.755859
777.530029
180.161194
-372.394043
-2078.222656
-1400.847168
-735.541016
807.315918
-331.159180
-230.800537
66.382935
-1885.401001
-1592.119141
-1900.622070
-644.768066
220.545868
-1141.316650
-305.305176
1062.697266
96.224609
374.549805
1030.866699
-407.548340
-17.261230
-251.945557
827.973022
-201.576660
-1118.195312
1600.108398
201.137695
495.761719
2295.061523
705.108887
169.954834
624.656250
89.618652
-61.106506
2769.435547
3365.281250
-1180.510254
-544.393555
-858.743164
-152.752930
895.918213
-464.940674
370.777222
-868.127930
-676.986816
-282.699219
-1403.055176
-1162.367676
-284.449707
-32.242920
302.286133
1101.583008
1175.910522
-296.684570
-104.127930
-289.149719
-705.837891
175.473389
920.601074
1705.663086
1129.866211
-105.178223
601.232178
-93.121399
-1201.614624
-592.549316
10.634033
-2078.193115
-1101.881348
1244.115479
-50.086060
-656.690918
-803.888916
829.726562
950.615234
-465.412109
-572.412109
-37.777832
180.620117
2317.541992
4077.426758
551.478149
-887.346680
4.145020
-919.542725
-101.940094
1881.348633
1044.289062
-1204.300781
-2691.581055
-542.431885
391.668945
825.908447
-615.416260
-1409.798462
-165.661133
-13.207520
-1855.105591
-1275.160645
1237.023926
1565.947632
1160.516113
1305.433594
502.974121
881.402100
32.562988
703.574951
-403.377930
396.496216
869.009277
-136.643555
-666.982910
367.559998
191.065430
-1225.214233
-537.037842
-969.846191
-253.354736
275.812500
-720.738037
-1439.238770
-525.134277
1180.023193
308.261108
-928.132507
460.766052
941.050171
498.974609
110.786621
3423.551514
6057.910645
4018.352783
-232.386597
-265.915161
1128.122070
195.598206
-137.039795
757.660645
-10.193848
466.836182
2252.197266
825.440430
493.209229
221.088379
-1140.020020
402.449707
232.215042
252.402832
-2.444092
46.637207
1013.245117
1704.653809
-1414.191406
-657.295410
-199.276367
665.879883
838.528564
473.230316
510.978027
101.187500
71.487793
1707.799438
732.426941
-286.133057
-274.184326
1177.224609
1086.139404
-54.816650
-704.893066
-1220.109863
-1111.220459
685.428345
680.127441
-1631.862305
-625.653809
37.291504
-220.666382
563.005127
1607.938965
700.412109
-912.128784
-1442.404663
-705.979736
-430.337402
-274.573242
-168.674805
-389.261597
754.302368
2450.832031
962.217285
-624.309570
-633.343018
-662.781982
-1150.753906
114.443848
-98.542480
707.369141
-406.088623
-1321.475342
3908.125000
1889.157227
-1722.938477
-792.520142
17.651367
-686.678833
703.428711
2406.179688
-1576.091797
-542.043457
650.533264
294.638428
-224.046875
136.911621
169.924866
454.458496
-305.150391
-1617.101562
-281.126465
-2653.937500
-3305.814453
388.687195
577.912476
-250.218750
1531.219971
252.891357
-335.959351
1435.267212
24.562988
885.876709
-73.530212
-653.584045
914.186279
859.716797
-341.650879
-533.647705
-1292.583008
-588.102539
409.661377
367.194336
64.157715
-153.764648
810.804810
2381.919434
787.208618
-656.908142
233.107330
-1337.333130
-1661.387695
432.199951
314.372925
-461.987305
-1261.459473
652.583618
777.867676
84.818848
2089.731445
-105.386047
384.226074
1152.725586
18.231445
43.704102
807.610901
3348.852539
2483.970947
-1037.691895
566.972656
863.990479
900.876831
965.230957
738.401123
404.356750
53.208740
393.904053
-211.152191
485.737183
1372.265869
-65.106934
-1127.974121
-2537.493164
-685.202148
-398.352539
1085.430908
176.128662
471.487793
-2429.814697
-2654.477051
-308.222534
720.361694
-253.144043
-148.393555
-278.809570
-1222.719849
-390.334412
714.279541
3071.656738
2273.277344
-472.799805
680.315430
358.449707
839.718506
1817.876831
715.040527
-120.884033
-367.134277
877.473511
751.987305
-575.198242
131.139160
315.284668
-300.321045
-12.037109
218.019531
-886.333618
-716.112671
552.341187
103.914795
456.788818
1676.798950
177.692383
-663.238281
-21.775391
102.657593
-591.901367
-820.855469
-38.066528
686.460938
-229.902344
-210.322021
-850.202881
-403.208008
-572.628662
160.314697
-389.666504
365.843750
-536.086182
-2290.005859
-739.573242
1271.584961
987.507812
-890.505127
-1175.373657
665.389160
2044.870605
3426.730469
1917.826172
-1036.849854
-1345.668945
-1619.610962
1981.037109
3374.647461
-2304.449707
-1425.524536
-2663.320312
-1009.784180
158.094238
-377.359497
17.583008
-1585.258789
-3452.609863
-1280.505371
-273.524536
-545.000977
-1125.140625
-867.748047
-730.993164
767.031738
-173.540527
-474.538696
-140.565918
-2904.520996
-5108.375488
-1247.874390
650.935791
138.284180
-816.608215
89.796387
-357.050781
643.368652
1027.875000
2222.353027
2515.939453
1933.401855
-679.851501
-330.882080
-532.126953
91.336914
210.467773
-334.009033
-252.352539
-379.969727
-358.268555
-331.631683
-243.888184
-259.578369
-782.070801
-697.696045
292.863525
-213.521576
832.335815
1138.389038
1626.156006
1507.848389
-457.455200
1285.089844
1894.652344
407.551270
-1809.670898
257.759766
-883.992188
149.972656
-596.280762
-1305.405396
-1108.458984
-365.813873
-563.721802
-1319.501221
-240.572266
-711.532715
-192.909912
-571.630371
314.799805
-173.674805
41.420654
745.977051
725.177490
312.024292
663.030518
366.304169
371.321289
694.387207
356.533936
11.363770
-351.537109
439.862305
-536.103760
-146.569824
3352.389160
1729.071289
-515.120605
-1492.457031
-3898.857910
-2992.432373
582.848145
1072.941162
-521.252014
-333.792603
321.663086
160.031006
574.406738
758.153320
1167.822754
781.279785
461.260742
1128.096680
429.161133
-544.882324
-1567.626953
-515.490234
1778.249023
3330.129883
962.492188
-599.502197
-452.162109
-239.843750
200.793457
146.287354
54.963013
635.253845
-1669.535156
-437.468750
709.585938
489.370117
427.552490
492.248596
1072.339600
572.156738
-245.645996
235.880859
313.201660
229.539307
365.508820
-2520.702148
-1889.991211
-905.245117
-52.921387
198.405273
421.651855
-111.065430
86.237915
941.323120
756.501953
517.476074
347.250977
-236.785645
294.643311
1570.904907
-3321.826416
-2205.088867
-513.818848
136.475464
1018.800293
-357.113281
-2357.114258
-4631.760742
-1931.798828
645.360840
74.295166
1154.485352
-527.057617
-1223.050781
-2538.573242
-593.433594
-673.816162
55.462158
1684.375244
-49.517494
-590.795410
-547.072754
-1048.239380
2850.154297
1495.322998
1953.061523
743.374023
449.435059
1039.877441
1483.714844
469.902649
-414.718384
-500.847778
-200.467773
-318.928223
-291.370361
-563.864258
-2854.389160
-1557.658691
871.798706
-1437.669434
1013.468262
-339.606445
-176.386719
105.372070
-445.897461
-539.414001
-1359.449951
83.360352
819.589355
898.786133
-76.050659
44.354492
460.142578
-2628.901855
360.923584
38.639404
506.127686
231.044922
171.140137
-2999.658203
-5020.967773
-1184.501465
1293.002930
2418.475586
4636.463379
2411.773438
-1016.733398
722.100830
-392.698486
-592.336914
-1111.489258
-220.395996
60.171448
-1151.959106
-1023.791016
664.607910
909.865479
43.288086
-197.748047
-1589.658203
-3654.154053
-490.121704
1267.044556
-125.032104
2215.453125
288.990723
-301.797852
555.736816
32.856812
-972.139893
-582.598389
232.937256
269.999756
-871.658691
-906.967285
-420.495667
-1074.468506
-1181.552490
75.285156
231.396484
-393.602539
-1035.578613
1088.926514
1045.886230
767.870850
458.310547
494.865479
700.016479
-274.648804
-515.103027
665.141113
367.559082
89.422363
525.221802
115.793945
537.291992
1847.130127
119.760849
553.218750
-303.804443
-665.413330
763.007812
344.166504
-2844.966797
-4129.348633
-2189.616699
1261.747559
749.209473
207.518555
-1857.788086
-4614.279785
-3511.600098
327.118652
1024.551758
-54.417480
-784.757141
-80.939941
1517.380859
221.863770
-1243.041992
362.376953
-840.195801
-1642.131714
-1789.214966
-956.327148
-878.347656
996.870605
1916.125366
593.965820
334.314697
418.671814
-842.024170
362.593872
732.256348
-343.044434
248.636597
260.352417
38.900146
775.471680
1061.269531
865.113037
794.197266
-235.313965
211.471680
1625.866211
1795.297852
822.487305
-338.359863
479.269775
386.787109
581.459717
-1372.848755
-493.695312
3912.367432
4013.660400
465.363953
84.508789
-84.651367
605.905151
1454.609375
962.196289
-379.944336
-377.729980
-917.688538
-1151.099121
-1262.582031
-431.278809
-1970.521973
-231.764648
-243.762695
884.780273
244.290039
-1301.117188
-2814.223633
-1300.263672
-766.212891
2003.779297
-1353.464844
-1364.348389
706.032227
-418.802979
-812.078857
-390.993408
-575.881287
-790.375610
-996.802002
427.623535
-318.249268
-1423.788574
402.465088
480.308228
474.785522
2753.661377
524.145142
-857.988525
-314.272949
-1177.219482
-783.401123
294.480957
594.741699
287.212646
578.935059
56.127441
671.036377
820.856445
-263.810547
-663.083740
-446.883789
-945.994019
75.800537
929.557373
-748.672852
-1076.718262
-147.989746
478.425049
635.232300
-110.287354
3098.938232
8351.158203
6001.711914
2257.386719
-1112.063965
1956.397949
4119.188477
418.711060
70.299561
1455.419189
220.118530
2473.068359
3093.496826
387.666748
-2276.066162
-4969.773926
-1694.753174
849.259033
-391.265625
810.740723
-245.246826
-782.861084
818.502441
209.964355
522.350830
186.936279
-1359.045410
2362.536133
5213.291992
1664.558228
383.617188
1057.026367
86.869629
670.628906
463.159180
151.666504
301.903931
2465.037842
3290.167969
709.244141
-420.748535
292.723083
-368.255737
118.306641
1555.412598
604.142151
526.240112
1110.917969
294.030273
-395.065430
-270.195312
-2040.626221
-3107.977295
-1169.073730
712.073059
653.927734
101.052734
-1081.886719
-518.981445
-1607.363281
-2343.328857
-1345.580811
571.208984
-263.056396
66.267929
500.204590
-775.294067
528.286865
783.742188
1648.752197
1375.658691
-1224.644043
-1477.023193
-2840.247070
-2447.500000
59.923584
168.077393
248.280273
-525.590942
-1122.901123
-836.622070
-6.250000
-458.690430
-1649.273438
839.714844
496.197266
-723.190613
1612.103516
-249.123047
123.320801
-177.794678
382.321655
746.996094
1709.296387
519.393066
-1107.870605
-2180.769043
212.993164
634.112305
3093.060303
4554.326172
1229.469238
-704.621094
-3402.209961
-1780.715820
-443.999023
38.764648
-212.267212
332.326660
114.051758
835.721680
-2.524536
1035.459961
957.843994
-1328.424683
-905.255920
832.177856
720.721924
777.884277
778.288818
69.073120
178.150452
-205.076416
-1110.823730
-2186.135254
438.154785
-373.177002
1312.384766
866.911133
-1194.158691
-470.043945
-406.668945
-296.820068
-135.511719
243.840088
-516.462402
-381.908203
-982.996582
-730.585083
-200.467773
158.302734
551.336914
47.085083
748.612122
-646.554443
-3839.098633
-2311.218262
356.946777
2497.730225
2437.995850
-1132.439697
183.805542
1237.298706
-1117.396729
-621.843994
1303.013672
-121.625000
-2276.785400
114.499512
-510.691406
-615.567017
-1013.462891
-1494.548828
-163.803711
489.746582
404.975586
891.163086
93.635986
346.186768
1439.966797
-95.544434
342.270508
711.699707
-369.356445
310.206055
1070.208008
11.225098
-408.067139
-244.086670
97.679688
260.530762
1588.011230
158.080551
-2846.028320
-2347.124023
170.427246
2719.159668
6126.025391
6508.911621
981.496094
-1357.496216
-1127.208740
-777.600586
-829.143311
-99.645996
477.410156
1479.100098
62.651611
319.316772
1667.287598
-8.042480
-103.923096
169.551270
-113.368164
894.863647
1288.268555
-17.602783
636.780273
-409.698242
1808.152344
1738.482544
264.152222
948.162903
1123.979004
-154.317871
502.169434
523.777710
-128.872070
2308.770996
-1230.487305
927.315918
5860.634766
4847.911621
3136.342773
-1366.803711
-3265.223145
-2959.922852
-735.272461
-86.761230
-716.930664
-132.111328
-261.867188
-93.130615
-2635.392578
-662.842773
-449.665894
-360.913818
-1041.528076
-267.466797
158.508057
-14.253662
-339.816895
804.332031
588.401367
331.925781
-2989.354492
-4889.968750
68.729858
804.074951
-1263.923218
-1261.103516
-577.993164
270.159180
-593.990234
-1314.253662
-473.459747
-187.050781
1058.415527
-246.797607
610.676514
1029.358887
-540.674683
-414.063965
-318.644653
2365.998047
2119.994629
-832.504639
628.476440
742.842346
153.410645
438.163086
-128.880859
-1000.859375
1101.840210
268.567139
-798.594727
666.171387
812.706299
-1179.610596
-60.968750
754.399658
-318.220703
491.085938
367.586426
-1678.321167
-1001.513428
296.376465
-941.929016
869.542725
1026.772949
-219.054199
-796.460205
836.116211
1479.189453
-34.658203
-1106.087891
-1159.054688
274.168488
1004.563416
39.246094
-789.267090
891.444824
1586.273926
119.058594
113.058105
-302.044983
198.406540
783.472900
1149.051514
1619.500732
-675.476196
-1583.613525
44.203613
2208.415527
3109.654785
347.582825
-1009.487793
1165.375977
674.834229
93.100052
1208.100830
1816.990112
-120.532227
-207.486816
388.176270
34.088379
810.973633
61.633911
-1061.540405
-635.925903
251.913086
530.609375
-920.184570
-3604.655762
-2127.885986
-185.226807
-250.670410
-348.418945
5.716797
-1039.437134
-881.608276
-917.116577
-537.023560
1526.867188
736.968506
-212.472168
-689.612305
-1162.453613
569.248535
1974.769409
981.188538
-212.948914
1169.656982
1541.434326
291.796387
487.205566
386.310547
-72.495850
-607.085938
-833.590332
-81.475586
912.820374
1089.640869
950.494141
181.908936
696.323120
896.035889
-31.424316
-903.754395
216.768311
-1121.082031
-2442.862305
-342.819336
-1119.947144
-601.853760
682.532227
1091.114258
-125.735596
462.431396
2881.670410
1338.195801
-1569.314941
-486.620605
-370.337891
-757.123657
5.496094
357.185547
-39.042480
-1036.224854
-316.218994
40.457031
317.421387
1267.571411
-153.427734
-948.425781
591.152344
1034.697266
20.780518
665.185242
2134.475586
2262.632080
793.691406
-121.863281
-74.207275
704.460693
-870.294922
731.304688
1353.112305
-68.944092
-1367.132080
77.758057
207.360596
425.462891
1637.597656
2963.087891
2026.224121
595.221680
-113.182617
1154.134155
1665.864746
1484.369141
1586.806274
255.512939
-172.521973
1200.782227
303.258789
-1155.618896
-1409.956055
-1323.503906
-1936.550537
-880.916504
-915.901855
-131.388184
-39.977539
-533.012207
-1074.622803
-270.892578
-538.637207
219.150024
418.428711
-186.133789
-730.519531
-208.175293
-610.951904
-441.751923
-1231.956299
-2475.966797
-1883.984375
736.672852
2060.097656
956.565674
-543.639648
254.053711
1027.624023
-125.855957
-1345.498901
-818.524536
-434.357422
376.626953
-1112.852539
22.054443
39.739563
1208.588989
1356.287109
-583.383545
634.984558
1162.154785
-306.007812
-18.591431
-322.342285
136.111328
951.519531
-575.168396
191.595215
-949.989258
-439.154297
1616.484619
-74.418457
-216.956299
584.603027
-460.424072
369.894409
0.449219
353.118652
173.036011
641.446777
2119.359863
-95.981445
-1041.064941
-1308.701660
-2380.653809
-128.892944
1029.164062
85.446289
963.105835
-1188.443359
-983.532227
-815.261719
-462.759766
-428.346680
957.549316
-502.128418
134.717773
-250.094238
749.292969
488.237061
304.921387
-2380.458984
-5673.052734
-2621.017578
-2356.358398
95.488281
510.626953
-2147.955078
-3028.407227
-4632.502930
438.765625
2442.418457
3721.866211
575.061523
191.349609
577.819336
597.919922
16.358887
253.907288
772.336426
-579.510010
665.052490
237.815430
447.540283
2003.610596
-449.574036
954.678223
1523.245117
-431.461914
321.062012
718.475464
259.413818
204.779541
684.124756
-502.368652
772.127075
4754.475098
3557.951416
-730.997803
546.395020
1399.134766
722.864258
464.326172
-528.489746
-899.756348
377.433502
167.833252
-1924.973145
-717.505615
-448.967041
-754.499756
-1027.739502
-762.773438
-1218.393066
1219.475464
906.261719
872.752930
-49.494141
-630.334961
1026.722412
978.354980
-838.114258
-728.001465
-184.052246
838.373596
520.857422
-441.170410
249.488647
302.977051
-24.348633
718.555908
658.613281
98.726562
-959.607422
-1248.962158
-154.480469
-1534.164185
-4736.263672
-2401.230469
-980.980957
554.231018
-180.881348
-2093.731689
-3342.829102
-2088.599609
-213.789551
-236.556030
-333.436157
617.371582
-85.004150
-1257.452881
467.404785
-366.412109
-1277.470703
-953.524536
108.301636
3636.159668
4540.659180
2415.425293
-466.926514
-1078.801270
-278.759766
609.565918
1550.875854
1833.240234
598.037109
-626.784546
-769.843750
-333.524414
-145.763672
165.535400
1175.217773
828.131592
3272.210938
5616.027344
2894.595215
-390.290527
-88.156250
-749.688965
334.472656
1061.725586
-564.148926
336.313477
425.639160
-11.134766
-630.478516
-301.612305
-114.325562
-583.712891
635.865723
3000.894043
1740.265137
-1305.134521
1031.469849
470.129150
200.251465
-142.260986
752.098145
613.404297
164.375977
429.616699
482.641602
-473.694824
715.432861
1096.230713
1251.106689
938.737549
784.804565
-598.049561
-1002.152222
-499.949219
197.982178
625.148438
-315.476562
66.334961
748.343018
361.947510
628.602051
586.196289
493.012512
158.595215
-47.527344
-2312.967773
-4720.677246
-1551.071289
1055.393066
1177.365234
151.142166
-1307.831299
-431.983398
570.792542
269.260742
-385.170898
-144.177734
-1442.948730
1082.570312
929.313477
-292.479614
-185.404785
845.114746
862.675293
-341.347656
-1148.414307
-524.596436
1117.203125
-84.355927
-635.670227
3147.777588
2531.371094
348.188477
-64.853027
1530.273804
-968.467773
-292.369629
1484.510742
316.478516
86.186523
1166.852295
1286.030518
657.274902
-200.145508
593.142151
25.468750
-2036.314453
-2712.384277
-1503.304199
859.690186
1223.479004
-49.511719
128.390137
-798.785645
-95.853760
236.713379
-1101.676514
-276.139648
396.838379
-371.337891
-479.262939
755.862305
1329.292480
-151.121338
374.066406
1908.867188
569.910156
538.130859
-487.760742
-38.379883
791.145996
767.983887
-146.060791
694.072388
-440.673340
-420.875488
406.208252
861.716797
1490.042969
-249.738647
655.183594
2301.485352
1726.767334
570.633789
-12.445312
353.139648
-2260.213867
68.619629
1183.647095
-23.698242
-40.899902
706.647461
-845.277832
-2384.324219
-991.272461
-2399.310547
-776.625000
1245.594727
1246.952637
88.759796
186.435547
-2222.242188
202.936523
55.658936
765.472656
-33.429810
-493.759277
-127.928802
1548.372559
-572.840820
1812.143555
687.366699
212.419922
-110.604492
-6.211182
-752.958008
-2570.502686
-1048.227539
224.798340
1673.558838
1933.241455
57.582031
305.191895
-548.002075
-1270.031494
509.982910
-32.678345
-1803.614014
281.567383
1018.102539
940.698242
912.446411
-2838.519043
-5071.712402
-1342.524536
74.005615
976.928955
2488.829102
2516.729492
-183.190430
-1345.755859
-483.487305
919.208008
1045.848145
97.938721
233.233643
1875.192627
551.272644
-919.215210
341.397461
-1360.640625
437.660645
1482.479248
719.773438
793.659424
805.226562
1910.570312
-1400.422852
-9.985107
302.196777
1350.029541
434.331543
-1566.062012
-610.857849
-1360.108154
686.857910
1900.894531
1022.182617
158.423828
-335.643555
-722.286133
-489.164795
-1249.917725
-1936.582520
-1404.958496
-400.560059
64.441284
-3246.206543
-752.488281
-3376.397461
-3604.611328
1318.380859
-49.946289
-57.090088
-852.822266
-332.092773
1070.826782
534.280273
-528.205078
-216.057617
-442.665771
-70.591064
-994.172607
-985.760254
-213.241699
20.830566
-778.182983
-669.589355
521.502197
771.104980
310.949951
488.732422
-168.364502
1407.664062
-2195.533203
-5287.349609
-1924.305664
371.438965
2483.785889
2121.685547
-758.393555
322.835938
1173.738281
2015.945312
3043.336426
445.802734
-1740.809082
-4953.153809
-2874.008789
1031.983276
-324.264160
-504.114502
673.430664
396.601562
-152.428040
-377.289551
702.330566
576.591064
-95.791016
123.638672
-812.242188
-1213.107910
-759.904297
128.598999
-1261.531250
-2020.132812
-614.367188
273.515625
715.890869
-32.253418
-1703.779297
-1137.902344
-225.808594
-790.506836
1376.190918
2775.199707
2105.223633
3213.997314
-1173.811157
1005.393677
-1166.231934
-835.054199
1060.549194
504.480469
391.684814
1849.253662
-361.470703
-684.272461
352.476562
1345.594238
1073.387207
-223.808838
-120.020020
1662.354492
1609.035645
-498.669434
-1326.058350
-1150.332764
-564.185791
-582.510742
-515.349121
-377.333740
-1279.010986
-356.876831
1647.267700
993.076233
861.028076
-603.630859
-937.626709
265.474365
369.817139
289.567383
-120.127563
-1152.354492
457.579346
2044.270508
1321.724609
-176.122803
-122.512207
-2655.542480
-87.205566
181.780762
2764.135742
3234.727051
336.447021
-442.461426
158.268555
-1757.751221
483.805176
831.833984
218.708984
963.985352
817.854492
178.218262
1026.432617
656.016602
466.837402
-383.275879
-1125.245239
-1103.135254
-271.551270
1026.953613
1185.453247
1087.000000
140.373901
-360.198486
-648.455078
117.086426
1752.174683
113.823730
-195.381836
911.691895
518.784668
400.578125
658.941406
-679.153809
-86.568481
406.250977
-525.331543
-1041.988770
-2427.915039
-276.955566
869.710938
-901.092773
-189.294434
1058.417480
2492.734863
2169.919434
-25.768066
-274.227295
-982.371826
-48.712402
679.056641
320.711182
-711.598755
-11.907471
920.031982
2556.521484
-94.945801
-524.327637
897.354736
495.156982
82.570312
-664.235840
276.648438
974.297607
586.738281
-26.843750
1135.657715
543.946777
-204.742188
234.997070
359.790527
662.645996
353.838867
-308.825195
-334.870605
-631.556763
-826.685303
-195.411133
-125.810547
-242.555176
-348.464478
1073.142090
265.997681
-3047.130615
-1802.444092
396.366699
229.524902
930.153320
1599.652832
3815.030518
4743.224609
2108.417480
452.911621
-1690.165039
-3197.595703
562.503784
1870.792480
1319.183594
251.744141
245.821899
1176.918457
501.000488
-266.430542
-246.462158
-1690.158691
-398.090088
1049.699219
120.812256
-703.758301
-354.096191
324.163574
-730.068359
-736.193359
-1309.623535
-920.446045
681.033569
1506.059326
1113.795410
-1046.954712
-1840.614136
-681.530273
1234.866943
5073.431641
5192.105469
90.105469
-22.278320
219.475098
-1036.916504
-982.686523
-1021.859863
-818.899170
782.166016
1443.598633
-1298.996094
-3236.720215
-3151.236816
-3148.002441
-1567.666748
-502.942383
389.681152
1157.624023
3458.136230
-633.822510
209.856934
-484.462402
-1409.747314
740.813965
1994.393555
-225.636353
-587.832520
761.520264
-259.267883
370.120850
246.625000
-2400.558594
-2136.369141
-373.812012
1228.343750
4489.165527
2273.736816
690.111328
-2292.426758
-2122.588867
-2319.712402
-1948.052979
228.376343
306.228516
832.504883
140.415039
-1045.524536
-129.661865
-752.498535
-1804.973633
617.341309
223.063293
-1152.075928
1004.244629
971.485352
695.552612
1004.563721
1127.803223
1229.907715
-616.743652
-440.892578
1664.140747
609.484375
976.796875
410.318359
-204.489258
621.760376
653.001160
-87.174316
764.294434
-138.548828
-691.895996
973.626465
1080.970703
837.847656
-497.971680
-2032.663086
1080.245117
2426.696289
1000.729004
386.488403
-436.205811
-114.318359
-12.735962
-711.276367
-212.219727
51.136719
-225.939941
-466.207520
19.331543
523.106445
-388.804199
-733.309265
-821.784180
230.130371
221.193604
-332.290039
483.762695
691.438965
497.033203
-762.890137
245.588135
486.436035
-340.490723
94.194336
451.240234
-3580.944092
-1176.556641
-374.189941
1239.262695
2271.266113
-401.755005
1362.981934
-652.508850
-792.953613
1575.586426
601.611328
-120.120117
1040.060425
-209.001465
-558.891602
1614.187500
9.186035
-2721.788818
-3541.737305
670.577148
5496.827148
7711.231934
6267.978027
1691.478516
829.086914
581.682861
129.713135
-502.515625
-1746.667480
-145.725098
972.755859
233.145020
-271.493896
757.558594
759.584961
532.117676
-87.380127
357.124634
681.437500
-2432.403320
-740.805664
33.618042
-989.930664
-106.115723
-513.849731
-1173.561523
-1418.017334
-939.820312
1702.999023
745.333496
1522.025879
1515.475464
-2.412933
-499.102173
1078.837891
1320.829468
1660.437134
482.654297
-242.583008
-3751.989258
-4655.073242
-1022.139648
1015.979126
2390.556152
1857.905273
-241.979004
-1216.745361
-1892.870850
872.230957
-396.347656
411.665527
311.854980
488.667969
791.793579
-126.800293
-638.278320
792.252930
2308.854004
5203.693359
2909.127930
-436.150635
77.988281
454.842285
-76.219238
-611.480835
834.760071
635.475464
405.291504
7.593354
-942.407837
383.913330
-110.936035
-966.226074
17.844727
1538.971191
295.893799
-174.435303
-388.302734
550.402344
475.365234
355.344971
-885.182129
-682.263184
-607.768555
488.438232
-177.954102
-1470.977539
-1850.808594
-2050.875977
566.513977
950.343994
14.984497
-604.278931
601.528076
84.671143
117.295898
-448.497559
450.344238
1964.089600
1053.842773
593.874023
2532.041016
2581.515625
3894.792969
-293.554688
-273.560059
-567.093262
-1075.150146
2397.395752
4506.720703
2575.177246
-581.999512
242.122070
865.999023
1496.848145
1633.342041
1646.479004
848.014648
2833.991211
576.548340
-502.677734
-1609.709961
260.722656
-981.286133
772.475098
1803.388184
-226.857834
250.053345
331.523438
-1157.487915
274.461914
358.526855
276.506500
30.475464
50.433838
-314.656738
-683.896423
701.696777
611.739502
-592.222168
-1346.408203
-589.054932
440.547119
-182.666504
-1391.148071
-137.000488
208.729980
-375.117676
-254.707733
1473.215332
3161.795410
190.406372
-909.791016
-404.222168
-2255.399414
-3515.039551
-4615.155762
-3651.220215
-382.153076
1267.752808
1187.933594
-1017.023926
-3211.208008
-1217.178345
-34.857834
-1237.259155
645.110229
-1955.856934
-4447.146484
78.015869
503.514404
-789.590088
-140.616455
-342.480988
-1104.465576
-1626.048462
-705.770142
1024.703857
1016.142822
407.437988
2.540161
1020.609375
-156.313477
162.286133
998.273438
1466.872070
1213.512695
240.464844
-2.430664
1147.960938
764.991211
700.609741
1892.234985
924.617554
503.052368
658.762207
-232.422241
1197.221313
-1122.302246
-3884.773438
-1165.191895
179.281128
-390.363037
1268.786377
579.035034
-113.018311
-2005.890137
-4561.431152
-2780.198730
-1458.720215
-798.352051
-2065.429688
-2571.926270
-2206.593994
330.071289
757.492676
905.958008
128.594238
-1985.738281
-85.923950
-403.323242
357.194336
-548.239014
135.736328
159.935059
-458.020996
-197.936035
907.131348
171.920654
-1213.129395
-453.833008
474.439697
54.325195
-1165.698975
-1241.968506
210.800293
590.816345
-201.810303
738.522339
-293.766113
533.014160
551.811646
-333.103027
-745.705322
547.503174
3481.717773
3108.303223
-371.960205
-195.201904
1359.603271
925.927307
1104.319458
179.120789
-256.291504
-341.170898
1930.200195
780.710571
-611.929688
-179.968750
449.273926
-101.067047
1762.678711
1931.953613
-691.863770
-309.127197
353.761475
-2374.869141
-947.891602
-431.277344
-190.799316
-249.870514
-365.989471
810.567627
715.173462
38.792480
408.926270
1740.056641
3305.704102
912.263672
-539.691895
-1623.417480
-4480.319824
-3531.624023
-1894.283203
19.557617
411.560547
-391.057556
-545.502258
60.912720
-1316.374023
-446.421021
239.456543
-426.294922
-1097.541748
-1170.722412
-1096.389893
-1368.823364
-397.724487
-409.907959
807.258789
913.317383
457.338867
3275.746338
648.096191
641.731323
582.790100
-262.484131
1184.473389
629.760193
-292.835693
-401.348877
-506.174652
461.476440
606.693359
1350.070312
2345.905273
1917.978516
1666.085938
270.191406
-1869.129395
1085.935059
720.569824
124.339844
-176.203125
-478.091797
207.916016
-135.674805
1273.477783
3488.046143
2588.571289
2243.091797
-1609.673828
-1556.172119
-396.078369
235.818359
561.391602
1382.204102
-22.281738
625.431152
-535.161133
1179.511230
1914.412109
1830.626465
2979.547363
1322.916748
-1134.524536
-533.817383
1068.991211
-84.511475
-2935.700684
-2407.268066
372.688965
502.248535
1042.501099
1330.492920
656.702881
381.136963
-1880.884766
-1887.524536
-371.392090
735.029663
1366.035156
831.130981
327.475464
36.626221
711.067871
719.483887
578.082520
-195.247070
575.042969
245.316895
396.686523
867.428467
930.301025
-123.560669
201.191315
328.253906
240.245117
-131.906494
623.943359
1100.417969
132.489258
85.281250
-2174.833496
-2716.203369
-1246.238037
-1229.806641
-1355.638672
-169.640625
-800.225098
-403.724609
-877.317383
889.993164
2585.726562
484.814453
-1626.359741
-133.128876
1620.142212
941.134521
602.693848
692.653320
311.363037
-1356.998047
-1016.869141
305.564941
-925.269531
-664.020264
-373.546631
-1344.215576
-675.729736
-434.964355
620.398682
262.004272
-649.778564
858.738770
2463.006348
689.382080
-89.223877
252.142090
194.791748
224.053711
1482.048828
562.510742
-109.828400
1274.317749
1348.014282
605.631714
159.772461
-609.333984
624.233276
2216.655273
1910.032959
-7792.604492
-75.728027
-231.574707
-158.823242
-513.450195
2709.412109
-1274.466797
-314.477295
-371.369385
-367.945801
1044.689941
-930.462891
-1308.037354
-273.217407
-640.524475
-634.509399
261.203369
215.913452
-317.552002
-593.895691
418.979309
-610.774292
-5483.790527
-4747.540527
-824.790039
3020.409668
6103.082031
3412.910156
-1807.967285
-4084.442627
-1491.434570
-2851.858398
-841.960938
-757.610352
751.316406
754.633911
-2288.697998
-1470.279541
-577.125854
744.685791
-39.875488
-572.427734
-353.467041
-891.540527
662.746582
-334.005615
-486.178345
902.343750
-1550.807617
-2261.329590
-1634.176270
-1178.491699
-27.829346
461.132568
43.925781
1101.829834
639.158203
-400.135254
-45.912109
-391.241211
-382.120361
1391.625977
2256.963379
829.171875
-799.264160
-16.200195
737.915039
-410.628906
478.522949
1052.684082
1347.713013
180.117920
-411.445312
1742.242798
1094.375000
-998.651367
-2230.389648
-791.500977
-38.998779
-601.423584
722.931641
-3514.441650
952.610352
591.907715
-1244.298584
-592.189209
-1062.875244
-1607.166016
862.302979
553.447266
842.193848
671.149231
79.625977
-708.655273
-947.512695
835.093262
1321.224121
123.623047
-1735.186279
-1182.654297
-1673.071289
-523.053711
-3544.893066
-938.280396
-206.271484
-120.636230
383.082520
299.713867
-272.650879
294.934082
-94.443604
753.670776
82.142166
-1124.319580
-309.350342
57.683105
347.821533
-47.382202
854.541870
631.592163
-335.772095
251.337158
-737.138062
-1202.991699
-500.020813
-223.857834
1746.190186
434.165497
-26.125732
-37.976562
-661.286011
-457.564453
869.235352
992.918457
-134.766235
-340.412109
52.200195
257.649902
868.723145
1526.350342
654.282715
-189.827148
147.519775
-334.317993
-417.707764
216.096680
-104.098145
-306.203369
-552.640381
-1091.091919
-715.014648
562.142151
1445.956177
955.763672
694.821533
-476.540771
-869.253418
651.559570
1369.712891
903.255371
1320.271484
-16.004150
-1500.929199
-811.227051
323.898438
801.454102
-588.916016
-1329.867188
56.245605
39.043945
2442.298340
1837.678345
-194.867310
171.503662
671.623047
-1703.382324
-1419.997314
-254.599609
36.047852
-152.659668
-428.257568
332.757568
1315.665527
2351.329590
1781.670898
1015.045898
-131.161133
725.225342
534.094116
202.119370
-1343.211792
-3448.641113
-1344.428711
1676.686523
1305.697266
144.485840
383.922363
695.799805
-345.537109
1947.085938
1705.793213
488.612793
1046.004150
906.277832
42.269287
1022.014160
-317.826660
-1363.223633
-2173.554199
-1234.469727
-1328.005859
-931.488770
-1075.660156
-2012.547852
-494.238281
2881.827148
1880.483398
1097.803955
-124.921387
-1197.361938
-1932.069824
-1810.591797
-2220.978516
570.760010
-76.180664
-299.992188
434.979614
-130.727051
-419.740723
1166.843872
283.963623
-1227.728638
-64.943848
-306.631958
1069.574219
-210.536133
879.691406
976.914062
-188.291504
576.475464
347.600098
375.275391
895.472290
9.930908
-2434.336670
-1371.342773
-3.484863
374.943359
-161.547852
812.887695
-501.267578
564.448181
127.117432
-349.011841
592.248291
-1187.255127
-353.083008
205.284241
-83.584229
-1028.308838
-1108.612427
-1820.546997
-1867.480591
-1041.297485
-86.560791
535.198730
-1822.646973
-994.021973
481.790161
246.812988
-1720.661377
-1381.660645
-900.885742
689.812012
581.228271
1948.092529
3624.336914
731.432129
-622.418213
959.630615
1428.355347
434.600098
523.219971
-302.492188
-297.979980
537.990479
588.958008
592.538086
526.742188
-608.765137
-189.126465
907.445557
776.910828
1111.641357
513.479736
384.372070
1186.830078
585.251953
-1447.185547
1922.815430
1820.680664
-244.344727
-158.989258
-2185.520020
-1287.534668
793.460693
595.122803
520.368164
678.669922
-1092.352173
-603.861816
251.170410
1045.117432
-44.244141
-305.793335
181.704224
-433.524536
338.386719
42.629883
-991.331177
941.862793
-196.150391
815.676514
1284.527344
-289.866211
-1209.292236
1342.612305
1830.287109
-165.300903
-940.847656
2005.351562
-855.837891
-719.745483
397.590271
-447.872314
368.645996
1810.565918
536.491211
-136.418945
-119.533203
-913.843262
-1252.326050
580.864990
-478.836914
-1338.141479
-1633.067993
-1775.042725
-471.932129
1124.046387
251.171387
83.300537
-1199.546997
-1227.854492
-333.844971
-139.970215
-261.065186
1564.447998
-1229.309448
-744.589233
35.179077
973.021484
667.894409
-428.996826
556.178711
160.311035
130.638184
690.953979
584.325195
322.205078
-377.115723
-607.483887
-448.621582
849.496094
14.375000
-968.684448
813.023804
1519.275879
599.886536
-1015.416138
427.641602
-1722.049805
1355.363770
572.188721
1038.157227
459.569824
474.496460
511.631592
597.781250
805.628967
177.455078
1011.565186
630.827393
-1277.094238
-89.320801
962.032715
-51.962402
-1030.634155
-1413.835571
-648.340332
-194.525879
-2480.768555
-2169.083984
-912.322754
83.263672
-924.652344
230.821777
1275.428223
804.309570
1268.475464
-71.302734
-139.969238
353.926758
850.820679
1237.526123
-658.045776
-345.902740
1055.053955
-676.420227
-571.808350
317.372192
-255.065552
1438.556152
1517.473145
535.789551
509.483643
905.132812
-861.231445
-584.702637
-121.140381
-705.450928
371.509766
-410.897949
-802.285034
191.392090
179.171387
216.330322
274.114258
2034.567383
3957.311035
4626.573730
1577.252686
-768.040527
358.774902
1691.354980
972.842285
-227.937988
-911.057922
-3507.915039
-6728.290039
-3038.931641
-0.643555
189.242188
-290.465088
-482.725586
-1754.082031
417.172363
1192.033081
-532.037109
875.995728
-195.575195
-816.328613
489.616364
535.574219
598.401367
1097.211914
3044.495117
3785.207031
2091.942383
727.288574
-1196.627441
-313.083008
313.946289
-658.743652
928.311768
717.372559
1032.596680
897.675781
1869.762695
688.332764
-215.887573
-582.571777
-128.327148
-496.893066
-117.969238
-489.509766
233.050293
1061.456299
1326.186157
1902.671875
2025.778320
1738.678711
-1008.623047
-1655.263916
-805.524536
-1142.913086
-4371.140137
-2450.754883
1556.110352
-100.061401
-1379.499634
238.484497
372.344727
-629.182861
57.638184
1406.108887
448.981995
-172.956543
-589.759277
133.770920
-188.527344
-571.279297
1391.876953
-1144.482178
-783.494629
836.534912
3755.474365
3050.461914
-795.677979
756.274414
-1048.133301
-36.244629
-310.406128
-1008.909912
1228.412842
628.918945
494.612793
1740.045410
-461.587891
-770.019043
1077.878906
-802.600586
-393.883789
-956.608154
16.437988
1266.214355
143.829102
-88.562500
574.853516
-3833.167969
-4542.151367
-1569.279297
542.019043
389.391724
841.706055
-467.909424
443.452698
898.844727
710.822266
1769.733154
856.177246
-391.745605
-29.919495
-987.711914
-584.892578
-157.104980
-152.733154
-2007.605957
19.328064
109.092285
237.487305
-4126.464844
-4773.480957
-1456.836914
479.034180
1254.794922
1080.735352
-452.739258
-256.360352
-192.399170
-858.712769
116.358887
135.873047
-802.925171
1279.157227
2735.397461
518.994873
-87.154053
189.207031
-874.335449
1034.094238
384.729492
-865.984375
108.915527
1289.424316
599.411621
-305.785156
159.281738
502.421875
693.221191
746.444336
1197.477295
6.831299
-1205.681519
124.290527
-1092.857788
-1557.675049
661.053650
1580.496704
-381.603027
-841.427734
-1828.298828
-660.451172
357.613770
-512.990479
-962.702148
-922.878662
-1383.524414
-373.048706
1915.705078
1791.930664
-96.450317
-805.717041
124.354004
-1332.170410
-182.798157
-673.672607
1398.142212
1244.794434
1736.618164
999.730286
8.458496
-1837.960938
-1369.431396
-925.233887
1186.958008
1322.664551
2240.097656
2440.530273
2377.347168
640.840271
885.266724
587.995605
386.546875
371.047363
551.226074
-610.277832
-3788.685547
-4753.052734
-5348.677246
-878.355713
1425.072266
1162.547852
257.915771
-2223.038086
1606.522461
-713.431274
-2151.775879
-232.972656
251.262695
2198.623047
1920.315430
-141.533203
99.600830
-132.524536
-336.631226
-647.743591
-1118.978760
51.902344
221.200684
1370.860962
778.430542
-781.009033
-986.600098
-2149.358398
1398.849609
1398.708008
580.562012
887.276367
-236.874023
1453.698242
1287.638916
-780.946533
-61.563965
-892.794434
-2168.498291
-1568.588379
-1657.726562
427.529297
-1068.986328
2154.363281
-179.475586
-199.190430
-317.288086
-803.170898
-404.034180
993.932129
2546.017090
1640.115601
-1085.739502
-70.987061
-920.029541
-678.022400
2208.230225
2310.536133
632.327271
-648.829956
1269.635376
609.417725
-119.403320
400.056396
1033.324707
1119.072510
52.699463
-1012.676270
-460.215332
-283.524414
281.790039
1139.916382
-452.646240
-668.614929
1687.905273
1129.601562
96.244141
-537.432861
-182.893555
598.887207
880.045410
-540.069336
-70.626465
-342.708374
-1214.239014
-737.498535
811.901367
947.723145
-989.253662
-243.493164
901.626709
370.616211
-307.127930
206.219238
-1306.796753
-19.650635
723.716797
-2.804688
505.927246
-948.589844
376.435547
-564.590698
1038.742432
731.600830
418.115234
543.772461
-301.092529
-470.169678
1905.503052
1996.677734
-455.393066
-597.804199
894.030273
-543.808594
-353.951050
-349.088867
-58.671875
-612.352539
-79.028564
-1099.624512
644.718994
776.263489
-160.819244
444.148682
-534.853882
396.606201
484.170410
824.363770
890.118530
1004.523193
1054.201172
1487.677734
2869.692627
39.142166
370.516907
1084.448242
-83.446777
-1042.541260
1102.224609
1299.460938
-221.494141
-262.285156
149.587280
-715.555176
781.803711
-469.209961
-4419.722656
-3430.021484
423.444580
-43.022827
-208.154175
757.764038
1219.194336
537.568359
311.892334
336.142151
-1655.973267
-1921.162842
754.302979
1160.464111
182.480469
1038.761719
-648.861450
1310.286133
-531.460938
466.517334
-210.081055
500.578125
340.481445
-907.008057
-1126.569092
503.288330
1020.864746
1222.583984
1526.670898
-1112.297241
-2108.586426
-769.029297
247.869629
-52.159668
81.536530
1030.249023
126.475464
-995.604248
2106.338379
1641.047241
-537.714844
594.455078
110.317383
1022.204102
3623.003906
2756.032471
-24.889648
274.927734
568.635010
-939.004883
-331.064056
1756.691162
109.816406
-1701.338867
-2471.639893
-3632.867188
-1430.988281
149.089355
321.126465
-13.064453
-943.766235
-197.198624
-37.486450
-1392.276123
-429.381836
660.958008
1511.109375
-494.848633
297.035675
-367.850586
-693.797363
377.315674
-873.695312
-650.009766
186.587402
977.306396
628.639893
-997.485596
12.233459
1371.839111
680.976562
48.016357
3190.772461
6680.468262
3361.304932
14.166992
234.850342
-1734.286011
77.562927
1250.500244
-3.001953
-2158.580566
-633.019043
868.295410
533.743652
693.240967
2507.217529
2260.706055
346.728516
350.480469
-1333.825928
192.237549
-210.554077
642.276123
2588.170654
1495.921875
-538.811768
1467.722412
508.496094
947.772461
3299.653320
2091.870361
165.645996
-696.854492
-647.857422
1337.950195
1579.211914
-928.890137
551.830933
-465.713379
-1157.146484
895.016602
847.976562
-443.672119
-1599.184570
-3875.412842
145.802734
142.920898
-79.244873
292.935394
-6218.302734
-5896.508789
-35.593750
401.710449
104.914673
42.682480
-1706.667480
-6801.288086
-3180.845215
790.133789
-110.259277
-50.596680
507.196533
-1241.017822
-1522.468262
-570.085938
-216.733398
-1149.422485
-4711.985840
-1828.044556
864.291748
1919.626587
4357.928223
1613.717773
-231.239990
1126.260254
766.283203
923.718140
1591.969971
1350.209229
510.914001
-1062.743530
3001.773926
6736.221680
4401.210938
423.328003
329.714844
1315.765137
-121.854492
371.841553
3388.720947
1058.799805
-99.895020
-885.805176
-2636.788574
-713.672363
1275.799072
1222.491211
862.989990
-542.283203
300.516602
-127.631348
-151.244629
1569.818848
-492.588867
-72.937500
610.330811
608.589844
204.482422
874.464355
714.625488
-478.241211
-1228.826172
3994.757812
4999.239258
1497.661865
19.237000
-1779.763672
-2687.328613
198.954102
248.628174
185.687988
949.483398
-807.892822
421.455566
77.458496
-1431.350586
-1209.343750
-446.565430
-144.847290
713.375732
575.186035
1407.160645
1108.276367
-1709.022461
-972.042969
-291.215332
-1188.718872
-920.639160
-957.064453
172.458008
-705.661133
1280.756836
692.811523
1700.149170
2377.922363
1277.963257
-253.113770
-945.481934
-555.585938
-297.771484
721.464355
2124.861816
550.100464
-1142.691162
132.018555
-1125.539062
-696.223022
-293.835449
321.079834
-69.541748
-566.817261
-1855.757568
82.373962
-70.694092
-1013.705688
772.142151
-357.941895
-581.579834
-1224.189087
-1453.139404
263.451782
-1162.815063
-191.987061
-326.954590
-3669.694092
-3089.848633
-641.914795
753.272095
760.099365
1925.475464
828.716553
-1157.666016
-1437.509033
-606.055664
54.417480
-59.597900
-399.006348
353.787109
350.954102
568.672363
2762.627930
2409.232178
-156.507812
358.124390
333.192383
-335.286621
474.245117
-587.151489
-411.223877
1212.472412
1132.678955
-173.130371
-728.857178
-144.798584
-156.577637
522.102051
3021.933594
1895.104980
399.875977
48.743774
-1210.477295
-712.699707
1313.326172
-300.885925
-249.223145
-1281.085449
-1995.732178
-68.733154
619.468018
-566.704956
293.714417
682.385986
391.722168
-230.423828
-1192.619995
-1135.475586
-1660.871094
-637.817383
-948.060547
-177.056641
-104.198242
-1163.455566
-1589.362305
-729.066650
1483.763306
1464.083008
-94.948730
-450.557129
-638.708008
-2497.571289
1023.474609
-176.622742
-409.388672
-4748.375000
-5917.119629
-1896.480347
-188.305664
316.647461
-779.147461
-916.874268
1891.775146
3656.162842
1379.903809
1676.184570
-268.499023
-1007.025879
872.833496
565.324219
702.047852
60.542969
1456.396973
295.775269
-306.564453
1754.325684
1329.718262
121.910889
947.961609
578.139648
-460.722412
-270.305664
170.353516
820.755005
-1304.714966
-1008.714294
-1180.371582
-708.562988
219.114746
-850.150330
-607.692017
1061.544922
986.090332
714.855957
-1438.660645
-1572.844360
2055.932617
-322.656982
1875.601562
1082.326050
-269.895752
99.198364
-1549.762939
-862.389160
1114.713135
2548.828369
421.403320
-942.720703
-833.040344
-841.229492
-771.100098
-1221.708618
-878.915039
-640.996094
-89.825806
96.769043
-409.181152
555.939209
475.447998
-152.909668
642.036865
-8.726330
-951.293823
-3472.797363
-3227.064453
439.639160
610.672363
-308.804443
-127.791901
-1259.947021
-546.180176
1776.373535
256.243164
-549.219055
-226.045013
-3724.722656
-2647.734863
731.794922
855.075684
-707.246338
508.258301
1851.056152
1177.562500
1314.166992
-924.415039
-108.403809
381.374512
-258.658691
-223.256104
-687.460327
-508.116211
506.698242
-1208.614746
-575.715149
-91.748047
-424.403809
-232.552658
-288.232422
-236.822754
-782.408691
247.847656
2535.121582
2287.914062
466.366699
-302.928467
-452.680664
1612.683594
936.347656
526.015625
239.351562
-1255.278320
-1236.933594
414.473877
-42.417969
-297.090332
1432.370361
-769.618164
3563.757324
7396.458984
3229.050781
-374.524536
-822.126953
417.228516
-636.079590
-777.493896
-943.245605
-829.434570
-117.237305
-192.305664
-1427.580566
255.635742
-1389.687012
-87.524536
1754.933838
1505.645996
16.151367
-1169.452637
116.261841
1144.029785
2987.922363
1605.929199
1637.154297
-815.033081
112.942139
505.706543
-165.314453
-48.252930
-1.950684
-296.111328
270.115234
-227.211914
-4392.051758
-1949.497559
269.111328
-758.052002
-526.075195
571.030273
-1688.181641
-282.770874
-1767.273682
3.881348
318.955811
-3295.653320
-2223.217041
690.571045
356.449219
-474.000854
700.003723
1038.737915
318.010498
-383.799194
8.123901
-1199.181396
-1221.420654
147.989380
1298.178223
474.005615
1041.063965
-550.876343
-1625.229858
-1325.564941
-448.859497
-1498.728516
-1133.372803
748.444824
405.450684
169.410645
-579.784180
-1175.322266
-1164.084595
865.570801
1197.457520
-114.465721
-607.679443
-603.323486
-736.106018
121.883789
561.291016
1581.795898
3092.645020
2895.412109
3846.240723
3783.429932
1421.387207
-449.805420
76.019043
549.343262
61.018066
43.233887
698.439453
-130.698853
-286.254639
19.615723
1833.586914
2479.443359
2680.271484
-688.404785
177.475464
350.519531
-15.127930
28.225098
-223.092285
492.688477
868.987305
248.579102
701.158691
-1204.054688
-4335.006348
-5778.825195
-4121.668945
276.398926
555.973572
870.410217
1534.340820
-600.506836
2183.599121
-425.639160
-673.620605
772.633972
-334.577393
248.300293
390.982422
-1138.920898
-681.796387
458.049561
-181.310303
-296.992188
439.671875
-678.799805
-772.359375
35.684204
1190.089233
3779.378174
1020.183350
-1028.446655
1222.196533
361.083008
2731.874512
4144.872559
1006.407837
-369.569397
-1327.299805
-1013.690857
312.734253
1587.374146
1974.626709
239.810547
653.506836
-523.905762
-1345.836426
965.107422
-451.985352
875.768555
55.692932
-235.161621
150.550537
-392.668457
22.013672
589.980957
-494.706299
-79.472168
432.724365
-395.703857
-408.685059
517.519531
-1244.480469
31.241211
859.143921
-686.422180
44.881470
737.313477
-140.207031
-96.101074
-600.474976
81.363037
451.577393
-1271.035889
-1170.631470
-333.137268
814.060547
191.850098
-7.728516
-245.443359
-783.094971
-229.574463
645.251465
-1257.129395
-2041.791016
590.936157
51.219238
-2009.482910
-4357.951172
-1805.456055
687.614258
2855.729492
4443.745117
2973.261719
2001.647461
-183.735352
664.541992
-1691.333008
-293.921143
324.119873
204.048828
974.449707
850.500488
-346.446869
223.923828
-379.954102
301.480469
-1242.545898
904.295166
1258.429199
1056.002930
-463.276611
453.753418
3177.974609
1345.866211
303.262695
1470.776123
1565.380371
216.191650
-552.488770
-464.753418
-295.200195
534.255859
1277.317627
382.431396
-1118.586670
-593.474609
118.699097
251.880615
-189.319336
-132.846680
-1857.820801
310.333984
-36.739014
-208.188965
-337.295654
-3037.187500
-3189.924316
846.061768
1104.535156
513.164062
957.933594
931.311340
1003.185303
268.333984
-798.636719
-1563.248535
-1933.226318
-158.269043
-2239.449707
-376.916016
1077.821777
-1123.144287
75.525879
113.024170
-1076.872559
-335.346680
229.084106
132.503418
2921.910400
708.467529
1481.171631
493.147949
604.496094
-346.214844
190.530273
683.970459
-276.645020
38.208008
1234.240234
632.172852
170.253174
-1335.502930
533.714355
1140.145508
1644.377441
-1145.034424
1152.044922
-8593.724609
-4596.530273
-916.738281
-824.654297
-4113.272461
-4344.541992
-2100.597168
1106.284668
964.247314
999.352539
-1632.644653
-1328.795410
-1611.846680
109.613281
-1238.524414
-53.166992
24.140900
3023.781250
4648.319336
4241.475586
2649.567383
-1626.666016
350.751465
1080.037109
-154.530273
356.674316
-1553.793091
-124.709473
-100.734863
-595.367920
-318.413086
-1533.813599
-570.551270
878.716309
-72.104004
-1440.752441
-1357.857788
-1638.041748
-51.657471
1150.922852
2113.277344
322.475342
-339.412109
463.073730
81.750000
314.496582
-381.043701
627.135254
1572.633545
-227.275757
-927.447510
-418.754883
-483.991516
-437.069092
-3344.810059
-1007.770996
720.257080
-716.646851
-532.834961
1082.878906
199.920074
-388.698486
-1938.414795
449.903625
631.109741
-124.766357
146.446533
1609.744385
1723.201904
404.005859
361.532166
-542.123535
-766.013184
632.361816
391.834229
-669.969238
310.001953
-134.817139
-1169.371582
-1169.881592
-249.191528
-579.084961
-450.532562
684.776611
939.789551
-578.139648
-763.808105
-77.657837
532.642578
-377.388672
-382.407227
-1316.621094
72.371582
56.600098
-658.524475
1060.445801
1076.127808
-709.790283
781.529053
705.463623
-1495.435547
-519.735840
-179.309570
525.943359
-1750.437500
-658.718262
818.714722
639.149902
202.106079
470.576660
1293.998169
639.325684
-858.270996
246.232697
2475.474854
5032.954102
4800.995117
-30.300293
991.943848
1017.539307
-152.104614
735.294434
2893.089355
2269.790527
-316.050537
-711.271729
2190.188477
5786.214844
4061.639648
-690.649658
654.982544
767.248230
-1033.131348
159.232422
334.375488
76.427490
343.764587
667.697266
-532.695312
-1851.265137
-1518.831055
-1491.349121
-150.973145
19.355225
-2947.338867
-2382.774414
-159.801758
-612.469482
-874.815918
-6.857819
1868.483521
968.299011
4161.998535
7735.365723
4090.801758
-275.901367
-45.457031
302.564453
1164.555908
-137.722366
-617.524536
796.530396
108.475464
-822.103027
-75.174805
388.565918
158.147827
1220.803467
204.991699
-803.680420
475.980957
860.948730
303.724121
-143.374512
-913.850098
-564.090576
-38.248337
337.034180
-247.168457
300.532227
-363.081299
-2082.658203
-1119.545410
546.616699
431.947266
-129.282227
-452.702881
840.763916
2213.524414
1275.173584
493.992676
201.734375
165.031738
230.236816
166.576385
-884.805420
-677.479736
631.649902
654.543701
120.077881
1195.794434
282.315674
-268.339844
599.402100
815.849121
216.234253
312.635010
436.136230
-530.049927
-1507.267578
-365.886841
-131.321777
930.374023
3229.983398
1886.619629
-1509.377197
-1507.867920
-309.986084
-1628.084473
-2887.729492
-860.898438
-144.239258
-1515.152222
218.581360
-38.941650
-1668.812988
-494.941406
522.614380
861.226318
739.262207
-1796.984131
-1821.369385
512.258301
-808.120422
-428.768799
603.739746
-442.627197
16.880615
750.245605
1604.644531
565.420410
1392.658569
621.218628
376.169922
1360.448242
1157.585449
613.874512
-1528.258301
-1163.457031
-626.745483
-1409.105957
360.528809
-408.825195
-18.415039
1058.316040
-302.173340
-344.126465
140.166138
101.154785
2621.805176
2677.533691
-604.336426
-552.132812
210.204102
757.636719
524.501465
-54.933594
895.324707
915.051758
-30.512207
-554.312622
779.501465
-21.364990
-469.541016
861.904785
152.875488
626.782715
155.650391
-712.118164
-531.687500
-43.093140
-807.622070
-441.599854
916.433594
542.156250
796.621582
1252.102539
1555.575684
-501.859375
38.974609
160.765137
-1587.073730
-673.368896
564.700195
964.960938
769.603516
145.770264
662.000488
-493.857849
-672.113770
1755.455566
350.758545
-344.833008
881.844727
639.472168
362.771667
513.873840
1200.954956
-531.057129
-313.488281
854.596191
61.242920
-190.622772
1432.981445
218.623535
-114.192383
227.169678
-135.908600
172.385986
226.142166
-361.549683
-1607.427734
-501.323242
-142.919250
1949.906250
2314.169922
-873.251953
1495.433228
-160.202148
-544.256592
525.443420
-445.843994
1640.431152
1067.131348
-107.809814
107.477051
792.180176
408.296570
105.671875
1995.397461
-15.767090
-132.289246
-2493.416504
-4985.489746
-1717.336426
1262.267090
135.751953
-1594.733398
-56.601562
192.954590
83.103271
-504.322754
-172.361084
659.477295
-5.021484
-1074.182617
-713.483398
-319.899414
917.270508
491.039551
652.379578
-405.985352
-234.439941
-287.359131
-524.857849
-2038.524536
74.284424
-279.706543
-787.855469
536.110840
-914.823975
127.401855
84.147949
-676.572021
25.708252
169.668396
2047.567139
1821.614746
193.589355
420.854492
-207.241699
289.512695
223.042480
-731.183594
-2094.401367
132.948730
1543.664551
247.184570
668.086914
-463.981689
-819.752197
-1553.076904
-120.151886
1657.307495
-1827.542603
-2251.106689
-451.575500
-742.131653
-125.443115
689.350586
-954.881836
-72.662109
489.726074
541.357910
595.233887
1250.656250
-655.367676
715.743164
2588.926758
1107.752930
-597.755859
580.701172
126.304688
-201.781982
633.963867
284.091309
-275.825623
105.477051
636.409546
396.349609
-1119.347900
-706.449219
-398.155273
961.571289
2460.048828
-19.828125
3184.413086
247.397461
-1204.110840
1313.095947
2627.142090
-697.184265
-1991.224731
534.418518
-57.857834
-576.446289
-314.828125
-1733.005127
-3781.841309
-2512.540039
-3584.641602
-1916.300293
1922.125366
1035.151123
1512.974609
1966.804199
-413.570801
-1485.741943
-838.367188
610.835449
130.655273
-686.922852
-606.510742
309.830444
215.704453
713.498901
606.495850
-403.886475
610.484131
-800.178284
-1620.840820
193.721191
601.867676
-646.051758
-1245.717041
-4.215088
1059.411621
485.960938
289.963867
392.404785
1139.909424
1003.470215
312.543457
-1084.658569
-1557.754639
230.618713
747.199829
-1004.461182
20.929688
565.985840
-1297.431152
-604.296143
-1279.627441
-3901.003418
-1255.324341
1058.113525
405.895020
-2491.083496
-5565.534180
-2941.729980
-76.827148
441.009155
876.395020
58.292480
408.150635
611.109863
275.135742
26.708893
-762.321777
-684.678711
-625.918457
-305.687988
2687.286133
1772.059082
1361.071655
1376.215820
1837.712891
573.262207
-655.841553
526.985535
870.169922
-154.004883
-593.617188
545.604980
317.605469
83.267090
56.962891
623.603516
-376.622314
-692.119141
-670.313110
-957.556152
-720.529053
-696.817993
-1019.503296
260.456604
1188.895264
1647.575684
971.142151
778.220215
285.949707
-495.904297
377.002075
-740.250000
-361.166016
959.557861
494.455078
88.381836
1229.451660
1688.033813
167.597672
179.567200
788.846924
-630.669922
1.303223
0.490234
193.100830
630.351074
-694.778320
-837.528809
403.124756
-862.395752
-30.251465
1064.407715
-138.166992
-335.719788
-284.460449
-1971.423828
-3541.250488
-3056.831543
-476.231445
-1181.316406
-848.882812
35.281982
-925.337830
-269.598938
-510.420471
-172.253845
1557.802856
266.263428
1438.111328
1603.203125
150.439453
1187.135742
71.351562
2305.276611
8684.478516
8273.291992
3222.098145
1686.454102
1597.906250
-635.151855
221.107971
149.968262
729.924683
1002.069946
2468.994141
2647.698730
-906.454834
-537.191406
609.395264
-879.531738
1753.854492
2682.501953
106.595215
-371.178711
822.186523
835.128174
-753.312012
-981.899902
-2053.330811
-905.901367
-872.467773
1192.173340
834.294800
348.190430
342.078125
481.184570
292.114258
-286.674072
-1168.925049
-1416.425781
-292.470703
1216.363770
672.116272
-452.426514
-1641.811279
-3666.696777
-2563.632324
496.574951
-1188.121338
-592.545898
-837.704102
-1084.475586
1423.303711
1564.111572
2746.621582
1389.501953
753.337402
-246.479370
448.159180
2282.316895
-367.824341
-843.751892
-1527.857788
-2463.944336
-2781.257812
-515.958984
-414.350586
-1029.951416
-1188.743896
206.475464
27.760498
-6.799072
-323.260742
-339.255859
-1755.012695
-1007.308105
-349.474121
-1060.740234
-691.924805
-660.797363
-497.296875
-1282.809937
-575.673828
1308.926270
2719.467285
3178.471680
3936.730469
4418.961914
-39.702637
-757.834717
1340.235840
131.461060
-223.758789
1143.614258
592.950195
3040.202148
3007.252930
1447.389160
-225.774902
197.860352
54.294434
-481.147583
-1036.611084
-1111.701660
-384.261963
1777.314209
3781.416260
1941.110107
-261.788086
775.254150
1226.481567
-292.016357
-530.760376
-292.370605
-19.390869
1976.947510
1617.999512
-612.211792
-119.004883
595.451172
562.075195
1314.199219
470.989014
120.446289
124.837891
-847.112793
1282.227539
422.150879
-1155.261230
-367.554688
1187.165894
445.860352
742.873047
1052.465820
-914.956909
-2548.543457
-1763.556152
-533.910400
14.097168
-701.451538
-902.717041
-285.451355
-695.444702
386.604492
74.717041
-1294.388794
-1672.155396
-714.713135
315.930176
291.969238
-87.168091
1067.546387
1364.598633
-470.422852
-5134.581543
-3519.413086
49.870361
-265.392151
-1583.198242
314.229492
1047.294189
359.606934
250.529541
320.656372
-792.706909
-756.906250
-135.949707
-85.822266
725.947754
-12.376080
218.126465
-243.407959
-351.103516
-158.794434
-1058.702637
146.457520
600.979980
791.944336
4828.681641
1305.585938
-594.823242
-715.541809
-838.240845
515.614136
1134.169189
1018.863403
1101.492188
291.555176
-415.531738
-1388.119995
-1331.352051
-1456.547363
-2844.148438
-693.907227
-595.895996
-656.818726
-699.038330
-1022.562866
982.778809
391.410156
192.782715
1043.490479
924.490234
-31.517578
2222.492188
-430.134033
453.420898
1143.074341
470.989258
-1432.543091
-1644.850708
599.357422
-2651.300781
-6516.897461
-2948.969238
-885.658203
-30.840332
152.086914
-137.926758
304.832520
288.536133
-124.703369
974.617310
-186.137939
426.300781
713.613403
-550.782837
-88.333801
-999.097900
-2807.700195
-1649.227783
1895.240723
2725.435059
2008.363281
-1746.772217
-2495.323486
-1105.635742
1838.533691
2808.621826
510.898621
-584.055664
-1418.857788
-738.470947
401.538574
-307.072754
1185.236084
-277.859131
-1358.445312
264.796143
232.213135
-352.634766
-815.846191
-654.421875
-164.190430
205.864258
972.548767
463.590210
-719.332397
1579.239136
1977.618164
-1050.139526
-653.958740
-1188.628662
-3092.346680
44.673828
375.283691
-36.308838
-536.747070
-384.034668
-1533.726440
-302.615112
1842.155029
1573.756348
995.681396
1155.869385
632.204346
398.472656
1028.021973
-1380.612793
-904.303711
330.887207
-317.101562
397.344971
-1302.872070
-2741.355469
-2343.703613
-410.202271
328.985352
-438.772461
-437.643555
1901.932617
-78.674805
-532.973877
-1364.823730
-181.250000
-83.146729
943.350586
1509.576172
-23.210449
-895.808105
-2672.263672
-1514.507812
-514.439453
-290.244629
-579.176758
-2946.772705
-3132.702148
672.560547
670.350830
-1961.893555
-1783.409668
-2622.464844
1018.993164
6665.567871
6823.827148
1870.589844
-741.059814
704.244141
-132.297852
54.536133
-196.596603
645.927246
666.070312
-306.090820
92.095215
-779.675781
278.690918
-448.570312
311.658691
2093.475342
319.142151
574.142151
649.066895
18.740234
-232.902100
3492.262695
2477.823242
651.285645
41.311523
1110.963867
1194.365234
-311.606262
-1143.966064
323.560547
-521.069824
212.582397
37.415527
-635.462036
810.286621
412.941406
-87.797363
-1886.658081
-809.685059
223.260742
182.333984
-59.467285
794.681152
431.381104
1070.029297
169.610596
-1177.472900
-904.467346
793.314453
123.898438
1350.902344
902.413086
1233.088623
1240.890625
-485.976685
136.463745
324.828125
532.041992
-362.721191
491.386108
582.397461
189.626953
216.867188
-153.142090
-1269.527832
-147.134766
1000.063477
548.483887
-46.085938
-579.410400
497.376099
1222.646729
919.238770
266.622559
426.141113
245.509766
-553.349121
-1275.440430
-642.088562
-162.496582
208.720215
458.854492
-725.732178
-770.596558
737.984375
851.142151
-496.165894
515.815063
991.896240
90.915039
-85.625488
-597.643555
-168.726868
78.703644
-828.072632
-1107.259521
-781.402588
-1161.673096
133.208740
652.638916
189.721191
590.092285
280.722717
139.431320
-189.448486
506.350037
-594.140137
-621.031738
-638.952148
-1384.691162
-3023.196289
-1865.390625
-218.181641
1608.117920
1357.689819
210.227905
-406.133789
-887.077393
-1323.463013
-609.876953
204.557129
-186.658203
126.940918
337.158691
-50.163818
-1405.287598
-1304.267578
-296.652954
1.169434
-63.920410
670.408691
384.884766
-180.715088
612.505127
1426.047485
806.225586
511.884033
691.909668
1215.931641
818.677490
-730.080994
2805.276367
5360.790039
1253.393066
-39.156250
-2754.227539
-2586.483643
159.507263
-518.431030
760.217773
1444.401367
525.654297
734.379272
701.120850
-186.292480
141.749878
460.670410
496.550293
860.978027
1574.328125
-281.231201
-2390.831055
-3570.495605
108.330078
966.864746
-857.116821
-1023.098877
-108.974121
-675.283691
-1878.582520
-378.167969
252.354492
-892.737915
-514.220703
65.940918
-2764.501221
-2862.768555
-2286.256836
624.825439
1462.193237
1107.487427
800.027710
124.685059
193.149414
855.770996
1523.833252
186.880371
-222.177246
468.533203
-168.044922
156.531250
-837.283569
-1437.064697
180.081543
-831.514160
-3504.533203
-1063.403320
-2624.759766
-503.885010
-265.070312
71.377441
183.998535
158.993164
-354.278320
-1085.705688
-1746.683594
-28.490234
266.121094
969.613770
4316.367676
1650.935547
-1142.153320
-5042.687012
-5107.538086
640.427979
868.679932
-1034.472168
890.274414
-2144.082520
148.768311
1647.137085
869.820923
823.231567
647.666260
-93.048828
1550.169922
2417.210938
1978.375000
-367.700195
137.743652
-533.006348
-753.681702
-321.351929
-611.753052
-426.538330
348.413574
-356.206543
-696.618164
934.507324
1612.565918
1427.364502
548.192383
-120.527588
627.708252
570.834961
-531.777344
326.429443
1135.876709
106.941406
-65.182617
-361.241699
-1784.965454
-754.424927
956.812500
-262.303467
-555.521240
-225.228516
-1009.987305
1.023193
769.391602
-1202.083130
-741.796631
-295.945068
-47.117706
195.381348
2367.513672
8240.937500
5605.270508
-311.288086
-815.018066
-3197.902832
-3611.342773
-723.720703
146.682129
-503.800873
-668.019287
-734.500610
627.241699
921.718994
567.017090
-336.830078
1300.322510
1419.091309
44.795410
169.303711
522.524902
-81.903809
-179.101562
-14.293335
881.769043
2395.798340
996.080811
1176.153320
3.325439
-630.821533
-1056.335938
125.784180
-0.953461
45.754883
1125.153809
1644.475342
993.727783
107.696777
273.681396
-435.366211
-720.009705
-361.562012
-55.121582
45.314941
-1058.707764
-982.771240
989.513672
648.982422
1561.880859
2471.024902
599.382446
765.792480
-720.713867
1701.463379
31.632812
-1014.212891
681.716003
-2172.480469
-4898.927734
-3937.368164
-511.488281
2220.376953
938.264648
-273.712891
-453.913086
-1174.507812
515.116211
-37.827637
-1634.524536
235.200806
-216.665527
-720.001953
1016.355957
1460.618408
1321.763550
-390.627319
-573.735840
-601.233398
-1032.690674
-323.747070
107.494141
690.842773
184.634277
560.178101
532.546509
-309.320312
-1929.540405
-1957.309326
-1116.865234
-219.624512
728.227051
213.613770
1900.935547
1993.458984
874.025391
-93.034668
-416.858398
458.236328
-67.347168
-182.858887
-207.849121
-548.365601
-494.863770
329.750488
-390.670044
58.900146
1415.411743
747.441895
764.023438
2090.595703
641.409180
818.094971
524.897217
853.619141
5401.475586
4280.158203
602.428955
-2580.920166
-4706.344238
-997.162964
835.932617
1319.744141
2028.450195
-1740.281250
-2027.726074
763.735107
668.864746
567.312988
124.071777
85.118164
-35.162109
-161.523438
94.650635
-663.609375
-1002.426758
-2266.524414
-513.123901
241.932129
-1177.532227
1856.852539
-212.503906
83.655273
189.042969
-433.178223
390.878906
3582.981445
970.429199
562.917114
335.251099
111.521973
-679.707764
-890.255005
-529.124756
-1251.599976
-287.906250
-2131.680176
-871.411377
165.907715
-12.151215
-823.772461
1354.917969
13.824707
-509.259277
254.919922
1372.864746
-743.497070
-4261.428223
-2540.056152
709.577148
-811.630371
-1089.087891
-1513.957520
-1472.241211
-1313.957031
57.866211
-846.817810
-1198.565674
-317.541748
-1023.986816
-148.247559
762.898438
-423.489990
-470.558960
-329.409668
-461.774414
609.229675
-1618.865234
-1206.332031
-308.629395
446.421143
1761.263672
1311.128418
31.519043
-1800.910645
-2431.127441
-109.879395
641.763428
164.827148
-180.281494
274.658691
1742.553711
693.860352
-800.145874
-354.629883
790.289062
1964.642578
-540.639893
-545.955811
-177.580078
-661.524536
2291.518555
2399.284180
-960.932129
-2698.053955
-1825.795654
852.224976
-1005.575195
-1430.026855
24.409464
596.243530
234.282959
858.209229
2255.701904
2840.501465
497.587158
-456.335449
298.215088
-1337.123535
-1344.674561
845.143311
633.112549
-779.688721
-684.723145
-549.349121
-380.499512
-1425.157959
-1902.576660
-1071.174316
278.658203
369.582031
767.432129
323.250854
-249.870117
471.182129
1247.993652
-488.319092
-1120.503662
112.067383
78.062500
133.596680
-356.760986
301.685059
-484.139160
1174.723267
958.869385
-898.405579
-987.864807
-189.643677
273.921753
-774.191528
-3331.061279
-2057.825684
302.123047
-267.606445
-173.591064
956.615234
-38.621582
-264.090332
825.526367
325.733398
44.431641
872.413696
-77.729980
-392.647949
1910.223877
1489.055908
-3.533203
-275.134766
-1203.315308
-1383.718262
620.958252
908.671875
-390.385742
-147.604004
-1094.462891
-1153.431641
434.024414
-165.120361
-162.991211
-135.220703
1040.752441
954.650146
-1202.298584
-1718.286621
-1272.758179
-1116.599365
-389.653320
1919.509766
1525.462891
267.234741
601.890137
-542.612793
-1661.218018
1703.225586
796.418945
817.057373
33.389648
-1374.162109
-1496.961426
-972.620117
-441.338989
-1321.089355
-1707.967773
-2443.228516
-220.821777
2848.754883
4217.924805
1743.975586
255.724609
676.482422
-104.291748
-688.155273
-835.648438
195.201416
629.823242
105.935547
-928.968018
-953.837891
-339.045166
-735.062988
-981.971191
-305.133545
-2196.254395
-667.792969
-238.952393
-1032.735229
392.885437
29.922844
-438.820190
1084.868652
-346.588440
-18.082275
-359.971680
1101.668457
2570.142090
-32.389160
2796.372803
2383.643066
40.342773
-10.605225
743.114258
-310.976562
10.857422
1155.626953
1782.603760
1450.319824
-212.698730
-97.273438
-188.671997
-953.170898
-1336.608398
560.388184
1088.246338
340.318848
-956.737793
-383.773926
725.317139
2001.355957
499.064850
-684.655518
1790.244141
1040.697144
-770.644531
-98.068848
-1186.247070
-142.262695
1254.779053
-296.355408
-79.444580
328.472900
-1182.307373
-1514.671021
-962.644287
596.463623
1595.320312
1377.236084
1959.789795
1173.334961
-173.093750
254.970337
638.044434
521.119141
297.013672
-708.601562
489.279785
663.371094
2022.465820
2172.854492
-603.927246
-418.137695
-438.349609
-580.396484
-537.229675
-261.748047
141.757446
620.312500
-959.458130
-1418.497559
187.485229
-78.416504
-3273.417480
-4037.687500
-884.898926
-28.232544
-886.488586
993.154297
1458.068359
1171.329590
-597.909668
-1498.866699
-1008.738770
701.171753
839.816406
1604.078125
-731.502441
-466.645630
-923.140015
439.863281
1270.458984
-1851.042969
988.241028
1095.949707
-773.861328
653.396240
-323.968750
80.798828
542.519775
339.150391
-121.109375
132.262695
96.735596
526.598633
777.597412
1381.095947
2748.755371
561.966553
678.023926
183.347656
-136.559082
668.548584
1236.514648
361.402344
-1598.818848
-813.065918
146.551270
-496.687744
-1647.884033
-1491.588379
-889.582520
-2766.974121
-2989.589355
-1079.913452
-98.744873
638.412842
685.729614
-814.346069
-968.814209
1534.475586
-600.190430
-2580.017578
-1464.227783
936.826660
1091.080078
757.969788
-913.347412
-365.511108
209.074707
-824.788086
299.990723
413.342285
747.554688
718.105469
-16.846680
31.292236
175.509766
184.133789
-757.469971
1552.939453
1606.460693
96.838379
-342.594727
-633.563354
-303.344238
1242.230713
1070.207886
-934.668945
-929.460938
-1902.679321
-172.295898
563.416992
1918.670898
202.124023
-180.769897
-895.752197
-244.506104
-13.201172
1149.028320
115.146973
-795.053589
-708.298767
559.754883
398.623047
847.867554
779.202393
-124.844727
1152.790527
1023.392090
-497.675781
-642.153320
-603.520996
-661.596680
-526.430664
-483.979980
431.693848
-250.574219
-1309.012207
-1579.224854
1218.549561
-281.513184
-677.524536
16.297852
-841.808594
-219.422363
852.482178
-527.988281
-68.826172
119.105347
838.718506
1081.475464
367.231201
-2366.853516
-4756.669434
-4231.400391
-1149.864746
778.614258
693.491211
-196.702393
346.598145
1141.632324
27.814453
-185.871094
-459.888672
633.475464
530.337036
-1267.899414
-1009.337524
-670.708008
-616.273193
1229.398071
735.440063
56.869873
306.260864
-355.280518
1467.054688
4246.337402
2492.365234
-116.782227
44.030762
555.547607
579.929688
11.266602
43.420898
518.079102
534.318115
629.224609
1434.791016
-19.458740
56.053711
1000.889160
-296.456055
227.826172
1097.855469
1932.218506
1520.260742
142.656250
-749.829590
-846.685547
-4.034851
-523.783569
1602.161865
585.463379
-6.978760
825.608398
778.373535
75.727783
2367.184082
678.591309
-943.551270
-691.354980
739.967773
974.607910
365.850098
-1073.787598
-806.866333
2411.444824
5042.344727
1932.650391
-316.764893
476.711426
504.745605
228.125977
534.419434
1195.820312
563.952637
-607.502930
-168.125977
-48.601562
-548.572021
-455.972412
-375.125732
159.410645
656.811768
-516.953857
401.752075
-148.051575
-949.201294
250.735046
1092.281006
-758.587891
-1294.607178
-714.850403
268.935791
32.632812
284.923340
691.312256
370.025116
-801.170654
-793.877930
676.984131
232.232910
-622.569214
624.873962
1008.591309
412.760742
-55.758789
-287.256836
-231.785156
-804.118896
34.429932
865.509033
-765.105957
-847.818909
-271.982422
-287.559082
-789.348145
-707.365234
344.312988
-192.082520
-504.735352
-1248.635742
-1172.254883
-220.264160
-482.515869
-1653.528442
-217.833130
715.855713
1164.385986
1431.772461
386.068848
-255.695312
-424.390381
-303.558594
-301.059082
24.859619
-441.628418
-49.362305
-1481.361328
749.774414
552.343018
97.062012
664.750000
-1890.508301
-1814.465820
593.409058
463.738831
-569.365234
-375.708801
1280.648804
-452.608032
-525.073059
1079.190674
374.584961
57.909546
-332.732422
666.792236
478.024170
2623.841797
1828.844238
-488.072266
-4.093628
728.337036
-1401.926025
-2686.896973
-1405.720703
-304.973145
164.703369
500.264160
388.247925
-636.217590
1117.001465
1203.216553
94.286865
-1489.963013
-2197.327393
1044.898926
823.856445
355.423340
-268.048157
-1721.576416
-1714.788574
475.615723
3429.061279
2716.973633
-7.796875
-1717.886719
-2484.924805
-328.911621
432.035645
519.787598
573.578125
1416.471680
4048.291016
4598.996094
373.191650
-1079.787598
-3833.127441
-3943.349609
1193.767456
467.875061
74.718994
-992.760742
-5608.127441
-5299.405273
-614.149658
1651.725586
3586.311035
1743.673584
-246.860840
-248.728271
56.157715
785.986328
756.828613
1002.675537
1151.319092
632.123535
2204.587891
2726.186523
2149.298828
-416.255371
-800.554932
-992.799744
-646.078369
-282.152344
-657.981750
-650.609741
-429.603271
-913.747803
-614.832520
1082.708008
1092.585938
361.543457
1416.286133
-927.439453
-1441.009766
-1263.398926
2869.337891
587.932617
932.142151
-806.234375
-2626.078125
-1143.774658
-1143.841797
5898.217285
1156.118530
1262.943359
699.127441
1231.508301
649.084961
925.648926
742.889282
674.138428
-495.471680
-2472.812500
-1265.028320
473.586914
-1827.151367
-543.119995
144.158691
705.330566
-1422.082764
-1286.460205
-87.557587
-736.323853
413.264587
-179.273438
-2721.491699
-2851.054688
736.473145
808.836914
1194.234375
423.288574
-2363.388184
-3709.156494
-934.367188
-651.069092
-1138.336182
-144.857834
322.600708
928.046997
32.870605
342.099121
1372.924927
276.125000
1111.536621
890.168274
208.816650
-1180.918701
-1589.779175
-419.099854
75.589111
-808.326660
-385.565430
-434.111084
-753.328857
-569.693115
-442.847412
-333.572998
-299.863525
-618.952148
1199.344727
-954.526855
-1289.837402
-105.066360
228.499786
4852.941406
2822.455566
1355.586914
-1009.690918
-382.267578
590.673096
572.911621
181.588867
1222.322510
1744.991699
1979.049805
623.434570
573.699707
-1064.637695
-620.581543
-1358.708008
-427.804077
-1382.723633
-1093.513672
-911.290039
977.999390
717.858398
690.707336
-761.512207
-2705.439697
-2242.628418
181.462891
-41.328613
-258.513184
1719.886230
1532.812012
284.375488
519.009277
115.482788
-353.814453
1031.666016
557.332031
-31.325195
1037.448242
-351.857849
934.876953
664.474121
95.599609
957.291016
-573.286011
731.385620
3144.458740
1084.290527
-790.109863
-502.574219
480.809814
-370.269287
-694.022461
366.193359
-713.962463
2099.918945
6571.068359
4050.120117
1478.832275
991.142151
-1023.756592
-666.524536
709.000122
639.640320
509.794434
68.446777
1237.759033
-326.435852
-3185.229492
-1738.110840
418.523010
3288.871338
5177.633301
110.697266
-1721.068726
-896.470703
-46.235840
4592.576172
2619.868164
-594.668945
255.587433
-540.546021
-1939.519287
-253.878418
256.569824
-2496.773682
-2654.196533
-321.373840
-22.438538
-1732.139038
-1583.881104
82.614990
400.591797
1408.114014
1919.269775
1493.504395
-112.316406
-740.824219
-1186.211914
429.361816
196.351562
989.903564
-812.604004
472.381836
-791.738770
-35.677002
787.122314
-1162.262695
-466.066895
903.439819
756.480957
-258.361328
906.540527
-926.216675
-499.830322
438.947754
-570.559326
345.215332
1964.824707
1628.981445
491.395996
84.283691
608.798340
32.366211
-596.544678
-43.211670
-321.798492
-372.698822
-746.524536
-1351.638916
-167.657715
-154.824219
168.913086
394.047119
185.248291
959.678223
69.242432
-1331.764893
-469.163086
1152.376221
602.365601
2141.947021
462.930664
39.411621
351.111328
956.648438
456.428223
204.334229
-989.542969
-564.721680
234.057129
1153.520996
664.933350
1368.991699
793.604492
751.160156
-5.108643
1163.942505
199.244110
-669.887573
-742.096741
-176.556885
1218.454102
2220.044434
3945.246094
3060.961670
-587.573730
-469.462402
370.798035
453.570801
892.751953
1819.872070
1133.775391
-481.629639
1006.044434
415.234863
-766.300171
1041.859863
767.071289
-479.285156
361.732910
140.034058
-1236.156006
218.620361
1008.601074
-900.612915
-590.388672
381.912109
897.662659
929.397705
1204.770020
1638.109863
-415.803711
-844.096680
12.312012
34.119873
4155.064941
6874.082031
5795.947266
3177.706543
1428.501221
325.583984
-626.431152
-2210.461182
-161.654785
2496.561523
1098.086914
1900.233398
-689.468994
-999.967041
-825.893799
-617.993591
-1055.030762
-327.400635
-1828.017578
-2332.922852
-638.303467
541.521240
-195.522949
194.655762
1273.510742
554.501221
-63.694336
-1951.614258
-4263.068848
-3420.848633
-225.053711
734.604980
-432.488770
-398.571777
-1125.985596
253.211334
1684.977783
1099.597168
-313.187500
681.019043
744.972107
749.377441
621.624573
-991.483398
1158.932129
1622.270996
438.389648
487.959961
-464.287109
857.851562
190.003418
-492.109375
-362.458130
1156.613281
418.691956
-1458.978638
-1355.861694
-72.334656
-2597.892578
-3810.514404
-421.738281
1315.998169
872.271484
-1101.621582
-673.612305
755.617798
-103.911987
117.560791
1780.694092
685.022400
-622.198242
1867.716553
1152.958618
-246.686279
-241.808594
135.244141
-322.400635
-23.730469
935.124023
-248.519043
-1260.973633
-197.723145
-505.102539
-1023.502930
-854.577148
117.415527
162.586670
283.953613
-566.048828
-349.110962
-704.078369
422.861328
498.678650
-2862.186035
-2778.287842
-394.860840
587.033936
3484.687500
2342.598145
805.865234
578.007812
278.799805
3958.739014
4244.987305
460.283691
-5.519531
904.737305
398.249634
2943.143555
1880.343750
-684.931641
177.479492
-66.626465
1328.317383
3539.275391
2220.905273
381.749451
-1390.501953
-1262.499023
536.941406
-205.543701
-693.500977
149.784180
-123.984375
1570.558350
286.320801
-1269.453613
-2360.716797
-761.224121
-1198.921875
2262.087891
4024.835449
973.660889
-779.748535
-278.762878
-142.215820
511.458008
-1032.999023
-2459.171875
-5936.539062
-4168.802734
-692.406311
804.457764
-405.605713
-8.877319
253.394531
-277.906738
-305.523438
931.799561
2217.904297
-14.289001
-764.623047
-655.603638
1216.375000
33.986816
-1432.192749
-1062.774414
995.766602
305.300781
716.371826
740.040527
371.895996
886.968750
204.812744
-135.986572
145.833740
-17.291992
294.902832
-24.955566
-381.997070
-3.715820
1255.939453
2244.434570
3317.452148
1668.990723
1690.431641
1289.215088
1285.380127
-1507.587891
-1894.886719
-5293.304688
-1468.445068
-1821.946289
125.470703
-1776.945312
-291.810547
673.325684
1146.421143
284.049805
-70.567139
342.234619
374.334961
945.487305
1116.286377
-96.816895
-700.857849
643.901367
1539.537109
2360.974609
637.018799
-912.185059
382.068359
731.429321
-522.497559
-177.260498
-28.787720
-287.777832
-1390.930298
-981.512329
-736.068542
501.537598
-1165.900757
-709.191650
-232.313232
1019.429199
1218.041748
1258.060547
49.724854
-756.377930
-4.857834
-46.554199
-905.660156
-389.922974
2116.975098
1166.676758
2295.359375
1018.724121
1792.844482
970.993042
-1090.207275
-1887.744629
572.732422
981.964844
513.815430
1176.429932
364.691772
-1026.260742
-451.739319
1551.195068
1281.022461
-507.958008
-782.679199
289.333740
-189.435547
-771.319336
49.016602
-122.726562
-1140.206055
2004.104004
3213.672852
1803.117920
908.568359
96.507080
-21.524414
625.413086
1964.071655
-165.318848
-604.770020
600.597046
995.472656
-428.576172
273.149170
-493.544434
-1600.859863
94.599365
961.311157
-602.861328
-901.619141
-6.719238
-1551.020508
59.104492
1113.418213
51.458984
-525.595215
870.336670
340.173584
-148.526367
351.795898
-278.509766
399.895569
1056.750732
724.475464
1038.122314
570.220703
-70.389160
189.269531
-1198.187256
-2027.190430
442.651367
701.811768
468.510742
476.886719
-3121.279297
-4385.532227
-2377.483398
-2101.865723
-4042.234375
-5347.714844
-3118.485352
-575.179932
830.918335
203.212891
-491.214844
-764.010742
-479.170410
-290.450684
-178.715820
-503.044922
-408.642578
608.630859
3831.721680
4846.657227
972.618164
397.281738
-673.308105
-1196.678711
-410.536133
-177.695801
621.084229
1363.138916
287.637695
478.471436
1723.478027
1995.431030
973.756592
-1405.427002
-1006.485352
-413.782715
-691.671997
430.952148
1314.587891
-8.433838
-381.680664
628.413086
-575.965332
803.558838
472.616028
-287.416260
573.208008
473.710938
-678.256836
-16.071289
-302.463379
-118.094604
-901.274902
-1035.138184
822.297791
2271.987793
1108.156738
-542.836914
-699.503906
-567.977051
-841.025513
-1125.610107
639.751465
2055.453613
1237.639648
551.897949
1960.858887
1223.653809
-400.888031
268.543823
1451.838379
-763.036621
-1470.422852
-1324.374512
-287.180176
-1255.551758
391.400391
-178.460449
175.489868
1231.058105
1049.309082
-386.000488
423.981445
1086.407227
230.782104
108.300781
845.394531
-1286.572510
-545.782715
-1828.986328
-2003.421387
610.818115
1160.438477
-628.762695
193.397461
107.192383
-717.234131
-364.952637
638.857666
338.375977
61.041992
-910.812500
-756.751465
-1884.991211
869.768311
51.263184
-510.169922
6079.756836
1271.681641
-583.580322
236.811523
-374.270508
584.858887
319.232422
-1159.083008
-1825.853027
-1151.523438
664.821777
-77.779297
478.323608
846.879883
-99.833008
-1026.081055
-927.397705
1404.260742
-708.191406
-1131.696289
711.854492
1074.487061
450.544189
721.071655
572.421875
854.695801
837.023438
-420.950684
-1032.567139
-1590.479370
893.383789
2443.175781
288.116211
-1057.257202
-534.348633
1258.613525
3950.962158
3699.008789
-371.871094
-1073.833496
-167.322876
217.741165
1006.686157
964.448242
386.734863
1550.665894
1233.599609
-720.230225
-1636.086426
-2046.671875
468.691406
3499.993164
2251.117676
5115.541992
1598.472656
-1352.743652
2529.841797
3200.193848
3297.039062
1764.177734
1334.433594
594.735840
744.450195
834.844971
-626.473633
-254.240234
746.220215
2514.876465
1083.594482
-562.917480
-1848.086914
-1883.252441
-375.874512
-1200.420898
877.594238
248.430664
714.545410
360.918945
-33.891113
-457.088806
-232.626953
-1791.753906
311.454102
1206.756104
-296.897949
-132.547852
-2150.656738
-1141.122070
3248.755859
1097.294434
-663.636719
872.466309
-817.971924
-175.149170
2142.155762
2452.906250
-337.949707
-579.103516
1504.334717
1200.208008
485.521973
853.049805
178.862305
-651.018066
-2234.421387
651.645508
778.658691
377.585480
640.570068
350.709473
-202.680664
-1096.635254
-4549.160156
-1946.814209
90.960938
675.836914
1955.831543
689.373535
-1560.509521
-392.603516
1025.387207
133.542358
-445.949707
-6.123535
-677.494629
-931.784119
-1984.833252
-1797.294922
-1639.148438
-73.059570
-169.863281
-786.067444
758.428223
1830.843262
1003.693237
689.599365
-199.049805
630.753906
1708.639160
39.336914
-632.797852
-322.724609
-151.351074
-726.968750
851.368652
663.698669
106.937012
374.949219
301.382812
1232.242676
1527.334229
1053.600098
435.822693
-1099.955322
156.263916
610.579834
-472.092529
-2134.322754
-1572.052734
-68.778320
3538.141602
465.005371
180.470673
2325.805176
-362.843750
-928.034058
-248.885742
-276.805664
-688.894531
63.585571
1402.798828
1392.854736
1984.116699
1015.252930
-139.899414
-1246.674805
-22.769897
202.612793
-1120.894531
-1555.420166
-548.938232
-1415.888672
632.825195
-571.615234
458.501465
2446.083496
555.728027
164.085449
323.025391
397.009033
-151.545898
338.898926
-2393.576416
-2017.157227
-1842.907227
554.533447
31.486816
-2345.440430
-1091.218140
-1139.479248
208.546875
679.011230
-781.483887
-100.227417
-789.208496
1597.370117
1966.409180
917.741211
-483.210449
-91.738281
1568.979492
4025.120117
191.295410
230.378357
1332.609375
-2223.734375
-1594.024414
670.845703
-31.583008
482.218750
116.256348
-458.209106
-170.996582
389.482178
588.504395
1410.263428
1848.865601
1766.907349
1325.790527
653.394043
-265.044434
-32.424805
-1211.892090
-980.195312
-1740.291992
919.980225
891.666016
-575.704773
100.628906
140.160156
879.707520
32.399170
-646.232910
-668.960815
-173.831543
-1341.813599
-857.115723
-453.880371
-1024.360352
-924.623047
802.748535
182.835846
-217.008850
-1227.070435
-1087.720459
-124.531250
-750.203125
-2022.472656
-68.928711
-1312.826660
-2253.789307
-1436.553955
205.061035
-324.697998
601.621582
2545.265625
697.845703
-402.080261
1267.376465
346.697266
451.115967
250.900391
68.535645
1394.645020
76.924316
125.487305
-458.444336
-109.749023
-141.331055
-56.486328
391.142151
2169.442383
425.756409
-1606.371948
-1122.549316
-968.492432
-415.246582
819.825684
1718.410156
1163.310059
635.334839
-210.732910
-471.170410
203.308105
-689.514160
-1111.475098
-1191.026489
358.912109
-372.448730
-699.135010
2882.140381
3793.311035
933.878418
-748.658691
-205.691162
1012.267822
1081.661499
-1373.445068
-958.063721
970.516113
1517.963379
2530.003906
1044.276855
97.114502
720.363770
-1128.129883
388.535156
2192.950684
880.127441
731.059814
-110.593262
1187.659180
411.598633
1725.057861
-69.380859
1675.038086
-796.603516
693.005859
2014.229492
1224.375854
-331.498901
653.081543
3806.691406
754.729004
-1445.463379
679.054688
-184.945312
450.604980
-331.244873
91.062012
-715.744141
-5586.487793
-2885.528809
17.892578
1360.880615
4390.389160
3651.100342
-894.162354
-806.085693
-790.434082
-512.728516
2143.806396
4692.125977
4389.792969
1255.402344
-773.800720
-1011.949463
878.132446
-323.275879
-2698.248535
-2152.514404
-2357.519531
-1334.468750
320.904297
519.341431
-1641.961060
759.177856
-1316.294434
-1003.325195
-914.745117
1075.970459
1275.905151
477.946289
211.969971
-11.524536
171.291992
-990.843750
1173.567627
3732.561279
599.687378
-590.786255
299.698364
257.372375
621.549194
1462.750854
-1451.220093
-2582.207031
-241.938965
604.617188
-464.081543
-83.139404
-177.603516
-2252.251465
-1494.081055
70.941406
-857.812866
212.678711
-425.349121
980.365967
5848.145508
4575.345215
373.399841
87.855469
-260.193359
-67.828613
134.722412
-1209.822266
-3356.975586
-2018.854004
426.290039
-1026.728638
-915.725830
557.032227
1414.961426
502.628906
-477.713867
-1283.745605
-979.144653
-611.978516
424.364746
1012.004883
-228.010498
-533.616943
-1004.606934
-136.143799
268.374146
-1794.272583
0.304382
-491.164246
3223.177490
7537.032715
3117.806396
-561.074951
-3383.101562
-5131.596680
-528.980469
-102.794800
-1871.011963
821.421631
453.127289
-2039.992676
-301.857849
1046.004639
-1084.082397
-810.469971
1698.551758
1480.103516
202.772949
855.552002
341.877930
519.365234
1593.009277
2026.665527
1198.367188
-410.381836
236.999023
21.494141
755.187012
493.580566
-366.829102
-804.756348
702.689941
1811.538574
796.285889
676.026123
911.362305
731.704102
695.268555
36.583984
-1187.298584
-1040.270020
20.707031
-1359.277344
-3748.609375
-796.353638
1337.667236
581.916016
335.912598
920.056641
717.661682
23.015381
-1579.081787
-610.627563
661.765869
989.101074
479.933105
-131.135254
-921.439697
-175.062500
476.467163
312.647217
126.611328
525.877380
123.590088
-885.767334
138.235474
-542.907471
-3000.287598
-2977.499023
-1327.555176
775.662048
-915.174194
70.491211
7.816895
-780.537109
58.781265
-624.594116
-1033.192383
-307.267090
-1805.533203
251.705078
-398.169922
472.641113
276.849609
-821.295898
342.811523
340.629883
-171.443359
190.822754
0.442871
634.190674
19.719666
-495.440186
528.434814
-254.796082
858.651855
2341.160645
46.074707
-528.526611
-863.201660
-271.434570
1599.347168
1764.014648
1027.005615
929.776123
-88.343018
-1128.214844
29.608154
107.206665
389.109863
19.767578
-335.757812
-790.066528
-140.997070
621.256836
-512.810120
-483.587036
239.511719
-25.550781
1489.774414
1773.781250
-574.694763
-633.229492
-563.804688
-1134.950195
-85.844727
-126.390137
3478.764648
2851.053467
-700.452881
-514.019775
-1041.297363
-4027.111816
-4218.467285
-3040.121582
-2323.275879
-1815.391113
-2871.990234
-3318.245117
-1191.458008
113.876709
318.208496
3234.812744
1855.142212
-802.869934
455.347168
1823.940552
1630.964966
1407.799316
-210.771484
-132.369141
782.759277
1127.473633
2478.095215
1828.743164
227.815430
-1458.591797
526.908691
-135.070312
-657.778809
909.233887
1424.426758
831.984131
478.460449
1143.050293
55.356689
-315.975830
232.429688
1580.778809
-411.288086
793.208008
1870.034912
2538.108887
2815.840332
260.379883
659.590820
677.475464
-851.590332
1331.759155
503.962891
-8.480469
709.017212
39.370117
-326.625244
-1584.701294
-527.238953
1446.379761
-742.744141
-1951.161133
827.691040
690.913574
-65.415039
199.263184
946.690430
1453.590332
288.223389
-1382.207153
-237.999023
-380.904297
-233.448730
-780.655029
-267.920654
49.912109
606.807373
324.664795
-1019.798828
-612.326660
746.501648
-573.741211
81.318359
779.472168
817.703491
1422.676514
-126.966553
-1164.298706
-1169.893799
-751.142700
-1799.168823
-999.199585
440.772797
449.095215
85.613281
75.369141
-264.353516
-1681.068359
-610.416992
-225.199707
48.633301
-727.471680
712.009766
-3761.698730
-2894.271484
-339.204102
1604.380859
558.394531
-143.382812
-653.345459
106.075562
634.543213
179.138367
-788.520508
-852.036133
-1996.170410
-327.290436
123.810059
110.474121
586.050842
1921.562500
544.263672
734.025391
-265.324219
-111.072754
823.592529
146.116211
-420.135742
289.346191
525.563477
-40.424805
-370.556641
-371.495850
-1089.191895
-2515.026855
-1638.934570
600.806641
1376.487305
3248.365234
3797.346924
3039.043457
-464.286133
-1440.497559
-549.705566
330.818359
3722.750488
4921.052734
1004.098511
-1692.407715
-471.574341
-347.866211
-399.812988
1358.769531
-50.345947
160.323273
232.592499
302.358398
3096.511719
1454.973633
-263.674988
649.465332
1978.455078
1720.734375
798.782715
515.806152
348.633057
-767.580811
-1934.317993
-645.347900
-851.895996
-342.484009
272.993164
197.722656
1147.268799
749.251465
-76.237305
534.144531
-96.014648
-694.056641
-865.265625
-1366.429932
382.142090
981.740723
-691.878418
580.082031
152.395264
474.363770
844.750793
-365.477539
-341.780792
-79.460449
-1845.644043
-963.912476
-1228.997559
-3695.738281
-3686.278320
-3800.537598
-263.679199
-605.084961
-251.424072
145.947266
566.562500
-944.787109
-428.262939
77.548584
-173.891357
-163.363770
399.750488
1034.509766
866.079102
260.207520
-872.007324
-423.974365
1451.045898
713.378540
-648.815186
695.704346
508.612976
-1224.551514
-390.455200
-914.477173
3206.675781
969.504883
1172.537109
558.191406
-380.101562
-931.358643
-2044.998779
-1267.399658
734.212891
1962.780273
478.922363
-1176.958984
568.583740
63.355957
431.447632
4224.596191
3005.563965
-1094.786621
-2423.083984
-1327.634277
1188.453613
801.305420
-667.104736
104.063660
-526.101562
-289.540527
-924.624756
-141.691895
434.222656
141.759277
133.776367
-624.118164
-2910.743164
-2273.333252
562.395691
39.240234
606.538086
-471.392578
-18.549805
-98.641113
-927.838989
-1648.434570
-64.477539
-2368.319580
-2252.571533
839.142151
-55.939209
2048.955078
4031.546875
1754.186523
1828.089355
-355.354492
240.589722
3.295410
-353.243164
-355.900146
-79.113770
-160.551636
-3613.693848
-5747.285645
-2399.878418
688.218018
1206.327148
621.027100
-781.226074
-4.513672
-153.673340
-1129.126221
-118.016602
763.707275
-1150.562256
-1374.910645
-58.889160
-1788.263184
-2531.843262
197.340576
-313.691650
-875.193665
-685.563232
128.314941
1228.726562
1003.585938
-543.135742
-1005.690430
-772.811523
-537.469727
302.597656
-232.617920
324.548340
271.875000
1282.698242
2508.680664
575.227478
-734.623047
315.545654
-1054.527588
1053.063965
3401.774902
2530.114258
1103.960938
-71.854004
-14.997559
-626.889954
-889.181885
30.542969
1036.209473
542.170166
-1043.077515
-1501.164429
-1513.352051
-503.407043
98.772217
-203.482086
-405.038818
712.600586
1458.808105
2388.160889
563.831787
6.052795
-1216.535034
-965.067017
571.130859
787.897827
-373.010010
-5266.491699
-4828.941895
545.495483
788.057617
585.881836
1325.636597
-306.747559
560.781250
5084.758789
4080.739258
54.306641
-1119.056519
30.969482
-1145.306152
396.905273
700.827881
-1275.522217
-1094.802490
546.222168
662.312500
63.073486
-288.750000
-216.788818
178.960938
236.346191
231.680176
-615.347656
-1142.921265
928.774719
619.717041
-141.536621
-347.092285
-320.852539
826.555969
-328.613281
-543.399780
688.086060
-348.003906
171.979858
1575.041992
184.042969
-134.643555
732.807617
-222.906433
389.540039
2028.173340
426.462891
701.149048
-1067.425293
-848.947998
521.982483
-1098.708252
663.833740
3861.691895
3528.449951
2767.807617
190.366455
-894.169434
12.050293
452.818848
554.322021
728.671265
-290.885498
-814.978760
-401.452148
334.774170
924.065430
1003.008301
826.390137
-30.322754
-18.827393
-512.510010
-1140.971191
-1141.421875
171.953064
-1023.249512
-28.741699
265.174316
-373.851746
1339.004150
807.636719
148.956299
1451.005127
-580.818604
-71.388916
1992.404053
-660.603882
-1458.163330
614.167480
568.328125
373.280029
-517.166992
690.373169
375.108887
-464.399170
24.043274
-795.952637
-4096.421875
-1948.722656
104.323730
1019.445557
209.460449
1020.928528
1399.070068
717.104736
-931.223633
-2118.724121
293.950439
-668.467896
423.230957
2652.653320
143.964355
165.798340
-212.532227
-1262.697144
-246.444092
-157.828857
-66.953613
692.596680
311.133301
622.457520
30.387695
-26.991211
-175.186279
121.305786
1832.634766
-481.013062
-176.497925
1121.790283
-1312.875977
-1017.770447
-341.468140
-310.180298
494.310059
724.715332
-351.223145
-660.075195
-984.999512
121.372559
1100.452148
-174.725586
374.761230
2117.475586
3806.701904
3695.847656
1687.001953
40.803711
853.318115
396.609863
-675.316406
-537.802734
-284.534180
261.732910
-56.415222
-400.316406
-512.444946
-658.285156
225.452393
321.395508
-440.457031
1116.325684
14.471313
-193.891357
834.132812
259.439209
2463.350098
573.546631
1437.351562
391.593750
-188.765137
-2468.073975
-2490.345947
-67.515625
1206.625610
1360.285156
1456.143677
1152.020996
-357.848145
4090.760010
4956.567383
1155.164307
266.825439
681.031494
-26.690430
369.242676
-881.352966
-261.505615
-487.938660
-2229.418945
-1593.870117
288.478516
-197.248047
-460.901733
242.925659
241.120728
-965.852173
90.599609
442.305908
-992.987915
56.221191
1200.849121
-19.245117
-807.315186
374.603027
741.621094
526.707275
1214.903076
-449.527832
-3110.926514
-3132.938477
-3233.614258
-41.987305
-1102.270020
-1215.061523
-2309.552734
701.767578
-386.189087
-674.612305
-203.492676
-1228.236816
-1242.070923
585.897278
1025.406494
306.739868
104.331909
463.413574
15.732666
-940.624268
-463.977051
-305.554199
-329.369385
1367.571777
448.218262
4223.212891
1877.298340
71.806335
-1013.487061
525.523804
1089.434082
616.175293
213.797119
63.137939
-468.260986
-1151.190063
-152.173584
-650.407227
8.540039
862.053711
-2091.093750
-124.610352
953.956543
1652.868896
2051.765625
577.624512
-645.304932
-925.949524
170.836182
716.670410
-257.024414
535.863770
-767.869141
-386.569824
-1578.323486
-933.767822
215.736328
-1777.055908
-941.285156
-21.583008
-478.558594
798.395996
986.347656
-902.200439
-622.178711
-99.473389
458.857300
-448.954102
-366.183105
-5.790039
-1029.891968
-1140.344238
154.890869
-831.522583
-387.305420
-695.815186
135.390625
677.016113
-145.658203
339.353027
-765.354492
-748.677002
-260.797363
729.238647
-670.088562
-436.966644
358.487305
1307.275391
1184.739258
-410.048706
636.513306
1159.291748
-481.929688
-795.043945
551.902832
-208.931152
646.717773
137.422363
-1468.539673
-12.456360
441.753906
1275.316406
995.185547
-201.307007
92.139160
-75.323975
38.862793
-42.536133
2631.308594
4.075195
260.452393
742.175781
-80.332031
789.269043
-28.560547
-1159.938477
-143.352539
737.489502
-727.831787
-482.400391
-129.020020
-518.400391
-1137.569580
1342.309570
2811.240234
1334.899414
389.391113
1787.379150
1545.906494
330.143799
-1410.288574
-1905.721191
-1565.901611
-323.165527
1256.551270
633.356995
827.593384
1075.540894
629.736328
673.141479
-286.435791
-29.899414
4137.142090
2504.851562
52.211182
1156.491943
776.531494
52.329712
2017.969727
-490.612305
-28.387695
1014.747986
673.090332
-270.542847
-108.582031
1.978516
-144.009644
-252.967041
-576.979736
275.868408
335.120117
-588.902100
-137.773071
-239.162964
1315.695190
2014.388306
1616.636230
2708.104492
2915.041016
-42.125824
-1496.752930
-1759.032227
-3355.722656
519.617676
139.235107
-826.114990
633.440430
25.361938
-1105.870361
-966.702026
998.000000
2835.250977
1766.499512
448.830688
-94.073730
23.795898
295.758789
173.326660
2158.351562
3299.281006
253.808319
-473.312500
-106.197754
514.396973
360.185242
-457.106140
354.942139
320.687744
157.642700
-496.122925
-205.446777
123.417480
-777.661133
-1997.184570
-2178.396484
-1328.629395
-34.229736
57.905518
832.962402
718.222412
166.806396
-584.098999
-2599.388184
-342.818848
746.924316
-2581.906250
-1213.603516
-3.791611
-36.462891
-1097.450195
847.092773
264.722656
-428.437683
1234.033447
62.805664
-61.851562
219.299805
-217.720459
883.542603
-481.424011
-3402.453369
-3706.829590
-1807.429199
-74.618164
297.418945
-307.486084
27.888672
803.142578
-279.707031
329.320312
-2029.031982
-1246.576172
-234.033203
678.583984
937.382324
642.697754
224.981934
-284.429199
-1284.379761
-330.204834
-822.996826
7.006348
-1337.584473
-2778.581543
88.550537
505.813354
-919.926758
-82.284668
290.543457
-1180.335938
-395.101562
-85.847168
-1392.748047
-461.236816
1331.455688
1374.089355
2390.746582
107.243164
-634.001953
235.066895
-205.149902
183.047363
831.716797
-265.834717
-51.572510
-2041.195801
-388.198242
1260.047852
370.028320
2343.922363
-270.203125
-255.785767
83.782227
1105.032959
-405.784760
-638.468750
-297.254395
400.142151
-42.609207
-993.707520
639.933289
982.464600
980.567383
-460.110352
-784.914062
-313.679443
540.073608
1226.760742
-75.182861
-649.409607
350.243469
-1406.636230
-1398.085449
1009.287354
1037.957764
1480.293457
1414.656738
-765.208618
-750.146729
-127.930664
-189.555176
980.640930
335.894226
-483.843750
-1115.046387
-2632.001709
-355.989136
467.656738
-1262.583984
279.752930
284.883545
1566.000977
548.089172
-565.312500
777.122559
462.124512
171.344727
223.201660
326.307251
3348.429932
3768.311035
1037.661133
-228.887695
-18.544678
-1250.342285
-947.552246
200.375488
1229.186890
3995.419922
2203.425781
-635.078674
283.296143
402.800293
-154.190430
-722.514648
-1250.486572
-917.893066
-1039.101929
-961.805176
3287.536377
4551.915527
933.680176
-57.294678
-1002.561768
-1568.129883
120.130371
1034.370483
-1223.250732
300.721436
982.419006
16.248047
-703.853027
124.342285
986.675293
-1061.254150
-244.240234
1655.452148
735.336914
-930.614258
-2522.846191
-2563.960205
-1373.420166
486.581055
444.139160
-141.783447
-1091.602539
220.326172
-98.637207
1073.956299
2605.146973
1205.874023
-1483.438477
-632.755371
-17.278076
97.408203
323.505859
1026.395508
-439.594147
-754.389160
-788.759277
-1165.297119
-1334.962891
-672.505859
1027.547119
-319.297852
-1638.819336
-729.893555
397.445312
356.518066
-63.027344
-1180.933594
-415.554443
938.568359
489.481445
616.768555
1376.807007
-1615.698242
-1947.622559
-1362.819092
-610.956177
-42.723267
-591.755371
-2949.527344
-1334.699219
542.469971
996.945068
2570.391846
924.035156
-592.169922
-9.308441
443.570312
338.439453
-109.559570
169.710571
-32.756836
-2344.907227
-1245.165039
-226.305176
104.520752
-439.354004
-485.126953
620.563965
1047.139404
1009.614014
888.302246
2670.413574
2573.475586
-460.088989
-170.517578
-647.991211
-2601.458984
-1765.418945
876.949097
-355.469727
1393.590332
708.679810
653.111572
-151.330078
670.424194
176.566895
-1955.348633
1847.003906
-251.417480
-1567.418091
-1121.811279
-248.868408
415.735352
269.917480
-76.040039
457.896973
2977.118164
5621.656250
3686.154785
-321.170410
-124.698730
388.462646
-682.716797
1114.059570
1573.357666
68.691986
661.809875
838.788818
-304.754883
-593.268555
-268.524506
1283.365234
-1247.335693
-3805.262939
-3444.040039
-2336.546143
-238.697540
176.463379
495.369629
220.706055
779.609863
715.954102
674.088867
-158.984863
-616.545410
-1340.671143
-13.410400
-351.742676
-1426.357178
-273.399506
574.009277
681.417480
2046.025879
750.949463
284.607910
557.896484
-148.089844
-1366.331055
-1232.615234
-330.058105
-267.654541
259.341309
3694.483398
2942.558105
717.156006
146.763672
-2479.343262
-4734.233887
-2526.791992
339.138672
420.391174
-675.013428
358.826172
364.907959
-1261.608154
-259.194580
-252.283997
520.191528
2625.486572
723.198486
-737.588867
-1391.216797
-449.769531
-571.328247
589.808105
1399.894043
-760.514648
-2150.800781
-505.694336
876.897827
744.700195
1355.218262
1204.450439
-386.550415
-462.547852
3.077148
-398.147827
-1484.751221
-1832.455078
-731.204102
-319.208984
411.218262
37.385742
1004.493835
888.215820
520.165527
1204.227051
276.313965
-1053.490967
9.750732
-548.148315
-1254.494385
-1043.031738
-4174.567383
-3033.365723
774.005127
-1249.933960
-1795.144409
1486.820801
568.099609
1208.002930
968.538086
-568.447510
-1370.414551
-2479.134766
-1670.621582
-564.959473
-586.140137
-3185.707031
-3949.082031
-1414.119873
-252.212402
164.388184
424.343384
1136.817139
879.716919
179.554947
-1034.563721
-299.782959
106.185776
-594.341797
-598.791016
211.782227
-495.227966
-4308.562988
-3768.792969
652.158691
-296.861328
-1329.208862
-1207.345947
-962.229248
2263.518555
3042.081787
813.433716
-1794.788086
-5532.419922
-3184.938965
978.958496
596.794678
1142.096191
845.020508
511.985352
1497.080933
2151.083984
-1621.545898
-1686.171875
-1038.165039
-1.137939
-942.213989
-631.457031
1092.508301
799.789795
-1354.919067
-926.604492
-816.979980
-267.437988
-1237.585938
-1865.691406
346.909180
-111.505371
-1937.070312
663.959961
-971.930298
-160.650879
488.666992
-518.128662
-1831.508789
-1891.585938
-843.249512
79.428711
-401.536865
2118.350586
843.445801
333.375977
-214.632324
534.475464
-184.102539
524.787598
-203.720703
-537.874756
683.390320
-19.042480
-834.500488
1781.667969
847.821289
-242.182373
-1695.140869
913.156555
1436.824219
-78.839478
-535.736755
-628.142090
-1355.455078
-1992.983887
-973.707520
-404.051025
385.135254
207.270264
-68.111328
2473.826172
532.490234
2115.686523
2016.295898
157.616211
-904.048340
-970.555176
507.133789
1510.213623
-91.022217
-223.408203
1140.086426
-781.487305
-1951.412109
142.067627
-20.742920
263.517090
1555.653809
625.093262
-1160.846680
1058.142212
-123.521484
-3099.636230
-2038.827148
-31.096680
501.566406
669.636475
1290.329834
-830.026367
-2660.570801
52.272949
-526.112183
-287.578125
1558.431641
1828.998535
804.356689
-547.409180
-61.541992
479.902344
669.953857
2186.272217
-1871.396484
970.015625
449.382324
175.700195
-854.400635
-97.760422
125.251709
-165.885254
-2958.723145
-1626.573242
667.595703
1496.628418
1532.359619
915.261230
-413.298157
273.270996
935.411133
-236.925049
78.409180
-790.634766
-1318.030273
403.909943
331.033936
657.893555
617.480591
-717.886963
-2119.142090
-278.355469
1117.683350
444.554199
-2200.523438
-1447.186523
-827.707031
-1299.695068
-543.524902
348.751953
-453.504150
-1506.211426
190.247559
-93.458984
-1479.671875
154.861328
199.998169
-1633.995117
693.426758
987.680664
2788.887207
2687.472656
47.596191
-1276.857788
-2502.038818
-368.062256
567.551514
-296.936523
607.897461
-950.803223
-38.149414
995.849854
1131.043945
-937.692627
-1082.121338
-354.247314
214.409668
885.292969
482.855896
-240.379395
35.726562
543.745850
1869.028076
2422.838379
-361.320312
-703.669678
19.102295
-1024.797363
734.303711
421.391113
896.219238
410.678711
-380.119141
726.248779
-1082.382324
-3018.129150
-351.693359
-142.084961
1599.397949
2137.393066
-318.624023
86.645508
641.946289
-1347.863281
163.264648
905.037964
-192.097900
-415.327637
-113.192505
-124.189575
324.610352
1355.097900
-360.274231
-193.389771
695.758789
-1588.334961
4.802185
-612.659424
540.807617
-224.191406
-1418.858154
264.997559
-581.901367
-2772.451172
-960.998535
110.209961
-400.328125
-215.265625
-1314.377930
-541.811523
-693.994141
830.887207
612.616333
-466.740112
-1204.264404
-595.804626
-411.179077
501.363647
824.863892
-991.215820
1502.094727
4972.156250
5912.194336
2692.346680
-60.339600
-135.264648
550.707520
830.557617
790.401855
-1326.273438
-97.896484
-1456.748535
-2712.975586
-1215.780273
-61.458008
216.732422
-89.913940
-148.790527
268.514404
-757.576050
-687.233887
885.208008
574.345703
-575.155273
-1919.446655
-1419.950684
-1600.180542
861.748291
1344.251953
891.969727
-1902.598633
-534.881470
-882.531433
-465.427246
-329.308594
-721.910889
49.564453
66.161621
1286.241211
292.394531
-1073.890137
554.620239
-84.839844
-1190.100830
301.075195
955.212891
-1409.506836
-4599.532227
-2280.425781
-640.521973
-289.852539
-1555.762695
-396.731445
951.927002
2836.676758
5273.506836
2495.460938
259.207031
-549.092163
-1289.615723
-289.467896
-644.171997
-587.312805
-1408.773438
-613.201416
635.752563
-532.841309
-2169.310547
-1521.767090
132.142166
-370.771637
-325.088135
1299.806641
277.583740
-1059.959595
-844.638306
-26.666992
293.104492
-344.832642
-421.022949
552.302734
-543.169922
561.996094
1099.380371
1456.539062
1289.799316
565.221924
-1580.118164
-2618.296387
-1081.803223
-804.687500
-719.967773
274.550049
1723.234131
590.175049
607.295654
1882.338623
3005.023926
2036.034668
4101.700195
2613.340088
-473.657715
-528.847290
-3388.454590
-3259.437012
831.770996
-575.798035
-1270.214722
861.894653
533.475464
8.236572
-831.798340
-1873.407227
-78.086914
-544.419922
-633.132202
-507.846680
-2281.029297
-2443.414062
-1768.334961
1670.432129
-87.103271
-625.524536
-499.505554
223.376007
2238.686035
1166.139648
-44.057617
-2704.167969
-1194.988281
258.739014
-1453.895508
-431.070007
-951.901367
-543.364746
946.997681
4139.385254
-495.176270
-1000.457581
-2014.451538
2409.526123
3698.276367
-743.114624
-1112.276367
-4555.151855
-6503.261230
-785.566650
151.808838
-333.787109
1018.964844
126.451660
-1068.552856
-969.114014
38.582520
1147.757568
-551.112427
3134.846924
8406.156250
3333.717773
823.211914
-706.169922
254.988281
64.526001
948.038574
1868.179443
142.759521
58.630859
715.379517
74.336914
210.792480
-307.437500
-34.141113
1157.048828
480.225586
746.260376
952.832031
2361.468994
472.472412
-187.713379
458.891357
500.795990
1427.089600
1642.957031
821.953857
-34.358398
-69.251221
-533.203491
-1.305786
1033.552734
1443.727539
1155.057373
455.062988
390.161133
-193.728516
702.335449
1767.062988
360.312500
-683.378540
245.805908
-163.437012
-2839.330811
-4553.345215
-3188.584717
-87.559570
437.228027
613.971680
519.189941
358.041870
551.430420
-1391.445557
922.479492
2417.253906
-827.145508
-138.160156
-854.343750
2366.926758
3550.135254
-758.526489
-451.897461
104.754395
347.213562
4200.969727
1698.653564
-367.384766
857.953125
-259.322205
257.566895
1985.906860
431.167480
-936.889648
-1308.738281
2402.921875
1319.475464
6.668945
-1060.150391
-1074.035645
-616.363770
-398.427734
-678.899414
1641.188477
3578.133301
1540.375000
-1608.857666
-344.730957
243.646484
949.847595
971.495605
1200.951416
1076.305176
-62.669922
548.895264
131.817505
-2185.484375
-88.928955
1075.707031
2424.218262
4539.916504
2120.686523
54.324707
1034.941406
-1010.484375
-819.511719
-2216.082520
-4521.821289
-4102.022949
-411.773926
1397.272461
280.877655
382.459473
117.800293
-622.319336
-956.963989
-1261.805664
-870.782959
-453.561890
-651.508057
-525.026367
-377.881592
353.876221
448.371094
-554.747437
-428.291016
-1042.404785
-2488.923340
-93.269043
202.739578
1818.293457
2309.342773
409.196777
132.291016
-119.912598
-25.891602
-458.612305
-749.245605
-1411.507324
-3470.864258
-105.021484
714.955811
-175.457520
1407.470703
-70.650391
-579.784180
1319.691650
239.968262
-1008.494141
-1675.806641
-1701.048828
-419.506348
-2103.672363
-1102.587158
1274.555908
562.253906
251.880859
383.714355
877.165649
850.166016
415.691162
120.695312
1277.833008
-274.441406
-1012.527344
77.228027
341.985352
-1028.447754
-1321.697632
840.772461
-304.049805
-370.373535
262.020264
460.268311
911.604736
1254.264771
-524.543945
444.407227
-1400.664062
-2356.669678
-1274.700195
-2003.388672
-6041.173828
-5529.737305
-832.892822
925.430176
265.678711
-371.760742
-1766.616699
-703.886475
-2277.895996
-485.383667
644.735107
-636.515137
-552.950195
3164.186523
3374.559570
835.263672
1771.311523
1242.891602
961.775391
834.836426
373.951172
-799.239502
127.183350
351.318115
1192.377441
1108.106445
1006.486816
1737.416260
1747.366455
-362.228149
-302.524536
999.991455
723.940674
-475.954590
520.764038
1113.934448
391.875000
23.778320
-691.827637
-179.923828
-299.718262
-900.777832
3083.051758
1221.978516
740.895508
-699.012268
-789.698792
-236.833496
-1086.021484
-1313.531250
410.770752
471.692017
-672.790527
-1734.531250
-765.733154
674.326172
571.302979
-768.975159
-621.765625
20.774658
210.195724
-286.196533
35.240723
527.023926
-1067.958984
-3827.053223
-2531.378418
606.940796
869.733398
141.577637
929.973877
976.505371
526.386719
1613.765625
278.977661
-528.176025
-641.590088
-1671.977417
-1138.979980
-236.811279
681.041016
1541.514160
1448.247070
186.842773
1304.255859
-1247.293945
-2980.021973
-850.537109
307.084473
1174.599609
1767.341309
86.459869
-49.159180
1946.345215
-404.747559
2008.115234
2633.207520
2298.669434
867.302734
-756.149109
-583.053223
660.336426
-443.609863
-2606.944336
-1290.987671
373.891479
203.100220
-781.135254
525.351318
-182.253906
-798.524536
375.987793
1863.793945
4782.666016
4791.974609
1746.297363
-254.118164
307.215820
-142.208496
362.575195
-725.967773
44.515625
1744.302734
20.087891
1422.046387
-830.996033
-453.743164
60.793457
915.638672
931.739258
1041.584961
-1114.497803
-896.176025
-252.702148
-158.353516
-127.971420
-939.922363
-1077.437988
-1.388672
273.100586
607.790527
-918.071289
-759.526367
-1151.938477
-119.771973
230.010742
-583.256836
-474.184326
400.820312
-1260.059570
-219.725586
-372.869629
-87.600098
412.271484
506.334229
349.142151
516.938782
694.125977
-649.210449
-1233.890503
-635.245850
-414.239136
329.344971
1090.465332
246.785889
567.034058
1202.475464
2965.917480
1371.618408
-592.821777
-41.309570
338.148438
-2292.278564
-2047.656250
-244.012695
-1269.131836
-1553.686035
-829.400208
-725.967163
-2194.681396
4.607422
592.048950
587.368408
-542.121460
2435.282227
2824.889648
-351.840576
94.515137
644.741699
-1365.157227
-689.999756
-2.564453
1257.369385
693.816956
1068.204712
836.076660
411.111328
822.048096
452.355469
918.926758
-13.693604
-2823.054688
-2178.739014
1058.959229
3098.867920
2642.509277
-258.765137
-1888.205078
-2230.907959
333.273132
736.369690
-1670.362549
-2.231567
1620.743530
45.203125
911.280762
611.741211
422.749268
1536.712891
544.249512
-654.780640
-232.501831
-707.047119
-154.130386
-1956.275391
-794.602539
1417.751953
844.387207
915.715149
823.209595
1033.264771
-180.474426
-1249.241455
-1197.415039
-1133.560059
-365.335449
1938.493164
28.121582
-1140.329468
-1168.499756
-1045.688721
546.587891
919.750000
83.827148
580.692383
862.449341
928.383667
-911.013062
-1848.359741
-460.231323
1471.895020
512.095947
-520.136230
-508.424072
525.456543
-530.794922
-217.204346
-311.647217
48.651855
293.646118
-223.001953
-1717.694824
-1225.876953
1429.057861
-119.001587
-1068.728760
-105.914551
-736.226196
-759.595703
432.860840
-894.794067
304.396973
2179.672852
-904.636536
-1291.658691
-595.864746
-1132.076904
89.646484
668.310181
-111.680664
-125.171875
-942.243164
246.549805
-545.259521
49.610107
731.197266
-57.410400
-556.095703
59.709473
747.629883
864.129883
-343.721558
533.421875
2937.807617
1409.394043
-852.118835
-308.018158
280.510742
923.503906
-6.685547
1242.284912
2032.526855
960.159668
-245.223145
-1254.272461
-1751.387573
-2443.968018
440.058838
1251.429199
-794.068848
480.834961
1098.261719
-652.585938
-204.145508
-266.970459
-717.038574
250.358398
-346.497803
1160.656738
1896.377930
498.397949
-1466.622559
-473.643555
1760.877930
-273.720215
116.638916
-1082.990967
737.187622
-680.586914
164.799438
1036.812866
-563.934326
-403.081055
1008.025391
-77.779297
3116.699219
2058.649414
-82.394211
-1267.860840
900.079102
-233.553711
-333.063477
386.475464
-518.043457
338.085693
1490.759766
194.270508
-585.934570
-225.949707
-197.489471
338.453369
293.439453
1070.808594
3.179077
307.799561
-140.718506
92.568604
-401.578125
-1920.656250
254.203125
-3031.981445
-2256.340088
-780.781250
38.738281
-133.955566
1002.763916
2260.503662
1006.928772
-1442.758057
-1678.850220
461.646973
-727.223633
-1971.370117
-105.557617
1277.570312
-1394.142822
15.953857
-489.857849
852.639648
1598.190918
-821.444824
-432.283813
-3748.830322
-4509.253418
-852.629395
-2366.857910
3995.964111
5340.509277
1232.814941
-1446.659180
884.860352
1256.837891
-985.699219
-423.123901
435.983887
-840.450195
-2036.451660
-1390.470215
-1504.568359
594.276855
-31.292236
-398.386719
180.832031
238.543457
-1772.895996
406.575195
160.972412
599.454346
870.922363
429.183838
1621.950439
-593.949707
-1106.274902
433.349365
-335.618652
-278.357422
1741.899170
240.447021
-857.193604
3094.474609
1497.569336
-97.991211
390.939941
51.742920
3524.401855
4057.187500
1559.556885
-854.223755
-3949.739502
2239.478027
921.920654
382.998596
341.241455
-1294.082031
-420.322754
-609.148071
881.737549
570.801270
-576.626892
1589.907593
502.802124
2493.202148
-891.734131
-1552.905273
-257.569824
-595.293945
-157.879639
829.846558
992.128174
-588.216125
276.697754
1330.384766
424.099121
167.068985
-62.913086
-736.857422
-198.363281
-1158.679810
-1431.835571
92.302979
-93.179688
-408.889648
-412.502075
417.120361
833.511597
1.661621
45.233398
1389.210205
743.511230
782.531250
1177.489258
320.742188
-165.520752
1185.098633
15.293457
1196.426758
1143.629639
-428.332031
-1371.881348
-441.983887
321.171753
200.946533
-637.751709
-67.980042
525.848877
-783.030029
-1580.421143
393.865967
578.410645
-256.074707
-462.623901
-791.891846
-1550.283691
-3086.678711
-1501.500000
1234.750488
6625.577148
9186.505859
4493.060059
-65.338074
164.006104
517.944336
-424.293457
-1202.328125
-918.684570
-152.590332
565.403809
-215.644531
-753.504150
853.817017
1344.071045
-284.314209
310.932556
365.368164
-1435.073242
-1700.108398
479.798340
-626.639465
-1083.591309
-524.051514
216.843262
118.266113
-324.517090
575.554932
687.291748
438.920898
845.889160
3203.235840
4654.121582
726.524292
-113.159576
797.904785
-282.208496
-687.707031
1727.603516
-1232.938232
-1919.516602
-2179.180664
-1710.447266
206.475464
-488.038086
-264.114258
1291.398682
-815.476074
-1609.047852
43.766602
-104.913765
3041.962402
4128.882324
-159.222168
-570.957520
887.753418
-694.399658
-1362.907959
-566.113281
-169.500977
673.104492
-125.840820
867.173157
-51.215576
-1793.485596
-2557.264893
570.663330
1590.808960
45.322266
-366.704590
-1316.431641
-837.205322
171.271973
898.897827
1347.327148
464.586914
314.938232
-895.050293
-185.164062
-540.968262
-366.550781
-1380.809814
42.850952
1149.124878
472.774170
2825.772217
-60.005859
-2590.472656
-1353.422852
428.659180
-515.136719
393.648682
1654.318359
1754.860352
2703.816406
1353.750977
-821.901855
796.084473
-636.144531
-531.883545
-472.311279
98.290039
565.907227
126.058594
-1310.801758
-1120.008789
-147.503418
902.361328
797.418579
-515.545776
-1073.532227
-1492.494141
244.244141
-1672.827148
-5.454102
-677.615112
637.494141
2867.556641
1168.983887
64.651611
774.780457
-5.857834
3545.342285
5425.822754
840.203613
-235.230469
-418.099121
629.564697
1827.060059
1479.926270
24.910156
-171.353760
-23.619141
336.622070
1554.398438
934.249756
-132.987305
461.981842
1142.350830
589.929932
-190.438232
-771.561523
-1145.257446
-567.857849
684.901184
239.588257
253.393311
-567.339844
-1660.203857
-909.777466
395.552246
996.663330
1010.056519
359.450195
-1173.595215
-59.240234
-112.872559
1659.122070
3484.281738
1084.037354
316.237305
-488.101807
-1325.664062
1112.368408
1082.457764
357.306885
1428.923706
740.281738
-214.833740
-880.893188
-456.997803
1363.668335
356.350586
119.601562
1609.034668
474.864014
-2.537842
133.687744
-967.920837
270.086182
436.497559
-332.011230
367.660400
703.309082
-147.618652
-591.958008
4077.182617
5472.391113
919.436523
-254.847656
-1524.683838
-3873.893311
-3415.187744
-1880.261719
-1425.100098
-86.422852
-554.893066
-1052.254028
-1303.528564
475.540039
1454.419189
569.226318
610.470459
-341.142822
-1261.649292
-478.896851
86.085449
-471.043701
-621.363281
1054.629150
467.537842
-1206.686401
-366.161865
253.726074
611.700684
256.779053
-358.141602
1175.497070
1380.370117
734.104492
-115.277832
-460.737305
412.916504
-670.955078
-2156.759766
-1242.168457
331.142151
-114.603027
783.747070
1140.413330
579.229187
-1100.037964
68.727783
1265.666016
1709.108398
1535.107422
965.021973
1529.927246
-981.537537
-351.857849
1499.352539
794.733398
908.492676
-317.643799
-365.303650
-74.602051
807.842041
-411.543152
-110.556396
525.185059
-931.276367
-315.713135
-395.973389
-961.484375
410.748047
326.712402
1128.266113
807.636230
4.306641
-98.944336
170.607178
343.155273
-46.562012
730.453125
464.391113
234.058594
1573.673340
3563.685791
4682.515625
1240.621338
183.427246
547.643066
856.414734
490.430298
-698.711792
-444.413086
208.687500
-266.645996
522.308838
848.156738
-1408.564453
-1848.490234
-1223.211914
-121.299805
-964.869873
-507.270508
-946.691406
-1570.166992
-1282.685547
-1834.826172
2328.343750
1425.209961
-801.911621
121.710815
61.810547
154.748535
115.143188
-1176.495605
-766.641113
-1807.491089
-256.815308
-410.550293
-1231.182617
-877.877930
280.409180
1001.206055
295.024414
28.289062
-899.098145
-825.355347
-868.893066
177.045410
-15.362793
-377.328613
-777.017578
-968.309082
301.608154
1274.716797
555.546143
1305.506958
986.132812
144.819336
848.099243
-621.228027
-3790.676270
-1667.916016
671.205078
-223.736328
-1281.084229
975.142944
1058.138184
119.667969
465.708984
-63.616760
-990.964355
651.663635
1142.456299
683.291504
954.765259
1004.849121
-371.119873
-1460.118896
-1162.900513
-956.160889
-674.157959
-708.423340
-1257.069580
-1430.909668
-253.651855
1005.204102
100.223633
608.815918
-408.146606
815.666504
-279.982422
-320.319824
-30.150146
598.839111
-160.484375
662.097656
296.672852
-925.021362
-900.785889
624.417236
1002.060059
182.031738
-482.204102
914.521973
4433.500977
2583.283447
-314.726562
330.383545
949.868652
-96.059570
739.055664
-1397.039062
-2108.074707
-1198.324707
1756.029053
1361.140991
-461.294189
-1170.089355
-134.089355
2088.079102
1080.731079
-1542.857788
723.312561
-299.725342
-235.609375
505.258789
895.055664
2458.185547
-767.070557
-1279.938721
-1554.330078
1198.551270
542.793945
622.622314
287.014160
379.016602
-70.359863
-1543.718140
125.373047
1164.282227
79.068359
443.923828
-78.156250
-86.755753
236.733398
447.127930
731.372070
2166.842773
-2136.585938
-3307.609375
-4290.765625
-2964.541016
1909.451172
716.062500
2079.974609
1607.766113
904.076660
223.688477
-170.531982
-172.389160
1176.031494
-233.014160
1985.592773
-938.869141
311.454590
540.766113
636.731445
469.603516
328.419922
-1612.563477
-689.568726
-3637.935303
-2264.147461
858.200195
-2751.468750
-2650.422852
-36.054688
217.226562
17.965820
-930.747314
-1004.253906
-1604.970703
-1940.272949
736.435791
1700.705566
731.898926
250.597656
-1180.346680
-2230.764160
-1474.142578
472.125000
1174.528687
-763.797363
-1282.621094
-952.049316
537.068909
-1560.775757
387.129883
759.692383
-62.382324
1625.681641
4386.406738
-416.144714
-471.762695
450.365967
-699.570312
-1171.094727
-523.508545
1263.985840
-665.792969
-1779.597656
-438.506592
-461.236816
-798.911133
2866.536377
36.930664
-1372.913086
-2898.977539
-578.925781
310.614746
-2121.702637
-801.283447
418.208679
-1411.719238
248.838379
-124.282715
-1869.017944
127.859863
1331.313721
309.482544
-286.132080
-2228.613281
-458.882324
-655.809082
-1628.051636
-2466.605469
-1102.825684
739.293213
268.562988
-466.648926
-375.470459
-245.694824
-796.700623
1069.693848
873.396484
-130.964355
-94.073975
2326.465332
426.756836
-1099.032837
60.843750
874.371826
728.955566
395.122070
-68.188232
403.882324
-1559.572266
269.788818
99.171875
78.673828
364.578613
-482.450317
-592.099121
-672.438477
-1266.517090
774.303223
1513.500977
463.061035
198.501099
-219.268921
-525.678711
-1173.373047
4561.992188
2853.088867
-32.822266
1325.505493
1232.446533
1028.082764
1052.329834
936.062012
-1725.326660
-4180.973633
-422.015625
-128.656494
2316.658691
1578.376953
486.606934
-788.861877
-1248.379883
-430.197754
1032.736572
4058.571289
2039.792969
1021.445312
-650.423340
1725.399658
1896.611328
1549.894043
110.836426
867.812988
-193.173828
-557.154297
-112.487305
-309.258301
-307.926697
521.228760
986.870239
-1549.877441
-778.841797
-534.352539
-88.221680
-1088.991211
285.273438
646.142151
-275.193359
-1460.341919
11.623047
241.211975
1023.040466
-8.351891
-605.392578
1068.812012
656.663330
-452.147583
81.208740
244.956787
-200.194092
796.291748
1233.148438
-949.852539
739.317261
693.039917
257.275879
-717.908691
-3905.022461
-2512.667969
1096.674561
1591.471680
1796.868164
-278.418213
-814.160889
-456.652832
-6.798950
-388.631866
-159.618408
410.947510
686.840637
1448.294434
387.889160
156.257812
970.406311
-131.936523
-628.881348
-764.949768
-669.524475
-717.080811
-825.854980
463.209778
1880.973145
1157.071289
520.665039
392.996338
-1072.008057
-2300.245117
-556.077637
1300.916138
-26.292480
-1003.152100
-889.890137
44.254883
968.637939
241.406738
-1915.946777
-1628.876465
-728.550781
1445.807617
1453.923584
376.082153
638.673340
132.917969
1070.279297
1763.056641
120.208984
-461.812256
307.163574
15.858887
332.954102
1224.910156
3583.979980
3808.991211
3363.244141
2750.172852
538.087402
-822.600098
-620.032349
-1104.234375
1717.386719
-533.699219
955.722656
1413.242188
2729.733398
1278.294434
1559.560181
1385.363892
847.508057
547.521484
-627.273438
-287.293213
1159.052368
-420.926758
226.475464
-16.997559
-1621.190186
-348.339600
-47.753906
1240.640625
2239.875000
-576.437012
-93.857834
494.142151
257.102051
-388.161133
479.197754
1728.849854
813.450317
-981.520386
-1597.685303
-1155.595703
-706.662598
227.995117
369.614258
90.777344
-393.189697
-367.688965
-655.784546
-510.774536
-528.431030
-702.655151
-693.099609
1141.695312
81.312500
549.343750
1362.478271
-16.144531
-40.167480
-391.157715
-427.662109
82.589111
253.622070
993.568848
-926.918701
-4481.490723
-3794.512451
289.222473
858.769287
203.253418
882.970703
-119.798340
-118.912842
4054.750244
1048.790771
-1845.563477
-2731.086914
-1753.638672
1941.613525
-680.856445
-136.582031
-583.708008
-2543.419922
381.224121
755.147949
1333.030518
889.805054
-1036.536133
-1343.503418
-853.078369
291.187988
426.357422
-613.092773
117.680809
1984.687500
2357.521484
583.981689
929.497559
-1159.744141
-1172.379883
-277.416504
-298.705078
1671.750000
329.892578
-725.390137
-1504.700317
-999.745850
2043.266602
1191.426270
638.835815
-676.841919
-2714.015869
-2424.973145
810.122070
4332.451172
1733.494141
-463.732422
-1616.133301
-312.524170
929.331299
663.888672
-2786.300781
-4927.436523
-2086.356445
-399.996216
-14.945923
-30.060059
742.417480
1519.808350
1302.885010
1689.760254
670.545654
-725.555054
69.063721
646.647461
350.841064
36.882324
-120.166504
-562.105713
2005.245117
3492.361328
2994.382080
175.665527
205.722168
67.167542
-492.332031
-39.983887
395.541077
-718.571045
947.951660
2542.979492
-8.668457
-1515.553467
-2079.642090
-604.710327
1362.639893
503.028564
-259.745117
-1263.891846
-385.184082
-1446.929077
-2877.075195
-160.684570
1694.959961
-198.443359
-984.982544
-655.637939
1390.999023
1107.844238
-440.736481
995.703613
1314.099609
693.645020
-757.847473
-766.331543
-380.939941
-915.785645
-492.578125
-26.447266
-873.216553
-883.608276
75.492676
1029.647217
2876.777344
1323.026733
-908.118225
539.428406
548.174194
-448.907715
1093.158691
679.673828
1088.962402
920.121094
215.975586
-396.839844
946.646484
1941.898438
1496.883301
31.654785
-8.757568
246.027344
784.715332
851.889160
190.596191
-707.048828
-575.223633
-1394.141602
5.583740
-690.224609
347.694824
-151.492676
-271.956055
390.508423
-1096.861572
580.942078
-1802.916016
-1240.798584
397.208008
-273.549316
-101.828613
1168.982178
328.966553
-156.069824
-717.898682
-773.251221
28.433105
126.188965
286.212402
1948.346191
2718.795898
1952.458008
755.001953
-272.565918
30.855713
311.840820
-514.216797
2808.637451
-461.802246
-2000.166138
1858.822998
1343.868774
513.033203
111.425751
-1351.606934
-781.915771
-461.689209
-320.696045
-1127.086182
-1581.036011
-485.345703
429.322266
732.342773
17.707031
1020.110352
-953.735840
-134.458008
1079.155273
-382.387695
-412.379883
128.994385
-866.246460
-499.257568
-369.430054
-3842.091309
-1553.756348
513.665039
-413.395691
1134.504395
722.585449
-1259.637451
461.938965
882.185791
-620.397339
-650.831421
650.899414
1358.930176
1110.743652
489.204102
531.287598
-59.510742
-148.520020
141.453125
-605.013672
-1058.304443
199.657227
949.422852
354.417725
-933.363159
-1525.857666
-1061.974121
-613.907959
146.545166
-854.150269
-253.770508
-685.989014
-13.177338
197.937256
583.173096
-118.181152
2436.915039
2715.381836
156.623047
-1268.975708
-3669.727539
-1890.427002
1393.418335
-398.547119
858.931641
1385.627930
439.088379
248.914520
403.912109
322.532227
-365.933105
-1538.661865
988.461670
2256.781250
64.168457
510.299438
386.821777
-700.271973
957.606689
800.403442
-1746.640747
-3967.814209
-1584.320312
1273.987549
244.645508
1098.751465
1981.595703
181.995605
130.872314
566.498047
603.875977
-519.496582
-1685.857788
251.378662
1067.636230
-252.351562
-1216.951050
-429.819092
-1646.836182
-1932.453247
-782.850098
-530.623047
-2074.609375
-2039.317383
403.157959
1630.138916
-90.268066
285.305542
897.454834
133.781250
1226.060547
715.877441
186.648682
-543.260986
-77.646484
755.846680
741.784912
-947.325195
-1058.901367
-1116.015137
-666.650391
-428.236328
-3961.394531
-5128.073242
-2934.290527
-369.864258
240.020508
-211.839355
-141.429199
127.618408
350.432373
23.246094
-470.907715
-1015.275391
-417.060669
-170.941162
276.717285
-548.114258
1036.318359
1895.523804
808.979492
-843.406738
115.895508
-368.857849
1130.783081
1459.568604
1661.486328
349.096680
-258.550293
222.498779
1185.969727
762.494385
-249.146118
-712.848999
388.457764
-233.952148
-2373.834473
-1529.663818
881.785034
-135.768555
643.852356
-64.539490
-690.857849
137.113770
-1532.826660
-1074.002441
713.668457
-706.343750
546.723145
1799.441406
690.892578
137.746216
-139.775879
75.696167
1929.626953
-193.393555
321.628906
-399.188232
411.391602
117.866516
1035.239746
540.604980
584.018433
1083.700928
-183.043457
658.499023
842.825684
1595.187500
2615.170898
800.786621
-425.132568
-1317.382812
-848.839355
333.965698
502.424805
-339.078125
301.622070
89.930176
1265.825684
-433.927734
852.564209
4968.311523
2619.519531
-488.089844
1478.588501
555.794983
-667.857788
-312.497192
321.882751
-526.692627
-1186.666748
-1181.534302
34.577637
381.487305
1691.267578
1241.064453
663.571289
-1072.871094
-5074.267578
-7895.842285
-5121.883789
-113.582031
1200.257812
1277.399414
166.111679
807.907471
-487.251953
-77.767090
807.287964
-378.277954
441.685059
4869.570312
5228.959961
1846.620605
575.316895
556.705566
-500.917725
-635.111328
73.843018
514.455444
-252.022461
-527.054199
201.150391
189.616211
-177.641357
385.653320
-718.906250
-1002.480225
664.206543
-128.749512
-1009.631592
359.676270
1565.567871
853.153931
-555.154053
692.537598
1312.241455
409.153809
115.521729
-711.057861
-2282.076904
-1716.651245
291.142151
1004.339111
77.663574
-796.258057
-656.858398
-524.919922
258.972168
-656.177490
-385.439209
-845.736816
-141.450195
1657.502930
-984.140625
-1395.562988
1039.264526
669.987305
-106.922852
623.017578
-2064.572266
-790.333008
1282.776611
-629.978760
-2360.792725
-775.683594
-1476.797852
-372.836670
131.759766
-3218.134766
-1041.756836
-464.939209
1033.768799
122.345459
-913.104492
-769.020508
627.295166
-158.952332
84.446289
1710.038574
-257.356445
203.945419
869.838013
-647.648926
197.377930
441.958557
-951.923828
1009.706055
142.548096
188.806396
595.891602
204.958740
446.129272
-234.493164
-481.812378
331.110046
249.028320
-288.032715
-1188.374023
31.215637
104.578613
-1536.726562
-313.091064
-394.635986
317.137329
978.817627
-239.283203
125.889542
641.481934
-102.615723
819.692871
567.934082
-70.496826
460.139160
237.404297
-1114.256958
-2853.602295
-1215.226685
304.734863
-1200.552734
-278.505859
1040.404297
1040.234985
897.509277
-742.232422
-1049.074219
491.481445
-421.293457
-604.532715
1162.313477
608.716309
481.809631
1066.169922
-193.233154
-46.632202
543.257568
79.985107
527.147949
95.939941
-362.648926
1219.513672
573.697266
-770.709473
-396.496582
-682.515381
-1116.487549
-158.063477
1274.427734
-198.575195
-99.631836
1051.289551
-1993.273438
-3746.473145
-771.456055
-216.756348
-608.067505
1012.526855
976.291992
231.830078
-1411.854004
-306.938965
305.204102
573.079590
908.852661
864.179077
244.945679
-887.739807
-1332.601074
-1285.524536
210.235352
-340.475586
516.826660
-1450.052246
-2917.176514
-2150.696777
245.852539
-283.931152
-369.440430
-265.921875
-2568.237305
-1006.168457
311.880615
679.385010
1185.747803
-274.706055
719.884766
1362.917480
341.856445
119.003906
1090.876953
3563.238281
353.023682
135.099045
676.848877
-2083.766602
591.407227
-778.300781
-1763.648926
-72.969971
1430.813477
1782.302490
-373.028198
-323.230957
995.932861
1090.663818
-203.090820
-569.384766
880.348755
1348.284180
-452.282562
-1711.788330
-1304.857666
950.938110
934.280762
193.060791
-484.300598
-894.778503
230.249207
784.829590
377.117432
-184.165161
2038.876953
1739.897461
-866.910156
980.142151
-1590.466064
-1538.683838
-629.879883
-522.102417
476.250488
253.916992
-1925.795898
-824.779053
-336.179443
1138.475342
269.109375
1919.385986
3691.037109
114.741699
235.456543
580.357849
-368.510010
992.431519
1265.253296
1390.696045
560.678467
-2610.427734
-2696.215332
-277.848633
819.271973
971.684814
-190.613647
-232.162842
-3248.592285
-6121.970215
-2174.379639
574.493164
-727.992310
-471.786743
639.153809
-233.590881
-1111.133423
-354.807129
478.288574
1371.613281
1350.000488
2627.805664
2540.612305
1560.490723
-273.497803
-275.869141
-543.221680
-175.268799
-537.551025
785.106445
671.523071
-904.035156
653.709961
735.592773
655.544800
-1349.142090
-3947.442383
-1881.891846
202.476074
2432.505859
2179.309570
-333.771729
-340.898438
-2107.486328
-4443.705566
-840.663086
-483.093262
203.671875
-596.509277
606.965332
906.485352
927.858643
279.159668
-644.635254
830.461792
-27.567871
-1625.134766
-219.180176
-1404.354492
-211.010742
477.480957
417.773132
394.547852
2794.144531
7154.674805
6242.323730
1060.321289
-820.150391
2351.476074
1284.563477
-322.524536
-1195.307861
-982.495239
-383.022217
1209.427368
340.009766
-433.423096
9.211182
1167.090820
1211.115234
1075.082764
-1519.509888
-4090.224365
-3561.895264
-1180.265625
113.376953
-674.885071
-1745.421875
-2522.352539
-689.039062
414.992737
2457.413818
1052.250000
-1259.132812
1065.815430
439.745117
-488.549316
745.425781
1188.235840
487.403320
-1993.645508
-19.998047
-2169.018066
-1008.272949
110.108154
383.620361
-3025.982666
-2500.047852
454.211426
-232.154663
-1170.935669
-377.129333
-1281.764160
-497.301758
-234.329102
-445.475342
479.849609
-108.537598
-17.186523
-13.067871
-411.792969
-360.676758
-1096.126953
879.704102
2995.407227
2610.087402
284.684082
-1747.178955
1843.189453
278.015381
2711.939941
1455.747803
-607.982544
1089.717285
508.879028
-489.357178
1240.137817
2653.336426
857.985352
774.288696
791.275391
-1050.019531
333.360352
170.869415
-184.857834
140.801270
-944.214844
316.761719
-163.534668
146.620728
-647.726624
1016.042053
565.737549
-408.371582
-793.295410
-703.857788
-103.491333
-445.786255
720.557129
233.645020
345.270508
328.693359
62.270508
-165.328613
744.324219
673.830078
656.669312
1903.728516
224.475464
1192.569824
3353.724609
603.865723
160.016357
1709.686523
-423.680908
-1712.195190
-377.639160
-1433.993164
-2480.148438
1483.809570
1065.329834
974.663086
384.110840
-930.826172
-758.127930
87.137695
-454.604614
-1444.237061
-1224.488770
-157.804443
91.564209
-251.628906
779.616699
-1094.081543
-2252.567139
162.575439
-52.854004
-953.377930
687.569336
571.723145
-125.106689
248.475464
-271.909668
-1653.540283
-779.405029
1304.902344
-527.749512
-802.614258
-1782.575684
-921.491455
2173.811523
1351.197754
729.241272
107.700684
134.480347
780.371826
-689.771729
-779.589844
1080.081543
-562.013672
-386.539795
-998.857849
-544.700439
-15.418945
-981.731201
-666.865967
-535.593994
-579.422119
-973.441895
-1031.485596
671.249268
-214.743652
33.016113
31.171875
-663.882812
23.416504
1590.396484
-1652.554688
394.130707
-1414.099609
-2448.696289
1209.821289
1262.910156
-1043.969727
36.039062
-21.492188
305.856445
-2604.568359
-2217.338379
-1209.712646
212.694458
-407.027344
-1151.118652
-127.686523
-106.759521
-781.509521
-643.236328
-393.606873
651.751465
-1872.899414
-3202.473633
-1781.025146
1179.941162
3264.133301
564.952393
-1210.212646
576.085938
-328.653076
-462.745605
480.106445
-554.772949
-2956.358398
-2224.999512
1329.777588
-127.436768
408.749023
183.519531
-921.574829
-48.396484
-213.210449
-290.057983
150.009521
-132.156250
729.658936
-395.029053
185.555176
955.512939
469.932373
-913.634766
375.717773
140.692383
-153.193481
-592.072449
-56.103638
835.639160
-942.548096
-223.969437
763.237122
846.359497
3734.041748
6099.067383
2125.646973
-524.603027
704.510254
466.521851
801.860107
1683.474121
187.867920
-743.623657
1003.941406
276.948730
355.758789
1156.527954
-1862.831787
-2128.267578
573.375732
-1907.384155
-1161.746582
34.765137
-885.068359
-1615.127930
996.016113
1424.560791
604.245972
294.246338
-508.966064
-2337.105225
-875.526367
1140.798828
1201.971802
969.746948
231.759766
542.276855
-266.762085
-691.985657
-356.928223
678.137939
827.928833
-1091.342285
157.910645
1547.750610
563.196167
-532.269531
516.074707
-392.166992
-405.891113
-635.433594
810.373047
1500.452148
-679.619629
-120.634766
-474.799316
591.142151
684.171875
296.336426
753.539551
-933.901611
-1113.610596
1071.521484
-670.822754
-1567.265137
-277.337158
231.338379
231.593262
85.006348
307.355957
337.075195
82.904297
207.479980
210.420898
-2256.350098
-1336.091064
-775.821289
-250.175781
733.783264
1145.577881
-147.087341
277.770142
1224.806763
1539.184326
670.217285
-760.970093
-4172.899414
-1832.533569
1081.417480
-910.325195
-724.769775
-97.948242
-516.981445
90.535889
669.409180
1090.556152
930.537781
-70.156494
-261.658691
-985.766357
-1323.392334
-659.065430
193.050781
1268.701660
2078.363770
1641.680176
272.630859
-810.734375
-15.963623
-34.958496
490.126709
-37.260742
1675.464355
484.741089
622.029785
736.674805
-306.464569
-1163.667969
-308.210205
402.797363
588.001953
-184.699951
-697.185913
276.479797
-18.932983
-608.174805
-44.665039
1730.566895
971.178711
-604.160156
-768.841553
375.516113
1262.797852
477.160645
-504.524902
-1097.077881
547.325317
1321.021484
-123.463989
594.970703
28.552734
1407.013672
-995.013672
853.426208
436.739746
-551.641113
2833.357178
717.409668
639.648438
-210.684814
-464.657227
453.918945
1766.220703
1048.117188
-526.925293
379.616455
890.833374
-403.619141
-1496.554199
-2881.752441
-2743.189453
-547.331543
202.456055
-1294.450317
-642.317627
-247.688843
-218.871582
779.545898
1876.425293
1827.594238
550.961914
-772.120117
214.016357
520.828369
1851.667480
544.852295
-1311.778931
666.675293
500.257568
-316.095703
787.740234
1119.599121
-41.507202
-779.692383
-1537.219238
-960.362793
-1913.622070
-1385.603394
-1115.427490
-843.802246
36.501221
536.142151
1101.088989
758.259277
-238.824341
-1110.168457
-589.612305
-409.128662
-1819.366211
-279.282227
-197.901367
454.553711
2109.681641
1763.697266
1612.999023
-299.914062
923.443604
694.132568
3185.657715
1661.467285
-1831.453857
-1556.456055
-2519.442383
274.272461
1449.706055
-743.421875
-1077.016846
7.603760
704.961426
1414.207764
798.842773
-77.278809
-992.013367
-1158.413940
-2062.038086
-1966.577148
-381.738281
-1175.319824
401.479492
2318.432129
-1677.210938
-653.457031
-158.394043
696.732666
703.124023
1544.272461
-120.649414
-67.900757
512.203613
-92.394531
-1751.491699
-443.119141
1079.494629
1291.763672
1054.803711
-498.495117
-276.146729
-1340.497559
707.877319
1200.587891
-573.685547
6.012817
2033.718872
412.430237
328.156006
-48.177979
-1143.679810
-170.368164
1187.000244
133.671387
2470.204102
779.105469
479.308105
-891.621582
865.709961
1189.506836
-1122.088013
612.165100
1392.368652
97.623535
1267.430176
847.008301
796.976562
664.815430
647.984863
1439.764648
2605.901367
33.647461
-564.098633
-69.524521
-364.932617
16.367676
-293.663147
477.684570
752.203125
1743.958984
1802.579590
1602.953857
856.905273
24.274414
-2014.533203
239.272461
896.447021
-29.663330
870.026550
-475.831543
-5409.270996
-5485.995117
-125.270874
927.332520
111.584717
1348.251465
372.222168
-1098.407715
376.581299
-404.586426
-1586.443359
-300.302979
-560.134766
-807.372803
355.109863
-937.774902
-1002.492493
913.604004
552.264404
1490.914062
1505.156250
-878.199768
-367.970703
44.024414
-1001.721802
-356.261841
1159.475464
618.505371
-867.834961
-413.634705
-345.838135
-121.169922
834.180420
-587.201843
-619.012146
-338.679138
-71.354004
1556.457520
936.142151
-499.932129
-1024.287231
-803.094849
-147.536133
-818.875244
1758.052734
4281.194824
1141.498535
-603.724487
1072.214355
940.646179
683.032715
910.780762
297.020660
-2698.068848
-3814.930664
-458.578033
1039.134277
442.353027
839.441406
-338.054688
-940.803223
-3187.082520
-3124.126221
-21.454865
1586.675781
269.862061
300.187500
-61.401611
-1030.358154
-670.183228
-663.828369
-286.212891
-288.712891
-597.739746
623.365845
1056.999756
1027.121948
751.943481
322.395508
-485.720703
48.756836
1096.126709
1597.616211
1494.190063
1661.254272
826.723022
679.375732
366.616211
2160.922363
6630.441406
4277.344238
6.436035
-489.830078
548.587769
-884.218323
-1095.256592
203.355469
214.244141
1407.929688
901.293457
1138.587036
64.070435
-1445.047607
-464.637207
-95.195312
505.279297
304.414551
359.032227
-230.539185
-232.278564
517.895142
1567.926025
-407.458374
-1082.754150
-987.703369
-1219.131836
838.959839
1173.612183
477.322510
-514.917969
-676.534180
516.989136
-2084.213867
-3620.537598
-1015.750488
710.114746
978.669434
-32.577637
-1385.363037
-1001.079834
-425.823242
187.973633
2156.298340
2021.211182
1563.783203
1000.064453
-1103.289551
-1844.879028
-844.092041
1051.817017
1350.001709
542.173584
-10.403320
-21.907227
2195.950195
1218.235840
-122.869385
534.238037
-532.406982
366.530029
5015.679688
2335.741211
-554.033936
941.922852
226.582520
-387.319092
-479.609558
-787.731445
-0.219727
88.934784
1635.585938
2737.387207
-1165.469971
-497.152710
1436.968872
180.816895
-157.739746
-705.126465
-1719.703613
-1044.110107
100.817871
449.618652
-94.705566
1053.080566
-128.264648
-281.775391
65.917969
38.814575
660.868652
109.732910
-320.860352
-572.276123
788.999268
626.997559
-1462.959473
-369.397949
-256.920898
-1995.148926
-12.644653
-340.125000
-422.304688
260.193298
540.357422
1234.374023
153.840820
-829.073608
-1952.608643
-1727.270996
-948.209961
307.110352
634.074219
373.798950
-222.781250
-1176.609375
-20.787598
502.014648
1454.201904
391.568665
143.592529
297.386841
31.673828
-616.010620
-650.322876
-923.509766
314.234863
-343.601562
707.786499
339.972656
688.541016
860.685547
1308.312500
42.825684
213.375488
708.882812
-408.649902
728.716980
-189.231934
-504.024902
1160.386230
473.421387
386.735107
-345.265137
-749.307617
-569.802979
-570.170410
928.007812
2727.814453
865.574219
-569.001465
-539.127930
-879.496094
1893.331055
1592.381348
-249.217041
541.358643
519.589844
5.705566
-215.750977
-210.587646
555.201416
796.040771
-82.636719
311.490234
1318.603516
-85.191895
-138.946732
1237.225586
1459.381836
397.454102
-739.950928
-1029.066040
-540.622559
440.664551
622.412109
967.967041
683.397949
-594.918457
-62.590088
257.392120
680.374756
612.905273
867.087036
750.826050
-194.338867
-404.155762
1826.944336
485.211426
-23.466064
385.741943
-1088.260742
-1836.878418
1678.312988
-213.473145
-904.760620
-171.150879
1128.010010
490.750366
-88.968994
3322.522705
4315.450684
2089.903320
-282.484375
-160.788574
251.047363
-1278.108398
-473.772705
846.762207
-2484.786133
-2579.409668
-217.534790
-651.627686
16.702637
978.828369
-225.066284
-1454.964111
340.679932
911.911194
2081.185547
-742.844727
-388.375977
4.576904
-878.411621
333.542480
212.737305
-380.636719
1571.051880
2101.834473
-689.903809
-2276.746094
-824.540039
-550.857422
456.106934
1284.770996
284.104248
-122.468506
1254.573730
807.062012
140.542969
-109.493652
-402.115356
-566.871826
463.694336
1986.688477
797.556580
311.138184
407.848633
712.729004
-894.816467
-418.286133
283.739258
770.773071
309.072021
513.150391
855.671875
4800.430176
3649.399414
-834.403076
-981.520020
-1864.565430
-2595.744629
-1152.935547
-928.922363
-2666.820312
-3711.769531
-1660.833008
439.656250
1046.446777
-319.228882
24.051758
925.656494
1127.893555
2215.584961
1326.689453
624.150879
1201.274414
427.602783
-909.453003
-1461.094238
-854.989197
-697.490845
-790.731201
-505.762207
355.834473
-443.494629
-385.576660
-932.318848
-708.760742
1122.017334
1125.177979
564.117188
498.477051
273.291138
718.447021
239.406494
-846.550171
-7.183594
1050.830078
-151.875488
455.912598
1458.609863
1490.063477
3476.213867
2184.006348
49.545898
457.003906
459.510498
-190.835449
-88.670410
547.375122
-713.769165
157.900879
700.558105
-787.956177
-699.126221
62.162598
1093.790283
2290.116699
-297.570068
-94.812012
-1166.187744
487.880798
550.080566
-1676.815430
-452.876953
926.392090
1535.988281
578.886719
-1670.058594
-929.372070
21.574219
4314.185059
3855.434570
793.741699
737.477539
-521.747925
-555.598267
866.351929
-224.200195
-2190.323242
-6185.217773
-3786.460205
-1182.948730
64.158600
-1774.309570
-1372.023438
242.292480
101.475464
-604.271729
1645.114258
-1284.275391
-537.237305
1467.736328
136.103516
1333.164062
-167.673706
4309.049805
1343.594238
-702.658691
-705.544922
-709.171387
120.822266
4535.078125
5628.988770
1077.684814
-1385.184082
-2890.531982
-2697.245605
1331.517578
-303.910156
1203.736328
-436.023926
995.744751
1061.517578
-804.514648
-1211.309082
213.482910
-692.384277
-1751.924805
-814.430176
-441.796387
135.775146
382.130859
649.704956
-784.369141
-223.557617
736.611816
1354.396973
661.271973
1275.339844
983.451172
-989.014648
1347.414551
40.744873
977.824219
-2882.542480
-2211.364258
319.167053
767.791504
-1294.291016
-1673.965820
-2920.447266
-548.857849
899.207275
263.982910
-183.325439
-644.311768
-708.139648
571.854797
-439.577637
534.203918
-4364.897949
-3599.944336
969.746094
1093.245117
-208.443604
-194.556519
-1398.187012
-1066.125977
1656.200195
5671.200195
6111.623535
372.440918
-345.000488
-1261.471191
-837.854614
-295.364258
-85.128906
521.364258
-353.524536
38.786133
-608.388672
206.349121
-23.830566
-102.824707
687.998657
-5.313721
-480.510010
1317.452271
-199.682617
-304.913086
-66.176758
2463.089844
-35.571167
-1219.302002
-893.880005
937.035156
4160.437500
3938.384766
-1065.873901
-832.110352
2042.131836
4296.764160
3455.949219
141.169922
190.659180
85.116882
-311.194183
445.791992
1702.595703
-1827.080078
-987.154785
409.201172
241.708984
-910.044189
-3357.961914
-3288.957031
-990.680176
-70.027100
549.451172
1064.041504
213.716309
-528.341797
-2249.169922
1569.845703
-896.709473
-469.296875
862.241211
-1694.840820
-1643.484863
-1125.498535
-51.164062
-915.489258
838.791992
-546.787109
940.930176
45.517090
2555.593262
628.142151
-1312.791992
-576.838867
-434.048828
-159.314941
-703.002747
987.965210
1715.529175
1467.811279
381.320312
543.342285
-784.483887
-649.132935
-822.819336
863.875000
787.418945
173.475464
418.525116
515.937561
1518.554932
1936.156128
1195.189941
-21.517090
-1732.601318
-1772.825928
300.800415
820.334412
-1392.440552
593.397095
1080.591309
-1195.824829
-121.113525
958.458984
-1550.487793
1805.058350
3561.475586
1043.403320
675.692871
-589.208313
-4549.142578
-2393.382812
567.444336
1498.454346
2348.795166
-600.312256
-871.052246
-162.780273
604.493652
3261.437012
1221.754395
-1279.613037
-4424.609863
-5142.481445
94.931839
319.681641
-972.704102
-987.176514
-584.297363
-475.764404
-382.103516
218.897461
-439.332520
-1065.586670
696.033203
657.978516
-1325.967773
-553.603027
-956.966553
-838.881348
-509.924438
-282.740967
422.775879
-232.137207
550.320801
199.868164
243.342285
378.931396
636.639343
463.081421
-630.830078
-561.338867
5.531250
-208.789795
-118.218750
1269.122070
2140.363770
1302.813843
697.088867
1162.557617
1269.828125
-407.717773
1320.924316
543.236816
-522.524536
1721.708008
1298.240234
-1054.433594
-318.070801
2033.050781
-1817.857788
728.632324
-2094.857910
132.727051
-674.570801
498.530518
918.590820
155.895996
182.104736
-509.859009
859.625244
129.558838
1163.943848
1337.313232
-162.132568
722.897461
1549.319824
236.281738
900.714355
1892.327881
475.181152
997.264404
39.467041
-142.659180
920.155396
-438.857849
924.142151
2042.593506
317.954468
-902.254150
186.988770
-321.193970
-1390.688965
-487.764404
867.298035
1069.279297
360.299561
-82.554199
-420.498047
-402.540771
276.762939
728.019775
1185.549316
1046.534668
1376.163574
1533.720947
1067.240845
-58.544434
779.810547
-618.821777
-948.996826
469.303223
727.595459
-768.736572
-1621.191895
688.801025
674.075928
-142.211914
-1040.660645
-1115.094482
641.933899
559.897583
530.073975
713.135742
685.504883
255.280273
-1209.196777
-307.218750
790.448486
-2170.815430
-3339.934082
571.660645
2073.146484
3270.000977
3301.447998
591.317139
130.153809
-1071.211792
-450.352905
708.625610
1243.552368
1262.997925
1370.742188
1082.696899
775.828064
816.218506
425.611816
346.245117
660.490723
1457.475464
155.344727
-28.454590
311.227539
1312.524658
947.404297
862.322266
605.047607
1009.937500
842.615234
496.439453
-207.376465
165.490921
59.812256
789.606201
356.430969
-281.288086
2127.906006
439.739258
1181.597290
-71.815430
392.608398
537.901123
-7.017090
646.558105
886.826416
462.918213
1892.129028
667.737549
16.441528
-221.013672
811.252930
279.931641
1597.137695
277.988831
1861.988281
541.938477
660.062134
1166.408203
522.216797
206.791504
-1479.089478
-2141.805908
-955.142822
-162.049805
64.553711
557.979004
-768.525146
-266.333252
1281.875244
1963.149780
-780.826172
-1108.015137
-1127.031250
-2371.848145
268.422363
3041.139648
2841.101074
-847.418701
-1243.645508
578.677734
-390.711914
385.115112
1278.446533
1276.578125
-608.250000
-794.888672
-367.740234
-2069.117188
-3137.832031
250.115723
-826.563477
-926.130859
-1268.928711
-358.121582
-20.768555
-35.856445
1633.062500
-1316.868164
-656.344238
-188.561035
1632.926025
1062.130371
-772.312012
-1624.232788
-681.312012
-605.170654
278.349609
-849.572021
-9.571411
1093.324951
-877.709351
-469.868652
1091.820312
-681.700684
-422.834351
815.025391
137.522461
151.126831
105.340088
-262.174805
-945.920654
777.043945
-62.650391
-1686.233154
-644.507080
1709.365967
1605.132812
957.234497
731.267334
699.439941
1281.189941
1872.671631
1155.525146
-756.675049
103.571777
206.893555
286.851440
-383.697266
-349.140625
960.794067
-1426.916992
-3657.783203
-1444.647461
3.731689
834.170166
1139.467163
-382.269043
-911.422363
-929.404297
212.143066
1875.361816
-33.830566
-466.073547
-59.040527
294.572266
175.034058
1444.435059
692.698242
524.723877
719.046875
2232.772461
242.165771
2187.990234
1479.508789
141.786133
-500.584717
-245.927734
1686.503906
1488.715332
35.251465
352.492188
1129.274902
-589.862305
-613.742188
1180.135254
2027.142212
1406.619141
2073.475586
-727.343506
96.127441
81.133789
-331.195312
627.578125
388.929199
313.819336
-197.955078
-90.959473
-326.390137
-1478.000000
-1916.130859
-64.102539
1782.250000
582.022461
408.801514
448.800781
-323.985352
-64.857819
831.450195
86.929688
1364.160156
-1704.976807
-2580.410156
-821.404053
-691.123535
342.360352
-186.481567
-96.133057
865.986572
906.021423
-369.048218
-381.602295
53.925537
451.072510
937.312927
608.752441
1096.272949
-887.663574
-2788.986572
-2767.438477
-2438.078125
-372.978271
712.876221
-601.833984
-102.487732
1923.157593
627.716309
-461.734863
-677.548828
-923.832947
-1101.794678
-272.542725
129.247559
-1011.813477
-1681.083984
-1391.993164
-643.527100
1908.684082
3565.976318
847.166260
-202.630371
-101.272949
-1771.268433
-288.960449
416.526855
-2033.943359
-1365.500977
-171.553223
1411.212891
1267.571289
401.603516
1897.486328
1855.921387
1128.609253
-942.040283
-365.510986
-13.359375
-633.939453
1152.625000
1864.156006
1277.333008
-199.415039
-1184.580078
-571.268066
1080.745117
1033.561646
854.612610
1425.358887
1887.637695
1246.377930
-612.086426
-218.404053
-757.367798
-518.100586
-1620.037109
-94.634277
-176.325439
-592.517090
418.481445
1801.085938
-227.296631
-909.977966
-811.962524
1589.451660
2330.588379
616.347900
762.728516
891.812500
-316.280273
841.188843
492.183594
-1686.382812
-1639.668945
-998.401855
-203.107300
289.482422
-649.336670
142.703125
487.713867
508.821289
768.100952
126.142166
681.126465
189.565430
-41.420654
-555.540771
341.489502
1420.401855
122.915527
93.651367
299.611328
-128.178223
20.107513
-772.785522
952.982910
647.809082
-130.311523
644.269775
-40.196289
-53.732910
1229.126465
-345.994019
-1785.524536
741.693848
41.804565
-2009.999512
-1429.166016
-256.830811
860.221985
400.167969
486.392395
725.883057
-17.890137
-629.595703
1069.747437
1515.851929
1117.872192
590.638550
-219.098389
-748.645020
-639.675537
-373.375488
368.148438
1096.021484
-492.196289
176.874512
-666.191162
383.836426
160.509277
-107.551270
1804.018066
469.666260
95.171997
1836.482422
492.399658
-1042.810547
-334.971191
-1120.870850
961.307129
2831.815430
943.923340
-547.959961
892.121582
469.079102
56.458984
2467.450684
-493.857849
-208.747559
-93.452393
14.952148
-96.138672
981.588379
-109.566284
-1443.256104
165.259033
93.385254
390.929932
79.685913
-5159.636230
-1854.687988
594.198730
453.451172
118.881836
1092.374512
1277.433960
-280.073975
1615.408691
1477.532715
-1120.007324
-599.724609
30.355469
-116.324219
-695.547119
-151.450195
273.954590
710.321533
-38.389771
-171.937744
-50.953125
-781.543457
256.220703
2388.897461
2157.676758
968.409180
-567.113525
-644.731079
507.607056
1108.325684
-2155.234619
-967.868774
141.771484
697.769043
3407.448730
1156.964355
47.490234
426.183105
1740.170410
4560.144531
2243.302734
-335.103394
-729.322021
-611.354492
-78.267822
398.321777
-1452.265625
-272.160156
301.979248
1149.911133
86.618164
1295.428711
-1108.338745
-702.450928
1211.389160
2401.648438
1769.132812
-1287.552490
-188.911621
448.492188
669.666626
609.329712
-340.191895
1233.536133
-101.316162
11.789062
493.015625
516.317383
-224.132324
100.272217
1099.958008
969.596680
1020.475403
379.794434
-1298.778076
-1209.323730
582.486328
1287.893555
-667.041016
695.848633
302.598633
1257.925781
587.472656
-533.222656
1395.989014
1035.574219
-481.408691
-338.289062
-233.736328
513.235352
194.195312
776.926392
775.647949
-1010.007812
1063.454102
903.355469
762.693359
838.319336
279.241699
1299.738281
-268.683105
-702.777344
-173.567383
-1320.365234
-1771.911133
287.630859
-586.044678
-1442.233398
-952.674561
-1333.524414
-776.756348
-107.049805
-196.438965
-493.233398
-659.544434
-1136.462646
609.972900
179.907227
476.949219
1113.969604
586.064941
921.928833
-369.384155
264.706787
378.035156
-711.795410
-640.069824
-219.764282
-701.294922
738.937988
-473.744385
-108.800293
-672.092773
614.362061
1350.090698
1962.935791
840.400391
744.523193
451.975098
-1332.196289
-719.501953
-578.046143
-2515.925293
-3087.649414
-899.875000
426.782715
840.109131
-630.930908
-821.278687
-578.353027
-547.286133
1903.796875
47.871094
842.112061
-204.361938
-1059.843262
449.524414
106.531250
-1347.345215
-697.608398
517.669922
241.786621
1573.864014
-3473.943604
-8924.473633
-4588.041016
2156.200928
4144.834961
2247.488281
241.550934
-1248.959229
-1457.026367
-245.187012
-1558.603516
-349.132812
-1111.010742
-940.354492
1230.370361
1374.641602
1221.649902
978.646973
1506.093750
992.898438
3203.470703
2147.300293
-235.551758
-1103.524536
-508.095215
319.494141
-41.188477
-66.051758
-579.109375
2690.812012
744.774658
629.024414
-631.341797
829.734375
-2598.418945
-592.040039
894.787109
1236.570068
-524.004395
-411.237915
687.260315
919.209106
747.387451
-176.235657
-264.733887
120.520508
-1816.453857
-1086.650391
737.153809
381.251892
372.800781
282.888672
999.310059
1037.605713
527.086182
1008.132202
1041.700806
1310.025391
270.671387
-2287.499023
-2074.313477
1096.933105
-774.943848
-941.827637
-312.371582
926.791504
-22.247559
-12.578613
254.267578
-285.543579
-684.342529
407.831787
-1036.366943
-889.636719
262.760254
78.877563
1050.627197
-623.942139
-1760.560303
-228.294434
3813.785645
36.353516
1154.836914
374.386719
130.518555
466.083008
1438.510986
565.311035
181.398682
1204.243896
82.460938
-438.394531
-289.336060
1498.952148
2588.667969
3998.356445
3454.095703
727.617676
228.629639
717.951172
579.125977
25.936523
-834.131836
-455.770569
-146.575439
1231.386230
447.611572
608.206787
149.296387
-216.602539
235.228516
1737.650146
917.437500
910.650757
601.629395
42.474365
-517.640381
40.615723
1005.306763
-491.843750
-1688.747803
-96.750977
450.005157
-1684.113770
-490.712891
-190.282471
-401.878723
693.225281
-972.048462
166.590088
1348.982178
-611.099854
-1977.884766
-1570.022461
287.429443
-511.948212
209.307861
461.522949
-279.786621
-458.184814
-1395.778687
-1259.723877
-216.262451
-396.299805
1387.497070
1113.414551
-741.447266
215.774414
-980.023438
-409.916016
-658.382812
66.419922
300.114258
1876.979004
3084.476562
1953.788086
-443.679199
-827.621338
893.859619
-114.396912
-292.765625
-164.979492
-656.951172
220.876953
3261.447266
949.344971
1478.770996
1107.372559
774.566162
1302.872070
714.447266
-129.516602
-1669.309082
-1889.630493
572.571838
606.219727
-270.790527
442.169922
-119.606201
-837.740723
-2243.519531
-1314.655518
-25.018311
309.243164
1334.489014
2072.046875
6136.380859
1682.903320
-6.083984
1325.667969
-321.463379
1231.759277
1762.475464
-816.257324
-645.335938
-975.093750
331.969727
-1756.574829
-355.524536
615.743103
-502.197327
1459.871826
286.362183
-176.071289
-1890.979492
-3513.326172
-2022.937256
439.484070
-721.220459
-539.672852
-1623.375977
704.121094
-746.288086
-634.658203
-114.839844
2167.009277
-570.314453
-495.824219
891.358398
100.358887
-838.993652
-1148.131836
-2058.790527
-1673.137329
-612.956299
-294.429443
901.181641
-1337.172363
-160.818848
-248.231766
-796.261230
1855.216797
960.692627
-1518.331055
-1986.557617
-994.792969
-323.687500
-427.051025
-181.131348
266.597168
731.914551
141.777344
2016.929199
883.402100
-1344.177734
-1886.421875
-928.960938
430.031738
759.132324
1123.558228
-552.143555
65.335938
567.149414
750.549805
2162.645996
2020.782715
302.569824
-728.557434
-77.452393
-1175.587402
-144.025391
1188.809082
1187.428589
1188.972656
1478.752319
1870.059082
2802.104492
1242.737671
481.651855
563.280273
1451.030029
764.133545
570.022217
69.006104
1373.142212
1781.914307
1018.737061
-334.694336
-466.411255
-224.958496
160.975586
619.303650
788.812988
132.281738
943.440125
499.172729
74.305664
-2817.812500
-3456.949219
-1090.133057
500.557617
1476.447266
1151.562012
-276.767578
-1354.166992
-590.025879
776.700928
-418.586914
-183.812256
772.528809
-126.344604
511.518066
783.667480
-226.208984
1073.672852
-3293.231934
-4430.877930
-3262.162842
-279.897461
568.221436
-133.607239
-1651.197632
-1543.892090
-1165.806152
373.685547
653.677734
-547.283203
-593.128662
85.455078
79.985840
-933.252869
315.466675
1068.071777
-502.540039
662.350220
-722.197266
-614.669922
-680.672852
-268.737854
503.640137
834.317383
-888.323303
-196.456787
1321.157227
467.831543
547.543945
-1670.403320
-1860.351440
-820.701660
559.067871
693.820312
305.273926
290.914062
866.106995
592.358765
925.457520
1537.782227
-634.837402
522.014893
4986.150879
2995.578369
531.320801
-1068.539551
-1249.872070
-154.992188
537.859375
-1349.740723
437.706543
991.837646
898.780762
-491.831543
-800.345947
-534.136719
-416.321289
-733.897705
388.818420
626.955566
-704.876892
-639.025513
-53.821533
585.037842
-847.018066
-1516.684326
619.533691
1486.541504
2365.672363
183.907837
-803.572144
-314.630859
-1554.219360
865.028320
833.275879
-344.774414
1000.260498
369.913086
451.494629
299.674072
-844.955322
941.786621
287.020508
-168.645996
734.101562
-2559.255127
-4168.864258
-264.009766
1853.975708
5122.117188
6364.903320
2730.043701
-669.179016
-1194.904541
593.354126
-867.850891
-3285.455078
-958.572083
519.052734
-1009.844238
-12.031982
328.038574
-1240.005859
-562.334473
-508.229492
-1353.068726
619.715210
572.459351
130.749268
-268.333252
191.122345
1543.646240
104.625732
456.784302
1478.083862
-127.521484
2761.796875
1520.976562
-792.545715
1027.482422
2207.059570
2850.496094
1314.422974
-859.476318
268.221191
970.104370
741.586670
3225.920654
2134.577881
-559.140869
-3359.271484
-4396.071289
382.752716
1417.911133
-573.990234
25.460449
440.593445
963.956543
-568.413086
-1346.463379
251.296021
-782.695801
-1217.468750
-288.493164
1610.015625
-39.126953
1207.894531
517.956055
-23.808594
88.319336
-1116.191895
-514.572266
1136.434814
302.805176
-574.676025
-454.875061
-435.170654
111.350098
549.842773
648.881592
73.752197
-554.377441
975.913757
1385.199707
375.545898
1082.512207
1167.700439
-421.624023
-512.118408
-2.654785
-2368.947266
-2823.637451
362.081024
1399.180176
-113.847656
1840.656250
919.343750
299.031250
199.907288
-927.337891
344.314453
816.619141
-233.603027
-670.275879
-1390.857788
586.279297
1504.946289
696.443115
223.540527
-645.737061
-1810.956543
-1580.165771
56.246094
-68.561035
-105.791183
222.063477
-604.133301
-1471.437500
794.019043
2558.087158
1427.476074
-370.036743
851.355469
987.159668
156.572510
69.419800
21.614014
217.122803
-7.106567
-275.172607
1128.413086
1062.799805
-298.987122
-188.514648
1282.891602
60.431152
-1031.633301
-576.880859
-451.381836
-1075.295898
-2088.319824
-4412.929688
-4986.520508
-1759.526855
911.189880
-435.290894
-476.042908
1010.636292
37.177734
350.058594
438.709229
-571.830078
-736.668945
-348.918945
412.830078
1545.434082
822.139160
169.304565
-1826.809082
-1063.337036
600.123291
-88.397644
-441.710938
951.816895
-240.344727
-915.560730
973.323608
-56.976807
-582.358398
-358.289551
1748.264893
3864.342285
1362.159668
-341.773376
1470.986938
681.541870
677.211182
-230.357239
1328.738770
1437.851318
579.491455
1045.582031
-319.100586
-674.663086
622.242188
-521.976807
-626.025879
1054.001709
931.097229
664.118164
-1192.465332
-979.069092
-322.621094
-267.063965
560.293945
240.473145
495.941162
779.678955
-938.721558
-709.663574
1770.489258
413.027344
63.413574
1393.176270
1533.442871
-272.046997
498.837646
1674.397949
1439.846924
1010.901611
390.023438
565.379883
768.557129
166.721741
1548.362305
-838.277344
-2065.598633
-229.820007
-176.708008
272.528320
15.478027
-1734.728027
-249.821289
1084.158203
118.222656
98.235352
404.895508
-716.890747
-717.876221
-893.319824
-525.612305
-152.910156
403.367188
963.809570
1027.433594
2552.083740
2690.145264
522.877136
-436.432129
801.590820
392.450684
582.826904
571.337891
404.306152
677.428223
1472.491211
662.451172
-147.056274
-750.892090
-110.070801
-178.893066
2115.245117
1578.242920
898.327393
746.361816
372.154297
685.827148
172.618164
121.520515
558.641235
-105.700928
823.541504
-1013.041016
-1699.857666
-3320.295898
-3645.650391
-2086.325195
740.634644
-179.657471
257.398926
358.241211
848.535522
690.083496
96.261719
375.332581
-476.864502
-284.504028
158.711914
-203.165527
-101.077393
-574.669434
-1180.646973
-12.798584
-2483.654785
-1725.899414
1022.537354
415.764404
913.905273
-407.284180
-653.527344
-572.955078
-230.076904
-90.083984
-908.936035
-894.250488
-1110.280273
-870.960938
-539.187500
385.772461
-13.972168
3.329102
-356.524536
-1127.872437
-552.701660
-44.044922
-978.333984
525.947266
357.468262
236.322021
-519.032104
1029.216797
2085.947266
613.955505
-193.652710
194.897461
-94.932617
205.590820
-259.252686
1107.525391
-12.669922
-940.792969
-255.738586
1023.743652
1579.688965
2411.750732
-654.045288
59.854248
698.943848
848.211914
1190.646606
931.119812
592.916382
629.953125
-182.709961
165.118164
-634.168945
1178.125977
1077.803467
1231.887695
167.886475
-2023.857788
489.495117
-255.909668
-694.822754
-1269.020874
-352.606537
309.206238
172.308655
-300.395264
-592.472290
461.269287
1239.443848
1156.754639
1081.239136
585.353271
1103.200195
606.076172
402.011719
-292.201172
-642.254700
1300.261963
2924.471680
2155.304199
-655.173828
-261.915039
-123.137207
-794.960938
-1554.981934
183.611816
1021.304199
2105.639648
2455.101562
-775.610352
-2473.117676
-3272.488770
-614.207520
632.563232
-868.796875
-376.282227
534.182617
1075.226562
890.520996
28.045898
496.347168
-237.593506
414.484375
-2413.561523
1548.986328
979.180420
1449.608643
641.756714
919.438354
-3617.506348
-7778.263672
-2725.780273
464.879059
-583.678284
-250.524506
138.329926
398.404297
-67.524536
889.626465
-499.244141
-1415.188965
-2105.248047
-658.458008
438.605469
1273.436035
1604.118652
787.523560
3874.235596
6099.863281
2593.668213
-838.177612
-3513.444092
-5414.901855
-1436.593262
-288.370117
-297.241699
320.754883
679.987061
171.658813
-1872.015869
-314.871826
304.336609
300.757324
423.527832
-237.464844
-247.088867
-1350.652344
-570.231934
-169.624512
-7.281982
-252.336426
-0.459473
-1124.277710
1511.530273
3758.312988
594.288330
-189.012695
-1631.719727
-1836.142090
922.356934
1590.391602
899.452393
-1286.651855
-499.128418
745.852539
-210.288086
345.120117
-2512.571289
-481.076172
2281.747803
2596.573242
-584.576782
-331.076660
-312.382812
-576.981934
-116.074249
-111.326904
-593.532227
-1773.499023
-1037.818359
323.039551
-1041.107056
820.694336
821.111328
-116.909180
-27.026855
702.505981
-2553.770752
-4735.865234
-608.976318
621.884705
70.534180
412.293945
1670.343750
1044.342529
-1434.632568
-531.267700
-958.786133
-1975.181641
-7.871582
-164.008057
395.332092
1426.400879
507.852539
1645.916016
1376.897461
227.557129
-1641.312744
-1333.975586
-796.781067
-1477.414307
-246.834473
-1139.540283
-4063.545410
-1496.358887
580.050171
-1237.538086
-1307.800415
-111.894226
15.653076
-706.840820
-328.193359
134.255859
673.998047
-151.030762
449.230469
975.127747
833.780029
-268.959717
-540.981934
422.673340
866.781250
-561.588379
102.538086
606.519531
415.170898
-22.869629
-331.524780
-584.429871
-1245.978149
-470.303223
470.441162
-113.268066
-839.916504
-414.617188
-67.814941
563.610352
-674.739258
-1219.680664
730.830688
417.534180
-261.311523
-1484.893555
-1251.177246
573.547363
307.270020
607.158203
-748.195312
-169.102539
331.600586
867.364258
765.091309
746.322754
480.522827
713.047119
-270.964844
-714.215332
1282.437012
1842.112061
1752.784180
1743.944824
1337.292969
-348.815430
-1857.139648
-3852.608154
-2917.678711
70.142578
2193.193359
2449.177734
3583.119141
-317.125000
-119.694824
-1265.912598
-2908.141113
-1608.867676
-283.424805
1191.644287
1446.588379
978.556641
1827.602539
1511.485352
1251.006836
786.345215
-0.984131
-82.086914
-300.604980
323.905273
-1099.650879
-4519.524414
-1475.917725
1497.076782
-611.028076
968.958252
1828.261719
-5304.236328
-808.494385
2048.830566
541.009766
1250.167969
-969.558594
241.629730
35.639160
1387.645996
372.452148
-953.997559
-1286.325195
856.183594
2632.193848
3151.074707
2421.452148
1767.384766
1881.531128
871.412598
-502.815674
-1920.950439
1495.012207
2783.209961
3443.412109
2153.044922
-1187.330078
131.324219
259.647217
2022.471802
622.462891
-1798.210449
-2181.046387
-11.192383
1058.574219
1703.070801
-442.064819
-1566.378662
-577.041504
-878.629395
2259.544922
-2994.872070
-1368.832031
-2339.263672
809.219727
1727.371582
740.663574
-46.190620
-396.010254
-1036.405518
499.410156
3962.890381
3307.267090
-386.732910
-525.747559
917.633911
398.566406
35.009521
-334.045410
408.424438
25.197266
1186.171387
506.268066
1807.406250
805.093506
762.046265
-498.405029
432.352783
-1253.044800
1325.721436
5692.869629
1386.412354
-748.106934
686.627686
239.614014
564.938965
-675.093506
-451.275879
-588.528320
-1027.222656
-55.746094
-1160.801025
-1193.215576
-109.838867
36.524414
1475.131836
1413.895508
872.916992
282.980469
285.653900
212.062988
-193.090332
426.122803
-900.118652
-935.703125
-930.790771
-949.139893
388.830322
623.121094
104.637695
23.524414
44.785645
-1370.104248
-1352.242798
-614.740479
968.421143
-2146.494141
-2899.647949
447.724457
625.587402
-1478.523438
542.487305
-3115.408691
-6211.930664
-3646.140625
-1023.491699
186.904495
-556.745667
-733.611572
639.323242
523.499512
545.012207
-168.192932
-1446.884888
396.962158
1032.640381
1053.848145
316.733398
-330.370483
-1098.612793
-1318.362793
880.384766
-435.678711
-1035.850830
-542.446777
131.630371
-1228.222656
-736.177734
-448.039551
892.677490
-908.287842
-645.473999
615.899902
-778.999512
-2397.968018
-180.697632
125.005005
-581.857849
466.328125
1420.487305
-11.377930
474.017578
333.261719
-615.890015
-127.280273
-95.243408
73.102600
1183.760010
-531.476562
-1608.214844
3143.163574
936.631104
1015.482910
1507.660156
797.729248
21.060059
-472.557129
99.301758
642.094727
225.262939
1076.708496
326.026123
-157.787109
573.773438
-907.432129
504.217285
581.545166
21.274414
1251.697998
1110.562744
-41.083008
221.152588
-29.233276
131.639160
282.347778
-443.573059
-819.110107
-792.244629
220.756714
-933.202515
31.288086
-2552.593262
-5584.015137
-1815.707031
-9.093018
201.272827
224.159668
19.323242
684.808350
371.404297
-813.167236
-1301.537842
-742.697021
383.437500
-277.132935
-354.133301
293.983398
993.044922
-409.510254
152.337891
622.015259
2687.607422
1542.346436
-330.326416
-290.760986
30.322510
121.806641
464.040039
1005.372070
-548.582031
857.029297
-624.506836
-893.297607
1064.057861
836.636719
411.828613
1097.474731
641.691162
277.063965
455.069824
-682.616333
-1410.097900
31.069336
903.420410
311.022461
16.176270
-458.384155
-699.289429
-1683.261108
-1386.235107
806.742310
512.391113
174.470703
335.369873
-2263.980957
-3639.954590
-2153.191650
-941.441406
686.367188
559.633789
325.813812
410.400879
921.704590
-1561.107910
-520.209473
700.779785
280.010254
1015.550781
1224.239990
573.473755
148.874268
-1060.590088
-565.773682
298.648193
-362.316406
484.975830
1716.021973
950.435547
653.415039
623.170654
614.939453
-775.760254
-1458.558594
-333.783936
-326.885010
-914.331055
-293.254272
979.073853
500.383301
-398.824219
1495.172852
3852.794434
3468.460938
1787.401855
-410.017090
-362.923157
-343.870117
-375.906738
668.522217
512.445312
-1928.071289
-386.553223
-448.035156
605.155518
1502.427246
-576.439453
-3716.770020
-5649.685547
-2534.718506
1838.642578
2435.635986
820.138916
-312.931641
-3629.843018
-4805.936523
-554.073608
323.768921
552.472900
3431.958496
2843.458984
1535.105469
-233.376709
-336.510254
-299.445801
-583.522461
-779.421387
366.331055
330.580566
-286.818115
1401.393066
1251.306641
6.701172
23.035400
893.755432
56.362793
-665.213867
-591.250000
-306.694336
-133.777100
752.938965
442.175781
46.366943
702.167480
-505.895416
-496.034668
286.183105
-802.683350
-1341.948242
-1679.347656
-25.926270
84.833008
1187.614258
348.047852
-756.827148
33.606689
1257.483643
175.254150
611.002808
1361.509521
497.010254
1025.932617
1603.259766
55.362061
114.685303
-682.832153
4.150391
1470.799316
2128.124512
984.316833
153.578369
578.774719
-1291.534668
941.705078
-302.816895
-376.215332
84.977539
-192.610352
63.830078
157.425781
-133.342041
-720.531738
-988.823730
1011.297119
2104.039307
-63.718506
-209.455078
-87.318359
-39.484375
-522.193604
60.591309
-15.186401
856.111816
149.114258
-55.937500
224.692871
329.856201
1556.968140
-828.930298
-3676.012207
-1877.804199
-436.295898
489.760498
462.225098
-1212.046875
-358.019531
-246.013428
4870.604492
9892.537109
4111.120605
-429.178223
-918.956421
-380.688995
369.855896
-685.859131
-534.041504
1345.661133
1355.080811
54.933838
-694.833008
-372.674316
55.975586
1165.517822
1471.191895
1191.318359
1004.049561
-981.667480
990.692383
-1256.682007
-3597.661133
-4962.034180
-5570.990234
-5946.716797
-2760.801758
343.500977
2078.798340
1419.573486
-293.424316
42.076660
-393.123047
-546.557129
256.538574
57.988281
-253.320801
-758.056519
-756.582520
-237.163086
-739.609131
1558.784180
2.089355
998.067383
397.039551
201.693848
-2974.780762
-2069.911377
841.360352
-548.619141
328.568848
406.074127
-45.437500
-1007.730469
-1387.809937
-1771.647705
-1469.346924
-891.890686
-326.161621
-331.385986
-1320.010010
-1255.660156
1030.392090
86.534180
-607.197510
-173.479980
327.644775
289.775879
-181.259766
250.063965
-713.797485
-613.229980
-124.493652
-173.671143
-605.985229
-663.262695
2104.571289
1210.640625
298.242188
-2002.157715
-381.876953
-572.380371
665.293701
96.324875
-737.054443
657.371094
-142.519043
-985.188721
-591.142090
671.801758
1072.827148
-124.761719
530.328125
-341.486084
1305.622803
3129.510742
-1124.042969
584.694336
758.599609
569.014160
1113.166260
-502.232666
98.294922
1667.142212
324.675049
1549.150391
740.362549
-319.926147
-765.683655
-629.803955
97.500000
1079.124023
1310.911621
-557.558594
-2006.240234
-608.499268
-311.877441
-432.583252
1596.240234
740.704590
86.301025
-500.131348
-191.463379
-742.524536
-170.352539
834.324219
366.816895
768.740601
-474.524536
-985.237793
-876.869141
-1157.746094
54.207520
-673.481689
252.870117
628.195801
210.390381
-142.583008
142.962891
1.089111
-879.441406
-1183.216309
-1402.548340
489.107666
1536.039795
655.978027
978.132812
904.001953
-272.579102
-295.548584
791.992432
-844.849609
-1164.461914
592.060303
-1018.790222
-1349.990234
63.248291
108.399902
1594.164062
500.273193
-163.531250
-156.803223
-84.350586
581.187439
745.699219
-822.210449
-948.145386
-736.883850
-1447.270874
-237.252075
2053.912598
642.194336
-899.587402
-124.712158
98.294189
-1150.123779
-723.475586
-1171.107422
-5843.554688
-7579.423828
-4206.643555
345.384766
-581.990723
1360.776367
3371.063477
2614.256836
1807.395508
1576.250244
981.137207
-137.354004
418.036621
166.746582
-29.704834
553.474426
107.647087
2031.749512
3355.171143
271.476562
-323.682129
1513.479370
668.943848
-309.434082
-9.184814
-177.898315
-454.201904
1367.370117
629.036133
536.730957
-350.184570
-1469.398438
-2190.206055
-846.418945
-515.115784
-1591.738281
-297.383301
-329.320496
720.000244
488.679688
2518.825195
3964.852539
-80.613281
2192.392578
413.544922
1092.398804
146.854492
-8.401855
-144.505676
1742.315308
485.634277
185.312500
-51.092285
407.461914
1172.938477
-274.296265
2309.366455
4937.019531
2252.247070
17.475098
-345.654297
-581.496094
-336.526978
-149.384277
-861.740234
1028.760620
-206.093506
-1473.185791
-1257.963379
-398.922852
270.187256
-191.489975
-1352.528320
-411.958008
4.600586
955.961914
2368.475586
1080.439941
-811.187622
-77.355957
-1117.664062
1508.815918
3307.084961
769.941895
-543.376099
591.739990
-1324.196777
-366.155762
394.083740
-1387.741455
-3743.681152
-2710.476318
-28.558105
627.936523
-231.856445
-151.730469
-95.300232
3.128418
152.121582
-279.750732
431.313843
-483.883057
243.162109
1938.534180
1680.526367
452.009277
1509.493408
359.496094
1139.175293
1667.542969
-174.887512
-897.693848
-391.636963
-69.799561
-210.617432
-246.916504
894.075684
1999.056885
-911.935791
-1041.623291
-817.373047
-2735.524902
-2103.593994
-344.075195
395.157227
1510.685547
-847.623535
-1599.038086
-1463.396851
-258.456055
2794.052002
191.731934
-102.759033
-3109.152344
-3806.596680
784.026978
2822.013672
2486.134277
757.020020
271.820068
392.422607
-89.006470
-604.664917
619.530029
705.800598
1275.312012
-45.862305
456.444336
603.432861
1295.254150
599.957764
-562.632812
-995.163940
-920.659668
75.234497
703.513550
129.335693
-851.743408
534.142151
-292.407715
-1695.580078
-400.135742
-349.996338
-844.518799
348.186981
-3776.543457
-2019.445435
1302.437744
240.399658
-385.226074
-683.115234
-820.124756
179.791260
13.632812
-1014.684570
-2337.225586
-1043.138672
178.909180
4958.946289
2247.076416
-157.044434
-2620.256348
-4954.744629
-1179.197266
1429.340820
1535.121582
1734.470703
-436.050049
-428.420898
-464.433472
-1025.971191
859.238281
-477.380981
-3290.539551
-4981.134277
-2230.945068
915.894287
-453.244843
-278.395996
998.508789
-850.694336
-904.327087
-1109.721680
-677.385132
710.125610
-696.814453
-1377.519531
-929.596191
241.689575
1350.965332
-24.153122
-924.476074
-1394.897461
-1153.527344
-458.593262
926.134399
4226.730957
-443.197510
-511.730103
-539.562500
37.252930
-262.500977
4701.634766
4805.482422
2444.516602
129.655518
356.536133
-941.126953
603.361328
687.087402
-1415.194824
-4434.754883
-2082.906250
-268.524506
-952.743408
-682.562744
-255.310547
-809.697632
150.164062
55.439941
-283.902344
-193.791351
-410.376953
493.878906
-364.356445
-309.947266
-1399.969116
-31.566040
-554.535645
801.520508
3443.209961
1063.014648
-282.181885
-361.823914
-2059.202637
1877.971558
5039.258301
1465.352905
-629.587158
-241.370117
-2219.360840
-1512.655396
-806.051392
100.221558
-181.068848
2358.591797
3090.307617
940.161621
-202.536865
-2586.443848
-4704.288086
-700.744873
578.269775
-273.905273
452.819824
-653.707520
-1620.469971
1139.749023
1791.448242
-189.524536
1521.306152
-405.435547
827.183594
-2363.762695
-4818.364258
-5204.041016
-1336.814453
-63.469482
-860.619995
-339.797760
-59.072876
212.566162
-390.053467
-708.310486
-318.878540
-1199.186768
-2362.130615
-396.826538
709.880859
578.794434
797.946777
-686.282349
-672.957031
-469.554626
86.177734
-382.540039
196.653442
387.036377
1094.301270
3240.326660
2302.687744
516.770020
-477.617493
-219.414062
1233.883789
568.645996
-1242.567383
205.655273
33.698242
-885.062500
-839.980225
786.807617
889.642639
556.435059
1653.376709
1733.461914
1327.540039
-682.045898
1260.840820
1778.804688
130.121094
3.790039
-240.188232
798.357788
2103.142090
-463.356476
-1062.703613
-43.409668
-52.595703
217.961426
-169.456543
-860.069824
-730.369019
88.484985
1442.330811
593.427002
-926.245117
-684.795410
498.047607
70.338379
-284.324951
-733.965820
-275.445801
-1956.413574
-4511.041992
-3283.912109
-849.228027
1374.688477
-11.278320
114.277344
-3180.047852
-619.063782
1755.821411
761.467041
317.264526
625.113831
-1306.394775
-2940.864502
-876.176270
385.681641
116.034668
134.544434
683.036621
448.648926
-1282.131714
-786.463745
354.530151
72.475471
-1091.820679
159.373230
663.282593
-785.767456
297.495239
1073.944336
588.701416
30.117432
551.446289
963.330811
745.917480
-315.973633
1730.876953
5321.404297
7772.519043
-441.463867
436.968750
-24.720703
-181.949707
-388.847900
-1173.877930
73.916748
-83.440430
-249.198242
3016.871338
2768.035156
-704.222656
-1828.683350
-1021.926147
-393.806396
341.010986
271.105225
1013.026855
830.993530
-86.178711
-624.865479
-283.815186
-221.736938
-1582.111572
17.423828
856.647461
802.750000
1215.957031
447.281250
557.266968
1011.865234
-1387.751587
-6131.151367
-6317.214844
-1658.171387
157.098633
-208.046875
1166.081543
1441.983521
540.438477
72.591797
2285.730469
756.949219
403.192139
804.852783
-289.839355
-472.567871
-1286.066040
-651.950684
1694.642090
791.907715
437.968018
1062.774170
812.444336
426.807129
1753.453125
1720.966309
1537.916016
282.511719
-1472.027344
-489.614746
-599.709106
-577.649414
465.505554
-194.727539
729.141602
2910.114258
2382.567383
-441.017334
-216.756836
144.140625
194.187744
1093.686279
1109.532837
216.522217
-1420.287720
-1935.318359
-534.180420
-629.043457
-1122.042969
-29.130371
592.832520
-278.873047
-753.333008
8.758789
-1547.846680
-1065.401367
-1737.410156
-2280.491211
-664.600220
-1325.784912
-1902.921387
977.133301
-187.546875
-1301.750977
-1930.089844
-1517.562500
-2074.889160
-1110.760254
223.313965
-1769.979492
-1177.906250
38.020508
-70.115479
521.104980
378.950562
-659.086914
-832.798828
107.592773
261.508301
687.847656
591.775879
1915.584717
2651.441406
1455.119141
-1519.319946
-1340.335938
-1427.191406
23.569824
1664.666992
1102.056885
1146.960449
184.018555
-441.109375
482.260254
308.724365
732.048828
-1072.198730
336.692322
491.491211
36.800293
-811.345947
415.599609
243.898193
-425.124756
781.027344
2890.194336
-1499.960693
1579.472168
418.176880
-488.275635
-879.220215
-2090.806641
-381.802246
1575.799805
-1.741211
-1576.753418
-1079.280518
-673.515869
1580.764648
897.829590
748.126953
633.247803
-2564.657227
-1632.872803
959.225830
-643.660706
-1473.431396
107.843506
-797.679932
-295.983643
994.207764
1246.904785
10.481934
-1271.977783
-251.510254
-281.246582
396.693939
1344.128418
644.379395
1759.566895
558.274902
-1935.429688
-4261.997070
-1673.132812
1626.331055
698.321777
497.193359
-1725.128906
82.989258
168.402344
374.844482
620.553711
388.772461
70.653320
690.767944
361.762207
-890.402344
-190.738281
-324.983887
-249.157227
1929.782227
943.456543
22.002441
-991.773682
445.090332
1068.475586
107.874756
-965.956055
-477.494629
-701.991272
35.476074
-245.026611
-944.292480
-606.967529
1177.278809
813.561523
143.512695
-640.257202
-444.616699
-428.724365
-207.252747
241.206787
285.670898
-860.545044
-1386.271240
-126.158691
147.204590
-781.839844
-625.197266
-494.993164
873.377930
1824.441406
-367.148438
-1336.959229
-810.669922
-180.143066
-1370.345337
-834.324707
348.554688
712.771729
-348.670898
-3343.948730
-2909.147461
-994.830811
996.034912
-24.359619
-1102.656006
484.293884
-141.651611
-667.673828
125.236816
212.328125
602.399597
1079.232178
880.475464
-353.754272
-733.593262
180.128784
182.779541
-2.334717
7.889160
3085.215820
4401.349609
462.148193
-274.704590
813.885864
-911.069641
-174.279053
358.676270
-201.126953
332.708008
167.053345
3241.788086
2819.321533
-362.921143
-517.845947
-215.231934
1443.091553
4011.161133
3603.232666
1183.451172
514.398438
364.320312
106.326660
442.627930
661.370605
-7.271973
-186.638672
40.944336
821.701660
145.483002
133.824097
625.542236
2428.331055
4997.609863
2062.051758
-77.857910
995.019226
403.351807
246.210205
402.452148
655.137939
402.035889
-543.654297
2630.649902
5395.836426
1785.721558
-132.460938
957.038086
-482.938232
1335.777344
2376.667969
-278.803711
-361.448059
-69.605957
98.129883
447.778809
-853.742920
-1701.680176
-36.173706
-379.280273
-168.079102
683.811035
41.044128
1813.231934
-1496.606445
303.455566
-62.350586
-971.783691
-444.896973
359.475464
-694.260498
-1859.862549
-830.481750
1463.507568
1143.642700
-316.039551
76.945312
-2403.339844
-3200.227051
467.377441
1623.580078
1154.785645
643.971680
-926.122070
-428.678223
-293.606323
400.599121
-226.713867
764.178711
-392.145996
-306.519043
-1881.455078
-3312.304932
-369.597656
-1254.433105
609.624268
450.289795
-107.325195
1677.842529
67.417847
-1324.155762
-267.954712
1004.738953
35.089478
-1539.547607
517.724487
-70.130493
-1759.467896
95.180992
813.288696
1787.752563
1773.531128
-182.106384
568.686096
534.958374
-197.172607
-591.104736
-172.196533
-755.614014
-2410.553711
-1918.013672
-45.851074
544.163696
198.058975
-1179.925293
-1581.365967
451.664307
169.443115
-3784.991699
-4262.678223
-526.266113
479.673828
-152.384766
-366.206909
-1112.975098
-481.739746
-249.471436
-33.908936
-121.245850
-299.513428
-1775.219238
-687.766113
-874.713379
-1072.070312
-399.435547
1226.788086
16.026855
1528.808594
2919.693359
1784.025391
74.746094
422.187439
-466.862305
-1212.088867
955.941406
580.060181
-420.371704
-325.967529
-1278.170410
1162.765137
2671.102051
994.607422
91.368103
810.497314
-208.143799
-68.596191
920.833984
837.911133
-195.027588
69.524445
1837.022461
998.334473
-60.288086
365.842773
-942.234497
2456.212402
4807.833008
2378.259277
-672.405518
384.175781
764.002441
293.629761
-724.379395
143.705078
392.553955
566.234863
154.103760
-1467.121948
1417.185303
320.532227
-1167.570801
79.487427
21.259766
-258.996338
-292.910156
905.840332
1469.549805
-120.729980
-499.588867
-298.732910
137.306152
1051.589355
-998.331543
-353.379578
518.088745
-839.070068
-1460.065430
-375.928711
-2099.883789
-693.255371
-835.630066
2498.363037
2547.787109
-759.356934
1010.159180
-49.381897
-913.466553
555.783203
-132.960205
266.312744
1050.705811
944.933899
532.387207
-1310.386108
-1464.417236
-764.095703
216.935547
830.853516
1927.529541
1106.137573
-2.598145
120.149414
1824.952148
1773.789062
-299.228516
-511.686523
1741.474609
-182.028320
-15.240234
-970.308838
308.414062
445.777283
705.081665
3107.625000
2263.448242
-98.334961
1298.714844
-1381.126587
-239.965576
-203.442932
-1818.396729
-994.168396
-587.151367
465.142578
-84.193848
-102.701172
-48.065674
-826.904541
-267.527344
2974.824707
1395.450195
728.481201
-659.935059
-1885.790771
954.748779
-9.459473
105.841553
579.336304
-36.346680
1008.962280
819.255371
-322.031250
325.805664
-646.836426
370.160522
636.917725
1176.288574
813.145508
-466.976562
-225.824219
434.869141
1255.136719
1149.706543
-101.770020
-669.714722
-279.061035
-93.343262
171.120117
-1403.489258
-600.227539
477.426758
1587.504395
2345.374023
432.705566
-1617.835083
164.617188
3433.532715
665.975586
-759.707031
-6967.362305
-6642.877930
-2133.068848
994.333740
1010.290039
-184.863281
-286.119141
-1239.366821
542.897705
-629.262207
-2886.130615
-513.184082
1478.350098
2877.425049
1389.157593
-1654.120117
-1765.611328
-751.991211
-418.493866
162.015137
-58.290771
-297.161133
-873.313965
427.124512
855.082275
-28.977600
-876.445068
-3141.684814
-1779.446045
-2300.880615
-922.511719
65.923828
1685.108398
-101.183105
1238.966797
946.692505
-833.345703
-439.800293
691.093262
-447.205597
-424.226562
1035.061035
-849.217773
-518.597168
-381.229980
-636.769043
193.771484
-350.028687
647.352051
1497.001709
314.246582
-102.656738
-658.524475
-948.087891
-460.760742
674.660156
344.352905
1819.738037
1954.586792
2643.579590
1683.037109
-2.053223
-276.353271
96.394165
-357.955078
1216.159180
1395.482422
-140.249023
-409.722656
72.482788
-1116.079834
-1412.545410
88.897461
69.482910
505.844971
452.199219
281.215332
170.403564
-982.508545
-1169.865234
-1392.125488
-77.978516
436.414062
-85.744629
606.529297
1458.151367
2569.307617
483.707031
1128.845215
-290.861816
1120.684937
1698.384766
-248.591553
-1355.366089
20.237305
1934.939697
180.830566
-767.748535
-505.832275
-725.947876
-401.534180
112.308838
-1481.058838
-823.247070
-171.586426
351.471680
276.777466
-285.791138
-352.590820
-1271.540039
-2601.761719
-1046.041748
-154.004883
-711.306396
-1112.289429
195.137512
1245.960571
-745.983398
-1590.060547
143.717773
-1006.432861
-265.594330
211.838013
-1945.300781
-2885.796387
-1142.188965
38.073730
160.691406
166.807617
-365.776367
-193.662842
206.413208
241.923218
-1070.154785
-743.202637
-876.723633
-1893.504395
612.115479
1191.606812
370.550293
525.179321
437.656006
266.090088
-401.271729
-631.634766
794.638672
1635.408203
669.966309
107.416992
455.063477
-52.937012
596.765625
1869.354248
361.199219
-586.794678
673.390137
1155.208984
1202.581543
888.217773
485.327393
-274.421631
-353.572266
-75.449707
-47.846436
1118.113281
1009.730957
141.990723
-44.309082
-624.244629
470.317078
949.047852
-285.572754
-570.882324
127.592773
-397.173828
-825.719849
-66.339325
966.021484
1518.724121
1049.169922
-483.667480
-122.534668
-866.330078
306.869141
123.711182
-230.687988
1769.880859
637.325195
-626.214233
2099.295898
1356.339844
-430.826172
453.774414
-76.958496
1810.022461
847.306152
-559.273926
-844.153442
-1804.461304
-367.336426
161.809570
-38.089844
441.759766
537.555542
184.878906
2004.725586
1772.041504
173.750244
773.187561
1532.616211
797.206665
372.638428
-0.416992
-254.986328
770.762695
675.077881
2033.288086
306.836426
158.020020
-209.578857
210.307739
-315.828125
-227.502930
1567.568359
988.678223
-286.495819
74.510254
881.648438
-1036.125000
-104.524902
418.558594
40.117676
-198.335938
-665.585693
-590.363770
-134.257568
-521.857849
-639.936523
878.813477
-289.186523
-885.237610
735.017090
1289.432373
-501.524536
-25.511230
-828.974609
23.347656
-2344.857910
-402.860840
-1168.268555
224.191895
1506.232178
856.495361
319.624634
-720.566650
-1342.775146
-49.126656
363.276367
499.992188
275.475464
1538.505859
2151.004883
764.691895
-1967.838867
-973.771484
-3411.874512
-3198.182373
-281.907227
-225.166992
93.165283
2287.895020
103.386963
-398.401001
722.609985
-370.901367
-1724.916870
-637.241699
-155.251953
588.709961
718.525391
456.860840
744.055664
880.208984
1959.030273
57.024414
-1575.937500
-496.211670
-680.974731
18.815063
3630.917480
3470.115967
353.821533
1004.564697
487.241211
848.689941
976.145020
574.734497
890.265869
764.455933
733.950439
-147.089111
-39.338623
-260.524902
-1294.548584
-1458.925659
-692.414307
375.881592
1336.360352
832.746826
425.677734
4017.411133
2651.125488
10.340088
620.271484
714.296631
-327.578125
1562.981445
65.267700
-689.038330
-645.892944
92.708374
-528.448730
-497.559570
73.408447
940.405212
-202.052490
-104.811768
175.101318
323.136719
25.475464
-171.430664
985.222412
-753.688965
-1663.408203
-3056.954102
38.688965
2484.848877
3631.708496
1212.260742
-1929.812988
-667.572876
-769.109741
-233.050903
832.025391
-158.283203
-721.508789
-975.169678
-57.886780
1414.142212
287.147949
-737.857849
1373.142212
2031.053467
-742.948730
-581.860352
-1182.465332
-1691.680176
-231.629395
71.093750
-976.760742
-691.167969
383.476807
1788.400879
967.350037
-445.560303
465.808350
910.442871
-1393.582520
-1292.830322
-616.149658
727.913086
390.980469
-769.275330
-2692.074707
-688.602051
484.180176
1376.984375
776.271484
189.420410
589.933838
-556.122192
-153.912842
1735.629883
1938.311523
2086.009766
2359.988281
586.142151
639.498535
-381.312134
-1192.688843
401.178467
1547.652832
-260.776855
-1154.049316
566.574707
-150.000305
449.783203
2528.657227
2351.065918
3715.640625
-417.823242
-1394.512207
-901.231934
1136.052246
397.427002
2722.219238
1728.831055
-1109.624390
-646.749023
689.414062
72.893066
1196.340820
3047.574219
2319.144531
818.779297
821.439453
1530.361328
734.466064
-1092.953613
-217.525391
-1265.167969
537.046875
2654.795410
1921.021118
133.255371
121.394531
244.981201
0.371582
237.325684
529.650513
-155.857834
-1254.130859
305.089600
563.326172
476.475464
1321.560547
790.915283
93.494629
753.921387
331.318359
-1291.128052
-2780.341309
-2220.541992
78.484375
867.963867
344.395752
-1137.391602
63.228516
-1101.684082
603.437866
1204.346191
146.236816
274.232910
-439.497559
-661.562012
1216.692505
-70.060547
1312.066406
3523.316895
240.181274
639.327148
3404.949219
845.747070
-997.187744
-1097.956299
-1109.973511
32.275879
657.944336
1006.963135
432.224609
-336.711914
-469.086914
-1204.603516
1181.055176
2952.038086
759.038086
-1367.368652
-2393.043457
-1353.792725
607.610413
894.305786
-740.366760
-264.465332
585.041260
-930.809387
169.602051
2255.700684
1688.906372
2243.576660
581.824219
-1108.499390
474.095459
2050.176270
2217.791504
215.921875
346.016113
359.367676
-442.037598
-1345.582764
1397.828369
1712.689697
2938.219727
236.441406
456.742432
1484.575195
66.016602
343.817383
236.974121
-1404.672852
313.359375
58.497559
19.060791
-619.449219
169.785156
-182.229492
707.053955
-1167.675781
125.083496
689.967773
627.717773
712.344299
-244.597900
-813.011230
65.926270
483.598877
-1028.517334
361.308289
-246.974731
-4600.590820
-5707.231934
-1005.761230
-732.910400
-1070.370483
881.649414
-1120.984131
-1834.135010
1172.469482
2049.319336
-1471.541016
-930.134766
-43.082794
917.269531
-267.651855
2860.484375
3854.580078
494.531250
1268.128906
1930.143066
115.962891
44.067429
524.509766
-413.934082
-184.183228
-256.535278
-1359.436768
868.000732
2194.031250
883.987793
-1006.623291
-373.449341
842.835938
-698.849609
397.520996
-115.683594
-669.282959
-66.025879
369.377930
-1153.420410
-908.903564
494.475464
-598.238281
-1506.964355
112.289185
195.895020
-47.790039
1753.683105
167.537598
-1908.368164
-2108.381592
-1280.935791
-446.613281
701.084595
-396.333496
-1275.385742
-164.363770
1029.444336
586.754395
-363.885742
-1837.775879
606.807190
335.132996
1801.079590
5059.931152
3858.187500
-469.425781
1917.695801
887.484375
304.941406
-609.062256
698.055176
-128.741821
-1173.038574
-3.403809
-354.221741
-2103.648438
-851.650391
134.309570
-1076.774048
-1370.908447
-1041.951416
325.562988
-320.606201
404.899902
1369.258789
30.256592
-337.796143
999.010986
1289.092896
640.656067
-859.644775
-1136.048218
-658.258179
-71.517090
480.221191
91.792969
-932.658691
421.746094
488.315430
620.764648
582.300537
158.435059
721.252441
1967.900269
4207.363281
1428.484619
-763.462158
-46.661621
-225.519531
137.901123
385.582031
50.532715
-29.882812
458.683289
1424.817627
92.964569
-1165.221191
112.007324
-576.731934
1166.425781
3090.149414
1471.314941
435.366455
1149.502197
622.512329
-1028.138794
-255.307617
-753.273071
109.303589
2223.456055
1724.615112
-666.425293
210.710938
-149.766113
-706.157471
55.012939
539.540039
599.409424
266.208984
805.501465
1214.526855
98.942383
-500.189453
429.462646
169.584473
-440.699219
336.196777
-245.618408
683.066895
1461.274902
-443.143555
-339.957031
526.214355
-454.473633
-1111.716431
-174.338135
-1466.822266
-6032.045410
-2506.233398
713.879639
-986.839844
-338.032227
322.613770
-2422.545898
-486.042480
46.063477
355.993530
1442.445923
1337.551025
-577.582520
347.861084
1537.645508
-210.418213
-206.361938
1343.348267
710.017822
-29.909729
-385.428223
894.516602
251.673828
-192.060547
-377.030640
2137.520264
4193.232422
871.050903
-212.648621
1152.514282
924.609070
-1119.149292
-1748.364258
-234.822754
-1602.826172
-3548.165527
-1567.983887
92.494873
4566.689453
6859.336914
2930.695557
-305.998535
519.734863
281.352051
176.628418
479.919922
-1206.172363
-2567.506836
-1154.187500
1431.645020
2426.011230
3169.655273
2689.163086
1548.444336
-1650.127930
240.800903
1297.865234
585.993164
-591.063477
-872.679932
-696.232422
2934.648438
105.045898
-160.482910
-391.298340
243.791992
957.946777
169.147888
589.665527
344.255859
-141.347168
1941.221680
-187.052856
-279.102051
-606.150879
925.462891
1279.884766
1491.019531
584.956543
104.968262
-535.468262
-203.197021
-1009.387146
-786.488770
137.317871
-131.711792
-499.521057
-922.662109
-1849.812744
-387.876099
735.484863
749.396973
161.685059
-606.334961
1546.876953
601.330566
-1891.345703
345.197754
685.159912
200.242676
892.557861
-446.888428
-127.287109
102.172363
-1102.208374
671.675781
1621.699219
336.145020
-17.395508
1809.188477
-1025.427368
-663.882812
-226.407227
892.678101
863.253418
-208.929443
-433.446533
-167.150879
-2591.493164
-5210.165039
-1691.294556
1397.834961
-880.651123
-471.362671
-830.178711
-3840.107178
-3370.341797
-1131.691406
1550.283203
-587.375977
-380.176849
537.005371
776.382446
242.062744
-313.280518
-1270.542603
-1546.710205
-625.151367
-317.835938
-1141.037598
177.328857
1585.165527
835.381348
91.144531
362.518555
260.737183
-161.276855
-393.759399
240.729980
-900.173340
-84.255371
-191.315186
-842.444214
623.791504
320.284912
-1020.555420
-1182.348145
-533.254883
734.721863
-48.255859
-202.352539
-18.348633
297.456055
1052.059326
757.638916
1400.939453
1022.851074
1545.626953
-461.367188
-2920.736328
-491.569336
1509.361572
1815.735596
1258.307373
-765.125977
-1675.102051
-288.300537
-238.346924
144.243652
557.083740
1021.397339
2186.636719
-1402.261719
-429.524536
260.453156
1063.855225
629.847168
-88.783203
-294.365723
-631.908691
-1892.739258
-1202.857788
487.899414
462.838867
1954.475464
1993.714844
275.224609
-1157.279907
-200.072754
-129.204102
-256.535156
607.210938
1388.256104
37.241211
268.628906
970.978516
3404.194092
5085.339355
2359.122070
300.628906
-381.859375
-179.297852
47.364746
-785.519775
350.765503
560.024170
12.488770
770.866211
438.444397
175.085938
667.824951
-36.641602
-355.152344
503.105957
-715.989929
-217.648071
1401.420044
415.155273
1126.019409
1306.986328
-718.275391
405.975586
712.588379
-856.606445
85.897949
-319.570068
-866.344727
-740.718994
-1144.237305
-1103.423828
-802.263184
49.586914
-50.324341
10.414062
509.025879
68.927002
-1451.404785
-262.808228
-1292.066650
-2993.922852
-600.094727
116.619629
322.101807
-464.216919
-133.857834
533.089844
3358.247070
3978.339844
1520.217285
-1271.002197
-71.039917
229.679199
1483.698486
1304.027466
149.200195
-629.985352
-829.332275
239.494141
-579.923828
-588.164551
391.456055
424.192383
550.833008
890.291016
-315.866211
-274.662842
-1605.526367
-58.839844
-942.556641
327.243896
258.187500
-742.128906
1113.511230
838.456909
328.989136
-2412.404541
-1215.194824
1061.420776
-716.913452
-1157.925293
-826.533691
-1088.511108
788.740723
1123.695312
2086.178223
40.357422
124.764771
-225.160767
734.026245
1200.997803
178.455566
-661.015625
1017.773193
577.049561
-2362.596191
-1905.884766
590.196289
-795.595947
-74.560547
-465.892578
-237.637695
1880.198486
2812.834961
3241.978027
-641.587219
-3215.474365
-3750.662598
-1521.356689
-817.812988
710.777832
1069.186401
-861.842407
-421.357910
90.945801
1023.947571
2149.772705
-470.728027
-195.368652
1350.103882
-204.170288
-1301.857788
-1419.994629
-998.499329
-505.480957
2422.928467
2798.995117
-91.657288
432.352539
765.522461
1482.498047
1178.737305
-697.456360
-564.825806
-1614.800049
-878.508301
631.674316
-24.675781
211.315430
-16.455078
-833.413330
745.842773
863.011719
280.578613
-256.407715
-347.994141
1902.833984
3052.301758
4356.988770
2146.992676
561.177734
-349.440430
-428.972412
623.074219
993.287109
944.345703
84.309570
675.955078
-1436.472290
129.167480
841.176270
634.546387
180.216309
-649.788086
-1019.542969
1259.508789
-129.121094
-1741.729736
-141.167725
-632.600586
-920.295410
-1435.025879
-1273.676880
496.834930
-57.480469
-1881.349609
-711.333984
571.723145
1127.297852
1100.985352
618.395020
627.220215
11.451660
-15.230469
15.960693
-556.524536
-1006.607178
-2478.293945
-424.044189
247.857422
-659.519226
2048.511963
6315.305664
3179.372803
251.331848
160.063477
-1493.288330
1840.840332
4848.328125
3072.552246
-235.622803
-1896.664307
-1239.022949
-330.438721
-371.249023
66.185547
-1954.941650
-2546.998047
1163.595703
843.099243
-1368.806641
-4210.604492
-1075.155396
1228.666504
-252.778320
-987.479980
109.625977
67.894531
-730.848389
-469.694336
-62.532104
179.026367
794.557617
87.835938
-128.757324
175.939453
850.681152
98.732666
-227.570312
-1280.975586
27.909485
1953.598633
2433.737305
-2593.303223
-1854.181152
-1162.377441
571.746399
3037.095703
3057.545410
-27.517090
329.361816
-457.781494
-1363.086914
-491.264160
123.627441
427.209473
253.891113
1288.807983
1152.943237
976.362793
633.952148
537.862793
225.790802
-427.346191
-871.947754
118.533203
781.645996
1441.477539
1060.496826
-115.719360
473.222900
552.385254
-1024.986816
-958.346497
-105.226807
-195.477173
920.462891
557.755371
-698.319336
-700.810791
-215.710449
-295.287598
304.086914
216.757812
-140.933105
-162.802124
824.859802
-60.993683
-704.128296
-441.081543
-152.320068
-1187.336426
-1000.554810
-1279.744385
-1015.310791
-660.757324
140.685547
-1478.686035
-3200.573242
-2916.053467
-1038.669312
1555.382812
3616.335449
3120.884766
82.849609
-4289.415039
-3885.062988
-523.603271
1502.856445
-1174.368652
-1309.746338
-611.618652
-1630.118164
-226.355225
986.474426
-1115.387207
-2785.088379
-1753.565430
1070.602539
1133.959351
-116.633789
-862.700684
-586.526123
1749.203613
2714.031250
1288.339844
364.635254
-435.365356
-752.002197
-372.525391
-263.314453
-548.619141
-242.319580
1645.107910
-52.002441
306.520508
551.294922
-376.806396
1196.910645
1675.687378
-1083.738281
-1369.010376
-1392.857788
454.789734
2109.936768
593.178467
183.810303
878.394836
490.633301
994.637207
-268.289551
-717.823730
622.185547
-530.503906
-3.781738
263.593750
282.176025
-473.431885
731.549438
297.519531
516.040039
1047.789551
585.798096
1448.903076
698.746094
477.255859
-2.890625
-468.546875
-70.606934
-954.031128
-705.769775
380.997070
-102.437988
292.747559
3286.498535
5033.199707
2937.950195
1553.123047
121.776855
-1001.778687
-575.255859
1482.183105
1079.242676
609.576660
2040.206543
495.039307
-592.013489
572.342346
320.518555
-320.527344
772.894531
685.433838
939.346680
202.829590
-844.488220
208.102051
-12.358398
-393.317383
-472.364502
1293.644165
1118.720703
660.284180
-533.789551
-1716.095215
-37.328613
397.608154
-773.997681
50.254883
-2832.466797
-2896.177734
-1854.833984
-628.376953
1274.238525
327.979004
-1104.337524
-135.496094
192.864258
-163.144043
-1200.349365
6.405762
560.554688
-466.712402
-912.920288
151.688721
613.437988
560.498413
-564.182983
-757.917969
-225.632065
511.326172
-320.275391
-717.898560
-200.403809
87.068848
888.510742
724.376465
-394.267822
-90.973755
630.737000
-1475.813599
-25.667969
22.220703
-40.774414
-2040.250977
-241.567871
-773.824219
-591.469238
114.360245
-906.113770
-428.915039
2576.650635
-1626.444580
-1134.788696
-1990.845459
-2947.673340
-1182.217773
1559.368164
3541.435791
2912.177246
14.337402
-452.766113
-93.830811
-1133.282959
-1117.060791
-677.833496
-1402.872070
-289.900879
367.523926
1841.562500
755.386719
425.473755
-461.898438
-3503.222168
-2632.740723
-1203.416992
172.858398
815.059570
763.406250
562.590576
1164.729370
455.327148
581.219971
-478.259277
156.052734
536.282227
1050.098999
-579.897705
2397.475586
3188.175781
1282.795898
918.210938
-2834.794922
-2214.893311
533.655273
990.820435
-531.560547
-718.775024
693.676270
-662.878906
-4035.739258
-3497.691406
-497.170013
534.658813
2497.660400
838.115234
-1758.340820
-451.556152
489.113525
-281.179077
87.716309
1014.533203
547.710938
61.250488
1191.065308
1216.623535
986.703125
-111.344727
-206.635742
987.813477
570.701172
-539.993896
-733.655884
61.063721
-272.112061
1290.261230
1383.247314
-248.126709
-1234.872070
-666.442871
308.007324
574.021667
288.816650
-164.410126
543.601562
602.975586
1.170898
-202.555176
-379.524536
-453.876709
-1465.473145
-1005.840820
747.385742
1191.743164
2736.020020
786.896973
2155.430664
1749.894043
30.482544
-463.113770
281.100098
1563.475464
-572.390625
-2237.257324
-457.172485
247.567383
697.665283
1985.279297
2443.413086
1499.847900
489.475464
-2337.378662
-5769.616211
-3357.360352
-221.636475
1114.650635
1360.737549
1209.009766
202.533203
-304.372070
-1157.014648
-122.961548
-533.026611
345.898376
1261.749268
-240.469238
-1242.046875
-421.484375
-1148.635742
-687.486084
626.373779
72.023438
-521.039062
107.578125
619.561279
56.492676
-1653.022217
851.237305
-154.920410
-1280.813721
-329.898682
397.655029
2008.520508
-57.039062
11.679932
959.855469
384.974609
459.588867
135.349609
1352.312012
1453.157715
297.839111
-842.246094
-1170.459961
-373.653320
1026.897705
900.923828
1485.000977
-227.506104
-206.871094
-7.282715
-2312.617432
-1159.854492
-300.507812
-1657.670898
-287.629883
773.460693
39.523438
-1433.013672
-1234.731934
-225.819336
226.601562
-830.915283
-134.749023
1804.044922
111.716797
-863.679688
853.530151
173.628662
274.167480
2974.778809
2890.475586
216.968262
-1357.843750
-3710.183838
-5025.618164
-247.118652
1187.121582
1364.959961
647.876953
-1544.778320
-1776.867188
-575.598145
637.223755
-45.904297
1047.000488
1358.012451
-2162.983398
-745.889404
344.706787
1269.142212
783.968628
-254.898926
182.138672
719.132019
662.120850
-133.505859
-819.734009
-1082.130737
311.828735
732.657654
-865.081055
-904.915527
910.494629
-111.098633
583.367188
-636.407227
-197.169678
701.310669
-345.807007
482.026123
276.129761
-332.089844
271.731445
-464.627930
-1029.386597
-1564.532227
-129.335449
1126.944580
287.207520
264.815430
-253.677979
-1021.564941
747.500488
-375.199707
-728.456177
672.701172
77.000732
1723.615356
1920.030518
128.452148
488.113281
937.547791
-623.468506
-768.291626
431.445374
-882.611572
-1754.528076
257.816559
175.052734
782.075195
1274.358398
-4234.910645
-2736.666260
-978.023438
884.367188
374.720947
-1106.962646
-616.946777
-1155.136475
-271.489563
606.990234
-239.732422
211.264160
-117.484009
-978.369751
-695.069702
14.693359
402.161377
-25.481689
-791.411011
-717.293213
160.297852
629.616211
215.307617
525.576904
628.782410
-3446.141602
-5221.460449
-1683.748169
296.095215
1620.632812
1769.832031
261.805176
720.060547
1147.660156
1648.176758
-65.348633
1768.808350
11.132324
404.782715
1134.996582
-1137.063721
432.142151
1594.171143
49.433105
763.834473
1455.157715
59.374756
-1680.462158
-0.098022
-1198.526367
-607.685303
342.553223
345.409180
-111.529053
-14.916016
343.551514
-249.790771
-1132.924316
-766.471680
89.091309
1141.306641
-460.636719
-1222.351074
-1338.232910
763.103516
2482.862793
662.543945
50.475586
-272.399170
-179.857834
-1317.377686
-1522.628418
667.779785
637.663086
-26.534912
-211.390625
-123.602051
946.239746
-95.410400
-3065.051270
-5028.182129
-5379.256348
-3205.871094
-5.339355
108.776978
1541.533813
2812.403076
99.512573
-1214.597412
-1191.333130
-1867.038330
-1051.557861
828.875366
948.420654
-17.922852
-175.284180
-341.088623
-129.728027
-351.705811
-454.969238
-102.705566
-184.627441
342.024658
-1068.329224
-1015.833252
964.619385
-184.604187
-1673.430054
444.865326
1071.081787
566.383911
834.683105
879.958008
526.699707
4.526611
-206.927124
-605.610352
-3056.524414
-4042.472900
-1641.615967
790.034180
1157.123535
242.574951
-1319.925781
-724.631470
656.579956
247.428467
-668.595459
-2159.830566
-2635.367188
-905.367188
771.200195
957.256592
-478.984375
59.643066
-815.258301
112.315186
532.272949
-761.735107
115.548096
1372.758423
68.961426
-495.829102
297.185547
426.616211
-34.845093
221.163818
64.757812
505.276855
806.488770
356.119873
-318.446289
-293.658203
-361.756836
143.165283
672.386719
1235.609375
133.314453
-328.857849
-1126.170898
-3550.186035
-2421.172363
285.838867
1621.060547
653.749023
524.186523
-298.311768
-490.715332
-1135.597656
50.618896
65.784180
-492.314697
354.752686
3605.218262
4250.645508
1102.005859
764.947754
-262.848877
859.658203
619.142151
-975.428955
50.107910
1067.559082
287.167236
-38.513184
-799.036926
-1065.525024
-671.059326
-992.997437
-636.774658
274.540039
-52.209717
387.772705
1013.151367
609.291504
372.997314
-326.599121
-781.699707
172.079346
290.381714
365.829834
213.828613
-178.126465
-253.123413
1279.375488
3647.190186
698.598755
-557.736084
1190.364380
3099.115479
2111.851318
-1295.017456
-635.095825
961.046875
354.093994
662.473633
-1773.254883
-4517.000000
-1386.659180
487.261292
-1207.222778
114.829346
1244.856323
-447.607605
-187.053772
496.890961
-814.975220
-813.114746
-881.334473
-156.991211
2742.343750
2163.614258
0.699707
-565.881348
-17.495117
397.318176
340.572266
109.767578
-511.353027
-761.838867
1319.614990
1366.402588
31.726074
-484.815918
-594.027100
286.126953
905.823975
479.340820
142.219238
101.520508
971.968262
837.083984
-663.076660
-692.366699
-782.083740
806.602539
1163.511719
-352.601257
-2226.085938
-227.684570
-331.236816
-229.168701
-1080.181641
-3711.111572
-1691.911133
1456.231934
853.335449
1035.999756
323.306519
-1012.225464
21.086426
-107.789795
-438.317627
-651.756836
-833.389404
810.085449
682.203125
-724.242065
447.496094
144.300293
122.703247
1823.528320
157.495941
-648.054199
-409.129883
162.359131
2830.760010
1303.346191
132.155457
-896.036133
-2092.673828
-1445.497070
985.093994
-53.045898
-350.454102
127.834473
132.187622
942.035156
-599.506836
-525.217773
-510.880371
642.410889
525.764038
496.383545
23.823730
123.209229
559.135925
567.048462
2035.573486
1891.252930
-288.997192
66.854492
1674.070068
3164.223389
1916.849121
451.363281
62.416504
1597.559692
213.631592
-573.933228
596.759766
2068.710938
850.400879
-676.659912
-456.738159
-1034.849854
-413.142334
-47.927734
-1154.229736
-366.683105
371.520996
485.813477
739.635254
-820.070923
-129.911469
937.431824
116.110107
1368.155273
2886.941406
-296.655762
-215.046509
545.414307
159.431152
-27.121582
-721.201843
346.736328
1554.754883
427.291992
-834.447266
-1137.260498
-1269.244629
-45.078369
1430.087036
255.208008
835.974609
2353.617676
996.172852
-208.711823
-1753.168945
-1525.188965
1893.022461
4284.926758
3901.860352
1592.539551
-650.216187
-3885.876465
-4160.190918
-939.376221
-315.058594
155.135742
2318.139160
2172.573242
1857.060547
464.435547
-1240.071777
-1839.528320
-839.423340
949.910645
56.352295
-1799.690918
-5053.954102
-2114.524414
1078.641357
289.736206
310.835938
9.494629
-2656.244141
-2421.356201
-77.609375
62.865234
-1539.379028
-876.739868
87.695786
455.184082
-479.667969
-778.903198
936.724365
-263.866699
-488.204590
-143.054688
-865.674805
86.091797
679.723633
882.516113
506.014648
251.819336
76.098145
113.123535
703.261719
513.088867
388.236816
680.321289
777.209961
-64.306641
-406.551270
1823.015625
-679.921875
-519.767578
900.695801
908.771240
217.026855
915.907227
1225.874023
-514.773315
312.397949
745.510742
-539.895020
1926.823242
4714.694824
686.362366
-175.723389
1082.449463
-283.127441
455.241455
214.859497
133.876953
-350.051270
-1055.440918
76.615723
1928.102539
473.144043
1303.898438
-693.683105
-3174.119141
-5004.725586
-3080.750977
-377.524536
556.299927
468.766113
115.952637
-180.872070
442.964844
2328.891357
2809.475586
3.848877
-616.996094
-1160.295410
-2466.149658
-2169.425781
-1859.362305
-691.247070
-78.093750
-1582.028809
-1972.064941
-887.838684
598.741211
716.180420
781.643188
417.785645
-43.668945
495.718994
294.690918
660.894043
440.923828
355.859863
38.751709
-297.959442
343.142151
156.926025
1254.191650
2165.476074
512.406738
-250.660156
963.699707
1188.771240
440.009277
218.880127
-1228.877563
-1156.115967
273.337891
1412.214844
-648.964844
-804.047729
-982.376221
-516.019897
981.312500
-816.351562
-1526.843506
281.769897
-239.739105
2046.391113
4633.374023
3410.002930
-561.979492
843.949219
306.409180
440.927734
748.257324
574.610840
289.216797
1096.332031
281.074219
504.428711
1013.959473
165.786133
-55.971313
2254.476074
89.525879
-875.034912
-2163.121582
-613.617676
1996.122559
3792.833984
6625.489746
3407.893555
-809.998779
694.852539
665.318359
2383.192383
3111.251953
187.683594
-850.643066
-2517.524414
-1871.429199
-945.041016
466.734375
1275.698242
92.848145
555.118164
1502.072144
1585.475708
-220.913757
253.785461
505.925537
557.099121
307.412109
2189.055664
1958.033447
839.927734
792.123047
-650.524536
1153.149414
-1150.599609
781.628906
-588.392090
-753.672363
-1684.732910
772.475464
-419.720337
-1100.665283
349.055664
466.981201
-181.784668
-462.929443
565.437012
202.218750
-308.333008
-549.087585
441.430420
-788.843262
-0.524536
616.412964
822.928223
2924.583496
3799.515137
2869.520508
857.273193
-803.770508
-1970.239990
-123.935669
-102.193604
452.880005
1398.071289
3568.607422
1693.848633
1188.180664
-419.318359
412.885010
-636.476074
-36.953613
1262.336914
-1073.479004
-557.486816
-349.297363
940.848633
-966.805176
-889.293335
-1799.442383
-999.643311
1006.475464
-501.736511
-413.437988
1781.758301
1986.380859
11.609619
-596.220215
-339.853027
-897.623779
-1675.050781
267.915527
456.345581
-2739.931152
-2717.857178
-429.812988
1332.805664
3308.294434
1154.378906
-600.545898
-143.210205
-644.638672
-390.749268
-460.419800
19.898804
1095.887207
-422.160034
-318.071289
1547.237915
1049.971191
-947.972168
1302.789307
-215.052979
-833.468262
218.376953
1071.395020
638.607910
1086.843018
445.752930
416.266846
789.881104
-1017.406250
-3414.073242
-2764.658203
-2662.236328
-207.977905
739.350098
1264.314453
985.740234
-876.677368
-157.081909
926.776611
267.574219
775.922363
-212.279541
-57.633789
839.226685
303.239502
620.953491
696.204834
1521.880371
3527.154541
2224.461426
469.072510
-356.193542
374.053223
2027.120117
-122.704102
-1250.167969
231.146973
752.262695
4050.511230
4197.879395
854.403320
298.218262
-826.325073
-2404.160156
-1729.542358
-449.441650
945.398804
765.680420
175.687988
-42.525391
-619.097656
-196.492188
121.698975
-391.339844
-773.481934
55.014648
1347.338135
1106.936035
757.455566
400.201660
-395.039795
-627.110596
-79.656631
-112.437012
-63.520996
715.464844
1113.104492
259.906250
2352.042969
3770.077637
134.143280
-606.004822
-1875.673706
-2192.853027
163.451660
-1193.512573
-1270.668945
266.635742
913.232178
1501.173950
556.312988
-881.613281
188.456055
340.621094
-107.110352
528.952148
-530.675537
-2221.473145
-1315.824707
159.802734
1007.999023
2629.337891
-186.258575
-1043.098877
-839.072266
-975.693298
-1203.865356
-1354.292480
932.324219
191.784180
-174.275146
-145.579590
848.026367
375.553711
205.920898
-525.379883
-305.409912
-1822.295654
-863.621338
167.077332
-844.140503
-159.264893
135.809311
501.988281
-781.785156
-1870.252930
-3454.440674
-216.386719
-334.039062
31.362671
2284.724365
1582.330811
-572.500122
245.515991
-1258.724365
-331.047607
900.711182
-128.708191
845.522827
-780.376587
-829.551025
249.908630
-624.684082
501.639648
613.611328
-826.691772
-219.570312
-341.510620
-676.613525
-232.396973
-802.822021
-279.393921
104.445374
-2058.285156
-580.201172
463.682617
-674.967529
-351.855347
-727.848145
-244.986084
990.244141
913.577148
847.371582
505.024963
406.236328
-10.082520
179.205078
-1501.065796
-3404.981689
-1378.757690
849.884033
2657.649170
6083.204590
4182.927734
1220.566406
1138.356445
-95.207520
-237.865967
-806.796265
-101.453857
1110.014160
127.530884
-1233.793823
-1546.492920
-1390.824707
-619.014648
-83.913574
1243.064697
1037.924561
-178.607178
-2021.110840
-1201.978516
949.356934
528.410034
-94.007812
315.693359
-325.795410
-307.504883
155.788086
2478.666016
491.884766
-425.179199
-1956.291016
377.033203
-1475.784302
-1815.781250
-580.530273
684.108887
-362.352051
527.531616
97.896484
-216.537109
1273.547852
475.053467
1694.665527
2175.776367
-227.104004
1123.306641
940.622070
-1004.343750
-430.524658
-1088.228027
-895.061523
-126.556152
-1750.202881
807.847412
1238.648193
34.983887
208.065430
188.581543
396.446289
466.207520
1185.136230
874.805176
42.977783
870.677246
1356.551758
1555.791504
1215.168213
290.805420
410.752686
162.062012
-1022.560547
-954.526855
1002.473877
-665.697754
-268.000488
455.414062
-474.489014
-674.333252
284.671997
1561.102051
1198.366211
1071.151855
1567.766846
-158.987183
-387.551270
31.732422
-985.293945
84.270508
541.779785
592.078613
300.816193
-616.447571
71.556885
153.323242
-2425.827393
-2830.663574
-250.179443
641.148926
1318.523438
2195.971191
-738.752441
-1183.994629
-317.823975
-188.855957
-1156.730469
-87.921875
-201.619141
265.501953
153.493912
1212.536133
1144.183594
-728.602539
-760.026367
284.214111
567.154297
266.094238
283.958984
216.848877
763.964844
881.037964
-495.094971
-1004.693359
249.046448
606.851074
-263.002380
162.735107
1669.310669
1402.604736
-79.921387
-377.233887
-511.843750
-471.683105
598.191406
-186.374756
-1997.536987
-2.302612
3912.709229
7457.205078
3155.350586
-2008.665039
-1109.474854
-24.021973
2964.954102
8984.855469
1760.192139
-104.336426
-801.848083
-756.213867
-630.907715
162.135742
-160.091797
404.366211
-244.801270
894.793457
563.005127
167.600098
459.651703
1321.999512
1465.980469
954.417969
35.297363
-1266.259766
-3475.928223
-1184.144775
988.750977
-824.093750
-78.137207
-99.307129
-839.301758
-744.166748
-351.696472
1334.340332
1027.655518
281.009033
992.104980
-289.163574
-366.287598
79.544922
-39.993652
-1051.598022
700.324219
1049.872070
495.588867
-53.262737
-155.633545
-382.623901
492.760986
-767.301758
-197.341797
-492.906738
443.985840
371.625488
-1087.165771
-1336.431030
-200.153381
1368.491943
3025.317383
2108.325195
1676.200195
-319.502197
-1401.899414
-1188.777344
-724.609375
82.102051
719.055664
713.847656
858.122803
35.974609
-344.345703
-1525.099243
-611.365234
-356.879395
-3267.894775
-5332.274902
-2480.492676
368.127563
702.430542
366.525024
-6.375488
-968.918945
-2324.930664
-596.332275
1120.426758
-492.133301
-791.358643
-23.837646
-824.278076
-74.180420
831.580322
-327.831543
-588.433594
-919.386719
-1226.047363
-685.281860
174.669418
1080.965942
483.163086
269.439453
1946.200684
868.725830
-1015.691956
-1977.206543
-8429.349609
-9294.699219
-1769.308838
1255.837769
2474.984131
2913.869141
451.111816
606.730774
605.808350
-1147.665283
-716.203613
-590.472168
31.403320
477.791870
520.201172
-533.517090
-811.877441
-765.596558
350.484863
433.762695
1236.092041
1035.940430
421.843018
878.381714
-262.080078
-1297.107422
-563.734375
693.055298
279.165466
-280.756836
398.400879
-553.452148
-4186.751953
-3604.768066
-21.258789
535.802979
1146.909424
2104.912598
-532.941162
-1319.395020
190.824219
-167.914551
60.674316
-1176.971558
-177.561035
429.983887
-2566.070801
-1092.863281
607.545288
308.542969
1914.265625
1561.544922
126.128418
72.851929
370.023804
2932.125000
2162.235352
1509.123047
645.896484
-289.556641
-253.593506
-791.305542
156.585938
-33.744141
-875.944092
867.140625
286.176270
-183.991089
-1039.318359
-4155.383789
-1156.018066
866.094727
1015.146240
782.721924
-859.058716
335.925232
-188.143066
-476.817383
881.544922
-747.095703
-568.852173
177.613770
-405.276367
1943.393555
2019.378906
81.254395
445.766113
-47.680176
623.177246
122.336670
-289.002472
-1324.039551
-927.715393
-373.392822
-975.698486
-580.940247
324.074707
957.114502
761.142151
1224.024414
-8.590820
-1386.746704
-817.952637
52.539062
-671.606934
122.112061
-1996.524536
-1783.858154
-195.247314
1063.690796
4932.992188
3747.007568
428.586914
688.742188
313.202148
882.177734
236.388092
-82.342285
-125.567871
1204.339355
2379.167480
558.457031
57.408630
-26.730713
191.674805
893.317627
1383.062500
1211.329102
-427.979492
-666.211426
771.861328
1499.033203
1822.150391
-200.973389
553.783203
1208.310547
498.959961
147.450684
1324.812012
1748.723633
580.465820
92.998047
321.992432
90.574219
187.475464
333.824707
172.828857
169.093689
1105.588867
1104.705322
2060.667725
1479.173584
983.917969
-1927.178711
-1969.963867
-3209.959961
-2989.025879
-401.161133
394.958496
304.533447
941.228821
-620.539551
-791.194824
-435.893555
792.472656
1201.052734
800.015564
1931.115234
416.288086
1505.687256
1043.624023
1601.084473
-1149.646484
-3114.516602
-2033.306641
245.958008
1199.586426
1050.887207
-754.756775
-161.073730
1610.504883
45.377197
-852.652344
-304.195312
-414.123047
457.081543
283.142151
-231.475830
359.073730
1499.519043
-455.125122
-990.166992
-367.790771
-186.751953
327.067383
-451.635742
-1946.786621
-763.593262
-427.482666
21.355713
522.776611
1320.376465
2509.657227
-134.096680
-973.181152
1866.333984
1096.005859
1385.304199
-667.904175
319.991943
-840.640381
-2994.763428
-737.597778
701.463379
40.010742
1087.715332
1310.610840
1446.443726
1585.936035
3829.861328
2907.085938
964.262695
481.475586
649.992920
506.627930
-15.776123
-1335.642700
-485.943359
-147.185547
-915.942871
471.470093
-681.872864
-937.857849
1029.649170
-934.123779
-1688.192871
763.264160
785.409180
552.089844
-689.562622
874.022339
836.427490
-376.030273
-805.819824
-883.289673
8.652100
-2685.772217
-3781.878906
-5206.088867
-326.918396
1336.787598
-672.398438
-363.255859
-1434.493652
-1473.003906
444.819916
-505.856689
-1096.415039
-595.385254
-380.299316
1093.986328
1005.825195
-662.445312
-625.023926
436.418945
454.824219
1871.751587
1005.396484
154.673828
2262.713379
1906.407227
277.795288
-236.136719
453.710938
-1017.385254
-120.420410
1776.467285
634.409180
-932.291992
322.404297
-533.060547
-336.354492
1166.229736
1538.182861
190.763184
722.746582
146.628418
322.625488
250.171875
363.074707
2765.348145
2616.543945
908.866211
735.224609
487.207520
619.295776
723.341309
260.822266
281.157227
1225.229736
974.745605
-601.514648
-387.380859
-2090.617188
1959.745117
639.023926
-646.996582
-705.770569
893.040283
3801.805908
4172.979492
-632.857849
-1518.261719
-1471.748779
-772.080200
693.928162
1227.902588
678.842041
-1458.365479
-1972.616699
372.458496
-461.458008
-1052.190552
696.750854
317.053528
-12.045288
44.689697
383.728516
82.102051
-317.441040
-1284.766113
169.695068
940.199951
-166.073853
-675.242859
-3347.719727
-4729.567871
-1365.904175
856.013916
963.528687
221.529297
-744.359009
-871.735718
-1226.460938
239.796509
-179.915527
422.705322
1988.302490
1.442627
-319.762085
-1238.806885
-1382.422485
698.357910
-787.159668
-295.797119
1140.570923
-370.410400
47.294922
342.815430
838.060547
1.484375
-491.455566
-435.664062
-1289.245483
-131.717773
-392.704102
-3440.393555
-2349.283691
-84.596191
-563.576782
-1266.623901
-431.395416
-612.944641
-396.375244
-57.625977
-482.241699
-442.165039
-1165.378296
-1118.988525
-645.573730
223.597900
650.059326
-512.917358
-14.276367
463.064453
801.853027
279.604004
-1778.488770
-2983.008301
-1527.016113
-1005.585022
223.201767
695.445740
-412.408325
-498.725830
-55.039551
175.615967
583.437622
-487.823242
-783.654968
-828.361145
447.548096
1899.037109
1920.133301
1601.597168
882.090820
-1469.877930
-590.899414
-350.301758
-411.165558
-1238.157227
-882.857422
-1108.855469
-1309.990234
1607.642700
3604.576660
162.977722
-249.644531
171.226562
275.045166
-289.973083
-1582.364502
-582.581543
-4139.496582
-4710.038574
-467.041870
115.080872
1080.630859
1008.639465
360.389160
-63.290039
252.523438
542.568665
-134.898926
843.711426
466.350098
600.644775
942.191895
1002.966309
3385.359619
2992.580811
-387.181396
-351.004089
974.319946
195.351044
6.739868
2975.622314
2615.132568
239.408691
-176.303223
-446.664551
-407.942139
392.686035
1761.868164
1328.695312
813.659180
833.140991
199.376465
1566.738403
4105.741699
1686.071289
-348.291016
-875.603027
-297.242676
2276.543945
2323.479004
-663.556152
-740.785645
-112.683594
916.701172
808.643555
-583.317993
-825.080017
142.190430
74.545410
-717.675293
-1773.081787
-450.418701
806.529724
476.922180
453.274231
-865.907104
-1304.846802
-982.670959
-1568.304932
-903.821777
-1720.509277
-2918.476562
-2202.962891
1144.773438
3538.449951
2992.007812
-39.065918
100.466431
890.483154
-145.677368
739.475464
831.860962
-996.994873
-947.614746
586.659180
-1313.524292
-716.595215
92.136230
117.528564
171.371216
-35.115234
-373.192871
94.188477
-283.010742
1028.598145
-351.861420
-479.603516
711.284180
77.793457
696.447754
1172.584351
578.373535
95.562012
74.171112
127.465332
-175.865234
-238.744141
-338.940186
-768.498291
1804.929688
701.552979
-67.426697
552.606445
-1247.857788
-224.318848
375.395508
724.471436
2013.188477
1186.905762
1246.676758
938.992920
-190.747559
-118.686035
-264.250000
981.550354
851.641602
-92.375488
881.156494
723.895874
116.266357
1345.094727
1438.331543
-136.991211
1303.162354
798.728516
-2694.739258
-2218.764648
987.661621
1382.153076
1644.264771
1240.003906
55.988281
-893.391602
-833.739502
670.273193
1609.904541
-126.241699
-1004.350098
293.737061
-9.026855
341.123047
30.150146
-1379.968994
-732.786377
452.605713
-944.745605
-746.663086
351.648438
-506.980957
12.724365
938.236816
38.580078
-393.823486
78.072021
203.207520
361.346924
1079.410034
151.530762
-245.886475
521.814087
-758.894531
172.870117
1263.223145
-306.907471
776.874817
144.805252
-2000.043701
711.893555
-81.736816
-1130.211670
-292.760254
95.552246
-717.162842
452.217773
965.717773
1714.724731
2939.160645
1902.504272
424.244873
-71.767578
1168.004395
1575.926392
-285.115662
-268.995483
324.555664
-295.268311
1233.873901
1738.916260
-47.724609
-52.732422
821.271118
1039.282715
0.897278
-390.096191
1512.353027
1736.973877
-683.524536
-658.848145
64.692871
993.875000
-32.691650
-1099.401611
-736.013855
-1546.827637
-2915.147461
-2913.898438
-2512.057617
-316.119537
503.536499
-1221.431519
-1492.044800
-120.546631
909.890869
1818.646484
1226.466553
120.878906
368.081055
1397.172852
1099.197266
1712.343994
1222.217529
1919.736328
2097.839844
176.072266
426.402954
668.219482
53.119385
-544.520752
1425.804688
106.685547
-700.230530
-680.237671
-978.961304
658.702881
1133.626465
-713.330566
-1741.465820
295.679443
232.181335
245.418457
1363.977539
-680.046875
-618.030273
711.577637
54.753906
-1226.249634
-666.594482
-13.685059
-963.631592
-463.215027
753.426514
243.762939
371.462280
1872.205566
1679.820312
543.609375
665.955811
192.386719
-695.025391
1149.355469
472.235840
-83.572266
1491.769531
-1226.644043
735.741882
14.374756
511.149841
1544.547119
778.909180
-959.272156
-1825.537354
-818.488770
497.301025
2510.392822
2008.707886
-352.203369
-38.241699
-148.010254
-148.225098
2063.448242
1384.551758
150.468262
-866.731079
-299.730469
-472.092773
-1144.469971
-76.237549
653.776855
-621.544922
-270.156311
-1444.661133
-3901.808594
-2856.044922
750.282227
916.213867
-1001.328613
-519.668579
-338.036133
-410.505859
9.576172
1166.629150
804.009521
-960.870361
-740.578003
1186.019897
154.742310
680.844116
1731.220215
275.541504
-625.421387
534.870117
3703.145508
1731.231689
906.958984
333.906738
-150.414062
68.999023
210.740234
229.417847
563.248047
416.650391
1198.747070
2463.949219
687.807129
689.397827
2317.534180
637.846680
-317.110352
-1048.505859
-1941.346680
-250.434326
-2983.878906
-207.886719
260.511719
-1456.488770
-308.949707
578.020508
688.810791
1201.317383
1153.214355
1049.252930
581.932129
-1421.356323
-519.957520
458.983398
-1291.745605
-4305.921875
-1782.287842
-133.096924
-315.337891
1738.581543
73.567871
1038.441162
31.148438
-352.041016
-1021.403931
1321.744141
102.860352
-17.114258
-1179.142822
-3004.250488
-1044.944214
53.461914
2346.879883
1886.795410
257.541016
1170.799805
855.671875
2197.723633
2186.344238
1082.559570
-839.373047
-413.407227
-164.154297
648.235718
2210.497314
1272.495239
23.688965
1475.332031
1474.278320
-191.328125
61.275726
867.200256
759.220215
422.293945
185.256836
39.464111
143.125000
-488.938965
89.410889
889.127441
54.306641
-4.886719
664.235352
169.106445
885.501221
-322.412354
-1958.589355
-4886.157227
-4651.832031
-227.969727
-638.402344
926.834473
-658.275391
-1471.525513
-770.614380
263.642822
947.054688
-104.970459
-130.361816
675.245605
-1528.694336
650.685791
144.981201
-1328.684082
-1244.077026
-540.843140
-870.452148
-1780.725586
-109.926758
437.170410
-576.226318
407.394775
2675.601318
3042.364990
1437.814697
2014.724609
-578.667969
-1309.910767
-1284.544922
-2489.465820
-1479.692383
-61.629883
1268.811035
2263.209229
1172.795288
-1221.077515
-89.905273
365.486328
875.870117
978.351074
-1086.794556
171.977783
689.615723
-767.963867
945.626587
473.471191
-803.163086
-760.178711
-457.083984
-1002.775879
229.177734
478.294189
522.720337
1628.138794
694.290527
121.288086
509.615723
-276.936523
-1200.665039
-322.829102
-240.734131
34.558594
566.375000
-84.947754
1113.164307
-1055.506104
-2330.540039
-471.190918
-1224.072754
517.526489
0.142166
-10.047607
656.549316
497.466797
2287.472168
1349.534424
268.806152
918.205566
458.185913
280.497070
-245.814453
-381.220703
172.214355
-922.672852
-1563.354004
643.121094
-638.687866
-1043.030518
1266.740234
925.507080
-1081.395020
-1079.590820
-1214.829102
-25.849609
-285.112061
-530.143799
-646.251709
262.990967
747.214600
550.142822
-319.106934
-891.184326
137.380737
588.084717
623.510254
-654.729004
153.286377
821.750244
1023.219482
1197.668945
-54.528809
-218.170410
-1204.405762
-2660.983398
110.655762
901.113892
-9.191895
-629.648682
-406.575562
-31.767090
706.736816
766.361084
-958.099121
-930.755859
201.135986
-516.939209
184.233276
324.868835
-2065.045166
-1146.851562
1168.102661
2107.353027
1135.267090
-736.416504
-2788.625977
-1235.695312
1102.315918
109.989136
111.459229
-423.278320
-1048.272461
-398.450500
-466.020020
452.378906
-257.058594
-824.205811
481.343994
-169.054550
-249.348145
-887.015625
-3945.321289
-2398.431641
-3722.194092
-2262.069336
-932.841797
-625.544678
3111.462158
6065.463867
3852.675781
318.626953
-1340.975586
-1199.335693
-1.974121
355.441162
-513.260254
-715.908203
292.288330
62.586670
2785.626953
-773.610840
-996.619141
-808.550781
743.749634
604.688965
305.719727
-1406.569946
-1265.562988
-338.095947
-183.870850
-768.877197
-1954.301147
-208.707031
-57.005371
683.504150
1629.370239
478.164856
-169.272583
-1140.669434
-722.486816
700.717041
1446.901611
1161.548828
-306.816162
98.421875
4629.914062
2737.670898
-204.305786
-209.662109
-863.792725
-925.832275
2072.058594
603.172485
-244.111328
882.839844
1175.690186
-627.530273
-1333.939453
770.544678
372.601074
-175.365479
564.590576
-891.249023
-1412.549805
-315.136719
509.883789
-979.937500
-1164.372070
-100.448120
319.582764
2285.401367
1874.508301
292.871826
-420.518555
-2679.033203
801.087891
704.349121
-1238.437622
-2628.848145
-4470.423828
-2350.679688
598.384277
346.650391
915.023438
571.245117
197.015747
1472.585938
5222.121094
4158.807129
-583.800293
1370.908203
1461.803711
812.296143
302.587891
-1027.255859
528.418945
1548.926270
682.519043
1164.770020
786.915527
-46.100098
96.841553
563.532104
502.997192
-1050.836914
1906.781250
3681.265137
3107.313232
3363.432129
528.787109
1374.879883
2806.486328
5613.914062
3614.441650
69.589844
-9.728760
1429.591064
-574.364502
-550.213867
571.329468
-1276.316406
-573.969727
-135.784180
-151.281494
1033.645508
-695.896973
-667.529297
-507.064453
471.904297
506.845215
-1128.736816
-715.622070
-1063.476807
-1412.736694
220.051270
-200.968262
168.569824
-516.469360
-354.979004
1131.795410
19.445312
-893.111084
-161.282959
469.540039
1186.281494
585.226440
-651.061523
-98.609375
-406.386841
-1048.101074
-3354.428711
-1674.841797
-386.279785
5351.655273
-763.112549
-458.275635
-1107.047729
-1339.747070
354.343262
426.249756
-1185.855835
-636.732910
-518.161499
-576.305908
-3.417480
-298.665771
-1031.323730
19.954102
863.046875
1139.745117
972.729309
8.971436
286.473267
-849.608276
-2827.601074
-403.246002
603.816956
322.811951
275.729248
-701.109863
361.608398
390.893555
-23.497070
419.954102
156.651367
-1868.857788
-1661.848511
1265.708252
985.733276
-2367.259766
-1786.843750
475.778320
1000.882812
-717.524536
470.955078
886.491089
-675.656250
119.871094
766.527588
77.284180
123.357422
126.131348
-855.663330
457.769897
671.279297
429.042114
433.744141
-502.595703
-709.900879
193.419312
-806.466187
-519.771729
988.928711
-57.155762
-543.451660
-768.021362
-1074.483765
669.911255
-903.896851
153.623718
1776.227295
-919.565918
-247.246582
-1385.369751
-1088.318115
937.517578
879.685303
-0.604248
-464.047607
-819.599365
255.981445
-1334.761230
-998.754150
762.159180
-424.180420
428.476562
346.104492
636.667969
910.371582
212.427734
679.155884
904.223145
272.308838
630.588562
728.437012
761.324219
-1828.699219
-4239.163086
-3397.115234
-1136.577637
355.031738
-184.563232
-173.335693
103.327881
-383.381592
-197.035645
944.095703
659.849609
-270.788086
149.033936
456.017090
140.296875
-1059.490723
-881.533691
-419.192383
-628.181641
165.614258
-2680.118164
-3073.359375
426.143555
2637.254883
1705.911133
1529.819336
-172.417770
1205.332275
-202.237915
-1770.829102
-1301.219238
-22.300049
1392.553955
1410.369141
1335.082031
-465.637695
-715.923340
-574.334229
1042.142822
310.087891
-1379.145996
-473.969971
-1046.024902
-1925.468872
-231.338379
-125.044922
1615.479492
59.962891
-254.670654
1186.937500
116.437500
-276.223389
1622.142212
239.475464
-796.034363
-957.903931
-1674.953857
-863.524536
1455.213623
2467.136230
-1862.670898
372.361816
-910.759460
584.686035
2901.495361
842.115967
1426.484375
-34.103760
-556.963379
516.594727
361.986328
-848.657959
-1082.328125
-421.849854
306.489990
27.237793
-955.380249
-1368.889160
-1535.610840
199.963379
-537.661377
1995.831055
-1774.299805
-1004.690918
606.859375
3836.788086
2282.104980
195.925781
-80.562500
124.458496
444.941895
146.580078
-326.046875
-1019.985352
268.455078
1643.385254
2554.224854
1275.115601
-959.766724
-209.600281
794.083191
-1711.068726
-297.409424
223.163086
2.241211
1207.235107
2117.528320
1416.541504
792.844727
-674.845459
-774.524475
-80.163086
-178.437988
797.187988
1346.491699
-171.836426
297.492737
-2320.582031
-3447.331055
-1906.768555
22.242676
-832.378174
262.967285
1059.602051
1581.519775
1811.397217
500.620239
-3279.455566
-1784.794434
-848.137451
-54.151855
3232.642578
3281.703125
-161.267578
-2096.881836
-3391.070312
-121.452148
1093.142212
1151.766846
-49.522522
-1981.382080
-282.294922
-68.154053
956.200806
2444.242188
378.782471
359.026489
593.853027
-1055.171387
384.888672
108.159180
1801.413086
1222.790039
-115.628906
155.541260
-1011.838501
674.142151
1051.142090
-602.607056
-140.536133
1206.639648
2159.098145
1008.230713
-13.857834
-332.508057
-766.682007
-899.777832
-313.303711
403.774658
1748.134277
1438.126465
655.753418
664.651855
565.365723
-893.706055
194.896729
-334.508057
-1617.823486
-1111.346191
-1522.605713
-675.695801
352.636627
829.801758
-635.581299
-2744.136475
-1052.210205
52.925781
1131.750977
1061.793945
149.718018
195.567383
-1356.657227
1232.371094
1252.737793
140.183838
-798.144531
-307.457520
537.752197
380.776611
-720.823730
-655.882080
-1237.184570
431.742676
-25.201538
-1001.383789
169.597656
3049.122070
1550.309082
-823.433472
-5056.144043
-7431.108887
-1807.938232
1330.265625
1839.126953
1171.001953
-631.613281
-172.793945
-456.071289
-435.003418
71.511963
-2142.449707
-1057.835938
3.403320
428.597168
2182.052734
3451.533691
1073.655273
-218.315430
-205.138672
-282.242920
-195.857834
463.085327
56.182617
-222.259766
-923.274902
-1053.007324
-1410.411255
-828.073486
3030.236816
3365.651367
229.480469
716.122070
929.138672
110.829346
-399.860352
-332.698730
1246.414673
1029.298462
1232.130615
-444.835083
-2161.364746
-1106.723877
-2267.603271
-1429.859375
674.306641
-747.762451
-815.824463
-510.366150
1236.527344
1822.779175
406.395996
-380.151855
-544.066895
258.983398
159.884766
-2194.581055
-2102.046875
205.220261
-713.320312
287.471924
-1165.491699
556.643555
2046.011719
2246.622803
-673.742188
88.664551
-278.642792
-951.263062
-408.952148
-720.704102
88.921387
-466.315186
709.447021
1150.465088
-249.211914
203.716797
1622.625977
-31.611328
593.758789
121.058594
571.589355
507.549194
187.528320
-1885.823486
-449.759277
-306.061523
-698.305664
-18.562256
527.230469
19.569824
-84.016113
-1142.531616
-997.075195
-1572.327881
-973.927002
88.083679
2.625122
-1179.267090
274.304199
1338.825317
461.913452
1022.890625
480.744873
361.948242
-346.300293
436.499023
79.871826
-3724.153809
-1358.857666
48.623657
-593.524475
1735.357910
1472.499023
1033.943359
1065.495605
-357.691284
-452.798706
-112.294434
1079.152344
1707.320312
-554.846680
-1971.275146
-1245.872070
-560.036865
-349.941895
704.209961
533.980957
-834.552612
-1855.215576
-1143.363281
-1270.249756
-772.965088
800.475464
53.361465
-463.682861
804.509399
2254.918701
568.158203
335.085938
-99.626953
-3534.593506
-1276.388794
444.986816
2453.577637
7293.040039
5561.921387
13.964722
-113.224121
574.210938
365.248047
-14.273438
-611.989624
1058.163818
2070.812988
735.027222
-220.621582
194.259277
-354.609375
-269.585938
816.503906
416.613281
-280.808594
-83.965820
279.304688
-523.338867
-1132.457031
-1183.302734
-591.979492
-804.495117
-1379.176270
-2421.558594
-717.355469
-153.875977
2873.802734
1733.061523
-1317.675293
-5888.968750
-5184.391602
439.020508
2697.222656
3730.591797
1278.523438
1445.783203
1517.788086
3852.656982
5027.190918
1626.989746
-612.858887
451.572266
-569.534180
2379.311035
4351.983398
1947.630615
1282.654785
1054.170410
2236.895264
346.312744
-133.967651
-362.492188
706.618164
266.725586
281.552246
714.605957
1249.225098
470.418091
85.750000
-161.226562
-420.670898
389.381836
107.089600
-645.793457
1705.628296
1746.472168
841.713379
114.588379
336.063477
-1130.188965
656.107788
285.379822
-662.167847
-1431.296021
-332.525024
-326.329102
-547.910156
-1476.716919
-1253.252930
-197.348633
-31.954102
-942.747681
75.908844
807.570801
-275.361816
-56.241211
388.736816
-734.838867
-228.619141
-175.499512
206.453613
331.194336
1012.881226
605.960693
-734.421570
-2871.629395
-1872.837524
88.140625
203.783203
518.569336
-35.900879
403.172852
-2022.072266
235.558594
-474.488281
-3177.230957
104.096436
306.609375
742.475464
-326.430176
-1389.405273
-1105.447266
-1114.737305
118.921143
914.789795
168.785645
-93.477539
579.024414
25.208008
16.881592
-220.966309
220.377930
-351.390625
-671.350830
75.579590
411.001953
-310.130371
-537.798828
572.786133
-1065.857788
-350.449707
-50.186523
2692.563477
198.706787
2348.120605
-153.195312
-530.262695
308.611816
695.196777
670.643066
218.156250
394.880127
-597.509277
-639.322815
-634.651367
-908.280273
-394.504883
773.338379
-1378.244873
81.067139
874.538574
-1731.857666
-1884.749756
128.182617
188.218018
-1150.524536
14.033203
1568.488525
682.815308
267.581787
-20.508789
-1364.428955
-781.971191
912.996094
-2494.199219
-2601.045898
-882.524536
346.073730
1324.166992
2891.121094
833.887817
405.655029
1089.703613
-534.412354
-1414.988281
-855.137939
-182.568359
2760.177246
2544.393555
988.832520
413.326660
-90.313721
284.203125
718.619873
-522.090820
-885.394226
-1797.811035
-6048.821289
-4006.776367
-418.104004
461.497559
723.142151
-1066.040039
-1137.905273
802.264648
914.417969
-1067.877930
112.383789
1036.193359
1891.955078
879.087402
-947.562500
-697.837891
322.547729
44.349854
-384.677734
-938.765625
-338.560547
501.833984
862.585205
-1073.829346
-616.947754
681.717773
671.369629
1363.651611
585.929932
19.041260
191.864258
-914.167480
-483.017578
495.349121
-2701.391113
-1750.515869
875.817139
1122.765015
5257.166504
4659.954102
387.306641
-46.920166
272.772461
2949.278809
2743.231445
-897.047119
-1820.367188
-2799.417969
-1102.204102
-1028.641602
79.152222
-164.182861
245.514160
699.990234
431.622559
-592.127075
-1151.108276
622.915161
767.912537
-26.456055
-345.385742
-841.429199
-248.188477
-148.908203
-126.576172
581.939453
53.334595
526.416504
-257.605957
36.975098
672.666748
232.142166
577.010498
-245.259766
-135.169922
-185.206543
231.129639
1868.477051
-509.872925
-1482.857788
-729.297119
-255.361084
-384.010498
65.112183
339.924896
-239.359619
241.552734
697.175781
1161.193604
1193.323730
791.939941
1169.309570
2268.483887
-1230.185425
-531.663086
-100.157227
-1026.702637
558.681274
1258.840332
750.865112
1316.419067
-2051.009277
-1882.322266
1665.246094
454.282471
-1626.356689
-1121.903198
60.487305
3426.563965
3944.203369
1261.742188
-1049.541992
-2345.350586
-2145.383301
-335.227539
1106.850098
1224.380127
257.785156
759.075928
1807.672607
1404.473145
842.616028
534.428711
913.937256
-103.214355
-1046.164551
-430.524536
-706.135010
-174.372070
317.616211
604.837891
115.908691
-328.093994
471.144043
-336.898438
1119.053223
1462.815430
934.235840
244.921143
1228.588257
1727.694214
645.953125
-839.973755
-1297.532227
-1007.398560
-793.045654
-846.405518
342.536621
-23.429199
773.031250
1883.549561
336.095703
464.131836
1026.564209
-46.302979
-769.350952
-666.381775
-753.558105
286.604004
-354.132324
-777.210693
-560.035645
-1014.248047
1326.632812
2717.938477
2557.335449
926.589355
-145.317871
493.028564
312.167725
-967.215820
306.865356
1095.510742
34.250977
289.419922
155.839355
86.805664
1840.924805
5582.488770
4619.128906
-471.584961
-423.649658
699.432373
2.760254
3330.679443
4126.259277
-241.440430
148.760376
445.431030
-17.747070
855.820312
649.348633
-1242.625488
-1511.400879
-715.353516
760.420898
805.218506
1677.675781
945.308594
682.911133
-1944.904297
-667.541016
937.099609
488.065430
366.932129
59.717285
-3040.721680
1739.240234
-1754.040527
-1467.024658
1001.474487
822.752197
-145.375977
-1482.108887
-428.541992
-285.033447
3344.758301
-845.963013
480.142151
-1154.810303
149.441040
-1569.859497
-4885.794922
-2169.652344
1664.677734
287.018066
350.104004
354.611237
519.675171
-591.866699
-389.345947
375.145996
156.898071
-1543.680420
-2098.770508
5095.097168
2160.083008
-1307.524414
-3625.226562
-5143.105957
-1989.793457
-1765.605469
-352.338867
-22.385742
60.379669
916.354492
1066.330078
173.080078
2078.241211
-367.445312
2325.715820
114.405273
96.208008
619.408813
-542.149902
137.969238
1434.901123
-720.147949
-250.354858
733.532959
664.443054
1014.450623
795.517578
-420.398438
-936.907227
1244.922852
437.870117
110.315186
1213.616943
65.156799
-2472.857910
-1077.382935
343.826477
1286.382324
731.367432
559.545410
234.805420
525.114746
1654.860840
542.031006
973.097534
-537.422485
-1319.425293
-1445.227051
337.966644
1395.933472
-840.473511
-950.260071
719.833740
-1174.296631
-1588.730591
-533.095215
-995.291992
80.174805
-173.378418
801.730957
214.308105
-358.472168
28.329346
1609.104980
5779.446289
3081.849854
-1674.774048
-383.258789
-1369.825195
840.234375
1089.779297
-1942.891113
-630.657959
329.931152
3137.541504
6379.196289
1668.343750
-669.219360
528.987549
98.616455
488.707520
893.907288
-149.087646
-88.565918
-432.907715
-454.099609
-475.237549
135.459961
708.103516
-465.994873
-250.579224
3569.793457
3792.038818
895.259277
-812.616516
-3204.845215
-1480.812500
116.982117
-628.335938
37.668945
282.247559
684.804443
139.973633
-540.204590
-317.233734
213.770874
2004.177612
1600.055786
-1006.785095
-472.051270
-2309.467285
-407.717773
272.464844
1125.187012
-107.485596
346.140991
-1664.916748
-2312.260498
25.026367
1331.438477
22.753906
-725.241211
-964.069336
785.839355
1285.751465
-836.861206
-811.390625
-365.944214
50.346680
893.203613
379.231934
295.165283
435.674072
-723.906250
961.354980
558.563477
-335.609802
324.482910
88.046143
417.973145
1577.520996
774.742188
851.475464
-238.386108
313.387390
-195.891235
-408.078613
537.916992
471.662964
-170.458008
1008.101562
534.539062
-1019.698975
799.004150
568.098145
124.394531
322.361328
624.498535
1165.192383
-566.046875
-835.055664
-1000.312500
-89.152832
431.458984
-1263.768555
-35.375977
2312.697266
4323.986328
3587.931152
361.865234
770.558105
704.311523
732.104248
-265.883789
-609.167969
256.932129
1418.396606
819.387695
-142.123047
397.837891
187.515625
394.423828
3297.265625
5355.927246
2945.423340
-60.120605
-4273.414551
-6585.920898
-7129.631836
-1082.077637
1274.962891
2403.918945
766.051270
216.148682
656.751953
-1793.023560
-613.521973
2362.407227
1952.151367
-403.971436
-462.316895
469.449219
-766.339844
-258.992493
699.916931
-1699.857666
-621.491211
644.389160
2187.392334
1718.250244
400.831299
-2136.958496
475.147461
-1935.921387
-262.555176
1118.889648
-55.346680
-506.191650
66.190918
-57.072266
-201.308472
314.273682
11.684570
-2395.126465
-5819.693359
-6167.826172
-1377.173828
1594.985352
1343.804199
675.118347
-1131.854980
-2248.795410
-443.843262
-68.643066
633.276855
1562.883789
966.940308
626.956543
529.841492
602.233276
468.139648
-708.766846
-574.967651
504.918945
1106.006836
234.490265
-121.386719
-1597.020020
-2121.389160
-815.318604
-1581.460938
-1534.220215
-207.428467
207.702087
250.617706
-2209.851318
-1398.424072
-579.023438
-362.915527
-291.251465
609.709229
682.008057
1865.469727
4335.920410
3066.741699
-936.722534
-1538.639404
-522.548828
-167.972168
49.784180
-871.706116
-1471.668213
-1336.883789
-918.722168
-576.469971
-467.909302
-89.157349
269.414307
-207.053894
-661.035645
-818.189453
-821.212402
-1547.268555
389.122559
170.740234
-511.697754
-1370.867432
-1086.766357
361.064453
927.645996
958.632812
1673.675049
997.819824
1486.576660
1319.672852
754.992310
-169.461426
-333.740479
-126.623047
20.925293
-806.136230
627.043945
2261.741211
811.788635
51.804688
-3282.693848
-2521.564941
230.500000
-647.909180
495.191406
596.369141
-536.902344
-913.113770
-167.708496
2.662354
23.261230
-794.951660
-3252.857910
-2387.857910
239.965576
291.280762
1337.562500
1879.175781
336.650391
-524.682373
1627.818359
1846.875977
1064.739746
2640.108887
3090.006592
-478.390320
-474.350586
251.214844
-248.355469
-446.799286
50.955078
1529.827148
-1447.688477
-1919.963135
-160.989258
-876.180908
-249.196533
307.362793
517.468750
-162.068115
-603.697998
652.684570
677.534180
-1241.723145
1531.907471
713.791870
2684.233398
3693.531250
755.502930
-536.717285
-735.353271
421.814453
155.400391
-10.599121
1434.390137
-1112.147461
-832.041016
1288.387695
2464.602539
-1056.321533
852.392578
-1011.375488
-995.512207
1043.737305
45.976074
-757.550781
93.385498
221.054688
-609.826660
629.502930
758.170654
18.220703
-568.696777
-520.236328
-457.856201
620.386475
32.499023
82.455811
-655.889160
-46.824219
1041.879883
-932.980713
-363.446289
675.649414
-1127.518311
463.685547
1810.338867
-474.005615
-1039.940430
-2413.657227
-2840.581055
189.514160
-505.567383
1111.883301
1654.026611
1192.407715
288.603516
47.945801
406.951843
-814.432617
945.114258
3715.872070
2408.843750
-361.318359
-2848.812500
-1249.599731
201.973755
1553.969604
1427.161621
723.760254
1222.762329
532.267578
-41.211914
1645.369141
296.910889
-325.389648
-2957.774414
-2438.632812
477.943237
896.853027
1.213867
-602.156982
58.891113
-280.460938
10.847656
83.813751
1069.342285
3751.580566
1331.790527
-106.899170
1482.427979
-778.052612
868.202576
4192.529297
2014.641602
894.167480
1522.875977
-1016.398926
-901.418213
6.860107
-2409.251465
723.812500
932.112305
-896.847900
-900.317383
1004.348145
219.242676
-60.672974
734.252930
-1871.711426
-4573.035156
-808.702637
1246.653320
1140.808228
-588.391357
-722.193359
-2641.129395
-828.863770
1033.034912
2233.763916
395.496460
-490.211304
-188.143799
631.688416
1373.892090
1399.833740
420.090576
-208.306885
-179.675293
319.378967
196.350830
-694.029297
97.467285
-305.374268
223.600586
900.883301
136.924805
268.917480
-2708.762695
360.214844
595.501953
721.584961
3700.865234
3492.342285
800.225586
-4000.843750
-6005.552246
-388.900391
796.500977
-694.688477
-2111.618164
-3814.199463
-611.608398
710.188232
-1610.547119
-1146.790039
-18.583496
-1631.290771
-1066.440918
324.385742
736.141479
902.513184
1972.014648
1926.593750
16.236328
-4383.726562
-5603.456543
-939.256348
-399.815613
-1284.269531
647.124023
20.323730
-414.583740
-49.902100
1328.549805
-870.577637
532.472656
717.429993
1730.609619
4075.533203
1162.838867
1757.971680
2370.687256
4006.481201
724.326965
-824.028320
423.129395
714.639160
1528.042969
1931.799561
-906.375183
-230.589111
-609.364746
74.666992
1367.778809
184.475464
-598.228210
655.163208
241.256104
-184.340332
-329.465088
-164.770508
-283.850098
482.798096
1876.558838
906.211426
-567.136475
-911.070801
-179.533203
1851.924805
131.768555
-319.594727
1053.953613
604.608887
-638.308594
-551.832825
-815.315918
-603.033691
216.453857
435.650330
73.687012
2044.763672
1401.967773
-1072.652954
-121.631836
589.728027
690.746826
1015.928955
254.562012
1827.865723
2007.038574
1335.871704
2375.835449
2105.302734
302.091797
-2503.753906
-4082.900146
-3240.655762
-889.489258
-100.599609
-416.337891
-492.362183
-474.077881
89.561279
526.872803
-3690.520752
-4733.666992
-1084.289307
2403.921631
6094.796875
3947.014648
-1091.268188
-1900.333496
-2285.171387
85.376221
1902.830566
208.041504
1407.083008
3212.365234
1378.613281
328.661621
-1385.622559
802.061035
681.750977
2066.398926
2673.547363
-24.187500
368.842773
1286.723389
-752.738892
1848.837402
1570.936523
6.406250
1263.551025
1444.171387
-131.898926
-510.446777
682.689209
911.246216
824.284058
699.947998
-473.750977
-732.111816
785.989624
186.330566
-1226.663574
109.067871
-573.901855
1820.700195
2077.528320
-113.833008
16.901489
-346.825195
-933.417969
374.506836
-582.774414
-403.011719
1017.184204
753.663452
-995.388672
-191.184265
2551.853027
944.258301
-561.219727
-816.912109
682.795898
-786.414551
-1881.099121
-303.038574
418.533203
884.051025
667.190430
-441.794922
182.926758
1189.283447
-2733.366211
-3010.618408
-1276.562988
-1286.447266
75.788086
565.596680
-257.062012
-533.646973
895.880615
-392.243164
-149.282227
-2643.263672
-6131.000000
-3627.680664
415.509766
3960.956543
3668.663086
3259.697754
-237.233032
165.565063
-56.324341
230.305786
-895.528931
-674.468018
925.065430
1081.949219
-49.543945
-803.430786
122.530884
673.576660
-44.813232
-45.856934
2542.746094
-56.246094
-1553.314453
-385.913574
-16.336914
-1273.612793
811.244873
1592.806641
6.183838
-1048.522705
-412.225708
-1105.663330
-1640.294189
501.312744
1643.358521
1003.506714
-287.996094
799.022461
1663.838867
2102.217773
384.848633
-1292.110840
-3036.278320
-3113.381348
-1779.344238
235.538086
-236.295410
-1503.755615
-897.951172
-1089.876953
-902.510742
1528.833496
-393.374756
-501.353638
-4.613281
659.556641
867.352539
1393.483276
592.299316
-413.654785
-575.610352
-86.654297
-552.756714
-498.620117
-1221.833374
-68.115723
1771.029297
1877.229492
465.117676
-2366.515381
-3201.894531
-433.807129
-865.090088
-1972.919678
-1868.669800
-530.827515
-221.375000
1984.961060
5231.144043
2725.224609
-477.454834
-88.524536
1119.794434
1436.828003
704.156250
42.861328
-633.633301
466.208527
-345.922363
-198.170410
-384.914124
-830.331787
-1387.431641
-775.226257
478.121826
410.753174
534.368896
-190.619873
-925.287842
-197.635254
-113.472900
-1390.731567
825.542969
915.862305
670.333984
236.459961
-928.173828
811.642090
145.681641
697.224243
864.780151
-1261.961426
-1112.492432
-658.180664
-775.534912
776.413086
1568.658813
782.498779
217.595947
-237.443848
403.314575
43.721680
-87.033203
1431.123413
317.520264
-420.291016
-498.850830
-1043.867798
355.804138
1388.876465
576.560059
393.191895
816.315430
1182.653320
602.159912
324.985291
934.727051
263.192871
-261.664551
444.097168
418.492310
-996.490845
-1191.323486
-108.130859
425.948242
937.806274
760.865723
1017.728516
-822.331055
-59.745117
-287.593750
-323.098145
271.005127
583.429810
-953.045532
-1165.229980
336.826050
-295.633545
-1581.798828
423.560547
167.143555
972.125000
2262.528320
891.495361
865.187744
962.227051
806.525208
162.720215
-491.510254
133.383423
-856.064941
-559.682373
335.370911
-1189.384277
-346.128143
-1239.269531
-346.249756
4.195312
-489.803467
1186.224609
-1724.035156
-2643.219727
-2558.310059
1138.953613
409.918945
-350.630981
6.660400
-408.678223
6.594849
1200.500488
-448.814026
-1501.380249
-1224.574707
-751.524536
1379.300903
3695.273926
3616.930664
2925.578125
-69.213379
-993.449829
824.611816
-521.697510
-1816.824951
-1311.745605
520.066895
3840.204102
2307.834717
-755.967285
-2138.449707
-1869.297729
-169.419800
928.110107
1646.231445
-104.472656
-380.882080
898.090820
917.002441
-383.639648
-681.039062
-1589.617188
323.950439
-1004.430664
220.624512
-754.388672
85.207031
723.008789
606.142151
306.605957
-910.892578
-236.348145
-127.897949
-355.749268
2149.500000
963.590820
-198.216309
435.836792
-176.467285
-347.358887
-943.130859
1189.930664
588.191406
590.963379
715.319702
582.165283
-63.809082
-795.028320
321.787659
-370.651611
490.872070
-746.762085
-1987.699219
-686.052734
2422.027832
3579.673584
1860.616333
-1045.469604
-840.214478
992.636963
1694.914062
1250.521729
823.142151
1180.394287
681.781250
2055.389404
1604.350220
-101.444336
-1063.800293
-1322.464355
185.518066
-53.822266
-497.317871
305.642578
208.889771
641.336182
526.807373
-2889.416504
-4129.209473
-1083.635254
173.568481
-380.668457
-417.609863
295.158936
-926.229492
-513.231689
-304.111328
-741.228516
-2358.703125
-841.197754
-915.265625
-1619.806641
1265.280273
898.327026
354.991211
540.518066
285.452637
794.709473
146.513184
-543.242065
140.261230
932.656250
437.428223
-35.366821
438.497559
704.288574
710.407227
-109.399780
800.464233
676.619629
-1561.070068
394.303467
388.451904
280.614990
807.350464
-1468.148193
-1635.326660
297.475464
1598.080444
602.938965
1242.499023
541.679321
-2490.333008
-3897.088379
-2330.781494
741.703369
-173.447266
-1335.161011
-684.148438
1356.575195
-1057.361328
578.985352
-491.645508
-101.254639
1660.451172
519.049805
117.490234
398.133789
-609.339355
-67.524536
213.934570
150.525391
440.096924
-347.635742
392.886841
3337.822021
3448.064209
1031.321167
543.338867
-1697.227539
689.901367
898.265625
-1220.857788
-2100.308838
89.101685
-465.817627
-3250.155762
547.574219
177.780182
-10.781250
675.369141
253.832520
269.846436
-401.658203
1948.081543
3554.845703
513.864197
-519.601562
579.500488
-709.373535
-733.122070
751.676514
1651.157715
35.981934
358.807556
1709.114136
294.181152
158.675293
-464.892456
-1254.835205
-1027.419678
192.251465
398.369507
-1686.524536
-4812.657227
-3435.713379
-10.633423
-200.379639
-756.859375
-87.599121
-226.554443
-776.271484
604.381348
2826.412109
1546.597412
-857.614014
-692.150391
-461.267578
-153.291016
-1092.355225
571.265930
2443.709229
1227.137695
154.243164
-427.106445
240.875488
1503.635010
1401.629639
328.638916
-638.169678
-418.904297
691.333984
564.890625
1347.142212
1405.942627
1402.511841
647.958984
-1651.161133
7.747070
427.122559
974.929382
448.294189
642.510498
3482.455078
4956.532715
1975.408691
-1005.666992
-917.220703
-1949.057373
957.163086
460.930664
-102.852905
1842.541992
2996.541992
1126.716797
2657.573242
-854.529297
1208.408203
-1634.722900
2026.483398
76.397217
-943.192139
1246.740234
-544.094482
-1474.753296
911.070862
1229.172852
481.639648
138.957520
11.531982
-1659.893555
-302.320496
1685.615234
2100.084961
-50.844727
-135.735352
-342.484070
672.526611
301.795898
-978.694397
-96.199707
-437.226562
-291.811035
-397.165283
-1171.843262
1073.514038
3117.617188
1617.445312
435.322266
972.982178
1930.860596
2885.852539
1119.978027
-888.276855
38.204590
-170.523926
2300.072266
1293.016602
-453.081299
-2414.154541
-3691.718506
-870.572510
1503.606201
1068.944824
-565.258667
-183.425903
1789.975952
283.799561
-1436.102295
-1215.639648
-3834.663086
-847.030273
-636.062500
-793.290039
653.912598
732.797852
617.950317
995.690186
641.004395
-413.254883
372.743164
-975.651001
-1207.731079
550.647156
606.701172
195.889160
259.537842
-281.047852
201.904785
318.468506
-1972.616211
-641.623047
1080.302734
448.723633
-1270.443604
-3031.556641
-1681.735352
193.582031
584.447266
-212.896973
-639.695801
-4687.802734
-3051.932129
-989.503906
-1144.922607
-383.085938
-222.825195
-1593.918945
-1795.512207
-1261.886475
609.983154
1524.307129
2113.820312
-825.614258
-126.737793
165.735840
588.898438
227.539551
-94.593994
-1411.855347
-5082.108398
-6516.025391
-1871.445312
1495.580078
-28.711670
-118.054199
-1239.524536
961.484680
3516.141846
2264.869629
-402.502686
364.664795
-519.001526
-90.270020
1161.352783
-1244.575684
-4164.214355
-1772.703247
-671.973145
-153.020020
-190.515137
717.976318
1752.689575
1102.137695
-321.329102
-1488.025391
-1151.560059
46.210449
-115.341797
1882.187744
676.930298
-851.349243
239.728271
28.765625
607.227295
626.267212
417.844482
199.006592
-733.162231
-1351.302368
-56.848633
-1089.769531
-1106.815430
-1180.437500
-503.447632
-377.043213
3890.498291
5984.569824
5026.273926
3227.083984
599.850586
-130.235840
-754.651367
-1211.823242
20.227051
-19.375488
4.691895
245.729004
-2.973877
119.317749
-76.804199
1672.629883
1268.945068
-133.829102
-165.357422
-314.333008
405.687988
1251.108765
407.021484
-561.661133
637.355286
-822.604004
-508.055176
-935.349121
-342.756592
-2614.715576
-5999.872070
-4958.072266
-2726.287109
1104.265625
472.489746
-1029.708008
-166.761230
-424.803711
-945.913818
373.097656
60.842285
-53.651123
-752.166382
-548.524536
-692.524536
-402.661865
555.092285
482.306641
1024.866699
2140.387207
1560.460938
-213.695557
-80.372803
449.295898
-6.159912
669.714722
3368.207031
6853.490234
1742.429688
-302.431641
1119.939453
-28.818604
-267.429688
2323.394531
3324.315430
-291.311340
-995.577637
-145.489258
-1362.850586
637.897949
-335.738770
-1490.935303
-808.042480
-1320.072876
690.510254
1595.651855
186.699707
547.109131
-113.393799
-1072.444824
-619.742188
667.774414
-946.911133
-179.021973
794.292725
1201.581665
1266.907715
125.923828
-1536.317627
44.506836
213.000488
-96.778564
583.936157
948.907410
749.095032
598.346313
404.419647
308.814697
-41.574951
91.887573
974.786377
576.062988
-477.194824
-611.985840
722.665771
912.518921
-741.066895
-790.675293
-1373.355225
-345.955078
-635.458008
341.722168
521.001465
1938.784180
508.859863
3349.146973
3043.304688
-2974.196289
661.220215
927.093018
716.968506
938.456787
140.808594
-1162.896973
-1832.347656
844.728516
866.891602
877.511536
221.262695
-519.152344
818.139648
-709.214355
67.531250
589.559937
2049.044189
870.434814
960.197876
2804.900391
710.342407
916.218689
2199.935303
594.397705
-316.305664
-30.067993
90.646118
-40.447266
-590.229980
1018.885010
3748.141846
944.999023
-951.320312
1349.350830
1980.390625
702.572266
180.930176
-1043.808105
-1492.915771
-565.617188
-838.507324
-396.622070
-488.367676
-1051.793945
-297.468262
-1161.170166
-1344.849609
-313.233398
-678.181885
709.156860
1300.128906
778.289856
417.849609
-562.831055
-324.730469
1795.182617
3320.262939
696.691528
-807.866394
653.811768
924.534424
-123.278320
-23.658203
76.283264
-474.703125
406.727051
842.540833
552.979492
774.703613
1396.864746
-452.307129
-585.247559
-81.556152
109.223633
-190.026367
-1128.893066
529.116211
-302.758789
59.059204
-493.774170
914.424561
1221.947754
1177.058594
1237.633545
543.999023
1359.205566
342.125977
-954.010010
388.711670
-8.683594
-431.678711
344.323242
-1135.983398
-913.583496
400.505371
-964.486694
570.098633
2700.554688
1179.942383
616.412476
178.707031
-2957.355957
-2542.984375
-1023.785156
117.112305
160.816650
-844.982422
-621.341797
-389.497559
-470.857849
1409.699829
386.090088
187.241699
2059.646973
280.156982
-62.822266
-411.301514
-240.601807
533.141113
1636.797363
-591.256958
-566.174316
106.716797
-454.568115
-1175.344727
-980.065918
-495.735107
-4167.231445
-4207.919434
192.139648
1151.956055
3194.335938
2163.934570
-700.506836
1025.861572
204.572998
-270.725830
725.184082
-847.579102
-1647.397461
195.959473
1275.377930
594.627441
-168.577148
-610.225952
-1452.693237
-894.253662
509.169434
-646.962158
1052.404297
1041.774414
91.347900
954.054199
-863.329590
246.764404
2577.519043
835.732056
-1112.033691
-251.248291
12.325745
192.311829
2733.198730
2739.714355
-251.314453
160.597946
260.831055
-606.886719
533.298096
-91.073303
-768.359497
542.580688
-329.499023
-841.382568
-616.164795
-980.514160
-391.955566
-409.028564
-1185.383057
-121.592529
807.241028
113.225586
-1278.453125
3178.695312
1863.550781
-629.604004
-78.230225
508.079102
-493.656250
-1007.093384
-735.136230
726.458984
-432.422119
-1380.054443
-1139.101196
-241.347168
141.645996
-639.457581
-1210.821289
-877.944336
457.092773
922.177856
1618.473633
159.157471
-1366.961914
-1215.074707
-46.640625
394.220947
1010.113281
-954.629883
-528.857849
-1373.980469
-906.106445
731.618713
835.026367
844.240723
785.969971
585.564453
601.670410
904.166992
1188.236206
258.042725
-865.127197
-1330.801758
-595.008057
-74.434570
-2560.490967
-2757.956543
-181.395508
61.804199
-710.785156
-1109.394409
-659.025391
381.784668
3182.316895
807.814941
-795.193848
593.414978
523.488037
-952.333008
-391.644531
-286.005371
641.448975
441.600342
29.170776
-529.845703
791.528809
151.497559
-1293.696167
271.893799
1361.565918
838.427734
1431.745605
-292.031494
-1224.110718
-479.556152
-246.327637
-11.119064
91.710449
2946.008789
3946.612793
2318.692871
-793.656738
-1167.045410
-349.921387
-726.778503
-300.302979
782.830566
410.549561
296.013916
107.986328
-317.559570
239.270020
-126.185303
-446.333984
-1386.763184
-99.783936
232.437378
-561.021484
30.457031
-59.420410
159.514160
471.501099
-118.673950
-287.638672
417.552734
86.671143
-840.628662
-357.055176
-643.803467
-878.574646
310.819824
2325.052246
930.920410
-109.861786
-302.189758
-73.432251
907.397583
1389.088135
-379.906250
1049.305664
376.159180
476.942383
2487.999512
282.235840
-60.334473
-1072.218140
-3663.654297
-2485.855469
942.482666
220.381348
-24.534180
580.320312
518.283325
957.587097
-328.783081
64.310150
-565.913818
200.328125
861.402466
645.960693
-149.222412
97.652832
2185.721191
3317.913086
3660.506836
1679.379883
1647.369141
22.926758
-862.450195
478.551758
-262.415283
-542.767456
-390.959229
-1299.760620
-465.439941
409.987549
-579.491455
-936.018311
489.751953
1043.258789
842.786621
380.629883
-1106.640747
-393.927551
-563.517578
49.080063
377.475464
-1088.857788
467.186584
-59.229248
-139.156616
683.432678
-4300.888672
-4246.080566
-12.455322
392.447083
1876.948730
921.122559
-867.803589
-951.681519
-210.117188
341.041016
-932.070374
19.022095
1020.475403
-145.401855
-483.355225
897.978027
1436.103760
649.059570
1085.367920
120.282715
-797.479980
-217.524536
2426.927734
4192.799316
2063.475586
32.946289
-405.786133
-2515.706055
-4238.952148
-2743.574219
69.477295
-88.123047
-178.630127
2239.543457
923.150391
592.916016
697.157227
-396.582031
-1063.827148
-782.920410
351.447510
1209.217285
707.127441
769.426270
1168.932129
877.063477
549.821777
794.498535
-555.414673
-1274.822998
-968.938232
-1651.303467
-739.425537
779.302246
-1914.071289
-3160.919922
-526.449219
161.281372
3345.547363
2809.396484
-26.242432
596.549194
372.604248
-574.334961
131.851562
13.226929
913.641357
-307.987793
-80.531982
280.802002
-304.007812
-222.576996
-2213.285156
-541.820801
895.521790
-714.823486
-315.864258
882.766602
1017.120361
369.979004
-1487.391235
-1732.467285
-976.610596
433.662109
870.486877
-919.019104
-1583.373779
-970.578369
-581.178955
-1039.904785
-442.307129
-901.686035
-1278.128906
636.904663
151.421753
-1585.751953
-1477.284180
23.157227
371.166260
124.171753
-3493.783936
-4749.328125
-545.217529
1386.003052
1111.382568
979.403809
-632.568848
-1618.229492
-510.229492
1255.895508
1038.410156
1361.102051
2475.225342
5178.168945
4734.868164
954.975952
-1223.702148
-2617.415527
-2947.236328
-2772.055664
-1847.136230
-1823.827393
71.044434
476.453064
291.257812
149.625244
-1032.874512
-1476.508911
-328.455811
255.521973
-643.771118
1427.834961
807.032227
131.951172
-435.465088
616.814453
275.149902
-277.002197
186.797852
-18.080566
171.007614
-23.393066
-1767.973633
-1151.194336
-221.369141
772.751709
602.351624
-1128.621094
-527.209167
617.816406
-1828.873535
-1196.054688
880.143555
694.631104
1333.329102
712.809082
-1583.059570
-2602.859619
-2813.890381
-1133.577148
-750.246582
-43.408447
1734.542358
464.521729
975.154785
855.407715
-988.845215
-2112.840820
145.572754
1182.597168
226.788086
-868.565063
36.047974
1058.581177
-1064.182129
-876.615845
-125.636230
-1270.780273
-167.737305
1511.081055
-277.250000
237.415039
11.971680
817.263733
583.068848
1793.650391
1797.300781
530.701050
-117.883545
-1024.468506
-1767.524414
-1410.853760
-141.658691
-2837.272461
-755.178467
578.827881
1217.611328
-115.555542
171.473145
111.555664
143.129028
-786.509277
-151.666260
-875.951172
-485.906982
-81.905090
467.567383
-93.930664
-467.994629
386.045654
-286.646851
-1821.752075
-2002.608154
-551.422119
638.265625
1022.910156
588.546875
934.536133
1415.968262
1200.602539
1474.707031
744.010498
1028.145264
28.669189
932.851685
593.265625
-1804.614258
-1206.554443
-725.599365
46.693359
-454.641357
-877.729553
-448.027527
-462.628662
-531.958984
1781.004395
4642.836426
2157.896484
-648.224121
-70.118652
812.798828
1395.897949
1531.779297
-10.087891
-632.636719
281.652344
1969.980469
1104.039551
1329.838379
-930.087402
-121.598633
869.002441
-71.111938
-943.303650
-281.423462
460.539795
-85.477539
46.689697
392.364746
-137.854492
-412.329224
615.845581
-1049.795044
-1887.229004
377.678833
-882.676758
-1299.554565
-335.524506
-840.317017
861.915588
829.831909
-892.729736
-1042.351074
-1076.059692
-839.703125
-600.577026
140.560547
1287.226562
244.347427
-517.470703
72.943573
-163.483398
-684.393555
-1046.411621
-975.293457
736.102173
-85.944458
-1048.051758
1009.763672
1085.118164
-382.095215
608.375610
114.611816
-3825.941895
-4278.082031
-1030.258911
105.533691
-816.904907
-154.989258
147.776367
118.603516
-210.760254
629.267578
-444.577148
449.305176
33.994873
1530.146484
1303.569336
55.512695
-557.036072
-765.717407
-1349.782104
-1713.561035
-509.767578
-261.313477
-3632.358398
-3546.630371
449.445862
42.594971
-1239.744019
81.742676
614.056885
465.244751
-543.384277
-1435.789307
-1289.336914
212.317383
1877.044922
2009.037598
331.171875
-742.295654
-358.254883
-1118.433960
-837.282288
475.222900
-1522.857788
-7562.540039
-5788.573242
-1335.888672
-358.932129
754.067139
495.416504
1100.079834
-109.878784
-491.674316
845.332275
-109.898560
-407.053711
-350.025391
-1034.854492
3238.500244
4013.160400
1419.916260
2055.091797
-63.917969
1088.547485
475.220703
-970.624512
-2422.871094
-3282.603027
-250.201904
1105.539062
-146.963867
-440.880859
-628.387695
-1586.600586
-3287.403809
-1580.766113
599.563965
1063.300781
-221.928101
-330.527832
-634.759277
-698.325317
-1850.108154
744.363281
-867.341797
-730.152832
-223.231934
-275.715698
1358.025024
222.215088
-649.603027
842.036499
406.145020
-1146.458496
527.959473
2295.728027
2126.279785
1240.527344
-500.900146
523.015625
948.575195
1384.928711
322.031250
-1146.342773
-2056.075684
-1031.514893
228.046875
176.133789
161.917969
-263.482788
9.803711
1296.044922
571.620361
620.208984
-877.230469
-599.700195
673.236816
-875.521973
-1287.758789
-563.447388
725.712891
303.294922
1039.624756
2390.301270
631.671875
-297.100098
1156.475342
565.647461
-1282.749023
-1787.840332
210.309082
203.516602
-176.658203
-211.603210
-793.700928
837.029785
-409.003906
80.049194
2854.345215
179.222168
-542.524536
-2295.251953
-2441.097900
246.401978
2240.874023
-693.247314
-205.148926
702.475464
1118.037842
1061.041260
843.060547
41.825195
-3444.958008
-3532.710449
-1329.731689
-795.503662
-724.553467
-370.329346
-1238.619141
-1551.815430
-2972.674805
-2207.004883
-50.372070
-890.948853
-1047.258545
414.205078
970.482544
1111.665527
-302.809937
-1129.959473
-698.029541
-348.103271
301.294800
582.873535
-579.309570
-579.754395
-753.838623
746.588867
171.235840
378.370605
525.348877
-547.449707
1975.736084
3663.406494
765.086914
-504.426270
145.012207
-131.264160
-323.136719
-673.658386
1033.201294
1209.579590
-110.853027
4224.322754
2937.143555
860.208496
-10.433594
-942.769531
672.099121
1995.133789
718.612061
-895.572876
805.095215
1644.084717
-293.914185
232.427002
748.737549
-611.323242
-677.205078
351.890015
3886.367188
4192.009766
775.524902
116.066162
1832.956665
1540.361572
655.949219
-610.236084
375.567017
808.885986
-259.446777
764.137695
997.739258
-368.884979
-817.348145
-1345.132568
1875.659180
2397.661133
711.561646
-684.036621
-840.944824
-879.515991
340.420410
166.247559
308.729980
993.879395
784.163818
87.518311
1042.072510
-1144.545898
-1984.714111
-1698.864258
-1327.682129
3733.226562
2449.510498
2561.568604
-1197.541504
242.638672
912.174316
-200.889404
-395.115479
-3228.971436
-3707.207031
384.869629
697.163574
94.027832
-2051.668213
-7492.224121
-4366.663086
399.673340
1097.152832
1837.510742
211.212891
1285.685547
1811.216309
734.142151
815.138672
1505.406738
1666.514893
1979.432617
741.493164
-17.471680
-583.421875
-524.857849
1182.380859
1514.697266
146.457031
-2076.612061
421.208252
795.881714
431.211182
1019.493164
-1551.239258
387.484619
-858.496826
-4230.774902
-4034.628418
-1456.095215
1591.011841
1086.236084
19.927246
-525.475586
-1159.460938
-1856.347900
-1555.176270
-1689.857910
-3042.914062
-1937.084961
503.240112
-1036.898926
-1648.916504
-644.938965
-658.646118
-1636.882935
1243.122681
-165.421631
-816.144592
215.308105
493.265625
-154.677246
68.595520
-480.913086
-1782.041992
-625.745605
-194.415527
2113.092773
1249.775391
-1571.097656
-1210.315918
-1053.261230
-1285.833496
37.162842
-394.216553
-36.551758
99.419678
189.317078
288.606934
14.179199
466.834229
393.876465
-642.699707
-483.287598
-95.087402
-222.524506
-246.229004
552.220703
1388.247070
2634.335938
1816.336548
1211.034424
191.134766
-471.025391
-380.067383
362.938171
2781.516113
1373.577148
-1315.685791
692.167969
539.289551
244.944641
-1154.067383
-772.248047
1465.150879
654.369995
-205.234985
279.521606
618.734375
560.356445
-88.923828
388.228516
852.249023
-210.301270
375.475464
258.778320
180.803223
336.055176
-653.112305
1094.666504
610.608276
689.785645
735.116699
-842.745117
696.973389
4982.455078
4034.126221
1357.620361
-303.308105
-1181.269531
-1445.626465
3374.006836
2277.083984
333.658325
-171.665039
1.452148
-546.013062
1419.534180
530.978516
603.622070
-1672.293457
441.726807
-198.851273
62.752441
-1072.654785
-4215.595215
-2245.103027
930.621582
1573.661133
1059.241699
430.748291
526.899475
-249.524506
-77.185547
-2611.758789
-3635.985107
-666.329590
-538.289795
-93.597717
1244.005615
145.475464
861.362305
627.191406
1058.831055
275.471191
533.881836
238.126953
-367.361328
-1093.125488
1507.054688
481.681641
-686.046875
910.991943
1114.446045
-319.107422
699.965820
402.762207
-620.202637
-225.392578
-715.971313
-65.641113
-775.677734
54.541504
-1025.750977
-878.085938
-277.896973
987.986816
291.274414
481.511475
-352.141113
1112.347656
1763.376953
-278.929382
565.494141
542.933594
633.044434
556.526367
-257.249268
-751.458984
-809.494568
-942.319214
596.889526
952.686890
-495.900635
-1758.316406
-945.175720
117.352661
-152.812988
-697.307617
-1021.472168
-939.933594
-2096.817383
-197.961914
268.313965
-135.293396
-663.308105
1064.586426
1107.545898
-375.497070
198.074463
-2322.046143
-1500.882812
984.729492
2941.773438
3656.582764
-874.857849
97.621338
-439.707031
-88.840576
1447.900879
-250.370117
-495.228516
-444.563477
-1144.103271
1361.042480
3745.487305
3357.245117
2633.294922
-140.348083
796.914551
433.015625
1079.464355
-973.424072
-199.601074
-1221.416016
-3953.917969
-2429.855957
286.713135
118.869141
-624.689453
-423.713867
2250.281250
2090.197754
2374.134033
1109.305420
-121.319336
-1291.994141
-354.641113
1084.342773
410.559814
-607.524536
-752.466797
63.210938
272.944336
450.877441
-1068.566406
-681.799316
902.706665
51.152832
1447.396973
310.566803
-863.131592
2007.386719
-36.288635
535.614990
137.940430
500.811035
-493.915405
-442.785400
1178.697266
2842.861572
-189.957764
-1691.143799
-926.293457
-1720.281738
-2976.983398
-5306.971191
-6006.745117
-4506.121094
-503.449219
1631.320312
1889.683594
1759.500977
-741.933594
789.848633
-343.042969
-1685.375000
-628.948242
774.258057
845.842651
1629.595215
1055.455322
-691.339966
-877.599365
612.299683
-1254.908447
-653.790527
-309.125000
-1101.952637
-2044.248047
-143.443848
267.173828
79.179871
1272.729492
37.471680
905.027344
388.555176
-55.913757
-221.552734
-718.556580
-453.638672
199.612061
344.317139
-800.620361
-939.176514
-797.162720
491.712646
1349.842407
432.686035
-388.877930
74.767303
833.814453
597.970703
20.885742
-390.242676
-510.462769
-1376.857666
-1314.933838
-499.916748
427.956299
-740.066772
-318.862549
3365.485840
2591.534668
398.744629
1502.183472
276.296997
210.857910
858.152344
479.961914
-234.458984
351.806152
-1065.913940
-185.685059
459.319824
-104.297852
436.922363
713.999023
-433.519043
186.755005
-683.150391
1974.271484
886.295898
910.428223
869.548828
608.100098
-431.981995
59.891113
-222.368988
-672.968750
-902.747070
607.041992
-21.535522
-299.907471
-175.739990
65.825439
642.919922
-1273.207031
670.180176
1311.969238
221.709961
765.711914
296.586426
-2148.020508
206.615479
1387.145020
1358.866699
1185.603516
830.098633
980.781250
-91.375488
-612.290039
12.541016
565.809998
-4674.436523
-4948.776367
-823.521118
312.174316
-578.368164
169.649902
-299.517517
-341.564087
-3386.386230
1848.789062
2929.217773
-473.702148
-134.645508
-1849.524536
-856.965820
217.059082
227.453125
257.492920
144.714111
315.959473
30.457275
-1038.752441
-441.657471
833.224182
637.222656
365.543457
457.890137
1275.712891
544.506348
33.239258
-44.699097
500.976562
-494.899414
694.723145
412.587891
378.753418
-445.046509
2118.072754
2731.150391
283.248047
-763.270020
675.553223
-226.708008
1280.074219
-399.360352
-919.994141
-943.574951
945.597717
-654.251465
-527.603271
1315.722412
-83.952942
667.924561
-618.091309
-251.760254
-402.983398
-2201.754883
-579.740723
499.810547
539.040283
333.998047
-2193.077148
-1780.337646
137.470703
164.169922
2428.421875
3125.381348
2095.971680
1269.145630
1795.244629
455.419922
-958.456299
-799.530762
-1109.570557
-1325.493164
-2248.567383
-1015.995605
1229.045898
2345.533203
108.165527
-888.420837
285.369141
325.816895
-475.504028
112.839844
718.875488
-389.296143
-1445.526001
-1386.922729
-770.160889
62.491211
196.182617
65.829590
-287.177246
447.664062
2330.604004
2570.282715
241.589417
-181.516113
1168.019043
-54.718750
371.059570
460.581055
83.237793
215.373047
-178.572266
-678.348206
-572.133789
-1302.552246
-1304.137695
-771.211914
-377.822266
28.017578
-803.416992
-1945.217773
-1723.965332
1411.001465
1854.422607
875.601440
-979.759644
-3261.850098
-2090.945068
460.846924
1083.302856
57.925293
-1205.984375
722.389709
1008.834351
-271.261719
863.164062
-261.135620
-288.460449
810.435059
1112.323486
68.414062
-236.569336
-358.415344
996.567383
289.514160
-1320.262207
-1631.158203
-1925.304443
-368.799316
4267.158203
4720.015625
2359.765625
-288.358887
-720.305420
-756.181152
318.536133
-237.894775
-461.317871
1123.441528
705.771729
376.481445
-46.659424
1221.004150
1818.475342
1134.539062
695.614258
42.369629
-210.143066
-47.666870
-351.856445
-162.368652
1096.670898
3539.415039
4064.652344
513.895508
-538.126099
508.005859
-913.727783
-1100.148682
-468.211426
540.329712
741.654297
880.204346
-489.973633
-1596.043457
-1071.087402
-428.156921
370.291992
696.611816
1002.261719
634.065918
-170.321289
-780.932129
-2133.694824
-906.405762
782.197266
1588.089355
513.992676
-243.852783
1401.489258
1801.041992
106.786133
1651.949219
2420.655273
-289.675537
-352.387329
902.633301
137.500488
-601.659912
-636.777222
182.688965
591.710938
1479.909180
1441.805664
961.750977
351.484375
552.968750
327.481934
-168.050293
95.206726
-4328.736328
-5399.463379
-587.741577
376.734863
-173.678711
761.774414
-1186.484863
90.573975
378.498047
147.732910
-782.133911
-870.007324
-722.952881
-1566.760376
-454.767090
-136.610107
-2812.612305
-1081.405273
-127.374512
-194.713623
608.991211
1493.876709
1516.084473
768.306824
-113.853638
-33.655151
-1049.725220
-1714.928711
-425.725098
817.465332
494.317383
1369.445557
56.652344
-391.279297
-152.731750
-2120.977539
-1414.062256
-430.489746
758.322266
365.997314
982.508789
763.839600
-245.482422
-119.429688
-373.600098
-459.895020
123.886719
237.045410
537.291626
1356.035645
1270.012939
1509.087158
-504.673950
197.171509
1605.616211
-46.024902
327.581177
846.392090
211.093872
39.382568
-575.059082
1382.868896
1893.176758
-4.569580
334.803223
167.528320
3298.654297
419.387207
-556.856079
-708.325684
131.701660
876.493164
274.574219
-636.989990
8.712891
-202.163818
-3037.197266
-1637.465088
425.106812
-732.136475
-690.368408
655.962158
151.167480
-179.087891
-246.926270
71.970825
-326.810303
-194.939453
-416.859772
-848.354248
-426.816772
963.359131
799.120056
116.386230
3349.360352
6415.331543
3727.739502
787.154236
-549.235596
-645.166992
-1390.003906
581.615234
-2161.572754
-200.679688
1166.880859
500.238281
-616.409668
140.834473
143.917480
-161.618164
1180.364746
1988.877686
132.857910
-1542.621094
-2677.974365
-1571.810547
784.425293
4408.521484
5649.103027
1832.738770
54.031250
1778.142090
614.735229
-399.186279
-1707.005859
-1471.118652
-331.192871
562.833984
951.828125
166.460205
-1356.826904
-587.660583
356.011719
-74.420898
-473.857849
-811.201172
-2643.104492
-3988.220703
-3173.547852
-2595.960205
-1396.501953
-453.386475
-592.059082
-690.985962
-3245.995605
-3104.910156
-891.840576
-3.739990
673.588135
1160.907349
358.484619
140.870483
103.492188
831.976562
833.083008
-1077.853516
-3205.721191
-3584.820312
-980.635254
730.740356
1641.194580
2225.168945
-146.049271
1245.881592
710.694519
67.508545
-78.242676
-298.458984
159.183105
752.305176
1199.915771
-1520.501953
-1326.287842
632.072998
-201.285645
171.163208
-628.925049
-3444.641113
-1742.506348
1648.638428
747.064941
3592.709473
-1198.595459
700.990417
1168.096069
152.832642
-851.042725
-510.446472
93.628418
-345.079468
1206.257324
2457.500244
1154.438843
-1358.363770
-1913.993164
-2056.713379
-758.556030
-831.639771
-842.853271
1194.110474
271.507935
-377.532715
1.892090
-1927.385498
-2177.863525
-94.745117
2073.411133
2324.295410
1138.152832
-1164.250366
544.139404
5295.640137
6181.080078
2830.390625
-331.857849
-98.597168
1750.722168
1025.328125
419.630493
404.312012
-723.152832
-240.272156
2440.983643
1963.216797
-246.442749
-604.500977
-549.250000
103.016602
531.698303
551.318359
-818.745117
-1002.633789
755.479614
629.792480
1382.316406
-577.637939
-256.767578
-19.957764
-741.244995
-684.747559
432.037109
55.899902
1779.228027
8225.280273
8317.248047
2593.629883
-1020.710449
317.281738
478.084656
1195.213379
-78.411133
1804.675781
551.083984
1162.146362
873.008789
572.544983
423.000488
-67.657227
-669.057617
-520.380371
270.664795
-181.655029
502.094971
-2858.171387
-3230.105469
-93.862305
1476.276489
1464.603516
198.300415
-1260.667725
-1388.567383
-972.952637
36.441895
507.392578
1031.744873
285.373779
113.778015
523.456543
-643.644531
-912.517578
229.986389
255.916016
1157.669922
322.985840
-916.140015
496.815552
-738.490479
-963.503906
-214.550537
-79.870850
1323.072754
1036.126221
1320.797241
1006.802490
-731.646973
557.696289
1460.717285
-663.146240
-746.211426
-1468.025635
72.582642
964.031006
1850.000000
1991.302734
-528.239258
396.668945
1583.921143
843.175049
908.172852
1747.429688
96.688965
-330.115448
-142.768555
-392.062500
-533.857788
-1240.598145
-1446.479492
868.787109
525.834961
5.740967
-253.737793
1655.492188
2087.716797
279.186035
1068.011963
1595.992920
304.101471
1162.771240
3.496094
1154.070312
4298.667480
3295.803223
436.559082
-901.320068
230.353027
710.708984
254.054688
-534.714844
-643.712646
427.083740
962.105347
-164.475067
-120.946289
-419.194580
-827.968018
-1696.568237
806.142151
1278.142212
-1544.301514
-228.786652
3563.843018
3471.921875
1047.240967
1094.664795
357.963135
150.381348
488.698242
-588.890625
230.142166
1753.875977
933.190918
-120.600098
129.385742
-599.682373
-37.940170
1148.575928
-476.919189
1180.824341
18.823364
-1292.509766
125.252197
-686.780273
561.116211
1687.782715
-642.770020
-623.610840
-494.771484
-634.066406
55.510742
-60.215088
-1077.160889
-933.629883
-880.920654
4.407227
200.519287
-2346.454590
-1482.169922
155.231445
-237.531250
-738.831055
-702.034180
201.086914
187.145508
26.480469
456.708984
276.268188
-253.232422
-1395.071289
-211.186035
437.057129
194.477539
951.289551
1514.625366
368.142151
-281.202637
159.309570
1102.645508
14.742676
-855.470337
-423.675781
19.024414
-135.981964
-318.900146
2312.575439
1759.462891
-1057.857788
-588.970215
-2668.886719
-3259.050537
-243.868408
509.186523
-1050.043701
-47.976318
-2489.537354
-1525.384766
-263.524536
841.701172
381.023926
1330.418213
423.760132
2545.653320
568.833984
-167.017578
-871.917969
5.689453
-96.759766
638.616394
4045.321289
2924.276367
-926.812744
-2525.085449
-2976.839844
-1103.595459
1109.497070
-953.402344
620.638428
612.910645
752.687500
737.038818
501.565430
3263.741211
2367.319336
-235.322754
804.726196
-986.670288
-760.655212
1308.950928
126.520020
-836.463867
797.666992
21.034546
89.325928
1439.420654
2292.195312
91.612305
124.098633
60.889160
1533.296265
948.649658
899.562500
439.921875
-2.460449
247.398926
54.535645
-26.503418
843.421692
92.518555
-134.032471
166.717285
348.189453
841.129578
14.575195
-540.877441
597.265747
202.521729
205.497314
925.369141
-819.341797
116.197266
-335.391113
-283.498047
275.514160
128.644196
1937.963135
2734.945801
1192.344727
-167.106445
863.146362
435.134888
164.240723
-659.502930
-2052.803223
-2815.461426
-1647.492188
2548.914062
1637.520508
1286.875977
-759.857849
-238.370361
2009.294678
2816.562500
1850.665039
-439.685547
2491.545898
-850.719727
-2829.706055
-3137.762939
-2186.316406
-317.931152
-743.540283
1230.517090
-168.010254
-271.118164
940.184998
134.701172
-161.732788
-173.939453
36.256348
600.878418
992.549316
-218.222244
1742.364258
1766.276855
388.139404
-943.065186
535.918701
-892.631592
1161.142212
1469.760986
1041.914307
1043.737061
659.448120
519.457520
13.944702
-1158.464844
712.668945
1158.338867
329.661377
-2578.314209
-893.031250
-801.484863
1176.134766
902.685547
930.962891
35.405762
-776.958374
591.742676
691.947388
1422.813477
207.145996
-249.639160
-1084.815430
-177.020538
749.597778
-186.113037
-705.725098
1399.991211
2116.057861
1551.658691
-234.947754
-421.912415
408.894165
671.161255
449.894043
-419.895996
-953.006470
-708.563232
578.222961
-2271.594238
-6463.824219
-3414.490723
-18.424316
-32.682617
533.150879
1591.766357
1630.042358
1242.918823
415.635498
-836.034668
-434.734375
-15.406738
212.569824
448.475586
759.931152
129.390015
695.152100
-375.029175
-894.673584
1187.522217
393.432495
-422.480957
-545.554199
-64.266602
-125.909180
-238.396973
-394.855835
152.946060
-266.422119
406.725586
1100.188965
644.150146
533.092041
-229.894531
-1715.514160
-1217.955688
331.166992
634.201172
1620.940186
1719.853516
798.417480
1405.479126
680.136230
67.894531
220.294434
296.791016
-93.931152
-112.993896
1256.249512
655.094116
-636.341797
72.551758
-94.785156
-184.860840
-774.801758
-1451.007324
242.541016
-140.134766
-404.923340
154.844238
-2401.097168
-1624.743286
996.001709
3692.556152
4322.718750
154.366455
270.699097
1732.554810
-266.185303
122.992676
-312.508301
629.627686
248.078125
579.721924
755.128906
-516.574097
862.937256
1165.200439
1459.682861
317.592651
-25.301880
-657.846191
-487.625977
264.904968
850.339722
986.621826
-76.292114
-88.089111
2134.350342
891.767578
-988.776184
699.418701
-342.199951
-1379.122314
350.886139
574.747070
614.305664
900.307373
1206.264648
-626.014648
-53.168945
662.377197
-0.224609
-314.978760
-972.719360
53.710938
1072.294189
-409.614746
-1498.175293
-769.725098
738.873840
777.423340
151.824463
577.527832
596.053711
-870.909912
-3272.393555
-2058.473389
733.598145
-514.275879
-1472.406982
-673.019043
315.301758
158.693848
-272.853760
563.553223
1386.917480
1528.055664
391.507935
-120.870117
-417.502441
-791.715332
263.624756
564.463867
2445.823242
2017.801025
-1359.082520
124.742432
2092.435303
-381.068176
516.670898
1557.325195
-145.540039
376.608398
17.796387
1740.704102
1994.410156
113.122070
-1777.276123
-1128.866699
-189.148682
711.458008
792.141602
-228.130371
2173.479492
1077.249268
-154.600586
740.392090
1031.639160
-173.857803
354.191895
-2069.464844
-2519.625000
565.847290
-162.911804
-1388.115112
-915.567139
-494.854492
-102.274170
-516.487061
-24.574219
401.329102
-1467.778320
-3376.154297
-2183.707520
362.391235
-575.473633
-1191.551880
-55.643799
-340.500000
-251.116211
-556.245056
-519.853027
232.828125
-1121.882568
-3947.323242
-1660.379028
534.913574
236.967773
724.395020
-1877.424805
-579.629272
-371.665009
-689.112793
814.272156
-180.487305
-2507.993652
-1009.583008
1141.009277
333.715820
115.664551
98.803223
428.180664
479.959473
884.531982
608.353638
-1501.230957
-537.702637
1045.275879
-1076.126465
-949.629395
-3689.288330
-3248.931152
272.259033
-332.916718
-1082.214600
540.327759
-153.587769
-668.657227
-698.802734
-1650.424805
-6288.686523
-3917.043457
-412.666809
-600.545532
148.390869
-129.274658
-1625.526489
1134.817383
726.036133
603.735840
1382.585571
857.970337
792.378906
1729.422852
681.509277
-4291.472656
-7189.295410
-1807.974121
2114.821289
1405.607422
-1768.199219
-2762.445312
-535.192383
219.531342
2175.989258
1328.750000
-363.628662
-261.712891
357.922852
320.317627
-843.068481
-972.881104
-248.800964
4893.710938
5690.600586
1639.394531
292.531250
969.688477
182.713623
-382.529785
244.405029
1295.142212
1286.046387
4154.527344
3241.906250
2752.338867
865.677490
-131.021973
157.098145
388.501221
-2079.907227
308.990723
129.705322
162.851929
-3.055176
1760.507446
28.968628
1080.482300
-394.682617
1217.322266
4184.597168
3668.102051
544.195312
-893.457031
-304.816406
1475.973633
-903.397461
-1827.647461
-546.624023
-626.999512
2570.893555
1888.833374
-1202.629883
-726.703613
-252.838379
985.543457
1355.157227
-673.785645
-984.674805
-187.469482
-320.715942
426.552368
1440.780273
367.278809
-92.355469
580.235352
-258.871582
-194.118896
34.384033
211.705322
541.587158
68.701416
525.441895
773.337891
-797.922363
-1505.504395
1094.698730
1368.638184
872.939453
-915.271240
-186.203369
-380.907715
-368.803955
841.258179
-10.810303
115.597168
949.365845
-1072.988525
-116.136230
675.117188
58.603516
2193.409668
4845.732422
1375.688232
-1641.635742
-819.366211
940.628662
969.969727
125.730957
-399.336914
-1115.322021
-768.791504
746.096924
1660.475464
940.317383
-631.558105
433.573242
663.111084
-273.076294
173.335938
1078.970703
609.830566
-9.450684
-55.625488
354.958984
445.034180
49.774170
-453.844116
-414.110779
1525.858398
1462.387207
1327.055298
1218.020386
-382.857666
1361.114746
5331.429688
2306.346191
385.027588
780.368225
-670.932373
-1196.180664
-154.945679
-515.762512
346.476440
-125.604004
1262.804688
4573.291992
2714.972168
-1871.836914
-3179.999512
-2260.309570
204.006836
-328.886230
-710.469482
555.072876
-608.352844
-1556.972168
998.729736
881.900391
2860.290039
2282.891113
-1161.715576
-1413.772461
-776.719727
-61.198608
-74.437012
-854.176941
-1071.174316
-578.190918
689.681519
1062.910156
2207.814453
-44.467285
-981.739990
1308.169434
454.159180
929.066406
2556.938965
1412.465576
206.610352
222.204102
65.210938
479.901733
898.356201
78.793457
-1672.238281
57.337646
258.627930
-327.727783
567.850830
224.428711
-1037.448242
502.836914
821.806946
460.363770
1226.083740
-29.964600
-996.998535
-64.160645
516.907227
166.955078
709.363037
-433.221375
-1526.762207
-574.933594
1359.862305
336.476562
-247.857834
-2159.448242
-4286.095215
-1352.960938
353.111328
400.007812
566.223633
-552.867188
-407.958496
594.717529
-596.612061
-513.486328
-140.958496
-2614.504883
-3223.562012
-641.923584
-153.634155
-443.750244
2336.245605
2453.982666
-328.594421
340.017090
201.209961
-764.813477
1165.974609
874.788208
-897.852051
-44.398926
-346.769043
-270.992188
4129.415039
6183.584473
3105.320801
122.004883
1009.921387
1282.593018
931.205078
-848.810547
-1900.763184
-818.378906
573.939331
-220.576172
628.183105
-9.777832
-309.115234
1234.270020
94.024902
-187.852295
-451.804199
61.410156
816.494141
194.822266
-265.714355
-1050.878662
-1663.391846
-413.420410
763.196289
-1944.870117
-789.321289
-963.731934
-264.077759
488.260864
-61.566406
166.111328
-291.681152
-165.481689
-409.186890
-2179.833984
-32.686523
-1464.447266
-1460.180664
-2314.654785
-1408.750488
631.098633
81.504517
353.298584
1014.900879
260.165039
-440.323730
-868.958252
433.809082
-283.506836
783.210693
2136.622803
1077.860352
1673.624023
922.695312
546.070801
957.063599
178.325684
27.600342
-792.271240
-1297.885742
765.506836
-679.527832
-1238.144531
-1669.841553
-764.527832
-429.365234
-1939.826172
-506.137695
1310.894043
617.184265
-1480.804199
-1250.607056
382.537598
-7.240234
-432.777100
709.247314
-471.297852
2863.056641
428.011719
255.707520
856.575684
-1033.524536
-1177.579590
16.835938
-473.993652
-1453.502441
-30.697266
256.706543
1026.437012
264.256836
669.596680
512.394409
310.394043
-815.094727
833.732422
-846.178589
-1546.058838
2225.830566
4172.182617
1302.119629
16.661133
115.834961
-69.559814
-878.226685
187.958176
-308.857849
-526.590088
186.440430
1508.396973
-297.585449
441.159180
-783.218018
12.820068
643.012695
-1093.479004
-140.140137
-325.420776
188.362000
1438.240234
-1150.721680
-862.696899
-854.669922
678.442139
1458.295288
1493.160278
1744.465942
-498.857849
-680.682251
848.899414
810.670166
1052.714600
639.066895
-356.198730
-1177.393311
-929.510010
-58.502686
253.531738
2859.918213
6574.456543
4895.531250
511.831909
-1463.222168
-1211.756836
-665.230469
517.410156
2881.588623
3915.403809
794.946106
-1537.823853
265.578491
388.833496
1295.178711
2087.100586
-161.033203
192.067993
182.413818
-893.827759
-1112.402100
-621.662842
420.473053
1595.105225
1477.500732
528.712646
-638.732666
-598.014160
215.535645
1331.028564
283.880859
-409.091797
-542.964355
-1042.541016
369.389648
-412.046875
-1178.757080
326.605469
-480.030762
-1680.179443
-682.122559
466.089355
338.867188
337.230469
116.028320
163.781738
-247.239197
-1580.524536
195.700043
452.021240
-724.989990
470.867737
525.487549
99.131836
82.615967
198.873657
1469.817383
-114.422058
-1176.940063
-960.021179
-1427.814209
-1328.824951
-2193.352051
-1966.630859
-2442.000000
63.174805
1121.913574
-153.035614
-978.536987
-959.024780
-371.293701
518.500488
58.640625
675.147217
-566.569336
-2152.469727
-1273.119629
-1511.725342
-1667.238281
-10.785645
287.922852
1175.052734
1118.916016
78.715820
275.818848
171.010254
796.083008
568.079102
-37.101074
640.790039
529.484924
66.150269
-1283.913818
-667.397827
-1106.394043
-4680.490234
-5298.270508
-839.764954
2133.325684
562.766479
800.510254
47.532532
-907.158691
699.693848
5576.434082
1623.626953
-573.712891
491.357391
883.542236
112.919434
-716.841797
-707.676270
-93.632812
-617.619019
-60.307617
562.304199
-1043.239258
1471.970337
113.127319
-256.074219
1688.131836
654.292786
526.392090
2461.299316
597.352661
716.931519
2522.946533
1723.807007
-856.258057
-62.707031
2214.803711
1065.130859
22.937256
-95.938965
-1426.412109
-2340.935547
-389.227661
-2519.777832
-3039.976074
-1919.907715
863.394897
1324.738770
123.100098
-841.860229
-308.819458
83.958496
2025.985352
420.745605
460.331543
-256.423828
-162.099609
5.590820
-652.920898
242.323730
-197.431946
39.435059
1027.025391
-560.175293
-281.129639
-739.357910
227.946289
1319.070312
158.903320
-1372.594238
-434.733856
-936.885742
88.787109
1483.782227
1384.414062
2012.408569
244.612793
1222.308594
2247.820312
754.016357
-761.285156
1181.222656
595.281921
-358.107422
-206.806641
885.051270
-65.108887
1010.074219
-521.120117
-307.751465
-2071.214111
-1059.441650
315.519043
-439.029785
570.216064
23.606583
-18.026001
-465.811035
224.622070
-2808.344727
-4317.998535
-2676.040527
-430.648682
-406.899414
-139.457031
335.514648
-1431.943848
-1306.566406
456.538330
691.542969
-343.129883
-996.281250
-40.830078
114.475464
2417.583984
7172.968750
5817.718750
1028.154297
77.928711
-208.336914
2220.604004
4023.956543
115.402344
-1095.738281
-2028.269653
-3281.141602
-39.546997
232.014526
419.935547
751.852051
689.728027
2839.385742
2060.790039
1085.048828
199.025879
1170.288574
-372.449280
-67.019531
956.423828
128.451172
-1326.378296
183.423340
1524.172485
941.062988
807.554688
2688.014648
6922.355957
3121.183350
248.306152
-18.011230
-607.524536
-1800.768311
1287.142212
1633.995972
114.791504
-388.861511
685.686035
1923.359375
767.201660
-521.531250
1212.269531
2108.979492
-769.460205
1614.268555
16.702637
-26.158081
1769.828125
2875.414062
765.721680
-341.614258
147.279053
-1461.246338
-1117.241577
862.386475
-368.896851
-220.168030
597.933960
1700.725342
1814.750977
2175.757324
-236.941406
-1591.666016
-1244.689453
488.014038
332.976990
346.267334
-1543.036133
125.720703
585.108398
303.068848
-620.905029
-754.797974
616.296143
1550.100342
1692.056641
39.921387
-31.973877
86.612366
-355.902344
-106.774902
1635.382812
-217.770020
-34.392212
-1376.041504
-766.932983
2578.941895
1635.297852
391.770508
460.244873
938.167053
-327.302429
-622.596924
945.993774
464.630859
-616.976074
-2172.858398
-1557.414551
-303.259766
454.142151
86.245605
-961.573364
-1808.717651
-1791.255127
194.131226
-663.292969
1030.440430
21.492188
-422.223389
-1387.547363
250.529785
-96.911987
965.048828
267.071289
771.811279
744.952271
753.176636
-199.991699
141.408508
419.617676
-1241.661133
-812.357422
1791.594727
2014.282715
2653.554199
-42.050781
-1530.128906
-575.979004
1206.102539
1946.105469
-446.222168
-88.721802
-99.357422
-4008.988770
-3063.613281
-623.614990
330.034912
2294.026367
2198.218750
300.806641
216.822754
537.547607
-122.395996
-125.584961
-546.048218
-761.194336
-3898.894531
115.458008
631.038330
111.154297
426.747803
940.818848
501.202148
597.494385
144.316650
-231.263184
-660.381836
704.667847
-941.769287
-1023.695435
877.811646
960.142151
-120.413818
-1183.857788
-442.124023
462.750000
647.809937
381.463379
943.643555
3072.550781
1024.849121
1508.496582
-98.674316
-935.751343
-252.493652
121.627930
-162.088135
-1363.125977
-3682.973877
-3290.963379
-1463.564941
1514.484375
226.530273
941.063110
3.693359
200.497803
-1294.201172
-3923.872559
-2107.939453
-245.126709
-299.359131
-1174.988770
-327.907837
-1439.560913
-296.069824
-824.349121
-795.032959
904.850098
-30.006836
-548.283691
-1039.358154
-3745.203125
-2607.152344
485.835938
356.158112
105.558350
1124.149170
1828.949463
499.382812
461.125488
1514.002930
-33.763916
-3121.254639
-3506.095703
-1459.454590
-86.585205
-644.472656
-1372.475586
887.727539
-152.268555
378.787598
817.109375
-578.238281
1934.153320
41.311523
284.797852
368.283203
-1294.011597
-661.328125
-621.356445
-443.490234
404.133545
-243.928223
393.376953
1495.606689
571.879395
966.976562
4168.456055
179.550018
443.016479
1090.512207
34.578613
-1156.845581
425.395508
-238.950928
-379.422607
-158.522949
-222.644043
-163.938232
-2321.857910
-558.122803
844.259521
875.323486
-769.857849
1239.897461
2098.896240
791.037598
-550.936523
-1408.377319
-1230.916626
-1000.206665
-1153.605835
-1340.964600
-498.012207
825.677734
2065.191406
-1207.678711
-489.884033
-32.462891
-641.703125
-1586.158691
195.378174
-410.171753
-996.841064
-406.974121
-470.552734
305.047546
906.301270
174.055176
830.454834
867.913818
-60.054688
-2936.927246
-3083.594727
36.533691
53.111450
772.872070
1458.086426
-33.323242
-6.148315
1218.378052
586.619141
80.851562
-357.594727
-224.189941
645.852051
1567.236816
1123.005859
78.707520
-384.098877
37.697266
1683.876953
831.259766
456.656738
691.042725
-497.773193
-1159.826416
2739.115479
1224.730225
-1037.163818
611.644775
1735.301147
154.144531
589.168457
-159.251495
-3607.582520
-7417.555664
-3845.127441
68.857422
355.019348
4824.710449
5332.903320
32.906250
165.639648
2.080078
-797.375000
403.384033
796.711426
1747.166016
541.764160
963.094727
2295.329102
1361.192383
-1359.201172
-1110.479492
-644.884766
569.645508
681.840332
48.640991
647.672119
-712.027344
-158.289062
-3104.624023
-4226.693359
1116.117188
1619.741699
1702.672852
-663.759277
-1502.236084
224.311523
377.708008
547.173706
-272.646271
-2776.955078
-1406.035034
913.402832
383.984131
429.931885
-261.635742
297.794922
-741.684570
-110.511963
-3.630127
-306.134277
-733.912598
-978.644531
850.422607
1213.142212
-900.718262
-1048.665039
-1464.230469
623.302002
4246.476562
2650.618164
-843.390137
2356.038574
786.567139
-865.112061
723.823853
-681.060547
-2394.275879
175.738632
614.031738
-782.345459
-318.763184
-453.938721
95.883385
1753.606934
1460.708984
190.859863
-1750.527588
-1271.163330
-724.475647
305.651917
-2461.773438
-3381.260742
-912.160645
-230.629944
-628.463379
1176.527344
-277.602295
479.201660
2205.113281
2890.426758
-898.579590
-1636.791016
-2018.067383
1520.569336
3037.564941
1702.476685
-404.439697
-1529.203979
1218.317993
4789.228516
3231.714355
-160.859375
-1011.143555
-735.632812
885.725098
424.245117
723.613281
945.836914
-1234.677368
-1888.991211
332.475464
-724.267212
-481.432617
3600.827637
3177.306641
1322.460938
1263.911621
652.567627
733.820312
-145.031250
1230.400879
54.028564
-1202.190674
-1053.838379
-1029.165039
-1012.635986
-153.410400
7.353516
1355.066406
2389.937500
1317.676270
32.044434
966.432495
832.081543
581.413574
725.016113
1328.579590
256.643066
321.043945
1225.791016
5.750000
334.241333
1657.868408
2274.124512
986.463867
-1344.723145
-3289.087158
-564.339844
63.300781
-1063.964355
-1390.736816
-444.694702
301.208984
-412.423828
-2146.642578
-3712.537109
-1533.948730
670.454102
-444.524536
706.094238
2708.306641
-959.338867
-4306.554199
-0.857834
-869.390869
517.914062
1347.035156
318.580078
361.947144
-1276.577026
-2005.032715
-726.617188
-2610.436768
4748.441406
1143.212891
531.357422
-134.149170
264.541504
-207.304443
-238.280029
141.522461
76.309082
-401.486816
-156.463135
-1383.127441
-2587.375977
-570.412109
616.379883
1992.867188
1695.884155
302.142151
1007.417236
1143.890137
1371.399902
786.563110
82.724365
115.702637
-1352.647949
-3063.372559
1295.772461
949.469727
-88.709961
-864.929565
-1572.520752
-370.574158
-315.142090
-1137.308105
-62.968262
-780.909424
-771.413208
-1429.161621
-215.190430
689.204102
621.890137
-2006.153564
-2389.810547
-658.884766
-454.895996
-414.458984
-979.291748
-528.923035
-80.874023
259.881836
45.192383
103.208984
1409.007935
711.669312
704.904785
-428.106934
-401.306641
551.572021
578.171875
-1164.408203
1076.224609
255.944336
-956.142029
2040.599121
2380.738281
515.491211
184.500000
-932.538086
-226.223206
76.416504
931.916992
-395.609375
-419.077637
-1077.911133
53.329102
100.956055
-905.812988
-1048.174805
182.778320
1239.753418
1490.571777
8.091095
-968.820801
-555.552246
-350.839844
444.159668
4093.934082
4051.880615
1902.073242
1310.907227
315.248291
-861.932983
-1812.403076
-1537.708008
-852.923828
398.005371
-58.058105
-1369.980469
-1677.289062
-68.736328
417.652344
-343.780273
-1181.893066
-410.526855
-923.639648
-230.035889
1074.714844
-1187.699219
-581.207031
737.475464
665.295044
555.190735
-1080.500122
-955.694702
3130.733398
2240.857422
2432.375977
1027.225586
722.647217
1054.875488
749.489258
3325.353760
3114.838867
-554.210022
188.434082
1564.526367
453.447693
-553.230469
-904.460449
-969.253174
-567.207520
1513.002930
1092.028320
-838.057373
357.555298
1052.470703
-128.693848
-1172.565430
-944.908203
-1004.255737
-1316.735229
-914.894531
1045.920898
-17.583496
-583.075439
-885.678223
-1196.829224
-460.598877
684.755859
1097.503052
301.806885
361.333984
860.804199
989.071289
477.055176
185.627930
368.941895
-547.724426
-1323.183105
650.000977
26.989258
-51.536621
1300.859009
905.834900
95.074463
60.474609
-409.224945
337.217285
2076.766602
313.464844
-742.645020
583.139648
740.634277
-1456.085083
-1524.878906
-1378.834961
-476.352539
-2655.639160
-262.419189
702.127808
-40.548767
227.292480
153.160645
-625.458496
136.781250
-581.625977
-2917.199463
-3417.803223
-3023.654785
-1490.427490
-690.217773
-554.822266
563.379639
191.017822
-448.754395
89.919136
-222.411133
246.409546
-681.608887
-807.323242
405.561523
-219.719238
-500.351807
519.724121
-1119.857788
-817.181519
1542.016602
2007.087646
682.304810
-1314.970581
-1031.857788
153.670166
-165.535889
-214.627075
1307.082397
661.513184
-547.845947
-654.648071
863.318848
198.030762
-39.002930
1070.224121
1001.161621
82.778809
-90.190674
-730.892090
-1505.392090
-868.838501
-896.009277
-446.860107
1178.416992
464.082031
277.712280
733.698730
163.616211
-302.577393
-306.010254
167.616333
720.773926
-875.326172
-829.524536
932.519531
1031.872070
-121.226074
-275.468750
143.233398
-453.276367
-2346.702393
-1654.890869
357.391113
1445.836914
1715.410156
-317.930389
-134.254883
1339.265137
732.046143
193.682129
-209.352539
-2381.662109
-2679.427734
-161.291016
1185.197754
319.796631
-80.020325
-817.953003
48.753296
3228.816162
4263.261719
2197.319580
-343.674805
-1045.416382
-1360.752075
774.456299
2024.901611
259.477539
498.412476
1562.909058
31.919922
-850.433350
-330.843750
1951.357422
-568.277344
1346.648438
868.091553
-66.961426
463.089844
989.773682
1548.206421
1042.987061
295.961914
-561.792480
-911.122803
-634.843262
165.051270
1251.772583
-489.664062
-2182.543945
-173.751465
378.299133
-1025.668457
1018.711914
-827.381836
-1432.691406
-5890.080078
-5323.884277
-932.615723
967.497131
163.300293
-66.442383
-337.683594
-713.165039
-581.527832
-1096.339844
-3762.548584
-5199.367676
-2873.898926
489.714844
-1252.269531
-4.253906
-560.053711
-1669.524536
545.255981
926.272461
1633.516602
1106.998779
846.053711
1125.122070
-656.937988
-560.095215
2950.434082
3723.195801
1694.646973
1568.812500
-682.344727
-680.852661
2911.142090
737.396484
340.463867
-515.281250
-1969.543457
-485.267700
262.578125
1590.292725
739.913940
-533.548340
-220.224609
1351.285400
2111.096191
705.505859
-506.629395
424.953125
420.028320
3002.301270
4337.976562
169.987915
-1105.742065
676.829834
1042.683594
139.864746
-855.397217
-1024.861572
960.990234
1538.361938
432.074707
328.644531
958.017578
33.448242
-288.987305
310.315430
1135.717285
-593.151367
-1294.765137
-2428.166504
-1569.113159
455.475464
572.159180
369.321014
1200.800659
586.244629
1780.127930
1314.750000
79.763672
-149.191956
599.135010
362.304932
-40.999023
1552.878906
-167.182617
904.938477
798.250488
-783.597168
-24.768555
-520.788818
-284.314819
1468.604004
1410.959717
-843.983887
192.156006
-318.844177
475.710205
5354.733398
3344.126465
-413.951843
-1008.253540
-3145.793945
-536.989990
1778.895508
-315.331482
-291.518066
-892.034180
763.063477
-661.232910
-1360.704590
-16.795410
885.534180
954.440552
-459.190918
-36.087891
-290.379883
444.159973
328.580200
292.177490
-73.082397
891.703674
1689.208374
871.370605
488.204590
145.285156
106.887695
593.539062
156.426758
-259.922119
2209.062012
993.555054
1872.737915
538.846191
550.679688
1456.018555
2533.745117
2757.422363
1357.896973
260.012695
-192.247559
-817.406250
140.776855
2924.026367
2806.249512
871.411133
-133.649902
-84.333496
-469.077148
224.760742
430.258789
-188.071777
-1201.169434
-93.598145
1825.038086
995.117188
980.671448
-213.093750
-1885.722412
-1843.701172
-416.688965
266.448242
-924.537598
-2347.066406
-2229.722656
-875.279541
-286.094238
-1057.408936
-969.038086
138.377441
-273.332520
-886.504395
46.957520
1366.963867
564.677185
-466.392822
-865.667847
-843.722534
-1172.494385
-2745.019531
-1196.207520
466.489258
64.833130
-956.652649
-751.597412
-1233.184814
-1541.031494
-733.209229
-191.125000
-258.960571
-257.705811
406.605469
90.418945
451.270020
1334.030029
1752.900269
613.022217
-641.766357
580.290039
864.617310
620.000732
-565.736816
-687.946289
-20.351898
-438.620117
-665.924561
-1135.712524
509.466797
266.916504
-96.753418
404.135254
-1069.921875
-2489.712891
-284.683105
721.874023
393.742676
-747.895020
-635.567627
303.222656
-222.029785
281.222656
486.749390
658.766357
917.253906
167.707764
-930.803040
-1340.118652
-109.167053
537.701660
96.052734
-251.094727
363.687256
1578.107300
1372.016113
264.217773
2799.066406
3700.648438
116.285889
-3217.344482
-9683.583984
-8342.349609
-690.401855
152.704224
1611.473022
2676.224121
294.096680
-645.120117
316.048828
343.700684
1244.085205
1910.384766
1487.693970
-157.990967
-561.678223
45.335938
-261.581299
-1115.481689
485.299316
1497.446167
1155.189331
-260.944824
-1471.423340
-875.336792
-709.086426
840.520996
3427.147949
4618.536133
2175.320312
-53.921875
-551.203125
-254.275391
-1215.359131
1239.217285
834.115234
-597.453735
-214.887207
34.427734
-412.459717
79.159668
284.766113
-802.446655
14.048340
361.726685
-355.660889
-67.992188
-134.675293
165.576279
-276.444824
-152.864258
713.882568
-360.475098
-1134.068970
-522.022217
-32.745605
-1001.645142
-1382.803711
-44.412109
935.914551
83.521240
-386.743164
-1567.476440
-1408.529297
2496.360352
4243.144531
3159.301758
-593.629883
63.535278
333.999512
94.874512
730.315430
278.177002
-381.960449
343.882568
47.014832
-289.583984
-44.109131
72.289062
419.142151
1240.557129
659.496582
740.536255
1311.599609
337.575195
-473.653259
-185.507812
-2953.765625
-3454.490234
-1900.039551
-68.539062
875.415405
1037.385986
375.293762
202.045776
438.533234
103.564941
-1053.071411
953.131836
1064.445312
1054.380859
-312.706543
-971.999512
-1297.570801
-461.175293
17.495605
-549.625000
291.378906
-641.848694
-143.055359
-293.279541
-388.829346
-582.558594
-1369.048340
179.115723
1116.864746
-150.032715
-457.072021
-397.023071
1073.420166
3700.679932
1153.738647
-855.134888
-17.677734
228.612793
731.781250
290.646973
-1184.217529
-1578.583984
-238.441895
-231.652344
-1720.949707
-887.760071
-248.524536
-714.025513
400.522949
1032.918457
-283.903809
-423.616211
780.203857
-234.261353
-1518.232666
-1113.568359
207.512207
-10.645020
-290.752441
29.949707
-529.635742
-993.558838
930.698730
525.442627
-843.724365
448.512085
398.807434
20.437500
1915.954346
1249.649414
499.797363
369.958130
123.047852
1183.492188
5166.830078
2826.230469
-328.320312
872.493164
-331.489990
1934.299805
3091.336182
360.533203
-46.443359
532.198486
513.484375
1297.950195
877.563721
-331.434570
-399.841064
-3132.240234
-409.588867
-854.857849
-722.722656
-444.211426
462.440796
1418.743408
385.973022
780.085205
44.405029
742.170654
1078.475342
543.979980
2507.244141
595.321777
1828.749756
2989.554688
-654.118164
-1017.276733
-460.849609
-1583.441406
696.892090
843.269531
62.572510
-444.953125
-414.346313
790.208740
-486.986328
-2487.513184
-2147.989502
280.034088
1983.639282
853.611938
-670.884766
-923.588867
-2806.721191
838.724182
-321.615723
494.923584
3620.532227
2313.291016
-332.207031
123.475464
-331.632812
112.292969
2216.315918
1562.144043
1157.997681
1042.356567
877.762207
552.465820
-1480.361328
349.289062
2991.595703
2074.797363
-326.001221
507.248413
-1836.541016
-3213.775146
-435.857849
893.002686
-416.642822
184.955688
935.564453
-410.246857
163.786133
110.617676
-781.285645
53.137695
-16.109375
-585.032349
2556.258789
3289.468750
3139.428711
1782.385742
722.647461
-1861.048828
-5667.961914
-4069.948730
-566.353516
95.436035
-1301.724731
411.403442
-23.416382
-940.062622
1122.780029
1402.507568
2132.991211
2722.862305
597.990234
-495.078613
25.610352
-450.600830
-1200.915161
-566.925293
814.964844
103.825195
-1217.145996
786.541748
571.495605
-607.562744
770.121094
-2190.016113
-4158.711914
70.474121
2712.321777
3361.076172
2218.647461
-637.653320
-1198.789062
-382.128662
-1463.897217
-635.636475
-34.696289
-2511.794922
48.249512
1352.088135
423.295410
-1112.858398
-2066.831543
-584.629883
247.582031
560.496582
996.328186
-901.519165
-528.010376
1630.828979
-372.106445
-690.030518
315.515625
587.850830
392.034454
418.933838
-1257.131836
-3088.488281
-1085.084473
938.984131
-1097.774902
540.624634
1393.224731
510.835449
367.238770
699.017578
350.740112
713.202881
395.617676
-240.172852
254.680664
753.411621
278.391754
-799.047852
-470.085938
2007.882080
2751.258301
596.552246
391.184570
727.487305
93.336914
-791.701660
-571.937927
-56.313904
-1765.907471
-925.640625
310.311523
3256.901367
5486.500000
1745.212646
-405.426514
-2825.768066
-5998.474609
-1157.398804
1603.168457
905.832031
1170.665039
-363.529175
-1900.227539
-1352.742188
1929.270996
5093.500977
2895.314453
-238.716064
-77.565430
1175.837402
1559.418701
37.048035
-1158.231201
-1491.612671
637.451782
3326.558105
1147.240723
-1718.430664
-4336.250488
-4365.338379
-498.917480
60.760620
-242.138550
1067.654785
267.408203
-67.163574
-364.958984
636.006470
945.426758
669.979492
1003.312012
643.812012
171.866699
-147.217285
-1119.901367
-1412.049194
88.938904
-203.599121
-2806.173340
-1470.798340
636.639160
182.944336
883.996338
394.731567
-239.245331
501.872925
-873.065979
-1720.579834
-725.212891
-424.462402
-651.528320
475.454590
-236.619751
410.415527
1484.211914
1485.096191
1779.633911
1600.072266
466.452637
145.266602
-50.110840
-394.186890
2331.937500
4597.420898
1264.216797
339.940918
1331.309326
67.041992
-197.354492
-234.274902
168.475464
214.942139
-869.031250
170.142166
96.009583
-1075.253174
479.981201
721.753174
423.509277
644.260742
530.167969
1194.165771
1118.248535
674.342773
898.061035
87.963379
118.097168
50.551758
-732.678711
-162.867676
-3364.530273
-996.103027
-65.635986
548.900146
-538.784668
450.190186
-587.666016
-490.224609
-2272.554688
-1278.557739
1156.837891
682.366211
-55.099121
1695.961670
2195.275391
-67.721405
-1417.595703
-1045.493896
-938.435547
-1536.087891
-651.177734
-1489.432617
-1261.567261
-1138.020996
-162.334351
-216.760742
-575.157227
55.937012
610.709106
-1114.457275
-3891.103027
-812.559082
668.221680
-688.857849
-1156.874146
-96.234619
495.069214
424.826080
-304.182251
3126.816895
3677.755615
266.468018
-302.741699
706.717773
1327.341797
554.350586
774.800781
-854.955078
-669.805176
-410.884277
1412.811523
984.035156
1585.912842
-719.527344
-879.555664
690.957031
-1169.125000
-880.130981
-2532.571045
-3038.278320
-593.466797
205.637451
1366.398438
43.520508
147.695801
1568.455078
3065.011475
1848.875000
1941.320801
1817.662109
2348.387695
270.224609
-1123.493652
755.911133
-2037.393555
-937.438477
631.891357
-382.083008
1079.009766
1194.708008
937.286621
241.127441
-70.116211
68.828125
790.355957
460.550903
375.360443
1255.717285
-846.215820
-1321.182373
-478.805420
698.667969
897.874023
1402.232422
27.142166
-847.054932
-937.467773
-1062.007812
671.411621
935.122559
-325.354492
-2689.256104
-1309.370117
-338.106445
-236.356445
-279.502441
196.238281
-379.378906
113.359985
396.878906
-180.670410
-1177.228027
-412.676270
-319.500732
-985.670166
-845.610352
319.398926
953.568115
-231.409912
-422.445801
-769.969727
567.274414
2466.381836
2129.116699
116.151367
450.395020
2115.514648
1182.654297
244.123047
615.838867
-370.430176
539.371582
-318.449463
-886.955750
-1830.971924
-1059.663818
-556.222412
-128.760254
165.719971
-60.115967
-96.400696
-388.949463
102.395020
511.616943
-660.895630
1051.503906
-201.190063
185.950928
519.929260
-1381.280640
-106.930420
-1491.079590
-1752.079102
348.866943
527.832031
23.363281
-234.576660
-1439.405762
624.810303
4326.449219
3165.277832
381.235352
-1016.859375
-45.408508
-1421.784790
-2296.843262
-1635.033691
108.702637
-84.567383
660.010132
-467.003418
-291.851318
393.527832
-437.511230
-47.520508
1277.961914
-1386.033203
-640.202148
-413.649841
1844.131592
4298.408203
409.661743
-209.165756
737.220703
-607.498535
-793.540405
1191.832275
845.206787
-254.958984
294.607422
1046.676758
6.227539
-273.682251
-910.809509
138.142166
1304.306396
1070.342529
-781.907227
505.893555
-86.245605
344.808319
646.968750
1233.012939
1559.308838
-999.382812
-399.876709
25.457275
-312.437500
-367.174316
-532.293945
523.073242
-1371.959717
1998.449219
512.605225
-757.790649
-76.799805
320.250000
299.986328
-527.306885
-638.025635
1392.802246
3482.915527
2746.388672
1161.269287
1489.601196
1796.512207
660.529297
13.651367
486.102539
57.788086
-323.302490
-134.141602
420.670654
-784.931396
-782.616211
-649.973633
-569.958984
747.298340
-790.882812
169.937988
272.072021
-96.927734
454.506348
-310.317810
-180.413086
355.868164
795.770508
-464.654907
1076.446289
720.738281
129.821777
92.773193
104.662109
120.098999
-84.056274
1444.600098
-147.445801
-499.705566
683.912231
329.762207
-339.388184
-441.174561
-515.864502
-235.919922
547.593018
582.560791
-1861.348145
-2912.553467
-1571.967407
-425.671875
1146.277832
1990.702148
228.828125
-868.353516
627.433350
538.973694
-461.515381
-1346.780151
-276.977417
1471.025757
150.142166
205.708984
-940.472900
-896.272400
-95.006104
-424.459473
-142.830322
-79.655884
324.443176
93.490906
355.265137
333.041748
-491.235596
65.480835
771.347168
663.276611
677.599243
-53.124146
-380.495605
-386.912964
-2.283936
380.243530
-202.622192
-1702.341309
-3073.514160
-1733.840820
-2548.574219
-26.151367
111.148926
-315.909668
-301.444092
208.553955
237.802734
-709.825684
-131.125977
131.803223
-346.524506
113.806152
2070.089844
2309.758789
315.793945
-295.797363
-144.883789
-718.273254
-1019.142029
336.601501
577.871094
-583.782349
-1188.301147
-418.491211
-1324.474121
-4575.776855
-4744.218262
275.411621
444.223022
380.805939
-348.697876
-5058.603027
-3754.980713
745.395264
48.368652
-457.331940
594.600586
147.642578
535.956055
430.077148
489.401123
-941.349854
795.077637
700.839172
221.748779
1477.093018
1004.480225
1164.639648
1409.964844
637.666382
1320.319580
481.312012
349.289551
35.747314
620.767822
-215.959106
-553.490356
-298.862549
-2420.508301
-1025.095703
345.962646
452.595215
229.678467
-521.356201
1295.458008
1133.095459
305.655762
559.526367
-246.924561
-623.765137
323.731445
-134.022461
-444.666992
-332.797852
836.881531
643.628357
536.591003
616.614502
-1100.701782
549.953735
1833.356323
-615.887207
-249.727295
114.857422
121.676270
345.056396
21.549805
1405.265625
-575.939941
165.131958
16.448242
-1586.502808
1389.483398
2058.287598
296.550293
-711.835876
-407.631836
-385.316895
-728.292053
-878.984009
-678.334534
57.502441
772.977905
784.366943
242.780518
1405.494629
818.236328
-536.831421
-192.792969
-361.589111
85.232422
2316.336914
47.220215
-26.939575
-165.706055
337.387695
-75.390381
710.767578
1734.577637
466.509277
150.359329
935.144409
795.420593
110.819580
-184.207260
955.895996
128.243652
-1246.327148
-1999.741943
-2883.016602
-2085.431885
325.066895
215.302979
-1374.560303
-481.180542
436.552368
-708.956543
514.438843
1232.364258
-436.966370
593.472534
857.107422
-706.097656
-725.598633
-55.072266
1362.583984
4140.041504
1695.711914
-856.526855
223.181641
444.000244
-625.867188
2753.465820
2129.306641
-1046.299561
-614.009766
-1107.642944
-40.420410
1837.040039
950.312500
-497.183594
-314.917480
-2102.225098
-964.088867
-1242.588867
628.306885
1016.970215
-653.975586
92.855957
-1376.387939
-1077.776001
348.442078
198.831055
797.375977
-125.072266
-765.355957
-470.640869
-94.729736
-792.682129
-1443.420776
-320.870605
-306.355225
-362.265625
2464.394043
314.142578
-752.956909
-6.809570
-667.437012
1243.361816
1464.453857
542.523926
724.367920
634.237305
-451.198730
873.291992
2352.364258
1779.597656
-329.933350
1107.977295
1154.601929
37.861084
2032.061523
1836.080078
866.221680
28.478516
216.383789
241.868408
1389.916016
1015.049316
-52.713745
-247.272949
-241.322510
2433.043701
3531.622070
1473.742188
-1079.745850
-783.525391
1250.988281
781.458008
1268.340332
-689.688477
-1331.857788
-149.294617
1122.142212
1016.904785
17.958496
-347.096191
-710.269775
-797.168213
-148.043945
-908.859863
-2751.001465
-559.958252
1014.665039
162.994141
1028.423828
293.380371
30.423828
-378.574219
-972.280640
-394.414307
226.092285
-221.745605
1580.389771
1669.997559
-205.535645
-1032.440430
-1266.319824
19.744629
468.222656
1290.104370
572.050415
-340.575684
-55.215820
-982.881104
-216.805359
-857.152100
-2650.347412
-1183.369019
844.541992
598.590088
575.585938
-192.124268
-676.316650
-256.905273
-618.992676
-380.274170
47.098633
-704.406311
-262.456299
-759.645264
-510.906860
1016.889160
-1140.523438
-2742.812500
-1528.729614
512.802490
-988.884766
-1365.564941
162.517090
-370.253418
-190.750977
101.428711
-433.024902
331.347168
-82.165527
-236.705811
-205.327393
-742.789551
-902.563354
-1101.034424
300.714355
479.299316
638.109863
-701.088135
-297.392883
72.080811
-703.142578
-1565.805176
467.881348
-852.252075
-526.709839
968.231689
-241.381104
-110.208740
-2914.544434
-3066.503418
419.392334
1454.713867
2065.033203
785.826172
-1276.313477
1200.989258
1317.003906
1157.447266
77.158447
420.735352
928.589844
-603.622559
-551.704102
-83.710205
650.656494
977.659180
340.252197
2169.253418
-316.325317
-2020.724976
1214.733154
1226.481445
-236.307373
626.019531
128.922363
1085.555664
6296.480469
5281.245605
1861.985352
-407.118042
-174.369629
2450.883789
2136.613770
-546.231201
-724.122559
728.977539
1491.814453
639.074219
-611.790894
174.868164
-425.673584
-357.347168
868.816406
-743.990234
-1333.779785
-533.612793
618.375977
2137.674805
-1233.524536
585.914062
580.699463
-147.106445
247.363281
17.876953
-326.854980
409.993408
825.099121
-183.915771
-972.648926
-1566.474121
478.425781
-740.270508
-259.382812
882.702148
-196.005615
-59.826172
-466.670898
-147.935547
1110.285645
1611.747803
755.170166
-562.079712
-1718.208008
-1010.747070
-1983.687988
-1069.857788
-590.791016
-1223.019287
550.867065
834.570312
-377.876953
1521.024902
3557.426758
-278.993164
-1256.124512
-938.524536
534.467773
711.829590
1291.523926
-32.574951
-476.432739
-62.351517
-89.211365
-158.524536
460.367920
1237.094238
401.682129
278.337891
-1691.835693
-245.571777
1196.917969
-686.485352
-8.104980
-426.082764
-350.173340
50.125366
988.427979
1940.097656
1532.972656
-2232.066406
-2681.087646
-2874.481689
561.330933
58.994629
-1579.326904
-571.373535
171.376953
-213.329102
1359.646240
909.271729
-156.947266
538.027222
181.289062
21.776367
-497.112549
-483.114563
1166.046631
-128.922852
-143.062988
2009.056396
555.143433
-1454.746094
-258.376953
-92.296387
-1030.435425
-1151.416748
-779.309814
484.071533
-49.031738
-463.199219
-4010.532227
-8995.512695
-9350.308594
-3070.606445
1200.356445
1145.401489
474.189453
-659.797852
-102.338623
-237.085205
690.438477
167.675781
-1428.971680
-1103.379395
1247.708984
2274.519531
932.757812
-944.500000
-350.922852
1301.935547
-256.527832
-150.721191
373.970703
-405.727051
-981.597961
-576.340576
-26.947632
1121.851562
938.975830
-703.524963
303.327637
-209.286865
-1238.065430
-1804.591553
-865.881592
680.977783
251.325500
-1562.243896
-1885.206543
-2555.014160
1024.380859
2822.627930
208.969116
-260.448486
-1072.620117
-1139.230713
713.636719
1103.506592
364.721680
-66.524536
-1126.099609
-981.895264
739.225586
-610.479492
-351.002930
-1094.212891
575.778503
406.346436
-225.029297
210.522705
-15.247192
102.572266
1065.940918
183.705078
-65.805908
601.051514
2301.533936
1168.339600
-828.989624
512.129883
-288.316406
3249.473877
5630.535156
758.312012
1022.050537
138.712891
-120.120605
501.870117
1308.808105
-576.672363
-56.318604
508.856934
2226.750977
1441.835938
431.025391
-283.458740
-383.315430
508.881348
-741.778320
-3107.880371
-2078.420898
475.933594
1848.048340
734.898682
510.196289
-495.087891
432.585938
478.812134
773.121826
540.418213
-3018.161377
-4931.229492
-2251.083496
-182.935669
-249.642822
1525.216553
3244.212402
1112.101929
-387.609619
185.271484
-945.830566
-171.271484
872.749512
564.099854
982.575928
-458.269043
-1070.457031
992.336914
-466.977844
-1819.775391
-710.716553
-408.649658
-921.133301
-1445.110352
311.671875
1938.407227
2123.464844
1503.213135
-555.781982
-911.584717
-562.369629
-493.421997
69.274902
-850.059570
-288.212402
-270.217285
188.643555
-31.180664
-1007.219238
-1190.480225
-1068.563232
-1118.446289
1271.000488
-213.359375
-590.791504
652.355774
-420.218018
-1415.259766
-704.090576
1785.278320
4129.663574
5475.804688
3853.395508
1287.467773
-1018.045654
-389.854004
-136.759766
-1.873047
439.276978
-1151.758789
-1660.359985
-860.490479
374.787109
1136.651855
-715.304443
-876.578369
-1521.172852
-1417.019043
577.232910
1065.741699
-364.132324
366.997070
574.668213
758.846497
606.809387
1973.555054
495.804443
-959.077393
-591.167725
-191.755127
-1381.781616
-1476.484375
-665.403564
304.593506
16.274414
535.536621
-1155.691895
-6140.783203
-8500.003906
-4448.132812
-107.801514
366.214355
1250.071777
33.045410
-479.742432
215.938477
-876.571289
364.563477
568.149902
-643.634766
140.691406
-212.376953
1584.996582
-598.307617
-255.915039
-312.898438
-518.859375
1355.396240
4302.558105
3044.275879
1224.183105
1206.002197
534.601868
-2158.745361
-842.494690
185.595322
-256.643066
-1129.265625
142.267090
1490.475464
1247.668213
514.909668
572.380127
1230.129883
767.049988
388.014648
-13.036865
1.633301
-1124.341064
-90.796410
1291.245483
2763.166260
-248.766113
-1343.351807
-839.556152
236.323242
610.979370
-274.851807
458.850586
1629.562500
-185.343628
-2364.604492
-3865.102539
-1861.088379
1200.558472
2986.318604
1344.972412
544.737061
1590.942139
274.701660
-236.599121
-355.441895
-1009.354492
-1495.283447
1686.794922
8784.273438
7042.805664
145.265686
-2690.060547
-3083.826172
268.832031
1069.353271
-1285.639648
-3551.571777
-2820.083496
168.294922
316.303101
1341.707520
1865.942383
-740.553223
-95.779541
573.324707
266.026367
-158.194824
358.937012
-339.859375
-594.643799
824.274902
501.812500
-2860.199219
-1469.731812
-40.208496
745.375732
932.390381
695.343750
4157.884766
6221.509766
2474.232422
-229.315369
-2385.716309
-2781.688477
-555.701172
1242.523926
-807.273438
319.398438
981.637939
874.866211
1837.534668
934.188599
806.445312
-1731.835938
350.590332
1810.728027
660.457520
582.630127
-53.536865
801.466309
489.936035
-453.022949
303.496582
315.838257
914.952576
1045.175293
543.491211
-48.317383
-319.772949
-718.795776
171.988281
2436.472656
1721.993164
1123.757202
634.200562
-221.069824
-630.009766
-194.756836
841.708984
2133.601074
1433.796875
-60.827881
869.201538
585.437500
-799.833496
712.193848
1410.115601
-122.535767
-893.809509
1326.388184
1729.900391
2762.701172
1269.036133
-16.531250
803.872559
1914.743164
2015.015137
-78.651611
580.027832
550.646484
-128.972168
-2352.303711
-4233.385254
271.791992
960.965942
-8.571167
997.682617
-2932.961914
-4058.209717
-770.631348
1459.890625
1931.692871
1252.066406
-109.313477
22.272461
-587.813965
-732.536621
-410.283936
369.683594
-681.493164
-403.866699
-167.843140
596.594238
2813.385742
1825.384033
981.502930
495.258789
-906.984375
-735.524536
-874.353394
-225.683838
2327.570312
1385.193848
148.830566
-2802.213379
-6527.659180
-2387.955322
917.248779
746.421875
1587.951172
73.708984
-196.935059
-534.614990
-1015.403076
-764.965332
-238.628418
421.887695
-170.381836
362.423828
-68.916016
-449.127197
857.330688
1407.567383
-718.268066
210.738892
1188.701660
720.338379
-835.572266
1407.797852
864.707031
1496.218750
3437.408203
3232.213867
584.900879
43.146973
1118.003174
-689.009277
480.001465
-516.031738
-69.644165
705.295105
-458.227295
2139.300781
2158.803711
1067.341797
-1276.167480
609.292969
1.968262
618.214844
4092.560547
3009.808594
330.088867
-55.605469
-980.625000
-2274.613770
-4526.012207
-1910.508301
169.068359
-1377.573730
-1012.609863
539.082031
71.776367
726.960938
432.333008
-668.592285
-742.984863
1390.851562
399.723511
448.619385
645.261230
-431.814453
-1122.950684
-97.565674
494.176758
815.304688
355.354492
-240.158691
1071.523315
136.135071
587.146118
260.459229
-1160.936768
1305.878174
628.803101
-463.056519
-2727.217041
-6538.784668
-4232.308594
-382.853516
-431.120361
-1254.536133
-5039.217285
-5689.234375
-1585.524536
-561.583008
-740.627930
-677.655273
-1508.310547
-1120.603027
-574.501953
1625.726318
2753.897949
1151.281250
-1229.716797
-457.829163
-664.130859
402.424805
-124.714844
189.345215
767.190918
-888.949707
598.472046
1117.848389
990.705078
-219.391357
-455.940674
504.732422
263.075195
-2075.090088
-284.783691
761.884399
213.246216
-73.319031
452.360962
501.534180
714.195068
12.586426
140.510742
-1035.886719
-156.675049
327.351074
-91.858887
276.793945
2011.789062
3218.136230
2388.316895
1522.645508
871.495361
809.601074
183.412109
-601.066406
-349.458862
-846.457520
76.027344
-88.214355
-202.095215
270.729004
1118.150879
1392.277344
859.723633
1569.013184
29.367188
-840.492188
-593.735840
731.582031
-520.647705
291.327759
-1528.444092
250.005981
659.756348
200.950928
16.699341
-1018.874512
-614.596680
-367.695312
-2459.654541
-1897.477295
580.701904
622.424561
-840.129150
-377.605469
-1167.338745
-1059.522583
1037.560303
-1582.321777
-2727.804199
139.771484
-505.427979
4832.830078
7191.141113
2476.569580
-600.595703
-3179.479492
-2549.762695
-898.913574
807.291138
4959.903809
6448.126953
2465.748779
492.957031
-85.975098
663.349609
538.383545
700.704590
70.188721
553.571777
1213.679688
-129.558105
89.730347
332.950348
283.920654
1072.511963
510.395020
-219.317383
-423.076172
-1057.564453
-2249.786133
-706.224609
401.972412
-1056.848633
-2331.793945
566.257080
417.422852
-508.068726
-199.472412
-2047.092285
344.982391
1130.609131
-905.407104
213.018555
1081.498047
-1497.243164
-245.281250
1531.915039
-314.776367
-723.282715
-486.140625
318.495117
-635.863281
-1180.577271
-545.003906
-1184.916016
-732.718994
-373.295410
127.024902
924.180176
1591.770020
162.367188
11.852783
-20.222656
-1237.935791
-2715.281738
-755.733826
425.057861
-1482.862183
-362.907471
1219.596680
252.357422
-190.833496
1509.775635
885.000977
-327.892822
843.237305
1763.656006
753.750122
824.975098
432.004150
-222.524506
-276.182617
14.523438
-776.351562
-9.559326
539.233765
856.178223
-39.902222
-905.688354
-1220.389893
-525.388672
49.345215
-1018.405762
-4130.205566
-2162.095947
387.585663
-377.578400
-966.177917
361.455811
-312.292969
-412.858887
-697.169434
-1335.368408
-1120.992676
-1064.478760
-201.459717
1088.467041
-67.399368
-1764.761475
-2084.521973
-1558.958008
-453.006348
-425.621338
783.377930
2299.882812
1372.404297
122.337891
-473.327393
-524.701172
-593.383301
961.009277
4112.015137
5322.997070
2607.474121
-205.468750
-850.380493
262.002930
357.981201
-1295.075562
-648.237305
-32.714111
-284.785156
3087.491211
1647.048828
1413.218750
-272.946320
666.909668
-42.075928
906.066895
549.152344
14.208984
-1719.001465
-1766.120117
313.476562
629.798828
-530.625000
-370.160156
453.789062
-1247.408936
403.771484
365.983887
643.955322
2194.409668
31.142166
-751.792969
1705.164551
282.820801
1995.859741
-1033.524536
-3293.301270
-863.534180
201.619141
1054.741211
2817.983398
1425.968506
20.512085
553.473633
-622.399170
1507.666016
5802.496582
2738.380859
-845.476562
-485.011230
-1089.553711
-318.227173
254.410889
469.774902
-713.515381
-1341.716309
-926.802246
-1343.255615
607.475464
884.954590
-247.767578
-1321.398438
-666.969727
-1023.519531
-2844.740234
-2624.668945
-614.712219
2171.656250
3458.439453
1377.422852
-2481.946777
-4752.200684
-6833.118164
-2408.248047
433.054199
767.256348
2679.499756
1767.405273
69.027344
-1383.073242
-289.560547
645.619873
617.708984
1112.925171
-2121.788574
-1312.423340
724.744141
-401.596771
-395.343262
590.863770
-1733.694092
-1765.533936
-644.440674
807.984863
-146.424316
1071.741943
1407.594360
-508.048828
-1900.587402
-2849.678223
-2205.601562
368.196289
135.971191
-2637.391357
-521.017334
-1036.663574
248.907227
325.219238
-998.857849
-897.972290
-494.290375
768.418457
400.902344
-874.676270
-737.828125
-582.852234
1461.951294
1234.421143
-209.661499
-227.596436
687.516602
-108.403931
2940.400879
3318.570312
2728.605957
2839.619141
1217.422852
-772.016846
667.543457
253.448242
261.534668
1676.301636
833.864014
-1022.852051
-1172.467285
-963.995728
-1005.641479
-698.039917
263.441895
107.336182
-239.427582
349.304443
-52.911133
-1605.863037
-82.739502
137.257217
-2211.093506
-589.436523
1246.924805
1893.394043
1216.797363
-408.899902
-232.697754
-105.079590
-349.069824
373.412842
-80.175049
-884.418701
-1294.050781
-799.385986
1220.512573
2700.649902
1604.411133
-2489.018555
-1776.315063
1429.405762
7803.671875
8774.613281
2413.939453
-2991.593750
-6998.462402
-4133.177734
466.012360
179.537109
-721.296875
-939.008301
-587.605347
519.493408
-1411.774414
-304.212646
809.196533
2019.221436
1061.424438
-522.189209
44.916992
278.801270
-46.583984
-95.857834
-856.723877
-936.210205
-1845.966797
-1647.665283
-1140.417969
1203.258789
450.822266
379.629883
1268.168823
806.916992
214.951172
1511.265381
-139.490723
-1829.989258
-643.099609
-1223.512695
779.943848
1876.284180
61.394043
154.690430
266.713867
-382.252930
-146.260986
181.981445
833.925293
-380.370056
813.615479
1601.238281
1012.142151
683.142151
-636.486389
466.121094
651.796143
-423.224609
1056.253906
1354.478027
-445.901978
-721.303467
-1980.761230
74.967773
-241.311523
882.004150
449.791016
-1260.297363
-383.485840
53.525635
1995.710938
-542.078125
603.886719
589.593750
318.080566
-1403.083984
-966.239258
-694.549316
-304.505249
-1031.822266
-1556.179688
-436.856445
1132.840576
938.251709
466.819824
1925.623779
183.724365
-410.738770
-1211.342285
-927.207947
-4.206055
20.117188
758.246094
-41.758057
928.011597
1071.016602
1671.199707
-1856.327393
-3844.713379
-3652.747070
509.892212
1539.204102
1149.187988
-336.079407
-353.900269
694.317871
198.275513
1123.226074
1002.154785
231.405029
1599.938354
54.403931
-4132.641113
-260.908691
-581.616943
-922.461182
1100.304688
1086.354980
1828.894531
1002.520508
-430.847656
-248.825195
-781.580750
426.717773
1455.508789
1462.498047
239.989258
192.482422
28.556030
420.859680
409.942383
1642.252441
429.553711
31.266602
1304.978027
392.779297
1277.794922
1614.976318
959.608398
-555.919189
91.615936
536.923340
-72.457031
-1530.448486
-1463.359619
-188.201660
34.448486
-1252.498047
-1272.270264
27.293945
1467.764648
1293.811523
-436.320312
-1310.549805
-296.070068
-2107.391113
1363.022949
248.454773
-1280.828491
-336.082031
-1311.162109
443.711914
1545.631836
2771.065430
395.414062
-500.041504
629.556274
275.525635
515.431519
-385.486542
-2280.717773
-1659.825195
355.934082
534.706543
96.965332
1147.514893
309.493164
-137.271484
217.112183
185.312500
63.268555
-499.660156
-8.951904
335.519043
378.638184
132.917603
-563.905640
42.714417
82.781250
-275.541992
1844.197266
4068.858154
4678.475098
986.271484
-1301.785278
-131.158447
-944.907959
402.005859
272.461914
348.593018
-1071.760742
-1145.296875
-59.102051
-464.989258
-714.519653
369.048340
-278.111328
369.009766
-1505.453613
-811.316406
151.067871
-588.812561
182.353516
3022.665527
3368.335449
2423.464600
-87.870972
-697.232300
873.516602
40.347168
-102.125000
1398.629395
948.702148
76.166016
404.559814
516.983276
68.200195
393.475464
406.679932
1190.776123
794.142151
345.589600
4142.869141
5340.886719
2018.896484
1174.824707
865.550537
168.433838
3265.833496
2430.308594
-705.023193
-1869.758667
-3166.836914
331.995361
926.960449
173.433105
1270.896484
745.193481
-101.325073
-1058.131958
-2127.840820
270.632080
449.857910
-1326.669800
-2604.157959
-2031.084961
-1952.013184
-52.983521
181.683105
1408.376953
-204.895996
-158.849365
-361.194336
-2345.307129
-2415.168457
1300.448120
667.417969
-263.241943
-1008.639648
433.439453
706.658203
595.341309
-356.709229
-257.528809
-2111.967285
-1660.939941
-518.152344
811.852539
734.030762
556.313721
-1040.142578
-384.014648
213.193848
1336.928223
3021.914551
1547.262451
-1389.372070
606.364258
-301.891602
-330.165283
-642.595215
-249.658569
616.291504
836.863770
1004.021973
-1343.653320
900.066406
1664.442383
889.216064
-595.810059
616.209961
320.541016
1691.065430
780.652344
2125.182617
2038.300781
723.725586
-230.761719
-207.335449
1809.805664
331.083008
-505.294922
-174.870117
-193.919128
347.524414
185.521973
-184.468750
1113.152588
759.275635
-245.843750
-2150.424805
-1016.680664
-169.452148
-739.603516
-331.180664
532.369141
548.393555
1421.865112
686.165771
-151.339844
415.300781
852.199219
-1058.925781
-1794.307617
-859.857849
480.275879
833.937012
307.780273
-2010.721924
-637.498535
-836.180176
-541.889893
-5.048340
-1220.832520
-1586.211914
-2179.416016
546.832764
1842.965332
946.177246
259.190430
1038.041382
-703.491699
-754.651855
-547.374023
-2539.819336
-1475.904297
263.806641
545.261963
1483.298218
2228.516113
145.860840
156.011963
1179.475464
332.368164
-243.324707
706.834961
550.959961
-2053.224609
446.609863
634.032715
400.580536
-178.447998
586.409180
997.890137
-1662.405762
-316.777832
130.779480
287.153107
946.712158
121.835327
-545.607910
611.636230
113.267578
-685.004883
869.015625
453.323730
-319.473633
-610.440186
2598.010742
2508.990479
1001.346680
656.652832
1176.840088
-140.348633
13.858398
69.704956
-638.904907
822.197937
1201.644287
249.458649
-807.046387
20.291992
-431.808594
247.793945
670.933594
1228.754883
-102.831055
401.086426
1326.100098
-76.177734
812.521973
610.768433
-205.613281
532.404785
-173.422333
-1755.422241
-611.304688
959.007812
1302.574707
1227.687500
3431.780273
3088.926270
-180.617920
51.161865
-614.843262
-909.368164
1395.184082
2274.541260
1998.731934
-59.229248
-630.739502
501.058594
1627.308594
711.743164
-1228.294434
-404.892578
793.225952
1542.916260
4326.122070
2906.121094
802.418335
118.077148
989.412109
-282.282959
-49.332764
766.863037
837.142151
682.160156
-22.384277
951.758057
905.180176
-269.121094
57.317871
183.499512
940.638916
-747.444397
-833.271118
-155.766907
-970.893066
-426.937500
362.908203
309.148438
-373.704102
-1862.119141
-764.093750
-1447.520508
-656.453613
1343.208252
372.066406
-2120.813477
-1899.678223
-1750.750000
-537.580322
894.308838
-560.854004
-678.058105
-593.406738
520.665527
1702.702881
304.892761
-888.099976
-240.770996
634.974609
1300.419434
1826.929810
123.051117
-478.081207
876.345215
486.875000
476.796143
4861.318359
5327.491211
1666.787598
-516.360596
-1211.094727
-221.852539
-511.716309
-761.331787
62.851074
-221.482910
-493.687500
346.855957
1407.866211
698.629395
1081.944702
54.916504
-551.163086
595.383789
427.402832
-444.041992
-50.083008
-1603.942627
-1431.956299
-915.322510
177.334961
-387.859863
-929.752136
-3999.301270
-1489.077393
539.868896
-1102.158691
-236.868652
999.214844
-1054.398438
-2306.787354
-1835.331543
284.657227
907.398438
3067.535156
1025.741943
-453.805634
435.720642
46.227173
659.622803
3249.953125
2787.112793
554.961304
-488.748291
-645.546997
574.201172
1574.597656
859.281250
797.931702
-115.214447
632.791016
4732.391602
1965.907227
3232.697754
1091.859985
576.208496
431.515625
-119.212891
-9.134766
-227.922119
-754.569824
263.408691
738.444336
1456.582031
1672.063232
-384.899902
-1043.365356
501.026855
994.850586
530.687012
-31.145020
486.592041
925.021484
426.672119
1536.488281
1195.891357
491.385010
1314.634766
754.045898
-596.203613
-285.816406
-432.040283
1074.461914
-1196.241211
-1027.634766
638.416504
180.903076
-663.793213
-767.440674
528.374023
745.963867
447.755859
998.142151
251.690918
924.653320
-210.595215
-94.896423
780.861206
528.495239
473.293213
608.747314
-68.839600
-786.523926
-672.326416
945.181946
674.334717
-1011.024414
-1551.134766
-937.041504
-1046.524536
-44.403931
403.462402
-905.425293
-404.037842
1141.752930
99.362305
-335.328125
379.983521
-76.294434
640.551758
395.625916
1102.142090
276.844238
-1063.090332
111.554688
1183.364258
2588.613281
998.268555
553.452637
-896.967651
-2735.665283
-737.826660
208.159668
-2214.270996
-1433.708740
-1022.289062
1175.884277
2005.441406
1177.416992
-639.397461
-2058.864258
-1161.397827
1091.626709
1344.073364
72.144531
420.204102
-858.583008
1596.932617
2111.701660
910.134766
-1057.499512
-158.078354
93.634277
913.096191
234.304199
516.984375
918.212646
1536.102539
1436.519897
-452.881775
-2201.453613
-212.928467
-2653.536621
-241.677246
239.816406
-211.905762
-689.499023
773.848206
-1135.927246
-2102.524414
-414.273804
161.438965
-316.524506
1533.334229
-226.437988
233.861328
316.447998
-420.918213
1555.059570
-356.211914
715.751953
1316.638916
2485.973145
1857.166504
-200.713379
749.157715
112.983887
-1168.338867
1949.158691
1749.277832
1506.026611
423.505371
-454.235352
-971.983032
-582.214355
-577.907227
-759.262451
-451.272217
541.729980
1284.549805
-1764.937500
-1720.126953
-718.917969
-73.949219
211.929688
-689.620117
-1233.254883
220.155273
2419.962402
439.381592
-1176.687500
-1495.160889
-1942.748291
-923.560303
-383.060547
-1604.771484
882.128906
-146.004150
527.812988
1645.515137
468.070312
-828.054688
989.156250
1332.599609
719.604614
157.084961
-986.479492
-1242.047852
132.589355
-112.004395
596.416016
373.789062
1071.164551
-85.345703
310.095215
458.740234
1523.169922
1191.447266
167.080566
-148.697083
279.425781
608.441895
-134.911133
530.741211
3112.610352
905.931641
-1136.161133
636.548340
832.048828
138.476074
165.952881
-892.640015
-1018.877075
1268.777954
1138.162109
311.913574
1114.872070
1003.926758
461.336426
1065.615479
1255.439087
-959.724121
195.667480
933.475403
171.812561
448.510010
1412.852783
562.263916
434.469238
686.880859
203.636230
462.801270
-715.553223
-1261.150635
-85.916016
464.559570
1273.329590
453.759766
246.794189
486.349609
897.213379
788.285400
367.082855
-859.852844
-1840.050537
-755.609253
-3144.647705
-7150.485840
-5091.710449
-400.547852
-669.112305
-535.799561
-403.114746
926.068359
300.060547
48.621826
-765.034668
-252.905762
-712.708496
662.390564
582.279785
-375.155273
791.016602
-171.671143
870.444458
1232.885254
-172.180664
-312.007812
-905.704102
-245.260010
109.404297
117.573730
283.048340
633.616699
622.468262
330.961914
629.838806
-236.612305
-2307.155273
-1231.191895
-464.038086
-1047.649414
442.936768
942.361328
1539.950928
1411.520996
54.260742
-2225.826172
-1702.547852
367.702179
1554.225586
864.600586
288.045166
-394.667480
1318.478516
2124.106445
5873.125000
7685.022461
4440.301758
663.453613
-576.219849
412.831055
-328.338623
-876.521973
-280.117188
278.542664
-361.797607
-1273.501953
-1469.526367
91.682983
1696.205811
2183.177246
896.410156
510.556152
1654.581055
3004.903320
4000.028809
3621.439941
2538.152344
803.849609
-353.744629
-1115.911621
850.732422
-827.542969
244.142166
3157.978027
1983.155273
-2376.538574
-3544.345703
-5865.239746
-2611.552734
387.117188
655.752930
1360.400146
958.522217
446.738770
-288.522461
-2173.878174
-1911.003906
-1051.525391
108.801758
-1374.537109
37.116211
407.344482
-750.792969
1090.120117
1885.153320
1535.490723
-473.182129
82.864624
-9.779053
-232.175537
210.707947
2104.712891
-33.910156
-860.417480
429.568542
-279.025757
-151.857834
1388.119873
387.426758
511.360352
501.547363
-1086.061523
1025.227539
1185.210938
698.322754
-135.746094
-1138.880371
-775.700684
158.475464
-285.262085
456.042725
738.142151
1248.880371
1452.056519
1191.141602
6.195801
-784.659180
-404.254150
534.724121
-789.978027
-1462.127197
-739.703186
507.882080
-36.291504
-360.838867
1101.500488
1034.534180
1248.430176
962.524780
833.527832
785.986816
743.591797
-443.302002
815.542603
2401.636963
256.232422
-879.361084
302.108643
62.010132
-148.618164
626.761719
-2862.074219
-4567.964355
-734.233154
1212.486572
1291.539429
333.012268
703.690674
-302.201172
2445.072754
6294.475098
2726.958740
-1580.030273
-2575.331299
-1206.855225
627.775391
444.764221
847.062988
71.587921
116.291504
1196.451172
1271.912109
-168.894531
-942.388184
274.718323
270.559570
-1033.696777
457.468994
-1350.279541
-3888.615967
-948.285461
1559.597900
1192.220093
1211.520264
64.638184
-97.846680
-257.140381
1435.217163
4663.620117
2368.897461
-975.991333
-222.207397
-214.649902
-1473.053223
-1811.043945
3.647461
-588.858887
-181.330811
1147.289917
876.997437
406.702637
730.149414
-678.168945
-1103.319336
147.461914
403.152344
-210.255859
321.543945
-1141.041870
-854.610962
-446.487671
-1330.646729
-670.484619
525.837158
-463.071777
-720.349609
-689.686035
-1245.428223
-1216.325928
-875.599854
-3.115234
-526.720703
-217.877930
-844.975586
1101.464722
453.970276
-228.683105
-426.879883
-1090.888916
-653.800293
-1909.810059
-313.393799
832.179688
-392.395508
524.513672
200.477051
-55.183105
480.378174
44.184570
1211.998047
1935.752930
1230.858398
419.607422
-164.773438
-1426.456421
-730.541992
1432.137207
-710.036621
117.877930
1119.980469
1171.491211
-292.562012
-2386.812500
-695.795898
842.136719
2889.161133
614.142151
-153.085449
123.276855
672.278809
-401.427002
0.968597
597.955322
-191.938843
79.142166
-211.068604
464.882324
101.341675
-180.356445
-274.324707
-20.963135
787.708984
1978.665039
3809.563477
2423.888916
-964.719788
275.256714
1053.019165
-1061.636719
383.815430
2121.905273
1020.946289
-644.346680
-325.099121
656.475464
940.766602
-64.746460
-972.389893
-480.671875
1646.703125
2033.667969
2619.383057
1347.836426
798.818359
-506.445312
56.495361
-274.711914
-641.093933
1216.391602
748.137695
1232.230957
-814.879639
-410.704102
-696.884766
-305.645996
682.142151
1393.872314
595.840576
-32.113770
-257.905273
-956.451904
-149.857803
1129.470215
127.579529
-284.565186
1894.565918
2796.559570
3486.628906
3819.153320
1207.492920
-657.932861
-529.080078
329.690674
438.897278
-360.666565
-314.173096
-590.957520
-3556.639648
-3208.232422
345.475464
484.041016
98.196777
308.902344
-1736.521729
-1993.770508
-743.397461
196.020508
291.165039
896.914062
696.539062
-140.063965
466.881836
630.978760
-1011.505981
-1254.970215
943.884155
-473.029175
-1007.882568
218.447998
-218.031494
1044.860840
1733.906250
-280.407532
-450.895996
794.208008
686.588379
1840.232910
1106.987305
722.916016
1701.779297
702.466309
1403.017700
-391.996338
-457.484375
250.144836
-665.163086
-122.991699
281.933594
589.072266
1429.203125
2142.046631
1149.912598
-158.093506
-1595.297485
-2507.938232
-73.991211
361.588989
-872.080078
1048.146484
1326.147217
2201.262207
1097.258789
-177.710449
-172.655884
158.250549
65.692749
-1117.218018
510.019714
439.775208
-2506.974854
-3054.396240
-1545.455200
-607.005859
-964.798340
-289.080566
-1073.465332
-1374.201660
-517.949219
119.472656
403.944824
-181.432129
-454.311310
-676.234497
-1038.149902
-117.507324
-183.791016
-1054.323120
-667.409912
-561.054199
-1444.504150
-1276.873657
-1116.914307
-631.552002
-106.801758
1223.166992
-1852.697754
-1386.744995
-1333.690430
-950.950684
89.978226
-1279.760742
-1600.698242
-1019.357910
-1170.211914
1555.429688
20.083008
1199.549805
1885.215088
773.998535
830.268066
25.808594
-79.220215
481.468994
1141.763306
-743.616089
135.289856
61.829803
-729.275879
-536.438965
-1648.629883
-2221.562012
-298.345398
-15.725830
-572.097900
1092.875000
209.213867
-207.663208
531.436523
-473.411621
1275.270142
1201.319336
3523.585449
-609.231445
231.867432
1094.646484
-715.002258
-847.088013
-40.858154
-1153.656128
-421.545898
265.572998
-371.901611
-216.107422
-288.708008
55.205566
-1368.629028
-1224.609863
-243.742188
-667.227539
-1858.209473
-793.154785
702.572266
768.523926
1329.486328
871.869629
-638.058105
309.169922
-6.988281
-424.713379
-86.677734
928.363525
1551.277588
247.135742
508.543945
1641.972656
764.406250
1013.968994
162.944824
-58.027344
1648.493164
2997.887695
895.246338
-131.849243
1426.696045
1277.411621
1116.883789
664.083984
533.342285
-363.236938
-891.404663
781.004395
551.239258
-377.318359
739.563477
232.538574
-939.218140
-389.159912
765.442383
69.524139
-76.857834
-1495.857788
198.604492
520.587891
547.320801
1278.926270
-814.957886
-1227.364990
1132.427246
-481.093750
-1795.703125
180.922577
797.728027
-367.281738
171.843384
988.631348
1758.151855
-336.959839
259.128906
289.968750
-1091.131836
317.225220
1116.211548
-416.616699
-649.524475
-865.792725
-1083.331543
-795.335449
6.745117
1452.527100
162.964844
-876.554199
468.475952
607.116211
100.316010
-606.387207
-49.711914
145.327881
-1142.507935
-867.976990
196.167480
-933.609863
-1078.106934
-130.221924
-960.655029
-652.384033
-452.059570
236.597656
790.217651
206.841309
685.389648
762.191162
-244.938721
479.002197
19.580566
1083.005859
1961.147461
2123.031982
-455.134949
-3154.864258
-5214.807129
-1164.736450
-54.585999
123.579224
506.163818
-368.391357
-454.071045
1074.668945
2148.718750
1183.339844
-21.191895
609.502197
612.991455
-251.678101
536.985840
-87.030273
-724.391602
-1124.706299
-457.346680
1049.731445
3319.046875
1842.847656
-1205.301758
-1179.329102
161.132324
268.704590
24.064453
465.834473
1048.966919
2175.678711
84.439453
1297.402832
834.475464
1468.363770
554.498291
1687.797852
1768.848633
-378.629639
-669.372559
-257.646484
936.704590
125.923828
-919.794189
-249.801697
-383.570190
2059.263672
1209.203125
1811.924805
-449.143555
-901.628174
-491.573242
-102.511963
1034.045166
608.383118
-180.753174
-290.044922
475.263184
-997.717529
-2145.939453
152.940918
894.271240
-391.898193
-86.279785
-365.578125
-247.860352
194.881989
124.519653
-698.538086
-621.375000
-164.569824
-285.714966
1205.779663
784.323486
-916.310059
-1378.087402
-500.822021
-16.355469
-520.972656
889.793945
-585.933105
-1125.955811
-18.885254
966.538086
1418.384766
-371.309570
17.285645
76.703125
-1647.577637
528.644531
481.135437
100.363281
1606.105957
1321.890137
-1233.621338
-677.988525
-815.587158
-957.575623
168.798096
-1140.562744
-788.522217
1289.494873
1425.142212
-125.635864
-1056.836670
-91.741455
1284.447754
2196.095459
1925.749268
593.355835
-1080.985840
-344.583008
-528.032715
-712.283203
34.615723
404.191406
-573.056641
727.005371
3241.615967
3021.659668
1264.267090
970.254883
-204.347656
-1024.182373
-1675.718994
-1963.701294
161.036133
262.536621
161.954102
-185.263672
237.927002
1042.531738
-506.676025
-1221.788574
-893.694336
-601.814941
-179.541992
3099.195312
2747.814941
950.013672
849.771240
666.583008
924.040039
39.102051
-833.579346
22.555176
890.931152
705.884766
203.351562
-1340.565918
-1195.347168
1193.861328
-300.458496
-476.906311
-350.557861
-1433.740723
-3609.382812
-207.594727
2796.522461
1852.124512
1058.456543
-2845.135010
-6154.573242
-4225.591309
-1147.341309
-1538.574463
-2666.795898
-2435.566895
-246.666992
353.890869
299.163086
84.856934
-105.459213
495.085449
435.114258
-278.357422
1727.760498
1395.087402
-135.081543
-1281.857788
-1251.114746
840.682739
179.596558
150.279297
2419.320801
274.957764
-396.463135
214.270233
-285.330078
309.577881
1220.519531
-662.242554
-1240.097168
-886.478516
1246.325928
2559.141846
652.213135
-494.129761
586.136719
663.613281
2452.190430
315.262695
-129.425659
713.304199
401.455322
-782.181152
627.966309
-376.255371
-382.820007
572.251953
734.870605
-653.592102
129.602783
-330.021729
-1517.959106
-86.862793
-216.428223
-505.911621
423.869629
1006.048157
471.078583
740.763672
223.270508
751.118164
1295.390137
541.483521
-323.398438
-781.700195
373.008789
736.787109
-395.011841
-945.205078
-2157.923828
-1726.450195
-3.631104
398.440552
-483.895020
-384.971680
-387.945801
-85.379883
795.827637
-811.710571
1182.152100
491.215210
-641.944824
5975.585938
5552.916992
444.142151
-209.725586
175.232910
826.162659
1155.058105
-475.900391
-42.092529
-234.624023
516.917969
-298.317383
321.102539
680.979248
-164.281982
2868.891846
3351.490967
-198.394592
-299.756104
791.317139
816.476135
1411.035156
43.433838
351.979492
1205.337891
-574.335693
-1631.258301
-620.393555
2289.705078
368.325195
639.364014
40.038818
157.210938
560.795898
770.350769
561.541016
398.102051
-424.533203
-774.330811
154.715820
581.252930
1005.305664
-365.857849
-643.020996
551.777100
224.136719
560.384766
-111.843750
-68.343262
666.874146
-637.763306
560.588379
521.335693
-31.160034
256.457062
935.920654
27.722656
-3084.695312
-2408.362793
-1160.093750
954.058594
2354.868652
286.784058
1085.889404
464.489258
1231.549316
7829.328125
5920.943848
66.841980
-282.817932
-1172.244873
175.542816
1707.796143
-37.488770
-181.694824
-1311.553711
-1661.333374
-2027.916260
-1814.550293
-82.681641
225.013855
-826.833008
-877.489746
-218.580078
-84.539062
-214.942383
-1079.006348
316.274414
482.295654
335.540527
456.509521
-1422.407227
245.164551
370.068359
-88.674805
752.437317
1110.802246
465.146729
-24.029297
-745.079834
-1231.302734
-12.614990
-498.240723
-511.105225
-41.188232
661.917969
11.528320
261.500671
270.333496
1553.763672
1960.323730
-42.912109
-1579.657104
-134.882324
-176.697998
811.475464
2127.390137
1017.755371
45.232178
251.650879
787.966797
360.349121
517.986328
678.001953
1409.143311
826.222656
-190.090820
564.646484
-554.998047
820.142151
-1038.596680
-116.049805
2470.306641
-291.849121
-851.447205
781.411255
-360.161407
-930.719849
2550.243164
1797.610962
1107.910156
1496.475464
-23.887695
-1225.870117
89.771973
-66.790344
322.654541
1281.188721
1414.977783
-355.036621
204.600098
593.437012
141.418701
952.260010
168.953369
-209.563477
-229.973633
412.331055
400.703125
2320.825195
-353.020996
-716.781738
-159.897705
547.364258
269.773438
771.003418
758.882324
376.716553
425.022705
230.683350
178.110352
-938.665039
-29.939697
1293.783691
-173.959961
187.270020
157.975830
-1113.375977
754.523682
5580.074707
4165.070801
-17.078171
-311.411865
650.933533
704.224609
726.473633
-440.954590
-69.083496
1439.235107
1276.489502
711.754883
-138.319824
-1554.319824
-442.380371
314.666260
67.795166
389.618164
-966.351562
-2098.663574
-551.814453
623.686157
-749.315308
-399.951660
472.053711
248.036133
1654.938721
1066.692871
-597.557129
-806.702637
-1471.057861
-902.244812
1048.475464
593.775635
-897.919617
-1034.932983
-318.743774
1243.100342
1296.934082
-610.647461
-1448.774902
-412.110352
-653.694824
-1136.536621
1022.147461
-789.466064
-1089.518799
-740.285156
-56.247070
103.148773
494.274658
105.909302
491.050537
732.238525
-263.871124
174.634766
358.248291
-718.282227
-1596.781250
-818.516602
1914.809570
3350.430664
1713.221680
-54.680664
727.533325
1440.900024
-324.669434
-153.569580
523.260254
-1795.087891
-1743.569824
-193.734619
1559.674561
1538.207764
-89.937500
418.131348
870.194336
165.987793
263.641602
-1201.658691
-1323.095703
-532.140625
-442.906738
-71.808350
519.976318
1325.244629
804.649658
319.761719
397.714478
-135.064941
-957.864258
-79.284180
-463.641113
208.060547
359.528320
-590.951172
-1036.277466
-1211.006592
29.499756
-605.700195
-806.626343
669.616455
-16.972778
-609.304321
123.340332
459.727539
361.169678
24.950439
974.939453
86.080688
-1491.714844
-132.790039
-521.057617
420.569336
2727.049805
2142.734375
197.010254
472.265259
380.962402
-407.547852
-1442.471924
-733.294922
122.118896
870.345703
-13.715820
1138.022339
450.865234
-655.746094
-1211.839844
-15.543457
838.142151
-263.680908
-626.704346
556.073059
1167.416260
483.424805
465.184082
603.805664
7.929443
67.164551
1501.768555
2245.854492
3455.294922
5051.226562
1121.444946
-478.478394
-3374.812988
-2795.908691
293.198242
496.673340
896.632812
-56.730957
-79.229492
1998.308594
-22.951416
-942.449463
3479.197266
-525.731934
-656.648682
692.359863
1101.792480
-742.602661
-87.644714
1145.927734
1483.765625
2228.795898
-52.098633
9.814697
359.807617
445.899414
-4639.497559
-5743.206543
-1641.066284
-680.906250
1074.270020
443.945801
-1065.856934
-1508.403931
-18.011230
-13.077087
536.363281
1395.383789
3559.073242
-510.617188
1291.708008
-968.548828
-1290.450195
890.852783
-712.659790
-1178.029785
731.773193
1482.848755
1563.434570
151.324951
-507.714111
542.410645
166.196777
-711.201660
-594.535034
-1991.884766
-593.677002
-266.783203
-1178.836914
586.867188
1442.057617
917.619141
-701.509766
-735.894531
-215.203613
136.658936
2078.109375
1319.846191
266.898926
291.316895
-1774.464355
-1540.789062
-316.414062
37.934204
1091.941162
962.606689
952.839966
676.894897
371.814087
-582.754395
-355.094238
922.120483
422.758301
440.919678
300.475464
181.601074
1607.838379
115.256836
-1519.993652
-640.338379
-576.781128
677.677246
2429.155273
4705.954102
985.601257
-685.797546
382.797363
281.289062
822.590820
1225.867188
2007.025879
-477.476318
-724.791565
1426.723999
1301.459961
853.906250
1483.039062
1711.195557
147.522339
-1457.528809
-3186.000000
-877.097290
608.838501
1070.874390
426.614014
30.536621
238.361084
659.564270
-314.451660
-3013.929199
-920.709290
515.062134
806.316895
1008.504395
249.170898
57.989258
678.032227
1458.578613
2842.707764
1685.946777
-706.091736
-402.278320
-1987.729004
-2535.126465
-2427.424805
-1394.289062
-406.746094
-396.524536
-1223.561279
-1506.453491
-137.338257
87.262207
1227.982422
2840.484375
2290.529785
-1232.755127
-854.283691
-307.145020
-249.101562
1955.975586
1972.673828
-108.524536
664.158203
536.839844
-243.052734
1455.590942
45.303833
-1517.811768
74.061523
910.019531
145.199097
759.551880
1739.477661
-90.169678
-904.624878
-1137.106689
-391.095215
-1206.458496
-1258.569336
617.825195
-149.064453
-765.292725
722.569885
-474.408325
-274.269897
-61.298584
1731.737915
3518.730957
867.647644
-1668.534424
-405.145386
-876.983337
943.068726
5007.418457
6199.101562
4013.205078
1241.735840
19.602539
-1222.595337
-1014.551880
-390.925293
-651.130371
212.737961
355.542053
-1509.156006
-1121.901123
-744.256836
-1097.548340
125.921387
116.107422
260.418457
870.848267
1095.876465
325.793457
-665.743164
-656.642090
-1071.209961
-760.617188
809.635254
2879.460449
3579.025391
352.017090
-2200.515137
-2386.564453
-1005.394531
-960.112305
3398.999023
-1235.862305
-196.486084
1318.166992
225.830322
3111.627686
2361.803711
-327.965576
978.406250
1017.814453
456.209106
-2003.595215
250.184082
-35.050812
3317.102539
5693.920410
4327.158203
1230.122070
-2741.638672
436.091309
676.763428
586.867249
859.286255
501.364990
1070.618042
1169.703369
450.721924
-809.847900
-1588.857788
-422.773193
-368.547363
-92.178223
-535.219238
-1372.966309
-757.038574
272.539062
649.727051
156.229492
2080.075195
586.306641
-386.975586
-2884.614746
-6118.703125
-4058.208008
302.142151
-249.860107
-769.835938
297.732910
-378.986084
-101.351883
-65.981201
318.600830
545.798767
154.358887
-163.149658
-1071.236694
-1185.270264
274.065918
-1514.175171
-595.981445
1226.653809
-46.136475
750.643188
163.831055
-330.973145
-350.573730
-446.303711
273.433167
-1733.718750
-2532.054688
2244.054688
2849.444336
2006.510254
885.662109
205.751892
140.492188
-328.757812
-805.463745
311.721680
628.638611
-1311.729004
-181.102295
1173.393066
25.338867
148.522461
510.827637
-254.243530
969.356934
3580.303223
699.761719
259.253906
428.523438
-374.530762
700.958008
1136.120605
1169.657104
-871.081055
-1894.288086
38.245117
-1962.763184
428.642883
-124.053467
50.613281
986.475464
244.839600
362.224609
-1244.724609
-2132.873047
759.723755
169.736816
594.820068
927.038086
-921.987305
-35.723145
1038.817017
-677.568359
-408.694824
1514.372070
-526.445312
321.043457
81.465576
-1244.635986
36.938232
755.605835
390.000793
-1067.881470
-6395.082031
-5579.584473
230.786728
210.786865
-371.193512
714.384766
1182.075195
1270.639648
2754.401855
2472.564209
1384.196289
747.191406
899.100708
374.502930
-104.138672
-879.260742
1037.062744
962.470215
951.497559
239.917603
-1339.287598
741.232422
1079.600586
-463.704712
-1205.689941
-1161.371094
-200.641602
240.637360
-1623.835693
513.499268
1373.091675
83.190430
225.197754
2627.728271
2746.455078
437.951599
-1126.663330
-714.749756
-1374.504150
-1753.707642
-654.479126
-516.210205
355.660645
932.183350
405.969727
-265.265076
-819.781250
-433.386719
-595.483398
-865.551270
-329.067871
-965.700684
-2751.719238
274.388672
-46.515625
3663.426758
457.650177
-1087.832520
798.758301
603.388916
-220.959717
3452.570801
4150.671875
2300.011963
419.553467
-1142.145508
-1326.808594
-606.118164
695.012207
588.226562
-1405.259766
-1399.957031
-637.186768
1177.649048
-534.018921
-219.742676
992.360352
-36.171387
1077.286377
1455.719849
-431.610535
-148.636719
1922.870605
2588.612305
437.060547
-231.448181
-310.625488
1482.692383
1293.681641
-436.652100
-861.532471
-88.695312
713.535156
-157.984375
197.914551
1280.260254
-898.032715
-1762.169189
-476.697754
126.179199
612.741211
75.699219
-135.829834
1361.260254
570.639404
-973.208740
-179.435486
-552.448486
-999.230469
-373.369629
-500.923828
495.978516
826.412598
-302.524536
-242.158203
-565.916016
-339.043091
-2181.844727
-1599.064453
895.125916
316.364258
198.556885
1658.240967
-386.129639
-543.908447
635.052246
-159.843216
483.777344
-281.586914
131.489258
520.808350
843.356201
-185.197021
-1636.790771
-753.530640
858.627441
387.968018
1192.542969
1578.025146
4603.949219
-391.731934
-106.849121
-384.291748
-1777.131836
1023.473633
1202.083984
-325.898438
-51.654297
167.735474
-969.746094
359.011719
-949.676270
-278.793213
1703.614502
6266.073242
6244.989258
3933.304688
4111.603027
2785.930664
-116.592773
-966.924866
623.711914
1243.036133
1328.364258
783.638672
254.515137
-214.187805
-1233.821777
-3819.594727
-4510.068359
-3146.989258
-931.370117
263.982483
801.080078
-533.031738
-2627.252930
2072.763672
1806.731934
1678.934082
-523.456543
1535.865234
-846.207031
-1458.429199
-1507.223633
618.748779
121.507812
604.053955
629.400024
-69.057922
910.142090
-852.199280
-778.108032
839.703857
-112.857834
36.142166
1073.700928
-2717.826172
-1880.696533
-150.903320
-1584.425293
-1418.368164
-158.450684
31.994629
-56.027954
321.610840
1680.758789
-236.584961
-492.371826
-1446.007812
-734.706055
1414.211914
359.496094
66.521484
-123.106445
-1200.142090
-244.068848
-1876.709961
-4655.460449
-2648.278076
800.502197
-433.464661
-829.537842
-174.313477
-923.323486
-1492.614868
-944.072510
-970.903076
-649.230225
-243.594727
-438.640381
-702.502319
-1123.900513
-135.629150
1576.498535
1619.030518
1151.085449
1598.505859
1312.163086
901.055176
-1444.679688
-523.212891
986.927734
-2979.613281
-1153.436035
656.958618
1668.506836
3386.567383
5136.601562
2787.142090
1652.056152
936.562744
1003.623291
-12.078125
443.393555
529.293091
-990.865723
-544.362305
839.125977
1059.942627
2243.544922
152.823730
-5.250977
8.370117
-40.252769
248.439453
-324.227539
234.556885
181.374023
971.817383
3368.583984
962.659180
1048.662476
1600.475464
67.532227
-1508.498047
-2041.406250
-1405.165039
944.808594
1599.687500
1191.851074
-1270.415283
-962.175781
51.156250
643.347656
1693.456055
2383.463867
-114.703613
-1456.777954
-1030.376953
-588.750305
-939.394531
1260.709961
375.467773
86.979492
448.475464
-581.193604
-247.948975
266.892822
711.490234
-326.370117
-894.661621
-2744.458984
-2702.184570
-367.382812
2259.635742
645.925781
-1037.661987
117.716309
-1088.051758
-1285.062134
-394.365723
-2660.383057
-1640.944824
970.341064
1270.717041
1856.864746
1467.142212
2011.798584
295.494141
691.180176
82.961914
-1011.566895
-1463.943970
-428.173828
867.410156
-229.494873
-785.857849
-976.780273
-1682.537476
-631.165039
595.833984
-272.858887
585.190186
1249.875000
1835.026367
20.590698
-3077.392090
-3900.002930
-1098.833008
278.417603
-3.045044
1131.931641
502.639893
-667.942078
446.590332
-47.068359
-2620.617188
2257.983398
3.452148
-264.153320
-224.207520
46.623535
-43.637939
-882.744507
-1139.935791
-689.687256
-341.226562
233.104004
1328.954102
997.257812
-369.638672
79.218506
615.791992
-436.105469
-181.541260
947.875488
144.964844
-671.620056
-461.975342
-523.266113
-888.379395
609.950439
1191.250122
778.123535
731.744141
-84.009766
1027.154297
2292.568359
-607.204102
166.712402
-1132.815430
-2617.560547
-703.078125
-165.085938
-1123.785889
-575.333984
104.731445
-484.700928
1454.295898
2734.128174
1236.266602
-374.378418
-861.627197
-621.380432
-1028.534180
-202.368652
-187.179688
630.073975
-1897.135742
-587.492188
567.833984
1209.285156
540.918945
153.052002
433.746674
-2074.663330
-2952.481934
-853.471191
1052.855469
1270.957520
350.762512
-212.304077
-2913.839844
-2689.011719
880.618652
796.996094
-677.484253
-1645.535889
-1017.666748
-319.154785
-452.891724
592.575195
150.048828
-471.411133
-248.237305
1679.012695
273.001465
-71.938965
1117.064453
-242.830322
437.358887
2077.350586
2362.627686
2315.281250
579.889648
28.280273
207.831299
-900.884766
317.963135
469.885254
307.458496
-194.557617
-1668.866211
-991.272949
1108.067871
1729.112305
3909.691406
2115.868652
643.630859
-1096.877930
-1775.172852
-111.341797
-113.753540
160.006836
-876.965332
-864.016846
-128.049072
-194.104126
1044.312744
1202.673096
1380.573608
429.297852
291.775391
-152.763672
23.219238
1210.760986
877.457520
125.273438
-496.072266
-424.720703
-123.889404
-309.491211
2606.277344
460.053711
-566.562256
331.284424
-2070.468750
-1513.163086
-283.338867
-407.078369
733.159973
2971.213623
1789.239014
-1655.342041
-1221.181152
97.661133
-108.302124
-372.010742
-291.291016
-16.375977
-3871.956055
-921.227600
537.690674
-524.383301
-1691.289551
-1266.135254
-196.589844
1104.668701
702.588318
1608.503662
1361.171875
988.619629
3556.875000
3978.578613
1413.051392
538.700684
293.861816
853.038330
1445.474609
-378.374023
-72.363281
-70.643066
170.233398
156.878418
1305.002686
1833.705078
76.344727
405.357910
-2656.084961
-1314.753418
-795.825195
-1431.054688
110.593018
449.010010
-1068.129272
-930.684082
-613.272095
134.069580
-1077.005371
-1313.875977
-92.619141
216.844971
294.949463
629.927490
-189.247314
-307.463318
3022.076172
794.749023
-987.692383
-350.860352
-1665.058350
-863.953979
349.575806
-281.946899
-56.747803
-580.522949
-241.084961
1434.000488
446.891846
-1198.470337
-1115.883179
-64.087646
-450.602173
-371.451660
-367.610840
-489.228516
-423.771973
-486.568359
1026.754883
1208.023438
998.979980
1043.088379
716.894531
-939.141602
-850.021240
198.231445
-671.404785
-57.910645
-398.268311
-304.826294
317.881104
-1217.179688
-185.762207
737.769836
1117.153809
97.066162
-1679.300293
-205.617432
946.072998
635.686035
686.489990
690.449585
274.581177
548.947021
63.324219
54.324188
-533.817871
620.450195
-332.267090
-718.843262
314.451172
1256.238770
1274.659424
842.030396
89.324219
47.347656
691.959229
868.580933
663.005127
373.421082
235.545410
-641.527344
-540.838867
68.856689
253.981445
1798.135742
1547.513184
1121.274048
543.875244
-2284.894043
-4601.031250
-3963.014160
-609.154541
555.652344
-244.131348
-1751.183594
127.111328
-1266.327637
804.689697
-218.572388
-437.734131
186.078613
-782.575562
-42.091553
1672.901855
-188.824707
-1343.743042
-1198.177979
-2125.925537
-258.520874
1282.373779
1039.797241
-799.310425
-1362.050049
-1193.796875
-400.911133
1883.082520
849.591309
-435.884766
1229.177734
574.875977
-1337.937378
-1330.274170
-245.763672
-814.649902
-44.144287
368.995117
222.121582
553.135742
2032.858887
733.695312
-326.442139
-270.836914
735.338867
-2856.999023
-1274.255859
341.086914
4233.293945
6154.580566
337.665466
-717.929688
954.669922
-17.404541
-148.122070
328.982056
-213.572021
-388.250732
-1109.026367
295.497192
734.539185
605.431885
-1574.963867
-2774.949707
38.752930
2113.347656
2107.228516
-57.310059
-591.515625
-99.117920
441.364258
-284.391602
273.987305
526.107239
537.612061
677.566650
2325.510010
2768.736084
3038.510742
2138.540527
3411.952637
2037.327148
384.194336
265.451660
60.877930
-1597.874512
1661.231812
1224.761597
1425.375977
1767.894531
89.290039
1019.781433
960.546143
-20.825195
186.988281
-191.544922
801.203369
-155.799805
-913.453369
450.243164
3454.431641
2430.739258
1312.797363
503.304443
1025.475464
18.979370
-204.359863
-1313.823242
-1772.252930
806.944824
1679.601318
3166.345703
1604.103516
-160.597656
1067.989990
313.125244
-1545.037354
155.142166
-1869.697266
-2532.382812
88.716309
555.385742
1258.480957
686.037598
-813.353516
-526.156250
-312.688599
863.207031
146.553711
-863.134888
-1288.758789
-394.469849
-268.797607
1108.774780
-65.319336
592.555542
97.919434
258.450928
649.659912
-160.177734
-160.465332
988.154785
485.173828
1076.117188
440.364014
-986.579102
-2417.193359
-251.899902
971.519531
413.908203
588.174805
838.460693
93.498779
1207.085693
308.618958
-991.516602
599.869141
122.713867
742.352539
-727.058716
450.682861
-376.619141
-788.832764
953.492432
3250.092773
3218.527832
866.475464
-1474.299805
-1988.141235
-1084.180664
-274.900391
187.813477
-763.716003
-142.757568
-106.174805
-927.286865
-1006.702026
11.438965
673.805176
351.475586
570.851318
970.854980
3008.095459
686.014038
876.161621
-274.970703
-86.295898
429.569336
-1212.780273
463.242706
1246.621338
1245.384155
-208.335938
-754.488525
-945.862061
-622.121582
197.388947
314.463379
-1806.862793
97.602417
37.977539
-657.191406
-2184.788574
-3438.259521
-1036.429688
530.459412
73.007675
155.986710
1282.286377
86.066406
773.172363
2538.772461
1341.131714
-318.274170
-966.689453
-3373.841064
29.853760
719.362061
-1251.675537
259.444885
1065.884888
897.512207
121.001526
-711.378906
-789.115234
-1588.859375
-98.592773
322.016479
-361.835938
637.033447
-4099.733398
-6778.750977
-1997.321289
-118.817871
-1813.904053
-558.521484
-605.032227
-331.133301
-167.828613
-960.619141
488.895996
219.350830
112.893066
479.140625
1210.998047
1122.613281
749.156494
595.229004
-230.916992
1177.117188
-216.164062
-791.379639
-2460.047119
-1137.427734
1045.009033
1136.582031
248.190430
-1047.029785
548.344727
-155.636719
-1241.884277
2697.677734
1752.650391
-713.833008
-1125.857788
444.597900
-225.161621
983.424805
412.304688
216.586426
-145.353149
-2088.749512
-2035.809082
226.456055
1187.541016
1363.222656
581.321289
2293.450195
-1206.660156
-433.750732
33.173584
410.008789
2086.656738
1384.433838
-600.306641
1821.164551
-1317.629883
1446.869385
153.142166
-821.587646
-668.949219
-1125.696777
826.991211
784.697266
285.862549
-545.857849
-210.533936
1248.222656
201.580078
300.760498
2019.349609
387.148438
-1595.656128
-747.492432
-371.573242
198.958618
1119.459473
644.948242
-744.471497
-1596.210449
-711.335693
-461.941406
-2557.386719
-2906.582520
87.288574
569.990723
2178.811523
916.445801
231.993774
1567.111328
1045.028320
1405.040039
1324.637451
-472.976074
239.994629
1180.646362
340.137207
1492.174805
251.139160
-1702.901001
-4.037109
1078.292236
-635.524536
264.581726
2360.289062
2933.010010
1145.911377
-628.182373
-400.810547
-465.546356
-1738.809814
-170.027466
122.109924
-317.331543
-1365.873047
640.873047
-1120.033203
1659.826416
1303.780273
1363.155273
311.978394
-376.531738
-44.011719
-1408.552368
-1442.810791
-1034.108276
-569.243164
11.966492
-265.957520
320.548340
609.403625
-754.605469
-908.456055
-639.767822
-1463.290039
-1635.514526
-812.315918
-1337.955078
1877.395508
373.595215
2421.483887
1024.026367
219.500244
1251.729126
877.229736
-327.524506
868.483398
-327.524414
-496.811523
337.425781
-446.381042
-26.962891
673.029297
-3366.740234
-2687.895264
516.666138
763.289429
-170.622559
699.480957
-919.620239
-3038.982666
-1760.553711
-768.639221
-1138.776611
-1833.686035
-1649.036621
-683.365234
-550.078125
-892.242188
-597.546875
-1074.038330
289.553223
-162.418945
-911.211426
-136.459961
-467.801361
-68.411621
1623.859863
784.505371
244.386719
419.010010
-39.095703
1705.405273
-580.646973
-3702.248291
-1021.197266
-2040.530762
50.648071
-42.675293
160.463867
178.018066
354.880127
3061.617188
2356.672363
-880.872070
-867.732788
411.189941
762.157715
-473.095459
-1339.407715
-381.684326
576.679932
975.555786
86.645996
-637.712891
1298.666992
2763.117188
1449.450684
-257.714355
732.142151
495.818848
1968.406616
1440.829346
-759.243652
-666.174072
-167.657471
-822.221680
3006.391357
-182.504883
-561.722168
1076.757812
1146.637207
3310.048828
703.196289
452.305664
597.186401
469.176025
-1317.524536
62.574219
-386.378906
-2081.466797
-674.154297
156.082031
704.568298
498.164551
-215.800781
-460.008057
-106.529373
281.229004
1002.082520
587.538025
225.801514
-776.109619
-1578.403442
-1262.949707
-2719.709961
-1394.568359
2395.325684
3494.136230
1853.467773
-619.273926
202.553711
506.881836
-697.411621
-241.252197
-1418.705566
-2974.361328
-2515.584473
868.395508
2317.685547
2432.255859
-318.351074
-259.788574
1373.283203
601.634766
-229.349121
-1116.395508
-295.774414
413.873535
453.931152
-49.821289
-173.476074
983.760254
967.457520
-1285.804199
-1191.713989
-363.940430
282.901367
1319.142212
63.828857
-911.514160
-690.152649
-610.784180
-442.327148
-17.364746
-446.940430
841.920166
-307.549591
-208.472412
50.022705
66.257324
200.129761
301.571411
224.318359
-2185.409180
-323.435547
-219.858398
-508.857849
127.819336
-604.671631
-1139.841309
-385.018555
-252.064453
275.022949
225.808411
-482.682617
-979.124023
-281.973633
493.965332
-1071.857788
-538.115967
76.475464
-34.177246
-751.625000
-194.782715
883.497253
1878.665161
606.589844
-7.697266
935.448242
960.148926
574.633301
806.797241
256.645508
1739.668457
1399.601562
-51.591309
182.645477
-75.965820
237.705078
348.192871
232.957031
578.545898
65.886719
-124.919434
576.398438
3136.331055
2672.473389
-447.264526
-1113.654297
-201.405273
-622.202637
7.111328
370.695312
299.348511
681.457031
578.860352
1406.468750
544.515137
-319.362305
136.143066
-197.202148
190.650146
645.273926
359.957886
-39.787964
644.534424
-887.271240
-2095.385986
-841.098145
-10.221848
56.223633
376.995117
1327.337891
360.856445
-1803.240479
-1872.688721
-1953.667236
-1732.681885
1964.186523
-2909.432617
-2808.159180
195.586914
-227.505920
-1451.024902
-16.198242
-328.410889
-258.542969
167.274658
307.541992
980.147461
1243.452637
-525.106445
-293.173828
-1097.350586
846.667969
534.217407
-674.358765
596.559204
3223.503174
3661.799805
2620.613281
860.205078
1426.402832
1397.236328
811.229492
-77.864502
-416.455566
246.125488
-1390.395020
-601.934082
-460.840820
399.302948
1151.489258
46.285156
4937.688477
6686.363770
1343.880615
-1444.747070
-1831.028564
-2016.226562
-991.255859
297.296387
556.663574
-165.223145
-418.423828
1168.327637
720.085938
7.420319
217.770996
-442.060059
-78.291748
5.435059
750.318237
616.231384
-452.172607
-431.505127
-75.932617
-231.938477
803.144531
-40.303223
1513.177002
2643.212402
661.438965
-793.784546
-3022.561035
-4224.983398
-1298.284180
86.970215
-514.448242
-69.491699
-121.278809
381.043945
177.361328
-278.961670
-537.524536
-980.066162
457.120758
229.576416
-974.090332
86.878021
-36.459473
539.357422
2249.974121
-284.220306
-1478.828857
-668.096680
-517.302734
100.892578
913.961914
1391.732056
786.606445
-1020.783203
-124.126465
-1647.292358
-1797.929688
69.727051
-721.528076
-301.263184
2335.802734
1208.499512
252.640381
-538.872559
-463.979492
269.211914
297.804199
-718.662598
1498.173828
-467.402344
-325.795410
-1757.901855
-989.760742
381.272095
1630.375000
2466.483887
12.842529
-6241.203125
-6708.133789
-2033.388672
1017.234375
1926.383301
10.189831
-837.402344
-610.974609
-916.032227
1755.500244
1337.853027
751.945557
133.290039
-386.926270
374.854004
46.942398
-1944.065430
-3578.074219
-1389.565918
-458.159668
248.295166
630.546875
-342.889648
-71.257568
-841.373535
-2613.590088
-3093.314941
-974.250977
-41.318848
1812.227295
1463.540039
1471.117188
-249.503540
1239.225708
1200.349121
332.536377
-1451.212891
-1999.922729
-514.636230
641.240234
2693.625000
1301.906250
-270.138672
-451.932617
44.968994
-356.098145
864.519531
1349.939453
1601.943848
665.514160
-745.400818
-1119.327759
-406.722900
747.577515
843.651855
104.558838
-371.491211
-371.530273
-359.875488
-696.101929
180.683594
555.609863
240.442383
357.219727
3167.551758
2557.237305
1377.522949
-84.038330
309.468018
156.750732
-578.458618
-528.351807
281.814453
-768.395020
402.518311
1231.854248
173.537354
118.475464
-1152.481445
855.172852
1316.339844
659.216309
677.754395
-615.740723
481.069641
3198.641357
2538.801270
1768.750488
-1336.214844
17.837402
106.358398
1079.598633
-382.726562
468.971436
142.579102
-772.985657
2160.289551
732.691406
-1719.990479
-512.869141
1004.231934
366.700928
338.128906
31.840332
-437.618652
-809.248047
948.709961
1036.829102
534.303345
3639.681641
4604.412598
620.927734
472.837402
-852.404541
586.373230
56.267334
-539.408997
100.110168
480.600220
-1197.102295
-1231.822266
1003.819824
1329.475464
373.020691
642.262817
4.117554
-335.369385
138.053711
69.521484
-157.313477
989.190430
917.412354
411.514282
53.756836
1244.363281
3711.681641
2934.133057
-479.814697
-613.849426
-3028.150391
-2456.919922
-18.344727
697.142151
-233.516052
-612.213623
-1026.169434
5.702271
1182.611328
-329.445312
605.527832
-1048.243896
-630.183838
143.469238
161.880859
-109.053711
-138.795898
-2698.417969
-578.890625
755.576172
-654.320251
-84.010254
1186.325684
1568.150879
367.832031
-69.846191
41.428711
-626.553223
-1483.468018
-973.573303
397.228394
706.977234
-523.725708
-936.447510
-703.857788
478.810791
722.956787
341.273682
451.703369
-418.548096
-276.420410
-520.074707
-2383.265869
-1579.073853
-263.190674
161.359863
-1217.388672
-1070.143555
174.646973
1023.437744
2163.359863
238.372070
-387.972656
-629.287109
473.096191
-692.524536
110.675293
28.678467
-2428.937988
-2423.475830
-325.217285
760.903809
89.997803
-128.966309
-363.684570
110.854980
108.632812
-29.971680
-274.962402
-300.343750
-2469.629883
-356.533203
-384.584961
-1075.407227
260.683594
1791.261963
314.510742
-411.705078
292.578125
663.077515
755.781250
489.659180
-392.835693
-939.060791
-727.640869
70.385132
2239.094238
2091.555664
-323.155273
83.902588
630.580627
-500.042511
370.456268
-276.929626
-888.381775
87.728271
-760.754395
1796.510254
282.576904
29.487549
-412.445312
371.133301
-905.121826
-735.314453
3114.285156
2118.523438
-1756.993652
218.873978
-731.078613
769.616455
4205.744141
2039.553467
-534.243164
-1399.980957
-979.200684
991.134766
2581.190430
2380.566406
670.249023
-926.937988
-590.547852
729.685303
2952.606934
1070.545288
-1617.769043
-720.106445
-345.852661
-32.310547
800.448730
1278.502930
17.811035
-995.570435
-1193.680176
-502.912109
63.305176
-1650.273438
291.576904
830.421387
-49.041992
462.054443
458.411621
-179.720703
704.612183
498.553101
184.332520
-968.916504
-894.857849
1376.516724
2274.809570
-22.855469
-2066.576172
-3148.590576
-977.263428
826.282471
497.356445
620.127930
559.131470
-147.163574
-920.548340
1010.426270
47.028320
18.931396
-391.759277
-3618.242188
-2606.631348
116.977783
-19.091309
369.116699
40.852661
332.729492
-862.450684
1403.093506
4287.222656
1180.746216
80.736496
-4074.532715
-7155.162598
-1268.786133
1239.358887
3185.481934
2145.872314
-806.514038
776.587646
352.945068
-794.036743
-880.858887
-143.206604
84.999512
-445.555664
1325.303345
2141.860352
1303.753906
-564.840637
423.220215
270.961426
1994.430420
1535.458984
-255.750000
852.891968
416.250488
408.197998
-728.303833
-2325.958008
-991.024231
1076.009766
235.519531
1104.894043
-380.701599
342.273926
-278.639648
1103.726807
2875.151855
120.991821
-1030.048462
186.917236
704.583618
1462.637207
1864.336670
1057.098145
-201.361328
-790.350952
-766.254272
171.837646
173.958008
-297.322266
184.458008
1137.743652
20.770020
-384.435059
152.943970
117.240234
1675.982422
2577.205566
-425.356201
938.726318
1350.107178
-107.236816
-765.455811
-763.897095
626.257812
338.377930
1096.050293
371.656128
-1180.491455
-568.114746
831.068848
1267.694824
-406.288086
-260.648193
142.691895
-803.585449
335.518555
742.128418
123.148315
-254.463257
-159.668945
-238.914062
40.819336
-459.774536
-282.756348
-984.408691
102.394043
147.693848
1121.532715
328.131592
-1416.315918
-2752.132812
-4966.224609
-2931.224609
-384.066406
338.818848
981.783691
192.193359
-2324.684570
-3873.390625
-3474.014160
-537.181152
-922.428223
-341.844727
1331.481934
135.149414
514.023438
1032.810547
-3034.114258
-852.475464
-118.748535
1083.159668
2224.852051
-84.165527
190.147949
562.799316
-284.147461
53.221680
-781.248779
-3205.305664
-4756.239258
-763.437988
-19.984863
1244.035156
660.291992
-2005.798828
92.931274
2457.095703
-699.187988
-252.497314
1294.213867
-399.720703
495.708252
329.157715
-370.507812
-1790.739990
-706.849854
-326.661133
-1992.312500
-1457.713135
246.889893
607.329834
-0.220947
1495.046021
354.260742
33.719238
-304.838623
-784.904907
-262.919434
2467.853760
1463.464966
-6698.226074
1823.087646
1316.614014
403.994141
-955.919922
-592.305664
-539.654297
406.832520
-79.924805
438.132812
55.831543
237.458984
-507.647949
-61.006836
1288.343140
741.241699
1148.211182
692.172119
154.790039
317.778320
833.638672
-581.694092
-918.645508
-2136.340332
-1051.833008
341.625977
231.895020
-647.514648
276.698975
-597.089844
-4096.562012
-4515.524414
-1012.847290
380.282715
-527.316650
42.817139
251.977295
-1732.664551
-3739.047363
-192.582520
-124.233887
-1117.154175
-641.371338
-445.473877
-479.135010
-617.469238
-637.478394
1101.133423
1130.388062
189.297607
2400.994629
5390.258789
4303.153320
3032.718750
29.113647
-217.657715
455.370117
-176.362305
275.522949
449.432373
-315.702148
376.716797
1416.424927
443.626709
-525.287109
-760.664429
-1134.434448
-405.594482
1163.271729
1266.850098
1427.445435
-136.605713
-922.612549
702.700195
320.552002
610.837708
-18.183105
-1175.367188
155.647461
1811.777832
1776.103027
2361.877197
3797.173340
4485.810059
1418.767090
626.336914
66.616699
-920.653320
7.298706
-173.695435
-647.406250
-46.575195
-26.108154
448.293457
2003.808228
2192.528564
2504.656006
1135.141479
-132.353516
1277.739258
1196.505859
1803.291016
2739.546387
2506.699707
739.522949
-1563.303955
40.898926
-251.413818
10.635742
-719.953125
-308.121582
-618.829102
569.763184
270.892090
806.774597
1337.682495
1013.972412
-299.359375
-1060.971924
-113.127686
428.548828
4017.954102
7703.877441
5082.663086
2824.255371
326.405273
-1186.121094
-1410.459473
815.142151
113.834961
747.384766
-122.840332
-208.960938
369.213379
1966.319336
2962.064941
-242.762207
-1616.001953
544.070312
-407.818604
236.640625
585.626587
-533.232422
110.181885
-1323.020020
154.142166
337.682129
-498.464355
-395.543945
-1594.438477
-832.864746
857.838623
1696.059937
1663.333374
-17.381104
-447.231689
-967.402344
91.408203
825.412109
227.774902
557.810425
1477.458252
1384.214355
-458.954712
-2572.021973
-1564.361572
548.776917
35.406982
837.067383
1191.683838
-1687.150146
-927.337402
1385.145996
5664.167480
2318.296387
2843.246094
-101.605469
-1074.144531
-2915.896484
-1215.186768
-362.514160
-1018.470703
932.646851
522.278320
-129.867432
-1087.254395
-2896.040039
-1543.033203
621.718140
-80.285645
-838.906250
-1156.165771
-650.226379
-874.746094
741.879761
924.274536
-981.849121
-778.683594
1035.754028
2207.411865
618.403564
-1051.818115
-683.913574
-652.456055
-1048.524536
-558.421875
-2151.259766
-3588.916016
-1080.404297
735.045654
2623.562988
2599.074707
118.402344
-1088.777588
-1148.747803
-1850.641357
-3648.604980
-4453.186523
-3742.691406
251.985886
526.578125
2202.418457
3077.684082
290.690918
285.830566
894.292603
-1220.223633
-1434.375000
-313.387695
-3309.104980
152.350769
-1029.555908
82.114136
1017.313965
632.662598
1147.687988
60.998047
-10.045044
581.565918
766.382812
174.551758
425.700684
795.399170
872.706421
992.069824
1560.120117
851.178711
-487.154297
-787.930664
344.865601
-343.496582
1666.083008
1816.305664
2317.778564
2441.775391
1006.377930
309.404724
-437.196289
-1399.112305
1591.516968
3014.460938
830.906738
-1766.702271
-2580.843750
450.845703
578.851562
1180.616699
-410.738831
-1146.617920
2395.774902
2127.708496
184.965576
-485.434814
-182.438232
-1267.289795
-152.870117
1178.774414
507.663574
-428.312012
-581.658203
-785.807617
-158.208008
-211.169922
496.933838
552.294434
-431.484375
607.280273
15.037354
1063.746094
96.230469
-223.546875
1048.392944
-813.839294
-191.163025
1098.570312
-188.760010
-935.236572
-476.831055
607.821045
1013.147949
1379.142212
857.073486
-51.632812
-1588.620117
-2460.232666
-162.858643
917.301758
423.088867
1066.789062
675.372070
64.374268
1000.806641
660.596924
916.391113
1.670410
-329.740967
-593.746582
-91.106934
-677.764404
-4799.756836
-4940.377930
-1022.185303
-39.718750
381.721069
240.380127
-997.265503
572.102539
-532.450195
135.141602
-347.242188
439.096191
1022.396240
-327.672607
533.808899
687.898438
556.896973
-262.710938
934.335938
198.092773
-546.058838
-1255.804321
-1474.217529
-1297.400757
-1495.049316
-575.647949
709.056396
1682.806152
1603.584106
229.352539
1171.987305
2669.373047
2259.758789
1393.161621
135.049561
-1122.859131
-1390.915283
-399.315674
-454.404297
1400.586914
446.196838
-954.169434
-752.104980
-55.612549
1198.170166
-280.362305
1709.273438
381.541992
1134.357910
680.053467
370.252563
-239.058167
602.260254
987.333496
-431.339966
-2310.147949
-24.141602
-1515.794922
886.670166
1001.537598
2043.365234
2750.959961
-967.524536
489.444824
1001.913330
-849.482544
137.339600
497.172363
-554.216797
296.136963
1338.672729
-765.304199
-652.036865
-165.843750
1247.496094
231.315430
-58.679688
1182.475464
384.971680
-321.447754
1051.878906
144.414062
2463.449707
1176.126465
-91.835205
-825.543457
-2835.599609
-1788.393433
1003.419922
353.253906
-102.387329
930.311523
978.744141
3639.868652
5567.807129
5059.370117
1747.229004
-263.342285
912.523682
664.075928
-135.017090
-737.468750
-2395.808594
-806.639648
63.539307
-1096.286865
-1458.352417
98.754883
-41.766113
605.862793
1094.025391
895.590332
-82.019043
115.992920
551.105957
-3.416504
-1487.995972
-1107.846680
-791.804688
978.453125
473.720215
-1053.067017
-48.679077
989.169373
984.145203
1427.716675
467.614746
410.815918
503.182617
1320.163818
1101.285278
287.109375
-1021.773560
-2250.439941
-1471.882812
189.276367
680.755127
-468.103516
913.491211
62.060059
-81.597290
281.336426
227.787598
888.304688
1963.110962
314.987396
-1799.325317
-2105.229492
-1340.343506
-791.046692
-789.205078
1719.056641
2101.130615
-349.291748
-447.460693
502.536133
582.432739
-309.416260
130.030273
2.739990
-863.090088
-585.674072
-33.062988
326.364746
937.570679
365.438354
226.470703
-1720.406250
-277.940430
230.671387
932.959961
-614.768555
12.656250
-556.803711
1128.691406
1384.028198
574.893066
178.120117
-1436.318359
580.997070
-157.462891
-136.316162
-515.169189
355.770508
1924.072021
1596.007812
1098.674316
-41.299316
873.849731
776.051270
5111.851562
5873.306641
3283.537109
-158.048828
-2854.797852
-1641.450439
-101.244995
16.590332
260.235840
523.042480
1665.644287
991.902588
-336.506348
601.075928
-669.158203
-3004.079590
-1415.564453
395.179199
-313.544434
103.541992
-380.721680
-1129.025391
-2379.263672
-2755.717773
-411.362305
157.308594
-254.716797
-138.765869
128.797241
-964.281494
-893.447632
-1113.262695
-712.691406
-636.395020
-687.945312
-1916.360718
-264.944336
1011.474854
335.000488
294.374023
-823.524475
-1158.858643
-84.205933
-1352.741211
-1356.533203
-1029.494141
-1017.064453
-586.495117
552.822510
382.061279
96.851807
-674.860596
-214.539551
-2802.827148
-2214.477051
-399.423218
15.549316
1910.488770
1536.533081
-429.101562
-317.266479
1113.994629
1286.438477
1453.449219
-1492.262207
-1411.414551
281.475464
537.472168
-594.962891
383.890869
-1806.299927
-558.051270
413.491089
-275.695068
590.848633
1078.019043
1788.851685
218.263123
-287.748291
522.354980
996.311035
345.268066
-759.813110
-789.656250
329.936523
2425.807617
-1243.121460
-234.044312
424.221680
1045.982910
-320.552795
1083.832275
281.610107
-1154.191406
-248.047852
722.251953
1184.416016
797.597412
-227.574677
3247.038574
3657.672852
1251.227051
395.486572
-414.195068
-1031.038696
322.790283
-1612.685059
-656.018799
1000.673340
332.228027
413.267151
-398.659668
138.173584
1780.068115
-318.440338
756.498047
2454.014648
1408.119141
-178.202148
-2612.048584
-1908.663574
1333.255493
65.659912
90.102051
735.518555
349.358032
424.069733
-1046.708374
-16.732910
-905.228516
-4576.702148
-4603.069336
-689.481506
1310.040894
1384.217773
776.246582
435.667969
459.486572
694.020386
370.342896
-210.515625
-761.594238
-1140.342285
868.308594
2532.310791
1562.849609
-378.641602
-310.384277
170.473145
418.680176
43.808105
496.250977
-168.245361
-2038.151855
-176.106567
1355.910889
300.473145
-105.366699
17.840332
500.415161
750.796753
-101.200684
-372.189453
-677.666138
-1011.427124
-69.005859
69.280029
-840.832031
-925.323120
-1010.255859
-488.192383
300.790039
213.034424
-267.828125
1355.678223
1438.033447
-244.513184
-841.966309
-628.170898
-477.873291
787.386230
1008.720947
1239.829712
1066.916138
-418.015503
-844.082397
-569.629395
-52.234924
1690.095703
89.921143
-304.337555
3127.365723
2016.174561
-395.461426
36.877441
588.551758
555.824219
190.294922
257.506348
629.159058
-283.862793
798.853027
-464.502686
-2920.944824
-3411.776367
177.982910
1736.437500
478.605469
949.972168
-402.610840
-1283.154297
614.735352
-374.746582
19.435547
-623.845215
-1048.524536
613.610352
1834.436523
1922.375977
215.575195
530.742432
333.218018
-431.249023
745.131836
-773.579346
-943.781677
-881.753418
-1599.981201
-1138.785156
253.070801
459.191650
389.494141
652.667969
1961.937500
632.474121
234.397949
72.745605
-829.202271
1965.347046
3105.084473
-379.358582
345.445374
1133.267334
513.931335
331.796204
2885.771484
-833.428223
-555.687988
529.227539
-88.138023
253.012695
-853.051514
-1040.916016
-377.559570
74.709473
-256.942627
1091.457031
-97.602539
-852.739258
425.456055
-132.841797
-534.311523
6.677246
-692.286133
2149.039551
208.996521
-196.882324
426.395508
732.698242
115.621582
-327.041016
1003.381348
3606.474609
4374.693359
3295.789062
-606.244080
-1100.948242
1172.355103
427.479248
703.932556
4010.791016
4531.958008
1293.906982
-1050.753418
-40.436157
-1683.651123
-2786.196777
-350.856689
1242.286255
1462.861572
-255.584473
-2605.824463
-1550.666016
258.182861
-451.929932
-426.810547
-110.784180
36.610840
273.971741
-590.732910
192.351074
-566.394531
-2938.824219
-2386.056152
593.444702
26.530029
-1546.046753
-166.956787
-2066.372559
-3529.493652
-1026.765625
-1635.877441
-892.994507
78.521973
-803.016602
513.055664
1162.910889
461.965332
-1465.608887
509.263184
1219.428223
1861.434570
2381.937012
1506.285645
-164.218750
-1124.975586
-1078.445312
1408.720459
-84.498016
1218.337280
2587.788086
354.474121
-823.524902
-64.059326
436.696777
1.014648
-288.344238
-1638.044678
-601.038574
86.073975
-3212.846191
-1137.114746
-193.796631
-905.877075
1506.015381
2141.931885
141.139648
-1257.272461
415.782227
339.382812
-888.783203
-641.992188
-227.825684
849.637207
759.068848
172.182129
137.163086
-955.760132
-2060.108887
-177.134766
1078.841553
2839.698242
3523.435547
292.705078
423.495483
647.133301
47.190918
-822.279419
-744.990234
-29.318604
-713.136353
-3473.706787
-184.114929
906.857666
-215.459473
-317.661255
686.090332
1162.015625
414.475464
1290.706055
572.509766
-153.377197
868.662476
1733.600220
1260.843262
-994.734863
-3704.683105
-5404.734375
-1747.043213
1130.780762
887.833008
43.597656
359.050781
641.517578
-514.266357
-1296.160400
1.604004
2133.408203
-241.584961
1653.527832
797.099121
530.162354
153.039551
-901.605469
-824.032227
716.805054
572.632263
942.475525
448.348145
190.573730
976.504639
1628.140381
-405.974609
-249.150391
511.562988
1306.479248
176.614731
-443.401611
-1086.905029
8.097412
-25.731445
-976.820679
-572.181152
415.599609
140.945068
-318.969727
-6.153320
277.918335
-229.918945
210.668457
-412.524536
-756.004028
861.276062
1002.465820
83.941895
-458.532227
-529.490356
848.822998
448.818848
108.033691
-259.577148
-629.174561
234.874756
-29.475586
80.482422
2169.264648
744.281555
-197.384766
468.738770
-1011.192261
-298.159180
71.403320
-322.886719
683.095215
886.892090
972.320801
2591.338867
-1189.978516
-1016.896484
-265.857910
1387.427856
3456.500977
-128.317871
-3052.786133
-3132.701172
-165.912231
683.420410
-464.951172
801.662598
-669.137451
-626.409668
-382.523560
-939.534424
-622.160522
-71.665039
3.370117
-811.385742
401.032471
-974.553894
842.491211
-4125.682617
-141.143555
-3.166016
-223.602234
35.219727
-22.307312
-1742.975342
-3077.570312
-458.791016
1064.809570
-1050.945923
-840.434937
-500.877686
-533.957153
1136.893677
1812.142212
272.832581
-281.982422
-497.780518
-514.108032
-960.343994
53.005371
514.521484
137.881836
-172.908936
-516.761719
-1000.433594
-1768.787720
-1070.396729
-192.711914
-45.228516
-376.954590
269.644287
535.024414
906.497070
362.238281
-1000.857849
-643.198730
188.411133
-530.618896
-455.296875
-641.561035
-1470.009766
-352.844727
-533.838867
610.772461
-554.524414
591.179199
1910.142578
-571.318848
-1859.292480
-535.082336
-72.863281
-98.092773
-1241.095703
-1219.047607
436.788818
-1096.769165
-1699.021240
1301.011230
900.768066
451.118408
186.719482
917.176514
844.580872
-342.675171
3525.274414
5197.209473
302.547180
-1100.430786
660.045776
586.178711
663.053223
486.930664
-363.618652
-603.432861
-641.010254
-686.007324
12.454468
1184.699707
847.419922
-93.258789
383.547607
-363.722717
-973.340332
783.248047
769.305176
1101.348389
561.012695
-1499.198486
-760.502930
-1490.384766
235.217773
-33.209961
-908.336426
-428.876953
236.733276
2836.596191
3508.588379
360.312744
-512.485474
1040.731445
432.024414
316.330017
-1284.125000
-967.802490
1264.063354
459.431152
761.577637
516.361084
-888.230957
-105.220703
-558.435852
423.335938
325.769531
1566.015625
-104.445068
-1018.939697
-657.394775
1115.108276
1250.547363
1004.406067
-454.261597
-1487.922852
-953.830566
-1077.458008
1381.024902
2718.766357
587.196777
-218.153564
1188.373291
395.068115
29.237549
2008.060425
1468.592773
-843.592773
-146.992676
-297.707520
-430.865234
-671.036865
-1574.280518
274.318848
273.247559
139.035889
584.855103
-626.560059
-339.669556
255.390564
-885.041260
180.755371
792.333008
895.734131
1088.937744
251.220703
-222.799316
342.700195
-582.193848
-376.693359
-387.323975
-150.631836
-181.849121
-594.969727
-1027.560181
196.381470
396.461975
-677.545166
-1194.538574
1562.521484
3054.869141
-56.395752
-936.509033
-369.330566
-1409.494141
-380.772949
497.077148
-157.389648
-865.524536
-2393.754395
-1887.000732
23.842041
814.463989
1434.447510
1528.910156
427.218018
-698.572266
247.502930
1619.825195
2524.971436
650.414673
-686.581543
-316.167480
-840.803223
-496.469727
776.202271
-742.810547
-4547.497070
-5260.313477
-2021.078857
-231.027344
-292.222656
1402.085938
-334.094238
1186.308960
549.968750
1185.285645
140.137695
-925.467285
348.173828
1155.327148
2237.210938
3937.608398
307.254639
-1418.025391
-2043.185547
-784.534424
271.069336
-281.983887
695.395508
595.004395
-370.286865
612.496826
773.888550
-75.919556
-1595.191162
-2748.379395
-627.843994
1626.270264
3369.743896
1381.452393
-211.432129
497.676270
-571.553711
269.990601
2840.717529
993.252136
-640.055908
623.441772
147.499023
-762.366699
1143.155029
3985.395996
4476.886719
-328.556641
340.179932
1577.170532
-592.396667
1247.581543
1355.373047
-634.103882
137.043457
37.027187
715.475464
2399.203613
1193.279297
-2724.335938
-3601.478027
-1108.744141
889.355957
661.383057
965.051514
-17.277832
-60.097168
946.966309
578.947754
519.059082
1827.116211
3747.136719
3914.098633
1366.118164
927.378906
601.890869
-524.032593
1185.222168
-69.055176
-2287.222168
-2251.206787
-634.588379
-544.500000
712.187500
-447.904297
-4124.393066
-1656.955811
-836.989868
430.346863
1228.560913
1208.370972
1153.316406
293.250000
-1637.822510
-551.505859
-148.745361
668.281982
189.293945
-127.297852
-44.063232
933.102356
560.698730
-359.029297
-49.703125
-1040.222656
-244.942383
545.898682
-890.085693
199.078613
750.723633
1564.540039
-1000.524536
-775.661133
-131.824219
-2744.857422
-3949.146973
-1215.129883
769.720215
1429.017578
953.527832
-267.120697
189.269531
683.313477
694.010254
1157.689453
798.544922
302.568848
-861.930420
37.750977
1407.969238
18.385010
820.978516
2423.194336
4028.314941
813.098267
-1860.770996
-480.415039
272.814453
570.955566
340.723389
-493.256348
886.983887
-209.972656
1019.585754
-262.663086
404.438965
-33.094727
330.860352
199.076172
-778.650391
300.738525
-553.079102
-644.135742
-1616.280762
143.475464
739.405762
-1532.107910
-1292.906982
1319.514038
1801.311035
1618.762695
-287.269531
-1158.614746
257.141663
-767.565430
-2573.542725
-4843.431641
-4252.751953
-677.229492
-576.045898
-1638.534424
-1513.576904
-2212.259033
-783.963745
590.248779
-476.003052
-68.889648
-353.037109
-755.121582
3084.520752
2655.910400
1352.191895
-1975.224609
-837.126953
-96.447113
148.034912
-696.635498
-344.117188
128.407715
-1150.645752
-928.951172
-107.649414
-626.296631
801.289551
2802.149170
2861.739990
2175.182129
-157.940186
-441.386047
245.428223
-689.359863
572.853027
336.254028
-596.487305
-549.883057
-1146.750732
-78.906738
-181.570312
-23.216309
703.683838
1359.476074
349.232422
157.637695
542.056396
743.905273
1356.700195
837.288086
260.963867
172.974609
822.913086
626.784180
462.354004
-10.093140
261.634766
1495.055542
981.017334
200.413086
424.847900
-818.191650
200.698639
1082.024658
162.934570
-1029.001343
-1341.769043
-487.572021
756.355835
1015.499268
768.192871
1763.640625
2173.069336
1325.017578
1624.521484
683.304199
-1019.430908
-1139.958740
-51.594238
-589.879395
-254.295410
130.925781
1084.379883
1831.968262
1766.160767
-230.468506
-83.654785
-1065.633789
-2951.286621
330.807617
-351.035156
-1326.777832
9.810547
-527.725708
610.221680
968.691406
998.451172
2804.351562
-509.153320
-322.969727
219.564941
251.278809
675.958740
-421.007935
-1062.519775
-245.266357
-346.952148
-109.421570
-508.347900
1343.455322
1092.475464
160.293945
227.473633
-248.680664
280.898926
252.187225
-238.715332
-1026.451172
-596.311523
498.335449
1573.314209
230.340942
11.543701
1198.115967
-409.612305
466.557617
136.586548
-1354.613281
612.778687
982.666748
316.115723
965.224609
-98.180176
-529.862305
80.774048
459.122803
451.142151
866.406433
-489.521973
-1018.081055
-38.598633
222.919434
1034.733398
1574.320312
217.520752
-1039.533203
-2534.917969
-1875.977539
-2671.666748
-1628.002197
272.817627
245.034668
1056.873535
1137.657837
1238.249023
429.300781
-669.350952
-1407.489258
-302.943359
868.468750
18.923340
-1510.143066
-1720.938965
-1986.977417
-457.294312
1003.476074
381.113770
-667.482422
112.632080
1103.544678
1246.303467
1391.859375
1314.934814
-2006.201416
-5241.508301
-2479.794922
258.206848
-510.363281
-747.460693
-356.739441
-3249.254639
-3029.583984
-1300.124023
-1479.836914
810.888794
884.816406
1651.999023
2171.378906
170.989746
-281.093140
-32.160156
-555.017578
-140.256836
1807.421875
-1501.873413
372.025696
1400.797485
613.595703
1068.157227
349.510376
2500.799316
1688.826172
275.563965
-613.843262
-733.546631
-107.835449
1978.174561
497.968201
-128.877930
-124.629639
1294.234131
2646.033936
-1660.697021
-824.914551
152.947266
83.949219
1599.736328
203.878174
-661.524536
-1072.493530
-1451.269775
402.129883
500.367676
482.579590
-1759.190918
-2908.128662
-632.508057
865.662598
467.631836
97.196777
-318.030762
-117.680176
174.721191
1194.508057
868.921143
-20.575684
-1097.616211
-2395.813232
-425.377441
1217.802734
3337.293945
829.541504
239.074646
388.984375
-920.407471
-904.156738
65.500977
489.873535
312.726074
-1105.821045
2801.538574
2087.792969
345.817322
-1261.821289
-3579.894043
-3242.704102
-4641.522461
-1887.503906
1005.138672
-377.607422
1721.947266
-87.558105
-857.285278
287.964844
-258.522949
-1755.149292
-346.333740
-328.867004
-3.719727
47.807617
304.722412
721.194092
1633.435547
258.679688
1219.318359
-924.799805
-706.653320
912.045898
1897.646484
3909.928223
5204.125000
799.634277
-431.414062
-799.710693
-122.430176
525.928711
2236.268555
2378.986328
80.820679
48.475471
504.956543
521.845703
595.616211
1062.095581
-862.711182
-1580.637207
404.424896
631.846558
-3800.894531
-2210.533203
309.221893
92.488281
-121.443359
355.844238
12.605469
-3025.494141
-662.448730
188.749146
-915.049561
98.566406
-2363.750977
-1674.271484
-412.462158
696.066711
1119.132812
-720.893555
-86.227539
303.039917
227.470215
-99.187500
-434.952148
427.562500
2585.412598
5578.704102
3764.201660
-1325.633789
-475.966797
-501.678711
-1341.216309
770.604004
-330.445740
-830.642578
-1703.501465
-2382.535156
556.771118
1417.820801
823.136230
656.504761
1201.135498
162.283203
293.282715
401.356934
-2794.830566
-993.898438
-643.939941
230.360840
638.864746
1006.046265
820.360107
-305.692139
140.327148
-400.097900
109.673378
1593.591553
36.227051
-1162.987305
-469.610352
-203.743164
1759.605469
-768.857849
683.505127
467.050659
-914.451660
507.257324
934.220703
-220.105957
-1049.237793
111.726807
1105.360352
981.964600
300.798309
-1642.184570
-383.882019
780.468750
503.349609
287.905518
-944.984619
-952.339600
246.597412
2321.298096
1417.153931
-612.335449
-875.282715
-617.011230
-671.384033
835.235352
-3274.175781
-1860.038086
-2686.478271
-454.370605
-85.816895
359.486298
-8.154785
-599.514160
930.846741
-674.551147
-890.591064
-57.227539
-452.296875
84.394531
-803.364258
-1488.495117
35.795410
-835.849609
-145.808105
-814.701416
-796.360840
-67.116699
-729.336914
1496.552246
1424.576172
30.616211
1387.317383
1224.679688
-9.114990
701.257996
166.948730
-600.586914
2118.361328
2682.027344
61.551147
321.681641
-1913.441528
-3319.063477
-8.793457
300.373779
-1896.286987
-300.336914
-275.334473
-363.359375
275.854004
-353.886475
-188.382324
-1339.880859
-554.900146
1016.246582
-718.161133
607.649902
379.135162
32.977539
-1599.585938
167.826660
611.635742
575.450195
-2369.409180
-345.968994
-1252.467041
-1480.342285
-739.688477
-43.317871
1536.395996
-73.210999
1487.473633
1951.229492
3372.333008
964.666016
269.629150
-2073.425781
-1865.046509
-1349.552002
-941.677979
11.316406
-2394.655273
-3008.491211
1201.751709
483.592285
-722.931641
339.910645
-2946.670898
-2837.814453
-88.726074
-828.445068
-104.156738
892.770508
204.210938
472.550293
681.282227
1283.032227
-224.715332
-492.674316
-506.524536
-326.414062
-260.222656
-2031.924316
-454.248413
848.184570
1030.092773
1822.860840
-554.431152
2002.660400
1128.533936
864.235840
-424.480469
-662.308594
-1183.119385
-1219.400391
-741.899902
847.438477
-51.906738
-200.267975
-582.950684
171.929688
500.019287
444.360352
-412.137695
635.938965
53.049316
-236.995239
-241.366211
-953.177246
1031.214355
-558.604492
-54.728027
530.135010
290.297852
1113.617188
884.485352
-923.364258
492.791962
-1101.880493
-105.743401
3459.146973
1468.636719
-1508.198486
1145.895020
1400.316650
1432.667969
1252.693359
-341.260254
133.650269
255.473389
-274.526367
-86.005615
107.434570
660.391846
785.507324
161.253906
452.699219
96.614014
-161.358887
-1598.717773
-100.338867
-6.908691
86.362305
468.739014
861.859131
345.704590
-174.333252
571.738281
-122.472656
-298.748047
666.885254
445.861328
-395.464294
791.329529
474.153809
1448.988281
1437.230713
932.181152
494.064941
-536.181641
-1833.281250
-965.515625
-464.632568
145.681152
268.191895
560.879639
-697.220947
-1593.434570
-4119.287109
-3023.056641
319.288086
-691.612488
-992.257507
1202.870850
630.432861
-385.389404
469.359741
1349.798462
-149.140381
-1141.055664
-478.280273
205.978027
-362.151367
-838.113525
41.250977
-409.345703
-370.286133
-839.814331
-866.709961
-839.284180
-342.906738
1101.306885
1303.679321
-701.325928
-1019.102783
539.285645
1207.806152
296.496582
-670.309814
-562.464355
369.135986
3069.107422
2456.584473
213.874390
-436.854492
-813.661621
-9.456787
628.215088
393.613281
-353.309570
-947.986572
-17.900879
-370.446533
-1998.937744
-389.211426
817.187500
-86.412109
-243.145752
1873.926758
1768.291016
1451.068359
462.196777
-339.025879
-1756.895508
-1326.742188
-264.743530
638.147461
1214.314453
9.007935
-419.111328
-228.883301
-424.867096
257.510254
-193.994141
808.424805
-46.521973
-65.667480
-122.238403
-1042.544434
-387.825928
-1092.392334
-1506.058105
1695.213867
1487.814941
955.476074
460.223389
367.982666
2078.200195
1215.648438
2509.967773
4971.919434
2121.835449
-654.854248
-591.453125
-1830.500000
-2825.935059
350.142151
-302.736084
286.103027
110.839844
-4403.885742
-715.911133
984.813965
2514.575195
3743.203125
1380.048340
-466.157715
-1014.313477
-1490.229004
630.333984
-926.731445
-198.198730
371.939453
124.843750
-543.575684
-254.937256
-504.238281
685.276855
1739.800781
-106.468262
-1239.176147
-909.186035
-460.238037
-691.581055
194.425293
-2820.904297
455.375977
1504.678711
-946.245850
-1855.912354
407.224609
1156.118652
879.537109
1140.758789
868.833496
333.126709
-562.163818
-777.847778
-759.315308
-694.938232
569.430420
425.133057
209.841553
-15.519775
22.331055
850.971924
-970.241943
-340.400696
990.699951
1439.766724
439.968262
-1322.787598
-1424.391357
254.926270
921.979980
895.753906
906.304932
1398.754883
2684.965820
1607.638672
184.983887
254.875977
1357.479736
442.325623
1167.436768
586.779785
159.934570
-715.377686
-788.119385
254.972656
-1533.796387
-3384.853027
-1312.396729
569.868652
1125.302124
-629.988770
-2967.874512
-583.272705
445.566406
-417.641602
-744.560303
-798.435059
-204.959229
238.269043
-651.135498
-549.264832
-215.919922
-648.470703
-1035.875488
1576.209961
1168.805176
784.535645
-215.192383
252.869141
1482.294922
784.272949
-201.622559
-1183.926270
-180.438965
613.629883
2407.284180
3072.563965
1005.191528
1149.383301
837.402832
-239.950195
-1020.404785
-1033.331787
-950.940918
418.481934
1563.481689
814.428711
-63.087158
-7.041016
144.792969
-591.408447
189.227051
453.100586
-339.424316
-612.876221
387.346924
411.647949
387.077393
637.210693
1285.697754
-418.000977
-530.796875
26.397949
-285.175293
576.404297
310.295898
856.799805
240.499756
-322.601074
-790.273926
441.390564
-197.802246
-3885.914062
-757.830566
353.918091
-1225.688965
557.991699
322.410156
609.051758
871.548828
-1528.857666
-945.675903
590.353760
-601.360229
-1362.452881
-151.543823
129.813232
312.610840
295.829102
1055.640015
-524.388672
-637.142578
184.770508
1766.011719
2126.591309
992.384277
-534.649902
-1439.095215
-257.726074
645.155273
-168.517334
-2430.999023
-3405.321289
-1685.653809
-711.629395
644.713867
-974.294922
-36.833496
81.198120
-789.231934
500.647949
-300.857666
-206.460938
-389.362305
1746.671021
-26.291992
724.297852
190.496094
-1100.524536
141.535645
831.704102
-215.341797
608.615723
-1998.845459
-2433.367188
17.868164
1849.612549
494.537109
624.087891
-940.236328
770.008301
860.984375
462.758301
-180.464844
1563.582520
775.475098
-153.904053
784.011230
791.017090
527.793396
60.533447
-351.885498
-1443.798584
-383.053711
-644.769775
-1146.529541
-831.003296
-186.563446
333.526367
1106.507812
20.404297
85.075684
-664.720276
-2962.632080
-5151.705566
-4334.210938
-1922.225586
-1209.775391
-18.208984
-380.770752
355.997803
835.736816
322.116333
1045.443970
5473.812500
4557.564453
924.393555
-404.864258
260.299805
1291.156250
2023.532227
-736.151367
-1721.545410
-208.396240
300.554688
-709.083008
-48.513916
1482.625000
890.875000
323.217499
5539.677734
6952.516602
1315.691406
610.262695
1253.431030
223.443848
-267.440430
-457.564941
-363.565430
-437.069824
1771.403198
3949.908691
1127.520264
-641.504395
-315.928955
685.633423
1555.978027
379.159973
-797.109009
568.591797
247.142166
550.320801
-80.233398
116.122803
-1241.834717
-971.635742
1293.224609
-835.160645
449.475464
-992.937744
35.513184
845.446289
1210.505859
-500.164246
-331.941162
-169.069458
-1352.121338
-869.791504
-814.876465
-1192.917969
-1764.321777
530.592468
-687.478149
707.528809
-43.280273
-2470.235352
-1959.175293
-1220.996582
1173.723389
627.974182
-883.636963
1797.168945
4586.890625
2087.696289
1038.120850
845.049805
333.038574
746.578003
2356.764160
-135.189453
-460.054199
537.860840
1666.621582
1990.484375
447.318848
-2256.283203
-4277.107422
-1575.737793
938.417725
826.031006
-163.085083
-160.717896
-1392.185669
-342.524536
1062.956787
1454.959473
998.127991
1039.108887
-490.400909
-648.560852
418.127686
631.298584
-38.330566
1006.771240
2037.295898
38.649902
-753.571289
-435.585205
436.990417
-289.669434
-113.155273
-932.438477
-686.946777
536.090454
42.285980
965.389893
2049.942871
597.131348
-169.451172
-24.048340
-598.875488
-191.728027
-452.165527
222.317688
-761.753784
-1208.962402
-704.009033
-536.644775
164.227539
-584.417480
-847.450195
-256.076172
-584.901367
-1187.075195
-381.059326
160.344727
814.421875
889.759033
-793.486938
-1306.388550
-26.712402
-677.706055
-2418.991211
-885.327148
1365.117676
2147.985352
2751.408203
1341.783691
1274.639893
1298.193359
14.779663
-1045.493652
-653.734863
-124.958008
44.089844
-652.319092
-311.983398
-699.237305
-1798.316406
328.948242
-285.246582
-56.274658
2806.204590
898.949585
-1383.857666
1085.910400
248.628906
-194.535156
2795.949219
2066.388184
-729.630249
4.500244
990.277344
135.471054
121.482422
1285.422852
450.219727
-1098.858398
-715.537109
-18.940186
-1202.351074
-490.529297
1799.526367
917.229004
-33.036011
1474.549805
-491.301758
-413.474609
229.625000
-637.834961
388.927734
556.890625
646.559692
-61.216309
-14.542969
-1388.858154
156.629395
1300.187256
1342.429077
818.422974
161.632568
-804.461182
574.185120
-939.095215
-6088.341309
-4485.547852
679.949219
2316.708984
2771.915039
577.772827
788.010254
317.918457
-469.874481
-1366.024780
-893.619019
1143.813965
51.486023
-591.528137
-500.452332
-3071.630859
-6820.134766
-8990.324219
-6985.307129
-3948.651367
-1849.144531
-2092.619141
2200.817383
-2037.862305
788.481445
970.950928
473.300293
315.453125
30.518066
142.160400
698.234741
-52.671875
838.189087
997.437500
320.591797
-637.131348
-695.120605
675.098633
1005.758057
-907.042725
-173.770996
-206.668457
451.337402
-20.009766
-335.130859
1700.265625
1077.570312
-106.229980
817.818359
693.123413
-928.390869
-1968.827148
-2547.434570
-1095.184570
-53.014648
-209.524536
-380.522217
344.951660
-1224.410889
-95.125122
-176.639404
-944.370483
-1715.844238
-1652.442383
1287.628906
656.415039
-709.281982
-629.880615
1986.726562
1573.475464
296.325684
-933.111816
-1237.842773
-796.813843
-402.408447
-749.307617
-2741.717285
-43.461914
624.027344
244.277832
-710.180908
-1121.857788
1353.250488
745.030273
-1523.974609
-215.370361
-519.164062
-289.965820
-205.505859
-494.173950
474.616699
200.084473
-748.266602
-906.055176
-1876.004395
441.705078
618.456055
-1283.857788
523.149902
-849.080322
-2903.489990
-308.027588
542.620361
-862.758545
-242.614014
-569.982422
294.435547
1176.609375
3130.475586
1597.897461
-543.225830
668.100342
1619.042847
-68.862793
444.753906
2517.832031
639.359375
2649.718750
4407.278320
4903.796875
3172.181152
1063.927734
1210.939941
2172.197021
-456.469482
962.296021
15.352600
-1999.873047
-3218.962402
-1230.162109
234.718506
968.113281
-389.956055
355.943359
274.547607
2346.224121
2019.629883
1086.844727
-492.772186
-499.760986
31.037109
-485.068115
-1847.524414
-1104.985107
435.328705
944.088379
1938.640869
1442.746582
-629.487305
-1998.727539
-2166.182129
279.367676
-343.524536
-2264.034668
-993.890381
-645.958008
-1723.562012
-309.835449
-262.664673
3899.627930
3693.574219
7324.714355
3355.782471
-64.234375
-1280.131348
-256.713867
231.146484
872.919373
185.223633
-285.451172
97.565308
135.706055
-1127.116943
-3437.198730
-282.990234
1223.356079
1248.137207
-1086.799805
-571.569824
-248.623291
-223.704269
-313.137451
-180.502686
241.835449
515.799561
-67.176666
-744.977783
-280.754395
288.845703
364.456543
998.512939
-824.172852
-3203.125000
-424.765625
-1999.521484
-272.091797
-141.646484
737.686523
1127.059448
729.649658
382.181152
-218.936523
-1658.529785
-1646.838135
-834.384277
92.505859
-305.444336
-275.594727
590.666260
1202.637207
-248.066528
-799.657349
218.312408
-604.817993
985.540039
1402.583008
-240.700928
944.048828
948.993164
-1339.838623
-474.300293
976.536133
789.163574
942.810303
379.968750
995.098633
128.375000
-211.444580
-436.795410
-2524.272461
-1968.915039
-690.737183
-1286.099365
2214.105957
3831.810547
-771.073242
340.375488
674.240723
1034.755859
359.218262
-181.160767
-3319.273926
-4788.673828
-3242.479004
-661.264404
-117.054443
-739.373413
-292.315674
1522.478516
3251.042480
1305.324707
-977.618164
-542.478027
-625.077637
67.366699
801.108643
275.109863
1749.154907
-414.268127
-1225.524536
1482.687744
38.545471
1704.505371
778.142151
239.254517
-806.281494
-936.712158
-1549.755615
-2632.023438
-1864.020386
1160.737549
1053.184570
1016.147461
560.160156
-730.049194
-1034.141602
876.343750
609.427734
647.125488
-66.270508
-770.873779
440.768555
2159.331543
1626.882080
-1176.103516
598.243408
247.731384
-1290.718140
808.816284
554.987976
-1281.170288
121.806519
768.354858
-353.584351
173.701477
-519.399170
-941.737305
-522.587402
310.264893
964.422607
89.855957
95.100098
-446.464539
790.939453
-880.390625
-1198.028809
436.005615
421.104004
1651.033691
3434.269531
370.137695
-2495.089844
-8178.555176
-5525.045410
-1837.014893
-565.794312
389.988770
322.029785
1180.087402
1595.599121
1555.952393
-48.242493
-1328.415527
-276.333496
-564.510742
1561.650391
2.523132
-312.363770
-3149.925781
-1330.383057
-1057.226562
-307.590820
365.279297
1505.278564
224.110352
214.717285
-2.921509
-361.349121
-202.710449
402.929932
550.073242
914.593262
1110.046875
207.023438
-834.937988
-153.632568
257.470154
-381.159668
425.736816
494.428223
668.008301
-1127.165283
353.118164
668.614258
1195.451172
651.045898
10.927734
-732.774170
-1959.985596
-1722.708252
-1024.587036
438.216553
-150.604614
848.247559
1719.412598
3412.237305
3174.746582
1766.969727
-293.503357
-106.517334
-281.155273
-3639.217041
-3957.243164
-804.678711
614.088867
-640.439941
-4378.132812
-6181.231934
-2364.243164
634.153931
53.464844
-312.712891
704.340698
842.772583
220.157364
1423.032104
3539.902832
2211.750000
600.296875
2105.656250
3500.020020
3798.462646
1716.324829
771.572266
2852.211914
896.383301
-1125.600586
-810.202148
815.173828
1166.005615
1950.275391
531.658203
-1249.160156
187.128418
737.779297
317.037598
1161.599121
-907.498108
-133.068359
1404.532349
365.873291
148.610352
134.886963
151.981201
-498.012939
266.019287
-108.920410
191.962891
-230.898438
451.270508
-143.668457
-363.052734
-73.402344
-94.525391
-811.374023
176.520996
274.923828
-1134.524536
34.810303
-810.884766
-955.459717
495.450287
-1034.930542
-1818.622070
663.925049
83.475464
-1435.270996
-1545.403809
1536.279297
465.591797
3322.012207
2901.359863
2615.717285
1279.084961
28.632812
480.694458
400.235413
-806.878296
-103.328125
1070.038574
815.875977
1051.856445
-68.224121
724.757812
-912.056641
628.977783
1444.494141
38.690430
-138.234863
1032.462402
-581.590576
-1563.571899
-565.524536
972.219116
1579.240234
204.871826
40.140625
-363.872559
60.296143
-1112.703979
-907.087646
692.439453
-677.671875
-264.858398
24.663086
440.926514
-243.240234
-1281.083984
-108.524536
483.030273
2294.955566
4599.334473
1702.475342
-290.192383
144.491211
3.454102
-561.014648
-1182.146362
-715.159180
652.746277
1574.187744
65.855469
275.250977
986.561523
-835.425049
-501.385254
10.098633
-1000.508789
2147.069336
-1628.087891
699.710510
514.346924
493.826050
1959.578247
-189.240173
97.635742
880.830078
-37.831543
2674.121338
2204.950195
277.168701
-1269.852051
-2806.967773
-693.022461
63.387451
339.636230
173.741211
430.494873
600.475464
615.183472
243.418457
486.418213
249.820557
-459.347656
-748.794434
261.943115
1000.187500
608.084473
-1045.953613
-2708.555664
-1457.771973
863.030762
397.553711
-1077.012207
-1098.534058
-394.816345
-84.426514
-1057.348877
-1534.391357
-626.870361
-87.592285
703.019043
-510.636719
-416.906738
-761.873779
-1516.902832
275.913086
599.907959
812.243164
1600.134766
-86.348633
-1571.081543
-1141.720703
-84.316284
870.822510
-223.751892
1601.945801
2334.177734
2436.010742
-39.315430
-57.024170
560.535889
-160.236816
-11.757629
162.161133
-605.478027
667.725708
1004.851807
1152.520020
282.526886
-465.335938
-636.418945
649.088623
1290.200684
600.032349
469.699219
925.948242
-1010.434204
-466.187500
-678.523438
-515.742188
170.461914
198.023468
649.896484
-627.490234
288.274780
-426.409180
-231.238281
357.290680
1447.479858
194.018127
-678.604370
-1419.599854
211.158447
-315.351074
-406.427246
-827.056152
513.603516
92.442383
-912.623413
-610.065186
-350.132080
-258.154480
-392.504913
-335.351135
213.335266
1590.221802
-321.682495
-354.705078
-25.530273
-341.621094
-1173.312988
-3824.894775
-2801.921387
468.318115
624.250244
-1166.125610
-1180.207764
-820.259766
-455.445801
-312.354980
15.977539
971.973877
1375.192871
197.589355
-94.018555
-1037.238647
115.058464
1049.174194
-179.073242
-639.006836
458.779785
121.038818
-645.206604
953.281250
1890.273193
174.964600
268.843994
1224.795166
905.653931
450.360107
-397.309082
-785.028931
-979.875732
-890.487915
-526.430664
-1594.684570
-2117.922363
88.111816
-244.353516
-1116.909180
36.080566
1254.160522
1132.045166
-94.868530
-675.090027
264.609863
834.197754
694.414062
-233.431641
-207.158630
-498.049805
-909.536621
-816.193420
-1171.016113
-760.034729
530.789551
1218.862061
-108.095215
-1014.281372
-976.364746
-376.710938
145.721313
331.703125
-72.369141
649.869629
693.637695
1277.890625
1564.673340
1149.333984
711.350586
614.071289
1063.830688
103.993408
-625.601562
978.137939
1501.631104
-22.298340
333.245605
52.922058
1045.289551
-82.930664
-511.191406
1195.099609
227.251953
-320.436035
440.799561
-172.685303
-767.853516
704.958008
1140.996216
722.295166
578.646973
55.512695
-273.706543
762.977173
910.901855
1336.096680
115.951172
120.079590
-1226.606201
-3130.057129
-1048.532959
1380.878662
121.011475
-239.922729
1124.830566
1144.535156
527.757812
388.530273
261.481445
-348.506836
44.487305
1622.939209
1085.091309
-981.802612
-797.854370
-2509.681152
-3728.839111
-2524.298828
-1864.004883
-367.245117
1010.716309
815.838013
-206.553467
-733.533203
600.272949
-294.025391
477.841187
-178.707031
-1961.919434
-1627.107422
-89.153320
612.550781
-424.071777
-1104.866699
-1634.746338
-1453.541260
-1191.713501
-921.036377
-2954.668945
-1887.135742
-1066.067383
-197.382446
-175.536133
-1503.486084
-1362.408203
-104.620117
452.768066
-19.352966
-373.179932
-461.405518
751.030273
-206.971924
-69.951660
3002.668457
1693.625977
-863.843506
-148.816406
521.376709
1274.059448
1581.583740
601.351074
-1458.635742
-583.673828
635.629883
456.840332
-194.044922
-657.278076
-1889.073730
-1130.093262
-595.564209
-641.552002
355.063965
680.713379
1297.560303
848.305176
112.727539
515.558105
705.660400
982.135986
-238.086914
3084.229492
6895.660645
3831.264648
-51.895996
-358.941650
-523.985291
-200.047058
-597.342346
-96.452515
-1095.962769
-2164.076660
389.155029
751.721191
65.333008
328.809692
-571.448242
-577.348267
-474.987793
2019.586914
1104.564453
-5.495972
-611.806152
1374.168945
-950.917725
-29.851562
1896.312012
-558.270142
-32.643555
3170.875000
2279.211914
1680.206055
-83.631104
-247.162354
294.282776
-707.776978
253.063477
830.785828
715.192749
27.034912
99.573730
1085.011719
-431.488647
1401.049805
6059.901367
2808.025391
-406.745117
-138.428223
245.327148
-708.690674
-1165.713135
101.902100
679.190918
438.588379
-110.957520
94.343750
-619.247498
-966.005127
-157.092285
-569.470947
1062.234497
1614.109375
-359.780273
-236.411621
1487.806885
905.047852
-1047.669922
-640.819336
-910.043945
144.945312
1341.328613
1907.932739
3808.010742
8515.189453
6482.394043
1608.230957
-3800.558594
-7014.367188
-2439.313965
1536.569458
821.047852
1253.016113
-2538.048828
-4579.981445
-527.287842
-325.507568
-1096.130615
-284.778198
-2879.597656
-2920.801758
1270.341309
3261.462891
2511.079346
-788.802368
-371.624634
1244.233765
1294.142212
1351.417480
1191.486816
794.910645
581.313965
-87.680664
-1440.560547
249.503906
86.291504
79.012451
547.218018
502.427979
1520.926270
1413.891113
350.633545
989.764709
132.027832
165.240723
-1879.373535
-3939.609863
-1643.573242
483.058594
-110.837158
-392.407227
-3522.982422
-3355.362793
904.234497
1565.523682
-1068.550049
-4895.762207
-5138.042480
-837.437500
890.556641
789.291260
-537.524536
896.349854
-309.303223
-106.237305
-341.908752
47.946289
957.931152
-342.475586
538.939453
-1042.909180
-2482.857910
382.204590
1686.317627
1090.008789
905.331543
261.670166
1086.944458
746.944580
1236.693848
2448.875000
1676.237305
-572.583984
-546.265625
532.363525
2.395752
-675.019287
29.519531
-887.516602
-1465.755371
-1285.774170
-1144.236328
-584.353027
-1125.035156
429.081543
411.975342
-921.016663
182.079468
1396.100098
768.612549
-1187.535767
-523.756836
58.098633
435.539551
440.636230
1052.160889
1848.686035
-1671.050415
-5674.057129
-2874.184082
861.814941
11.517334
328.110840
-4886.839844
-2272.812012
-486.700195
-65.582520
177.232178
3821.236816
4867.221680
3461.477539
1765.881592
284.276367
-609.297852
-1390.297363
-1078.943848
838.990967
511.255737
-412.936768
-617.504639
-658.451660
1326.790527
1400.749512
235.000977
-3050.003418
-5276.362305
-2032.678223
1957.586426
2991.151367
1414.062500
-470.862305
-1154.189941
-1953.568848
-864.004272
111.424438
-430.765869
119.432129
2266.625000
3606.100586
1574.910645
-888.358276
-1834.323730
-811.404297
1802.022461
2129.653320
-509.626953
-2284.466309
-370.182007
1533.886475
1162.688477
571.258301
656.004883
292.364746
1663.256836
1538.011719
-19.985352
-945.720703
246.384033
1936.590332
3518.467773
1167.888672
277.881104
-1469.088867
-4434.389648
-2456.401123
2201.597656
-119.092285
834.526855
1822.833984
314.313721
178.970215
567.905762
-33.103271
-68.017700
895.178955
99.108643
-736.033325
-3068.403564
-4045.847168
-1130.422852
819.771484
797.940918
1358.968628
-211.857056
-2559.998047
-806.372559
1045.726929
-1595.857788
-975.568481
323.677521
1264.910522
61.963623
164.522461
2605.734375
400.120789
-621.575928
681.903320
-35.968018
-1189.816528
-153.445175
18.137207
-750.940430
325.286133
-323.344482
555.843506
-92.721924
-948.324463
1122.709473
623.483765
-67.861206
414.592041
1421.378418
902.598633
-800.345947
-1397.225342
-586.425781
-1414.312012
1446.256348
1076.571289
36.525391
-103.524536
-608.117188
-517.028320
44.948730
2915.935547
1857.256836
701.450195
1008.382629
1561.195801
2249.418945
1120.492188
-407.249512
-90.007202
-1202.156250
2374.266602
1085.064453
-1462.383789
-3470.797363
-1815.345947
-636.325684
737.038086
1033.391357
-164.079346
-1018.274292
-254.405029
-1825.830322
-436.645508
-1405.227539
-2389.532715
-1928.732666
-1374.573242
1558.692871
1167.278687
1829.152344
487.799805
-1034.117554
-455.171387
-1728.415039
-368.528809
1052.398682
172.342773
-214.535034
-905.168457
-1171.557373
-1385.138184
5.903687
98.609375
-764.322083
-417.300781
1644.475342
89.273438
241.094238
136.736816
78.402344
186.324219
159.694824
-673.275635
-704.907959
343.603516
1934.575195
452.740723
-2066.509766
-1996.892578
-1288.524536
907.647461
-507.696289
-71.120605
180.871948
1330.556641
2366.902832
850.795410
-347.491699
92.575439
445.583527
-142.372314
-876.588623
675.360107
1947.353516
1301.851074
297.983398
-792.182617
185.674805
1017.687012
370.247559
-106.751221
-324.779785
-135.817871
-684.639404
141.425781
4446.003906
2106.990723
-795.016602
-875.384766
199.886719
1663.305664
1279.038818
-47.435547
-203.679077
-170.280762
736.657715
607.225708
731.142151
-369.005981
-1827.069824
372.014648
-289.183136
-261.912598
3068.905273
2457.486816
-942.712219
-3514.016602
-4681.750000
-2160.748047
128.259766
513.233398
1177.252930
-2.225891
-3076.846191
-4027.181152
-999.418701
-401.504883
-288.707520
914.823730
-576.590576
-126.678711
819.961060
397.274902
-1081.077637
-1842.029785
-1865.802246
647.030273
4464.142578
5743.579102
1374.029297
-239.745117
-829.196533
-1902.763672
-1301.281250
149.784668
667.350586
796.903809
396.637451
212.828125
-107.552246
18.735352
41.721191
-101.875977
-2465.676758
-1684.504883
-226.503906
470.394775
666.361816
539.551270
1864.072144
170.140381
-365.547852
66.111816
442.253052
1407.711182
266.143616
-11.708984
854.436523
154.643066
1790.369995
2751.746826
424.791870
18.136719
-1365.292236
-1677.006836
-404.312500
-924.614746
590.583496
1314.621948
746.844238
-834.532227
-609.241638
427.332153
-445.304688
-1410.735352
-1125.180176
-924.829102
-232.445312
-748.188477
-547.878418
339.120117
-68.629883
-66.401855
522.782593
1099.467285
1083.232422
990.952393
854.613770
27.453613
-808.389160
1376.215332
1037.421875
-520.059204
-1737.428955
-2425.852051
973.324585
2264.456055
2156.029541
42.229004
-3361.931641
-1961.834473
1503.751953
2846.539551
-93.834717
323.817566
1378.050293
3203.893066
1462.275391
2365.184570
-679.112793
-1367.287476
-1828.119141
-450.117188
-832.044922
-178.500000
-667.524475
578.555176
523.889648
509.067871
-585.612427
-79.664429
114.691040
-1262.225952
-1107.756836
-3178.987305
-3127.475586
12.331055
401.280762
40.657227
-497.471191
-1191.593506
851.139832
222.512329
175.438965
2878.154297
-455.403320
276.945312
526.823242
120.526367
1525.534180
581.308594
-1060.561279
521.516602
18.063965
1419.182861
202.832031
-2112.014648
207.454102
-396.245850
-2964.416260
-1646.239258
150.089355
948.516602
2690.941406
-874.518066
-1862.489258
-991.795898
-202.656738
1307.653809
960.177734
-1078.450195
-486.193848
534.108643
1046.521362
1155.147461
321.642517
770.499023
1552.288086
466.155762
942.992310
373.725281
-323.414795
984.796387
710.946289
-181.215088
-172.631714
145.691895
1457.265625
492.768555
-1448.769775
-1031.776367
314.699951
2356.072754
4495.666992
1221.161133
-1704.187988
-2154.241699
225.463867
4042.571289
4756.895996
1539.846436
-531.894287
471.556641
-718.958496
-101.318359
680.248535
206.069336
269.801758
330.286133
4934.830566
5886.979492
2278.030029
-271.444336
-149.162598
-270.097412
-791.168823
-200.562134
-815.829956
-45.094604
-857.927734
-1225.910156
-3085.094238
-3704.053223
-2191.852051
-157.258301
1074.002930
-1312.581055
-2480.881836
-3542.919434
-2330.545166
479.887207
247.873047
606.240845
-443.244141
-1453.350830
79.074097
3113.137695
1667.116211
-1263.610352
-484.050781
-3341.216064
-4332.257324
-3303.528809
-2015.949463
1648.471069
1093.964111
1305.977783
2111.747559
1248.068848
-157.875000
-332.500977
433.194977
760.644287
-824.756958
-784.211182
-3763.823242
-1878.960938
1500.035400
3369.158691
5222.240723
2007.184082
248.832031
-454.951660
-3583.414062
-1604.092773
898.462891
1306.752075
1366.095215
1061.924316
2633.819336
957.433594
236.167969
201.604004
-1503.310181
-1190.623047
1406.824219
-2153.943848
-136.011719
633.364624
-957.819580
217.863037
615.694336
-278.312256
-327.652588
639.905762
-789.493896
-358.651550
-31.863892
894.640869
1128.997559
1010.044922
-815.158813
-663.877441
891.728638
515.002441
-603.630371
793.606934
-523.116699
-1008.808838
-835.207764
-48.460449
619.727539
-524.339355
-541.012451
-218.505630
630.085449
693.704834
443.532715
918.062500
288.985474
-3631.737793
-3347.146484
-1168.044922
32.721191
-609.842285
524.980713
-387.838623
-320.280884
-276.691559
-586.429443
-153.703125
481.933105
542.885254
-396.064758
-1279.431641
368.583008
2095.185059
628.346680
325.235352
73.636841
-1281.179688
-1087.668945
705.475464
794.006836
144.050781
295.510010
-885.494751
1356.035034
1153.083008
-75.737518
1243.274902
989.992859
904.931213
1595.394287
131.795593
447.979248
439.678467
-393.105469
1063.916260
1028.299683
800.564697
1538.062988
324.498047
455.689941
1655.420898
692.713867
-404.162109
-487.279785
377.150391
879.741455
932.780273
1296.210327
1053.594727
-454.158203
-1823.556641
-68.170654
767.990356
1960.804443
3298.633789
370.298828
-942.480957
272.682617
727.230469
2018.893066
1172.180420
-30.271973
-280.557129
1664.245605
3777.134277
2422.600342
-636.672363
-181.458008
-624.188232
1396.929688
2320.984375
1563.741211
-86.260620
811.804199
708.869507
402.026855
1416.074707
1689.229492
638.730469
-654.757812
443.864746
-299.801758
-1011.972656
-663.423340
-1226.136963
-1504.658691
-412.671875
42.790039
205.904312
-698.928223
-46.190918
-10.707520
-1295.428467
-2143.715332
-1145.313477
-820.607178
-765.785889
-954.344238
468.896393
1377.649414
-2312.312988
-129.002686
-72.422119
-410.223633
576.613281
871.434570
575.333008
559.522461
796.965820
451.976562
1118.881714
1489.703369
-1942.481079
-1619.202026
-1587.099121
-147.075806
629.725586
49.043457
-455.907166
-1039.085938
-91.345703
478.872070
-749.303589
-226.021973
1669.323242
1701.475464
553.115479
-814.166992
-11.857422
640.717773
-374.211914
-527.505127
1075.919922
-198.175781
-924.055176
-701.065308
-981.898315
-174.917725
-56.961426
-1624.000000
187.877686
654.438477
167.657227
1.921875
1730.175781
-1259.601562
468.838257
1014.349609
605.101562
410.382324
239.516052
191.369141
-643.722656
-349.499451
-554.250000
124.932617
236.004883
-143.641602
-133.412598
865.316650
1362.616699
107.459106
-710.448730
373.409668
-591.773926
-1993.129150
-882.797363
781.049805
697.631836
440.054077
350.256836
490.250000
1757.859375
2633.451172
669.944580
-852.729980
323.013916
-1276.070801
175.737793
921.142151
15.029053
-49.847412
-62.616455
99.744873
-1503.758789
725.020508
2169.548828
1143.350586
-1458.888184
-4744.825684
-2414.480469
157.287354
-751.810303
390.128418
1351.441650
-635.883911
140.508606
914.639648
802.533203
131.469482
594.837646
1029.242188
-1276.768066
-53.089355
685.565430
-76.425293
-659.472412
-250.016113
149.894775
2192.142090
527.125977
909.285156
1320.533569
324.312866
-1414.194336
-4316.718750
-3534.585938
-123.577637
921.022217
268.450195
-948.021545
-405.078857
178.432617
152.676819
-156.759521
-133.664368
1189.602051
1078.209961
294.255371
-96.677002
488.142151
973.836487
-1010.964478
217.841827
-184.088043
-954.632935
932.604858
163.939941
480.506348
1583.672852
3911.022461
-831.807617
135.272949
1389.456299
787.668945
876.754395
-206.658691
1503.682373
2854.863037
659.712769
-1188.109375
-4338.820312
-4914.316406
410.779297
48.326904
-659.596680
439.880493
1344.191528
1788.848755
640.943359
315.372559
-792.782227
-180.584961
-176.460938
96.284180
-163.466797
-260.650909
-18.819336
1572.591797
2146.979492
114.261230
-48.325256
1006.695801
492.076416
155.768555
-104.796875
-613.203613
-4419.708496
-5746.091797
-2264.147461
-445.040039
552.748047
291.157715
570.731934
4372.606445
3362.177734
-226.159668
-83.219849
626.369934
-262.967041
58.234375
-1611.130859
-1537.578613
-142.333740
309.003418
-373.087646
-1356.646484
-3871.820801
-1343.192627
1366.357544
1283.313477
2003.642334
665.702148
-1875.368896
-809.743408
446.905029
177.014404
-491.398865
179.046402
53.475471
770.072388
69.287109
-1632.765991
-5027.864746
-2807.923096
-157.062012
408.773438
211.571045
306.553711
-822.154053
192.024719
598.912537
597.539795
552.885742
-381.091553
-621.987488
-405.783936
-632.986328
-552.368652
-112.829346
-826.033203
172.500000
1105.969238
1506.262695
951.278320
2852.291016
2479.975586
-746.546265
-1012.512207
-254.393066
-743.993896
361.424194
-491.857849
-93.116943
1039.595703
2402.475586
1443.001953
2543.014648
2318.301758
860.779297
1069.718506
-549.111450
-114.270508
1610.747559
-261.222168
134.707947
1574.884155
1204.440186
2969.673340
-1166.879883
-1944.711914
261.593750
-387.080811
1328.740967
1743.627930
-495.578369
1033.646484
2035.159180
-1336.994385
-825.609863
-244.940735
714.929688
205.579346
-795.499756
2312.424072
2040.457031
1359.747559
1107.710449
1804.216309
-740.980225
309.783691
338.931885
-822.524536
-270.046631
1208.787842
-611.894287
-814.712646
-1471.275879
-2327.125488
-344.098145
-1448.946777
-1085.275391
458.544617
242.506348
-189.061035
-51.348755
1129.591797
-1833.247070
-2553.795654
-1119.069824
616.136719
1371.540039
940.248535
77.998047
-327.469238
-141.808594
484.808319
861.387695
808.485352
1083.511353
421.442627
572.694824
67.668457
17.648071
1050.460938
-154.369537
1685.036133
3703.501953
1622.254883
-22.766113
243.133789
535.372070
1110.397217
162.864258
-280.125000
694.041748
696.131104
1731.136963
931.895020
-962.009277
451.937012
181.036377
16.154297
-94.393555
408.908691
-937.174316
-1690.327393
-393.239014
907.176819
-711.671875
-166.291504
-651.443359
-1130.195068
13.406006
-490.691528
2486.368164
2407.357910
-92.873535
1740.540039
339.917969
-342.298828
3571.156250
4026.537598
1480.978271
225.187988
-263.960693
375.472656
-1990.780273
-3113.604004
-948.961914
189.314941
-210.218063
435.740417
-507.203430
-899.240723
59.680176
513.664551
-658.114624
-253.482910
-237.682617
627.510315
186.080078
-229.532227
1075.149902
8.989258
-635.558838
894.966797
125.338379
-226.894043
900.795654
746.607849
-685.609741
-1761.767578
-1973.438110
-1048.838867
142.578125
227.533203
-795.233398
-635.592773
194.548828
507.598145
1348.442871
1308.033447
365.377686
-441.992188
-45.204102
-346.540894
307.131836
968.524414
-549.881226
690.979492
757.712891
554.248535
421.816406
-726.324219
277.214111
101.475464
-997.658203
702.415344
-481.302795
-3603.619141
-577.477539
636.743164
-272.734619
526.871094
1367.646973
658.218689
-846.838379
-1584.763184
-734.263000
-2074.140869
-452.994141
1182.740479
-1188.243042
-1313.684326
749.481689
202.327026
-1093.574585
-302.704834
-2385.919922
-6325.634766
-2865.894531
544.580078
424.929199
545.795654
-1303.883179
-1032.378906
-50.319824
-2681.500000
-1384.543945
375.223633
463.541718
1070.207031
130.998047
-2107.153320
-1130.492676
-80.891602
1018.256348
-355.380615
410.521484
1184.211914
2968.256348
1656.855225
556.159668
350.763672
5.671143
263.056946
2225.208496
998.896484
69.300781
-795.197632
-29.833984
3228.109863
4665.006836
1327.341309
104.513672
-360.227051
-697.521973
-273.870117
-373.351562
83.922852
703.289062
972.687744
1563.922852
1481.001587
1311.710571
-368.524536
-676.215454
1688.354736
-198.105713
-759.407715
118.839355
-227.725098
559.475464
994.292969
405.031250
1276.893311
179.756302
-424.220337
1257.955566
1688.433594
1723.471680
2613.226074
273.852051
-1081.858398
-295.384766
39.922363
2082.770508
3385.307129
-130.221191
-770.817383
-3259.977051
-2728.422363
495.975952
252.669434
-362.124023
666.528076
1129.859131
784.700195
-52.477539
1088.814453
1121.334473
110.532471
1099.475464
-568.335693
-1601.861816
230.448975
-35.016113
-274.206543
-422.895508
-1086.076904
1748.860352
1586.975586
-112.148438
-3028.633057
-2275.394043
854.290527
2941.019531
2522.893555
62.663574
-3916.174561
-1527.174805
-811.632812
166.832031
-418.354980
-478.034180
13.983887
-2258.360352
46.823730
1364.622070
-382.173157
727.475464
-50.857819
-339.496338
-841.133057
-554.148926
-231.583252
-1161.901123
-3594.242188
-3165.116699
-2663.276367
-1832.401978
231.632812
-739.084229
-343.375610
491.077393
1652.040527
948.025146
-60.013916
-13.443848
-3670.491455
-4457.564453
723.383545
-477.633026
-141.845642
885.779053
-3172.117188
-2180.130859
-589.458130
516.218750
1061.288086
576.060547
200.089844
636.241699
-511.825684
104.907425
1216.046021
1231.593750
613.197754
-1084.213623
-1228.402832
-733.354248
-1192.016602
-1033.709473
-163.888184
328.770996
62.037598
1016.106934
2776.033203
1502.165771
-552.897705
-256.987305
321.792969
620.819336
1467.644531
2080.551758
1734.943848
1308.459961
1564.693359
1496.996826
289.529419
930.062500
1493.072266
1242.639648
571.175293
-276.276611
1.688477
-1209.838745
-1329.256836
677.237305
-2729.548828
-6372.927734
-3401.646484
-1630.252075
228.475464
-132.752319
-3554.273682
-3059.832275
655.370544
936.294312
-419.375671
-395.454590
-587.990234
-180.221191
-524.643311
-907.674072
-726.282104
-96.643433
1216.975098
391.097412
-677.801025
-375.050598
472.933289
-183.398926
-1320.558105
-1257.272827
-616.688965
-606.510742
-131.392578
468.443359
-247.469727
351.422607
860.350586
-819.664307
-778.203491
208.672607
-236.135254
-957.503906
172.150879
470.111816
700.012207
1004.719727
-1766.176270
-3366.402344
-3587.686523
-157.545166
1717.080322
2295.867676
1194.852539
-2008.800781
-2144.703125
309.226562
-529.208740
-727.435547
189.573578
-957.592285
-268.723877
-739.493652
-380.893127
-400.575195
-840.458008
-423.600098
336.524963
-1424.195801
-520.185547
215.946777
-672.991150
881.827271
2221.655518
-788.305176
-827.056152
-497.854980
704.609070
4894.675781
3453.749512
-233.148438
-2857.804199
-4672.356934
-1167.262451
459.342773
-608.671631
-83.551758
557.777344
-271.535156
-885.524536
555.587158
-226.576416
-769.516968
-709.524536
-788.859741
-651.531738
-3593.600586
-5881.204590
-2610.138184
820.619629
790.766602
1201.586426
-610.156250
-1369.247559
-1650.765381
480.044708
909.036377
-408.435547
-1221.099365
-89.021973
-313.454346
-2027.857788
-54.245575
788.671448
-207.723999
1483.584473
1404.179688
-72.129395
-752.863159
-198.729736
358.909424
-200.913422
827.911133
-1488.838867
-487.518555
-492.540039
-507.152954
-1236.875000
-1347.023438
-570.196289
1221.312500
2153.659180
-722.071899
-306.689941
1361.913086
489.318542
957.415527
655.561035
-283.168274
-672.257324
-434.870117
-1473.708496
416.732178
605.936768
-491.435303
654.114258
906.958496
1539.886719
13.864258
-225.257080
-912.432129
632.726807
286.515869
-478.217285
1469.378906
3032.604492
1.465332
-755.932373
1995.195801
319.325928
768.142151
150.548828
682.945312
803.714355
682.802734
-108.350342
-409.410645
-851.883789
-2204.986328
-1295.196289
601.712891
517.047607
-914.194092
-784.819214
714.302002
2654.121094
651.524902
-645.984985
-231.193359
1055.500000
-144.324768
-476.123535
371.342285
747.196289
-1006.531616
-1929.348999
-955.228027
223.142166
-481.958618
-1135.318848
-99.491699
-26.044434
651.861389
795.988281
405.409424
576.510742
1300.228516
-476.879883
865.054199
-668.023926
620.832520
-586.209229
-2348.546875
324.775879
-1474.818604
-335.834473
840.190674
-171.305664
412.939209
1772.182251
-807.966309
-1514.781738
-1219.563477
512.600220
3284.242920
1597.034180
-580.934326
4.258057
300.125488
434.989990
1232.413086
-85.447266
-1617.869629
-246.534836
283.566162
-214.176025
47.601074
117.550781
249.035645
-1067.986328
-501.694824
-1413.828735
-1132.359741
281.118896
639.960449
-78.367188
298.655273
-677.087769
-26.066162
42.397461
-1480.387207
242.875732
-426.292114
-974.595215
130.417969
626.843750
854.986572
1067.123291
681.381958
519.570557
385.214355
-356.090820
-2634.180664
-1322.705078
1214.796387
-101.544189
-23.188354
421.867676
289.665039
-66.069580
-40.471222
-78.735352
-870.075684
-1287.872070
-61.388672
2332.061523
6396.526367
2641.224854
-658.263184
-2200.615479
-1595.877441
261.370880
781.832031
926.740234
585.630371
-61.592041
831.013184
-1144.289551
-560.446045
133.004395
1480.831055
86.797363
-714.524475
-452.268066
-536.674561
-748.414673
-400.053711
107.245605
639.799194
662.137207
25.412598
-29.940674
-556.132812
29.384277
57.371094
233.043213
442.645508
-512.563293
-435.296509
393.817627
447.293945
-245.066406
-602.962402
-787.912598
147.892334
1936.413086
1393.886719
111.788086
971.708496
628.009766
292.327637
1128.775146
1474.822754
129.866211
789.373047
352.091797
-191.020996
-1572.310059
155.069824
-27.111328
909.547302
4017.980957
1484.880859
-793.356689
698.419434
1149.088623
854.366577
644.434570
1398.640625
1158.993408
451.418457
224.437012
-1106.792114
-1584.272339
-380.379761
-545.438965
-82.349609
44.743164
-222.902100
821.875244
-162.160645
-579.819458
-891.787354
-888.358643
-1008.890015
-766.630615
-880.448792
132.906738
1386.045288
-763.274902
-1929.063477
-1979.368164
-556.978027
811.157837
-44.856934
-670.724609
-1137.037720
-223.156982
-1343.029785
-1696.440918
375.802734
-55.160156
1792.852783
5371.875000
3475.189941
725.283081
-162.341797
297.077148
-920.791748
-627.127441
563.142151
1628.991699
1442.456177
1608.439941
1289.617920
-924.769043
-624.229980
345.638916
-267.531464
1027.391113
1718.568481
-33.100098
-542.579590
-982.417480
-428.279785
-71.896240
420.443115
131.203613
105.668945
-1357.538086
-922.158447
724.944336
-244.476562
-242.821289
-992.296509
-551.457397
673.537354
628.103333
428.564301
871.384277
1084.196289
-323.194824
-97.409668
274.289795
-1345.143799
111.285156
2764.599121
1336.972656
-581.381836
699.826294
242.490234
554.876465
2590.444092
1179.662842
-668.074219
-726.181152
-2487.146484
-2065.258301
268.996094
689.720459
1019.257690
85.143066
74.970215
-505.861450
325.516357
-16.611816
-708.327637
785.176880
1116.865723
-215.241699
1007.862915
-1512.792969
-135.970703
235.295929
297.116699
-170.041016
-170.109863
-1533.670898
-2172.375732
-1164.493652
1411.444336
1492.108398
858.686523
153.760742
314.139160
356.245697
1211.450684
995.733582
-315.504883
-397.403320
-46.438477
-167.384766
-521.476929
565.280884
1865.443604
-192.456787
-597.482605
-787.246582
-219.775391
-46.932617
549.338318
1384.465820
-254.370117
2157.520020
3229.517090
1868.070068
-181.320801
399.730957
243.908691
-569.057617
217.955566
-574.689941
-630.959473
614.292480
-546.395264
126.180237
-147.249512
-1144.100098
63.523438
580.833252
-310.051270
309.583221
983.539795
-102.135803
424.002930
538.663574
-42.822754
-435.302734
-480.266602
652.335449
2069.262451
333.045410
380.896484
-646.794861
-637.439453
-1981.974365
-1804.325195
56.482422
-24.717773
1054.232178
1574.149780
1071.703857
-272.032318
-1691.863525
-130.088257
1535.724609
-408.041992
771.089844
514.332520
475.872070
994.743896
-111.852783
65.906494
-1169.825928
-445.171875
1214.005859
1486.826660
1120.338379
-760.288208
-2658.128906
-2778.303223
111.893921
1184.952393
1356.672607
1206.564941
43.353394
-1298.145508
-524.987061
-72.725098
-335.374268
-473.825439
233.944824
548.075195
-216.089600
492.955627
1326.146484
1106.697266
1270.606323
1328.601562
334.630463
722.389648
-272.790039
287.986328
689.749512
251.095703
-492.871277
59.964355
616.140991
-405.293701
-1423.529175
-231.926270
743.242676
976.998047
249.036621
-164.694336
-313.261719
-715.617188
922.030762
385.236328
-1671.145508
-1349.361328
-1318.625732
-785.529297
525.681641
1241.562988
-285.112305
837.371338
366.320801
540.259766
339.172729
-807.243408
-957.541260
-83.436279
-165.887207
-495.555176
-810.387695
-1153.723389
610.836914
379.991211
-225.565552
-825.781738
531.482910
-320.844971
-384.053284
-450.341797
-680.341309
-81.684570
-1039.272461
294.664551
1180.707031
-327.665039
159.919922
-2330.958252
-353.283691
2024.530273
3639.973145
652.855713
-903.745728
653.606445
408.165039
-677.429199
427.638672
-509.276367
-1005.191162
593.748047
250.751099
-127.641357
-537.027832
548.171631
1526.897827
1055.142090
469.114746
-807.437012
247.248047
1387.173340
548.565430
-642.244141
-321.023987
2628.147949
4536.996094
2443.193359
397.587402
-2220.806152
-151.355469
829.594727
333.977051
207.534180
651.336914
1459.266846
828.846191
-1022.477539
220.580566
212.158936
-412.914795
-904.865601
-1163.461426
555.803711
-1009.591187
-594.415161
695.858154
-19.887207
-621.397949
-470.687500
-1617.171875
-1673.241699
-844.637695
591.288330
-99.134033
-252.456421
-758.423462
-937.239624
1750.306519
247.313232
-76.792358
155.358459
803.864868
516.460938
-337.724121
680.034668
40.992920
-438.063599
963.307068
-234.304443
-1043.322266
513.165527
1105.362793
1318.708496
-566.641113
1018.659119
199.267090
2038.647217
4627.539062
1571.776123
-891.403564
-108.233398
242.601562
416.485352
-1507.657227
-2240.683594
-2030.109375
-1483.167969
-103.748047
1318.750977
2134.008301
3552.454590
2479.090820
652.630859
609.371826
-532.257080
-617.163818
-119.314209
3324.653564
3365.060059
217.085083
-10.055176
-638.030273
-3641.605469
-480.548828
340.707336
120.955566
575.285156
1386.973633
479.012207
1873.954590
3413.374023
377.207520
-193.052734
-501.288391
-3346.881836
-1890.481323
17.119507
533.307800
1826.647217
1751.926025
1022.769531
-2107.962891
-2283.289062
-2964.165039
-346.857849
-1178.762695
-1169.094727
293.453125
-7.183594
-1255.823242
-722.223633
-460.540039
-994.333984
3023.997070
3587.025391
-1330.938477
-1516.051758
-1874.177734
-193.150391
-66.497559
1253.456055
-5.660156
-8.713867
-302.723145
-136.988525
-1202.459229
-759.674866
389.930908
-492.601562
-1242.479492
525.362793
2942.402588
1063.135986
847.119141
1370.335938
-2109.486328
986.009277
-934.857849
147.840073
258.881836
-1073.756348
384.646484
-51.497070
-739.159180
-1221.349121
-774.295898
-1407.962891
-544.051025
-1930.092041
497.821777
668.642944
1725.287109
609.387695
-1796.732544
-2941.058594
-2239.689453
-345.016602
56.997070
541.732666
-299.567383
-376.762695
76.728027
-131.380859
534.585938
944.261719
-529.860107
-1565.709961
-1516.270996
-977.520264
-195.374390
-333.011658
-1412.477051
-1345.336182
-1288.598145
-417.614502
-1350.618896
-1460.745605
-403.579590
609.692383
1358.473999
-471.967529
-1530.161133
274.560547
1664.550293
572.518555
1852.562500
1373.033203
1294.546875
-875.519043
-1260.346680
-711.551758
2967.066406
4663.831055
2291.026855
124.391357
-243.537598
-13.015625
659.595703
605.104919
391.149414
-547.157715
259.334473
157.127441
-749.880615
-800.702148
-203.442871
1108.041138
873.307617
-258.946289
-573.908447
-956.582764
-11.000732
1044.025391
-370.850098
188.485413
-419.555603
-307.834961
1051.239746
-1204.973633
-364.570312
460.997314
-345.950195
1478.706055
309.695312
-330.300659
236.040039
2564.911133
872.197754
-105.224854
1972.354370
3511.517090
-123.737061
-484.364502
182.211914
-180.808105
539.663818
1314.501221
433.543945
-2724.271484
-2719.085938
2.826172
897.310547
-144.214844
-485.466553
-512.929688
-372.041992
858.143311
1587.529419
499.280273
-498.669922
-1165.043457
-307.500488
1075.397461
794.115234
-487.120117
140.453125
-1540.309082
-5058.049805
-3111.138672
1393.210205
182.507812
-1293.104614
716.352295
-252.122559
-1663.242676
-914.868164
181.620605
-255.796387
1329.794922
56.719238
-193.771484
1225.504272
-1006.785156
-943.405273
495.564453
225.758057
742.783691
-281.241699
-3226.878906
-3973.586426
-1345.315430
1277.026611
681.637939
1075.365967
1144.894409
246.077637
-624.565674
-1261.815918
-1035.331787
-824.238525
-406.462158
-666.703857
313.762207
891.230957
2271.502197
4119.626953
3595.171875
1993.468750
532.893066
-734.468262
1447.358398
2239.541992
1175.519043
-1386.877197
-404.658691
118.383789
-459.674805
641.581055
560.387695
916.073730
1411.142212
873.937012
782.086914
578.761230
-34.766602
1029.981445
-958.128418
-1735.850586
-1365.222656
-178.886597
-249.901367
2716.716797
834.063477
-123.725189
282.949707
1214.843750
54.935547
550.603027
618.431641
876.622925
583.368652
-977.541992
-4050.395508
-1247.656006
2327.890625
3106.752930
4079.388672
853.681641
-196.590820
403.547363
1368.089355
1239.370361
505.295166
-642.733765
-621.018921
1464.590088
1925.418823
1122.417480
590.662109
-290.557617
834.465088
1518.122681
272.361328
-292.163452
-685.763916
-497.555664
1876.569336
932.946289
-364.357422
-574.262695
-66.977539
113.375977
2761.546875
842.273438
883.937988
907.740234
-400.636719
-100.034668
-481.392761
-1028.101562
-298.614136
-1756.956055
-2889.183594
-2041.268555
-378.421875
1038.429688
-469.475220
1064.931641
-6.237305
-41.289307
134.298462
-1737.515503
864.219482
-1518.718262
-1098.062988
278.693359
-692.220703
-545.144043
-703.128418
256.942383
403.611084
556.712402
819.450623
-207.431152
-1406.471191
-1294.744873
-222.790039
114.936279
-360.850464
-2892.265137
-2150.704102
1227.239014
1929.678223
415.783569
783.311157
758.842773
-907.521240
-1615.004517
217.433105
31.105957
-614.986328
250.347656
-359.876862
-622.410645
-3437.098633
-2162.025391
565.256958
1064.141602
-1246.904053
-909.916016
-1221.349609
-721.976074
-65.856323
-729.259277
1136.614258
-227.532227
-724.470703
-220.105469
805.001953
1141.699463
695.390137
-360.795654
-401.768494
1013.466064
426.777283
-1135.957275
-588.261719
-1632.284302
-2184.217529
116.264404
1007.843750
2598.955078
3116.042969
1487.926758
346.657715
-695.190430
443.451172
256.427490
-1145.745117
-1051.327148
561.752441
-569.862549
-955.798828
-165.098816
-2.380371
33.104980
-248.857803
549.055664
762.385010
-209.431763
729.910645
-418.564453
-434.919434
276.968262
539.114258
265.142181
1223.371094
656.110596
1149.729248
823.583740
-796.978638
-1839.500488
648.076172
1439.669922
873.427979
434.001617
-293.407471
-38.456543
-862.630859
225.520996
2113.403076
736.525635
509.147217
-668.376526
-964.509033
955.481140
0.949463
1935.778809
1557.518555
1313.590332
488.463867
-403.410645
-1630.180298
-1825.476562
-155.408691
538.565918
67.554688
411.250000
-741.858398
-555.807983
1171.210938
265.873535
799.252441
-382.193085
-1119.930176
-899.374512
-1685.380493
-736.001465
913.765625
1103.140625
587.993652
-31.639648
-212.870117
-2709.628906
-821.503906
-906.310181
153.062622
1409.892456
1124.036133
-652.115967
609.789673
1668.546265
1180.115112
-274.231323
1216.988403
724.791992
-274.432617
104.107422
944.214844
679.260010
1240.207031
-640.021729
-665.573242
42.390625
-425.555420
-1128.699219
224.698242
77.476562
1584.611328
2319.656006
1297.204468
-269.145630
333.475464
842.636719
-1243.612427
-1501.062744
-1155.007935
-1324.241455
-982.922668
-777.597839
90.055870
-38.219604
494.580933
34.203979
-333.169556
1439.141113
1183.693848
665.872070
775.506592
524.406616
-396.591888
-364.032227
-714.363281
149.339844
-542.780029
945.472656
1527.434326
-296.271820
-1021.000854
-439.019592
-213.436768
214.760254
752.126038
907.873291
390.045410
-242.063477
14.032227
1312.460938
1303.933594
1024.468750
-217.781250
-280.482910
-1123.966797
-928.252197
1144.972656
-2215.227051
-1996.395020
-686.036804
-318.195312
171.442383
-302.437256
-778.427734
1317.315063
-500.012695
-2609.235840
-3830.054199
-2643.999512
-1161.162109
-494.184570
-523.424805
1850.489258
1320.274414
656.593506
-710.185425
-1504.566162
144.808960
189.055664
1978.608398
-1860.888428
460.189209
-136.521484
-252.043945
-237.477417
-4072.448486
-5102.940430
-880.804688
569.029053
3832.771484
4891.124512
-398.826660
-893.333740
-373.122681
547.610352
-1570.416382
-1348.058105
985.084473
431.780396
-1159.338867
-204.958008
-1210.439941
-1071.005859
-546.298828
4.109619
686.196289
-351.076233
-701.578613
0.169922
-74.726074
146.579590
-535.710693
462.241699
-3089.033691
-1731.654785
-39.464844
1753.808594
81.574219
-670.826172
-43.722656
-925.967163
-409.731445
845.367188
1274.816162
268.556793
651.743652
3493.195312
1711.386719
-159.969727
-205.194977
-137.783691
-492.189941
-1074.433105
-1865.026855
-1919.692871
-644.718750
-521.231445
750.059570
1834.378906
1575.552246
-1851.142578
-1666.220215
-207.460938
163.667969
1015.073486
3353.665771
2490.980469
1522.436035
1440.448120
3632.105957
4206.372559
1522.352539
2267.505371
1174.820801
-707.488037
800.505371
4563.366211
2766.720703
-954.621094
-2736.178223
59.661743
1024.153809
1345.331543
1009.210938
-165.647461
238.608398
141.042358
-234.144043
633.965332
-1180.859131
-982.207031
1198.414062
2525.475586
2593.177246
1204.234131
-689.497803
51.451309
980.212646
155.652588
-93.737305
-1388.276855
-985.325195
-195.035156
598.557617
443.382812
-477.534180
-251.505615
575.426758
3420.251953
1519.923828
-1887.067383
-1217.745361
-4234.359375
-2996.499512
-61.111328
-1211.606445
-1046.524536
226.344727
1202.868164
965.496094
4274.923828
2818.693359
-200.979004
1381.417725
193.340088
-82.118896
1587.728394
513.004883
-634.210938
-229.691528
-631.113403
-1365.361084
-693.489502
-397.063477
-1180.975586
895.211914
611.176758
554.540405
1054.978027
43.712402
338.365723
1392.219971
710.136719
426.476562
877.927734
1153.716553
1120.532227
-52.734131
408.451172
28.593750
-11.159180
2085.009766
-557.062500
184.794922
-523.131226
-990.188477
728.336914
-1053.535400
1987.677734
1815.517334
38.285156
131.632324
680.233887
-481.977051
-1435.274170
-1594.524414
-306.166260
115.941406
-2483.465332
-1453.016602
1243.162598
106.038818
-506.783875
-463.665527
-747.760010
-777.533691
3475.602539
826.763672
-185.661133
-1099.194336
-1286.022461
1008.166138
635.319153
-95.334167
1101.423218
1343.472168
1470.637207
46.730469
-1017.265625
622.080078
1324.721680
-74.758789
1441.630371
-760.325684
-61.996582
819.957031
971.187744
888.214111
914.238770
335.913391
-3588.663574
270.137695
1193.146851
919.992554
-125.629883
-1415.943848
-69.511230
600.465576
1030.466553
1238.475464
208.792725
513.127441
1896.738525
1565.675049
-1547.449219
-3572.165527
-2193.622314
2403.839355
8049.053711
6544.608887
518.840576
-3820.011230
-4705.448730
-1075.488770
-540.598877
254.490723
-259.304688
463.603516
-24.191162
377.057617
-63.169922
73.820801
-1077.375000
-771.432617
998.302002
626.533691
507.649048
1464.414307
904.648315
-68.691895
206.308105
143.289551
511.520264
722.601562
792.010742
770.627930
721.120605
-73.096191
-475.029419
-845.513062
-212.820801
1273.282959
1601.789185
913.268372
-743.791382
859.582275
869.986816
-1237.502319
-140.339355
1073.762695
943.831055
-14.323242
884.588379
2313.846680
916.860840
1795.525391
-934.733398
-454.755859
155.354736
-698.682495
-927.632935
-1339.072998
-755.173096
-825.418213
-413.454956
-791.975769
-317.187134
732.470337
747.506042
-840.935303
2464.889648
3542.623779
4.138794
-249.490540
1556.087891
831.003418
391.890869
714.888428
-2107.374023
-5574.141602
-4173.098633
-801.896729
1126.353516
-1336.409180
-2400.312012
-5743.887695
-5982.525879
-4107.624512
-1008.222656
162.117798
377.744141
286.316650
897.886414
-227.379883
-2479.291992
-2600.993164
-191.043945
254.492676
5784.404297
7103.375977
1280.038208
-686.804077
-732.802246
-656.680176
2235.352539
2702.542969
221.759277
724.032776
1411.888672
1798.528320
4551.716797
3897.987549
-409.927246
626.553711
563.409424
-528.498535
1117.500000
1539.037109
-1515.844727
-451.566406
446.944275
-802.591553
-337.217773
1141.221191
822.119141
619.828613
247.317871
-1062.349121
-919.980469
-1771.169189
-959.283203
372.378906
1308.839844
1648.142334
3503.145020
6155.977539
5269.115723
1194.169434
284.624756
1858.583008
1321.178955
-589.698486
-403.842773
-604.240723
980.401367
-181.163574
768.499512
1570.909790
593.492065
2554.835938
-7.081787
-789.513672
-2183.669922
-2518.010986
-1407.261353
48.211060
-205.217285
-1938.133789
81.315430
-56.177734
-192.176758
818.338135
-212.319580
-101.168579
713.588745
208.022949
263.448730
2452.450928
406.796387
-294.578613
1289.177490
1655.018555
354.266357
1287.607666
-305.705078
230.873047
-61.777954
454.369995
817.369507
226.793945
-205.589355
-1057.544922
222.932617
3273.961914
2415.643066
902.504883
-739.812012
-1219.792480
-650.005615
1108.821777
854.863281
2771.406738
-2355.274414
-155.210938
1132.000000
-2049.020508
177.256836
-344.837646
-747.154785
-241.595703
-92.155273
-2792.918945
-4021.321289
-3237.897705
244.998535
770.428711
-602.857849
-1410.974121
149.879395
599.339355
1120.820801
1094.497559
232.505127
-338.481445
-118.049805
-1505.788086
-1271.608887
-2565.535889
-4084.696289
-1236.658936
1408.114502
488.170898
340.115784
-840.840820
95.920898
248.288086
772.612305
1445.189209
972.720459
-218.295410
841.698242
-456.901855
-513.258057
-2059.744629
894.220703
-69.912109
-1887.846924
175.491943
336.177490
-1589.076172
-1202.697632
-233.144043
304.959473
1744.301270
1150.718994
-512.312988
-380.368164
956.318787
671.142212
1023.712646
-94.394043
15.225830
1304.651123
11.467773
652.397949
-970.421387
-703.018799
-1166.411133
1350.322266
1198.125977
-460.761719
428.547607
996.739502
1258.634277
-74.821777
-261.452637
-2746.259766
497.088867
-681.715820
-986.614014
-440.029785
365.234375
100.875000
-1863.172607
-957.402344
233.279663
506.083008
-251.601562
191.133057
-1175.380737
-838.702393
828.470459
1039.639404
627.651855
821.475464
131.265869
-726.326172
1094.424927
505.535034
-733.810303
1.826294
389.682983
540.838013
112.717529
-0.640137
-475.692627
-88.989014
-308.623169
690.483154
-463.322754
-3212.448730
-1276.263672
645.544434
-69.294250
1017.272949
2166.544922
-670.717773
-1118.639648
-95.103516
177.369873
3222.790039
4491.139648
800.384766
-662.064453
-2158.016113
-1397.886108
792.808105
1501.338379
982.913086
-1063.072266
-2066.468018
-730.610352
1698.279541
3632.567871
3321.498535
585.175781
205.841309
814.140625
3476.321289
2479.977539
983.848633
1293.582275
1231.526123
-308.868164
-346.264160
518.200317
208.921997
617.120605
184.060303
999.701660
2309.464355
684.311279
-329.791748
-382.500488
570.118652
535.477844
-2405.283203
-2108.474121
1233.668823
536.462891
92.106201
1369.617310
703.641479
-268.868652
1409.140625
4968.931641
3595.090088
221.210938
-439.431641
581.026367
343.795898
-1271.025146
389.037842
-207.261230
-1256.932129
287.267700
2935.351318
3640.581055
336.138672
-1209.393555
-289.442383
636.012573
1284.667358
264.470703
245.854980
673.901611
60.805542
-550.171143
213.084229
-1105.651978
-635.185181
-105.792114
598.763306
720.418091
-8.272644
184.273407
1216.984497
-92.969360
-293.755615
-342.974243
-322.480133
63.546387
703.325684
629.406250
216.428955
-817.407227
428.114319
477.591431
-1148.708740
-1054.837891
-94.696533
981.520508
-781.468750
846.239258
935.925293
-146.984375
-599.502686
-1059.591064
-716.792480
-128.416992
-330.642578
2099.787109
4884.504883
1552.865723
-1140.500000
24.342773
257.888184
1370.814209
1590.094238
1025.044800
550.979492
8.037598
36.402344
1028.990723
-1211.664795
-3126.721924
-1748.980957
1161.540283
122.535156
-110.672607
-535.785522
-616.561890
264.490784
162.475464
-920.508057
-362.146851
428.509277
256.495117
197.278687
-151.664551
-841.465820
1432.599609
1770.792969
-201.703003
850.294678
65.068848
1287.166992
4545.422852
2669.375732
-85.971191
-2985.106445
-5370.919922
-328.446777
-438.548553
-1156.431152
-340.511475
-2180.556152
-3934.979004
670.549683
1498.733154
2333.773438
2416.404785
975.754883
853.440430
393.708984
-621.107178
169.412109
-576.524536
-810.213379
343.880859
241.905518
719.394775
-1709.601074
-1719.617798
511.046387
1081.262939
3151.142090
2532.639648
-300.990387
178.977051
1031.722656
3228.312012
5635.234375
3210.149414
1470.103027
736.288086
-437.928711
-595.937927
1224.532227
-968.383789
-537.333984
-15.367798
3080.543945
4169.979492
793.871704
-4123.857910
-4633.858398
-1214.091797
3097.555664
2970.908936
204.711670
-1764.677734
-836.416504
-633.969238
-1204.812378
-456.550781
-377.818359
-1187.375977
-1545.064697
191.960205
-677.392822
-909.210449
-1067.090820
-576.673340
-137.709961
317.072021
552.995239
1153.204346
-319.373657
-1049.859985
613.097900
-217.123886
741.510376
1589.433716
854.427734
2414.852539
2493.695312
-235.048828
729.551392
485.510681
-1172.511353
-865.759766
-92.111816
155.337158
292.839233
-162.154968
-1033.053589
553.179016
-261.517090
-3921.785645
-969.137695
431.109741
0.270996
743.437500
-1313.229004
-715.326660
121.619629
-295.385864
-657.096680
-797.609375
-335.696289
773.666504
885.387695
480.131836
160.264526
1002.503906
1151.341309
564.156494
217.391113
-1010.298828
-9.463135
153.662109
-761.492188
-316.725586
542.333496
384.421143
1717.056396
1322.257080
467.159912
-577.370361
-1345.838379
-699.387207
-43.020996
62.463867
301.480957
1057.900391
2770.958984
3819.876953
4157.273438
884.202271
-349.200195
320.421875
-1307.663574
-24.645996
894.995605
697.945312
3573.570312
-2443.624512
-960.836914
-641.571777
-635.631104
3125.721680
-76.934570
977.771484
691.709961
-461.156250
313.334961
-1114.241943
-278.417236
2490.825195
5066.318848
4656.012695
2829.313965
-854.054688
-214.712891
-513.410156
1023.175781
2833.585938
-467.578613
-277.244873
-572.701050
387.757080
1567.814453
116.745239
-580.771729
106.525879
-139.891724
-416.088379
468.872559
-36.193970
8.326660
-546.441406
-69.468384
600.376465
446.524414
-4314.475098
-3570.423828
-1800.165405
1074.683472
-1049.791504
-672.987793
606.607910
591.065063
-846.619141
-954.228027
-1737.922852
-2306.866211
-1705.958008
83.892578
281.399414
1191.591309
-659.564697
-565.948975
1401.527832
950.275391
1113.996094
952.303833
748.500977
743.212891
1538.617188
637.646484
1150.813232
186.124023
-790.196289
-318.940002
144.210938
-3352.939453
-4679.366699
-1083.729736
1428.331055
1294.263916
-432.770752
-978.040527
996.666016
2562.246094
1433.684082
-91.194092
-681.128662
95.347656
988.701172
1282.463135
257.058105
631.061890
-39.258789
-1214.905762
-686.437256
1089.578125
2627.875000
171.867188
220.048889
1508.455322
540.170898
-994.267334
-391.937256
206.550201
-254.975586
-461.982422
14.142181
-690.857849
-1428.485962
205.451782
-614.907715
-3325.856445
-1349.738281
255.376953
543.919983
1572.186523
820.190918
2130.570557
4188.738770
4159.406250
967.580566
46.346436
1178.165527
1037.644531
-690.268066
-275.797852
984.932617
202.067871
672.464233
1697.737915
469.778564
486.512329
1200.673584
-1458.108643
-6758.977539
-4183.926270
-167.627930
925.569580
2482.244873
967.664062
-991.968994
-12.013916
5.173706
205.610779
-1161.309570
-784.520508
-56.543690
-504.832092
1240.807739
979.798584
411.729492
1926.540039
2185.049805
34.394043
446.508545
873.942139
687.647461
-192.011230
28.053223
-956.434082
-3761.217041
-2416.327148
651.042480
3510.571289
3390.526123
730.610107
-1956.263672
-3474.524414
-1800.654297
276.512695
-83.987793
528.987305
324.083252
179.271484
-16.564941
-263.807037
435.314453
-360.728516
2153.503906
-103.266602
-2090.389648
-2482.164062
95.370361
-723.598633
-658.819824
53.235229
-337.524506
-1092.143066
-305.340332
-372.788818
672.791016
2319.081787
2130.970215
1083.572998
-499.600525
-925.692383
-320.979980
1494.069824
4545.861328
1966.536743
-457.459229
173.287247
1571.532471
466.327637
500.089844
549.647949
609.212891
-328.117188
-113.538330
109.664062
602.958008
1492.775879
-668.919434
-1576.735840
-316.917969
516.362305
536.594727
-459.026123
522.491699
419.142151
-210.221191
-84.059570
1177.365234
1352.534668
330.729858
-803.408203
23.718750
1263.851562
409.171387
-727.001282
1483.879883
2202.809570
128.109863
525.728760
-488.908203
-926.902344
333.669678
-712.646973
-1169.095703
-1206.729980
232.634033
1359.716187
-346.589844
234.485352
1138.496094
307.541016
-1200.787109
-1008.369141
-394.156250
-216.524414
-871.513672
129.386597
1591.957520
389.068359
370.820801
1112.680176
-372.668091
-1001.440186
1189.142212
1377.000977
2407.376953
-101.466553
6535.785645
2357.341797
357.380371
-1180.541016
-681.465759
1169.523071
-1636.872559
112.803711
336.074707
298.889160
-26.313232
-1449.147949
67.803955
-759.723633
-1045.083252
-938.300293
-185.142487
1306.681152
708.819336
856.908203
17.210205
-247.922363
458.483398
-364.277344
-1963.279785
-519.812500
295.576172
304.261719
152.282227
478.675781
1332.301514
1662.142090
959.113037
1064.619141
923.777344
244.454346
-201.501953
-1254.432617
-407.897949
410.294434
103.430664
1146.286133
-374.580078
547.333008
394.208984
1235.577393
5.936035
544.556152
1051.759277
1642.472656
1272.145996
1949.354492
3015.837891
294.423828
-58.413574
-627.611816
-262.933594
-521.581543
1975.187988
3021.409180
-61.069336
189.590820
-789.028809
979.873291
404.463379
-1245.683105
339.239044
-1061.675049
-3404.422607
-1196.857788
875.224182
3271.523438
4478.228027
819.031311
-1468.586304
1226.548828
-102.273438
30.892090
1977.529541
1114.810547
1160.123047
-48.788574
494.969727
168.082397
598.361816
-847.074219
-138.775879
581.873535
484.751953
-36.556976
-1265.517090
-1920.412109
-1921.757812
-244.415039
-2436.943848
307.926514
184.290283
-1086.301514
1050.236938
128.119751
-1794.655518
-434.511719
-1503.966797
-4323.257812
-4331.175293
-1610.745483
-221.963867
-609.335449
406.686279
-524.244995
-693.992188
-270.248779
-236.845703
760.514893
-505.078369
-1407.273438
-816.328613
-293.264587
1079.245728
1017.446411
237.910400
291.723145
-136.139404
-1401.840942
-1013.172852
-994.805908
275.973083
1136.654297
579.479980
441.201172
-324.076050
-673.846191
-394.531250
-240.212646
839.708740
30.330811
-425.058594
738.942383
-3091.107422
-4921.850098
19.586914
-130.456177
-724.287598
-686.562073
-815.744141
187.526855
-65.128418
-372.267578
-114.827820
1146.644287
2367.167480
526.619629
-204.382690
712.142151
831.171753
-449.258301
2229.259033
4671.213379
975.960449
-1248.166992
-1416.968262
-1315.703857
795.440186
571.624268
-923.351807
-1147.167480
-1239.135010
109.110779
1331.675659
807.156738
830.682251
678.131470
830.445190
658.424072
-743.971313
36.318115
923.498047
16.442383
591.931641
-305.936523
-173.890625
11.068359
968.872803
1509.275879
-749.191345
-13.513184
355.861816
-1018.454834
-268.712891
-1294.929688
137.247559
1197.815796
-242.171143
1238.112793
136.124817
-197.763290
2220.912354
24.462402
146.706787
544.503174
-416.695801
2556.512695
2848.624268
465.375610
-3626.227783
-6517.835938
-2073.270996
2667.545410
3702.515869
2225.203369
-156.019287
-930.551392
-4871.174316
-4198.221680
-289.912109
0.105591
124.116699
52.334473
-1070.236816
-1600.579102
-994.561279
439.108398
2007.501465
2257.654297
-12.678223
-870.392090
-637.325439
23.200684
1047.475464
519.323608
512.383423
94.829224
-1427.252686
-353.030029
371.222168
1054.250000
426.184082
-594.973389
307.257812
744.908203
-1.043945
-79.719238
-424.424316
234.795898
-63.430664
395.660156
4158.258301
1361.748047
-1591.988770
-421.571777
-1241.473511
-21.776855
935.631348
354.770996
113.117676
-2483.222656
-3838.692139
-688.422363
326.205078
-636.405151
-230.930176
1053.863770
419.482422
-799.236877
211.359375
976.909180
-156.395020
1033.005371
1705.624512
-397.025452
-13.724609
-742.003906
-848.931152
690.421143
315.936523
639.689453
3120.973633
2419.105713
1590.081299
924.227051
-431.885986
735.002075
1075.297607
168.659180
-634.849609
1359.918701
1458.889648
565.892578
-786.461914
1556.929688
2343.248047
2298.046387
-221.759277
-1798.564941
-649.600586
-508.232910
407.155487
-295.514648
-844.877930
-2354.944824
-120.695068
1369.817383
1997.212402
1988.397949
1869.419434
-1142.613037
-116.208496
-500.281738
93.375793
-193.067627
-2016.177002
-223.078857
393.579102
-925.739502
-921.277588
-797.294922
-760.962891
716.168457
1159.614990
1099.222656
1621.852051
1344.900391
338.275146
-830.381592
-1222.455566
-1357.053345
-997.782349
535.676758
786.663086
-669.392700
-920.926758
-810.924072
-200.834717
238.597443
-2338.780762
-1885.524536
681.475464
-240.882080
-871.349365
-161.893677
-295.022949
-362.126953
56.138184
-536.857849
1574.670410
1151.208984
-177.111572
-175.500320
-2006.873291
-2966.227539
-1000.733398
2209.778320
846.225586
-3123.458984
-2516.031250
112.842285
322.623535
-501.621094
-414.358398
-1244.782715
-2731.230469
409.133789
416.071289
-378.239502
1309.147461
2887.364258
2131.142578
1320.738037
-431.285034
-15.297363
-1647.271484
-1836.292480
-9.574219
-1020.599609
-163.892578
1328.458252
481.673828
1063.382812
2048.947266
2605.541016
1667.012695
1350.094727
2430.843750
-768.422363
-1843.181885
-266.086914
-82.354492
1594.882080
1214.056519
597.642334
869.594910
-695.987671
-942.281250
897.870300
1420.414551
1566.991211
-332.080811
-1765.831055
-4883.114258
-2687.913086
507.258789
-3702.783203
-453.296875
-478.019775
-464.508301
1065.916504
1652.617676
-30.680664
-1014.541016
19.881836
-500.515259
-393.511963
-545.187256
-574.225586
-774.351562
-2071.402344
-420.169678
3623.703125
2658.314453
-826.123535
-403.295044
406.703613
1210.573730
670.385254
-856.903320
-2229.313477
-134.408203
635.270508
-494.827148
-383.593018
237.121826
623.214844
3443.535400
4763.905273
1006.992188
68.343384
2287.361328
1155.319824
-542.700195
-346.739258
377.226074
-624.097656
-395.325439
514.829102
-218.262695
-2735.788574
33.088257
438.385254
-304.509033
-171.805664
504.574951
-770.813232
-1975.154785
457.713379
-335.295166
-356.215942
-554.295410
-2890.768555
-4983.955078
-2067.663086
900.314453
1471.859375
740.509521
57.742188
-272.726562
-1163.911621
-1797.935547
-238.479736
1827.553955
1925.436035
1961.299805
1100.730713
490.951172
-469.089355
-2899.121582
-2519.634277
1020.142151
300.783447
-235.271362
122.091553
9.031250
-638.724854
150.680664
629.995117
-1537.098633
-874.004395
174.898682
366.088379
1568.676270
819.611328
-529.983887
-9.494141
-1132.955322
-1291.692383
-166.004883
497.421387
27.907715
780.599854
1109.588379
-957.443359
-1301.023438
-585.179199
581.883789
1424.902710
402.656006
-434.098816
-1668.213379
-651.078308
-791.420410
-2670.493164
-2327.836914
-2010.412109
-369.622070
947.157471
-838.524536
161.077148
1016.503662
184.164795
1222.823486
221.540527
-1157.872559
-817.791504
-580.309692
328.278809
-113.322021
775.865234
2226.106445
6459.322754
3376.145508
-778.632812
-1752.923828
-868.468262
642.626221
1335.589600
-208.967773
-1052.923828
-728.261719
1190.041016
-1149.876343
-7.054443
105.164307
-301.678040
2537.485107
3599.274658
1256.426270
-1107.576660
-1265.909668
178.714355
46.975708
-350.849365
319.142578
649.264648
-620.705078
392.293945
1329.079346
109.567871
-77.149414
1354.399902
428.064453
411.536133
1559.074463
1268.225830
-371.840576
-637.781738
-592.476318
-1259.169434
-1129.579346
1200.954590
4627.627930
5136.416992
1057.904297
1425.685547
1127.654785
696.614014
-576.895996
-1242.684814
-714.641113
-29.926025
663.133789
1228.524902
1616.051270
86.874512
2537.973633
502.884766
495.661377
-604.864502
-439.024536
-681.520020
629.934082
2364.226074
761.368164
-786.991943
688.616211
724.125000
-264.184082
168.843750
-105.244385
365.080811
680.806885
-1009.713013
188.679199
169.384277
494.149414
441.621582
1331.548096
1099.511719
-770.031616
-257.492920
5.183350
-1318.341187
-644.504272
500.875977
688.208130
1051.224243
1321.725586
436.260254
-352.052368
3862.722900
6027.040039
2263.613770
-274.578125
791.214844
692.925293
37.529297
2307.977051
4239.065430
4464.399414
2432.476318
416.195679
134.505615
1692.555664
989.519653
368.771973
1014.240723
-540.016846
-548.026123
2096.831787
365.126343
-412.283447
206.308655
-1023.050293
58.075111
618.215820
1161.989136
558.254150
-957.533325
119.739746
-2251.820312
-3653.177979
322.036133
383.388184
1323.074219
2593.516602
322.629395
-120.530273
-1279.756836
-2079.811523
437.345215
1088.693604
-4.593750
-817.851074
189.193848
763.416992
688.043823
-671.647888
-3018.254150
-1147.740601
704.679443
849.054199
821.206055
-197.878418
50.180176
744.740234
10.289795
-226.778824
-1394.855225
-1153.234375
-574.788086
-272.803223
394.393311
273.503784
-637.911072
-693.102295
504.660156
-377.762207
-931.563660
-1039.945068
-449.272461
1173.997925
-260.313049
-656.717468
813.037109
1256.579590
4560.487305
5198.683594
1166.912598
-849.834961
-156.943604
228.529907
-501.869141
146.818359
-316.331055
-273.382324
-428.098633
983.202148
-1804.287598
-967.932861
681.421387
1114.537598
750.582520
-597.204834
-1515.566406
292.895996
931.490234
803.908691
104.821289
-1001.655029
-1001.963867
-757.624512
-178.670898
103.308838
-154.821289
465.060791
-226.500488
31.826416
368.242676
879.603027
721.134033
-626.727539
-5427.707031
-2032.433594
575.163452
563.934570
-76.414551
2026.347656
1767.876953
-1293.061890
-353.308594
235.670410
138.699341
72.546082
-113.926025
885.722290
999.892517
-227.968262
126.264771
1129.496826
-531.696045
334.064209
-420.050537
345.719727
5326.250977
4914.993164
1345.852539
-1500.771973
-3806.423340
-1506.539062
994.402832
1242.142212
2194.669922
-1007.768799
-660.058594
-882.354492
-862.515625
641.047852
-331.679199
-180.390137
863.694092
820.735596
452.636475
827.104980
379.464355
195.084961
-417.400391
-788.955200
546.600586
-360.802246
108.965088
1020.407471
349.816406
784.177734
1573.671387
-147.136719
-282.422607
272.476105
-914.395020
-1849.490234
124.340820
1526.136230
759.131958
33.513184
651.890991
-1260.894409
-3681.723145
-2052.715820
-415.294922
1297.077393
656.849121
-821.817383
-820.331543
-919.217773
1382.916992
2029.654053
3147.855469
2412.953125
-245.540527
-1673.370117
-2259.864258
65.468079
843.868164
435.551758
-1170.830078
-3873.020996
-4197.660156
-605.931763
-1249.613403
-279.798584
-157.705078
-979.957764
-1255.286865
147.416626
-717.910156
-2661.594238
-2277.197266
-129.063477
1103.285156
2291.658203
882.366699
-26.063110
713.101562
635.224609
82.727539
-521.666443
45.877441
2693.151367
5782.573242
5422.173828
2779.638428
-38.234375
612.599365
682.294312
774.540466
-1023.435974
-1165.544067
-663.714355
496.683594
3587.756592
4158.687500
-124.449219
-740.245728
-4561.600586
-3806.971680
28.763672
711.192383
665.709961
-69.255371
-895.854980
760.474609
219.352051
509.467285
1665.307617
1653.565308
24.674927
-1080.898315
-732.378418
219.777588
183.841187
514.468994
-574.576904
-823.794861
-47.786133
263.089355
536.856445
-1057.883667
-2092.815186
-1611.218384
396.801758
353.301270
260.476562
1047.484253
-27.812347
-1158.644165
-860.891968
-1210.470215
74.785645
-638.008789
-308.246582
-908.216309
-1544.716675
-678.748596
-323.583496
711.038574
181.159973
269.773438
-321.162109
360.160156
3879.402344
2547.232422
2657.141602
422.366943
-1472.720215
-720.088867
-808.360352
-435.411865
530.899292
30.939941
576.671509
1117.150879
902.038086
656.718750
558.405273
-949.927734
-1157.607544
-541.924316
208.389648
-119.177734
413.652344
1097.078125
-2291.708008
-843.953125
-2187.306152
-1063.576172
837.451660
1103.101074
535.006592
-1011.201172
-1646.630371
-72.294556
731.186279
-5.446777
-470.563354
166.475464
257.637207
-201.760742
-338.464844
1571.674927
221.821777
-313.656738
-370.325439
72.200439
-187.591797
540.934570
158.424133
1569.105469
684.065430
-410.666016
571.576172
879.845703
2372.258545
2310.527832
-344.778809
253.850586
-105.218262
154.810059
1099.847168
314.971191
317.613037
441.549683
-657.479492
624.490540
619.601440
898.520020
115.723145
314.919434
3372.899902
5087.398438
4732.435547
2901.325928
803.895508
-17.058594
-335.624512
-360.432617
-221.062988
280.574219
1522.534912
1324.873779
454.555664
399.078125
-443.285400
-1208.524536
-561.145752
-66.687500
476.241699
1335.707275
1108.111084
476.890625
410.277954
-1808.898926
157.001953
1089.035400
1180.425781
1303.233887
93.090332
263.547302
-327.509033
-884.384033
-543.388184
85.330811
-946.485962
-411.168457
146.625000
-1244.354004
-1059.554565
273.955566
-1092.781250
-930.934265
-413.021973
-204.175781
604.542480
-216.664062
613.476562
321.106445
407.989746
741.340454
-24.907471
-725.375488
704.946289
-1076.527344
-3138.783203
458.118164
1049.091797
1343.245117
843.158203
-1288.432617
-57.200195
-405.562256
-643.479126
-370.118896
-125.985840
463.742188
169.259277
-1325.895386
-1242.681152
89.097290
-1095.628906
-2287.970947
142.762451
1182.979736
705.137817
168.915771
-1405.319092
-910.278809
997.635010
219.951172
576.171387
-644.263672
-1720.858398
15.855103
-1266.213379
-3541.805664
-205.703003
585.776855
486.709473
1915.595947
2257.867188
1399.617676
153.973145
-601.437500
-967.145508
-819.399414
2786.588623
4764.967773
1857.412598
-692.913818
-2853.777588
-5074.951172
-1790.732910
885.438477
-113.185547
-1063.819214
-2727.927246
-862.613281
606.611938
152.069824
709.456055
783.119507
652.805176
301.331055
418.806152
-219.626953
-538.874512
1102.360352
1785.255371
654.508789
-1509.656250
-667.453125
1409.912598
565.144409
374.683350
-279.549316
-719.659180
265.030273
-258.295654
422.922119
704.766724
-1865.186035
-1214.805664
2675.163086
3042.905273
2024.869385
-631.732910
-821.661621
532.291016
-196.082275
-1379.526855
-1246.447266
513.228027
9.286133
342.698242
810.845703
-45.614746
137.753906
833.392700
-661.057373
-523.862793
-468.750977
-436.726074
217.055908
-195.487793
-1175.795654
-89.438477
-1347.745605
-1213.542480
51.464355
-223.857834
-1607.230225
-3231.174072
-1011.698975
1251.089600
-743.651367
-507.205078
324.895508
-428.003418
78.234131
156.668945
2844.267578
1216.922363
470.632812
1775.799316
1274.729492
1080.519287
1954.475464
-202.779785
602.183594
1594.370117
1180.400391
-711.729248
-1012.097412
2567.829590
4416.993164
-673.447266
1935.987305
-136.414185
-263.755371
1264.839844
315.500488
-22.451172
-140.887329
-313.855469
545.333008
522.135254
-114.723755
-94.538086
-1308.986816
-318.577759
-147.460938
-1082.978516
-349.190918
470.049377
832.743774
-1524.022095
22.217285
-159.366821
-1258.428711
-1361.949707
816.686768
320.174316
15.845703
-360.078369
163.264160
-575.694824
-213.595032
53.012695
-419.390625
-311.628662
244.948242
-406.404297
-82.051758
-84.689758
1044.711914
720.055908
129.224609
-933.830566
2283.651367
-2290.801270
-3682.658691
-901.150879
688.061523
2522.326660
3769.336426
311.538086
-1124.992798
1236.475464
220.983398
855.554688
-931.779297
652.864258
30.841797
1415.410645
28.617737
-209.571777
1415.995117
3527.275635
3472.606934
991.772949
-1331.798340
-3033.146484
-878.119141
2003.316895
2375.349609
236.492554
-1039.129639
-1110.609863
-454.738281
3473.474365
2398.229492
555.001953
-2148.900391
-2120.765137
-370.496094
-151.713623
-369.690918
525.708740
856.920044
453.451660
1839.296387
1465.421387
134.165527
-423.224609
-1230.013184
62.173340
415.904297
-1979.351562
-2829.285156
-882.676270
-479.359070
301.772705
1494.367920
-527.146484
-1192.400146
1137.962158
-11.286255
-3.522339
1681.602051
-437.275391
251.504883
1162.781250
-683.541016
-134.916748
2071.497559
665.251953
-320.632080
-1160.846680
-15.241699
951.897095
-427.435791
-632.225098
305.426270
4874.370605
9982.728516
5084.741211
-1100.562500
-4994.920410
-5853.742188
-2314.222656
816.769531
1640.849609
2003.323242
1095.338867
1892.408447
1182.873047
-423.939453
1217.566895
1448.988281
-569.370117
-1090.561768
-1146.613403
-700.321655
-753.857849
-453.779785
2056.112061
942.664307
-36.200195
-474.636230
365.478516
1104.082520
1835.981812
1823.693604
566.455566
808.326660
831.797974
1152.492554
1016.308105
37.296631
326.114746
569.541992
373.251465
-1292.887573
-4234.693359
-1483.188965
671.632080
-1011.168701
-33.366943
-604.135986
-1250.091919
1421.478516
154.485352
-596.982178
72.088501
-548.855652
-285.751282
621.747559
232.081543
-849.768555
-309.359863
516.354004
156.127197
-813.163879
-1175.750244
-750.889648
899.752380
1582.323242
814.430176
162.514404
452.977051
-1125.202148
-5931.041016
-6627.460449
-2504.859619
-487.162598
50.285034
2155.752441
1585.393555
442.901398
1349.847900
447.509888
995.987305
2627.164062
2819.439209
2816.363770
1206.635254
-200.766113
319.619629
-1282.210449
-2375.119385
-870.384399
623.041138
1486.956299
167.337891
408.692871
266.911560
-154.823730
922.005859
1952.445312
34.805664
799.119385
523.361816
421.375244
861.884216
-41.737305
-431.355957
18.034180
-1146.548828
-1387.170166
-58.320435
523.000610
-629.169556
-1275.330811
-532.187683
443.765198
-555.541016
-246.383789
1116.520508
24.637207
-215.482422
-22.000977
-663.832275
-515.840332
-1264.133789
-6258.803711
-7349.044922
-1362.799805
1322.424561
1715.343140
572.874023
-974.540039
-792.291016
-576.176514
2921.589844
853.709961
1685.102051
-942.848389
1117.629395
1596.333496
1986.709473
990.399902
587.672119
555.059326
2510.514648
804.516113
-522.574219
-352.513184
-632.116699
2144.310547
2951.431641
1178.486084
585.030762
-1173.055176
-1714.198730
-817.047852
1073.571289
-229.292480
379.951904
-1036.348877
63.808105
133.932861
-956.524536
-771.293335
340.764404
391.657227
84.682617
892.663574
225.321625
243.225525
1249.520020
-1654.177979
-3486.057617
-1964.918213
29.523682
-280.001465
-408.583496
869.209961
905.054321
924.568665
314.453674
-1909.240234
-1331.164551
1355.078369
2516.867676
1919.363281
-16.885742
-194.697754
194.625488
-1087.362793
-1901.099609
-117.661133
-198.695312
604.741699
917.318604
-147.189453
-121.955078
1305.984619
722.490967
-572.148926
507.872070
2334.236816
2853.150391
854.847656
1633.482422
4787.028809
3952.627441
22.865234
-295.006836
-357.251221
526.056641
2732.502441
2687.704102
729.460449
-501.950317
-2140.470703
-1117.288086
892.944214
-260.845215
450.246338
894.695801
1496.000000
4980.637207
4459.166504
1966.358154
164.475464
-631.490723
311.268555
579.633789
12.354004
-1114.078613
-805.717285
736.567383
-142.694336
193.538574
1186.974609
1148.380859
-746.202393
-547.445068
885.068848
2315.945312
732.731934
385.624390
-99.860229
95.617920
-1082.346680
-5091.406250
-5819.842773
-2619.895752
879.475403
1363.743408
641.939941
374.828125
403.298828
489.021973
187.296509
-512.833130
40.940674
1862.841309
1189.207031
145.914307
-241.314941
318.948975
-765.002930
-305.876465
2097.282227
1366.905762
-154.712891
200.492920
756.077820
-577.392212
36.780762
1706.922852
-974.654297
-361.580078
-489.993652
-1083.331421
-422.164307
-313.550537
6.804779
293.497986
560.223877
-557.485352
311.650391
23.975586
-1436.866455
-1953.797852
44.149414
152.838196
-488.212891
-59.366455
-373.117920
271.869629
369.041992
539.043457
642.973877
43.976074
820.421875
108.628418
-850.819458
-67.402344
-1848.007812
46.141602
-1767.516602
-3740.082031
-2155.432129
-483.564941
-595.036865
-123.357056
296.100220
-884.574463
-419.411530
1189.386719
2233.279785
153.410156
-1994.143555
-3956.579590
-1714.226685
883.697754
-1422.011230
-467.790039
3267.083008
1743.164062
-5617.207520
-1392.975098
-449.472656
419.520996
3057.931152
1733.008545
-1300.743530
-289.227539
-623.814941
94.015869
1361.280762
-210.595703
-1695.819336
-2352.678223
-784.067505
1136.949951
1204.935547
-831.325195
-2606.480957
-3142.958984
822.642578
2376.971924
2966.193604
3813.464111
2201.324951
641.138672
-656.529297
200.347107
1407.435547
323.255615
440.960205
174.187500
-360.304810
280.046753
-1020.760132
879.092041
743.660156
378.837891
72.116211
-1113.072266
886.327148
3311.278320
4345.431152
465.294312
-485.702637
-319.103516
739.496094
179.825684
-599.821167
87.334961
233.664551
1042.762939
1182.139160
1050.317871
1242.969727
750.936523
-39.590820
820.524414
413.796875
634.419922
176.978516
-866.596680
-2494.243408
-853.955322
-169.430176
531.631348
1555.423828
753.212891
-1598.569336
-1035.977539
-473.868164
521.310669
-414.589355
-1860.942383
-1505.280273
259.236328
-1.701660
474.764160
-105.917969
50.737946
-1206.698730
-117.685547
-112.524536
-2077.850586
-2333.263672
1566.168945
1399.509766
-736.128662
-543.524536
-471.273224
70.854004
502.967773
754.479736
218.707031
-680.871582
-884.326050
1061.934082
1574.004395
416.052246
-648.543945
1573.207031
2017.429932
132.739990
-418.279785
-602.290039
-235.667419
652.253784
-1274.846924
1507.353760
946.545776
-457.361633
643.248230
-830.121826
-1757.879883
52.857910
738.255859
-72.492432
-1290.443115
-1166.859253
-650.249146
-350.501953
-129.357422
1147.827148
997.352783
83.630859
-264.804199
-1005.947632
-1108.220459
-1498.723145
-4629.291992
-1514.355957
249.142212
-2261.565430
-689.468384
225.364014
258.952148
1957.296875
804.329102
982.866211
-1412.190430
-1109.954346
-11.214844
39.589844
-1577.182617
-731.167969
-122.671875
-1424.285156
1279.979004
1195.190308
1594.400391
100.832520
125.317383
-356.523438
-528.541687
527.588135
-944.289062
-1292.237793
479.933105
373.973633
826.782471
96.510498
544.026855
793.366455
-621.076965
137.506531
-1221.247803
-1249.361206
-400.892090
-893.342529
160.761200
1491.475464
689.979736
1464.355713
110.978516
-494.461426
-694.500000
238.585205
79.602783
-783.735413
-432.464355
1339.577637
-385.247559
2004.433594
1651.630371
84.199219
-20.134766
165.707520
384.565918
99.075806
-138.161621
58.356934
553.554199
-308.431396
-982.707520
-2346.145996
-1013.971191
-1399.251953
-845.960510
890.062744
-168.346680
-1005.578857
-1023.329468
-733.190918
783.784912
671.667480
-893.154297
-1467.501465
-1425.499023
-1232.395020
871.470703
1542.279541
1332.069336
166.249023
-794.912109
1054.724609
1748.871094
5654.775391
1469.120850
-291.800293
-730.523926
-3200.938232
-1952.822388
0.775391
1292.897949
2099.872559
377.762695
310.156738
229.578674
-70.177734
-1150.159424
-542.071533
105.402832
-253.709961
-787.849609
-1879.466797
-3659.917480
-2475.798828
-1061.798706
305.110352
1104.032715
710.150879
72.146973
-510.613739
-1214.894531
733.318359
-714.309570
-781.366211
392.987305
-800.983398
-262.441650
1880.195557
4745.837402
4540.536133
243.186035
-1009.733398
-771.169189
-762.080322
-1022.088379
-728.378418
369.070801
556.487793
1078.742920
896.037109
-627.416504
-74.187500
-2455.831299
-1879.567383
996.323486
808.014526
-801.873291
-359.896973
-896.847168
2.883301
-661.268066
-2497.191162
-3773.579346
-2031.252686
-390.587891
496.350830
1015.580139
-10.391357
-224.285645
732.050781
324.379395
-512.836914
-150.138184
34.059204
-1350.975952
19.435547
1255.597168
753.950195
-521.291016
283.254395
44.624512
-1231.473877
-673.131104
218.955566
-360.257141
1181.756104
2466.511230
1295.284668
1167.244629
126.188477
-950.154785
11.020508
273.922852
561.569702
624.150879
-275.494141
-505.846191
-1096.914551
-180.682129
580.220276
209.077881
2695.684082
3118.264648
221.589111
-689.569824
-580.481934
-405.871094
449.126587
506.036133
-816.235596
-93.453491
1432.886963
1436.041016
956.633179
-105.677734
-447.501465
417.021973
636.791748
-854.735840
-1384.284180
-206.138916
-191.301514
-180.438477
1304.104736
187.968262
-181.538696
551.072021
-233.815430
-374.966309
-1373.950806
-946.281006
-514.694824
0.017578
779.867676
472.662109
-343.856781
944.708496
1236.598145
603.626953
806.551758
2534.263184
3311.077148
2889.470215
340.660645
430.144043
-1403.233154
-1689.971191
807.415161
1254.400391
1224.993652
861.759277
-156.378418
450.659668
966.233154
3289.282227
1416.442017
-1940.320312
-711.141602
166.261719
484.641357
1973.415283
536.089844
-402.337250
993.464050
309.687256
-113.808411
2188.210693
2680.278809
953.024902
-743.611267
-756.324829
77.780579
-775.991699
-337.053711
519.785156
577.932861
21.665527
1549.825684
1561.889648
712.321289
-1092.321289
-3198.207031
-1664.529297
-718.627930
-1975.970215
1152.594727
238.864258
153.103027
646.834106
-121.338867
652.952148
451.303223
-516.863037
684.037598
-871.719727
-94.205078
398.472168
-2618.562988
-6150.594727
-4045.916016
486.043457
-621.229492
-1936.879639
315.146240
1121.642944
1427.305420
817.369568
-689.602783
-422.973633
-1139.262207
-70.080566
2960.961426
4207.582031
550.637695
-2272.865723
-2513.414307
-2672.824951
72.594727
-240.497070
357.522217
-110.080566
-255.489746
901.677246
1718.339233
-111.083496
-3119.305664
-4913.847168
-1498.012085
-572.122314
-1103.219971
-298.588379
-57.060547
-837.651306
-1139.535645
-35.249023
281.588928
712.767090
210.058105
-1543.872314
-3816.270264
-2414.734619
-585.542053
-34.227356
-788.783691
-1345.870605
639.789062
1676.475464
328.913574
-728.359375
74.762939
-708.511719
-932.905884
-529.886230
526.602539
-135.081543
-158.596680
69.833008
-116.610840
394.990723
-984.794922
623.708984
-1655.268066
6.919678
446.683594
-630.932129
63.797363
681.175842
556.114136
597.528076
1978.506836
277.543945
-435.950195
-261.316895
-2134.320312
-1211.343750
380.668945
1354.454102
2252.375000
1740.809570
392.100708
447.580566
-663.706055
-281.157227
-1327.867920
-2227.899902
-771.048340
-938.351318
-267.364990
289.203613
-312.428101
-320.118652
363.502930
248.212402
1424.714844
797.821289
351.939453
341.128906
455.660950
7.684937
636.126343
-710.187744
-546.884644
-1425.524536
-4829.235352
-3065.097656
-392.515625
-615.599915
-97.927734
1032.025391
664.154419
816.757812
705.803711
1371.380371
507.073730
-390.794922
-760.851074
-878.832275
-80.499512
892.020508
1169.522949
-520.889160
423.108887
165.391724
1706.864014
1700.698975
1335.917358
1554.995850
702.228027
672.590820
-539.782715
291.159668
3514.287598
4812.469727
2975.935059
805.459473
153.808105
-500.103516
-171.042969
-2.786133
524.882324
217.460815
366.447266
-526.250000
384.089844
-883.895996
-2692.511963
-2178.848633
-293.301758
394.968262
-691.728027
575.543945
1274.723999
328.369629
-24.534668
500.423828
559.575684
183.387939
-1812.050293
-1957.538818
389.553802
-392.105591
184.662354
956.201233
-1566.306152
-799.985352
959.055664
362.884766
-1191.678345
-155.477051
-231.941895
-739.771240
-253.832275
-1225.986572
-806.417419
1493.737915
2051.555908
-299.570190
-89.908691
-1900.640625
-366.886230
1487.143066
408.357971
-618.250244
644.045898
-564.994873
27.733887
383.607422
-466.021973
-443.707397
-433.156738
-1216.477051
-1033.054443
-9.369629
302.958252
-52.292725
-110.626709
-770.473145
-1555.101318
-1425.926270
139.441895
1105.457520
-115.307564
-652.722656
-1687.392578
-2400.741211
-303.697266
426.808105
713.658203
-1030.997070
-2834.821777
-405.838867
-116.736908
-1173.945435
-117.502075
580.958252
-77.168945
-870.388672
-1448.029297
-168.141602
-868.984863
-2387.323242
-1923.551758
-465.174072
275.467773
-216.979004
-234.817383
2574.096680
1818.172363
492.652344
-582.898926
-94.333740
-380.448242
-2223.977051
-3315.356201
-922.998291
518.640137
-827.888672
-793.358643
-703.524536
-693.813232
116.551819
-270.793945
320.433594
764.694214
-89.770752
475.914062
640.533203
-597.348633
-1242.636841
-1649.690430
-749.597168
40.605957
-852.435730
510.956421
2791.718262
1359.634277
-492.772949
-221.920776
-326.747070
867.882324
1944.388428
1456.118042
-369.457764
-289.038330
-188.254883
-703.356689
-1377.890503
-551.059082
234.348145
-272.249268
1179.444336
1840.377930
306.016113
-26.096191
1320.618164
1267.759766
512.818115
-473.182983
-1527.714722
-935.992554
-372.942261
976.209412
906.526611
-268.612793
287.563477
882.341980
1555.764160
1382.657959
118.895996
-1436.995483
-1195.942627
-235.960938
664.838379
-138.182007
633.531738
1577.489502
250.034424
-320.048340
775.870605
558.456787
-233.844238
-640.413086
25.880859
656.218750
737.730469
88.394043
1438.583862
437.796875
-1041.461426
-2909.080566
-2561.118164
-908.295654
534.204102
-1301.224609
-802.591309
-1353.475708
-3653.224609
-2593.198242
-741.590820
-110.080200
1434.702637
1109.500732
-1233.693848
547.080078
1365.635620
131.805176
55.870117
-546.392578
-1987.224609
706.658447
583.839355
531.620117
2605.309082
2756.176270
1126.005737
229.025391
-110.504883
544.496094
-199.191162
425.151855
-890.541992
3565.351074
1122.708252
-581.548462
-225.627686
-202.835449
703.252930
-228.048096
-799.238281
456.413330
-23.524536
-862.006592
1251.733887
-279.504883
-1141.816406
600.310608
827.787231
141.759766
793.923828
1211.884277
1313.165894
-571.575439
-2442.585693
-485.457275
-65.261230
227.197266
454.286133
609.532227
-14.850098
896.195801
843.929688
1719.106445
93.611816
-119.382080
-217.739258
-225.085144
610.067139
358.839844
-71.524536
293.218262
227.813965
1197.631836
889.168945
484.089447
1091.644531
658.973633
2198.922363
-883.186523
-2932.763672
-1501.380859
1886.685547
1967.041992
1520.135742
541.225342
1087.954712
503.166016
-606.530273
1172.058594
86.341064
-1232.525269
-158.577393
-706.308350
90.604004
-779.008057
-470.391602
3754.829590
6185.414062
4029.545410
886.403076
414.352051
341.552734
231.085205
1274.072998
283.937988
-677.450439
515.678711
417.520020
-711.108398
-1042.400879
-1415.109375
-1294.217773
1953.167480
183.475464
-26.872070
-1318.788696
-4710.241211
570.496094
-1788.371094
-723.644531
-531.572266
787.281006
428.837402
59.771484
-119.499023
-771.942871
-209.251465
980.007324
498.472107
-257.329834
1319.788086
1024.151855
-127.600830
-1489.902344
-1541.473145
-534.478455
750.093750
-419.615723
-251.754761
142.757324
544.046387
676.669189
925.607910
-876.191162
-860.481445
652.966064
1027.574219
-407.477417
-1666.107056
-1241.717285
-1016.165894
-1516.957764
-1144.089600
-562.343628
-355.621094
-1162.310547
-994.705078
295.373413
9.289795
485.774658
-444.331238
-890.899414
-95.408203
-604.846436
-588.722046
-193.447906
-643.281738
2740.403320
3137.669922
255.392334
-1086.852783
-1656.754395
-326.572266
1242.443970
2551.216064
3044.001221
-198.426270
220.009766
-42.511963
-1291.080811
403.426758
949.483887
29.821289
-699.640076
-455.716309
158.422852
232.349609
-1169.652832
-1937.005615
-694.542480
1062.690918
1954.208008
507.794434
-110.980957
935.768066
865.268005
-1.667480
689.691406
654.219727
-256.067749
685.191772
970.123291
-124.861328
-58.574219
247.916016
998.613770
2529.038574
600.889648
71.184082
536.660156
2426.375732
-1327.382690
509.392578
-354.497070
-2660.746094
-813.483398
-442.065002
772.020142
3614.681152
1025.551270
-359.358887
191.421875
-68.065430
-1155.513672
-365.782959
891.892212
259.827820
-671.284973
-755.564331
-1645.883545
-155.966309
743.705200
1305.481079
-605.888794
-635.401367
526.610840
-419.583740
553.063293
3215.534912
969.675293
-585.078613
-584.250244
-673.065552
228.934204
187.650391
-92.330078
1.708008
-413.749023
297.743896
-901.237549
-190.754639
905.328979
-1879.240723
-677.657715
769.810547
-633.219971
-308.657715
1212.466553
727.657715
578.209229
1533.476807
1326.468872
679.051086
329.837799
455.440430
-1093.456543
-332.748840
219.541016
-1078.097412
-905.042969
-693.977539
-845.845520
669.965210
1106.362061
-988.550293
-1500.604980
199.946289
1863.073730
381.050293
-688.948975
592.014404
990.908936
-664.473145
1098.917969
1357.069336
247.893066
-19.691269
52.670898
330.459045
552.190430
2026.366699
2266.375488
1176.778320
21.230957
-1123.548096
-2702.514160
-1589.313965
178.482910
376.878418
561.532227
213.791016
849.364868
902.917480
515.373047
621.484863
1075.354370
752.306091
-278.629883
-810.983643
772.291382
-2671.615723
-3581.019043
1.805176
-279.209717
-217.635742
991.473633
-757.231934
-460.219238
-457.270996
613.342773
424.324219
-124.275391
821.748291
95.855469
489.979248
-529.073242
-522.648438
-829.366943
298.158997
4240.129883
5361.885742
1804.058350
1446.420898
1690.873047
999.272461
-81.288086
-123.044922
702.690918
1720.230469
3234.293945
3390.380615
2290.454590
-596.011719
83.563477
-899.363281
-468.402344
-1038.929688
-476.386719
543.254395
-1194.519043
-549.792480
-1868.552734
-1140.670898
-1611.695557
-762.935791
-102.753418
-960.566406
-940.714844
3952.659668
400.956543
156.791992
-303.510254
-491.811523
816.568359
2161.606201
36.215668
1272.982788
-2432.805664
251.066406
409.231445
186.127930
17.895996
3039.334961
975.387207
-1835.804810
802.124023
647.644775
-558.462158
38.480713
-1909.211182
-788.250244
115.270020
-726.336548
-328.250000
2438.347656
-199.710938
-404.524536
-510.887695
1543.475464
625.157227
2448.111328
2961.836914
972.421509
-709.100098
1039.142212
-886.856689
111.732544
-1089.857788
-803.590454
1337.604492
1519.459717
821.564941
1273.560059
-57.170898
-1201.570312
-1040.727539
931.127930
1803.049805
713.072266
-2373.105713
-2137.387939
-1396.104492
-430.446289
976.854004
552.398438
637.955566
1224.308838
274.801270
566.757812
639.263672
274.942383
-27.571289
479.006104
-458.524536
-908.467773
20.821899
1089.893311
3732.606689
2290.797852
-963.874512
1441.692383
1086.128418
154.774902
3564.906738
1680.299805
-904.921387
254.332550
-249.698730
-432.529785
-970.285522
-239.529297
-231.905869
-857.727783
-63.042480
400.237305
1390.999023
2257.418945
-1248.375000
-116.212646
-855.699219
-552.838867
729.108887
-78.259521
-354.699707
-959.939453
-1261.787720
638.288086
1388.403320
2093.876953
427.806152
-1502.279785
-235.741211
474.773926
-420.831604
-966.730713
-364.286316
-103.786377
517.692383
942.519409
50.982178
436.130859
1381.605713
-63.158936
-2319.828125
-2419.659668
-2287.235596
-2360.971680
-1318.671387
-189.524170
194.245605
-356.057617
153.783203
-268.529785
-3161.913818
-1469.212158
544.570923
-619.371216
245.837891
-1833.612305
-6549.677246
-3686.429688
507.648499
2189.047363
2589.746582
-29.119873
-1038.544312
-2825.376953
-791.183105
163.368164
243.756348
1641.566895
394.864746
-35.413574
947.562012
-1130.920898
-312.494629
915.810913
1501.626831
160.558228
-1027.694580
-891.526855
-379.178711
-997.776855
545.694580
1147.924561
1356.546997
512.640076
-684.117798
-462.152618
-778.089600
-612.413696
406.347412
-3250.789062
-5589.239746
-1964.786499
-31.209961
91.383789
2182.356689
1475.602539
-669.633789
-194.238281
2560.028320
6952.821777
6465.956543
2741.046631
-248.970825
-990.583313
-1524.316406
-1358.380493
-2380.016602
-227.115234
-193.811523
606.142151
991.986328
1714.113281
253.065308
862.163574
43.116699
-80.611084
582.391602
-357.945435
-351.130371
1601.478027
1190.998413
301.237305
-556.875977
-1746.021484
-2281.846191
266.222168
1164.727539
1771.135254
1016.158447
-1379.731934
221.169922
-457.997833
664.277832
3905.508789
4112.881836
638.015381
1717.516113
531.808350
33.076660
128.412598
-278.280762
-325.128418
64.669434
-993.941956
1.042969
1584.042358
-1319.119385
152.078125
1880.032227
-1078.975830
123.352295
1217.707275
-755.084473
-241.166992
696.587891
-44.234375
-91.705078
-1010.446777
-1008.566406
-1401.727539
802.356445
335.308594
411.679199
661.663452
232.088867
-551.527832
-1124.935425
81.733154
-762.023071
427.978516
1610.537109
740.298340
346.482422
-365.097656
-453.646484
619.203369
1190.621582
537.419922
1443.703125
3773.577637
911.854614
-55.874512
-804.822876
385.986328
1290.318848
353.136230
-438.073853
-3989.933594
-2733.627441
1622.723022
688.970947
-412.216064
-335.874512
739.661621
3507.542969
3407.000000
1677.543945
-1216.912598
-1475.078735
-1246.236084
-1351.306030
-1441.621704
-1083.384155
38.711670
-626.145020
734.841553
1507.317871
379.864746
432.214844
-83.861328
-64.280518
331.783203
-407.068848
178.795410
-410.713623
-506.964111
-601.394043
-2500.280273
-923.749512
454.075195
-949.005737
-668.532227
516.839355
1245.017090
282.568604
875.475525
-1129.983765
-2148.512695
128.903809
-68.886719
-2.062256
-2447.048828
-5921.466797
-2923.808594
50.512695
-735.966309
-208.282715
444.674316
-279.136963
-263.280273
-744.739258
-2062.648926
-6794.207520
-7254.484375
-1634.899902
-94.797363
411.055176
615.184082
-722.150635
562.918823
-255.433838
224.362549
1302.550293
-1074.981445
-1356.053711
-453.667725
1354.109619
365.781738
1508.785889
822.886841
-34.636963
961.023926
516.970703
-2251.410156
-2617.444824
155.915527
2689.074219
263.003906
-1497.678955
-2825.994629
-111.178223
366.462891
380.177002
31.242188
-703.956055
-1648.153809
-1307.062256
686.463867
-70.636719
24.072510
393.921021
-1705.093506
-2052.152344
-823.599365
1483.862061
2083.030273
3841.042480
2675.110596
-812.954590
-379.591797
-469.998901
6241.941895
7041.587891
5457.901855
1452.479492
437.406250
282.188477
-15.734665
-426.335449
-2018.412109
-1445.446289
-435.026367
2305.197754
493.355347
-1357.011230
-2190.119141
-749.947266
708.754883
1162.135742
230.687988
244.950439
62.731323
-412.102478
182.113770
-1088.857788
69.008789
191.584961
-1021.900146
-1069.737305
-55.450195
82.604492
-309.690796
-883.726074
78.077148
1168.860352
-284.580322
183.041016
1368.004883
-486.068848
-903.687012
-1133.917969
-78.844238
-346.420654
1363.894531
2216.598633
-334.447083
-56.013672
627.954712
555.625488
130.701172
838.224854
-235.156738
486.815918
473.054047
-467.896484
2919.798340
1392.751587
-208.305573
-1662.988037
-1564.484009
-1538.945190
-747.674438
872.286987
1014.739746
152.274902
-19.434082
-579.204651
-1610.952637
239.240723
839.160583
966.913940
552.852539
389.961426
588.529297
-375.597168
-80.814209
281.280273
191.037109
695.117676
-1018.687988
-132.699707
-208.249512
71.861084
647.061035
819.832520
-149.912476
-72.750977
1144.234375
544.884766
376.846191
-2356.011475
-4602.827148
-1647.220215
1032.681641
2042.050781
3776.249268
1872.426270
1641.687500
-695.512695
-538.332764
-1264.182251
-2641.299072
-1887.269043
1058.650391
1013.509277
294.250000
1712.149902
-1361.936035
-935.362549
-1080.217651
-1928.110229
-817.852112
527.592773
491.250488
-379.234070
1662.973633
1646.115234
124.624023
-619.252563
-1858.948975
146.922943
870.991699
-535.623535
82.378052
-1665.796875
-1933.772461
-178.879883
-930.931641
-1227.365967
-894.641174
-243.357178
985.776367
1381.223389
-62.514160
-437.358398
-481.716797
263.045410
919.197754
-70.068848
876.469482
437.883301
-1215.014160
-1608.841309
131.177734
1090.526855
490.232910
372.645386
303.469727
-705.895508
-1911.471680
564.766479
936.622070
-6.750488
634.058044
-851.658203
-1513.901855
440.590271
1615.458496
1222.560547
1424.421875
195.044067
485.234436
283.424316
-626.572754
698.701172
-554.763916
-1077.872070
-458.615967
-165.199463
478.554443
671.289062
-572.501465
786.595825
4778.065430
3784.870361
139.911255
-39.289551
395.027832
541.382141
-29.397064
-854.760925
-519.067505
-1345.336182
-593.977783
1616.239258
351.790527
-639.982910
-443.339844
-126.197266
-77.417236
568.703125
943.925781
-297.831543
275.172546
788.318115
-45.494385
250.898682
862.330566
-1643.161133
-1795.905273
-338.153320
795.501282
-144.680908
-102.944824
855.883789
641.299316
378.624023
247.299316
-744.726562
-429.580017
367.376465
444.934082
865.780029
306.114990
-475.610352
-295.212891
-92.562622
640.691895
853.599609
-34.692871
749.583984
819.676514
3129.265381
4831.737305
2386.687012
349.021484
-737.940918
-1454.087158
-831.405029
47.417969
2111.929199
4583.732422
972.475464
-1457.478638
-563.697510
-278.342529
263.142151
1352.631836
2295.245850
1541.798096
-660.931641
-3062.118164
-1090.245605
-2069.508545
-1169.003174
151.179596
117.762207
1606.000977
508.197754
-2321.581055
-2728.676758
-653.007812
554.828125
574.924316
94.864746
1020.278564
733.812012
-1460.399902
-541.621094
350.343567
-2288.952148
-1625.713013
756.573730
524.661621
377.204590
699.230835
-550.039551
-849.609375
-66.367188
-141.102539
-554.903809
402.843567
-1026.524536
-388.014282
734.491943
195.022461
-1044.312012
-1239.340820
-372.529846
423.358398
-244.963379
-337.983154
-697.787842
-464.937012
498.431152
608.264160
-142.480835
394.093140
1571.099976
671.168213
-875.309937
-1320.857788
-472.319946
180.943604
-616.301331
-491.254272
1104.586182
412.976257
-614.125488
-130.351807
1134.642334
847.149048
294.256836
155.562012
1318.420654
1117.178467
590.190552
713.809082
811.767578
-41.300293
-1477.506470
-624.684814
988.040039
122.368530
-598.471436
544.409424
720.013916
-810.230957
-1039.299316
-495.258301
99.733643
880.694336
441.211426
552.036621
1069.029297
-1123.605469
2593.188477
601.208984
-140.889404
254.275146
-302.902832
-51.162109
85.866211
526.439575
342.328613
-1219.603516
-79.105469
1275.031494
102.355957
1124.620361
553.905762
379.430176
-409.249023
-1441.176025
-649.295898
13.420898
-140.304199
-764.859131
-1013.282104
46.360352
-7.979492
672.166016
-793.425293
-1483.000977
-94.930298
837.967041
1028.138184
1310.626587
2777.679443
1607.590820
-271.074219
-391.596191
324.468750
721.613770
-186.337158
-190.973755
-263.327637
-1104.400391
13.958801
1858.327881
1316.629883
268.216797
-34.857834
-590.090698
-379.530762
733.201904
-968.490967
1676.673340
5157.040527
1932.638672
-887.102539
-153.978516
-343.925781
363.142151
-1254.277344
-58.057617
74.827637
1110.906250
1390.208008
2448.473145
2683.402588
1109.987183
1633.151367
1249.203125
69.529297
2167.802246
305.143066
-915.990234
887.001343
737.197388
-50.780762
720.645752
151.971924
-1440.617676
108.225403
504.573242
-337.981934
20.820312
-74.327637
402.353882
1306.960571
1082.595459
879.062012
-605.513672
-67.750000
-1456.471680
-576.991699
584.400391
1988.576172
2026.669922
278.318359
-606.886230
568.557617
-766.263672
1020.909668
862.599121
396.632324
-779.102539
-1591.367676
-1536.229980
-1495.585938
-1368.727295
796.642944
285.168457
-1311.339355
239.706055
207.863525
532.439941
1390.782593
665.485168
2.391602
-219.936523
1383.419434
846.291260
-3904.857910
-4969.704590
-3205.206055
-902.369629
674.721191
-274.126465
-1124.933350
-1249.003662
611.367310
222.087524
-149.170837
-1591.691406
985.744141
3149.466797
648.272949
-84.019287
622.865723
328.828613
-44.536621
-1864.662598
-484.941681
-623.953613
-392.611816
316.501465
406.990967
-631.355835
114.949707
-800.834961
-1426.886230
1185.884033
1201.004883
-325.988342
-746.990417
-647.761353
-905.443359
256.864807
1546.116333
2409.248535
3792.304443
5753.530273
6344.826660
4718.898438
1665.928467
-395.234375
-812.045166
-1051.201050
-1155.592041
484.863770
1285.776855
1240.424072
1244.554199
156.977173
-454.003418
860.002930
-816.760742
-2339.871582
-66.805664
1267.279541
40.401855
-1167.009277
-1652.640747
-1667.493774
-1504.923706
-141.467285
67.645020
941.069580
1582.383057
729.836365
-379.283813
153.358154
646.622192
773.190308
280.772217
-214.838135
-144.414062
-589.984375
979.325684
222.892578
-683.947449
310.083252
-1228.886475
-438.596405
1174.222168
-108.155273
515.922363
476.611816
-623.217041
419.332153
-79.443848
-1025.195801
-517.041748
-404.079346
399.150299
138.341553
-473.777344
150.978516
1030.121094
-517.547852
-1333.899414
-3560.945801
-4917.979492
-1145.598633
61.438965
-459.147858
-85.840820
383.308105
-958.714111
-753.379272
-135.878357
-77.091553
297.242188
395.515625
34.012695
-368.062500
-899.886719
-1055.949951
-82.970703
1126.867676
761.774902
630.861572
460.327637
-2293.417480
-2567.568359
846.718140
312.130859
-520.162842
-141.144531
378.379883
1399.825195
-113.798584
-307.845459
154.040771
120.487549
398.679443
111.080566
1045.484863
-451.170502
-154.974731
1228.103882
608.709961
-897.347168
-314.466064
-550.295044
31.374512
1901.366089
500.353027
-755.296875
-987.556152
-802.346680
-1061.471680
-3064.016113
-376.822266
-3759.723145
-3422.761230
-693.019531
1518.639648
1272.865234
-518.979492
-408.666992
-1390.473633
-542.261963
-652.430176
210.630371
741.611816
1062.783447
746.678711
-177.257324
33.123535
-802.559570
580.217285
558.392944
-1158.842773
-883.837891
-1646.937988
-848.275391
1037.349609
935.680176
227.589478
-665.892578
-1555.367676
-885.696777
2424.030273
2655.733154
1912.741211
650.501953
-395.596191
335.345703
2003.591797
3518.970703
1725.852539
424.531250
776.145020
519.220215
2920.683105
26.846191
515.452148
-1087.272949
-328.489746
-1274.191650
-977.631348
-648.232422
-3028.661133
-2666.530273
453.216797
-990.650879
1226.436279
533.480957
911.999146
671.196289
-195.982422
1367.558838
-119.337280
-1454.832520
-1196.212891
-1358.651367
-2698.197266
-603.853516
2479.435547
3019.077148
-14.092285
-428.029785
-2141.831055
-386.011719
-443.528809
315.889893
1474.183105
5870.744141
4984.192871
2127.916016
-283.927734
-954.512939
644.754395
-600.716431
717.781494
-1387.593262
-1266.365723
-522.699707
-706.039856
-1392.092041
-409.546875
681.538574
465.229492
754.943115
1128.074951
1516.548340
-488.378906
187.403809
793.153625
-27.371094
-1791.384766
-260.202637
381.392822
-672.154785
-694.948730
-551.039062
-263.466797
199.590820
121.142166
1529.648438
1765.624023
916.714844
316.174805
-476.389648
434.616211
14.065918
720.989746
279.200684
-1099.562622
665.444580
725.109009
575.475464
1145.142090
1143.789795
897.921753
640.751160
1010.537170
455.492920
556.238281
43.249512
238.350586
18.701050
51.560791
91.102539
942.432129
688.039124
267.189697
-1330.772217
-867.049438
-515.208740
-269.460449
1514.638672
537.490723
-3372.306885
-5929.126953
-1627.032227
1267.142212
-745.641602
-338.231812
-190.155762
-542.942383
-483.651367
-1321.287109
-1888.289062
-4887.130859
-3251.372559
8.781250
-36.042969
494.173096
135.011230
-499.805664
-287.439453
239.262207
833.353516
-364.716309
-1452.332031
-336.555176
118.624878
2588.266846
5820.380859
4349.335938
2752.192383
2571.901855
-792.329102
468.166504
-143.867188
274.867554
1088.709229
487.565918
682.366455
1518.367676
1017.099365
311.204102
-372.602539
218.931641
2660.242188
-73.815918
-949.054199
590.710938
2490.568848
3588.440430
1497.944336
-350.422852
499.821289
288.842285
278.067383
1366.538086
146.506836
-814.118652
-2598.710938
-2237.456787
-372.250000
-651.915527
-272.656494
101.522583
909.552979
640.047058
-111.828125
-1151.184570
-1167.453003
-757.221191
2825.911133
-975.959961
317.873047
1049.217529
153.379883
1218.080078
577.945312
390.914062
512.175293
-705.763916
-1067.342773
-624.702393
545.963867
-718.442444
-585.179932
-163.070801
1240.475464
2070.167969
-1625.418945
-2312.508301
-3747.446045
-2654.422852
-242.419678
498.474060
392.448975
165.202148
1445.569824
1267.625732
1665.340088
962.780273
-1112.913574
-481.735107
475.490112
609.219482
18.218994
897.457764
1431.510010
487.180176
917.158203
1189.010742
1204.372070
457.477539
-1214.010254
-1016.170898
-674.048340
-846.876221
-23.897705
322.325195
-79.653076
-878.299316
-18.003906
-20.389648
-172.204102
455.023926
1190.111938
-26.220215
-1309.382812
204.538086
1338.927246
1310.957764
-209.000977
-1574.772217
673.280273
765.545898
-189.423828
-254.570312
-1279.058594
156.778442
526.501953
585.047852
288.885010
-671.949951
-115.749512
-175.216919
-572.981201
14.018811
-313.382812
2274.809570
2077.983887
632.173584
-189.922363
-90.051758
-502.857849
-1081.270996
2460.797852
361.907959
3317.723145
94.126465
1023.582031
140.061523
684.281616
1195.094727
207.066895
1540.618164
1095.571777
283.300049
-128.715576
-572.320068
-40.254150
-501.955322
-1651.372559
590.365234
2813.677002
1548.559204
-453.502930
-638.553711
802.612305
1699.111328
2600.608398
673.862305
-252.650269
1404.475464
379.258057
-95.380859
-426.812012
-928.505615
827.881348
712.201172
-158.778076
-1069.684082
-915.264038
1539.324707
367.818848
-1676.664062
-1011.470703
465.002930
1116.744385
-1182.448730
-1297.417969
-747.416077
-1689.001221
-1109.354980
-389.301758
-2295.222656
22.064453
606.662109
-722.648926
-345.041016
-1139.251465
-2484.254395
-572.516113
1534.972900
-47.530762
856.942383
1733.788086
887.468750
-65.617676
3061.383789
2467.450195
301.226562
1848.128906
34.604980
281.039795
269.409180
441.037109
-264.278320
-454.132935
-517.352539
-252.675217
316.586426
-925.866211
462.194336
-685.297729
-843.526733
-315.890503
155.481689
-883.103027
-1826.263672
-651.708984
-3086.536621
568.835999
625.169434
-1170.821777
-1673.529785
-4186.956055
-923.859009
904.501831
-1073.884155
336.544678
985.460999
-825.928223
79.890137
844.625854
338.226318
180.059570
-713.446533
157.717285
-1413.387695
-949.195557
-1343.694824
-501.012695
247.668701
2188.857422
1239.992188
843.306641
-868.118652
-840.807129
-160.165039
77.255615
1016.649414
-52.636230
-423.900635
-299.956665
-77.020264
565.027039
1917.630981
953.442139
1473.403809
3939.878418
1890.556641
81.963379
724.039673
78.157349
2027.694702
2589.040771
164.488770
-204.395508
-226.610840
775.037964
-1820.931152
-1947.375000
-662.225586
-392.694336
550.530273
865.716797
-952.160645
-340.937988
-172.586426
-98.402649
611.792480
300.198730
-464.209229
-62.607910
-1.064453
456.368164
433.360352
446.774414
266.800781
-208.520508
-890.622925
563.370850
-173.162720
-2327.335205
666.952881
-511.101074
343.000488
1078.653076
-224.377197
-513.416504
-2.589844
-296.623169
691.781982
-265.078369
-1134.582642
819.808960
375.959473
-919.379883
694.257324
1591.235107
4293.869629
1205.987915
-295.605469
860.482422
-2579.258301
-418.442383
620.990234
-666.039062
-849.953125
-214.380859
-45.027832
1024.999023
787.134766
800.251465
546.683105
136.693848
-94.934326
1678.782959
3916.978516
1822.049805
1165.356445
-510.576416
-126.626953
1747.046875
1415.108521
-826.969604
-547.325684
408.911621
560.987793
161.969727
3307.267090
4814.803223
342.271240
-1005.431030
212.934570
-476.137695
881.952148
-570.464355
405.152344
-1043.080811
-421.716553
-809.060547
34.833008
1374.374023
-475.363281
-665.069214
-1035.098389
-990.228027
224.968506
-2058.792480
-2288.368164
-668.708496
-516.163330
-819.857788
-265.522461
-1047.892334
388.750488
-781.438171
-1366.849731
-271.414490
523.580811
1118.845459
1097.490723
298.926147
859.470947
989.565186
-353.902344
-2448.181641
-860.079102
397.850098
116.083740
2659.971191
3515.293457
-454.126465
-402.145508
184.348145
351.772217
810.735107
-961.216797
-707.793457
96.875244
-1733.645386
-273.733398
698.088379
270.832520
1716.923096
1154.748779
258.082031
813.466919
859.975281
-156.960693
30.699951
-249.952637
-1028.389038
-804.069580
309.585297
1494.318481
649.999023
322.709961
732.475586
-677.297852
-1633.203125
-3231.848877
-1253.040039
1037.291626
1028.342041
657.667969
878.444702
417.990356
-1358.020508
-1613.344727
-817.805908
-503.699158
31.298340
325.158691
171.103027
239.198730
86.126953
-148.897461
-129.076660
-346.963623
-387.056152
522.242798
-707.979980
-4798.302246
-5258.419434
-2103.464844
-67.749512
1112.451416
390.373169
453.016846
-351.182861
-2933.036621
-1398.411377
100.597656
94.471680
1005.895996
674.890015
280.777344
540.708984
1168.541992
326.015625
272.473633
1056.759277
614.661377
890.813965
-80.234863
-386.508789
-206.655273
1057.145508
759.427063
685.580566
38.203125
74.228516
-1047.841797
-367.008789
442.944824
-188.807617
341.440186
-440.896729
-313.830078
-952.109375
1324.515625
1562.007690
979.475464
12.832031
-423.771973
-1322.003418
1807.447754
2179.619141
42.913086
-752.399658
-745.326172
-1497.173340
728.770752
-790.934570
-3022.176025
908.896484
-289.271484
-475.666748
-979.688477
-991.166992
-1072.763062
-1128.983643
456.914062
1010.676758
3362.912109
-684.850098
-202.662109
981.136719
-217.895508
889.933044
564.252319
9.761963
-983.373535
590.708008
135.485352
-848.071777
-267.710449
1474.640137
221.115723
162.274902
-602.469727
207.270508
1979.765625
-618.956177
1904.343262
2304.344727
1221.045410
-203.600098
-1010.981934
-729.962219
760.628418
1968.405273
676.294922
-95.524536
393.718018
-1078.857788
528.399414
-876.069336
99.712891
-175.017578
-1279.709717
-1478.158325
2069.733887
-411.105469
-3817.484375
-617.037109
-911.561768
-2423.727051
-919.430176
-138.197266
-278.306152
-1990.539062
-254.096313
-195.100098
-659.492188
353.654297
660.456543
1742.778198
900.456543
-452.432373
-6.777344
1896.144531
-724.105469
-1092.256836
-57.015625
-883.708740
-345.150513
1353.458008
39.477051
-475.245117
395.929688
-1078.829590
809.642090
836.683716
59.953613
-779.524536
704.468262
996.561523
258.269531
170.702026
-238.041504
-2153.182861
-1254.524536
92.857788
882.729004
213.029541
165.423340
1451.984741
1370.537598
-392.050293
-239.632324
798.092651
1171.901855
1213.300781
263.760742
54.396240
570.370361
-1018.262451
-154.197998
478.301270
649.068848
1124.476074
324.046875
186.916992
1526.592285
5300.362305
6049.770996
1799.556152
-538.515137
-1782.710938
-793.502441
-560.560059
-1153.326782
-567.195068
-887.126465
783.702148
759.708496
133.090088
637.218018
-1772.488159
-2953.464355
-52.039062
-247.523193
-355.129395
673.642700
643.447021
483.334961
97.465332
-500.427002
-755.885742
11.579590
796.914368
2165.860352
3606.950684
1927.378174
56.554199
-655.174561
-4881.516602
-5306.253906
-1459.091309
80.676270
470.007568
3538.963867
4254.290527
202.999023
1134.070312
-715.665527
-897.876221
889.639648
1351.403442
1050.520874
-479.190430
871.267578
551.798828
-348.115723
-741.550781
-73.735840
216.254150
754.100830
1175.560547
991.538086
-297.588135
-158.413208
1032.649658
-372.073730
-49.920410
461.647461
-1604.331055
-1668.100586
917.217041
-36.690430
-1752.772461
97.742920
310.749023
-1037.161133
511.572113
-256.241211
-1108.228516
-649.749634
-821.850098
389.684326
-572.653809
-1004.924683
-2644.432129
-1503.660156
818.835449
-860.394653
-1392.857788
861.842285
-263.145508
129.540039
1124.159912
-63.111816
-172.437958
396.532715
1144.752930
792.391968
1430.388184
1349.153809
1093.342285
1311.339844
455.577637
471.762207
159.718872
863.239990
46.536865
-392.699707
-163.516602
-1472.272461
-3363.878174
-4095.493164
-1694.157227
1011.183350
1168.741211
1374.616211
299.526245
1100.762451
-388.920898
-1445.859619
-1971.628906
-1356.771484
-1103.326172
879.422607
812.360352
417.812500
3206.555664
1246.734375
537.823730
1082.063965
74.494141
295.471680
936.349609
3225.507324
-614.962891
-5039.225098
-4637.529297
-1015.238770
2716.857422
1024.629883
-403.424805
-67.462402
429.759583
-99.139648
-949.486084
-873.703613
-933.114258
255.700684
-1485.707764
-953.403442
-994.825195
-135.120605
-71.386230
-505.108154
-1219.185303
-1469.948486
-873.992676
-198.096680
1222.247070
377.398315
-2587.545898
-826.430908
-169.045898
84.984863
-514.776855
371.064331
783.038086
347.210449
-1201.954346
-2467.899170
-924.500000
-635.654785
1111.730469
-1270.351562
160.930664
-940.840820
-1796.454102
-1287.589966
2126.954590
1211.122070
862.096680
-215.948730
2328.592773
1203.780273
890.665771
-1190.701172
-733.682007
-776.434570
794.365234
4003.268555
2536.530273
225.199219
-541.695801
711.183594
183.532715
-442.294434
2184.041992
1497.381226
2788.017090
2513.164062
599.504883
-1730.503418
-2183.370605
79.094238
1521.928223
441.223572
-173.177246
-1801.499023
-3345.698975
-1268.652832
973.402832
2147.142090
1232.437256
112.382294
300.958740
48.079590
367.515137
-536.389160
-257.973389
43.423096
364.822876
728.552246
-921.770020
-2389.547607
2291.146973
1742.070801
-239.745972
-1182.411255
-611.340515
6.532715
379.413086
92.957031
938.380859
131.088135
-1670.721558
-275.675781
60.737549
-961.815918
-1681.835938
374.709961
2579.240234
1880.301758
-677.055664
-599.410156
-697.857849
-487.857849
1750.647461
-399.446777
-3002.166016
-4425.388672
-2064.388672
-900.298340
-1780.414062
-1067.254517
-112.576172
1801.913574
1181.564209
752.428955
415.761810
-2333.759766
-1395.846680
-999.822266
-766.114258
1735.125000
271.878174
-156.286865
577.526855
1667.962402
-158.207764
-1112.068726
-588.596130
1391.142212
512.919434
-144.857834
1635.042847
295.538757
-1991.317261
384.189209
-1621.048828
-978.202271
411.151001
-637.811401
-441.448120
1189.474243
585.325317
-419.311035
-1106.610840
-313.458984
-355.789307
-1941.529785
-668.993896
871.802795
294.144775
1763.045898
-226.130859
497.045410
-788.751465
-969.335205
-965.128174
-419.156250
-621.693848
-1177.172852
-609.544678
314.437988
-275.650879
499.224609
1093.061279
1156.888306
1088.756104
536.995117
1030.571533
692.404297
-531.081665
357.743652
131.958496
1151.293945
3304.672363
1762.979370
-723.124512
-617.174805
-1043.066895
-842.257202
1039.456055
393.305664
-926.540039
-282.483398
-851.359619
-1075.226685
-719.454712
-756.644043
769.130554
1340.391357
1138.367310
396.227295
-54.894531
-402.851074
164.231201
1182.593506
1080.739746
1126.073486
1363.299561
339.838623
1589.718384
1612.769531
-768.713379
-227.266602
-455.032837
-931.229004
-159.165039
525.575195
839.804688
631.856445
-126.317383
-722.510864
480.895020
41.759033
-1095.880859
-1491.331665
-525.802002
-341.635254
236.023193
522.061340
810.773071
230.697754
723.598633
1382.370117
-4.380859
-962.121094
69.475098
-265.954102
1352.580078
1806.430176
270.134766
-1113.624023
-1617.338867
-1382.708984
935.166016
-455.155762
-929.263672
-647.661865
-2130.523438
867.736816
2097.110352
312.046875
-80.465332
-2910.010986
-4682.644531
-1217.059326
589.252197
-983.632568
-106.834961
158.288574
131.156494
-725.229431
-190.585693
761.231934
-217.549316
-1133.377930
-206.616455
1520.028809
640.966858
743.239136
-40.426758
-2943.571777
-3212.238770
-234.107269
672.334473
1960.079346
1341.147461
-726.681641
733.484375
371.664062
-211.569824
-723.208008
-1922.789062
-148.977051
7.346680
704.663574
-639.120239
-906.233887
767.833740
265.453125
-1375.975464
-658.088379
804.593384
813.222290
772.690430
967.945068
1047.234131
180.051514
-350.262695
1214.067383
1603.314453
1243.738281
1230.427734
426.028931
-980.986328
-597.514160
-761.596558
-687.153320
-203.245117
940.563477
2998.462891
-312.101257
530.828369
3.425232
512.782471
120.216797
818.762878
1084.042725
-2899.033447
-3742.146729
-3258.835449
63.463379
-163.506592
-913.354614
-763.132874
356.258484
-690.336426
-206.570801
356.812500
-833.753540
-479.930664
-1008.891113
-710.726074
456.346436
851.271484
2353.424561
4334.721191
2868.392578
-33.613770
-146.994141
385.912109
1142.580566
847.368652
511.342773
-318.089844
-1467.415039
-1357.942383
517.648438
1080.843018
3211.116699
1674.915161
-998.886230
517.254395
919.562988
-1765.590820
-1228.531250
318.596680
-590.528015
-757.354492
125.223877
-659.841553
-374.359863
1211.945801
-871.667480
-692.308105
-348.398438
-1155.863281
256.253784
259.843262
-80.712891
-1012.441162
-846.541992
1120.994141
566.543457
-38.856689
340.967163
570.199463
707.762695
1281.430176
446.475464
3438.485352
2133.687744
-1100.017090
-735.375977
916.901367
-2203.652344
-632.291504
-383.356079
-461.702637
566.725098
-282.512695
1063.832031
-23.229492
-889.516602
350.296875
-902.499023
-269.085449
564.812500
4101.750488
-31.481873
1311.142212
-736.002197
-1012.341797
567.624023
-758.030884
-1146.559570
-313.551270
-968.030518
-323.236542
180.007324
906.414062
760.722656
-734.832520
-1002.975586
168.963379
942.378784
-2085.612305
-5820.891602
-4638.760254
-1465.042358
-466.931396
-632.524536
-811.096680
308.361572
1101.102417
778.642090
1160.243164
126.587891
-1794.765625
351.945312
-407.520996
-1110.793213
-2199.047607
-1968.663086
-1169.475586
640.795898
-19.761475
-1341.493164
-257.065430
-85.331055
174.501099
3961.217773
3016.932373
60.660278
-862.566406
-2901.377441
-1851.155762
106.573486
-239.261719
245.488037
319.512939
-445.037598
193.046875
13.476562
716.540039
-41.199219
-2351.874023
-974.327148
-1097.378906
401.652344
-405.090454
196.582520
-107.380371
437.455078
543.947754
1319.058838
718.419312
-100.551270
-567.223633
-155.109375
705.142151
2390.827148
547.265625
120.497437
-1901.856934
-2976.893555
-639.385986
961.719849
-399.705933
-902.446777
354.885742
453.494141
886.720825
-251.685303
862.531738
1573.212402
-86.849121
-584.237671
-2778.283203
-1399.414062
1686.529297
665.316162
948.976685
-53.524536
-967.219299
548.221680
1075.414551
167.295410
-109.504211
-1256.395508
-319.284180
1594.030273
-69.794922
-1412.986450
43.278320
523.356934
4123.568359
3120.229492
456.776733
104.223633
1181.478638
1680.559570
-447.496094
1113.892578
-1268.326172
1928.981445
1578.443359
4078.575195
-789.906372
-602.895874
-720.478516
642.753784
1902.165283
429.753906
-1867.476562
-3837.600098
-2208.532715
660.318787
368.560791
-1261.189209
-1562.476318
-1261.673218
-357.062500
963.269043
969.533203
1094.792969
-807.326172
-1523.505127
-890.810303
100.847168
1662.923828
2108.809570
-433.280701
848.651611
412.374023
138.098633
746.013672
-1610.525391
-1634.359375
-1251.971436
-1927.918945
1613.691895
1143.547363
951.891602
-813.569336
-2005.403320
-1666.773438
655.607910
800.634277
2407.214355
543.785522
475.306396
-407.423096
378.654297
-545.219238
-1370.790527
-927.761475
1245.855957
2028.824219
925.649414
183.023926
-1646.108154
-1845.027466
-623.902832
145.013184
1357.661133
-1591.165039
1281.221680
1111.095093
288.166809
-675.766602
-630.519714
-526.581543
-287.885254
-381.547852
826.770752
-687.777588
-1179.140137
928.276367
57.697754
37.123535
-370.101562
-194.617920
-484.287476
-2842.215332
-2701.597900
317.796387
-9.150391
204.697754
1485.781738
1316.079346
-31.265869
-914.860901
766.205200
916.593750
267.582031
2024.422852
3547.038086
2922.843750
646.255127
423.783447
-1555.803101
-1281.030029
220.662598
42.952637
327.490234
1432.229492
1554.614258
267.744141
226.322754
155.974609
-1205.401123
-1068.866943
-768.394043
-6179.431641
-7090.074219
-1852.264648
-243.033691
-350.961914
-1132.957275
-811.471008
-736.666870
1246.149658
2018.920288
-13.247803
863.500244
1844.018799
912.428223
-3437.411133
-745.807617
-50.127197
1316.129150
-391.949951
-1455.494995
-146.555176
-1697.757568
-951.637207
756.287109
1077.961670
779.870239
-941.389404
-111.357910
144.806671
1375.264404
4638.238281
2121.570801
-803.268311
242.467285
-2233.713867
-2531.966553
38.361572
143.938721
-339.936523
-404.553223
-762.510742
-2302.007080
-1174.976318
369.179688
2825.416992
4242.687500
1433.655762
17.612305
1079.202881
874.556152
768.903320
1850.597656
2382.734375
309.122070
467.986633
579.358154
-214.017090
-186.052002
-905.444824
-662.178955
-310.037781
2712.304932
2644.673340
616.916016
-501.389648
417.731934
313.114258
1242.300049
1055.600708
-561.886475
-183.101807
928.011230
-307.691406
-319.115234
1060.439819
-264.702148
-408.566406
695.685547
-194.248047
497.085999
-191.509888
-163.533569
1278.187012
612.677246
1361.807617
-856.144531
-1707.793457
-358.669678
-422.845215
36.405029
244.345947
-337.407471
-14.177979
209.237305
1609.937500
-863.718262
-383.274414
-1021.622070
546.434326
229.045898
-1398.362793
-380.397339
507.992676
-7.057617
36.308105
-795.825317
-534.708740
-175.983887
-422.362305
-192.176270
1296.016724
383.423340
-665.081543
1832.476562
1185.903931
-550.712402
-4355.540039
1292.372070
692.059814
1205.846680
1095.160156
534.237305
58.314453
771.335449
40.900391
520.089600
573.287842
-831.931519
-661.184082
-16.416260
-260.223999
-575.974487
-5.082520
-282.186279
-803.079590
368.216522
1441.534912
653.306641
-1121.761353
-499.069092
1123.920532
-148.708984
-1471.539917
-127.028564
-305.637207
-1042.185669
-822.861816
84.816162
36.465332
141.610352
532.179199
-193.476562
-246.101196
976.794922
-112.259766
-3237.259277
-7018.612305
-4240.606934
148.475464
-353.842896
-1125.005737
284.396912
-4230.337891
-5265.172852
-479.241821
-62.731934
445.860352
214.514648
-840.612305
-1316.020020
-30.464966
1212.900879
797.077637
274.599854
-43.573486
-313.733887
3033.460938
4445.440430
1051.115723
37.740479
3.636230
-243.729492
-480.230957
836.563965
346.808929
-1287.055664
-309.556580
-844.566772
159.755371
-477.212891
-2103.545898
3252.291992
1144.343994
479.707031
2461.419922
-762.345703
-469.180664
-126.853516
-587.850830
-755.471069
-1036.060059
-977.695312
-2465.812988
21.345642
1279.280273
-829.377197
-1591.113281
348.573242
-264.638184
1184.612793
1153.149292
536.507568
251.552734
362.357422
975.875000
-172.333984
370.996094
2234.904297
2283.691895
-1319.603882
-810.677246
-2074.803223
-1173.896973
1910.237427
945.682861
278.778809
-4.159180
320.942383
1771.343994
326.676270
-1520.791992
-1577.508789
1509.770508
1967.611816
4073.921387
2233.774414
-866.045410
1103.015625
606.282227
2848.210938
207.009766
-498.524536
-470.290527
1094.043457
118.937500
-2295.867188
-610.278320
-713.595703
993.082947
1605.298218
2213.730957
3100.422363
2626.365234
179.179688
943.019531
1131.319702
-257.813477
2370.724609
199.894531
-88.097656
-397.691162
-481.422363
569.205078
-319.177734
-983.133545
-43.361816
502.055664
-1346.864258
-1898.797852
-1031.721680
-375.984863
142.183105
351.014282
-779.412598
-2291.055908
-139.124512
882.532227
1269.813232
714.528320
-4256.078125
-3584.215820
-191.524536
1056.963867
3947.216797
3093.138672
-1678.180664
386.670898
-1800.001953
-1091.097656
-80.864746
94.303467
-482.314453
335.893066
-196.380371
-1363.098145
279.202148
863.029419
-356.131836
-380.128906
732.625000
910.178467
21.127930
42.355469
197.728882
295.467773
672.749023
852.858276
-423.019531
-1131.360352
-1902.556152
-1513.434082
113.870117
-1907.656250
877.967285
-491.409424
-1028.808350
-828.910645
400.899414
1080.840820
291.445801
-255.258789
132.972656
671.303467
-715.823975
-380.150146
-300.100098
-583.862793
1231.094727
334.519714
-1086.046387
-373.554199
-534.659058
532.950439
410.954590
-736.738281
-1303.233887
-1420.945435
-1635.039185
-960.019653
-555.110229
819.850891
419.617920
-292.328125
3069.746094
3574.420898
1311.568848
2284.494141
-980.031250
-894.524536
1407.471680
1328.527344
-406.171875
-59.734863
349.437988
104.253418
471.398438
136.994629
-1257.481079
93.387451
114.087402
-748.414429
-80.599609
-773.951660
-2219.124756
-473.103027
587.969238
2111.162109
2297.142822
296.602051
307.510986
680.465332
-551.672485
-132.416016
-845.155273
296.095703
-1397.713379
-3551.592285
-1571.619141
46.742676
216.243164
-509.964355
-616.168213
41.216797
-602.728516
371.334961
581.192993
-742.969238
-750.642578
-379.900513
2996.559570
4736.989258
1795.550781
451.018555
-1933.235352
-328.044922
312.489624
-901.933105
-87.279297
173.183105
593.767578
399.413330
-133.784790
235.076172
532.204346
103.515625
-212.110352
-452.887451
114.069214
761.134277
1609.224609
1627.466797
1571.580078
-376.172852
-721.808350
-159.353516
-666.050537
328.558105
951.792969
1397.265137
606.490967
278.207031
-36.516602
436.154419
1007.426758
194.080078
322.409912
977.067871
-451.598145
2418.768066
-1220.862793
-939.151855
524.136475
1254.439697
1728.538086
1999.710449
-23.653320
-43.170898
-335.089844
-405.504150
141.831543
-432.340332
-744.396973
338.063843
693.212708
-1395.966309
-782.482422
658.976562
-220.543457
-37.126343
-268.527344
-673.524536
-2.898682
790.880371
-138.208252
-963.559204
1159.426147
1209.557007
-306.091797
516.047852
-2378.586914
-1828.726196
773.395508
75.721680
2365.169922
494.638000
-167.230713
1896.142212
845.519531
921.835938
2380.994629
1912.144897
922.584961
-359.866699
98.629456
767.374268
2.371216
-620.160828
279.380920
695.156982
336.174316
-211.224365
-917.126099
556.509766
717.588135
-581.535889
-65.284180
-594.992676
-835.844238
1080.517334
-141.180908
-396.287109
-603.904053
-1123.434570
-524.277344
-529.932251
102.469666
799.012207
-925.250000
-1396.830078
703.217773
1074.682617
-330.868896
-98.258301
247.679688
-255.747070
387.204346
1238.145996
183.803711
-41.115234
-146.458984
-923.534180
111.055847
739.810791
-631.316162
-917.696533
535.260498
304.350586
-2671.258789
223.836914
-1141.758301
-3059.396484
1171.884766
-541.743164
628.138672
1351.782715
47.980469
583.508789
-209.588867
-1534.987305
-1650.619385
-831.548584
676.209717
644.512695
2196.408691
2540.161133
314.099854
-699.479736
181.079102
-1130.612793
-587.848633
684.252441
725.918945
2033.025146
1736.142212
308.558594
-656.167969
40.187988
439.384766
-84.945312
245.129883
438.664795
-959.933838
335.896484
380.007812
-98.243164
-268.602051
-532.709717
850.816406
-625.668213
-2478.426758
-272.195099
1348.994141
1296.374023
535.239258
-200.047241
-2224.041504
-1699.365234
892.397949
1181.475464
-763.881836
-1167.003174
1033.338379
2037.423340
-186.864807
-741.200195
677.239258
-2844.360352
201.475464
403.684570
498.889648
231.515991
1387.131836
1105.484375
1269.489258
1750.163086
-181.971680
-1594.128418
-3659.004883
1347.724609
1090.475464
-318.963623
-1082.738037
883.394043
1306.994629
997.279785
550.634277
282.217285
-1070.189697
-612.031738
2170.820801
1553.639648
417.659912
-75.976074
344.177246
-1150.524536
-1752.641113
616.584961
-10.935547
-1336.781250
-985.550781
580.819336
-750.499512
-156.620850
-145.732910
1972.143066
6321.829102
4300.312988
-884.177979
-521.652710
-650.228516
534.063232
839.925293
-1243.783691
-160.292969
729.308105
770.570557
-24.685547
-1569.076172
485.001465
761.085938
-705.988647
-302.177246
367.360840
160.756592
338.788086
-289.562500
64.500610
-817.125977
-489.400391
347.660156
293.969238
73.933105
-2729.104980
-3671.937256
-1150.326416
839.601807
1384.806885
588.402832
442.070801
-215.215820
-873.424316
776.073608
1100.872559
670.175781
-158.808533
912.801270
145.845703
946.936035
618.489014
-112.989746
374.265381
903.283447
186.362061
715.096436
1001.938599
36.396973
117.168945
-905.953003
-1244.160889
-1204.524536
-124.659180
717.695801
-920.001587
668.895996
4418.152344
3558.306152
3404.122559
2569.529053
851.554443
-145.537354
-602.503906
-217.597656
504.102539
-175.028320
-786.388184
-1164.395752
-636.537720
911.626709
67.866699
-509.930115
593.390625
1.257568
-1100.876709
203.880859
-353.114746
-190.756104
573.177368
514.045898
-246.423828
-180.115234
375.467529
-1935.441406
-4362.578613
-2668.411621
-713.315430
-525.378906
-241.421387
494.523682
16.590576
611.389282
-1406.857788
-378.562500
-292.643066
-5977.676270
-2452.111816
148.974182
305.126434
1506.529663
1275.752930
-721.238770
-241.579590
132.593018
-250.877930
-2719.379883
-1629.130371
187.614014
760.620605
-171.598145
223.110107
162.969727
282.854492
-503.548096
-602.343506
-64.098633
725.053711
-834.655334
402.570801
273.543945
-173.440430
2874.476562
2171.706543
2305.657227
1751.548828
-142.274902
-28.758545
774.449219
-157.475098
-596.633789
-1467.933105
572.800049
733.180176
-808.274414
410.664307
-32.780518
-691.562256
184.882172
-6402.506348
-9547.246094
-3994.410156
1017.591797
1915.667725
-11.087646
-929.696899
-1360.405762
-1631.784180
366.475586
1641.062866
2710.400879
1335.336182
-744.373779
-2572.263916
-4760.906738
-1361.683594
945.470703
2797.995117
3441.228760
794.868164
-133.625000
352.640869
-226.775757
39.867065
828.362061
-1933.184570
-1629.598755
358.177856
-586.531860
-1100.390625
138.633789
1374.020996
-376.801270
142.615234
1851.597656
3379.375977
3002.957520
987.520874
566.939209
-2893.887207
-2187.385742
774.099609
5492.012695
7057.920898
1733.055786
-829.465515
682.640381
941.378418
4275.361816
1451.986328
2127.430664
250.088867
822.514893
10.219238
-1551.040649
-869.464111
-709.308594
-746.909912
-375.327393
-83.277100
-648.629150
-3747.593994
-3062.057617
101.318604
10.829590
393.529236
1204.681763
684.179688
-413.387451
-888.450317
-1220.857788
-180.061523
1007.369629
901.257874
567.053711
338.463867
-586.177734
-443.271973
127.894287
-543.892334
141.866699
1010.955078
509.909180
-556.869141
133.989746
561.055420
309.318359
237.518066
103.403809
594.148926
-586.197754
-409.596191
-665.782227
325.377441
29.593750
-621.887451
-836.002686
-68.300293
1008.021484
1110.887207
760.014648
-671.366760
-367.906982
1704.082275
728.869629
208.076172
-227.757690
-2623.542480
-1262.023682
1120.192383
1170.208984
3443.603027
1484.775391
152.964844
299.912109
1872.454834
689.524719
-704.759644
150.757324
104.252930
-1343.876221
-622.882690
135.335449
-678.978271
-301.791138
-132.199219
-225.857834
935.339844
664.705811
1421.192505
1103.926270
604.412109
-614.870605
-371.887207
531.263428
477.881165
-121.737549
-487.139404
1095.227051
1093.398193
-59.082031
247.828125
425.040527
444.798828
-136.241211
686.886230
259.529541
333.860962
508.503540
735.519043
443.125000
305.433594
252.522461
137.949219
91.601562
488.666504
837.806641
-495.605225
-1523.818604
-613.132812
-1336.695068
-320.064453
679.652344
-503.254883
262.431152
-1199.041870
-1573.677246
-586.304810
175.668945
806.459229
1883.065430
1282.970703
986.550293
-1184.171875
911.623413
768.085938
743.147461
-108.362793
138.555206
1093.553955
1457.390137
1583.908936
-386.700928
48.142166
-160.625977
-2825.751709
-642.857849
958.291382
1797.019287
3263.395508
415.964600
-172.436035
620.201904
-168.980469
-754.609375
-1000.941895
758.716309
-702.125488
-2409.100586
-1429.334961
220.150391
426.273438
-316.273926
-1417.511719
137.846680
-1253.486328
-852.635864
388.600586
308.057617
35.242920
-2844.044922
-2062.746094
-1228.884277
-731.524536
-1666.857666
-806.195557
-362.778809
424.281738
792.395020
554.077881
-633.303711
-1366.938110
-1754.359375
-1258.762695
-2807.848633
-2450.057617
-1225.276123
1804.338867
1614.705078
1266.913574
-346.101562
246.380371
1236.541260
-567.979980
-1869.048828
838.321777
-921.875000
778.251465
1853.903564
-446.016968
-1313.475830
-2374.121094
640.416992
768.249268
160.366699
858.158203
-1098.661621
-131.066284
-24.915527
-55.179688
-2498.823975
-6077.236328
-3685.489746
-766.081543
174.017578
-2427.622070
-1366.877930
-1822.625977
-4338.404785
-862.948242
985.655029
-19.560547
968.185059
927.396729
-202.380859
-361.426758
174.832031
1232.596680
-282.724121
-1898.999756
-309.663574
-338.977783
320.888062
838.117432
-407.724609
-595.826660
564.990723
447.122070
-162.617188
1134.753418
970.334473
-249.856659
-673.754395
794.304688
-550.695312
-475.144531
1316.826172
-238.779785
-319.152344
1578.956055
1632.125977
1506.459961
529.009033
-758.797485
62.106689
-2413.928467
-224.425293
-553.857788
920.364746
1031.277832
-313.928711
274.657959
-509.243347
-733.884644
-113.646484
243.162598
-235.811035
-562.545898
302.295410
815.926331
452.231323
1293.962646
1217.040283
-147.651855
-1619.346680
-475.069092
801.806885
2980.153076
1836.122559
-333.271240
85.449219
826.684082
120.488770
2746.113770
1669.700195
-409.464844
10.080444
-114.458862
-451.969238
739.457520
1683.074219
429.416992
-442.611816
307.475830
905.649414
1209.986328
474.803711
-443.137207
-273.383911
-193.709961
271.604004
439.080078
-733.736328
-752.929688
-412.364502
-215.745605
-1359.411133
-1281.137695
1149.907227
-24.818359
398.198975
-3.766113
2344.199219
1761.890625
2326.562500
712.054443
-2346.976562
-4067.638428
-1865.370605
953.721680
450.238281
-221.174805
-368.602539
-188.235352
91.713867
-657.234863
1133.587402
2132.561523
1660.003906
544.527161
-931.317383
-1254.934570
-879.246582
592.277344
443.202393
-1206.972656
-1150.851807
-128.554932
1358.551758
2589.195312
996.706299
-596.898438
-172.518555
97.227051
411.153320
-374.309570
878.240234
904.475525
976.981812
1590.543701
-653.178467
-791.962646
-640.295654
-1693.524536
-816.775879
613.467773
1492.022949
2152.126953
565.897217
99.064453
-959.014648
-2148.166992
402.949707
2194.417725
716.781006
-842.874023
-1129.918945
-658.078125
3510.887695
3238.347656
3225.751465
-1344.052002
-2244.817139
-2392.330811
142.548096
21.032303
165.958496
384.567871
-596.038818
-640.644897
384.145813
707.906372
-237.708374
-290.205566
-2203.259766
-3086.889160
500.094910
2170.731934
-100.261230
798.279297
195.027344
-3253.728516
-1143.958008
230.554443
-1728.860352
395.680664
477.746094
-128.146484
-1815.553711
-249.319580
-68.085205
-393.425781
-68.356445
-443.768555
575.076172
196.298340
-171.308594
45.128906
552.349609
364.406250
-1476.098145
-1864.998535
978.820312
2184.022217
1116.319336
260.425537
-598.275391
-1361.431030
54.219963
1196.354736
-136.217285
1248.076172
1057.420410
451.113831
2450.712402
1447.084961
-597.336670
1298.335815
764.331055
184.617432
156.908203
-331.500000
-281.093750
58.204346
968.303711
247.017578
-100.392822
-2.719971
477.268555
511.401337
526.309570
-1044.771240
-3017.271729
-3230.479980
-1069.947266
487.052002
2271.333008
2236.718994
853.036621
494.896484
132.827148
-531.003906
-976.170654
-154.015991
-526.674072
214.911865
1432.475464
-785.573242
-2111.710205
175.838867
156.179199
407.026428
2037.662109
-323.738892
33.013489
-153.280029
-2796.958008
-2279.234863
-1015.373047
-816.887695
-762.051758
-489.474121
-1204.044434
-121.040039
-270.192322
-405.481354
-30.109375
419.341248
-198.166016
-228.783691
-244.501953
-652.528564
-54.622803
-737.599121
-1353.054199
-773.303223
425.224854
910.412842
1101.115967
1150.166504
105.198242
-404.957520
153.809082
-220.054688
493.220215
929.126343
889.189697
594.254883
-1001.335938
202.063477
-455.802612
93.071289
1922.402588
237.902954
74.543579
651.704590
-700.504395
-117.029785
-17.158936
-1371.431519
-173.363770
315.907471
62.094482
-381.811523
-810.382874
-1087.425293
-109.181885
1206.542114
1070.217285
787.474609
574.512207
-97.270508
-762.337769
-280.549316
76.260254
-987.248413
-404.506592
-286.979004
-135.362061
-719.185120
-834.109131
770.742676
625.245117
-353.534241
547.890137
938.171875
-90.773438
-713.950928
526.475464
-752.367554
-2470.150879
-2120.535156
487.053711
440.657227
117.209045
-176.841797
-52.854492
2118.502930
2780.847168
1017.878784
-477.007385
695.010986
-730.074707
80.831055
-246.792969
-1155.047363
-170.554199
1779.672852
2979.108643
3777.538330
2290.702881
-143.413574
658.258301
-692.068115
-2798.909668
423.917725
-53.905762
114.368164
250.631348
119.280762
350.910645
-79.366211
-1370.139648
-2813.918701
-1864.582764
-185.234375
224.288086
202.298218
120.603516
-530.841309
1087.763428
-373.230957
-218.191895
-364.761658
192.577637
858.547363
-214.857834
-506.378418
-113.895020
-885.180908
-375.875000
-84.627930
439.954590
416.677246
-473.840332
253.254578
411.756836
2379.191406
2096.400391
-710.599487
-217.315430
524.757324
1591.776855
5117.810059
2804.245117
-459.524048
-753.752441
-1015.205566
-1275.660889
427.051544
814.630432
1083.334229
881.942017
-771.254395
-645.037598
-54.891113
1138.371826
3133.690918
1175.341431
-888.966309
-778.533691
-1221.157715
-2146.169922
-1293.077515
-723.945557
351.566620
126.569336
400.212280
775.997314
730.967285
1083.475464
279.359131
183.906616
145.603516
802.791016
14.905273
1407.482910
-167.049805
-281.202148
676.345581
595.520264
116.720703
-437.208984
-496.354004
-230.746094
-797.935303
-866.879150
241.279907
837.553711
1098.830078
-234.805176
208.736572
89.355225
338.105225
-70.633789
789.791992
267.876709
-733.922974
-1068.107788
-535.245117
-615.625000
190.491577
-39.067383
219.606445
-2.732666
-801.044922
-518.716553
-1073.630371
-291.994202
-558.864868
-851.542969
-269.366211
390.279297
-272.367188
-5.475586
2273.888672
1612.784180
473.549805
147.963379
585.086426
1446.580566
1710.799316
-1221.960571
-595.303223
-189.415527
-582.991211
231.255249
285.665771
204.013672
765.479004
1166.532227
-8.377563
65.151855
-802.874512
-1300.737305
604.983887
392.670624
1527.469971
2662.380127
1754.593750
1583.494141
335.404297
878.475464
948.236206
-686.678955
-351.863281
1255.006104
896.745117
566.096680
-686.473877
1200.488281
544.193359
486.130737
-790.359375
-318.059570
-380.474609
-354.265137
2011.467773
-744.254883
-54.654297
-924.059265
-485.750854
340.678711
-256.087891
846.377930
1023.089844
335.318359
-1148.797852
398.800781
-282.689941
-248.070801
223.759644
-359.059937
-749.968750
-309.211426
-893.162842
-1155.160156
80.158813
2.340332
694.033203
1434.349854
1553.770996
1330.455078
-1452.626953
-1808.975098
-2569.293945
-392.958984
825.880249
3748.531250
4084.229980
-235.269531
-2693.857666
-679.237305
-1344.652588
-857.324707
-183.171875
-1282.150391
212.291992
-1193.615601
1864.921875
2045.395508
-16.836502
-1050.871582
-2175.374512
-1965.677002
-902.360718
-421.178955
2022.768799
731.475464
-1394.424316
-628.952087
1222.176270
918.991211
-501.468018
565.468750
1197.280273
-501.684082
1396.874512
1904.002930
237.303711
-843.666016
291.729004
-564.118164
-991.696289
31.965820
-141.374023
519.421143
-345.165527
-2445.490234
-795.083008
900.747314
667.603271
-224.549805
-2673.323242
-1323.866211
1673.955078
2445.850586
1181.202637
-1555.937012
-2288.074219
-282.562561
4609.355469
-342.093750
279.894531
-62.041748
702.369385
-148.143433
-992.145386
-374.693878
-1937.494385
-1879.912476
616.649414
1138.540039
1240.727539
87.564575
-3163.193359
-495.562256
538.042114
-1982.368164
-304.178467
1433.727051
362.695312
-624.192017
-869.985840
-436.716309
58.932129
1434.809937
-677.376953
-308.492676
-529.449463
695.098633
2812.656738
2249.624023
-1001.797852
-1858.231201
-53.428711
1627.566406
3943.523926
718.998535
-473.225098
-934.547852
-2039.428711
-1104.549805
-831.090332
-199.005859
-579.157227
-914.195312
1348.210693
191.402771
-916.291748
1060.114258
187.079346
-230.857803
-3482.497314
-5180.903320
-1510.750732
393.418945
-405.715698
-837.594238
-42.435059
-604.628540
-590.089844
-1788.163086
2089.956055
-451.269531
-180.443848
1506.347900
2367.598145
785.205566
-350.991211
-1803.267090
-1627.623047
192.197388
236.097656
1019.395508
-83.353516
-1536.461548
-788.503784
-186.734863
-1950.689453
-2102.177490
1688.475342
-358.811768
-106.831787
75.603638
-1209.130249
-527.904785
30.285156
438.076660
183.599609
386.612793
-1946.039429
-1389.723877
519.962402
344.754883
-881.353516
544.387695
576.172607
867.117798
-106.999786
-178.076416
1299.077148
2319.291992
1457.373047
-1256.355469
-2132.854980
-475.711914
512.947021
-27.615234
-84.286011
326.600098
-2405.753906
1094.321777
1057.403320
-759.484924
344.214111
863.364990
813.871338
551.743652
738.631348
388.771759
-220.171875
55.455078
1416.962891
410.743164
202.567139
-412.597534
-54.924316
140.258301
618.045410
67.823181
-934.985840
-451.637207
807.625000
21.041992
180.114258
64.162354
-786.293945
-780.128906
1439.553711
1859.871582
-1082.119141
-1207.767090
-979.298828
-1673.024414
-1078.486572
-506.273926
-712.108643
71.142174
476.740967
666.710938
730.701538
-36.689941
647.166748
909.873901
-413.804688
842.274414
113.409668
794.181152
992.571838
745.745117
1853.604492
726.939453
537.770447
632.035156
-438.961914
-1244.036621
-854.789307
-421.524536
2132.276367
1057.801758
669.035645
-838.142944
111.295898
-2243.455078
-363.066406
-151.103271
1732.762695
678.525391
-759.136719
-1491.712158
-115.715210
129.516602
930.370117
1283.094971
298.155884
-710.649658
-391.399414
-24.544189
801.084473
1280.699219
-302.078735
-494.728882
-496.322510
876.793579
1399.295288
1644.127197
1172.324707
407.686523
111.928711
-384.925537
-1439.228271
-768.238770
-28.134766
-1916.022461
-2388.864258
-1002.205078
1870.306641
-1157.144043
-1208.496094
-2480.687500
-560.293335
750.334473
2129.660889
2043.475342
-846.166992
-183.826660
1426.142212
228.769043
378.952637
327.548340
177.719604
478.226807
-900.355225
-654.246216
-671.191895
-1073.480469
-1217.589478
265.885254
128.014160
-331.945557
-1114.424927
-87.351074
604.008545
407.966797
-14.395996
-953.943359
111.338867
-774.521973
199.719360
105.272949
-624.910156
21.751465
960.553833
476.912598
-252.933350
-736.947083
406.931152
1255.667969
1241.847168
1250.332520
199.145996
-825.486450
864.561768
890.566406
635.608398
936.171387
489.998047
213.465332
372.352539
-400.666260
-947.449707
203.359131
-917.183594
-4108.621094
-1939.936035
1625.180298
384.782135
-765.027405
307.570557
465.934082
444.727051
680.797852
-1.074219
437.123047
294.003906
2966.973877
883.741638
-676.594116
659.905273
474.160889
-1401.430176
-1050.428223
8.371582
-1164.250488
-1359.735352
1112.761230
420.846436
733.040283
2235.756348
-931.997070
-1038.791016
153.493652
-198.134521
483.158203
1587.437500
4228.263672
724.514160
166.066406
-535.949219
-3572.583008
-3123.024414
544.457397
957.105469
-414.640625
217.143066
-119.519043
-335.219727
2964.671387
1814.148438
-1011.707520
-350.903503
-1078.327393
595.941895
2204.804688
242.480469
-524.927734
-2828.305908
-2410.408691
690.612305
1987.368164
1457.416504
848.271484
755.790039
1182.461914
-696.515625
-305.528320
725.821167
-169.857834
-1005.809814
-877.285400
-670.422363
4569.732422
-592.177734
-1421.657227
1157.288086
1838.209961
-729.119141
-1855.938477
-1233.718262
586.456360
410.186279
437.729614
227.930054
-2058.467773
-402.464844
1106.308594
479.299072
393.467163
-1094.178711
-318.755859
-3826.794922
-1659.197266
-823.320801
-54.269836
302.862427
-51.040527
-464.000000
-693.306152
-443.587402
885.536072
-736.534302
-721.555176
-289.099121
-805.153076
684.244141
1473.213867
877.033691
394.005127
-56.592773
-3024.895752
-2118.137695
212.492676
-665.783936
-950.316406
260.261230
1588.987305
5133.834961
2674.208252
-517.121094
-1289.393311
-2573.857910
-3417.639648
-573.556763
733.515137
826.119629
4.696777
-17.202637
494.364014
403.356934
-828.995605
-981.364990
-362.840240
1123.394165
923.971741
-416.638428
107.604980
896.611206
650.562683
16.932617
3.597168
130.077881
212.229004
1018.096436
1867.450073
162.607422
2282.943848
5633.656250
3199.355469
2361.607422
924.593750
2006.438477
2140.235352
76.544067
-927.437256
-1146.935059
-576.368652
1062.011475
-862.206543
-136.931641
-201.857239
-2034.560059
-3.605469
506.464355
-514.735413
-955.299561
-307.407715
-77.928711
-153.352539
-1819.724609
734.258301
1180.337036
891.999573
-433.457520
-815.706787
-2018.029785
188.938477
312.902344
2506.650879
1440.203125
109.571777
-622.868774
-406.220825
1272.956299
1117.458984
190.433105
416.273926
2122.718750
941.195312
605.707031
488.486328
-144.524414
-551.810059
-536.292664
-809.437012
-1183.286133
289.799622
2804.677734
1089.176758
20.629883
-3340.675537
-2637.229004
-1046.981689
497.644653
667.434814
-1419.812012
-1267.252319
420.359253
-1176.236816
716.012939
1773.083008
-183.493378
444.540771
-535.574707
-11.551025
337.995117
139.305176
359.760132
-105.894531
-809.505737
-688.075439
-366.233887
-217.595947
-249.023682
1549.119141
933.859619
-995.603027
162.083008
912.520020
807.937683
73.270630
425.754883
2954.475586
2687.016357
961.338379
-496.062866
-655.108887
640.296265
-562.920898
-2263.904785
-800.666504
1050.311768
1014.166016
-146.158386
1768.706055
3005.495117
1157.488281
441.265137
-1165.305664
-639.432373
-416.541992
-417.836914
-126.356445
-128.564453
190.235840
-297.900604
115.216309
2140.053955
845.339600
326.335938
1668.104004
437.627930
-286.375977
-412.138672
-2752.645996
-2746.857910
-852.147461
155.505859
-290.571411
-223.342209
751.855713
-406.824219
1429.513428
2200.016113
378.439270
-124.301781
727.531982
393.101562
-1613.590820
684.311523
84.203857
-710.716797
-855.562988
1540.602051
-689.457520
-991.482422
888.135742
360.849609
-104.315674
-340.807617
-542.200684
1434.142212
289.038086
756.508789
181.567871
755.198975
351.121094
233.605469
740.881592
-968.180664
-2394.231934
898.946289
727.291992
379.314453
845.814453
-2272.412109
89.987305
482.859375
-1290.613525
-1129.440186
-1308.106812
211.410156
2128.971680
617.082031
329.376465
1425.266846
1386.600830
1636.571289
2010.047852
-535.949219
205.158203
1156.108154
887.560059
370.475464
272.466797
-859.689941
265.899902
398.350098
-172.386230
1094.325195
-306.646912
232.051514
-1651.049805
714.917969
441.268311
826.057861
-280.844604
-1412.105713
34.336670
1853.910156
62.290527
-1250.787720
-253.083984
2048.026367
1991.438477
1987.239258
676.442383
-510.401123
-1966.832031
345.074463
-1088.086914
-813.760254
826.804932
477.966309
434.170898
425.398438
-638.844727
-866.477783
-62.455322
847.610596
839.263916
-742.500488
-1872.766602
-679.960815
-180.514160
-536.289062
-629.124268
-375.536133
1613.782227
-496.336914
-682.967651
-291.529785
153.764160
1035.453003
1421.865967
263.699219
-407.805176
421.737793
-2229.651123
-6845.034180
-4320.858398
130.004639
389.747070
730.080566
-105.023804
-990.004272
562.370483
2035.155273
1108.069336
-25.488770
390.320312
649.530762
-593.291016
559.785278
1013.259033
266.820312
-200.891113
357.091064
480.037720
-563.886719
1801.123047
2053.249023
-86.128174
-120.864746
2616.439941
939.097656
206.139893
312.992188
-697.743652
-1562.713867
242.490845
876.755249
-900.274170
-2987.243164
-2256.315918
-682.857849
-814.475586
-295.093750
-129.767090
-1003.354370
-925.009277
-1353.151367
-1187.458496
-70.413086
-26.908203
544.803711
332.073242
-203.814087
-809.086182
375.021240
-476.157715
-1043.058594
521.960938
2032.052734
-350.197266
-1785.440430
-587.479492
219.912109
-1008.669434
-994.757812
-120.827148
1081.395996
157.091064
322.661743
-569.851074
-1950.103516
-1724.026367
-552.339600
-573.406250
-265.280273
-1289.119141
-794.200439
1061.783203
-238.887695
314.280273
-86.290253
-561.027832
923.061218
1357.185059
2345.688477
1558.142578
135.372070
31.142166
601.973633
-818.150146
-1830.094238
-1159.959961
533.387695
-1994.650391
-835.258789
-144.911133
536.758789
766.142578
3086.833984
-1715.672607
-1753.220703
-2559.619141
1196.514160
1719.746094
-867.686523
2643.908691
2210.421631
2913.191406
-19.995361
264.475464
1478.052002
87.880859
318.563477
1405.191895
851.048340
-1700.541382
-2014.539307
-1590.524414
-163.738525
930.629150
-180.372803
-251.857834
-1341.960938
-46.763916
688.480347
-493.292114
-2382.122803
-232.191772
1044.852539
1796.184570
1591.767578
-258.658203
-3076.233398
-1077.524536
-930.696899
392.347656
317.178223
1070.291260
691.566895
-331.188477
1130.327515
712.282227
1314.646484
1110.425293
-322.857849
-329.124268
985.642090
253.823242
-163.551758
-557.429199
998.367310
-447.569336
-605.125488
-545.143127
342.947266
265.841797
931.287720
115.450684
-523.436523
306.575867
-324.501953
-1092.652100
-315.341553
547.818115
-1435.033936
-4576.467773
-4443.833496
-2458.731445
28.456543
557.249023
-1002.957520
837.965820
-908.727539
155.981445
691.690430
1148.167969
1310.990234
647.174316
-1567.102539
-3864.061523
-3413.926270
-617.952759
-332.934082
-70.703613
26.790527
456.288818
318.446289
-2314.940430
447.354492
315.008789
889.131836
41.906250
-459.214600
-1088.475220
-958.769531
-48.884033
298.604370
1471.342285
-166.404297
642.244141
15.904541
1392.970459
-737.442627
754.692383
-344.222656
-653.095337
26.202148
-0.159668
-22.938477
1662.168457
-675.330078
-434.424927
450.715576
924.359863
861.158936
516.282471
1197.628418
-228.652313
-23.522461
23.978027
-839.247559
706.392578
887.147461
-202.747498
1386.004883
2654.077148
433.132324
94.481689
657.579590
1640.464844
3527.420410
2813.912354
-396.411377
919.277466
1053.423706
1080.343994
2808.895020
2269.128418
-50.330078
314.601074
376.508301
-310.365723
-65.381348
-402.735840
-440.564453
-59.184082
-541.605713
377.956787
-249.025391
-3498.030273
-2096.406250
-845.085693
1019.171997
1135.401611
-614.587585
-148.616699
-279.612793
285.547363
232.442871
-250.921631
-715.207764
-2130.562988
-1092.569336
1086.045898
657.635742
3367.317383
794.668457
-1047.852295
2525.898438
679.763672
-561.723938
-603.608398
689.392090
-903.203857
-4331.795410
-4031.097656
-18.935547
323.181641
-568.104492
1055.348633
342.303223
588.962891
1439.494141
1599.439453
135.303131
1258.725586
1768.392578
312.419922
-429.459961
757.974121
-620.426270
-264.177124
-1224.966064
68.572754
-241.107910
-256.056641
-102.598145
-3138.452148
-55.181641
948.015625
63.708740
455.921906
-1893.267578
-7501.458984
-2188.054932
95.783447
3266.903809
4039.424316
-182.395020
-513.845215
-347.860352
473.632751
282.093750
-1369.349243
-668.812988
1469.212891
1513.646973
269.502319
299.068848
14.276855
195.481445
-1487.943848
1526.836914
524.669189
152.255371
523.462402
1029.000000
-1022.242188
-1139.983276
-384.332031
1234.395508
-328.498047
915.953613
-438.173584
-158.970703
-440.149292
2424.608887
3944.408203
546.178223
-284.287842
-260.984619
-1212.607422
1507.789062
-242.165039
635.950684
1195.278564
612.846191
-724.968201
-323.964966
-183.551270
-2069.405762
-1082.883057
604.370850
-397.198700
-947.880615
239.475464
981.222412
-91.125000
1868.196045
3159.258057
-198.518555
343.864746
1210.687012
-1063.161621
206.567383
218.357422
-1284.600342
10.633789
418.922852
468.784668
799.022949
385.617676
-1016.487305
-75.169434
12.140869
755.548462
1957.908325
-86.398743
-948.616943
666.230713
334.983337
-786.888916
858.398438
1121.567383
-468.985779
-1420.762695
285.663574
18.329102
523.149414
1014.720215
-1399.559570
-2083.043457
71.710449
183.741211
195.520508
224.005371
479.145508
-548.439453
794.377014
1741.808838
1806.510742
-242.584961
-1514.270996
-772.367676
589.229004
337.997070
-95.511230
-549.182861
-1171.770996
-1265.086670
-1025.915894
-295.695312
258.907715
404.346191
746.742065
-11.767944
-5808.488281
-7744.274414
-2841.897705
443.057556
-517.243896
-938.408508
962.345459
1309.786499
-495.180786
-473.983643
1566.863770
1369.018555
-174.739258
-173.519043
1499.188599
1048.853149
486.016113
-1343.694946
-7012.916992
-8355.643555
-3264.000244
-208.231445
628.081543
432.373474
263.110352
-315.185547
-1050.518555
-673.879639
603.183594
496.500854
-716.868164
-2164.115234
-1176.944824
333.547852
-871.063477
-962.867432
4017.379883
2297.986328
-180.914307
664.177734
-240.876953
-631.523438
521.323486
-859.576660
-440.621094
197.455566
-33.927246
77.532227
671.219238
471.029785
382.468994
1823.269531
1386.853516
-664.206055
198.658691
986.903320
-1066.683228
-771.029053
-517.977539
3375.230469
19.218262
87.562927
121.239258
-957.875977
112.638672
312.968292
399.004883
1451.776123
-402.640869
-542.304565
1542.641724
598.236877
1939.965576
1625.993408
-778.161621
-1859.885254
-2169.405762
-252.563965
-466.874023
3653.185547
2114.467773
-1177.208862
-606.214111
237.528320
-1497.995117
-878.588867
-412.094727
-2526.434570
-771.173828
-705.130371
1220.351562
896.652344
149.688477
1222.583984
445.019836
404.010864
742.599609
-1023.590820
-2825.342529
-965.810059
622.057617
-134.147705
-507.657227
815.295044
-673.902344
-1786.979126
-129.432373
441.052246
1126.762695
116.882812
-306.432617
-1296.533203
988.854248
305.200684
-728.959473
-351.660156
438.490295
1065.508301
-1495.692261
-354.488464
450.142151
68.493164
-100.598633
321.170410
718.993164
-409.868652
-443.658691
1217.895264
1417.553955
1547.239624
116.721191
496.384277
776.212891
324.252930
372.665039
-444.678223
-191.424927
613.214417
-1703.199097
-671.670898
408.493958
-289.224365
-778.493408
1045.096680
1505.962402
784.309326
877.982422
1060.474121
793.038574
1283.887207
1226.491211
79.636230
-134.865234
284.901855
-102.620605
-88.924438
-762.870605
-249.959106
970.554199
1310.973389
-533.319092
-1715.102295
-1002.857849
-612.519104
-1251.416504
-243.925781
-453.677734
-305.907715
702.913208
372.265625
-674.705322
-946.135986
709.862549
-35.888428
-1337.162598
-1499.400391
1031.580566
1379.502686
1812.780396
-15.959229
38.091797
611.662231
-1643.840820
-673.527466
347.797852
237.061768
970.244873
-600.736328
-651.402344
-65.193176
261.463867
-157.791992
-68.995361
-922.492065
579.197266
3091.354736
2807.702637
1148.469482
-1201.157471
-1323.546387
725.004883
-264.586426
-967.397461
490.684570
-443.198975
212.488281
288.200195
-742.551514
-1358.023438
110.194336
157.785889
229.205566
-475.397461
199.130859
192.005127
98.727539
335.259277
129.242676
-50.000977
-731.001953
-292.458984
1296.786133
1487.567871
1967.771118
557.836914
-1022.100098
920.241211
-2522.183594
-2881.403809
986.475464
851.008301
560.418457
930.973145
-392.545166
776.436401
-702.385254
-3461.298828
-1819.325806
-286.399414
227.698242
-628.625000
171.766602
-64.916534
756.978027
3396.496094
753.312500
1215.960938
-262.502441
-1342.880371
514.161743
478.933167
-2093.857910
-221.875977
-530.930664
-540.807617
211.865234
120.288086
-473.025391
-3706.939453
-809.168457
429.035156
1533.177246
1045.311035
624.192627
-439.562012
-646.242188
109.983887
165.016602
1144.436523
206.822266
270.549438
-1324.211304
196.552734
1199.750977
306.943359
1349.031250
6246.306641
8150.475098
2641.575195
2265.548828
253.637451
-896.119629
85.008789
1011.674805
2092.876953
2382.142090
1333.990723
1570.281738
124.323242
233.665527
-1036.052734
-1245.618530
-981.394043
-392.015625
-1168.228027
-681.811523
-928.663086
-549.669434
131.774658
-525.065430
191.951172
612.927246
-1471.128174
-871.056885
-900.263306
-135.575073
-11.407562
-473.206543
-83.592285
-177.635132
-37.506439
990.287659
1675.095703
1126.879883
1345.877930
-405.567383
339.262695
-1668.533081
-2784.897461
-624.687988
308.898926
-64.980957
359.916992
-1837.122559
-2942.970703
-1832.272217
-1544.015137
-2479.752930
-1792.728027
-2360.925537
-124.069824
1464.685547
496.579102
-378.023438
-950.822998
-753.466797
-2837.767090
-2592.179688
745.317871
969.543457
1306.582520
854.914551
-167.476562
-309.782959
107.808319
-75.406250
1558.160400
1209.824219
-2369.050781
-733.902344
217.838867
740.221680
446.223633
903.988281
-767.141602
337.355225
3018.419922
3643.492676
-789.330933
307.808472
974.074219
-518.649414
-64.058960
-184.767334
1871.588745
5959.682617
1436.961670
-866.988159
1163.483276
-1729.269165
-573.115723
1035.083008
-138.681152
287.891846
-946.488892
-283.203125
-366.185791
115.944824
610.190918
-1684.145508
-1917.851562
434.533203
505.187988
-433.541473
-335.790161
-589.572815
-169.099579
846.820801
1618.325195
1185.939697
245.158203
-1712.968750
-1456.940918
-79.550049
-306.714966
1268.442383
1981.292969
-970.820679
-333.067871
2110.243164
1680.374512
-948.565430
-240.805847
-249.937622
-641.401611
77.068359
-648.118164
-664.494629
-456.009277
-2390.127930
-1252.267090
-1208.921875
-2867.061035
-1428.362061
98.339355
1700.737061
2225.765381
793.868896
-1719.822510
-4264.164551
-1549.855225
89.208496
-1618.765137
920.336426
-148.009766
-1758.550293
862.029968
537.543945
295.029785
1136.039551
747.193542
1735.075439
971.254639
-288.039062
804.000977
1182.121094
1414.138062
532.080383
-684.490723
470.266602
-656.045410
-770.351318
1148.891602
1147.086914
1118.739380
430.557373
-769.275513
2261.554443
756.054932
18.366211
1434.208496
383.982300
-1293.003174
-1346.675537
-535.915771
881.554810
956.168945
269.501465
430.837402
555.136963
1000.912231
22.853149
-767.410706
-1116.234253
-1289.550537
-832.383301
207.664658
-609.287598
273.293213
170.929169
-186.715576
887.556519
828.439697
-686.151855
-3221.594238
-3606.418945
29.215393
348.335205
603.159180
-330.672852
-1571.118286
-1331.395508
-980.006714
-12.388672
-986.208984
-1605.466797
-845.414551
25.299316
147.405029
-657.846558
-1336.567383
-1767.836426
-80.325195
258.203247
-1185.720459
115.551483
1421.314819
2518.378906
3229.399170
569.941711
-555.478333
1421.151855
1144.411865
846.009766
578.301270
-746.955566
-650.918945
-155.825684
165.959961
299.865723
-1268.309570
-994.291016
-669.608887
-517.166016
-1029.785400
-51.993652
217.408691
164.044434
574.274902
3242.135742
3524.596191
1930.491455
-218.344238
229.045410
-170.450470
-716.753418
622.269043
1008.882324
900.509766
922.380371
297.504517
380.259277
-566.582031
859.048584
1603.177490
-674.727539
903.031738
1965.205078
-342.737793
-195.680176
-857.852539
-2254.699707
708.069702
1086.709473
-288.805908
206.281250
1809.577148
497.954102
-525.565674
493.064941
1099.331055
341.629883
1023.492920
615.641113
972.344116
2002.647461
606.522339
-2920.157959
410.204620
-796.744446
-1313.394287
-2584.944336
-180.524536
1740.784912
1378.501953
1168.159180
1971.464844
563.835938
443.191162
1282.959961
-205.063965
-639.136108
1634.884277
12.975586
2160.186035
125.732422
459.142151
1403.272461
931.207031
-258.879150
-53.983887
-210.624512
-1108.117065
-710.403320
-265.786621
-384.433594
77.171875
397.196289
383.603882
-120.704071
2111.535400
1719.394287
-79.627930
1070.946777
1095.479736
651.734375
138.338257
-11.702393
-264.892578
-1910.245117
-1343.352295
333.118164
278.102539
-633.078613
-303.242188
601.820374
1935.004395
648.826660
800.007324
2126.097656
110.446289
-1088.611328
-55.377441
1877.783813
1025.666016
3899.082031
538.392578
-555.969238
-2102.379883
-1201.268555
1593.475586
612.530273
420.084717
-845.646973
-1300.781250
-374.370361
-222.323242
783.235596
-501.000732
224.201172
-1551.657227
335.658203
711.989990
1066.910156
768.547852
68.783691
440.736328
771.315430
1389.401367
1507.506836
-722.176514
-324.201172
-639.510742
2202.904785
1120.860840
679.461426
1805.502930
1855.363281
-269.055176
-935.465637
723.309082
-482.469238
-1074.550171
237.524902
-707.773438
-1867.490723
-2566.871094
372.360352
741.788086
230.634827
-230.785889
-163.796875
329.691406
-100.857834
1109.430664
1540.291992
296.958008
-356.609863
-551.449707
938.543457
-829.705078
-1876.853271
-420.015503
26.828125
14.473145
1727.772949
1744.687012
1735.425049
212.227295
-207.602539
501.686035
3718.518555
695.041016
855.453613
388.581299
1178.136230
-188.350342
191.606934
-645.063477
-352.022461
444.816162
-959.792236
-97.886475
1512.113037
1257.742188
1678.922852
-157.611816
-678.144775
-1985.730957
486.394531
2761.312988
139.677368
96.006348
-21.625977
-1212.012939
675.265625
-234.009079
500.285645
12.826172
-1106.898438
-1114.922852
-745.614502
-293.029785
1172.185059
610.166504
467.166565
1515.391968
731.718506
-755.594971
-957.872070
-562.590820
-1472.063965
-1452.614258
-1659.254639
676.865479
1339.509644
1188.438232
593.061523
33.362793
124.199707
334.056641
-214.957764
-24.739914
2543.734375
4450.985352
1379.858398
-1387.500000
-929.923828
53.364746
608.319336
760.286255
-333.618774
-1704.105103
-749.385986
99.890137
1894.213867
1378.882324
350.624512
-939.922852
60.068848
-268.111328
1370.283325
485.547119
-1926.592529
-1788.937744
113.547852
1233.802734
2436.500977
1651.709961
-334.725586
310.836548
-46.334961
1188.915161
5889.639648
3824.753418
-263.796631
-338.968994
-1691.223633
-575.918457
416.624512
257.052979
-152.955566
-1097.039551
68.060791
715.602539
-327.889648
-37.278320
932.586914
1263.040527
260.329590
-260.049805
897.298035
383.658325
-296.832031
-128.014648
-961.321289
-1821.598389
-908.762207
-46.986572
-761.906738
-614.322144
-1386.857788
63.217911
241.355957
336.522949
-245.091309
-1191.975586
-1788.548096
-2808.203613
-1514.046387
-722.253418
684.531738
1025.629883
621.617188
941.087646
584.231445
264.357422
760.412109
793.294922
2704.182617
1843.486328
64.239258
678.504456
-309.403809
-1310.479492
3355.587891
3519.560791
-221.345825
-180.183563
431.181396
-823.127197
-337.852051
-510.535156
1038.738037
1464.672119
326.035767
85.226807
44.292969
437.515625
-1098.812378
-1688.403076
-850.976074
980.942383
2652.983887
2519.359863
1167.810303
537.671875
-1065.355225
-680.195312
718.948730
1563.229492
738.188721
-114.680664
749.186523
640.779297
915.754395
-217.225586
-1772.355469
-1982.192139
-3352.576172
-1418.290039
543.337524
1181.489258
1110.585938
-186.895996
195.661621
293.224609
-1520.471191
-1386.747070
1402.577148
-1022.193359
293.421387
-227.492432
-2219.494873
-1248.199219
1086.758789
511.215820
61.625000
244.595947
-214.950195
1222.416016
1490.924805
761.224609
-238.083740
-978.261780
-966.035889
-1119.130859
2025.556641
2204.036133
848.383301
-1008.483765
-1496.004883
-754.274902
223.458008
-36.443268
524.088867
-146.333984
-950.512695
-233.843750
89.524414
1775.277344
1189.732422
-113.990234
926.064819
782.768555
-841.830322
1372.505737
1612.198730
834.468750
644.980469
43.898682
1125.666748
760.409668
-368.857849
112.191101
1678.450684
1135.409180
69.518066
-151.192139
-1116.750488
-1114.343262
-857.927246
88.714844
320.586914
-377.204102
-1671.394775
-1125.083618
280.509399
1443.126465
743.138672
1489.654297
1245.174805
796.589844
-39.468262
582.801636
-1198.435669
398.200684
1510.205566
399.213135
1432.608154
1354.491455
-117.370361
-272.612549
80.656433
-1261.972900
-3052.083984
-1130.565430
1589.963867
3009.913574
1425.766602
-699.846924
-314.712372
818.200195
162.387207
-276.305664
-114.606445
-207.156738
808.026978
337.172852
1344.556885
374.671875
-2516.974854
-2813.631592
481.286926
-61.918610
964.876465
2598.384766
1151.355957
-176.941406
857.331543
1035.729004
-285.155975
430.357178
560.791992
1167.427734
136.209473
856.387695
430.903931
-1335.224609
117.142166
484.206512
-1708.814331
-818.988770
-355.697266
375.092773
214.861084
28.584473
-869.892334
-1137.859253
-82.627930
257.429993
26.106445
-2.796387
56.973145
-229.812744
1050.253662
1107.594238
-36.897461
-846.396790
414.190918
468.500000
-976.978516
-834.509399
22.484375
231.627441
107.309082
2030.713867
-514.988281
-1274.307861
-770.370728
248.158569
664.169434
108.614258
-224.494141
-484.220459
-1545.405273
-235.644775
795.973145
1316.729492
602.167114
606.337769
-1447.156738
-4808.342773
-1873.946289
-1666.362305
165.874023
1001.877930
679.635742
1253.986328
-394.662109
287.220215
1219.927734
-295.422852
224.145813
-403.531494
-1770.060059
108.592773
1083.067383
-0.190918
-276.949219
-522.589600
-53.682373
1236.936523
-75.153320
-952.654785
-846.196777
612.563477
1557.987305
3522.328125
-827.430176
-2337.108643
-1809.727539
68.067871
566.563965
152.125000
-1196.195557
-983.260742
-899.289062
-1358.338379
-519.774902
-1833.438721
-2201.304932
-240.706543
995.755859
121.824219
-138.585449
-1464.395020
-806.208984
2711.242676
2524.225098
-436.475586
-78.181396
-940.102539
273.201904
-201.297119
-434.138916
255.369629
-356.167664
292.646973
-504.696289
-1973.898926
166.475464
-225.360352
867.761108
841.266602
-342.879395
296.011475
555.256775
845.660767
910.368652
-734.469727
-17.671875
-702.698242
-982.717896
-674.439209
-91.108154
-547.792358
302.812378
-102.549866
3344.826660
2379.290771
-179.543213
39.109375
-494.274414
-1284.280273
1335.333008
2572.129150
1106.083008
-525.720947
275.397369
195.493896
-493.311035
-26.546387
295.770020
82.625977
685.784668
806.933838
896.841248
78.244873
-575.873047
-438.752441
1094.694580
4811.059082
2702.193115
-894.041626
535.260254
791.056946
-966.405762
125.482910
-1454.101074
-4679.367676
-2364.031738
-458.717773
203.423828
-101.389648
-426.055176
33.703125
2276.187012
2923.394043
964.423828
507.835449
-1800.236328
-242.066406
2130.544922
3222.289551
254.662598
66.875000
-701.825684
527.614868
1573.506348
207.965332
-302.436035
-588.705566
-11.368164
1512.133301
275.281738
450.675781
1471.185059
4202.398438
3585.839844
206.884277
139.671875
544.594238
408.859131
1250.348145
174.839722
36.319580
714.704102
-224.982422
-128.860840
297.547363
-154.779541
799.539429
1549.623779
507.330078
504.109375
-418.841797
-1476.714844
-708.910889
-1389.384766
527.071411
2776.744629
2212.827148
-14.375366
394.770020
-3227.381836
-225.652344
1447.111572
-459.365234
873.554199
397.087463
-1366.780273
-444.498047
182.855469
-627.834473
1420.267090
635.427734
-714.043579
-1088.989502
534.729004
946.280029
368.526001
-1025.920898
-586.466309
-555.295898
-373.687012
314.799316
181.461426
-313.840698
369.429321
-219.998779
240.189453
-570.991882
-538.401611
649.550781
-1236.866699
-4078.051514
-3095.989258
-475.995117
22.146118
-55.925781
-1221.946289
-332.733398
370.541992
-1287.870117
-426.745117
-786.765625
-1979.233398
417.277557
1567.796875
84.035156
1544.419922
-283.395020
-1942.993652
98.266724
366.507324
-802.241211
146.186035
1090.688477
1262.156250
1758.023926
-638.315918
-65.652344
-72.490234
1376.368652
918.843750
3685.051758
7050.623535
7855.766113
6876.541992
2145.174805
-710.513672
1576.007812
-72.607422
-652.259766
-568.857849
-999.470337
-543.434509
-514.916504
-935.454102
-1363.144531
-851.524536
22.826904
1012.538696
32.340820
44.025146
48.023193
536.954102
867.399902
-1114.618164
-1222.920410
258.766846
-2030.298340
-1009.791992
249.549805
168.813477
-307.806580
1107.401367
1848.521484
-239.781006
-993.862793
2270.547363
223.816406
-281.524536
-1233.923096
-309.558594
674.303711
-703.776123
-681.945374
-675.486328
-1269.327637
-943.079346
-1063.964722
-674.165283
230.557129
535.086914
418.899902
175.375000
-380.569336
105.892578
670.908447
910.057129
-44.743408
-49.571106
-879.870850
-378.160645
-129.935059
592.319275
2804.546875
2619.550293
249.164673
-942.427917
220.377930
194.254883
815.318115
448.567627
-173.649414
1018.309021
-182.758301
-8.008789
-702.096924
-620.565918
-543.305176
296.913330
-362.642029
-156.517242
-812.460205
64.308350
1799.669434
-167.640869
-162.121536
544.231812
461.635986
509.051758
1168.917114
277.033569
-445.570557
-130.843750
-144.957520
218.122070
856.155884
397.913086
-369.736328
-3333.546387
-3023.499512
-439.714996
1621.465820
2142.139648
922.811646
-821.327393
438.193848
463.491211
-708.116821
361.159180
535.015869
415.993164
-789.409180
302.427246
-867.859009
-376.181641
1123.072754
-192.575195
492.743164
-1633.524048
-3862.382568
-1145.882324
1220.403809
2134.736328
2964.083496
-256.058838
449.147217
1360.166748
-108.284180
106.423340
-73.323730
-62.900513
526.525146
-587.061523
191.329468
-975.853394
-4230.345215
-2705.954590
1731.718994
2220.746338
507.528320
-2621.666504
-6017.889648
-1921.536499
1390.564209
1473.889160
1514.298828
-1527.260742
-2316.294922
277.758301
-268.196289
-833.524536
165.946289
-523.104980
-795.373535
-48.867676
14.211914
598.920410
-251.169678
-786.615723
810.955322
1024.278809
253.084473
-234.273193
41.445312
61.909180
900.450928
-584.328369
113.760742
1261.200439
-289.582642
-939.524536
-4211.058594
-6638.896484
-4227.895020
-589.524536
723.950684
-38.512939
-69.479004
187.326172
-498.837402
547.644775
-941.154297
-945.354248
-272.909180
-500.132812
-673.616211
651.181641
1753.674072
3588.734375
2496.718994
-656.132935
-167.808273
956.886414
4.704590
-1277.633789
-606.637756
-322.024414
944.851562
596.318359
-995.660828
-266.611816
-269.515625
-761.770142
670.076172
1632.184570
199.916992
67.890625
-2373.485352
-3309.286621
-1593.329102
-197.537109
472.396973
-255.544189
1.375977
-10.429932
-246.889160
-389.353516
-1210.702271
-1510.016357
311.553650
3738.386963
3302.703125
-455.442871
256.760498
752.586426
-476.071167
4798.968750
6552.170898
1126.776611
-1084.018066
-823.760742
-1353.586914
911.136902
-661.749023
-109.115234
952.654846
395.923828
-123.810547
-1070.725098
-1174.087646
41.439941
765.644287
241.000275
50.744873
1628.530273
407.439453
543.913574
212.722412
1162.594482
428.719727
2018.042969
3166.896484
496.926758
-421.278809
-113.582764
765.385254
1159.592651
-775.190186
-5429.917969
-2149.699707
-111.147705
731.626831
-1079.661133
287.283691
-770.165527
-427.312256
531.580566
-185.049866
362.818848
-115.289062
886.394409
4930.048828
5361.350586
3451.251465
780.050781
246.016113
794.550415
-682.820557
-789.403809
-2285.835938
-4211.739746
87.770874
1319.538574
-1408.731079
-1275.315674
327.258301
197.774170
-851.824463
-1351.186523
-3033.916016
-2835.225098
565.023743
746.544922
-41.682129
219.709106
1004.420349
808.058838
462.189941
680.010742
1374.644897
143.674622
-1133.064209
-536.039795
1070.264648
-607.707520
1124.509277
-1057.360840
-294.282227
686.092407
-1626.250000
-1387.130859
1659.495117
3516.582764
3861.805176
1156.533691
-676.999512
-140.836914
-1267.001953
-657.800964
-463.925049
-382.461914
-643.103027
-500.139893
675.014648
-529.936035
-881.733276
179.974854
-5426.522461
-5225.728027
-3507.825195
-2407.078857
120.003174
-101.744629
426.700195
1351.720703
-416.886475
-1095.175415
595.285645
737.202148
297.638184
-587.493652
-2156.486328
62.612183
-189.817139
-1198.595703
-515.310547
-188.758789
-329.849854
-1207.201660
-753.618408
251.855347
577.534302
-468.204407
-51.334473
2888.031250
1269.051758
-389.440063
-1375.927246
-1487.142578
472.897705
2306.667969
3581.546875
234.937943
-1040.304688
-1246.151367
529.856812
1052.201050
-742.181152
-1380.508789
175.075928
697.972656
859.214355
2735.301514
2030.392090
-678.617188
-1196.478516
612.586914
403.655273
-68.174316
611.000854
806.982056
303.225952
2535.689209
3086.307373
-538.869141
-1851.907715
-688.657715
1014.973389
198.995605
57.671875
-1279.981445
1121.651367
2464.459961
4442.724121
1212.651855
-286.023438
-566.083740
-408.482422
-505.889404
652.727051
800.127930
829.271240
-2183.976074
-729.429688
320.510254
-528.737793
-948.751953
701.264404
-100.100586
-29.431152
-429.760437
-525.361572
367.506409
167.231445
-1601.113281
-530.857849
-1064.119629
-3496.672852
-1858.888672
492.563477
1618.935181
5548.294434
1584.652344
-603.892090
1386.185791
458.971191
-416.643799
-1409.520386
-402.102051
198.142166
106.536621
1029.962891
163.166016
-968.967285
217.696289
-42.128418
213.218994
677.344727
1038.466797
-383.692383
-78.379883
-1143.817139
-495.936768
1391.818359
368.289062
-872.528320
-1680.586914
335.148438
2433.222656
1846.990234
3502.475586
3794.876953
162.489258
-231.769043
-1028.929688
-1041.162109
-1258.080566
-465.199707
8.538086
487.622559
-20.902817
-787.857849
672.484009
-384.234375
947.606689
-338.400391
-706.002686
303.740234
-96.806641
-2549.302734
-445.030762
-103.122803
1819.142212
1020.422119
1286.350464
757.846069
1803.507812
1563.077393
1591.713379
-1108.454834
466.797607
-1021.403320
-1291.875977
-664.722900
-585.010254
1318.111328
534.785156
-721.139404
-907.006592
-596.444824
537.011169
-1372.539062
-817.784668
213.615723
127.544434
-599.450195
-625.361145
-249.049316
-145.366699
-579.895142
-380.694580
866.530762
705.164307
-295.007324
115.024719
774.010742
-44.641602
-225.797363
-297.581909
-899.368958
-398.783691
141.352051
123.638916
-216.289062
-1874.841797
2842.289062
6244.802246
296.002930
-514.456909
162.986084
55.090210
-9.574219
584.784180
770.441895
-1754.437500
-2782.476562
-1871.067383
1118.870117
1673.479492
1100.645996
273.345703
-487.973633
-980.803223
-607.556641
-109.980469
594.512207
83.258789
-2578.766602
-318.620117
73.657471
390.279297
2347.125977
46.242432
-1355.569458
-149.503418
-170.801270
-1112.135742
-1256.830200
-1147.515259
932.280762
1246.130127
119.745667
-1112.758789
-2210.860840
-321.416992
-403.373535
118.336426
398.805908
-1067.102539
-641.360474
-127.864136
142.796204
-1116.336548
-436.003296
-179.853027
363.103516
4707.023926
8937.642578
6147.333984
644.198242
-2660.040527
-1246.214355
-1038.964600
-273.894531
-428.618164
-341.684082
761.290039
1985.232422
799.929199
-170.154053
1172.956543
-323.036133
-94.117188
2857.934570
629.081543
157.535645
-141.920898
822.086182
739.264343
-387.701660
624.853027
-526.663086
-1524.238770
56.370117
1023.495361
-497.502441
-1504.205078
-261.666992
-1944.839844
-1350.076172
646.319092
834.945801
758.251221
-199.127441
44.714355
472.784302
1251.883301
1051.383423
682.227783
329.343750
-311.441895
158.874023
73.960968
-1223.879395
-1388.401367
-1753.989258
568.784180
-330.524536
-1371.041016
-683.581177
-888.036133
419.191406
736.472168
63.113525
772.598633
575.282227
295.033203
2127.806641
768.349609
-961.508911
-127.552490
1510.054932
956.884399
851.968750
2374.881836
1036.597168
-1176.761963
1122.987061
1991.733276
-605.326172
364.398926
2439.255859
133.880737
-928.930664
-1016.270508
-1928.623535
-411.279053
-1468.343750
11.529297
1302.408203
-85.613464
-686.201660
-32.301880
-1408.873779
-2932.600342
-1291.857788
244.447021
-179.720459
220.223877
-446.110596
-218.234375
-1573.229492
191.233154
2649.233398
3357.955078
840.580078
-624.152344
-1210.104492
55.709961
1174.185547
-454.870850
-907.755981
-1209.893066
-1094.246216
667.864136
1281.150635
1003.835693
71.331055
-202.838867
490.703125
554.838867
1260.779907
357.407837
-331.885498
-379.823730
-1042.614258
-1355.504395
-80.089478
-86.432617
-1279.422852
-436.604980
-668.854492
-1332.302002
-588.327148
-1006.210449
-853.667480
439.454102
582.169434
279.342285
-538.682861
-4181.626465
-3956.959473
-1864.498535
-186.515381
-75.540771
619.624390
-223.406494
-792.402344
18.251465
78.041687
-497.825684
897.569092
1364.863037
1252.539551
1674.264648
1449.942871
10.464111
411.767578
-665.729004
-157.930176
-1397.078125
-705.689697
305.862549
397.220703
2025.225586
2569.499023
769.501709
-1007.349121
-451.262207
464.479248
-759.818848
-679.802979
-527.330566
274.398682
1167.540771
210.255615
-408.174316
182.114990
-1525.391846
-4043.603760
-2853.508789
507.768555
-911.961548
-1137.562744
2018.843262
4625.656250
4811.416992
4065.353516
1126.350830
23.966797
393.073730
-311.453369
65.235840
416.016602
1557.103516
-1881.227539
-1759.274902
-1403.932617
-3763.566406
-124.422363
1067.281738
-157.842285
936.648438
2928.193359
3683.662109
1770.523438
-765.829590
-1236.619141
-1433.337402
-1786.109131
804.882324
706.849121
-922.745117
-812.557129
-989.462891
-199.561523
1103.133301
-260.509888
597.671875
59.007324
340.561890
4747.410645
4929.692383
2088.511719
-1585.467773
-1761.520508
-310.073608
158.664062
545.389648
-419.844238
203.011414
1028.318481
-499.603271
-1087.641602
-70.362061
-17.298340
146.642334
492.931396
845.677856
233.424805
621.868164
566.085449
976.626221
844.769531
3396.238281
-4.851562
39.610352
681.378906
1309.915039
462.534546
1677.407227
-690.663208
-1221.388184
721.773682
-210.699707
948.045654
834.614990
-652.351379
312.568848
-611.847046
-1553.531250
-1561.782227
-1020.910156
-2130.961426
119.468719
675.439941
214.420654
1261.063232
902.431885
594.417725
-234.795410
-1211.540405
-777.389648
-4051.992188
-6102.171875
-4550.490234
-1952.263672
656.219604
209.334442
-1329.955566
-829.932129
565.770264
271.058838
-1137.433472
-490.571411
-464.426086
-1611.145874
331.305664
903.167969
2799.085938
3590.918457
942.371582
-617.391602
575.297974
-383.746338
606.312744
2155.683350
291.996948
631.735352
518.002930
484.268555
2885.100586
937.036133
-482.149414
-926.059570
-1309.240723
1123.024414
1303.727539
1073.414062
636.709961
172.746582
903.121582
392.364746
1338.389648
-610.856445
-2520.399902
-864.385742
315.411377
1656.964111
2506.100098
-238.559082
-2433.234375
-3646.213135
-1401.128418
-872.110352
-981.625000
732.272461
-331.721924
-927.812439
-884.505249
280.278931
1442.873291
463.582764
-654.229248
1132.995972
2360.912842
908.658691
-353.127686
-657.034180
965.651245
20.953125
-2790.140137
-647.793457
-193.728760
747.695801
1838.911621
1612.639648
-272.049805
35.248535
-297.881104
359.940735
291.364258
385.142151
370.860840
396.721680
550.125977
-398.682617
-265.675781
843.568848
-792.944336
-37.310059
-643.275635
-1054.903809
648.337280
1759.056885
1557.954102
919.381348
472.601562
2111.668945
1397.243164
2137.585938
2539.614990
1170.405518
147.995605
-121.088867
-1014.334839
391.914551
1101.347534
1340.730469
929.676270
246.579895
475.518066
2255.087402
-2177.385254
-681.690918
520.628174
-45.722656
474.812012
-560.837891
-1766.370117
-356.368652
1608.884766
369.998047
104.442627
-828.174072
-953.538269
-582.057373
1605.749023
1789.874023
1602.438477
188.341064
-323.162109
-756.693359
445.423828
-246.219727
575.024414
349.203064
740.057129
728.653320
-481.088379
-1245.687866
-478.639648
811.444824
-292.887939
-699.707031
-883.030762
-1169.717651
904.249512
392.381836
618.206543
-1277.178589
-3290.504883
-1785.671631
2391.640381
5979.142578
4629.770508
-938.619873
-2781.479492
-1979.923096
386.142181
-319.893555
-531.022217
1163.799072
-607.941895
-701.561523
-1490.981689
-1641.083496
-1605.610352
-4362.409180
-2206.790039
347.937500
-671.632568
800.704102
-930.121277
-762.198242
718.637451
-287.637695
-1271.162598
-876.262329
-869.539062
223.875000
622.208008
1243.263672
332.671875
121.512695
-308.361572
841.784790
850.997925
1513.059692
336.981262
1052.325684
1450.911621
566.774414
100.562988
1649.876465
2016.810303
375.795898
-201.013916
957.596191
841.574829
1307.185059
298.790527
-1002.380493
244.523926
90.395264
-988.199707
-786.613403
-1025.457275
-582.679443
-210.890137
-761.404297
-1148.880859
-3053.849121
-1104.335449
946.782715
2929.708984
4833.044434
2997.806641
137.052002
-1205.618042
-1387.204834
-1400.774902
-633.350586
-599.358643
684.759338
4299.299805
3429.306641
37.713989
-397.394043
-56.979004
-122.211548
286.773682
-416.481934
651.094727
893.061035
-366.478027
-1359.511841
-149.373779
732.377930
595.166504
-547.970703
65.841553
202.253418
-1161.451416
-659.864014
878.338867
2287.394531
2255.275391
-974.939697
-466.282898
725.017700
853.575195
133.759521
-2884.351562
-4824.447266
-2180.915039
126.791016
-189.919434
489.206787
1559.558228
1866.930664
909.663574
-313.316406
-1262.908203
-592.184570
612.375732
-901.948242
2488.285156
1269.946289
-793.299072
5.757812
1024.999023
-404.425293
-555.834961
-650.301514
607.385010
2111.609375
616.273376
521.709045
336.868439
-19.519989
19.488037
357.530762
944.341797
889.664062
165.003601
303.149902
744.487305
542.448242
-283.225586
-784.645386
143.475464
6.552002
-2372.905762
-1183.398438
891.772949
-964.418091
-859.089600
-82.094238
-249.475586
525.468384
-95.869629
1891.250000
1307.936523
-1012.887939
-1104.174561
-2630.125488
-516.965698
1091.338501
854.475464
4207.314453
3753.668945
1341.904297
2929.611328
872.796387
256.126465
707.159424
-399.524536
-332.596680
899.266113
-514.192383
-719.445557
-1300.079102
-955.667969
1149.406250
-132.962646
-1068.317017
-66.016113
344.061035
94.119629
133.871582
649.908447
-524.524536
-1226.050049
352.575928
-549.066284
-570.725342
542.223267
-1243.198730
-877.542236
364.435059
-124.316895
3.013290
-79.933350
-283.642822
2234.658936
1646.235596
-1614.380371
-927.091797
-1622.406738
425.744385
1592.503418
-264.564941
-587.771484
283.551147
800.867554
321.233398
366.427734
-28.936523
464.098145
-360.941406
-1418.408081
-760.948975
-369.972168
497.880005
335.372437
-401.323486
845.525635
974.219727
-110.659180
261.070312
-1231.259766
-2192.223877
333.084473
3807.895996
3539.749023
5.525391
-106.097046
-836.521484
-1542.335449
827.391235
1470.361328
878.062012
-713.564209
-1420.032349
-520.835449
-48.577148
569.865234
-618.847656
-87.721191
1826.634277
1087.578613
-84.458740
-3274.201660
-3871.147949
-1181.324341
424.954529
349.952148
204.719727
-193.910645
-471.930420
-920.840820
448.270508
174.242188
-147.006836
1022.583496
942.439941
-1212.885742
106.663086
-645.781006
-1064.987305
523.510986
864.696533
27.028381
106.320312
-262.926758
257.028809
962.546387
1180.452271
644.192139
-551.351318
-1254.813965
-1320.924927
312.378906
948.797363
-380.052490
-725.179199
2062.896484
2185.384766
677.593750
160.445557
492.492981
1774.597900
1503.375610
-18.239014
-821.498535
-541.695312
-4219.303711
-5505.678711
-2530.089355
318.759521
487.512207
-1689.983398
-1509.641602
-1101.543701
-594.722168
520.366211
523.064941
-796.131226
-653.317749
1540.191650
960.271118
1024.160645
1110.439697
267.181274
820.135132
1031.921387
537.992432
-269.210083
-123.582764
224.683105
-1434.978516
-1668.415283
-70.857834
848.489746
696.059082
192.553223
446.740845
57.120483
-181.559814
406.065918
27.984375
431.161133
1057.083252
826.908936
-124.274170
1062.706055
-1024.558594
-1740.891602
-1054.777832
164.965820
-602.052246
-178.123291
-1048.116211
79.969238
-278.034180
992.097168
434.190430
-313.177246
777.149414
1066.708740
288.385010
273.476562
193.950195
18.800293
-328.722656
-1578.209961
17.442383
791.691406
458.783203
-1611.038574
-962.950928
-711.505859
-496.232910
-118.167725
989.700684
268.770508
-716.187500
272.108398
762.283203
-474.247803
929.594727
1706.634766
3070.106445
863.648438
853.951660
67.157715
-83.109375
603.157227
-388.656250
1003.661621
149.015625
1143.619385
1496.834961
1025.015625
794.465332
-86.523438
-313.187500
-399.347900
-265.654449
835.531860
-685.781982
-1467.015137
-116.095459
450.723511
1050.691162
90.061279
-993.580566
-893.679565
-161.808105
444.161133
969.690430
-1.486328
2345.469238
4416.426270
9605.185547
6155.664062
688.113281
-1888.045898
-2600.511719
456.877930
344.536865
-704.672363
310.373047
-1870.253784
-497.966919
1561.323730
733.900391
1054.740234
-495.500977
1273.765503
378.935303
-985.105469
326.120850
-759.825684
-1990.831787
-695.899170
-319.207031
-997.399902
-155.551270
1283.926514
237.907959
-871.743896
-131.202881
1394.313965
991.704590
145.741211
-947.872192
-1507.001587
-1232.753174
-808.465881
-627.000244
-10.935059
61.338867
-877.415039
-34.337891
-976.106384
-307.300537
480.078125
-921.441040
-462.956665
730.728516
819.245850
1655.967773
-479.102722
-2025.471680
297.098389
1160.374268
-150.600342
-2092.965820
-5178.515625
-4507.845703
-69.893311
347.083008
-382.430176
426.900635
-356.994141
1441.543945
1272.251221
451.749512
-151.368164
745.042114
-133.908691
1012.405518
986.164551
2365.944336
-1037.396729
642.874023
705.755859
185.795410
-3646.541992
-3086.751465
253.181396
1024.999023
4900.380859
4927.874512
338.214844
-434.738403
157.566895
-66.881836
373.470947
-144.112305
-1340.959473
797.633362
1071.452637
-357.409180
270.731934
-265.934570
274.432617
940.757812
2037.130859
2297.244141
-389.421875
69.437927
1164.341309
1574.148926
-952.788574
-197.254150
1146.424072
80.104492
-1429.817383
2795.390625
2698.568115
381.833923
-1207.979248
-1297.787109
-281.330078
741.557373
1062.987549
-1398.224854
-1462.658691
-54.765381
132.142166
645.321045
683.974121
-456.024902
-4749.748047
-3489.466797
203.475464
198.937256
188.091797
595.357910
-3737.903320
-4777.464844
-1244.730469
-583.439453
-1965.351440
-162.800537
-2669.183105
-3403.158203
100.273438
-2397.274414
-332.671753
706.483398
-1442.026855
-876.790039
-784.010742
-732.161621
-1275.111084
281.327148
499.398193
-1723.095337
-637.879150
-2842.000977
-2220.980469
-416.213867
992.551758
2353.089844
2306.836914
-1064.472656
693.554688
157.458496
319.348145
2500.551758
4057.711914
414.422852
492.955811
520.167480
2905.529053
3372.358398
385.881836
-205.212402
-1394.035034
-218.014893
949.670410
807.653320
748.337402
362.258057
-657.465820
-90.400879
1712.187012
266.675018
-900.196777
-91.002197
809.168152
1673.233032
1502.979492
-204.650879
-481.560791
-1520.990112
-1091.268188
585.772461
944.608398
1681.847656
2257.579102
739.575195
-881.727051
-72.483887
-6.321289
608.358643
-1621.226929
-44.170410
481.595703
-105.959961
-289.395264
-916.702637
1256.986328
560.044922
4466.823242
5043.597656
928.958008
-271.222565
149.933594
-424.189453
-205.977539
-358.723389
445.333221
598.443115
969.954834
946.728455
738.024963
1573.154663
851.963379
-491.379395
-913.927246
-801.914062
-353.141968
321.921875
248.994629
-10.865479
414.140625
1384.459961
143.078125
119.282227
-174.020996
-19.810547
701.247314
803.785889
-231.851074
-1425.206055
-3767.982910
-6008.079590
-7142.873535
-3667.869385
181.635010
-657.322510
-91.774414
-1639.121094
-1530.291016
-2173.549316
-1431.637207
-3179.254883
-2578.426270
-360.010010
363.792480
-241.905273
316.690918
539.190918
613.130859
714.310547
1056.317383
-67.889648
-976.091797
44.716309
798.843750
-509.277832
888.076416
3616.809570
2323.916992
2265.853027
999.522705
826.172852
1050.098633
-318.993164
-147.155762
253.092773
526.142151
-1858.196289
-828.839355
-27.877441
-350.706299
275.041138
1327.820801
-688.147949
-868.120117
-789.623535
1077.036133
315.019836
-613.826660
832.976562
-868.865234
574.646973
-1659.700806
262.928467
674.932007
-1198.112183
1236.386230
1838.457520
1144.067627
-1519.450317
-1178.166504
2081.560303
753.989258
2617.403564
305.881836
574.009766
-513.136719
258.495361
827.403687
3011.679688
-61.398438
-3709.859375
-878.168457
1094.588379
4291.822266
4776.159668
259.513184
-803.298706
-142.273438
-879.902893
652.562500
-640.353516
-1572.166016
-30.405273
-107.640137
307.247406
824.890869
3502.747559
839.348389
315.322510
1113.735229
722.142151
-543.730225
657.199707
800.666016
334.387451
-2306.441650
-997.936279
691.092041
-73.224121
1674.152832
585.546875
-33.375977
-696.876953
-836.549561
-1014.191406
-151.243164
352.041992
-493.481689
-968.857849
-1055.501953
-121.835205
-761.927246
-852.442322
-1257.316162
1040.715332
125.346191
103.472046
34.065498
-182.348389
182.079102
-686.831543
-450.728516
404.634644
57.405640
-722.711548
-462.862549
-690.920898
-1827.828125
-1547.601318
1176.239380
1164.505127
755.184570
2214.978516
-883.388184
-1131.493652
-1118.785156
192.659668
2254.759766
1170.007812
905.865234
2599.053223
144.565369
2355.354004
349.432129
-2851.677734
-3292.527344
-174.193848
575.215820
448.572754
1813.493164
154.823730
-945.384277
268.064941
914.768921
879.500488
897.089355
547.641357
91.102051
-473.466797
-1812.087769
-2489.829590
-472.087402
2531.373047
898.780273
-94.810669
-1574.551758
-1809.363770
-615.420654
-1223.460083
335.552673
1294.182739
-969.450928
-995.132812
1159.960938
1925.906250
-757.444580
-1157.479004
790.023438
560.166016
-1689.234009
-1477.353516
-1060.687988
524.974121
1372.443359
98.598755
792.529541
636.520264
-612.616699
-91.148560
432.928223
847.066406
563.092773
682.801758
4755.643555
3590.352051
549.475464
-555.597168
-1365.022949
30.927124
100.738281
-62.804688
-644.399902
-2969.989258
-677.718750
1065.867676
-225.978760
-247.387878
1232.923828
784.346802
624.561462
653.973755
567.427246
231.690918
757.350098
-1471.586182
-1085.582764
-3758.301270
-169.322266
737.209717
1576.512695
1083.584473
912.087891
2220.414551
1418.520996
728.914551
856.987061
1038.572998
759.826904
217.618652
-368.677246
-602.067871
958.588867
973.516357
-808.576538
1525.657227
2725.623047
151.915527
-136.114136
-298.260742
-727.732910
-490.666992
-371.778809
-90.257812
-328.524414
564.041626
234.547119
-639.610596
458.748993
-1561.819946
254.155273
2193.145020
-246.952637
-505.521484
-1708.969971
-1228.715820
1324.236328
-79.654297
116.723633
1161.139404
-640.306641
-1962.234863
-936.514404
-1771.140625
-1039.976562
-1666.941895
-1323.957520
658.151978
261.006348
298.649414
230.943848
-1368.628052
-638.849976
1017.862732
669.410156
-751.197998
-928.301453
-676.154541
-847.658691
-374.170868
232.810791
847.291992
1188.872314
558.647705
227.295654
998.394775
342.894043
238.394531
-334.129395
-196.568604
873.505981
435.687012
-275.128235
581.033325
1089.097534
873.745850
1074.267822
1515.972656
1077.320557
-193.704102
-1304.283203
-1240.054565
441.429688
224.869141
2472.189453
5142.717285
2406.973145
-31.125488
-260.019531
-163.731201
801.999268
-475.414795
-1213.122559
303.495117
1479.855957
453.903564
-763.579346
78.985107
-1166.445557
-2785.128418
-1330.642944
708.658691
454.622070
275.868652
766.170166
836.345215
861.553223
1165.488281
1195.239746
318.053223
-512.644958
1552.842407
5072.114258
4002.125488
3031.076172
1045.398438
1098.406250
504.870850
1482.280518
1377.475464
620.802246
-822.820312
-2159.485840
-1173.631592
-1199.888184
673.079102
1656.263184
1116.108398
2986.616211
2328.915527
-856.848694
174.229492
-1774.261719
-1115.433594
-1013.791992
2393.918945
2432.661377
303.210938
825.613464
-1362.030029
-2112.359375
260.424683
278.179932
178.742188
1437.773193
-1064.935059
-2723.230957
-2002.120850
-3291.864746
-2384.082520
-1935.637695
383.138672
1707.934204
-173.041748
-782.332764
-33.064148
-1456.114502
521.263916
1090.404785
-399.328369
-1675.415283
-1589.250610
-885.381287
145.588974
-1113.657104
-973.281372
760.693298
1073.558838
579.066406
715.745605
34.226562
-773.722168
-377.134644
1178.230957
651.256042
-114.687988
155.289551
-381.195435
-645.559570
-648.471680
-1335.320801
-910.085449
-199.741699
-849.555542
1922.702637
600.718262
-1143.161621
-722.645996
30.332275
1362.397949
1032.902832
-573.329102
-239.456482
-288.991699
76.951660
417.557922
1292.236328
376.987305
390.275391
-340.241943
-292.697388
-120.258057
-530.124756
-1108.225098
1599.977539
1231.332031
435.345459
-100.275635
-935.368164
-973.231689
466.166016
1403.143066
501.233398
-1520.390137
1601.933105
2142.004395
876.597656
2075.755859
-233.884766
419.912109
-32.027344
-1357.041992
380.778809
1194.394531
428.563477
-626.577637
-772.513672
-672.626953
-1961.581055
178.204590
163.661133
695.500977
398.460327
-1503.322754
-645.475098
214.293945
-793.871277
-127.166992
472.060181
260.324951
-169.391113
771.009766
2198.788086
543.357666
-25.295044
449.615723
-912.346680
-836.944580
-1560.250488
-705.846191
586.656006
-1392.723877
-1210.872437
854.645752
770.682861
259.447754
4583.211914
756.772705
953.298645
1781.406982
1580.199707
647.961426
561.367798
-169.634521
-229.979980
-816.795410
-571.540283
775.698975
652.444824
680.402588
865.049194
1129.728027
988.156738
69.024414
-911.653809
-558.889893
-340.571045
-3287.818848
-4325.700195
-1386.858398
-680.227051
-854.177734
-147.234863
569.958008
264.516113
-207.726929
-269.676025
-2594.357178
-1995.239868
540.771179
322.939758
2500.677002
3673.608887
322.105835
-959.627930
-978.111816
-744.713135
918.864014
1097.674072
82.055664
2437.657227
1874.155273
1212.261719
-650.450195
-1225.870605
-89.784630
753.944946
219.833984
-1399.857788
-474.779053
575.113281
-246.022217
714.063232
1219.718994
521.353516
319.820312
433.481689
344.610352
909.614258
92.420898
1299.344482
75.850098
-309.391357
705.895020
-98.203857
379.674072
783.969238
-564.409912
-1056.167725
-398.142578
25.690430
-160.764648
860.487183
-936.360352
-1518.866699
-1708.205322
-2782.282227
-785.582031
3329.426270
5322.682617
2941.812500
474.904053
711.167847
-305.028809
-1173.204590
-205.378906
571.622559
762.892578
590.594238
457.260742
-254.923340
93.699524
2024.207764
1142.790039
1862.354492
-190.503906
297.383972
-450.370850
-777.746277
290.683105
1485.041504
97.548340
-851.951172
-468.597168
49.497559
486.401855
-1020.979248
-1074.726074
-594.168213
415.146973
149.181152
171.324951
-850.624634
466.745605
699.913574
366.364258
378.667480
43.059570
418.225098
1407.689941
1148.408691
631.270508
-157.327637
-747.010498
-1037.308716
-1344.477539
29.085938
284.314941
969.885742
1699.689453
-365.092285
66.087891
342.274414
-619.793457
423.294067
884.189453
-293.970703
-209.442627
-801.149170
-501.556641
484.145691
-208.045410
-181.360107
-468.023315
1428.716187
3447.823730
-379.198242
-1084.117188
183.947754
557.437500
-778.917480
-670.419250
1363.705078
410.550293
-1065.633911
942.737793
505.588013
544.968384
892.137939
1612.339722
331.799377
-310.028442
495.578857
60.388916
489.926300
51.235107
-582.146484
171.264160
197.402344
1394.028809
1643.459473
-117.081482
-1245.552734
-446.657471
-113.655273
-1140.532715
-663.332764
-710.800049
-511.366455
-2043.555176
-948.580078
1276.423828
-134.555908
304.238495
1.410889
-603.285156
254.984375
-266.011719
348.474854
410.792480
-757.562012
91.806152
461.135254
367.947266
897.082031
1048.143555
11.415527
-964.119629
184.237305
203.897461
517.452148
-185.836914
84.447754
451.811401
444.388672
-673.396973
-2368.513184
-2708.545410
-168.479858
664.765015
355.732422
-951.953674
894.561279
1675.932129
-414.420898
-1096.471924
-754.258179
-1.226562
941.471680
2787.557129
5424.626953
5374.364258
1767.104492
-275.626953
532.964844
-119.933411
-872.724121
278.782959
601.872681
-1372.990234
-1873.295898
486.258789
-377.884766
360.694214
-457.605957
-1364.797852
337.480957
-1255.467896
-443.857849
559.597778
-634.720764
181.839722
830.705811
3702.098877
3584.266113
568.861816
1211.562500
1829.051270
-435.241211
-729.901123
1599.310547
1371.183594
-858.341003
-1294.669922
855.521484
1117.928711
-686.145508
-1776.573486
-1427.285522
-300.655273
-170.053711
-725.235352
406.873535
1039.773926
-363.819275
-1167.630493
1103.455811
-220.297607
-238.872925
3757.530273
2582.359375
-791.240112
-1194.088379
-1613.477051
-225.911621
1289.195068
2549.607910
317.693726
-1166.524536
694.661133
470.194824
-340.860474
-6.818604
704.573730
-758.011780
78.550354
1162.205566
995.703125
269.617188
-1347.054688
305.794434
1723.743164
521.638672
2205.325195
533.879883
-3.826538
1150.607422
3095.000000
619.520874
-142.593750
-33.533691
873.960083
899.218262
492.448730
173.813965
345.382690
-2681.227539
-279.130859
-72.708984
-1064.598267
-743.881226
-131.630859
-1878.120117
1414.387695
329.491211
921.216309
447.475464
25.503540
-773.656006
-301.877441
127.793457
177.608841
653.389160
2741.393555
1014.750977
-942.718750
-1071.575195
-2239.818848
-867.261108
173.395264
-1450.583496
-1038.747070
1222.660156
577.042480
-641.790771
174.328918
81.980957
1943.199707
1520.512695
2187.428467
560.835693
-100.301514
-498.970459
-1495.857788
-1846.748291
-83.937012
1016.475464
303.110107
-77.710938
565.185547
16.773315
315.176514
1271.142212
900.764648
-168.055664
586.168457
27.504639
1781.201416
-766.053711
289.989258
-49.082520
-1259.213379
-353.963867
249.518066
-651.789307
-698.546143
402.194092
880.860596
655.214600
159.432129
-1036.613892
375.250732
-209.704712
-3267.943848
-1877.145020
337.213867
-16.616943
1165.624268
695.416992
-3612.305176
-7263.019043
-6445.916504
-2855.508789
-2333.181641
1065.968262
660.150146
614.460938
553.862305
294.882568
3809.440918
3307.401367
2454.686035
334.140625
275.521484
1244.666992
1012.142151
596.507080
-38.997559
890.244263
1296.242676
58.327148
1005.599243
-831.029785
-2290.129639
-66.231201
86.487427
-494.535645
-256.891113
-582.676270
-14.761414
1589.644531
1280.442139
1191.999268
1087.809448
389.447754
456.832520
2007.283203
-106.729126
-1543.147217
-920.441406
-364.544189
1124.231201
990.224121
800.772949
122.895996
99.528076
351.660889
535.270508
2216.718506
-185.491699
346.658691
-233.908691
686.584473
2940.791504
-347.322876
-905.083740
-424.107666
-679.621338
2355.724121
1740.441406
273.433594
1042.930176
774.446289
635.437988
-801.148926
-241.117676
410.657227
489.128906
2647.137695
6140.586914
3107.786621
461.405029
-866.476562
8.540527
839.518066
1144.568726
1163.010498
516.498779
401.419189
346.347656
959.708984
55.776367
-1108.041992
-128.052246
-2182.848633
545.989746
556.994629
643.025391
-402.183716
1289.058594
2389.888672
-164.774902
866.300293
-246.969971
-1865.812500
-643.406250
501.060547
1109.978516
570.764648
-1467.166016
-1641.901855
-1889.481445
796.396973
902.873535
-40.830566
-201.292480
-1354.939575
54.098450
-148.292969
-1472.163086
-930.587891
532.953613
509.399414
584.510986
2601.798096
138.163605
-422.579346
1181.536133
-7.014160
250.642090
-226.735596
1912.724365
4591.946289
1246.485107
-1682.646118
956.857422
595.865234
91.389160
-1465.612305
-1660.457275
-170.599792
-266.886475
1050.092773
2103.416992
-179.912109
-1913.107178
-1676.885254
-801.662231
-434.016113
310.790039
-2211.069336
-2523.706543
-607.942688
-657.835815
-62.609680
3813.650879
1872.087402
21.712402
-558.323486
-182.730957
465.683594
-158.718750
-1198.159912
90.132324
1016.488770
841.272949
804.987305
-398.328735
-399.953613
367.992676
20.180664
743.368896
655.424927
489.778381
534.092285
323.339355
1210.306641
180.525604
627.371094
1226.974609
730.480469
667.252197
1584.473633
312.118652
2057.597656
1785.899414
1720.642090
881.321472
-239.557007
-816.059814
-60.933105
-1768.002441
-1639.300659
-10.445801
-1004.583008
-653.743408
-384.541016
-3424.938477
-2458.581787
-1140.743652
-1101.827148
637.038086
1623.046387
492.272217
224.964935
604.020508
-345.057617
-553.220703
706.029785
682.247559
-111.026367
-680.137695
-401.550781
775.765625
-8.864990
420.497192
1189.937012
626.148193
-561.998779
-1343.143799
-400.850342
152.189453
-919.348145
-634.290771
27.986084
2421.399414
891.011719
897.929688
-515.264160
-165.489990
1171.924072
93.764160
-1001.471008
-1124.304565
-4265.645508
-2460.652588
1498.475464
278.727295
113.916504
-272.206055
-309.807129
845.910645
906.702393
1143.311035
415.246582
651.055176
-151.386719
251.698364
64.025391
380.387695
-522.475098
553.839661
3267.420410
1083.524902
-1254.933838
386.669434
406.346680
-695.697998
422.264404
-752.625732
-2062.735352
-777.425781
1149.037109
1244.312500
1611.529297
237.854492
-2237.514648
-265.803833
1305.414062
1761.208008
1975.535645
-247.186279
-676.009155
209.278809
-2393.613281
-2839.624023
-354.969360
306.371582
-271.577148
-22.882812
220.025879
-146.636719
2166.502441
1172.978516
1280.142578
472.103516
-928.112793
-1931.529053
279.221680
-58.716553
-1607.266968
-1491.791016
-315.484375
64.581055
235.128906
-83.350372
-466.117188
1002.251465
1084.747559
305.668945
-154.277710
-547.494629
1954.679688
4153.842773
771.910400
-1006.844971
486.439850
649.135498
-366.481934
191.614014
309.973145
-921.670410
-753.722656
831.338867
-249.726074
823.978516
572.644531
1019.395508
105.948730
-244.738525
440.161377
-1318.770508
-548.229370
1616.697144
1589.767090
-348.544434
-346.946289
766.282959
454.475464
-843.366699
-1135.206787
501.403687
387.101196
-1088.641602
-1213.456543
875.153809
765.024902
619.120117
895.813965
109.187256
-409.144775
2251.289307
3954.174072
1438.549072
-337.099121
355.808594
472.980469
828.098145
1925.959717
655.763733
-927.450195
453.469727
1212.090210
143.829102
-153.363281
-120.840332
-1082.775146
-690.834473
7.360352
1178.619751
406.476318
527.491699
273.666748
576.282227
-1701.590820
-5089.143066
-8506.413086
-4677.322266
-505.320312
205.297852
-298.571777
-814.809021
-951.086914
1341.137695
443.813477
327.708282
931.741211
536.663147
25.154785
1954.336426
1303.101562
30.759155
545.873535
-446.158081
-837.416992
446.770020
741.739258
356.304688
-53.790039
909.459961
481.082031
-206.965698
829.748535
4203.777832
1190.015137
-298.632263
97.226074
-738.576660
-1905.933228
-714.794556
1018.142151
1549.390991
-101.223389
-536.191162
-249.524506
632.628052
-752.210449
1618.016113
1192.868408
3136.515381
2682.177246
960.462646
-106.787842
207.946533
371.857910
-367.147949
-1042.510742
-1559.907471
331.841827
812.787354
-663.259705
-1608.364502
-623.765869
-219.968750
168.027344
444.288086
-609.459717
487.350830
634.896729
-267.443176
180.941650
-342.833496
636.173340
802.045410
-1591.453125
-982.825195
-180.414062
-1864.623047
839.388672
273.306641
-578.983398
977.364197
-2612.044922
-2808.475098
-160.626465
122.428711
-405.531738
-56.233887
838.935547
115.211182
-497.010010
878.236816
-91.252930
-2652.068359
-997.750244
1121.781006
-23.797852
36.595459
619.070068
-1142.611938
-910.777832
78.070557
-678.264648
-60.052002
-84.575684
298.963623
1059.456543
494.830322
2775.577637
3900.351807
2510.040527
127.005371
-1165.763916
-164.311768
172.125977
-439.220093
-559.111572
-1408.118896
-1033.633667
-1026.291748
-394.618835
-267.224854
-250.656189
611.322266
-736.628906
-222.332520
294.987000
821.900635
487.200653
-1618.744629
-164.369141
-297.676270
1550.162354
4637.622070
946.042236
-736.760376
279.685547
-336.994202
323.217773
1405.360352
2950.000977
268.164062
-1082.305664
2.194336
640.515137
771.502930
108.178223
313.794556
572.578979
123.259705
-14.083496
-99.649048
303.634277
662.332520
152.574707
-1205.048828
-1971.788086
-2033.690430
-527.907715
1101.276367
856.775391
-116.280273
-920.441650
-322.041992
-799.450928
978.353516
2065.226562
158.871094
-502.818542
-50.693359
-1736.164062
606.475464
374.118164
1533.822266
368.588867
-125.822510
770.300781
1011.724365
-675.108398
-284.232910
624.236816
-33.830566
-768.332153
-688.269531
-875.167969
-399.957275
470.235840
-319.997314
-775.201660
-866.950317
324.384827
1701.340820
1213.128906
32.596680
635.192383
-1304.464844
-2214.768311
-956.730469
155.996094
630.232422
-1176.524536
-529.588867
-451.214722
-599.641113
-110.026855
137.802246
646.592285
1491.045898
834.496704
209.763794
-824.877930
-118.061279
762.014404
-221.145996
-1390.673340
-972.598877
-332.551880
1470.562378
1088.247803
196.988770
-200.795654
-1364.194580
-165.363281
1417.591553
2947.094971
1437.533569
936.432861
-88.270020
-318.213867
-131.691895
-1386.725342
-1792.513428
363.225342
1809.509521
4414.162109
6062.387695
149.801270
355.427246
-1301.496826
1690.517090
930.390625
-1239.751953
1357.436035
525.094727
-611.857788
957.947266
716.940430
-861.351807
319.584961
-2567.177734
-2716.750977
-1948.476318
-1523.419922
-1485.174805
-392.501892
-1212.868164
-623.011230
-149.494995
618.994141
260.435181
384.315674
2149.377930
-525.133179
798.546875
134.250977
-741.156494
-607.820801
-1581.376953
766.658203
1061.329834
867.593994
-402.455566
-278.058594
190.000732
141.725952
426.275513
-54.521973
905.483398
2358.971680
1458.318848
-475.344971
-142.084229
489.141602
154.074707
2063.973145
1142.593628
163.276367
594.250977
663.888672
-2670.345215
1665.120605
69.888672
758.788330
1115.574707
113.640656
2949.314453
1808.743164
-1157.068359
-1.188957
48.149414
493.779785
1319.621094
141.048218
-1409.990234
-977.012695
-647.452148
103.681152
-1342.522949
1727.815430
1009.889648
244.484131
-1116.524536
-614.721069
934.247803
1118.376465
627.749512
-603.362915
-745.783203
-1131.308716
-1103.580444
100.819458
-494.177429
-321.715942
454.289062
149.214355
-108.291504
210.832031
-2258.960938
-6672.628906
-4626.071289
-257.975769
1458.233887
4200.547852
1013.582520
248.395752
-249.100098
1250.735840
2154.576172
2133.073486
-290.470215
422.002441
110.759888
-886.187744
-1353.328125
-462.828125
-16.201172
485.206421
-2546.316406
-5866.646973
-2892.325684
657.474731
407.198730
1307.027832
-516.880371
-4199.512695
315.986816
-332.787598
-168.578613
284.275391
202.233398
-470.770264
-473.661133
67.421143
862.712158
83.903320
-846.656128
-16.235229
180.619171
325.205322
-183.046875
299.603027
3967.075195
5424.121094
1442.318481
-478.265137
194.105896
-502.262207
-1328.515015
318.475464
1514.999268
543.501953
1023.640625
2363.915039
-398.356445
2595.555664
2306.916504
1052.739502
-332.684082
-994.525391
123.371826
705.435791
1313.378662
217.899902
47.048515
-359.044922
1412.822266
128.377930
290.458496
312.470703
1623.781250
-206.055176
91.956787
-1870.999023
-229.614258
-2404.477539
-2165.492676
400.351318
-524.807983
-1245.832275
408.840820
-907.298462
-1641.854980
-981.124023
264.192993
-1637.877930
-7068.374023
-9174.975586
-5300.929688
-387.307129
-393.504395
-294.891602
297.586731
92.249512
3087.080078
3793.477051
1413.485107
-1550.744629
-2403.456543
-1522.024902
302.409058
1124.185059
2377.157471
1598.507568
1033.371094
3114.464844
392.674316
-687.387146
-181.267822
-1211.172852
-579.855469
-114.715332
-441.163574
-535.270752
550.181641
522.580811
355.855957
485.600586
1277.485840
1353.362915
1426.517822
-113.169922
-1159.099854
-575.734619
668.844238
623.565430
-262.112305
851.105957
-48.845215
759.130859
914.744629
137.865234
306.742676
696.063965
514.974365
-627.794922
474.311523
1068.012695
-603.585938
-392.890625
-749.949829
348.640137
693.125000
156.952393
531.430420
-373.044434
574.776367
4398.793457
1538.648438
-475.065430
-1306.065430
-447.391846
-558.708496
-647.290405
89.730469
-6308.666992
-9225.248047
-961.645996
1554.822754
-343.218079
-609.300659
-405.484741
-187.021362
-626.507812
73.469238
259.554199
-1348.379517
-2660.371826
-435.434814
602.161377
-1031.513184
-10.274414
-271.095947
-1166.755249
29.743164
-1104.759521
-3590.204590
-4241.550293
-674.708984
-69.129883
11.639648
1115.441162
331.765625
604.596191
-157.407471
-271.890625
526.787109
193.469147
381.113770
1444.555664
2373.227539
1676.862061
420.566406
-215.384277
-2125.375732
-1144.479370
273.532959
-1106.267944
317.551270
951.625977
511.109863
-510.707764
-2942.524414
-955.387451
978.996216
1067.750732
4068.717285
4044.076172
94.756348
-796.994629
383.250000
454.341064
-860.847412
-352.391602
-237.221191
27.472656
815.737061
230.539307
-378.299316
1346.143555
-115.299316
245.015381
1154.923340
2605.345215
813.049805
-299.538086
-1311.674072
-1558.867798
557.043457
896.665039
82.089844
272.949707
929.142151
318.156738
458.823242
408.999023
712.934082
2168.034424
4738.442383
4285.867188
1527.075195
-192.736328
-474.607361
150.855957
-649.911133
-976.788574
49.375488
967.962830
1274.503174
1433.502197
988.381470
1083.086914
1686.277588
1882.253174
2130.414062
1473.765137
-1246.896484
1447.623047
-52.626465
-1186.695801
-370.363281
-657.243164
1755.396240
1106.192871
82.143555
279.660156
1203.780273
-278.595703
535.471191
-58.156250
-1458.163818
-1868.587158
-600.270142
-998.111816
205.683594
543.883789
3307.002441
4188.362305
2869.506836
183.111115
1502.007080
644.212402
61.150879
-321.169922
-415.947754
-465.955933
301.388672
106.239746
-333.567383
214.407715
683.080811
266.280884
727.446777
1265.657959
1165.206055
623.955078
-923.356445
-1875.839844
-2621.944336
-644.847656
-33.170410
1138.258057
3035.186279
2959.899658
-494.185059
56.007812
665.475464
87.292114
-1123.928345
-709.872559
1007.197510
-309.006348
-1015.261719
177.514648
-38.491455
-1045.072998
-413.586914
71.118958
50.895752
-1182.981079
-1396.569580
328.623047
1008.654297
361.023926
-904.630127
-1333.107666
-326.096191
960.691895
-605.025269
-451.994202
1712.752563
677.643066
-607.230469
1763.075195
1030.391602
475.185059
-76.503296
-1187.931885
417.556274
172.862793
1706.564453
1186.391602
-1095.724854
153.324219
486.274658
397.023438
-1559.122070
-761.250977
-73.059570
-342.291382
4066.117188
7573.697754
3421.901123
-128.572327
116.188477
-1348.899902
-499.906555
1512.311035
218.474609
-610.583008
-6.509277
684.898682
-1915.300293
-2772.722656
-3756.840820
-3398.763428
-253.318176
668.180603
-1462.705811
-189.533691
921.001465
289.692383
228.221191
-611.619629
-962.956787
380.872192
1114.826294
1221.541138
880.331421
625.385803
343.997192
344.460449
1552.629395
965.072388
-290.021606
-896.021606
-855.970215
1769.886719
2931.019531
1056.405273
-753.298462
-992.687012
430.438965
115.748535
408.017334
-36.464111
-2283.381836
-2415.250488
-106.963379
-1077.712769
-1234.668457
-2524.230713
-603.084961
16.426758
699.645508
169.230957
643.414551
458.812012
-249.020996
227.556152
209.730957
-515.117432
893.507080
215.061401
-527.241211
-268.965942
290.672852
919.307617
-232.335938
556.168701
647.586182
1721.293945
928.963867
298.544189
-51.144165
-3105.128906
-1423.914551
1081.672852
1138.598633
1769.124023
791.145996
-673.325195
1083.563232
578.413086
-932.547852
-1116.845947
189.362732
1159.445801
1809.237793
1797.780273
621.669922
-1752.752441
-74.587708
-287.132812
370.166016
1253.881836
2035.398926
689.252197
-527.846680
1515.135986
2690.439941
597.980469
144.833008
873.048828
2046.135742
1680.268555
-167.695068
628.417969
461.758789
-1909.370117
-2913.392822
-115.996582
-786.494141
1061.172119
1579.447266
-107.689453
-162.377686
833.688965
-944.231079
-1281.529053
-841.973572
-908.088684
547.670898
589.708496
-280.145508
-530.108398
-420.036133
-426.240234
-1210.124023
-134.154297
1520.526367
-680.192383
-769.081055
-391.019287
2560.298584
2059.990234
398.258301
283.895477
-896.662109
-1032.804199
1278.904297
1662.720215
1665.356445
623.862793
-226.436279
-573.208496
94.952148
5486.645020
2025.779785
6160.894043
1629.336426
-486.427246
879.297852
211.458984
-465.438965
1289.193359
-299.340820
370.422668
-438.931152
-651.394531
-399.180176
-1280.311035
2485.272949
1218.749268
-0.751831
-1448.437988
-546.519531
-498.160645
-118.730225
459.291992
982.933594
-826.166992
-1741.524536
-536.712646
783.141113
-108.496582
-900.824463
-895.694336
-2097.449219
-635.374023
-2035.810791
-1940.311157
971.014771
1256.865967
486.311523
933.285156
1513.244141
-241.953857
-346.756348
64.438721
29.475464
757.956055
845.226807
-1077.589111
621.996765
2181.306885
595.708496
124.592285
672.203735
-250.484863
-835.947266
1323.142212
1994.805176
2129.536133
1709.304199
-131.595703
-340.767883
128.004150
-750.502686
-428.738281
773.163086
337.142090
-908.485596
-376.894043
802.971008
794.125977
-505.047852
-98.011963
31.513672
-399.583984
858.481934
341.172363
-2796.587891
-1714.312988
-1485.971680
-2018.746582
-711.704590
-426.049561
1466.610352
1516.734375
255.773926
594.963013
1006.191895
185.056641
659.967529
168.012207
-1855.855225
-1666.281982
-1891.067383
-62.498047
1037.664062
708.747559
800.011475
-830.275513
-338.632202
1102.651367
260.234802
1116.184570
917.629883
571.435547
2296.776367
1220.211914
283.782227
443.472290
-305.988770
-293.970947
-457.870483
352.209229
-758.502686
-1729.542358
99.595459
723.230591
-137.535645
-16.839355
464.532227
-1003.428589
-1626.865601
-1300.115479
313.033203
-5270.342773
-3043.201172
-382.547852
1063.840332
3670.392578
3844.993164
-103.218018
682.143677
923.623535
1006.403320
654.278687
1363.300781
5432.134277
4986.463379
1283.294922
-30.682617
-196.241943
-580.657471
-543.589844
-655.988281
-233.165039
-336.124023
-1223.421387
-1364.842529
-642.155273
479.207031
-1080.664062
-128.226562
360.424561
525.017090
804.277222
881.244873
-496.375977
-144.495117
1317.774414
132.498047
-81.848633
-687.527832
119.262207
-213.804260
-1312.936035
-389.952637
-685.401794
-993.415527
-550.777344
1572.286133
1910.412109
-1025.827637
-723.436523
330.837891
-306.761230
438.846680
2004.917236
1060.202759
806.819214
-1206.385742
-1133.788086
370.434082
348.689941
-1080.904053
-399.342529
778.356201
410.959717
371.009094
-1128.005615
-5.189697
920.602051
-513.753418
-1978.418701
-645.418457
45.186279
1181.039307
735.895508
-437.302002
-74.299316
-31.384766
192.361328
341.037109
-160.378418
63.828003
528.506836
-695.000977
-135.547363
1168.815918
2435.360352
1344.431641
1184.951050
-1847.683105
-6717.970703
-2733.506836
410.247559
-700.803101
564.433594
-58.382324
829.700867
1349.664062
-828.147095
1072.074219
2186.333984
257.324707
218.632812
-14.643555
-576.442383
-542.911133
273.382324
-315.815308
-1055.807617
25.019043
1229.710449
-379.339844
-689.906006
-546.978516
-228.570801
-269.306030
-230.318359
1528.450684
-745.196289
-3294.082031
-2213.827881
737.258545
-851.631348
-168.737305
511.694031
873.074707
413.974121
1198.486816
1568.782715
-23.952148
-313.845703
387.444824
-247.097900
-20.840332
-507.708496
838.111084
1793.870117
-481.518066
-370.844238
-1700.744019
-1528.983398
1289.090332
993.402954
767.445801
1561.903320
1444.548828
8.173828
449.985474
688.208496
149.264404
1117.533203
1582.673828
3609.050781
9006.613281
1707.786499
1191.589844
-3591.118164
-883.836914
576.565430
-1197.351562
-893.915283
-277.806152
409.343750
-1128.822266
-285.872070
-143.054688
960.724609
3455.905518
7293.607422
5102.621094
1934.943848
-388.954102
-417.794922
645.052490
1122.743408
181.252441
526.340332
-1454.513672
-1741.309814
-254.234863
-825.179688
-1170.528809
-514.118652
-486.722412
1453.722412
2656.473877
176.407471
-1404.009277
-1699.441406
-7.191681
817.742676
1470.705322
604.057678
65.327393
782.470215
217.295166
1071.360718
1197.960205
-3.426758
-320.887207
1688.142090
1175.909180
-251.433594
280.568359
-92.773926
-152.874023
-418.926758
-978.151367
-1940.936523
-1736.423462
1650.129883
2270.209961
1403.814209
-791.305359
-3468.296387
-2716.273926
135.473877
-351.458496
432.927246
784.761230
329.201294
510.962158
117.835449
-543.770264
181.949219
569.752930
798.551392
428.646973
102.966064
463.322571
1102.890747
398.301514
1108.025391
1591.536011
1111.341797
1576.899414
1225.558594
-648.656494
-884.611328
951.130859
-766.391174
977.118225
4160.128418
1842.844116
-1000.945190
-987.125977
-1497.039551
-1409.673340
-509.607422
-1639.577148
-2313.355469
-1480.799316
-226.065430
-64.642509
-117.757324
728.731934
477.258423
-71.219727
-482.895508
739.160156
-1301.129883
-1238.590088
-1376.804443
32.272461
1358.360229
718.178955
169.221985
-596.746826
-667.231689
726.253052
586.377441
-360.689453
-40.412598
-677.724121
551.056885
760.806641
-397.435059
68.780762
102.743408
-665.187012
-1852.826172
-3191.206055
-894.277344
-633.625977
1252.842773
-709.164062
-1362.552124
-870.897705
-4363.237305
-3443.664062
-1627.211914
-303.198242
-1778.339111
-1441.120605
-692.852539
-862.500488
1887.659180
4510.853516
1145.257812
-500.434814
559.022949
-74.350098
649.799072
2.291992
-198.063965
-169.488281
-277.894531
2504.729492
3005.562500
-190.062134
1030.548096
957.590332
152.109192
2235.010010
2020.878418
240.302734
416.984619
50.790527
224.318359
47.373535
-1344.305176
-826.319824
-471.200195
-2314.669922
-1395.436157
388.404297
637.429688
1152.553223
-1415.447266
-2303.392090
-502.977539
-1071.100586
324.006836
-719.931152
-333.789307
-562.326172
-482.479980
-112.662933
98.148193
-1855.001465
-351.734131
-506.292450
-345.183411
479.738770
124.748535
-1860.227539
594.030273
147.323242
426.377686
1254.875732
-810.437500
-939.062500
-28.606934
-121.125610
-940.578125
307.675781
-295.221191
238.909912
480.444824
341.689453
-13.697754
39.337891
863.852783
1509.571045
323.078857
-690.870361
-3302.460938
-2319.193359
912.385010
-710.956177
-408.173828
-615.028076
-1633.903564
575.721924
258.039185
448.761230
1742.372559
-156.660645
-642.590210
75.571289
-307.816895
-899.846680
-186.997314
-359.601807
828.096558
1321.340210
-639.945068
29.904877
1438.392334
638.651855
1229.725464
1465.264160
928.198242
1432.349365
393.911621
-851.526855
-703.104736
1.727905
-153.719727
155.457764
144.420898
-2891.440186
-3335.335449
-720.195801
403.016602
-539.039795
397.611328
936.683105
-499.479004
-499.124451
-590.601685
-907.961853
-1736.871094
-715.460449
1432.503784
861.902649
-102.167969
983.863770
-132.663086
406.720703
1363.548340
-679.835266
-580.802612
1887.345215
237.108643
-926.418945
1055.608154
380.849854
-69.943848
957.592773
1019.934326
-237.893250
-2666.185791
-3250.965820
-1023.515747
868.142151
1047.506348
-290.778320
-853.130859
18.850365
-35.894531
-1636.086914
-1129.372070
440.785889
1332.291626
1489.431885
1740.808594
763.202881
1702.765625
2031.083008
-99.720459
337.817383
-1542.064453
-180.676758
-531.576294
470.717773
-76.915039
-192.326172
-713.053955
-690.616699
1393.574829
576.422852
-926.036133
-266.389893
549.907227
1175.941406
2490.964355
85.879883
693.606934
-1861.927246
-1253.217285
526.773804
959.027344
1295.127930
3241.609375
3029.343262
1974.110840
-324.834198
-478.709473
-190.013672
-1387.422363
-587.292725
-670.458252
123.643066
-227.916992
1143.943115
1444.861328
1050.300781
39.156647
702.243286
1329.009033
2532.257812
1765.474609
-323.121582
-1800.524414
-66.522461
1606.475464
991.855469
-787.306641
-1341.457764
-1393.857788
-774.662109
-248.920410
-1129.843994
-101.070312
771.174805
1562.278320
849.533447
645.316895
351.750977
-1767.100586
39.132812
388.343262
-93.011230
-1081.468506
-938.683105
-245.409668
-326.159180
-2693.879639
-1981.373047
700.722778
184.360840
771.553223
-1351.812500
-5238.766113
-800.958008
827.863770
2786.340088
2439.214355
-1158.634033
95.957520
693.937744
-888.950684
871.658691
1338.437988
-1221.040283
-1408.274170
-246.738281
923.415039
-2430.293945
-1310.300293
-501.739655
-295.898438
-666.896118
-830.958984
1274.618164
846.667480
544.420410
1313.413086
-1145.896484
-831.415527
-318.690155
-425.065430
486.415527
-365.428284
-653.025391
1433.743164
533.155273
-145.746582
-843.476685
34.247925
550.501038
-1130.257324
-1034.668701
-144.997681
1610.669189
-194.125244
2235.226318
1653.305054
-13.311523
1728.410156
449.772461
1249.340820
461.855957
-21.341309
-83.168945
57.693481
-370.712646
-603.504395
-828.580566
615.191162
-509.621094
-866.214783
1479.617676
1446.958984
-778.050598
308.356445
473.461914
1087.320801
1040.873535
-1920.769531
-354.587402
124.014404
-868.524536
1173.780762
3287.013184
2324.103027
230.475464
-1069.337769
228.551910
598.183105
286.278320
797.412476
693.490967
1268.795410
882.307617
701.429932
470.441162
356.425903
225.193359
993.096680
240.193359
826.348633
489.825806
-201.055176
114.773926
827.327393
2904.926758
2091.112061
-9.970215
-1911.244141
-3632.135986
-2339.777344
-728.993164
601.068848
-1247.997437
-152.854004
-106.262085
386.044922
-642.295410
2822.439453
1822.475342
1478.895874
2812.018311
2382.733154
2167.054199
550.065186
137.770264
-1391.988770
-586.970459
784.014465
5.889648
960.217285
1002.763062
205.290161
916.999512
742.510742
-1938.208984
-591.897461
435.541992
1249.775391
647.551758
533.229980
-930.324707
524.188232
457.864014
-1411.085815
-1651.684082
-220.590332
845.505859
414.406738
1463.767578
2168.820801
891.231201
923.772705
-196.213379
-914.867920
260.515869
587.226074
-221.067627
659.236328
-419.824219
-403.410645
54.931885
-769.047729
-1527.109131
-102.403076
632.152832
403.636719
-1561.611328
-684.752197
606.076172
-1872.813110
-5320.554199
-4147.333008
-320.596191
-177.199219
-912.833984
-95.157471
-2860.173584
-7415.921875
-7619.682129
-1725.655762
1241.696289
51.696625
412.475342
-2641.792969
-1869.211426
645.597168
-80.737244
-426.906738
-711.391113
364.116455
497.472595
449.360352
-399.140625
914.548828
-256.179688
-566.548584
266.350464
579.921997
51.238770
1018.136963
2640.666504
2910.387695
1810.080078
847.565186
-218.609619
-889.204834
-1079.116821
47.608887
621.922363
900.168213
2174.203125
5184.414062
635.469727
-1109.975342
-1019.460815
248.462402
354.857422
483.086304
144.052246
-801.017578
276.966919
2333.440430
1612.662109
1.772217
891.678711
202.371094
-336.671875
640.066956
172.104004
905.844238
982.247253
-917.824524
-903.729553
-629.363708
333.164551
-201.703613
397.544922
1946.515869
365.148193
574.671753
-32.927246
-28.787109
257.415527
137.813477
-3339.417969
31.546387
-39.484009
2690.149170
3823.865234
163.521484
-765.069336
211.756226
1208.820312
553.065186
616.807129
832.685913
325.199829
-108.882019
446.135132
854.278076
-94.581421
60.258301
837.611816
966.971680
1403.208252
53.509399
407.275879
1355.319336
1412.198242
813.546387
-684.753906
713.389893
779.827393
274.179932
1218.340088
1259.866455
89.502441
296.271484
141.479004
-1278.994141
-255.892578
1543.913574
1641.384277
-395.615479
-907.340332
-357.558105
-665.767090
-758.544678
536.979980
441.106201
-712.280029
-40.702637
184.289001
732.098389
545.946472
-364.735718
22.931152
-787.249023
-504.305664
2033.816650
-428.557129
306.582031
895.201172
1461.833008
-1216.953125
24.109314
-1009.951172
1025.349609
582.207031
-1099.107300
-1023.910645
776.613647
-767.279297
-108.788086
1444.285889
1370.948364
-920.738403
-246.751953
-588.729492
150.537109
3167.072998
1814.958984
-1119.861328
-2616.033203
-354.950317
-203.766113
591.133789
567.169678
514.227783
-1460.031738
-516.350586
66.250488
552.391235
795.060059
362.774414
669.968750
-775.555176
-1430.899170
295.410278
874.767822
162.803711
1129.366699
1742.131348
675.317627
-498.419678
-1729.175781
-349.203125
2397.700684
4628.072754
4377.475098
5794.661133
2619.756348
-587.998108
-1044.210938
-2215.980957
-512.581299
1187.486816
977.249512
88.004395
667.987793
489.020020
-1847.353516
-3940.700195
-382.074219
783.386475
2437.941406
2959.280273
210.790039
-3930.564453
-6849.494141
-1848.300781
2261.671875
2127.976562
368.647461
1185.198242
555.253906
-853.278809
-1422.350952
-179.304688
50.672852
20.161133
566.191650
340.992188
579.940430
348.770508
299.998047
277.102295
-2043.926270
-4396.545898
-2919.773682
-1679.727051
108.420898
-2658.185547
-1108.835205
86.203003
461.028809
1568.159180
1657.897461
1529.017578
-961.727295
-4442.909180
-2173.805664
796.302246
365.217529
2143.189209
1683.229492
1256.267578
278.902344
-91.253418
2324.806641
771.022461
-758.920898
-370.930176
-1028.802734
-526.650757
648.750977
753.454102
1063.430664
-17.634995
-1056.750977
-586.840820
-962.273193
-993.561035
1899.636475
4721.300781
2620.279785
-546.352539
941.700317
2101.780518
650.139160
780.047363
1659.328613
-592.589844
481.159668
1431.407715
2633.402344
878.609863
-211.160767
-537.804626
-414.403320
-1595.334839
-1214.873657
564.613281
710.707031
-847.127930
143.333008
313.198730
244.250122
-1249.669800
-1480.598755
-1228.264282
1089.437256
1402.172485
-2528.177246
-3229.546875
-441.703125
1390.029297
-75.662598
-279.540527
-1864.239380
-1678.950195
-238.836914
276.311523
-50.635742
467.755615
159.493652
292.226562
330.059570
-443.244141
886.366699
172.380127
195.695190
-1111.226807
-785.893555
80.909180
-1609.868164
-1582.918945
189.038086
-1387.062988
-1031.565918
-1340.400635
-4850.927246
-2279.557617
-1586.085938
-193.573242
270.562500
158.498047
429.939941
-89.845215
1903.128662
986.193481
-1170.568848
-786.509277
-1160.564575
-767.753418
166.562805
-1620.875244
811.742188
500.567688
-1454.070312
-342.741943
1091.318848
1526.462891
-1082.099609
1234.409668
1366.428223
1424.042480
1019.783875
-408.524536
933.540283
-367.270020
-1842.292969
-1364.527588
-2340.211914
-867.512695
1.812500
176.997681
852.475464
189.789551
-365.796875
-2136.043945
-300.448486
636.672119
1027.298828
1234.732666
6750.141602
5791.327148
1518.477539
-70.067749
550.630188
469.843933
-668.639648
-1167.590332
144.310791
167.366455
-623.857849
-778.659668
541.908691
-339.481445
-333.714111
-299.100098
526.000000
850.867676
-1678.624512
-1194.882568
-175.587646
-1404.615112
-91.716309
157.373047
-257.944336
-827.276123
-199.662109
1547.822266
941.009766
276.160522
-768.666138
212.982422
2631.336426
569.889648
-924.548340
133.848633
-636.379150
1665.451660
1050.412598
-752.542480
-515.668945
1066.581055
585.768677
270.081543
178.100708
51.253418
2232.592773
997.848877
-48.545410
15.405273
-120.051758
-553.991211
895.941040
1073.741455
186.786865
-584.334717
2843.187988
4693.039551
4202.730469
2485.270508
203.809082
109.493454
-1136.598145
-3411.359375
-1877.623047
117.708496
-283.464233
1095.189941
1204.165039
78.828613
-1925.181641
-1696.474609
841.444336
1002.541687
-1437.125000
-3153.181152
-1096.359619
338.506348
-524.456055
331.142151
323.087891
472.848633
943.237793
694.566895
-270.674805
-283.520020
-1057.400146
-2354.599121
741.002441
438.462280
-2150.600098
-2264.356934
317.332031
-83.781250
-579.732117
405.209229
1172.265137
-719.865234
91.172119
723.625610
120.475098
761.805176
58.486328
835.924805
156.764160
-932.527832
-989.084961
826.009277
1114.929565
932.230713
1739.514160
459.120605
-597.732422
-316.247559
-810.477539
-357.927216
1170.448486
222.545166
-570.500977
-763.614502
-870.482117
1520.541260
1356.142212
-1322.598511
-671.687256
287.260864
-782.248291
-682.404785
373.660156
-142.825195
-70.895020
434.868164
26.959473
-726.250244
-244.812744
220.028809
-104.315674
279.606445
639.992188
-135.212402
-880.244507
372.111450
-259.063965
-150.076660
198.975586
-1700.908203
-339.046387
-347.026855
-874.929688
1148.819214
259.380371
-567.780762
-549.196533
-430.690186
238.551270
168.690430
-123.569458
-286.495361
-281.089844
-474.266998
633.139160
2348.753906
1710.979980
-636.207397
-589.393555
731.348145
1749.696777
1972.902344
171.242920
1211.178101
1060.133057
-405.550293
-1486.213379
-1447.533691
-214.030762
1335.650879
1297.639282
945.833984
-115.703125
-718.909668
324.872070
503.649414
168.524658
-1869.311523
-2687.827637
-832.477295
944.641113
-1427.293091
-1357.542236
-327.057373
169.731689
352.359375
456.488525
445.221191
-568.589844
-2491.654785
241.138428
357.243164
1391.620605
818.517822
-1193.376587
-339.298584
161.598145
-1271.546631
-48.285645
1308.762939
-40.887634
-520.540771
439.386414
-404.567871
-2494.063477
-2490.128906
-100.188477
-543.830017
-178.603394
1795.030518
388.388184
468.296387
436.682617
-723.986572
741.244141
-231.383789
55.119141
-572.019653
-1270.570923
213.747559
413.568726
-964.798096
359.211792
-587.138672
-1124.559570
12.632324
-1455.579712
-1315.046875
19.949219
1306.917725
1372.754639
1446.664307
248.097656
-3477.041992
-1956.512207
6.322510
2568.805664
6144.565918
4788.870117
1361.281250
393.679077
1352.570557
2401.750977
1380.930420
-617.622192
-617.277588
520.421387
-160.930908
124.532883
526.078125
-1017.830811
119.986572
676.999023
425.024414
490.451172
-124.160889
-1407.723633
-713.441895
254.406799
2578.665039
1739.957520
-552.895142
719.894531
2048.184326
-503.743042
-125.694824
-126.024414
389.387695
1128.002319
1353.375488
1332.712036
515.824951
-242.526367
609.409180
452.821289
-23.819336
-271.272705
-612.195740
-1393.606445
-979.841797
384.917969
-1641.144531
873.210938
1252.096191
669.062988
-495.261719
518.156982
-988.078918
-196.788818
90.508545
-993.268311
-1477.857788
-1411.774170
-287.460693
846.344727
2211.404785
503.001709
1219.016357
-120.417114
782.150146
3445.036377
4492.424805
2344.475830
-621.251587
-556.997559
-344.947266
-1605.251465
-1003.867432
-878.981445
-234.310791
708.999451
-347.102295
-78.671387
-141.831299
40.047974
1248.841187
-379.531982
-698.500977
807.054688
476.569824
-299.257080
255.221436
570.391724
-91.359192
1431.063354
2015.733154
1207.279297
361.200684
-333.389648
819.142578
3191.667969
1953.362671
579.766602
763.872070
508.186768
470.377441
-315.770264
-1081.033936
-170.525635
1314.550537
1095.133789
-361.379395
-236.339478
-457.465576
-760.698242
789.042969
-98.492371
-783.320068
911.798096
589.428711
-936.855591
-565.185791
104.748047
96.249512
-594.847656
-494.407349
522.729370
135.586426
-559.801758
1382.201172
532.711914
-1077.631348
-179.150391
197.633301
701.308350
38.650879
-4604.997070
-4752.079590
-1300.979492
1142.158691
2365.645020
2949.613770
-290.655273
-2584.346680
-2509.669922
-898.284180
-737.543213
744.952515
-332.732056
-21.427734
-393.287842
-269.706421
-811.270996
-133.043945
-443.935547
-301.071777
-814.016602
172.022461
-658.539062
-124.999023
-1272.606689
-5154.503418
-2778.556641
1131.607422
394.202148
-17.081543
-523.550049
-495.637695
-1928.180908
-2551.428711
180.051758
683.351562
-481.700195
286.077637
-392.644409
-855.257812
-98.728027
-1323.389648
-122.674805
1449.237305
-769.795776
-685.524414
-1185.248047
-1164.492188
513.803345
-332.534668
-281.129639
659.475464
1092.657837
1289.595459
-56.308350
-673.865723
-1367.513916
653.012695
2641.805664
3146.635742
-230.425293
-1759.135498
-1335.519897
-1287.222046
-278.446350
5.708740
276.723389
-298.969727
-589.818604
-1204.857788
-1026.800659
-868.524536
-926.991150
-1161.283813
-1729.196167
-923.000977
1109.417480
313.737305
-780.625977
576.005127
616.328613
-885.742798
-611.256836
-704.311829
984.825684
780.274414
4862.333008
4746.417969
2086.523438
700.159180
-208.674194
-3904.778076
-2622.625488
171.571289
294.510254
675.003418
491.969238
23.125000
-881.857849
-267.687988
1239.741211
740.669678
893.233887
1850.736572
101.755127
-357.169922
1466.802734
-132.378174
-128.837402
11.454102
-495.416992
-1233.291992
-715.110840
-103.153259
-987.170898
-407.856445
263.191406
360.961914
1396.992188
1211.103516
-1356.218262
1182.365723
-38.568115
-835.416992
-1349.496582
-1350.140137
112.447754
572.447510
854.507568
825.712402
-109.953857
-604.624512
-623.804688
4137.371094
2595.321289
1664.367188
-3557.414551
743.280273
2253.032227
2940.116211
888.091919
-2306.238037
-4529.211426
220.380371
77.770996
-777.618164
82.359741
-458.953125
-533.853516
2391.261230
-668.369385
-861.909546
-2231.819824
-4496.388184
-99.177734
496.586426
-27.691559
420.113770
206.640625
-1361.819336
-33.228516
906.681641
-1008.866333
-1785.988281
-911.699463
240.429199
912.088318
83.108398
1722.473389
749.419922
295.492188
-218.079102
-634.812012
286.981934
881.754639
280.259521
-322.768921
973.911926
238.756042
41.907227
322.512207
177.432617
-212.524506
-175.331543
-22.642334
547.339355
-667.906250
1515.653809
976.646484
-173.857803
-309.926758
1147.266968
984.457153
-193.937500
3218.655762
4740.495605
742.725830
-660.600281
-3072.805176
-3245.611328
821.406250
-309.224609
-891.110840
875.488281
-164.157227
-324.147461
-568.290039
521.169922
-362.532715
530.140747
1281.411377
1002.588623
53.437012
-1796.234375
-1518.713867
845.449219
1130.337891
777.837891
1290.592773
626.669434
-121.850464
993.749512
1356.054688
1579.463867
1411.244141
1522.456055
59.738281
-200.969238
-73.317749
527.828125
-806.337158
208.270020
587.726562
164.719971
1296.418823
1179.795898
-191.073364
-379.459717
155.125000
-102.749756
-1557.324951
-1071.760254
-1276.189819
-613.731201
660.911011
-683.859375
-380.224579
3016.825195
1367.556885
-335.956055
1078.658936
141.305908
1437.779541
2273.600586
2874.583496
1004.036621
-35.798340
-1336.456421
-686.173828
140.345215
1074.094971
1467.917603
-58.742432
2680.333984
3399.730225
69.490601
-111.568359
-1761.885742
-1899.249634
1124.364136
9.695312
-352.738281
139.353027
-935.091187
-1647.750977
-1289.909180
140.904297
891.016968
844.356934
253.842285
-39.675049
-110.388184
247.133850
843.611328
-76.789062
-48.609375
1701.236328
2628.264648
1833.091309
-110.917419
-492.758301
-1058.268555
195.520508
48.472656
-3689.200195
-285.537109
2318.281250
1803.260254
324.610596
-1150.771240
647.596924
993.876526
692.709229
-224.794067
1208.192871
-198.988037
-1053.185303
-529.537109
320.581055
-331.863342
-514.857849
-487.036621
512.829102
335.955811
-405.526733
267.214844
629.745728
-350.890625
-641.655029
151.087402
190.202148
-1059.509766
-1221.759033
-578.787109
645.736328
941.700684
-151.072998
-1123.828857
-556.064453
1591.653809
427.925781
573.170166
768.169922
1490.616699
-1507.721680
-3418.966309
-643.145020
23.784546
3826.914551
3308.886719
21.916992
210.687988
-630.593506
-1417.686157
-273.097412
618.905762
-1680.187500
-2864.857910
-182.026855
1542.529053
498.635925
-670.840576
-327.789062
483.225098
-284.284119
488.330444
709.345947
-614.197937
-750.379395
633.628906
813.477051
75.986328
-1281.363281
1630.791992
3882.973145
2965.841309
171.941833
-554.959961
749.270020
155.974854
179.302856
-707.172607
-1525.882690
-694.410889
-1107.783203
-1106.270508
-465.141357
777.945435
268.412842
-1074.616455
119.682617
1838.191895
784.214111
415.725098
-718.555176
-907.217285
67.770874
448.892212
-901.639648
-28.726562
-453.166992
2144.350586
8.004883
-957.666260
-22.967773
708.631836
-517.840332
-11.179688
-853.618164
-1903.535889
418.173157
272.825195
813.220215
339.047668
89.621460
1373.952515
631.320068
-941.181152
612.922852
-241.674866
-246.750488
803.106445
86.327148
-427.777466
329.312500
-265.085571
-996.789062
894.496094
171.512695
-690.524536
-122.231934
-906.926514
-4.857834
872.265747
-622.011597
-552.301758
-288.502869
-554.631714
-1010.944336
-820.386108
463.536987
18.324951
241.397461
489.143555
894.452637
-187.269897
-918.637451
-1360.395996
3713.924805
2609.333984
0.035709
145.922852
1451.830322
-249.696045
514.205322
1033.470581
-990.357178
-410.717773
-318.510742
-799.210815
-270.365234
-274.370850
-23.991699
128.860596
-440.075684
741.098145
-73.983398
948.159180
-816.616455
-1779.973877
-1994.638184
-1670.036865
-1391.687012
-889.373535
-639.398438
316.366211
266.884033
-1873.551270
-4775.007812
-5746.482910
-4514.670898
-1541.943359
975.381348
-210.404663
1163.850464
2134.296875
826.915527
373.357727
290.819336
13.423340
750.290771
-811.692383
-1767.599487
1709.933594
-888.424805
102.961914
236.871338
359.127930
-21.776855
321.436523
1091.307861
1860.134766
1477.681885
923.141357
34.631348
-615.700195
345.045166
502.626465
-134.831299
242.153809
936.364258
-140.156494
-163.396973
-209.219238
709.974609
-311.418945
42.502136
-218.471680
-2075.804688
-711.201660
1498.059082
-430.114258
527.749512
-611.818359
-222.852539
757.475464
1215.306152
2155.550293
2268.906494
449.999268
-276.321289
-868.020081
1476.753174
290.628418
-1490.331543
-1173.765625
1786.754883
-102.053101
-373.946167
472.729126
-216.204102
401.183105
197.387146
455.795898
1568.107422
-386.348633
-466.537598
-775.205200
-839.172119
-937.289124
1581.691406
969.424805
63.979004
-216.628418
383.664551
192.475464
803.192871
383.929199
250.545654
844.689209
1497.435547
1410.921143
1108.862793
784.244629
-116.857834
-1019.487732
592.883789
915.675293
881.192383
1828.038696
5041.757812
3937.336914
527.700195
-1105.782837
-1102.231445
-1149.957153
-492.200684
-41.590820
545.074707
857.650757
432.638184
-9.825195
-402.669922
-475.212402
-987.312622
35.744141
159.182129
-535.730957
-262.081299
-1094.167603
-1437.600098
279.787598
-843.654541
-2246.187500
122.330078
1380.577881
334.112793
86.037109
19.330681
-112.214355
-303.252441
435.612061
-464.642578
1286.728516
740.336792
216.152832
-1558.263428
-251.046875
3552.086914
1727.295898
-110.604004
-220.678711
88.541016
-1001.807129
-2322.203613
-5362.193359
-3405.745850
-2896.191650
787.412842
198.389893
-598.226440
-286.209106
-296.683594
-676.141602
-2172.438477
-230.228516
783.649658
-199.648438
2153.499512
2586.428711
-556.017578
452.437988
-614.315918
236.403122
1512.866211
-737.222290
-767.206177
1230.521240
-189.176758
1569.674316
2659.081787
-1424.501465
193.866165
1903.264526
584.157227
290.962524
575.515625
196.034424
170.102783
-1028.683594
-105.890991
2234.880371
572.638672
-530.824951
-133.626953
737.745117
-125.069824
-1106.768066
345.468781
766.922668
310.383911
616.420532
1686.352539
1001.543213
-1380.934570
-364.910156
-1028.748047
310.715820
686.281738
-36.227051
-1147.600220
-120.645752
-1135.521240
-1407.312012
-180.633789
400.908691
614.544922
279.070801
683.656250
-645.804688
-48.585449
342.605103
-352.172852
-962.394531
1473.184570
223.503906
-113.652344
653.698547
850.096436
1067.820312
390.688354
588.355713
38.377686
-145.009277
1134.227539
1017.492188
-358.458252
-1985.884766
-2341.189453
488.176392
-540.667480
-920.345703
106.371094
583.990601
1128.344727
298.196899
-814.181396
-646.918945
332.492065
696.342285
299.484863
-682.524536
-807.431152
-121.115723
-410.687012
360.235229
-1176.392456
-996.996094
348.452393
824.869141
241.655884
47.359131
460.016602
119.653320
-417.295410
516.063354
162.301270
598.300781
1138.846680
754.867676
-485.248535
527.358398
81.538086
-587.857788
598.396179
-895.152588
-1729.381348
465.373047
-261.305298
547.087402
2368.003906
630.571533
-790.327637
31.630371
409.667480
218.022461
222.290649
-120.088867
-497.264160
-1136.461914
1314.855713
112.744873
-566.415833
14.976074
46.597656
-513.469727
2052.105225
5041.377930
1775.487549
-886.396484
-362.079346
-258.412109
-4.093750
3301.521484
932.684570
1807.407715
-224.416077
733.859131
-37.550781
32.467773
875.859375
454.870117
-258.811523
-623.502197
-42.427979
650.022522
-108.956299
1938.082764
1755.563477
-87.367188
-2907.141602
223.163818
1019.168945
354.583496
191.818115
314.013916
100.017090
-133.559570
-996.234375
623.776855
2646.079590
419.726074
-44.150146
1683.414917
-101.305664
772.853516
2901.157471
-85.365723
321.181885
1287.775391
812.626709
889.737305
738.079590
1810.931641
813.959473
-274.583008
-707.273254
-1030.318848
-98.477539
1489.219238
2566.130859
2908.824707
1153.744141
287.217285
402.557404
-656.996094
-377.171631
180.730469
-3205.424805
-4778.348145
-1289.812622
1890.583984
3905.894043
2569.745605
2483.370850
3212.362549
4115.216797
2889.722656
-2.663574
-151.569824
-814.470215
-1149.361694
-1136.553955
-52.822021
909.965454
-1218.688965
-2262.865723
-2262.003906
-723.793213
-149.767334
-224.997314
304.863403
1037.970947
-466.657227
-3574.660156
-4909.540039
-1151.229492
-408.498535
203.023438
-346.358032
-554.901367
-1071.899658
-1295.097900
-335.634277
2.427979
-582.562744
-752.644287
-549.952881
109.060547
-334.977051
-1202.478760
655.717041
1600.193359
1783.485352
1495.409668
-2661.988037
-4894.516113
-1460.990967
375.094238
-80.833496
182.260254
-467.125732
897.703613
3939.090332
2132.531982
110.514648
-2181.138184
-4368.060547
-1995.229736
323.421875
1711.840332
100.854492
649.035217
377.282715
-371.120361
652.634521
-445.306641
312.215820
-553.469727
109.475464
-2028.599243
-38.363281
971.614990
-852.774658
-166.866699
214.138672
1435.608398
965.573059
-141.545654
180.883789
-2154.264404
-2366.556641
156.338379
893.797119
746.777832
0.004395
41.931641
39.089355
-1048.064209
282.896973
84.409668
-553.701416
129.870117
804.555664
856.043213
-50.121582
-891.885742
-348.971191
520.529175
1395.272461
912.042725
26.311768
-719.120850
-95.954590
2038.558594
1065.683594
374.487793
126.966553
510.008759
679.642090
1979.835938
1784.268555
-836.606934
209.520752
1486.820557
442.463379
-1153.659668
370.281494
-467.972565
-19.576660
854.939453
-871.725586
-1529.619995
-1572.873047
118.170410
303.376709
280.778320
496.324707
-152.660156
-962.623535
-1260.948242
-845.616821
-593.739502
-197.323242
-764.231201
-484.235229
1757.299316
755.648376
-521.294434
-210.796875
-809.471558
262.160645
2707.431641
-1359.589844
-4250.265625
-2481.576416
1111.472656
1263.027344
714.041260
-2307.012451
-5271.437012
-1643.542236
1288.644409
-557.332153
-272.817383
-16.909180
-490.867310
1146.948975
1439.118652
-415.422363
-55.397461
635.925537
-418.319824
-442.123047
-433.089844
-3605.850586
-3065.574219
592.422607
246.177002
-817.608887
1793.313965
994.837158
307.489746
2141.220703
2502.650391
172.435059
456.535645
254.047363
2579.943848
4199.749023
755.429199
-539.117676
-2708.880371
-2211.104248
736.909180
694.101562
912.505371
-212.479004
-159.136719
1325.382324
580.075195
1015.086914
-909.394531
26.395508
694.829346
-548.183594
373.426758
234.129639
-881.956055
-946.489258
250.187988
743.401855
-555.337402
-1216.057007
-1192.894287
-825.201172
340.164551
-57.285156
2071.308105
226.803955
199.281250
2084.332031
5101.127930
3531.879150
-119.823120
-1747.345703
240.154053
260.193848
2073.248047
2927.204102
-362.380859
-1153.386597
-444.779907
170.218506
2628.457520
2069.494629
-47.128662
268.299561
-689.325684
490.352539
986.902832
525.922363
-661.154053
-2566.730713
-1215.456665
722.074707
234.458008
75.476074
701.817383
9.033691
-914.791992
-560.103027
-630.356445
1769.709961
1316.315430
631.471680
209.917297
-361.785156
200.463867
-284.710449
-455.616455
1268.893066
-224.946533
-938.057129
463.342773
-223.324707
-207.444946
458.281982
164.139038
-140.980713
1330.174316
2584.049316
1374.263550
365.237305
2006.151855
3367.955566
1496.911133
-731.572266
-463.120605
-1818.987793
-476.066406
-352.578369
-1422.652832
-475.209869
-756.357422
-1324.147949
-318.679688
125.772949
-1560.895996
-304.681152
810.018066
-331.920410
-912.989746
-862.660400
77.114998
349.888550
120.803940
-29.632812
-359.525391
298.597900
735.970947
-851.128906
-1419.325928
-1047.573120
-297.919189
2428.290039
2228.142090
2750.815430
334.837891
2625.029297
1357.963867
-1876.706787
-1203.698730
988.356934
997.631531
1894.302002
245.092773
63.102539
-1703.733398
-2207.566406
-881.992676
-253.892578
-1547.786865
-763.524475
19.444336
-235.625977
-700.073853
-147.108032
143.249634
-3132.832031
-2378.393066
59.548340
-60.842773
-175.042969
9.281250
-795.026367
31.631836
-906.700256
-527.525635
555.946777
784.245117
-221.785339
-45.866211
1844.025391
-63.611816
-94.381348
1186.706787
2142.607666
1650.145020
1104.485352
1417.985352
655.335938
-429.936768
554.475464
77.142166
816.033386
244.475464
1031.475342
-253.535889
-917.815308
-138.790100
801.642090
-70.099365
-730.196289
1098.428711
1464.403320
420.745361
-538.612183
-934.778320
-1463.307617
-421.938477
-18.330811
-402.534424
872.458740
1061.657715
-23.214844
-1442.030273
-301.912354
2096.439453
3943.020508
-1148.227783
3116.882812
263.142090
-1294.563110
1006.941650
90.378418
364.325684
1367.475464
536.376221
-877.124023
-1204.725342
-1651.880127
377.312744
1214.267944
51.152893
149.209229
403.729004
543.910400
148.076416
-268.957275
2144.446777
1628.448730
-440.986328
-521.867676
-1482.901123
-159.697754
860.914307
1229.222290
1108.603760
762.537598
138.081238
-106.880371
377.711426
-31.053711
-1249.722656
612.241943
1140.843384
12.249298
1267.364014
1220.197021
477.736328
653.208496
177.812012
-623.544678
-781.079590
-265.408203
-311.954102
-238.000977
1642.972656
253.383789
475.730469
958.762329
1660.611328
1172.970703
1248.333984
-3643.454590
-945.653687
787.478516
3432.175781
1306.353516
-1675.277588
-1638.642822
-1277.646606
357.951660
-442.157227
-191.389832
246.322510
-62.561035
-511.065430
1057.512695
2703.563477
495.144531
89.834473
-1835.602539
-2187.283203
-38.184692
89.211914
-1135.294922
-268.259766
-1135.099609
-1222.377319
527.319336
1961.913574
2769.199219
51.667969
32.002930
-598.273926
-2108.294922
-1897.767090
-895.673462
89.947754
-57.507324
493.052734
-245.524536
256.475464
-2238.055420
-2330.226562
1501.911133
129.475464
1865.476562
6526.314453
5725.475098
3689.145508
537.333008
-618.532227
-839.105713
-1256.200684
-287.127930
340.600586
564.914062
398.037964
-2356.900146
-3696.978027
-167.768555
181.259766
-574.185608
708.928467
529.288818
-133.947754
366.418701
131.697754
107.714844
-46.360596
-1260.435059
-1062.952881
302.815674
-929.068848
-3313.857910
1479.906250
1087.816895
338.437744
-1492.977539
-1733.503662
-320.472443
591.742798
830.023438
70.247070
-40.012451
280.600342
697.043457
1686.364258
2207.603027
267.241638
1223.064941
2933.836914
2563.919922
262.673523
-128.262695
-322.150391
-314.409180
455.458496
-163.650391
117.707031
-342.874512
52.272949
-423.386597
375.591431
-681.517578
-362.541016
1061.453125
878.356934
-86.355469
-1154.179688
-288.261230
388.847778
-623.645996
-1008.501465
-444.056641
-693.971191
-988.797363
-351.574219
2365.061279
-1430.231689
1146.769531
180.203125
2929.354492
711.267578
110.779297
190.046387
281.406250
-124.303711
-583.233948
1190.949951
533.681580
688.633301
1625.620605
1402.866211
548.826660
-1488.678223
-2942.871094
2162.030762
-136.164795
-1343.922119
-1008.122559
4492.580078
-2346.966797
-268.052246
553.338257
-2979.632568
-6948.296875
-5795.736328
-780.351562
1544.769531
414.168945
302.500977
1623.909668
6.226562
-429.413086
-932.494080
-1434.629395
537.051025
874.816040
1977.922852
136.808319
-744.438171
935.283325
430.505096
3172.850342
1908.572388
962.158203
1027.021729
-1598.970215
-2310.838379
-175.395508
2033.743408
6496.095703
4158.545410
-870.386230
-8.043945
-1611.005859
375.993652
230.192200
-600.103271
174.274902
181.137207
756.036133
601.456909
1441.373535
75.137695
736.208496
4978.406250
3520.390137
-316.748535
982.076660
754.678589
603.403809
4301.320312
3923.006836
-123.064941
-95.732910
-267.914062
-404.969910
2443.870605
2241.920410
-273.797852
-761.444824
-1125.145752
923.480225
1389.106689
-352.172485
268.677246
89.521973
-467.143555
248.532227
775.466797
1481.506958
192.913361
-1068.350098
-644.351562
-716.758545
-420.481934
1227.008301
839.766968
-515.114136
26.340332
2988.795410
3424.818848
4803.152832
6515.512695
6059.357422
4031.535156
1023.517578
532.810059
-136.458984
282.151855
-198.891357
58.614441
-299.710693
-321.420410
237.718750
-349.610840
-211.685303
-525.571899
43.321411
641.283569
740.325195
304.798828
-132.366211
974.617920
-18.707764
-512.135986
-24.683228
-1224.744629
-129.093262
-514.493652
-1192.096924
-183.633545
-238.600830
145.467773
-536.138000
-1071.338501
354.912109
731.872070
-59.579102
178.197632
46.741211
-130.437256
-319.806885
459.752441
2112.673828
-789.516602
-2437.610107
-3812.344727
-4894.010254
-2166.384033
292.824219
181.999023
1654.693848
-611.043701
-226.999512
-671.416504
-1285.106445
571.430664
105.084717
942.743652
423.036621
-1307.744141
-3579.352539
-3846.785645
-566.738281
532.085205
-810.349976
-246.683594
1137.963379
-90.219727
-3736.198242
-1875.231445
119.100098
-306.601929
-1449.896973
928.475464
378.927734
216.121704
1326.791260
1595.537109
-901.374390
25.077393
-980.629395
-1029.695312
-280.300781
-5053.771973
-9941.271484
-6401.458496
-401.953613
1434.235840
240.074707
261.556641
-667.936523
-1229.540039
623.760498
1201.443848
-144.552246
921.433960
901.866211
-156.492188
-507.385742
-979.659424
-674.900879
-361.307129
926.411377
269.833008
-1699.857666
-494.489380
1051.054932
-301.065430
-383.125122
-102.853027
22.498047
859.609863
-829.443848
188.632324
17.632324
534.583374
269.194824
-362.439453
238.492188
249.128906
-1145.315918
348.739044
-533.506104
2750.358887
3558.798340
1122.725586
443.169678
-191.821045
-1453.892090
-460.798828
-27.582520
-39.544922
-56.251465
348.074219
-219.354004
600.984619
941.833008
5.896484
647.023926
124.386963
-925.178711
-33.886719
214.919922
-799.636230
-639.787109
-309.979492
2978.435059
2186.561279
647.650879
-646.807129
987.387817
900.547607
-495.108826
274.693115
1298.645264
1834.627686
1138.741699
1523.792969
661.494873
-146.709579
-67.524536
-961.946899
186.360840
1695.762451
1284.285645
-370.842285
682.951172
258.984985
140.725830
646.095703
709.985840
814.843018
172.100098
-1029.006836
-1652.934082
-2348.213867
-1458.305664
-29.216797
1168.815430
128.303223
-294.393066
838.048828
588.142151
216.698730
50.315186
117.653076
-149.601562
-252.708496
519.542358
1003.580444
494.786621
-1720.550293
-1918.506104
574.638306
-31.560547
-1433.730225
613.674805
-119.896027
-2497.127930
-1061.572998
695.463135
720.466553
666.297363
-105.635742
2505.295166
6596.445312
5775.066406
1311.624023
445.829712
-353.226074
-3227.995117
-459.708008
542.714355
389.642578
883.322266
25.813232
180.578125
1690.925415
870.511230
489.040039
66.164551
-543.922119
-1001.445679
-262.414276
-490.548645
-898.295166
-1029.260376
-1197.031006
-712.338745
767.089478
1925.447510
984.678711
-803.273804
-714.408691
45.766602
973.909424
1341.432373
997.116699
455.064636
-1330.206055
-825.365234
-791.740234
79.276855
979.360596
151.088135
852.842285
40.744629
-1186.774170
-260.197266
-816.043945
2027.755859
4411.691406
1626.445801
-528.664551
-2232.271484
-2579.571777
1275.879883
4111.580078
3648.534180
1761.726562
-1470.742676
-14.423462
468.692871
-700.662109
-950.664429
-2800.515137
-1649.732422
-703.182617
-258.895508
154.616699
-922.185303
-90.397949
236.288086
735.367920
-487.524536
-1375.555664
-313.336548
325.493164
-1747.073242
-1323.504639
255.271484
-520.794922
-568.339111
1253.655029
-1264.631592
-2489.381348
622.475464
1650.015137
1506.786133
3008.331055
793.060547
255.774902
2005.367920
-1451.196289
-624.264648
317.710938
211.933594
506.313477
404.680176
-404.600342
-535.302734
-243.277725
354.183594
104.400879
20.628418
-295.460083
-719.777405
-603.487915
-376.317139
-1129.207520
-981.411438
3115.531738
3857.000977
868.057617
38.845703
361.690918
-1838.857422
352.507812
1104.713379
-371.176147
605.216797
334.737793
-801.038574
-723.005127
-60.935547
-2043.891602
-1433.691406
762.801453
701.021484
-817.757080
-887.524536
-351.518555
1059.072266
1328.613281
1115.200806
-3185.741455
-734.847046
383.795166
697.250732
1405.929443
800.114258
-54.973633
26.382935
710.879883
-42.094727
-2369.441406
-763.834839
877.336670
903.985352
1902.917480
592.831299
-1140.578613
-232.361816
-1409.950684
-1172.890137
57.531738
-0.026367
1741.930664
1657.255371
-539.931396
-2075.836182
664.523438
-289.745850
-1398.448242
-813.710266
-93.310791
1106.093750
1180.572266
-91.523926
-1182.411865
-1101.978882
-1199.564575
-1197.197021
362.403137
835.642456
-1480.260986
-1809.123779
378.995239
779.657043
-114.758057
70.828613
124.432617
-969.275879
-1191.930420
830.999268
494.830811
-191.311523
1186.798340
-215.339600
-415.697601
334.154785
-1302.160156
202.754471
79.888672
109.681885
2037.329590
436.604980
-479.801025
-3384.837891
-4855.149414
-1662.040527
-548.674805
407.077637
126.787842
1010.193359
3330.749756
2375.557373
1173.941406
367.000977
-294.529541
-697.581787
-10.937012
540.766602
-767.565674
-1540.470215
-506.892578
1367.668701
4673.266602
3209.295654
-826.555054
337.092651
951.378174
582.548096
217.073624
-3964.381836
-4449.465332
-156.308212
2288.671875
1678.343750
1620.719727
-75.206543
495.943542
-622.169556
-1246.555908
-116.711670
-831.469482
-779.812988
334.446777
824.398682
2099.069824
222.682373
-930.932373
29.131836
488.803223
197.922363
-1330.559570
-2267.525391
45.647461
1519.662354
1056.058838
-132.982056
-1074.043091
869.920166
1649.285156
3127.672852
14.298584
-945.572754
-1205.718750
-192.968018
1724.103027
1266.083984
273.457520
-463.491699
-855.157715
1229.726562
468.142151
669.866455
-201.140625
-1478.574219
471.205078
-879.370605
44.294434
-373.325928
-1096.295410
-234.705566
-411.129639
-265.411133
-1094.972778
-757.972412
1258.782959
997.006592
1124.143555
1111.985107
-893.853027
-1009.393799
-824.224060
177.314941
192.475464
506.574463
3867.048340
4769.163086
2969.727539
680.647827
-912.460938
-1309.725830
57.369751
-106.393555
-1029.314453
-816.437500
634.771484
423.478516
-835.707275
384.209961
39.540527
-116.284180
-390.170898
1130.989258
7047.036621
5352.269043
-1300.607788
-3961.857910
-6606.456543
-3126.828125
181.799316
-827.508057
-39.318604
-227.407227
-1599.540771
-55.762207
-615.112305
-1741.655029
78.971100
1081.868164
1175.136230
1655.879639
-425.592773
-3879.168457
-3775.720215
-2289.611084
-1266.176758
-1255.205078
-1639.527344
-1068.415527
215.901367
1070.361816
704.788330
366.970215
674.066040
1252.525879
1182.411133
-375.011719
-216.662598
-1246.473877
-1191.189697
119.621277
514.641968
-747.958496
-377.145020
-427.582764
-111.242676
768.030151
-987.390625
-46.934570
-596.299805
762.719727
-1785.134033
-358.522217
-63.498352
-634.142090
4298.224609
4822.635254
183.350891
-758.420410
-535.985352
375.185547
1554.745605
1260.904297
564.470703
-1176.150391
414.666016
700.173828
-359.987061
-684.395508
-248.521484
-344.373779
908.071289
63.898193
-634.945801
-477.303711
659.263672
299.826172
1678.307617
-950.894531
-3037.107422
-43.567261
-570.729004
-281.796387
62.047607
-1080.047852
-141.471069
-198.005737
2456.427246
4067.819336
2275.036133
1408.900879
-2067.621582
-1603.298950
-1960.488770
-4723.011719
-2892.400391
-1191.108887
228.980591
3471.831299
1482.931396
141.567139
28.630371
-281.832275
-771.778442
474.138184
-623.693115
243.750977
1621.009766
1749.365234
2246.144531
423.030273
-94.177002
607.648682
1816.325684
-302.587402
-950.500977
-1948.127930
-1667.243652
1464.950684
2084.283936
1033.758179
1418.487305
33.933838
-1658.639648
-308.252197
1155.330078
1778.377930
1955.565430
349.562988
-39.044678
-1478.561157
-895.174316
-397.275299
740.169434
1386.436523
2523.492188
-699.016602
-708.049316
270.302246
878.403076
-98.069824
544.617188
-56.060059
-66.654327
-30.761963
-792.875977
199.511719
-875.690918
292.259277
829.568848
-284.620605
-119.825684
1042.240479
1037.448853
-966.608765
-963.553894
-253.746155
34.749359
1436.476318
1231.855957
-1122.813843
-3408.275391
-2209.881836
1677.733643
3846.214844
2577.935059
-933.768005
-6797.294922
-6351.379883
-799.028320
-120.122749
333.990723
-85.806641
-771.033203
711.236206
870.008545
393.622192
1003.428223
-1071.360107
-1867.890625
-107.006348
301.849609
439.008789
861.393066
214.392090
31.655029
1007.738525
359.786133
546.733521
404.475464
-262.040283
484.287109
2901.675781
1214.034180
1035.321777
376.818237
282.611938
-777.117676
-380.291016
663.817444
-1133.361816
-618.234375
871.220947
1728.537476
1586.324219
-4.016602
859.714844
536.748230
-1374.029053
419.017395
-448.024414
-1285.627930
-628.466309
4101.320801
9936.211914
6381.509277
-1598.179199
-2717.250000
-2641.198730
-546.735107
659.362305
1754.414307
1279.804199
-716.615234
498.899658
872.697998
-1448.312500
-353.298218
-75.831665
-982.524536
-196.713867
-429.094238
-622.625610
1163.063599
946.505615
-16.528809
-92.018066
-430.941284
-55.898438
216.315430
466.575073
-2246.759277
-2208.627686
1208.354492
-97.076660
-361.050781
-2514.552490
-4612.394531
-1361.825684
530.949707
2692.842041
5201.356445
2063.899902
127.363770
343.253906
-276.427490
-331.622559
-111.993164
-232.726074
-415.110718
265.790039
202.931641
963.867676
225.136475
-424.468018
-912.343262
-525.041992
799.987793
201.688232
-39.525879
-44.549805
378.411133
639.529785
632.264160
-331.403198
1057.607422
1081.776855
1245.857422
377.146973
479.983887
989.935547
892.434082
845.618164
1712.881348
860.957031
-766.714844
-535.795654
788.465698
-26.761719
392.393982
-656.020508
-2349.052734
-1256.266602
411.749817
7.901855
1994.137451
3008.762695
502.718262
716.659668
298.344360
-1021.913086
-670.463867
535.128418
655.642822
-392.620361
-336.611328
676.634277
1074.890625
271.433594
580.648193
-2035.387451
-4568.080078
-1430.319336
921.338501
784.286865
1345.619141
340.830078
-1739.106689
-3294.940430
177.458008
841.957031
-706.593445
1070.843872
628.941895
85.336426
-712.800049
-599.724609
624.511719
-410.563232
-4815.223145
-3653.592773
-571.881348
-78.648926
-2169.639648
-2445.100586
-292.410156
837.066895
497.114258
968.097168
3148.047852
360.652344
-342.828125
725.475464
-72.286133
-1613.812256
-447.390625
-1012.890625
-3578.583008
-3735.830078
-765.902100
603.852295
377.421387
-29.043701
-833.466431
227.802979
-545.716309
-189.046387
239.050781
860.661133
293.257324
476.140381
2116.746094
1352.904297
-986.186401
-1399.299561
-98.248283
113.127197
-570.579590
-460.692688
1697.091064
1428.952637
939.774414
-474.634033
753.850098
897.563721
-306.703125
-57.612671
1181.217407
635.560059
-1355.231445
-2179.032227
-1290.227295
-465.942871
158.377930
-243.078064
-717.830811
729.874023
-1873.765137
-4422.241699
-1350.404297
484.177002
610.048340
-49.252441
103.730713
-330.407227
150.879883
834.265625
-295.996826
-500.166748
-1002.438477
-981.423828
-163.297363
-405.136230
-328.018799
396.976074
870.995056
696.422363
-316.609131
-269.479004
570.112305
710.900513
706.091797
63.889160
354.090820
754.472656
-1102.545898
-900.762695
60.117676
1877.397461
5317.573242
6475.212891
2738.763672
-305.250488
44.862305
1079.677002
816.244873
1089.250732
143.545898
814.360840
691.195557
-232.879395
-1148.421021
-1015.662109
130.260742
-96.379395
1399.663818
911.662964
847.412476
828.562256
860.161133
1392.360840
702.649170
-831.341309
-35.580078
-1115.547363
-1409.306519
1315.696533
532.192871
-1087.856934
471.113281
2058.762695
2784.549316
1093.672485
71.661133
465.658569
1174.558838
461.442627
447.234253
-636.736328
-1010.089844
-524.363525
583.231079
1756.009644
648.577759
-648.989746
1588.305664
1618.829102
-245.707214
-353.375977
436.588135
103.594727
-821.203125
917.337158
360.586914
480.314453
674.739746
1511.130859
532.372070
1156.566406
-473.857849
937.358643
-13.312012
601.955566
715.992676
-1547.645142
-355.623535
719.672852
-467.694885
-510.380127
-309.139404
-1372.109619
-48.926270
3513.330811
2892.561279
301.999023
275.398926
113.640625
-389.969727
326.109863
496.634033
-1271.438477
-325.376953
-117.138916
318.936768
2104.855469
148.277542
-260.837158
1918.509277
898.962341
837.583008
1240.802124
94.573975
-248.136719
1257.475464
351.031738
-801.734009
-1098.670898
-1064.839844
-172.866211
-483.855957
-469.931030
1135.065918
967.475464
-298.492188
409.067383
27.583984
452.547607
-106.068848
-428.831848
-644.067383
-2080.991211
-771.430664
-418.257080
-1775.621826
-1348.215820
-243.604492
-177.471680
821.890137
-592.105713
754.668945
1192.792969
-353.396484
231.657349
-237.009033
790.301331
308.150146
-702.884277
6.777344
758.820312
387.639648
587.034790
-50.742676
-1160.657959
-1000.500977
277.538086
3599.415039
3170.318848
898.431641
-527.811279
661.375854
335.525391
13.125122
671.735413
628.010742
636.103516
1835.314941
103.998779
-26.451172
862.575195
-419.891846
-444.720215
-982.727051
656.962891
338.121094
492.932861
208.381836
481.250977
470.016602
733.104980
886.809082
1704.411865
1639.554932
407.057617
-102.545898
23.857422
523.927979
946.323364
1115.965576
973.121155
841.178833
-1612.674561
-2400.445312
-1093.658203
-857.135254
-895.940918
254.807129
-28.996582
2818.219238
6048.167969
2657.171875
-614.839844
574.758301
440.330811
-687.993164
-304.901825
89.320312
543.016602
464.159668
-429.157227
-116.144531
-95.389648
-1171.609375
-3306.462891
-3756.410645
-2449.541992
-1473.959229
-891.175049
-367.238739
446.050537
656.056396
-564.171875
-1493.165039
-970.002441
62.852539
1021.669922
519.444336
746.816895
-459.655273
-1864.916992
-1132.119019
-405.505371
-1172.747070
-203.546875
112.832031
959.640625
-665.928223
-1179.849243
-1170.286377
-183.964355
1012.192871
322.095337
615.406982
-922.444092
-1778.510864
-127.969238
-397.235840
-1360.718262
-951.277344
-1666.655273
-1411.611206
547.198242
793.126953
852.829712
-192.397217
460.977051
-1155.232422
459.844727
524.464966
769.218750
1538.300781
-698.520996
-780.134277
396.134766
-128.495605
-1990.662354
-3038.792725
-464.379395
-153.224121
-274.468750
-862.254150
-1199.186279
-511.668457
-619.633789
-596.734924
106.066162
-765.027588
1573.644043
5395.507812
1562.601929
618.131836
235.526367
1357.949707
322.086670
6532.282715
2618.820312
1327.445312
-49.834961
869.861572
321.017090
-753.514648
-65.765625
-935.955078
-386.234863
-228.401367
-2091.393555
388.401123
-1891.138672
-355.381348
-886.340088
-1088.027588
-1798.772461
-807.272705
-259.459961
324.153320
531.570801
-634.019287
-540.433105
130.960449
1076.321777
1374.502319
1546.813965
282.736328
461.173828
993.507324
-1443.580078
-407.955566
66.214111
1002.281799
1174.856445
-93.184814
819.486816
1785.608887
2387.730957
-267.660156
-1728.725586
-414.919189
-1875.086914
-161.439941
865.291504
195.348633
397.339844
290.009277
254.001465
-90.381836
1462.189941
4623.774414
2749.641846
2138.221680
1704.485352
218.943848
-126.701172
-407.950806
244.923340
2376.434570
177.801392
142.221069
344.576660
1921.021484
644.021973
-318.909180
473.016113
549.690918
578.472473
562.839172
434.352081
-124.261353
-989.670898
-1568.058228
-191.700928
1374.407959
1524.114258
1251.119141
1422.371094
347.278809
-122.714355
126.208008
642.002930
771.109619
1728.139648
-526.745117
124.130371
371.918945
101.477051
-110.104492
-384.311157
286.197754
187.107910
-1507.832031
-662.578125
394.937744
-663.176758
587.494141
-1158.248047
-253.483398
1002.453369
605.100586
225.320557
-246.629883
692.948730
2995.569336
1114.658203
1756.492188
716.062744
424.854614
50.325684
-1185.109131
-474.957764
-775.237427
-456.765869
-681.131836
934.510742
632.141602
-1982.221191
-1780.709961
-893.980957
25.968994
-380.292725
189.220215
-4053.234131
-6578.371582
-1562.880127
-588.943848
-2113.109863
-719.083496
975.506592
1444.336426
-111.733398
-317.522949
-178.343262
628.356934
-339.742188
136.053711
1045.233398
-231.051270
-2299.499023
-1408.494629
477.208008
108.690430
-1662.849121
-131.070312
761.343994
-525.524536
808.202942
208.684082
291.025391
-116.225830
9.361328
-1086.725586
144.487793
760.314209
1303.185547
689.232910
728.889160
-919.846436
152.212891
22.457520
-1095.972900
-754.900391
-1726.605469
-854.722656
-711.622070
-123.289062
-86.159180
-2173.562012
-614.892578
665.955322
1255.030640
2813.076660
1881.409668
-1061.751221
163.637695
1362.815430
76.816406
-13.385742
-388.929565
-1326.533203
-963.449707
1973.979004
1343.361572
698.576660
45.976318
872.876770
1265.142212
-255.072754
-152.993164
-301.738281
-3421.455078
-2116.091797
-100.245117
-658.599731
2120.326660
3989.243652
586.922607
-1180.200684
-16.366699
40.336914
908.999023
288.298828
134.367432
-178.237793
-501.326172
1588.207031
2979.346680
1935.649414
-299.310425
-1067.008301
-898.351990
-621.534424
285.800781
-930.763672
-933.432617
-282.061768
-964.582520
572.454041
-54.804688
1519.339844
-2646.994629
-3094.529785
-3684.534668
-3027.682617
-2138.935791
1816.584961
-1623.611328
84.956055
-353.737061
-896.511475
-1459.857666
434.085693
-356.781250
-1793.195435
-1026.726562
241.908936
805.132080
32.614502
-440.814697
769.716797
1757.226074
-259.692383
1177.983398
438.804688
-115.355469
609.180176
994.462463
996.413086
66.423401
65.747192
724.252686
529.448242
2565.864746
1563.370117
-181.288818
667.396973
-140.945068
-1212.714966
-147.042480
144.914551
-927.461182
1312.057251
920.274658
413.458740
1469.851562
1792.682129
452.609253
1310.832031
3973.778809
3283.396240
145.447388
-354.515991
1253.537964
334.889648
-386.213379
-478.166504
29.364624
747.628906
177.486328
440.438477
382.936676
1115.480469
3112.651367
1536.016602
2753.424316
264.142151
-487.984863
-1332.359131
-1948.800781
-362.322754
-1335.739258
-677.463867
-1980.229492
-282.193848
955.374756
3945.129395
3189.969727
-104.896729
-746.937256
770.642212
5012.651855
3000.318848
-608.922607
-230.418701
231.481812
160.541016
-757.766846
-907.371338
649.155762
484.561768
-721.610168
-603.996704
474.960999
-3198.700439
-3428.443115
876.509460
-1104.880127
-491.536743
-347.212341
-2613.687500
26.853271
-290.249512
-937.865845
-124.342285
-988.034180
-487.262695
566.287109
-1020.445557
-459.058105
1470.280273
1601.488281
368.696777
9.241333
688.430176
-1212.934814
386.066956
1800.782471
16.233276
652.160889
1095.751221
1425.068359
2418.292969
1006.696289
-1545.016357
-3883.776367
-3466.680664
87.632812
-142.710449
-883.200195
-528.312988
0.083984
4271.429688
5036.056641
1268.508789
108.404785
-88.947510
1905.824707
6737.906250
4464.881836
-729.700195
-1931.434082
-2802.759277
-775.252930
1425.554688
378.024414
-573.816711
-979.644409
-1134.025146
-481.171875
518.564941
-193.930908
1540.375000
1583.186646
72.778320
298.668457
-1029.569336
-317.343018
1281.422363
1218.698242
360.589355
739.117676
-961.033936
-1844.395508
71.846680
123.292480
952.631592
-284.921814
-1404.992188
142.360229
664.494873
-767.604980
-789.488281
-890.555054
-862.877686
-720.451416
-454.665955
342.763611
811.469482
86.717529
-679.242065
-1628.248047
-227.132812
751.064453
-1056.615234
416.551758
-664.486572
-1340.512939
113.218140
-335.605835
-201.729980
1718.881348
-403.040894
-768.124634
-1050.202637
-281.109131
787.357300
163.612549
811.550781
1251.425781
71.171387
48.967285
-2512.131592
-2446.930664
212.867798
1103.860352
1876.849854
799.242920
-399.094238
301.145264
-276.901855
-1190.862793
793.514404
1283.654907
923.906799
703.746582
1059.190430
1014.774414
1725.898926
318.157227
1116.714355
-87.133789
110.294777
-403.353027
-109.332397
4208.220215
4717.602051
2074.542480
-660.326660
-1862.694336
-1258.642578
580.267578
1215.055664
-171.363831
-2823.379395
-1768.459961
37.245605
290.209473
469.678894
364.613037
1002.834717
1445.734863
623.315002
73.835693
-527.496582
-283.895508
2961.638184
3683.734863
103.308105
-1778.502930
-3916.271973
-754.393555
983.137146
271.733643
-136.150391
-2897.048828
-1949.690186
1390.277588
-705.318848
-472.186523
315.181885
-388.842041
-281.719971
-651.770996
-979.454590
-1268.833496
-1719.677490
-751.495728
150.319214
-1828.105469
-3057.265137
-609.136597
443.487793
-1840.360840
-1062.155518
105.899170
-109.991455
483.738281
345.284180
-762.990723
-1295.884277
-288.382812
681.815918
334.304443
418.707275
578.937012
333.475586
189.812988
-82.375244
-651.796753
-388.529785
-837.259644
44.062866
67.909180
-523.368652
-599.105591
17.555664
952.620117
-1605.095703
-472.350098
929.232910
-306.599121
440.807861
1007.995117
-1198.966797
305.950195
893.694092
278.574463
-37.175781
-1227.635742
-1432.987305
-674.245117
-388.490967
-2038.918701
-1242.407471
205.026855
3317.192383
5498.683594
96.334961
-627.894531
-2607.625000
-206.090820
2858.641602
4000.281982
1463.758789
-269.461914
-1230.291260
132.332520
3972.342773
2702.525635
416.797363
-491.322998
1586.142212
2981.931152
4435.559082
823.613770
-420.327637
779.620605
845.771240
203.694336
-125.835693
1187.289551
3080.289062
2677.718750
-231.489258
105.185410
334.493164
508.475464
1225.218750
2820.172852
-481.221680
-571.825684
339.765198
660.222168
670.027039
-249.934082
-717.959961
1554.280762
-709.654785
-553.375000
962.070557
-181.541016
-44.913574
469.980957
350.541992
3887.205078
479.531494
-753.467773
-521.891602
669.458008
-343.550659
-607.612427
724.475464
2033.217651
1095.847656
-238.246582
-1857.719971
-1444.447998
-472.874512
-1399.877441
-252.608276
2552.882812
2417.818359
148.642090
-1986.999023
-2209.166016
-1091.835938
1995.651123
1493.047852
501.394531
1133.851562
370.647461
-14480.974609
891.951904
104.073242
1111.025879
-63.197754
-216.377930
754.250732
-1075.332275
-2193.299805
-271.067627
839.824463
-158.626953
-39.463379
617.269043
-1090.521484
1063.773438
-697.497070
-24.676758
-615.650635
-988.902710
-161.705322
-653.652832
-371.639099
-19.134766
-189.587891
-536.280762
71.921875
-527.572754
-422.111816
-358.248047
-340.204590
-989.575562
-672.981445
-708.775391
-809.815491
-749.839355
-616.096680
-1023.813232
349.850372
186.836914
-3934.548584
-3930.408936
311.904785
395.754395
-596.233032
464.181641
343.269501
-1063.241211
2.692627
2143.738525
482.472046
782.916504
1603.972900
137.991211
2421.025391
460.628906
1660.731934
-348.114014
671.681641
-461.947388
-1229.575562
-577.274658
-2279.157227
-4719.470703
-975.849609
736.766724
-1414.843262
-321.842041
931.140930
878.523071
674.895996
602.756104
-264.583984
-2507.497070
-680.774414
712.704590
-536.321777
-727.457031
-160.047363
-315.867188
91.033203
717.685547
1352.072632
1632.958984
-1265.384766
-252.410156
-977.619141
350.260925
434.475464
-213.932129
1673.263672
1786.922852
-1199.341309
-758.330566
1488.883301
511.434082
494.207275
-146.804626
932.072205
953.696777
634.167725
1027.240234
-192.749756
-1317.826416
-1487.494629
-553.992310
192.696533
19.033203
211.330078
534.069336
-285.280273
-221.512085
2263.625732
1649.235474
-8.375488
651.266724
-83.649597
-304.134521
-181.911621
-923.158447
18.551880
-466.258728
-86.434570
731.942871
385.550781
304.290771
154.855957
623.032227
152.841431
-613.948486
1496.873779
-252.081055
-1408.223022
53.040039
-63.730469
89.572754
520.540527
-1494.969482
-176.403687
314.025391
-575.862061
245.707031
1388.950806
969.187988
-514.941406
-1153.815918
203.413574
346.955078
501.645020
-1413.881836
309.831787
727.357422
287.537109
-1930.873657
-2172.005859
-869.985840
2359.683105
7221.663574
9164.865234
4126.890625
-921.761963
362.038208
502.116211
-809.745850
751.461914
2034.953125
8.741699
529.727051
768.383301
-425.495605
-338.994141
-809.852905
-1054.943726
-1335.170898
-526.302856
320.852051
986.115906
1006.971680
234.582031
468.756836
541.401855
1281.495117
1159.289062
1087.451660
-497.902222
1046.427734
1185.170410
-351.577148
-818.857849
-860.215820
185.501953
-602.004517
102.159424
1848.795654
330.857147
-577.868408
88.851074
60.928711
-550.096191
398.161865
450.989258
-1132.606445
-268.463867
1244.384766
1155.189941
-269.565674
-705.906494
795.391602
232.900391
-1115.474854
282.116272
274.825684
-1335.541138
-837.524536
-1257.959717
-1357.548950
-1298.490967
-437.229614
496.933350
-436.085449
540.536621
237.748047
2062.428711
1523.384766
200.819214
-360.349609
-2068.592773
287.447510
293.443115
-1223.971680
184.147583
795.311523
774.431152
-532.565002
-650.194946
-805.088135
-543.269775
1051.843506
1183.759033
69.007355
-258.054932
-595.510254
543.267822
387.718506
-116.180176
153.024414
154.741943
96.573669
-454.571045
-389.548828
444.723389
1176.906006
-396.285889
-130.406982
528.779541
-427.402405
-704.750000
-1157.397949
-715.227051
-571.025391
542.272461
1394.989258
-172.510864
49.527344
17.086914
-1884.816162
-271.627686
1110.218750
-1301.941162
-634.125732
-660.632812
-2220.211914
-2669.833008
-3108.995605
-639.435181
542.669434
-258.954102
-503.806396
-1082.879150
-605.111816
352.982422
-2826.502441
-29.129883
-1175.625732
56.791748
564.705811
-801.537720
661.511047
1202.767334
316.503418
767.242188
-146.726318
-242.467773
1116.388672
-198.758789
523.434570
3195.178711
2532.192871
465.202148
-527.384033
-237.345215
-737.524536
2065.609863
5687.603027
3179.021973
8.629639
1537.331665
841.142151
193.354492
-790.786133
-1783.714478
-623.674316
724.440796
1695.973633
-1818.142578
-4968.568359
-1598.527344
2020.789062
6366.121582
5222.610840
-436.379395
-1440.637085
-1177.796387
144.043213
1054.434326
561.812500
258.116699
44.735107
2003.434570
843.686523
18.142166
674.038574
1643.692871
573.090332
-900.329712
-1584.128662
-537.535156
-259.807617
1554.619385
432.577271
882.794922
919.213379
616.727539
-261.130859
1002.289307
29.359375
-1419.559082
-548.750000
-118.001465
-991.833252
-229.500244
-1650.729492
-124.036133
-366.883789
-1097.341187
-766.452148
409.525879
839.613037
115.006836
1932.141113
3664.465820
2142.381104
529.065918
325.426758
467.585358
73.988525
-371.333496
278.757812
5.222168
-76.406250
1629.452393
289.705170
487.164886
58.258301
-886.376221
-266.744263
356.907227
1889.030762
1282.059570
-959.473633
-772.401123
-719.740234
131.927734
-689.371338
-1605.742676
146.870605
213.739258
1668.594727
6137.797852
2603.643555
-1152.243652
-104.750977
-467.322998
608.031250
-90.298584
-793.158081
-742.261719
-43.974121
1012.469727
704.666992
-136.950195
-144.625000
-1879.864258
21.400879
1370.837891
316.562012
414.868042
1231.823242
-1885.421875
932.478516
-576.857849
-125.527832
-471.696533
520.034668
379.950470
3661.004395
5849.063965
4979.666992
6443.875977
5820.616211
3934.392090
3459.925781
-2907.448242
313.831055
252.332397
751.938477
27.465820
-1266.485840
-434.515137
-420.704102
-1831.152344
185.010742
-996.061768
-213.252441
831.581543
863.518066
235.507324
823.787598
-709.093994
-441.358887
-604.042969
-2405.982422
-2077.265625
-1146.786621
48.835938
-2569.938965
-1578.658203
901.475464
605.269287
-832.533691
255.226807
-2438.106445
-4181.139648
-1168.613037
561.158691
380.477539
894.367676
1963.632935
789.343018
-544.738037
648.003662
-419.268677
-364.811035
663.100342
-1000.160400
68.996674
26.127197
1036.007935
1401.177246
-1661.674805
-1464.120117
-495.742188
-3366.318359
-2441.103760
-229.441895
-202.115234
-486.942993
-504.919434
911.338379
606.624268
771.642578
-98.373779
-149.573242
-282.225586
340.397461
968.273438
367.748535
-313.798096
-303.828613
-736.903076
433.465149
1401.999268
1173.095947
682.475464
1246.293091
-168.035889
336.243652
1746.714111
-93.892883
-1315.833252
792.496826
934.434814
-76.919067
-236.832031
-195.141113
424.835449
67.483032
934.195312
1313.375244
633.697754
58.933594
1151.635742
-736.147400
134.898926
1172.461426
939.843506
438.608643
-1105.272705
-1549.852417
-896.982788
189.234131
3298.810303
2678.536621
181.362671
-479.459473
-624.862305
-323.294922
683.961426
2158.324707
1806.710938
907.663086
503.998047
14.640625
785.274170
-1769.087891
3433.852539
385.321289
-1268.343506
966.098633
1840.764160
-111.513672
1759.581055
2316.551758
-160.656738
-1788.262207
-4587.538086
-2293.160645
738.786621
1931.332764
2017.419434
457.192627
449.475464
188.422607
2919.714355
4241.837891
7027.646484
2128.686035
-660.987305
-1936.229492
-1035.729980
673.821289
995.763672
351.281250
1047.922363
1344.169800
-319.842041
1095.783813
4766.784180
1563.121338
-488.557800
-1010.845947
-1980.265381
1078.702148
255.850830
387.274414
1003.388428
-522.279297
1800.532104
2971.760986
-1328.374634
-867.704102
88.479370
1135.854004
64.944824
-1342.492676
-6407.337402
-5075.893066
-810.648438
-117.750977
-1005.188232
-1239.106445
-2643.722168
-1124.171387
799.725586
-543.303711
-65.036133
-2370.022461
-2769.578613
-856.390625
934.544434
852.347168
-1112.447754
-1262.438477
318.837891
475.141235
-921.501587
-578.082520
113.029785
-1584.467773
2381.858398
917.446777
-493.488037
1598.429199
1889.549927
596.455566
346.399414
1261.003906
1976.577393
-458.805786
-69.468262
193.997314
594.552856
1153.972534
1009.731934
2446.856689
712.053467
8.408691
1669.513184
150.680908
-53.043091
447.405762
-1470.471558
-2427.722168
-1010.511719
-1447.546875
-571.610352
-2977.196533
-3639.755371
-371.771484
1060.773438
-562.698975
-319.275879
1583.050781
1958.625732
2016.315674
1742.536133
-480.866211
401.593994
735.792725
-300.014160
-295.450684
100.135254
-150.959091
1437.935547
1003.015625
-288.329102
-815.463379
243.242188
-37.249329
-492.679932
1372.950195
553.735840
-485.280029
296.369385
487.702148
2293.277832
3496.967773
2342.732910
302.236084
-1454.938721
-969.586426
-829.666748
459.142151
2060.437988
2796.660156
1684.026855
570.144470
-440.269531
130.357422
-564.664062
-901.330139
-1564.894531
-467.179688
355.810547
132.236328
895.580322
427.121094
-995.254883
-1488.876221
-846.662842
-283.584961
56.979492
1428.912109
723.678223
233.279297
1469.653198
527.026367
-393.318604
-35.212402
-1094.564941
124.912598
652.075684
511.651367
103.694336
991.856018
861.055054
496.408691
-110.326172
-168.163086
433.177734
-2871.966064
-4090.500977
-1386.880371
883.866211
-185.618164
-178.796143
-344.529785
1548.462891
2800.345703
-337.988525
-373.367432
511.803223
592.856934
-359.148438
-255.106445
-238.995850
-466.129395
-2439.096680
-1176.289062
2516.039062
457.708984
-875.390137
492.370605
-469.312988
-606.223877
157.944580
-41.535645
1142.987305
-251.418945
-166.777344
3086.174805
-85.720703
-1438.726318
-2131.189453
-426.766602
661.925293
-482.152344
-61.877441
207.499359
-57.971680
-2184.902832
-792.710938
-1057.526855
-1473.768311
3061.251709
-5.598877
-184.763428
2109.137939
1181.500000
-345.827637
-1333.475830
-1261.132690
2004.091797
109.062012
-691.793945
715.071289
714.841064
1198.712891
-332.361572
-824.279846
-428.129395
335.790039
-700.229492
482.358398
-22.083130
534.198120
-1444.835938
-2116.517578
-1483.609497
-327.040894
1553.159180
30.087402
998.031006
1983.510010
433.520996
206.229492
212.109955
453.669769
631.504517
-803.631897
-919.073242
-571.896484
47.881836
668.144287
1385.119751
545.028931
1284.039062
893.700684
-325.111053
1326.826172
5718.810059
2225.393799
3471.687500
-23.772461
457.612305
36.937500
-24.349976
1179.238525
-5.463135
-243.985931
141.364990
378.654785
458.246582
596.533691
-687.942383
422.973633
585.317871
291.299805
-840.834351
-789.139160
95.664551
278.219727
-729.715576
-1068.634155
-419.179199
-127.866699
588.433838
-192.333984
-1362.198242
-1160.954102
137.078369
770.763916
1289.064453
1120.467529
1133.560059
1074.902344
621.702148
1028.008789
265.912109
-106.732422
284.505859
-500.608398
-1230.734863
835.555664
294.458008
660.171387
189.993408
-771.563477
-1691.724243
-1458.108887
-441.650635
-1320.852051
-774.736328
-567.583008
-166.048828
-182.578125
2430.958984
1878.332031
-324.476562
336.582336
479.442993
1452.477417
856.862793
-303.115967
1085.656372
-382.857849
2331.811523
3428.341309
-589.444336
664.509766
780.622559
-3.524536
1479.895020
-4.612793
-189.535156
172.241211
932.216919
1555.938232
612.311523
399.040894
781.526733
-698.490479
1002.396484
1490.653687
-496.538208
-1796.550293
-985.950073
176.926270
850.642090
341.063477
-241.894531
-1462.148438
572.758789
-361.257080
-6.390137
1598.013672
2619.261719
637.736328
-1424.711914
-359.975098
-2271.876953
-4802.872559
-3483.591064
248.067383
723.682129
-392.232666
546.989502
-581.557373
-3823.771729
-1511.014160
206.651932
-165.070068
2433.142090
2609.691650
362.414551
-632.810059
553.777100
708.261230
-687.500488
331.045654
374.594971
265.617676
1257.416016
714.604492
1046.930054
773.293701
-498.553223
-41.041016
199.511230
-273.985107
961.225586
1864.049805
138.672607
-345.801758
-1901.216797
-2704.849121
14.687500
625.092529
727.539795
-206.701172
-977.398804
-14.498535
340.333008
-1140.983154
-527.173218
602.908569
853.296631
556.802246
830.167480
1563.461670
992.105469
-415.562988
-823.399414
-870.118286
-411.833984
-255.166016
-87.241211
-444.197754
-1905.187256
-1613.231323
64.294189
1142.612061
1065.800293
554.513672
-238.847656
-633.994141
145.198242
49.979980
97.667480
1195.877441
-885.645752
-239.509033
820.970947
1630.782471
544.753296
770.312256
1555.250488
561.121582
-956.865234
-2293.521240
-1292.719238
168.171463
-290.075439
1055.767090
-35.671387
-418.947266
1064.220215
2895.211670
2236.701172
517.614136
248.962891
-1447.026123
272.117676
3565.874512
1126.201172
-1812.565430
-192.129883
-614.442383
377.616272
949.637695
-485.960938
-211.204102
-97.196289
-103.494080
122.807129
-300.319336
-543.998901
-31.752441
365.068481
-1093.391602
474.383545
-1036.732910
-177.524536
2690.674561
982.853149
-412.974609
775.070801
690.111694
1141.395020
1672.082764
486.966797
1.534668
-2492.335938
-4469.780273
-3332.488770
-589.321350
316.503906
1293.374512
255.673096
-1047.198364
-777.002441
-757.456055
-236.688477
1366.070312
-202.328857
-1148.821289
71.900879
-148.633789
-953.292236
-1693.854736
-810.944336
-802.844727
-857.488037
-677.991455
-1043.705566
-528.387939
348.790527
905.933594
89.827881
432.001465
2628.642578
-597.273438
526.316406
-1119.289062
-1039.515381
-1202.491089
-1100.497559
-727.187012
-704.141296
96.997070
44.016602
673.375977
2298.142090
466.291504
-217.396484
-1258.010742
1330.604492
965.695312
2747.833496
2050.375977
1888.643799
109.673645
-485.207275
288.385132
1253.498047
1517.088867
400.513184
368.844849
-1072.711426
-221.745483
581.323730
-1471.304321
-818.694580
798.287598
925.497803
1507.668213
1234.499512
2041.925781
4115.802246
2250.493164
39.050293
121.031250
-36.600098
-662.763916
744.539551
-391.332520
-1457.135864
-434.725586
836.205566
-668.328918
-59.282471
-1282.418213
-2889.768311
-174.916016
717.405762
-229.432617
-33.423584
169.958008
-1076.039062
-325.909424
1128.030273
1310.556152
346.836182
-405.131714
-1854.856201
-1911.547607
-293.294922
564.084961
704.819824
32.319824
523.767822
-506.186340
-1488.682617
-499.609863
843.855225
1074.321899
1330.614990
543.311768
-26.274414
571.693848
3284.366699
2788.623779
410.945557
-1907.115723
-3526.236328
-1697.183594
1247.233398
2834.481445
2654.979492
-434.762695
-629.246094
365.071777
-470.693115
-234.606445
-535.712891
-278.209473
-945.529541
-2625.702637
-1733.624023
1143.234375
-23.673096
369.971436
310.084717
1038.323853
1676.143555
449.699951
-320.926758
-760.457031
-1387.272339
-685.879883
-288.957031
725.714844
1583.900146
460.573730
1093.501465
962.110352
657.748535
1197.109131
187.365234
226.528320
424.995117
817.531250
2215.919189
2472.752930
-280.973145
-774.013184
-368.248779
-553.613525
1256.278320
1055.800293
246.235596
1163.238281
1132.810059
623.029297
1170.274658
-11.737549
-230.958984
538.553711
-400.349854
-1582.436523
-970.187988
-404.909912
431.425293
966.174805
-28.652100
-601.976074
-139.679688
270.666504
313.649658
-17.172363
-1024.461792
-305.654541
858.778076
138.710938
787.408203
506.403809
-2580.666748
-3595.524414
-3273.249512
477.401611
337.591919
-599.141113
-2063.060059
691.523682
616.501953
-809.568359
-1415.367188
-341.592743
563.798096
1396.044922
3332.699219
-848.291992
-163.175415
924.300781
3279.601562
302.534058
-398.320312
-879.648560
-679.982910
98.104492
493.590210
517.629639
-851.525146
1316.412109
1553.365723
-3.106934
633.832031
-92.111328
993.620117
3694.343750
1091.448486
-959.515015
-266.190918
-492.007324
422.172729
288.475464
350.107422
-1464.922363
-429.269043
-542.783691
-1000.472168
-785.674316
-203.035156
2595.396484
2417.184082
-500.926392
-2125.265137
280.520752
-565.446533
8.298828
-45.728516
-2418.852783
-1179.666504
134.569092
4254.295898
3174.556152
-715.856567
-324.503418
516.096191
3306.493652
3721.099609
670.383423
121.259766
752.329102
1102.606934
1718.305054
344.459961
-422.854492
1347.840454
943.179016
-400.291504
-305.777832
452.741211
650.355957
555.636230
-553.827148
-1267.027100
-63.614746
867.630859
-310.238525
115.630493
8.267578
-1128.572754
-658.341797
887.469482
339.497070
-478.485718
77.796387
1747.445312
1748.366699
110.181641
-266.857849
-129.458740
-1719.883301
-420.723633
827.529297
-305.406433
2784.881348
3771.946289
3049.670898
-66.297852
25.566895
185.465820
-44.524536
-397.661621
-674.310059
-343.666931
-168.943359
-375.678711
-1046.870117
274.013672
-921.528076
258.698975
186.480469
179.677246
614.989868
-1870.427490
-2557.899414
225.738525
-485.130066
-606.075928
595.989258
-785.530762
-741.756836
-275.447266
90.612793
-193.764404
264.084473
1094.539551
-103.762939
-31.438477
-416.904297
-266.179932
721.978271
1285.244629
3177.233154
2104.907227
-63.304199
-518.292969
745.257324
573.177856
119.654785
400.959961
-837.857788
847.215332
711.378906
-13.517334
268.029785
-899.513184
-623.483398
350.653748
981.228149
5.243164
-1703.623047
-102.218262
1425.288696
937.753174
-387.253662
299.039062
689.368164
-236.508179
-702.020752
100.393066
157.274689
-1404.787842
-2081.462891
-1354.313477
-249.980469
2709.153320
2706.487305
1478.309082
-1098.891602
-2956.033203
-3808.723633
-3178.572998
-1097.524536
-489.401367
111.291016
-25.338867
-102.909668
386.999023
93.522530
-1553.395874
354.016602
2828.855469
3175.692383
184.236084
-896.131836
-1632.797363
-1927.849121
-1160.719727
543.195312
-828.059082
546.728882
-494.539185
-978.538696
190.276367
-224.035156
-130.746094
-575.466187
-820.671387
-329.043945
-723.239990
695.910645
314.997070
611.637573
1381.314087
448.714844
10.974121
-1011.113281
-1532.647827
-860.946289
-1552.850586
-4086.442383
-3069.129395
-799.992493
533.255249
2865.359131
2714.029785
1215.396973
1298.841797
2021.575195
1461.114258
822.750977
531.489258
368.272461
383.884033
-563.929443
-14.509888
1241.573730
-611.066895
-229.358643
580.578369
3548.856445
2428.174805
-452.648438
1322.796997
514.701660
314.096191
698.089600
-528.227844
970.637451
1003.792236
914.743896
855.930664
690.280273
654.719971
180.741943
-349.712891
-294.602051
440.923584
94.594727
2254.264648
1066.313477
-1460.042236
-557.731201
323.645508
-2383.428711
-3204.399170
-1675.442871
-389.932373
700.634399
1528.200195
3316.431885
-321.334473
1236.611328
594.712891
-488.849609
482.832031
-614.078125
-536.395508
421.304688
220.563477
-970.953125
-1127.818359
272.137939
-61.356567
-975.880554
-591.584290
-428.673157
-466.524536
525.730591
2004.421631
3622.878662
-141.433594
-1798.624512
-746.463379
-387.700195
1542.777344
3162.964355
972.151855
-1297.261719
-628.032715
302.896973
1843.373047
1714.113281
1015.568298
115.470703
2781.257812
4968.304688
1907.981689
-1208.034668
-2127.141602
-1358.770508
-313.226074
-837.265198
-117.708984
276.741211
-1087.967285
-1452.367676
181.208496
262.537354
-1673.595703
-459.666016
250.221680
-539.799805
-1245.112061
409.937500
-340.464844
298.649414
1428.625977
667.455078
-282.031250
-751.352539
68.066162
-305.904907
-472.080078
-1773.959473
1133.684082
178.950989
-622.850830
1081.808350
391.775391
1403.671875
949.504150
261.883545
1433.217041
1663.200928
1169.124512
-118.512207
-1567.059448
1700.490234
680.688965
30.485352
-594.372192
-1011.574219
-342.656250
529.486572
913.439453
-14.319824
-1064.324951
-819.152588
-669.621582
-342.373535
4106.869141
51.111328
169.693604
1399.394043
235.091309
-768.524536
1544.222656
-724.319336
256.346191
-1141.139648
434.391113
2346.183105
2173.585938
571.622559
810.271484
598.579102
-230.701904
-1004.173828
-726.779297
4594.994629
4049.188477
1697.498535
-1274.224121
885.871948
917.838379
369.670654
-834.704651
721.221436
1561.713013
-874.288086
-675.052734
-285.141113
969.142151
955.963867
-703.344727
-658.752930
1535.604736
-187.106934
-189.133301
-99.692627
-180.206543
1234.785645
-235.212402
4020.257812
959.275879
-1055.824707
81.120361
207.073730
15.440430
-849.502930
-1104.285889
-2001.333496
238.333984
15.451172
-488.811157
816.921875
1511.154785
-451.890808
-226.232178
-91.198242
2005.983398
1774.290039
1462.737305
-144.170898
-61.192383
-79.075195
-667.483398
-1324.995361
1163.283203
1595.604492
2369.871582
1853.603516
212.292480
-611.088867
-651.458496
236.473145
1288.264648
1201.033203
2376.805664
1304.233398
143.845856
-1589.789551
-812.908936
797.865234
181.941406
-675.311523
369.091919
1196.995483
1824.424805
1015.053589
-3073.157959
-9026.976562
-6268.984375
672.443848
-662.857849
96.637451
1225.869995
-391.753906
1900.172852
2031.030273
640.162598
-415.087646
-1609.577637
-1554.876953
818.048828
-128.912109
328.211914
1073.952759
825.012695
-418.295776
-1235.675415
258.616089
441.368164
-3239.615234
-1260.862549
1159.697266
-407.086914
-1143.287109
-405.583984
601.355469
320.235596
-577.725586
-624.326660
-49.435440
-16.105713
-2472.191406
-2525.395508
-533.953003
54.212891
-1075.475586
-1154.331055
-1387.321289
-407.851074
-609.304077
-961.185547
-1551.249023
-1838.760742
630.457520
1108.147217
-623.439270
-271.842285
-1856.398193
-436.553711
1101.643555
1640.357422
2026.062012
49.406860
466.496704
225.598877
-2797.852539
109.336670
-399.092529
-1180.228027
1064.933838
1749.595581
855.403320
434.398193
4048.384277
3145.026611
-613.029175
-301.695801
610.132812
-204.024414
-764.943604
-494.882202
-924.887817
-1442.059937
1109.252563
579.067505
-887.714111
702.927246
1389.118408
-422.062134
-1076.074829
-1399.562988
68.250977
-507.462402
116.313965
173.411133
-878.652344
-1801.522217
-938.183105
11.364502
236.451111
760.412354
484.243652
-1848.328613
-4672.848633
-2836.909180
450.686523
798.509277
575.370117
-195.037598
376.642578
-691.725586
-850.407227
-19.580811
-30.914062
-329.727539
-108.266602
470.097656
-377.844238
-441.816406
1100.012817
480.582764
76.644531
286.054443
1696.339478
3173.170410
8.512817
-892.250000
734.364746
-840.868164
1403.662109
1491.116211
-27.807617
1380.655762
-192.644531
-649.226807
-353.680359
-1333.458374
830.158875
1033.146973
-287.154053
820.871826
-692.384277
-45.156891
1549.594482
-803.217285
-126.245117
2013.166016
-326.041016
-53.067139
-164.919922
548.047852
-252.685730
236.109375
51.681152
-740.668945
918.218262
-135.524536
-2448.871826
-813.674561
108.277344
1262.093872
553.836731
-181.606201
873.145020
147.128418
674.931885
1916.428467
249.025391
482.962402
1428.963989
906.645996
-33.660156
-580.372559
21.332031
1404.314209
1270.985107
-476.675049
-1382.442871
-1246.736084
900.949707
4398.193359
4196.398926
199.889648
-338.586426
198.084473
1259.237305
1099.879639
713.255737
641.717529
1508.366455
-12.669189
-1455.502319
-335.805420
1766.756226
32.784668
775.414062
2334.465576
-664.501343
-1558.529297
1378.517578
-779.457031
-942.077148
-396.387695
757.414795
725.649780
913.124512
82.000488
-2003.651733
-1413.320557
-902.908447
689.533203
-2973.268555
-2633.322266
-4723.028809
-3804.800781
-492.281250
823.554932
34.048828
-50.498047
2252.035156
1969.311523
-243.496094
-1077.843750
-2397.118896
192.884644
1178.069580
3180.596680
1928.365723
-431.548828
418.847900
1290.336792
1080.563232
417.751709
-754.528076
-1102.892578
-735.471191
-446.749023
-53.524536
-791.884155
-532.996216
140.798340
1148.386230
203.725586
-3857.710938
211.715820
1372.395508
-172.156250
-1451.582397
-371.496338
626.828735
720.647217
366.722046
114.410645
2787.524902
4461.126465
2478.843506
2251.005859
1156.189453
967.893555
2615.429199
33.605957
-1308.524536
-2576.238770
-3960.097656
-959.048828
1440.184570
3665.847656
2912.805664
231.771240
954.293701
-49.220337
-1207.453003
-52.238525
-1189.283203
-4011.580078
-1520.873535
667.634277
202.562500
-278.495605
72.458984
607.493652
505.604492
758.786316
-615.855957
-2119.809082
-497.478027
907.600586
-458.050293
281.104248
1329.806519
87.877197
-789.175903
-977.844482
-1467.585571
-292.610840
1164.985596
636.470947
-80.505371
-1016.910522
-1100.399048
201.420685
950.723389
431.270386
-364.607666
239.873535
462.545776
232.958130
479.556702
-514.441895
-574.610352
71.855469
1385.511719
-246.529785
-235.799805
477.996826
1605.610596
1300.840088
-144.411682
-469.895508
1363.606445
151.476562
-1569.191162
-1748.079590
-1184.078125
-1680.444336
-2331.238037
-1764.602539
439.289917
1159.937500
623.210693
1264.786621
-1318.548706
-2402.209473
-578.223145
-532.132812
-142.835327
-132.126953
-664.107422
404.127441
238.856689
-64.954468
474.539001
26.449707
-1446.749023
-201.678711
2074.177002
-226.690491
-1548.668701
-713.642090
1291.212891
-416.448242
1224.680176
523.914795
148.184570
432.714844
510.361328
2110.990234
-284.058594
-1047.582153
-1190.983276
-1064.620117
-1700.010742
-48.180664
62.998047
324.878418
-204.708618
287.974609
-1049.808105
-1109.643555
238.633392
1128.952881
-523.955322
-112.999023
-2351.679688
-2471.707520
412.278809
1029.557373
1888.287598
-640.857910
-2541.901367
-445.612305
89.916992
-1213.920166
411.181641
195.633545
-1179.430664
-1348.056885
-1350.541748
-969.316895
995.624023
-576.411133
-438.464172
512.834473
778.120117
-496.524536
-1104.990479
526.362305
-279.385742
908.072754
268.750488
-957.544678
-746.882874
-1370.099731
-183.049805
1597.645996
-1210.596436
-1170.376099
751.552368
1723.418945
138.081665
-67.842285
729.427002
245.619873
-688.982910
-827.834961
-450.372559
160.138428
991.743408
258.163208
-1298.406494
-561.567139
738.317139
208.862793
647.383789
1631.707031
83.408691
-318.774414
161.208984
22.514648
-465.496582
226.049805
351.660156
5.164551
38.722656
269.653076
-541.236938
-66.730225
-262.514771
-3089.468262
-2050.458008
68.064453
189.810059
-703.336182
1624.945312
1229.348633
841.298340
241.498047
268.628906
2275.600586
70.052734
354.668701
143.369629
220.973145
-36.590820
-134.012207
2263.509277
2439.912598
-646.793457
-2233.648438
-3869.068359
-2038.146484
260.362793
-149.180176
214.123047
1883.267578
1128.316406
2821.630127
3104.168945
-742.069336
-1563.422852
-898.747681
-549.416504
232.993652
800.913574
-1412.898926
-3115.140869
-3665.691895
254.304688
826.143555
512.122070
-496.040283
63.424316
1815.664673
656.695801
575.949707
1550.835449
273.976685
-1237.403320
-370.545898
-1140.815430
1500.320312
5051.856445
9295.468750
5189.481445
1284.316406
937.305664
-847.721680
309.988037
1048.883789
1203.044434
322.460815
-360.604736
-492.607910
-582.976562
-769.625732
-899.534241
438.312256
4279.243164
4081.235352
351.666992
-697.916016
-561.023193
-857.399048
-1509.867310
-603.671387
-765.295410
-755.857849
235.342407
-166.272705
-981.690430
-472.260742
-163.001465
422.692017
348.443359
-970.511475
889.110840
3598.291016
1923.408447
211.821289
299.138702
-269.046631
-660.121094
-1609.217773
-6.849609
-648.989014
-2536.884521
-1154.233887
-82.687744
-1157.606689
-348.264893
981.297852
-417.730591
-396.105469
1911.319336
1184.409180
-654.680664
-2015.564941
-1102.900146
-60.638428
-1608.508179
-1155.777832
-453.070312
-2774.014648
-1410.074219
-814.964600
-1037.177612
13.230652
846.087402
343.779297
1140.314209
642.575439
-250.945312
111.656860
940.230469
85.688477
-448.661133
350.738281
-2095.574707
-298.526855
624.302246
751.457031
622.043945
-822.823914
597.440430
381.699219
3089.968750
440.437988
584.752441
430.333618
1406.666016
1135.145996
-357.927734
-61.869263
-88.747070
-1062.786133
-916.154785
-213.703857
-1996.055908
-2095.552734
-1013.468750
-278.143555
2633.007812
-550.931519
62.694946
624.891846
-905.896240
241.151367
3561.681641
6918.133789
4516.284180
210.023926
8.000000
-432.154053
512.399780
335.797607
-1586.852051
-844.546875
1308.749268
1368.691406
169.344238
243.695068
-118.225098
-116.046387
43.159058
-69.528320
107.841797
-308.795288
-316.291504
-145.587891
615.966309
816.001953
752.165527
-1683.125488
365.348145
1198.124268
865.828369
1696.936523
3149.329102
-841.207031
-877.206299
-2608.617188
-2790.691406
657.060059
-845.217590
-1229.335693
1869.087891
1282.493408
-350.071716
-809.644287
-18.278564
633.261475
591.582642
-356.161377
3255.465820
9178.230469
4886.827148
547.632812
-663.275085
-1918.134155
-9.520020
2389.853516
1289.154053
178.952393
-595.615723
-84.431641
-65.176758
-900.524536
-125.677734
160.168945
277.037842
129.289551
8.707520
277.971680
591.229492
929.298340
-644.288330
-1560.257080
151.841797
814.294556
698.445557
2303.444092
44.651367
-1520.729492
153.742432
266.852051
1863.723145
1013.384033
696.746094
-161.821289
-6.891602
2578.459473
2002.719238
-647.023438
676.412109
-355.222656
-247.484344
1075.640869
-43.222290
-194.627197
-983.867065
-3101.706055
-1709.003906
1106.462646
952.720947
622.959961
865.836853
-213.197510
-665.006592
916.726074
700.417480
841.987305
403.289795
-1084.310547
-804.754150
711.479004
1880.588989
665.692139
-1363.133789
942.144043
1450.425781
-1071.226440
-670.708008
195.075195
1263.243164
-1051.727539
-1682.477539
-798.841309
-117.690430
3139.867188
5667.590820
1365.713745
-227.573853
-611.326050
-497.182495
474.138306
-214.319580
381.937866
1138.153564
-446.431396
-1156.244141
2583.932617
2462.010742
411.990234
1009.002930
638.638672
1127.156250
772.710938
-216.375977
-259.951660
397.442871
-227.907227
1036.017090
2086.208984
577.171875
-475.719849
-33.638672
-372.969482
422.457520
-1450.892578
-1155.184570
-914.204712
-1132.798096
-181.951691
-754.418945
-2213.923828
-3031.959961
-851.509033
-7.590820
-549.380859
-695.625488
1377.788086
-69.428223
-462.931396
-253.907227
176.270264
1252.293091
1070.555054
347.761719
242.810059
-1633.309570
-935.839844
153.734863
2218.949219
1561.343994
-569.181641
-81.162109
550.014404
478.569824
1087.052734
917.369751
3322.294922
263.770508
-159.776855
-697.101562
-702.067871
-2335.743652
-3597.173340
-480.134552
-108.395996
1364.355469
3085.431641
824.082031
-2016.289795
285.362305
-585.232422
1282.376099
-141.569824
-570.221680
351.150879
334.734863
-1737.134521
-4412.325195
-1296.722046
656.924072
-1099.436279
-805.911011
-432.660645
483.474365
1236.536621
888.233887
1175.003052
437.434875
-834.810669
723.150635
3346.445801
1963.617676
599.775879
172.159668
-1075.460571
-922.424072
94.716064
246.646973
1005.400818
240.805908
1650.573608
887.511841
-259.461426
-1090.899902
-2402.393555
-1205.838867
2.564453
140.379776
222.115234
170.802734
527.578613
175.778809
-1865.752441
-786.906006
-789.667847
-1239.046387
-87.182617
353.613770
-939.407227
-1488.051270
-2441.945801
-80.144531
445.839844
90.851929
578.985596
-103.273590
-535.011963
-81.821045
62.924805
455.503418
1642.860840
1847.518066
193.207275
208.597168
-214.964355
-478.309570
2062.433105
220.801025
-1243.967773
535.895508
395.824707
-24.667480
-51.434570
1077.061768
644.076782
-1122.403442
-1751.666260
-471.493164
-593.542542
-3460.582764
-5195.157227
-8.294922
-1695.079102
-1996.040527
-1489.635254
-267.059570
-46.629395
-645.415283
719.412781
850.983398
690.698242
560.688965
-750.031494
-1415.236816
-1778.423828
-130.765381
853.364746
703.279297
370.054199
-137.038818
-623.008850
-1409.795898
-451.782959
-1382.343872
-15.051758
707.124023
228.743652
114.099731
623.045898
954.922852
983.280029
-349.169769
-1165.751099
-46.991760
415.570190
0.666504
1224.267700
1950.566650
299.456543
-518.880859
214.780762
980.280273
293.350342
134.441406
1109.478516
2034.794922
-126.445312
755.893555
997.565430
256.698730
103.760742
-1424.544922
-2608.186035
-430.793945
651.182617
1413.931152
331.346008
-492.924072
245.110352
-806.614990
-168.524536
896.590271
-521.097656
-1444.011719
-2415.734375
-913.814941
24.153107
-426.453369
-297.991943
-1377.533813
-91.693115
1334.149414
40.931641
561.685059
-1379.920410
27.052246
-667.521973
-1576.908936
-1398.229492
-185.376953
519.006104
768.361816
11.057617
1013.618652
2073.437988
2808.433594
351.766602
-430.151855
233.376282
27.164062
34.834961
680.307129
2040.796143
459.968994
-877.235840
-688.770996
-620.512207
-1229.685425
735.572266
375.299805
4079.694336
1607.935059
-1363.229980
-755.317139
1023.944214
247.526855
-344.147827
430.383789
1317.065430
-224.478867
-1505.832520
-660.204468
3157.171875
4892.307617
4754.260742
750.048828
604.718750
1102.173340
255.310547
70.846680
-43.469482
-1731.859619
-878.516602
670.741699
-356.051880
-90.259766
-1219.406250
-348.529297
1588.264038
117.518555
-835.696777
-582.160400
-1478.798340
-17.147217
-115.794434
-888.798584
-490.254639
-222.207031
-1132.112305
-1401.987549
540.552979
1025.964844
172.533752
590.400635
-115.161133
-1062.917480
-313.738281
164.551758
-381.272461
-36.441406
43.865662
147.563477
-554.090088
-239.043945
415.960938
-260.333984
469.070801
-2192.371582
-2469.658203
191.859375
1068.475464
905.641724
491.958984
515.616699
-311.745605
416.025940
197.822266
-2211.506836
-861.687500
452.142151
1025.853271
834.693359
-567.447266
110.792480
1027.915527
1567.306641
552.004395
-428.754517
-194.858398
-458.406738
1005.934570
1999.213867
229.112183
-1004.409424
-603.399902
2936.221191
5305.542480
1474.642700
-1298.306641
-412.008789
1435.798828
2677.282227
2405.169922
2808.747070
111.870117
-138.557129
-72.578613
-643.563965
-311.460449
-217.733887
3083.570312
2045.931641
322.603516
963.430298
1569.887695
1307.723633
3793.259766
1440.840576
3424.963379
12.360352
-2711.379883
-2949.902344
-1764.545898
-353.784180
279.095093
-429.340332
65.115234
-700.944031
-36.145996
-1401.369141
-1408.730469
739.444824
1821.627686
183.722168
967.530518
-92.971680
-309.925293
-373.471802
-31.469727
882.368164
658.827454
537.343262
-299.058594
-16.837524
744.902100
1060.215820
202.394775
-544.225586
1440.358887
-841.174316
-1431.343750
-542.363281
-190.771484
895.256348
882.489929
91.708008
297.836426
-503.831543
-10.252808
1718.148071
32.941162
-488.847900
-1721.406250
-1789.220215
1467.166992
-1313.108887
234.946777
-306.941895
-1110.736328
855.776978
262.905273
-394.562256
663.199219
91.035645
731.949707
1048.675049
-157.459229
-1345.495361
-1245.303711
-828.562012
-87.913269
1432.482544
1848.223755
917.926270
468.743164
2992.079102
3192.857422
440.405029
-784.493896
-622.126038
380.534424
940.162415
-1040.703125
-1638.195801
412.998352
499.716797
-311.657715
734.704651
1351.466064
1448.678345
1961.322266
-834.949219
-807.419922
-477.726562
-720.488770
-1401.699951
-4413.395508
-4068.583008
-2480.416260
-2156.533203
-974.597656
2662.604492
2544.809814
2087.995117
2202.483398
990.455566
1077.066895
-462.489014
-132.663086
1113.696045
662.955933
-1496.408203
-830.072510
909.383545
1013.276123
-249.656494
-1008.524536
-208.222168
-427.379883
1272.789062
1426.919434
390.625610
-26.140625
884.791992
239.287109
96.981201
-676.285278
-363.766113
-118.098877
451.475464
-577.524536
-1309.506104
-629.346191
178.829590
265.426758
-527.194946
-958.702393
-1080.714600
-855.820801
-1281.721191
101.562256
943.657715
368.393066
-46.617676
-527.368713
627.973511
-86.768311
-1562.108154
-1203.432251
789.411621
314.110352
581.043945
178.868896
-416.905029
1271.412598
1274.222656
-828.511230
739.282715
1250.435181
-152.371582
1035.315430
1220.308350
-653.639465
-608.398438
696.672363
-314.651123
125.689453
3291.902344
762.541992
-78.841797
-74.543945
568.240723
706.305176
171.420654
2312.653320
3774.388184
856.676270
-661.983887
185.699219
-373.991943
-58.680664
-402.761475
-136.700684
212.584717
903.749207
434.255127
586.875977
1565.515991
287.603760
1248.375488
3645.068359
2841.630859
823.291504
684.553833
1323.493652
-158.194946
-742.544800
-104.663086
-2402.244385
-2481.011719
1059.125244
1412.274536
1046.375000
1266.439087
363.628418
-301.294434
-873.997314
-1146.943481
-598.038086
314.254883
61.376892
-256.478577
-286.569916
223.667725
125.451172
411.508942
2580.831787
2620.569580
-701.517883
-901.633301
-995.222656
309.234375
1203.598633
334.490723
-53.462402
-870.937988
-863.197388
-777.993408
-745.800781
875.244141
473.321899
-952.137451
-1452.480957
-3142.090820
-686.539062
370.552734
406.532959
-316.524506
-809.449707
390.875610
111.019043
-1426.460938
-1285.629639
-1616.909668
-883.705078
2739.769531
2364.703125
55.805176
-584.118652
393.520508
-1305.717651
-740.791260
-486.564453
-227.616699
1625.361084
385.130615
196.100586
2153.516602
1128.217773
-700.175293
-2522.015137
-1782.286133
-96.189453
253.438965
129.751465
659.399536
1118.207153
-287.316650
-1084.105469
1248.539551
2261.925537
876.706543
626.249512
1231.556396
46.593750
-222.298828
565.592285
1306.905273
2489.744141
1445.443359
248.084473
218.183105
578.545898
998.728516
2612.090820
-66.414879
-276.138794
485.340332
-3854.076416
-8393.307617
-5448.322266
-891.646973
464.124023
1304.934937
877.118164
-1393.243164
-565.426270
-404.887939
1016.942871
913.977295
-190.685547
-309.315430
-146.627991
452.152588
914.608337
-129.766113
-1481.769043
-1996.574951
-1240.848267
-469.436035
-375.652832
356.285645
1017.683105
511.723755
-878.294434
-715.767212
-1072.754395
-1714.480469
-636.663086
-445.365234
-2341.579102
-362.753418
238.539551
667.622070
-382.812378
-1103.471191
444.437012
2059.808350
60.653809
101.060547
974.813171
-110.354523
-1230.868896
-311.911621
408.036621
-737.625488
-1342.452271
1050.142212
1047.988525
425.623779
-349.723633
-3652.521484
-2366.924072
673.534668
-338.068848
-370.872314
-2742.815430
-1690.229492
-360.626221
299.931274
1581.875977
885.551758
1611.191406
-685.386719
1178.275879
488.114563
-1007.558228
-667.781006
-1110.312988
1624.474121
2204.407715
366.199585
-1318.096191
-979.659912
-874.061890
1479.970215
2445.713379
1940.822266
1476.708984
251.387207
1075.054199
855.531250
656.083008
-52.864380
451.725586
436.457031
829.352539
-587.872681
-641.402832
-299.436523
-291.192871
-265.328979
811.326416
491.009766
-509.820801
-1671.079346
709.407715
-453.016602
195.277344
-68.683594
2921.729492
-405.699219
370.087891
2264.847656
1728.183716
308.111908
477.653076
-1077.868652
-2441.759766
-890.247070
-1485.604980
-2454.051758
-1937.524536
-184.806412
611.002991
-365.158020
-2381.042480
-2055.868408
95.345215
1184.783569
23.092041
1166.335693
704.871582
-419.413574
2769.987793
4910.849121
4827.039062
1134.656616
428.677734
-301.028320
327.369141
-175.548828
-1914.206543
-616.616943
1276.266113
1486.388672
504.352051
-532.239746
-1650.647461
244.719238
1535.505127
1166.347778
-769.711548
784.800293
1279.652344
-186.849609
237.481201
-660.597656
-374.528320
224.551514
2643.160156
79.701172
1967.427734
1154.588379
313.414062
-88.350098
-1087.224365
126.294434
483.377930
567.460327
410.376953
-2234.117676
-2753.981445
-39.138184
149.060547
869.023926
742.474365
-366.490234
16.433044
-390.340820
-507.070557
-369.345337
-1186.382324
-996.524536
1517.314453
626.832642
816.055664
2.204590
-486.799805
-259.584839
-1065.068848
-2140.527344
-3121.377930
-2781.084961
-3756.089355
-417.244263
1367.062500
4935.197754
209.273438
-1056.788818
-1001.902039
92.119507
1025.297974
-812.864319
-534.739502
899.961426
-166.777832
1359.062012
-68.545898
-826.684021
410.006836
1130.315308
1384.449951
1668.711548
1062.900391
-259.279419
-324.603516
257.097412
-83.354538
1643.146240
1633.239258
-295.896973
-394.974121
300.561096
136.338623
2410.563965
4161.401367
2156.321289
-545.055664
-882.228027
-1022.774170
-1038.650879
337.398438
-207.120117
5.244141
-769.854492
-622.061523
180.322266
913.465820
642.444092
359.260864
1064.177734
440.528320
189.026367
1301.993164
1698.800781
-245.250977
-708.877930
-514.127441
-292.501465
227.166016
156.142166
1688.250000
1615.562500
-252.104492
-1234.057861
251.828125
318.524902
-368.428223
244.170410
748.961121
1199.831055
1102.139893
194.479492
-1606.090332
-3862.299316
-69.783447
1786.197510
-876.884460
-1116.679199
-569.453857
-1247.920166
-145.383179
-518.215637
-497.046387
-2284.692871
-5024.623047
-3174.634521
43.722656
719.007812
157.106934
-790.283203
-832.364258
-19.865479
1430.467285
-186.358398
-629.698242
-58.674805
-62.592773
-422.232056
-507.071289
-417.999268
22.475464
1057.825684
281.505371
1410.878174
158.031982
1500.847168
4521.689453
3536.158203
309.200928
935.296387
79.682129
-811.524536
-1089.527832
-374.622437
1227.850098
106.611816
1105.016113
1185.886719
-529.281982
-266.199951
-742.631836
-58.255371
82.139648
-626.355103
-583.524536
-508.945068
-1450.977783
-55.955376
-2396.916016
-4692.855957
-1995.623047
718.627441
-264.885254
257.328125
-1428.727051
-827.111145
626.689209
-366.681641
813.279114
-613.413086
-1710.465332
-19.370483
1764.937500
605.947021
-609.580078
-248.745117
-87.371826
739.569336
328.298828
-209.617920
-1238.833984
1918.530273
3845.965332
1025.566406
-709.074707
-2391.666992
1160.272461
-190.415039
-448.649902
-148.388184
1660.475464
551.821045
-480.140808
606.403320
-327.837036
201.215576
860.844604
-5.909424
3417.757324
5064.395508
899.160889
-763.164246
1555.203125
4441.800293
4016.027832
1123.710693
364.039307
-210.988281
595.903076
1525.459229
-685.472168
-1081.140869
370.216309
461.801758
-145.805908
537.252930
-603.317383
417.323242
457.294922
1395.623047
-41.496094
-594.621948
-872.039062
-800.666260
-68.266083
-1476.846191
1169.549316
3765.790039
3107.417969
343.016602
-258.571289
890.213135
264.014709
-200.825195
933.994141
-4.481201
-655.533936
-1758.473389
-1100.550293
-1627.413086
-1192.047852
-1508.926758
659.001465
1917.278320
1461.540527
609.769775
-38.739990
-2670.799805
1511.644531
2154.761719
1915.474121
781.623535
-1614.087891
-1433.182617
-2964.697754
-855.144287
1395.523438
1624.267578
2541.615723
300.154785
-415.253906
1028.095215
-168.833832
596.843750
-394.027344
-1153.940430
332.467041
-3432.008057
-2690.409424
-1722.792480
-1619.545166
-946.967041
1363.819336
747.476562
-663.302002
-1223.221436
313.308594
-140.668945
263.592407
750.900879
1472.736328
589.966675
-162.968994
284.723877
31.019531
863.918945
738.750000
2313.128906
468.396484
43.836792
-1686.888184
-975.238281
-41.108398
253.052704
916.814209
-1165.360352
-2667.641357
-257.171387
-1058.987305
-747.849365
455.050781
355.056641
-728.331055
-1727.124023
-594.471680
-542.980469
334.028809
-59.290039
949.673340
937.084595
487.144043
-159.462036
-474.371338
182.705078
724.080383
1408.428223
748.259399
-956.313599
-318.692383
-243.483398
-5657.013672
-4131.787109
-910.857788
1876.389160
5525.477539
1663.784180
-636.968506
510.798340
-147.936920
866.411621
554.669189
285.000854
-162.436035
87.497314
1479.615723
511.098938
1191.743652
1043.731201
149.044922
206.402344
462.790527
-64.722168
-179.708252
1066.650391
1758.467773
1227.539062
237.912598
569.081299
210.863525
200.910889
260.855957
904.865234
-1696.855469
-2372.157227
-2779.287842
-1128.077148
1539.325195
1354.901367
609.576172
-3782.426270
-4573.263184
-1891.611084
559.363831
-180.237793
-545.702148
-323.236084
-223.310059
-173.315918
-378.517090
-598.481812
-581.107300
-88.814087
-113.771729
-195.824097
-678.024231
-813.446533
-767.183594
867.653442
277.328125
-965.185181
-52.692810
811.797363
272.712402
767.955322
904.262634
126.777832
-958.604492
474.496338
1363.668213
-1001.573853
-586.909546
1259.465088
-379.951660
-398.154785
481.237305
969.142151
1268.862061
846.031982
190.216675
-1029.857788
-1146.632690
-519.149414
1420.477295
2021.668945
441.011719
72.143555
-1989.779785
-3744.328613
-1386.117676
543.192871
-864.828735
485.077637
1563.977539
426.187500
219.818359
146.601562
885.695068
1528.238037
1180.382324
736.165771
608.475342
656.990356
766.981934
-946.857849
-518.757568
-178.520386
-563.851074
745.594910
351.718262
-676.352539
392.300781
-123.608398
581.407959
1165.958618
66.361084
510.715332
1867.548828
1081.611328
343.819824
-318.271973
-343.312073
305.238770
3009.687500
1299.422852
-1362.955078
67.837906
548.520386
393.020508
-1309.203613
-1871.267578
-449.499268
-209.413818
-537.535156
-405.407715
442.565674
-414.508057
-765.854065
2861.765625
2338.767822
-476.550781
594.875244
913.247925
-1025.721436
-907.188232
-845.938965
-2999.452148
-3082.250000
-304.907715
772.038574
1341.020996
-188.476440
688.679199
1027.458984
1376.412109
2602.243164
359.905273
250.828613
1533.252930
1036.887207
-1391.268799
-567.071289
227.125977
-70.180664
-278.031494
1077.644043
810.354492
-44.111694
-628.723877
436.046387
877.684814
-134.857834
281.066650
1695.650513
1150.163086
-809.371460
-1486.350098
-205.817871
-354.215332
-424.724609
-119.732422
538.726807
-1130.056396
-220.133545
1329.569824
671.830566
901.115723
3905.980957
3478.374756
671.156250
-1057.366577
830.250610
631.282227
-872.299805
162.323975
-815.042358
235.010742
-727.425537
-3987.009766
-2000.107910
-132.427734
-255.744629
-527.854248
-591.769531
226.111084
-503.645477
-177.766113
303.248047
-2169.389648
-3363.013428
-1595.887695
1361.003906
2731.002197
1368.393311
-13.953220
263.283691
-147.277344
423.208008
874.831543
962.817993
1001.442139
99.271729
-1099.173462
-7.329590
313.580566
213.516602
524.245117
-524.962891
-3435.762695
-4560.268555
-4230.485352
-1352.764526
505.204346
24.099121
1035.782227
256.057129
1710.509277
605.677246
-468.845459
-368.561035
-373.541016
-794.378906
-424.649902
-145.333496
-513.914551
760.598755
1669.848633
1015.034180
446.191895
-1191.335449
-2897.029297
-4110.309570
-624.927734
646.260986
-1456.627441
-665.338867
-737.754883
-1973.599121
-1264.512939
1250.705200
1892.316284
1456.904541
380.999023
-343.880371
112.621094
253.914062
392.643555
-25.963135
-481.929443
746.258301
3163.764648
2873.929199
1335.554321
1431.915283
282.281982
-141.379150
949.131836
2062.820312
562.670898
3441.521484
3468.598633
4435.467285
1165.716797
-404.495117
61.373535
-688.562500
-323.665039
1564.714844
258.862305
-185.877197
93.782227
482.549316
452.875000
-1353.124512
-2239.340088
571.559082
727.779541
-1525.387939
-1029.424805
-261.315918
-351.581665
-1559.707031
167.923828
2249.105469
58.044922
-2078.790527
-3587.210205
-2038.966797
1198.035400
1239.649902
1960.013672
740.857666
-2456.524414
-1833.635254
-207.812500
655.807617
-398.286133
159.735840
90.657471
-537.381348
665.256348
-481.081055
-419.526367
-405.055664
501.001465
-930.041016
-703.376953
1559.350342
1080.753662
1869.291748
-52.943939
579.062744
-1266.896240
-1725.782227
-2113.098145
-102.827637
131.953125
-3371.556152
-3020.857910
275.593384
890.013184
368.815430
2092.694092
2101.935059
-863.927368
-122.918701
-763.345154
-1701.226318
2288.173828
-1190.902344
-4850.009766
-4235.894531
-248.086914
313.809326
534.698730
1571.649414
949.342285
-971.356689
-40.847168
-539.097168
-1109.695068
-419.082642
1205.120361
-409.619873
-266.476318
651.292358
2420.452148
108.522461
-1127.021484
1137.951294
2291.666992
1802.375000
1705.402344
-60.638184
152.041504
1118.333008
-3113.644043
-7111.797852
-2501.478027
847.526855
998.395508
2232.862061
182.142166
-261.922882
842.814941
-190.958008
-289.226562
-718.646973
-362.963867
-230.463867
-38.582764
-499.279785
-647.565063
-576.856812
319.948975
937.843750
484.882812
820.288574
-473.653076
893.946289
-122.853271
-1366.853760
-705.870605
174.127686
502.043945
-19.822266
-528.113281
1210.408447
712.122559
498.447266
195.580811
-227.449707
-568.994385
-1125.737549
76.297852
-95.401855
37.780273
265.891113
611.015625
953.751953
-651.060059
-668.454468
948.755859
914.775391
1262.101074
-132.819824
765.844238
1110.896240
928.483398
-625.390015
-2774.566406
-1987.043579
-532.840210
764.172852
876.604004
238.600098
-287.447754
-3131.912598
-2072.484375
263.697266
135.863281
530.404785
307.859863
-450.191895
-315.243896
194.668945
1978.929688
1779.541504
-380.716797
-67.733887
669.597412
-81.905518
-234.662598
110.573730
408.106934
55.378418
-1114.702148
-278.996582
1271.206543
1067.490967
976.298950
783.948975
-1680.097168
-5310.421875
-3532.854492
-223.997192
792.543457
791.813171
1068.377930
-3486.764893
-4983.081543
-611.800781
178.942383
-355.443359
-934.611816
-1062.968262
394.768066
2678.483887
2195.077637
-18.456787
637.632019
91.327148
2161.244141
5021.017578
1168.959961
-707.158203
63.252441
109.590332
5588.823242
6643.753418
381.785156
-145.015930
-1.493164
1117.145508
2153.002441
505.386719
-1302.930664
-102.824219
324.540527
-519.779480
429.443848
505.412109
1040.718628
1317.232422
1011.465820
812.169922
408.360352
1055.659180
1097.587891
1547.900391
-475.190430
-772.842773
-1844.863281
-1990.998047
414.538086
202.142166
-1817.532227
-1500.683594
675.796875
1663.308594
4601.519531
1240.303711
-457.204712
-394.533569
-254.546631
3420.000488
2455.279297
-256.298340
-161.691895
-494.525391
-501.471680
424.422607
-203.195068
-465.070801
-210.988281
9.702148
119.394531
367.873535
828.025391
635.374023
-856.805176
30.475464
-1401.552734
-2205.984375
-3851.570312
-1011.432861
1204.175903
1121.800293
1160.847412
608.499756
822.919678
-1139.194336
-144.160156
-270.414307
175.628784
-158.431396
-23.762207
-272.096252
-396.736328
-626.656982
238.370605
1337.838867
4599.712402
5051.117188
-156.013550
-864.528320
-10.711060
197.781738
2337.658691
2316.588623
-456.817139
-1446.554688
-1500.919678
-898.437500
-501.357422
467.949219
551.589417
552.758789
-408.237793
257.062012
-2.970703
-176.347656
-374.800293
-1226.417480
123.696289
-107.049805
598.374023
-139.025620
-1338.857788
-402.078522
-985.822693
-2676.776855
-977.209961
704.541016
847.638672
-1330.313965
-1392.149780
-106.987061
722.579834
312.137207
900.375488
-985.010864
-550.353027
-95.338867
-1144.589355
-809.604004
678.261230
486.572754
23.372070
1511.574951
1238.451172
-358.166016
45.229736
1535.340332
34.401367
-1574.123047
141.866577
482.446777
1329.475464
1190.351562
-927.947266
-3335.818848
-3215.325195
-318.827881
715.857666
550.754700
1493.244995
1123.505371
644.509033
505.840332
-125.808594
-50.420898
1042.702393
460.282227
73.233398
-313.412109
-1187.543579
-482.271240
-475.967285
-594.447571
274.140747
-929.887207
-366.224304
1354.693848
-369.453156
-1024.551880
-637.166992
-829.879028
70.658447
-195.114990
-212.211151
540.015381
449.858459
644.108398
617.898438
641.222168
-500.132202
537.633789
3083.912109
2079.993164
-314.557617
-437.182373
-1804.443848
-1363.702148
896.805664
-359.864014
-217.276001
1015.859131
319.963867
452.928955
726.049072
691.332031
163.781250
-941.928955
-443.989014
-38.177124
-337.662598
-357.955566
-818.351074
473.088867
-544.073730
-1325.684570
378.085938
-599.912231
-532.495117
600.832031
-898.104736
-2139.705078
-267.006958
828.076660
4424.239746
4778.029297
448.389160
-70.878906
1620.379150
1465.482300
887.140991
-57.275391
-1203.647949
-235.915283
608.712891
359.385254
-313.941650
-1321.207275
298.404785
252.844482
828.346985
-111.279297
-530.630859
186.276367
95.480225
653.039307
217.348633
1700.437500
2156.821289
-711.529724
-146.402832
335.922852
-577.076660
-748.975342
-198.169250
-1359.776489
-1430.042236
208.553223
908.481934
3170.077148
1881.260010
-160.906250
487.438477
201.250244
-244.513672
100.024414
635.591797
1397.924316
-602.173096
-655.511475
-314.682617
-380.789551
-149.821167
-385.470215
-1029.746582
585.833862
749.715820
504.642578
1316.727783
-259.251465
-3106.820801
-4327.191406
-4337.186523
-1499.090820
598.518555
22.913818
396.945801
555.812500
-732.476807
-851.021240
266.882324
-212.612793
-434.374756
2423.642090
1725.639160
-1519.740112
421.076904
1350.558838
1019.259338
1636.041260
381.804565
-403.370605
-393.774414
-1135.845947
-571.072266
-398.649414
84.775879
1351.133301
2744.715820
260.642578
1144.613281
429.714355
-1242.011230
764.701416
-267.402344
-759.395508
-678.998047
853.603516
4586.693359
5067.534180
1022.226807
-362.455811
729.859375
286.274902
-405.054016
-1190.799316
-1038.419678
-464.605713
777.840332
2379.927979
677.184570
-131.932617
-2654.629883
-2361.853027
-1146.693359
-490.214844
240.343750
1740.753174
1287.383301
1227.301270
-630.496338
2004.954590
2496.948730
141.651855
206.783203
-339.688965
-1553.748535
-1266.524536
-3060.591797
-4549.578125
-2822.794678
-1972.880859
1309.393555
641.298828
1034.327148
540.514526
1159.667969
1589.408203
4170.368164
881.744141
888.725342
239.475464
-3766.524414
-4871.645996
-1736.698608
-1048.864624
-500.422363
2095.780273
-2799.731689
-2985.473145
-161.538086
770.898193
-1487.857788
2275.075195
2832.789062
-459.603516
100.796387
1373.048340
14.257812
546.846680
95.704468
-647.701904
-673.184387
402.988281
-749.807617
63.277222
-201.099777
1140.402832
-227.854187
-486.365479
433.657898
-1545.464355
-2184.284668
918.408203
923.247070
-419.677368
-96.410889
-261.338379
-984.181641
242.679581
-410.977539
-2650.120117
104.859375
-507.196533
-8.724854
-670.208496
-479.042969
2225.732422
975.846680
837.322693
263.802246
-1542.568115
-1104.976318
1216.015625
1203.620117
1761.678955
840.919922
273.663574
173.132324
730.923828
1430.199341
590.673340
-71.521484
1981.797852
3826.834717
2301.110840
338.225098
104.416992
-706.130615
-1394.239136
-888.327148
442.359131
893.364746
216.585938
897.723633
850.142151
-769.256470
-203.904236
981.281250
429.528320
-406.942261
-1246.803955
-1484.426270
-267.224854
867.105469
1620.250977
-169.572266
-1633.262451
-529.261719
53.738770
501.371582
2035.125366
157.848846
-780.713379
359.976562
27.504883
-818.585938
-114.129395
545.137268
-779.805298
-5.194336
1450.626953
-2744.811523
-876.209473
508.273438
551.866943
194.613037
818.261719
-2000.139160
540.762695
2221.933594
2266.528320
-1258.703369
-83.556641
-2128.874023
-2351.744629
471.915039
243.782227
436.727051
144.681641
1699.424805
1564.706055
1162.639160
-243.549805
1156.475342
795.345947
1468.348633
3157.084961
1744.860962
-656.637695
284.450195
1092.485962
81.878662
1217.905762
305.698730
-581.211182
-58.532227
266.889648
-572.016113
536.036133
44.276489
-329.589355
926.501221
379.031250
169.195068
546.097900
354.865723
-34.571289
783.270996
-139.454224
-699.026550
528.086914
137.721680
797.403564
-218.694336
-1499.218506
-448.907227
702.179932
633.264404
530.668945
-470.890625
-443.857849
1505.069824
305.832031
1321.937500
1027.535645
424.058838
-103.682373
-382.897949
-937.842285
-1262.923828
1671.836914
3747.482422
3325.593262
1110.818848
602.741699
1454.592285
-102.099121
-353.843750
-246.818115
-1193.800049
-531.780762
-318.462891
-658.657104
-1069.260986
-528.135498
1150.561523
1448.019531
939.492676
-1118.745361
-1541.104492
892.340698
394.501404
-1503.399902
-773.522705
-1318.369141
-1636.835938
-1808.090820
-74.316406
1608.614502
305.019531
-1714.685547
-972.041504
-754.627197
300.022461
436.362061
-615.120117
-344.007080
-371.431396
340.531738
1631.884277
-496.604309
-41.358887
-94.427246
-549.095093
-1544.272461
-1313.002808
165.921753
4015.918945
1749.887695
-356.238281
-105.949219
-1316.125000
475.389160
-1028.190918
-1518.815186
-395.623779
232.714355
-1320.392334
1331.121582
3458.405273
1017.892334
-1454.598267
-1949.830566
-1730.524536
301.811768
-1190.032593
-333.315918
-576.669922
-4372.181641
-3221.857666
32.494629
-741.816406
-208.085449
-628.838867
-1811.060059
-278.558350
1595.192871
-548.982422
226.573730
-1798.681519
-1785.461426
-1346.926147
-731.279297
414.158691
931.823242
-216.974609
385.184326
609.709961
1.224854
-597.979248
-36.419434
-1231.838135
-765.698669
236.304199
409.987305
410.214355
179.663086
-396.012695
1415.043945
2200.346191
868.716553
-808.846313
166.407135
386.395691
-3202.258301
-3393.233887
-122.789551
251.513672
-154.985107
-72.309326
836.757812
2960.337402
4554.380859
3406.025391
452.856171
-72.467285
1326.151367
836.570312
300.794922
1931.777832
1665.307129
-70.312500
-970.857849
-654.598389
734.939209
-713.992432
-4391.295898
-4350.751953
-1977.268555
411.748779
99.157227
-1211.879883
-901.328247
440.140137
987.107178
-234.673584
-340.845673
-3584.753906
-6087.561523
-2046.421631
2.317688
235.467773
2444.569336
1436.908691
-990.159790
-253.384766
-808.963867
306.603516
-72.501648
-1292.268066
-444.316650
1591.030762
31.289795
-93.718018
1222.464722
400.927246
232.080078
450.070801
-840.582520
-851.031738
426.560059
488.765137
688.450195
-85.580322
-1768.730225
-377.169922
-140.210938
1643.216431
2671.662109
121.904297
-1869.552979
-3253.939941
-4810.512695
-293.185547
751.181396
847.097168
259.196289
41.727509
2805.733643
3320.499756
-218.891602
-1159.092651
209.180420
244.760986
-1396.811035
-721.733398
-1754.746094
-1625.078125
711.772461
-1250.524536
-1592.751221
-141.260315
-705.442505
247.618164
1821.998535
779.065430
-211.106689
651.400635
-394.186523
958.911621
2242.680176
864.781738
-924.066162
-617.499023
951.285156
613.114258
-518.446777
-2942.262939
-1912.230225
513.076660
1405.369629
682.761963
1166.097168
2292.932617
1160.230469
4507.549805
3469.004395
-781.784180
-894.624023
495.803711
500.634277
1464.854980
1651.213867
360.233887
-553.444092
-2491.910889
-6413.567383
-5178.771484
-3039.740479
-324.709961
293.295166
-383.416901
351.614471
-572.929199
-1144.205200
654.497925
-298.685791
-2698.642822
-1796.880005
193.985229
964.458496
-247.170898
-1666.980957
-1524.101562
556.372559
71.075928
-685.163513
-177.948120
-1300.421021
-1556.751953
-695.596313
-595.748657
346.891968
-208.646484
-571.336426
-230.306641
-472.132812
192.232910
1162.474609
1588.267456
533.420898
-896.888672
995.875488
-833.223999
-1622.072266
610.059570
-6.437500
-935.726562
251.813965
745.465576
-307.484131
464.362183
151.183350
-323.299316
1228.441406
4377.939941
2993.401367
337.210449
696.399414
-111.542969
-395.028076
847.151367
99.347374
677.662964
626.650757
-277.802979
593.433594
859.110718
485.624023
348.544922
1844.729492
3328.023193
3118.881348
279.942383
-923.663574
-596.523071
163.150604
-475.997498
-61.618332
454.190796
-218.499756
-988.366211
-228.167969
693.931641
-302.697876
-117.035492
-977.958740
-1146.911865
-415.226379
1577.736328
279.417969
-127.384766
-1852.664062
-1136.776001
1569.461914
-361.986938
151.864746
1136.723389
-918.749817
-2090.795898
-648.406250
238.884766
1040.241943
83.991699
-785.813843
-929.700745
-1155.278198
-880.635925
-521.079346
-14.761963
1568.467041
956.967285
-427.516113
476.609619
1018.469910
566.967285
-277.908936
-2012.791870
-357.651855
-64.143555
-2747.863281
-900.963867
555.838135
365.884766
350.790039
-74.023193
-1175.290039
-262.389648
-650.005859
-445.022949
324.427734
-511.736572
-1175.243652
254.269531
976.781250
717.493652
-983.810059
-5570.799805
-5319.521484
-783.213379
-178.146484
1154.194336
555.581055
-750.555664
-1104.565918
-1494.070801
966.150391
49.808594
-979.579956
6.852051
2563.691406
2959.185547
1270.878418
1540.766602
638.313110
-6.868896
-852.505493
-745.315674
-1930.749023
-1178.580078
-177.349609
472.906738
-451.572998
-1097.066895
-417.433594
-1155.639771
-1678.969238
577.998047
173.063965
-1048.465088
-645.025574
1166.903809
-4.679199
-970.896729
-641.772827
-829.166443
-97.819336
970.933105
1644.846191
763.313477
258.744141
698.606567
797.787842
-851.351074
129.965332
2725.279785
2520.017578
1099.847656
-1559.898438
-4130.103027
-1343.259155
866.192139
-538.511719
240.180176
380.640381
-738.276855
-1227.017578
-387.882812
-1092.896484
-279.652344
-353.461670
309.480469
270.056641
-769.529602
756.399414
3370.901367
3663.150391
1969.934692
159.102539
918.379150
908.263184
-132.593262
-1306.089233
-643.793213
-80.717773
-227.627930
-329.192871
-403.373169
-554.652893
-673.665527
471.458984
-781.414551
-2231.581543
-2191.053711
-475.521149
1081.667236
1761.983276
1255.952393
1257.778809
1204.253906
89.972168
-1075.637207
-1451.742188
-677.849976
-1388.574707
-1586.741455
145.491211
3518.709961
963.366211
-571.895813
-578.768555
-1104.918457
-1667.026245
-1762.672852
-291.957031
-93.425781
-444.533691
-200.821289
-2512.780762
-1698.507568
1159.618042
643.691162
297.045258
2213.205566
2675.182129
3095.170898
2747.936035
2135.740234
-574.240234
-974.172241
-907.630615
-808.191406
-442.845215
479.963867
-1291.341187
186.481934
233.961914
-944.322754
302.550781
-57.173828
540.807251
439.937256
16.142166
501.646484
1274.557617
415.419922
58.729980
-3045.717773
-1023.075684
782.596680
906.477783
1327.142212
122.987549
-161.919678
308.783081
634.837402
-508.505371
-563.815552
-1596.854614
-921.497070
280.075928
-426.533691
-449.957520
-4521.048828
-9760.205078
-7342.428223
-480.289062
2058.267090
51.557373
398.886475
203.663086
-4174.854492
-2265.901611
605.935913
-577.221313
2664.527588
1637.785645
-193.301758
-877.373047
-1527.524414
116.944580
716.943848
-95.721680
364.925293
-852.148926
140.129761
874.890015
570.688477
-2932.004883
-4998.749023
-646.167969
983.098755
647.056885
591.573364
-2731.862305
-3489.951660
117.279785
590.444336
-46.945068
-36.389160
-2325.429688
-725.866211
-667.689453
-1108.058594
922.360352
831.465820
1223.787109
-716.982544
-344.895508
-1893.185547
-2559.291260
1561.426270
360.628662
-543.075012
-1455.825195
-656.586914
-138.696289
95.108398
-263.785889
405.786133
593.057129
-622.351562
455.062836
1832.353760
629.237793
-459.244629
-127.938721
-1318.014404
218.568604
1332.436523
-314.747559
-271.863281
386.938477
-406.772461
410.976318
587.540833
-581.524536
-1410.228516
-181.595459
724.655762
1000.644531
291.282227
-249.368042
-1688.751221
-1067.838867
-498.030029
-420.005371
316.189087
752.058105
1112.625488
835.373047
-247.963867
242.997070
1869.813477
4570.495117
4956.031250
3305.154785
468.286133
170.500977
613.702393
3585.718750
5174.833984
3946.321289
1639.008789
236.930176
1323.102905
416.497559
-789.350586
-183.407715
603.465332
-823.453613
-3304.336426
-3382.479980
790.413818
542.595459
-734.437744
-151.261108
-611.114868
-473.078613
1982.824219
1079.109863
-897.673340
513.027832
974.574829
459.969971
-718.081543
-408.119873
939.373047
1144.547852
456.797607
244.570068
-745.290466
246.350708
215.812256
-647.620117
305.374023
-111.749023
1686.541992
-292.173340
-1034.179932
-575.576111
-808.755676
286.138977
883.631592
174.885742
557.802734
-608.294922
-732.150391
-2011.160156
-3980.512695
-234.043945
-1003.682617
-752.802124
919.103210
-301.791504
-1177.152344
-1449.448242
1034.210938
1658.309082
1635.335449
-2009.275391
-1069.558594
-1677.065430
-115.523438
1615.156738
4063.512207
1476.654297
-690.586975
-1506.718994
-4601.857910
-2404.934814
130.252441
-918.526855
-677.256348
-69.915283
1226.999023
-696.932861
-4246.719727
-5142.421875
-2218.740967
868.766113
902.233887
-348.714600
-1539.101318
-2506.847168
-492.993652
1152.451782
1953.885742
1596.494629
-279.377441
-121.151855
-240.875488
-1169.012695
-629.520508
-1073.169434
-398.505981
1534.003906
1225.328125
-24.532227
-334.889648
923.704224
1409.747070
572.083008
-1264.504883
-5295.363770
-3365.811035
669.493652
-58.193665
653.001587
177.368408
-523.954346
778.888123
-46.865234
127.900391
427.858887
591.187988
597.531311
-1894.940918
-994.862305
1205.964355
2062.733398
1280.165039
-640.427612
1.171631
-82.855469
-107.152588
-90.438049
-500.326660
477.064209
1004.416138
74.165039
-568.509766
-970.667725
-49.387909
432.797852
-360.789062
212.921875
1930.804688
1305.860840
650.435059
32.308594
530.954712
254.910446
931.962769
110.980164
-1333.678955
-480.622559
855.446289
1500.442993
1577.249512
-25.162598
-403.759766
388.727539
745.697144
-23.294434
-200.417969
345.155273
103.629517
-80.116455
1814.316895
1702.601562
-284.441162
-173.217285
762.788330
378.945557
-161.471191
367.722290
332.243774
483.002441
1184.593994
1142.789307
336.117310
-208.758301
828.659180
162.325195
758.428955
1171.958984
546.754700
163.464417
110.273926
-624.539062
-1339.855469
-1450.915039
-596.950195
-727.513794
-781.527466
293.761780
880.494202
1305.328613
2395.374023
1272.920898
1677.108398
-285.193054
-370.825195
933.976562
694.332031
848.885742
1154.218750
1457.554688
2589.738281
3001.666504
70.113403
126.503174
812.567139
509.633789
43.786133
844.521729
-97.817383
-79.702637
126.555847
358.902588
517.670166
761.764160
-654.524536
96.615234
420.262146
607.278931
-494.152954
451.243713
658.514648
-874.043945
-431.194580
-977.929565
-3373.580566
-4382.662109
-815.971680
1390.230469
999.422852
574.821289
-703.922852
-5.631424
588.043091
-782.011108
-286.066406
426.977356
-1581.291504
-1123.481934
429.655273
-309.926025
720.894531
320.139648
1048.304932
866.202148
-660.109375
129.751221
126.111816
-902.455566
363.836426
383.530762
-169.603516
-383.536621
2529.187256
1927.847168
227.979004
-414.515137
-686.866211
-2366.672852
912.911621
635.330078
243.303345
-895.197266
-299.944824
1558.111816
1244.099609
-88.796875
1172.568604
395.597900
-182.337891
-2023.627930
-2875.770264
-693.525024
820.702148
1951.418457
4034.707275
2285.952637
-179.812988
-852.452942
-618.726074
155.912598
-591.910889
-477.403442
1082.556396
1324.483398
11.479004
-118.645508
821.355591
540.600586
-237.516602
-375.001465
-192.142944
-631.948242
-2133.909668
-476.513428
1167.152588
833.401123
455.532227
464.244110
246.843750
1502.816895
793.879883
-864.719360
-656.803467
-682.124023
-512.433838
468.258179
656.224609
202.395508
385.676758
876.237793
356.592529
157.175293
1608.849609
1846.247070
830.173584
-2315.095703
-4740.446289
-3914.124023
-349.187256
-656.674438
-1822.818726
-3481.685547
-1808.324707
853.216309
-106.760986
-1179.150879
-1037.411255
253.982666
-58.401367
-522.652832
-1011.879578
482.820618
2585.881836
3031.337402
1182.752441
244.723145
-143.769531
-869.026123
519.565186
43.439941
-96.303711
872.123535
1157.072998
735.578003
-1126.742188
-1199.591309
540.502441
257.878296
694.410156
1807.302734
-284.787109
-2248.873291
-2210.362793
466.478027
144.310181
367.773193
284.388489
43.038086
1403.575195
718.342285
39.588623
-479.458008
-563.130981
-830.203857
-610.660400
-300.513672
426.658203
605.782593
-635.180298
-144.428955
192.346680
-915.981689
-1168.602295
-258.860352
798.325195
1831.475586
136.363525
1026.589844
687.414185
-626.938110
-1482.568970
-426.052002
1200.346924
928.962158
39.077637
-65.428711
-943.386230
114.093506
998.871582
1367.908203
253.167969
-441.256348
-394.633057
-76.869629
-918.009277
869.170288
1365.984131
318.478027
-562.155396
-725.338745
-1146.131592
-774.018555
-269.348999
-1112.445068
-414.516357
914.301758
-26.063477
-2682.947266
-2787.844727
-289.943604
41.637451
-941.324951
231.229004
582.281250
-79.157715
-405.408691
-604.272217
171.672852
1600.924316
947.116943
1015.672607
-182.816895
-513.397461
373.931274
1117.164062
1816.155273
1166.114502
321.771484
192.392090
-6.696777
321.373291
761.116577
1842.075439
1666.655518
1417.307129
-526.829834
-4229.802734
-3631.309082
299.685425
1173.380371
2296.895508
1261.967773
-773.789307
686.893066
-144.803711
-159.455551
816.130859
63.995239
523.650879
508.135742
125.066406
-181.367676
191.346191
183.156006
846.097534
210.922363
-1995.413086
-1600.504883
1817.366455
1132.091064
1230.516602
1532.471680
602.301270
255.162109
1234.740234
-837.728027
-941.338623
-284.301758
-1272.819336
763.264709
830.762695
143.315674
-187.160461
-2092.769531
-2138.967529
448.215820
1494.681641
47.300781
-1673.338867
-1637.883789
-479.893921
1211.701904
1642.799316
1264.615967
-2087.708496
-1623.337891
23.626953
1490.229492
958.907593
-141.329834
-163.524536
-267.342285
-589.431641
440.804688
-806.435059
-284.718262
1203.186035
659.752930
911.674377
-220.461914
-1145.853516
-362.436035
-472.783203
1737.427734
2013.071289
-796.334961
-3949.993164
-4625.844727
617.717773
1044.024414
3304.541016
1053.695312
-777.364746
835.804688
2582.087158
2408.277832
-3168.249023
-209.579102
-902.975586
-561.575439
-1316.752686
-834.262207
358.917480
137.543457
-324.203064
1224.675293
1545.341309
-998.460144
-1056.763184
736.258301
-570.053955
-513.891907
626.208252
-266.291504
221.251221
26.142166
-40.745117
522.162354
634.403564
1149.113037
-223.573364
776.517090
-179.587891
981.239014
-319.825256
104.160645
-671.926270
1166.970215
18.182617
650.792969
878.738281
-484.507080
-522.073486
2145.214355
1952.284302
884.327759
-1243.256348
-3731.540039
-4591.418945
-986.911865
446.459961
2591.540527
597.072937
-502.482178
1723.180298
732.016846
-15.641113
-699.877930
-704.972168
-2165.108887
-3161.444336
-1127.735352
1009.242554
932.953979
-1466.534668
89.623108
270.914917
-3368.005859
-1426.649414
656.776367
2157.120605
4578.093750
1085.142212
-293.434082
-1824.763184
-3291.451172
-244.229492
446.818359
-195.436035
853.838623
361.477539
69.989258
-368.991211
298.323730
1819.377930
982.026367
587.380981
880.660645
-97.882690
701.676758
1236.793945
178.281738
408.524170
270.914062
-469.241577
909.437622
1047.225708
80.606445
-352.888824
1310.395020
4352.557617
2160.279785
-644.610596
-119.289551
119.754883
353.050293
535.715942
202.802734
911.843750
-43.048828
-293.917725
481.793823
-1147.203613
-1503.846680
-589.989258
375.789062
777.419922
-298.097656
-734.654053
102.904785
501.945557
1498.773926
1414.993164
1639.446289
179.538330
-700.084961
517.501465
-371.070312
-601.602539
765.231934
323.735352
-758.938721
-1555.975098
-591.231445
183.412598
1.136230
-234.828949
345.695679
-41.780273
-780.189453
-774.958496
-1988.221680
-1583.759277
-1324.479004
-1411.122314
769.843506
1438.799561
608.510254
362.366699
318.452148
-427.564453
713.666016
486.996674
233.871094
482.669678
-92.460938
196.197266
828.715820
836.702637
1858.004883
3303.552002
3591.119629
2956.247559
926.595947
-850.376099
-758.117310
-86.415771
692.301758
673.408691
-1185.701538
-1413.750244
41.113281
936.348633
1117.374512
-693.164795
-1344.997803
-72.327148
-69.294922
511.350098
617.679260
340.121094
-83.032227
247.115967
475.308105
-460.545898
-1929.758545
-3097.286865
-2399.291992
79.037842
1161.359131
1223.366699
-1454.974609
-219.181641
79.119141
552.709106
837.611694
1153.457031
998.025635
1242.093262
1275.384277
669.338135
387.324707
-251.514404
-391.260010
923.821289
897.106445
407.290649
-155.796387
-12.914551
222.258911
161.710938
551.952637
-623.479492
-437.216309
-135.153320
-122.767456
-253.942871
1375.067383
-357.580078
-1163.446777
47.725830
211.505127
-558.731567
61.553223
1061.152466
460.852051
322.586914
254.315430
-1242.623657
442.520142
-671.057678
-1938.608887
153.790527
-60.059082
-1099.872070
-140.429443
1049.991089
1545.861450
-189.268555
-672.744385
-739.742920
-1345.170166
-598.888855
660.068726
1315.608643
-481.867676
-2132.381104
-1903.985229
682.978271
229.614746
3981.881836
251.884766
-122.997314
2228.403320
1207.059570
-556.600098
-1096.196777
1391.614258
890.972168
2701.043945
1202.934814
-787.060913
-1256.680542
-3959.853027
-2993.406006
-106.937744
-747.848633
-535.097168
573.217285
647.052307
-817.446655
-1121.623047
-851.796509
-489.965820
751.365723
1006.134766
1052.739990
1514.099976
527.324219
1677.825684
2483.285156
1710.299805
225.783447
57.978271
1936.267822
4911.700195
2665.155273
-716.295898
-348.779297
253.310547
1219.107300
1362.594727
1134.862305
513.241699
152.690369
-1762.851562
1763.675781
-21.276367
-1111.263184
9.809570
450.779297
-941.124512
-629.166992
37.699219
661.525391
657.413574
1350.352417
-17.547363
-1773.584839
1393.475464
-111.919968
-2546.942627
-576.468018
1523.175049
3936.849609
2710.707031
-546.839966
-6180.416016
-1875.152100
3275.956543
1172.353516
-156.066162
-138.339844
-3294.426270
-3344.568848
531.234375
-205.607178
-1370.130859
-249.191406
796.645142
423.368652
270.147461
1062.172363
59.459961
-295.245544
182.229004
1007.532898
370.714844
395.145264
1362.529541
1548.962402
191.319824
-1023.455078
-1402.708008
-1.035889
-420.762695
-110.994690
1107.527832
856.578125
-715.625977
-1243.777588
-475.521240
-378.634918
190.127930
882.900940
181.273438
4.474609
555.676270
-610.279297
-2223.355469
-1753.506836
523.554932
-129.203125
-769.144287
203.338379
204.617188
808.577637
-251.861084
-492.512451
-2142.804443
-6000.045410
-3144.577637
2087.395020
3552.190430
5832.862305
2463.251953
-845.698608
-57.154297
1721.543945
5595.681641
6562.355469
1930.058594
93.701660
324.114502
-546.933960
90.657150
-417.275604
-526.691223
969.304199
1394.503174
857.322021
493.513672
871.394531
19.475464
-405.268555
2209.389893
5425.822266
747.713867
-68.632324
-381.062134
-548.394043
1410.218262
764.340332
-262.849976
-363.603271
-429.777344
248.471100
727.642822
313.610107
-225.622299
-828.896240
-82.158997
221.579590
695.864746
1580.908447
2429.706055
1007.490723
-141.634521
-1069.188965
-975.799683
-575.571167
-431.143555
640.034546
1245.201172
-145.147949
-1536.680664
-4672.734863
-7051.455078
-5428.588379
-2403.509766
-607.989258
689.993164
1379.757568
-658.467407
771.856201
6791.022949
5328.154297
243.588867
5.282471
-1374.154053
-469.811646
137.376465
-698.244385
1793.159180
2488.204590
2027.861816
2676.282227
1394.025391
234.469727
-971.369507
-2631.217773
-1265.221680
200.072266
-700.594482
311.823242
-2541.847656
-411.248047
-128.597656
-651.295898
191.453125
-1353.966309
-966.920166
-453.167480
417.158691
239.815918
513.061523
-918.203613
-945.527832
249.076904
510.786865
-78.637695
-580.362793
578.254883
-524.741699
-1530.469727
-645.824585
730.740723
-277.354492
-865.485107
174.592285
-365.966797
-377.704346
422.027466
-190.032532
-1679.795166
-2618.704102
-1354.947510
-83.547729
319.900391
34.867188
-430.067383
492.761719
-62.643799
854.967896
548.478638
-459.645752
1.450195
918.142151
118.492676
508.950195
-274.542969
-549.881470
-3708.785645
-1200.966309
1003.123535
-411.529053
107.732422
935.604004
-295.848877
-818.809082
102.729492
-281.928711
200.937012
640.467896
38.295898
743.989258
-436.640137
-494.012207
-115.385010
52.732910
989.805176
363.564697
-229.687744
372.511963
-41.625732
282.079590
-542.352539
-1093.253174
-704.108887
-855.864990
-352.348633
-551.987793
-2138.723633
-989.875488
454.364746
1034.220459
3360.514648
1933.468262
-871.311768
-375.629883
-721.202393
-3638.500244
-4885.112793
-3443.869385
-457.467773
1053.719238
-546.969727
-1194.503540
-701.637695
1385.439453
2519.045898
1548.117554
-656.371643
-1330.442993
440.058716
2783.935547
3325.754883
-138.193298
-621.887207
1453.600586
1292.926758
686.987305
34.902100
322.029785
-501.388184
832.588989
1031.077637
240.024475
628.456543
2804.780273
3658.710938
2895.272949
967.467651
-831.825073
-662.857056
811.697998
890.746826
-153.499512
303.521484
-699.912842
-859.921631
1108.447754
848.399353
-121.731567
135.725998
-675.992310
-713.139404
-855.853760
-1304.304688
-1454.055664
-2057.128906
-2198.413086
-334.427734
-221.297852
-227.650879
192.788086
2020.230591
2029.532471
-757.748169
-674.744019
435.327637
505.773193
-14.509033
1292.513916
3389.038086
528.325195
-1116.469727
-1734.725098
-208.472656
1994.456055
1184.953125
529.468994
-1143.499023
-4549.747559
-2700.619141
606.380127
374.556641
-247.857834
1329.323730
-768.703369
-444.741211
1371.938477
-2726.383301
-2687.624023
-2051.195312
1873.230347
5601.752441
2162.604980
448.567871
-1975.134766
-2262.414551
-249.604980
-60.380859
-180.753906
853.467285
2054.323242
2116.661621
390.710205
248.812042
-138.857834
324.717896
459.355713
39.941406
3162.842773
2472.833496
525.465820
780.536987
1239.289795
510.336060
-53.513977
705.554199
1455.688477
1887.794434
894.612793
733.738037
117.694824
-320.317383
-111.559082
1098.317383
371.221436
-3060.845703
-3348.770508
-2666.921875
-3127.681641
-2417.374512
203.964722
826.736328
355.625488
-156.184326
-347.875000
504.368164
800.005371
-434.971191
-1618.112305
-460.902832
-211.074219
-435.689453
-1510.781250
-272.158173
602.612793
335.318848
-363.234741
-984.178711
1359.788330
954.603027
1673.604004
270.557129
-88.727051
-1953.809692
-1066.669922
-1327.682861
-695.644409
1472.851196
1245.040283
-363.350586
-196.108154
42.003662
1897.054688
2865.683594
2047.772949
108.446289
-71.528076
847.955322
493.753906
-62.375732
1785.326172
398.423828
-439.539307
539.422607
523.896118
-665.653320
1075.534668
1263.429688
-396.743652
-1890.260742
188.750000
-617.994690
-1241.946289
-1046.570801
-331.255615
-371.322021
36.368652
445.273438
91.924561
397.712891
1299.836914
1387.742188
1846.354004
485.519653
1002.576782
1751.548584
-1191.304932
-533.916382
382.027283
-745.183960
18.385010
799.627930
491.244141
-135.625000
-575.941895
-123.176758
165.267334
-1241.536377
-1226.500488
987.244873
429.762207
86.691895
1717.193115
49.260986
-959.907715
765.046143
257.577942
-75.689941
1229.071777
451.956055
125.224121
805.774658
34.717773
125.294922
-301.147064
-868.141602
1689.228516
441.060547
328.174316
-15.855225
30.694336
-552.138428
-365.870972
1178.918213
1204.970703
-651.918457
184.278198
1120.827881
-28.499218
-732.600464
-405.497314
445.339600
1403.256592
394.284668
1178.543945
1430.666260
307.282227
1242.689941
809.701904
-852.376404
231.320892
-1309.969971
-3372.376709
-175.720215
1109.375854
296.806152
1214.175781
3180.012695
1592.194336
58.640869
11.408691
-177.280212
-592.734558
350.939941
764.447754
1550.444336
-36.642090
-612.432129
303.248535
-17.220337
1120.605957
119.610352
141.666016
-53.838623
-1875.515137
-1651.375244
211.317322
2.900391
692.550537
390.356567
-682.627197
-245.123047
-751.828125
522.074280
7140.457520
9547.246094
6080.754883
2074.812500
-354.657227
-86.049316
242.285156
115.732178
209.552612
-1645.146240
-1683.413574
578.602539
1137.845215
1009.735840
-5.457031
-2200.763672
-2989.723633
-231.531982
1845.393555
-98.241211
74.344116
-1099.766602
-1746.154297
171.160767
-1247.321289
-663.409180
-2100.750488
-3872.529785
-3828.716797
-1863.156250
63.111328
-192.064087
-1072.955078
-2417.170654
-1552.161865
-393.112549
-1962.282715
-716.216553
-504.133301
-605.192383
883.906250
51.515869
1158.998047
3654.307617
2173.926758
-1494.239258
736.379395
-348.813904
1611.078125
405.852295
-931.524536
579.236084
-195.831177
-1798.416992
128.609497
1497.452271
580.137573
-553.145996
-322.184326
-158.611237
632.892090
1878.410645
477.810059
-641.394409
86.997406
1215.292725
815.839966
-412.160156
-227.327637
339.894043
-1713.814453
390.536743
937.078125
-106.105469
897.106445
-150.401855
1577.610352
821.674805
-959.224609
381.104492
-41.755859
-984.137756
768.219727
1362.823975
34.242188
552.226074
922.787598
54.620605
760.978760
1727.416626
1164.060425
-585.291504
-21.147461
687.726074
-525.897461
-1401.174805
-835.192383
-1339.990723
732.605469
10.366943
1556.258057
2383.170898
-289.870605
1127.648071
-1472.049316
-2350.029785
-551.740356
743.312012
2561.591797
2354.891602
-1040.582520
-434.181641
-1486.245117
626.912354
401.500488
2034.055176
678.330811
-1175.400635
-844.135376
-144.146118
-259.734131
-844.584473
1188.541992
68.154297
474.237793
132.391602
-22.009277
-357.487305
107.282227
915.943359
686.556152
-135.003723
192.014160
-81.649414
-381.566895
-565.015137
-175.457031
-1483.600586
-1515.123047
-279.207520
991.459961
-346.694336
-617.524536
191.654907
223.536621
418.477295
937.442627
790.148438
311.855225
-1005.110596
-1459.569824
-1021.472107
350.424072
-579.305664
754.507812
137.925781
-171.889160
-528.369629
-1961.084717
-2945.743164
-219.911133
-511.413086
612.788086
-923.428711
-615.475098
-762.331543
725.909790
1301.802490
731.467285
551.469727
912.701904
1159.142212
-1247.712891
-1105.314941
526.216309
2069.380371
2146.526367
1241.028809
-1877.451660
-2953.146973
-911.072266
328.398438
626.843262
-481.400391
-132.805908
1382.466553
1903.349854
2842.142090
907.271484
-362.211426
-1.881836
-149.213379
-152.875244
76.889648
-232.213379
685.318115
963.788818
124.496582
-1021.364990
-529.581543
448.695801
787.111816
977.025391
30.946747
458.040771
727.716553
-58.260986
-72.031250
2151.607910
4141.211914
1717.309570
-62.317383
-96.870117
-578.785706
1324.043457
3100.557617
341.434937
538.846680
1023.998779
-34.464844
4036.535156
4042.172363
1039.242676
-1327.937500
232.172852
10.995605
738.824707
-14.248047
121.377441
11.142166
54.930176
1322.963379
1535.832764
2751.974609
2743.706543
-6.365112
-422.038086
39.919922
-644.074585
1807.471191
2567.640625
1189.706055
575.894043
601.217285
23.765869
-1701.966675
-500.583984
-2222.611328
-630.932617
1465.001953
583.226868
-70.857834
896.178223
-552.571167
-268.155090
1193.024780
-836.291016
-815.019531
233.920898
919.227539
151.877930
1466.159180
212.433594
563.595459
1323.073242
442.275879
-487.327881
-664.037842
-1133.156372
-1578.086182
583.386353
656.965942
-161.608765
-507.755615
228.142166
-1157.433105
914.866211
242.235352
14.246094
34.276855
-501.524536
-945.016602
-966.791016
-316.567383
-1772.863770
-3704.173096
-1796.569092
177.475525
-382.305908
955.055908
1952.519775
757.022949
-550.751709
-247.667480
-59.757080
-125.031006
361.198730
-331.211426
432.862549
72.462891
108.673340
-1402.235352
-327.218750
-1574.536133
-225.157227
-1028.480225
663.026855
82.463379
-1707.437988
-293.232300
769.940674
-403.609863
-2086.203857
-1130.382446
-136.840347
-1036.051147
-1322.882812
1210.673340
-181.506836
-614.436279
-148.516357
1538.012451
820.509277
4.401001
-683.005249
-107.779297
701.960449
1021.820557
725.279297
53.855225
1712.261597
-128.216553
-2095.455566
-1539.378418
-698.887695
-376.306641
-6.844238
-74.620605
-1155.855835
724.107666
716.401855
-306.245361
-1928.021729
-3310.453125
-3035.110352
397.777344
-612.368408
73.833069
1491.438599
688.173828
1305.240234
4090.662109
2876.236328
551.902344
-1304.399048
-1177.474976
-1271.081299
-651.814453
-283.739258
-1372.635742
-1044.403320
592.284851
1187.912109
66.208008
74.210938
163.279297
408.272461
327.290710
564.343750
-308.836182
661.697266
1892.422852
2474.551758
91.789589
-256.656738
-2267.736816
49.330078
676.163940
-226.870605
976.544495
659.419739
729.910889
104.356201
-2390.403809
-4470.515625
-3046.853516
-1282.509766
804.045654
-484.366943
-848.766968
110.326843
-391.603760
-273.134277
939.668945
596.481445
549.547852
-314.742676
-746.435059
331.050781
732.556152
42.817627
573.213867
1533.639648
4405.460449
3379.567383
-567.379150
-795.907471
-819.049805
670.491089
1339.161865
324.739868
-826.202637
566.795898
-736.271484
35.308105
1355.107422
3584.615234
3177.215820
3931.796875
4035.024170
2871.481445
2827.236572
715.762695
-783.050903
-652.595215
-483.959961
59.642578
600.282227
243.618652
-459.167969
-697.223999
-844.015625
-1621.824219
-5423.737793
-4738.001953
-1363.164551
907.057617
-122.678711
-393.214355
-772.800903
191.241699
96.797852
773.522949
516.075684
-444.659668
-325.848633
-576.684692
-480.443115
-45.032104
111.280762
-839.318848
-2044.411865
-1263.538086
-15.498535
428.612305
1455.219604
434.925537
-802.982910
-1504.895996
182.528564
1736.239380
1865.206055
1309.929199
-531.417480
-667.165039
-107.524536
679.274414
374.277344
402.898438
-466.335938
-368.049072
444.733887
448.257812
1019.099609
1274.421509
1595.648193
1349.120972
372.809082
-752.370117
-4374.646484
-2133.836182
129.379883
772.404785
2325.192383
3063.981934
366.952148
934.810547
-172.278320
-549.547729
731.163025
-1724.980103
-1790.840454
-309.323242
-125.089844
-364.363281
-99.524536
1503.718750
2459.661133
-237.097656
1206.464355
432.925293
116.539307
1451.639160
-1211.857788
-664.450317
715.916504
633.359863
4017.449219
4368.961426
941.507812
-826.634766
-669.165405
-1337.128906
-899.383301
-519.589844
-1914.470703
-563.741211
943.679199
1948.175293
-200.141602
-76.211121
-3131.804199
-2965.777344
-3132.058105
-810.923584
295.594299
1341.181030
-829.246826
-3362.004395
-4275.963867
-3226.338623
-310.730347
681.896423
898.810547
-221.920898
231.868164
-537.414062
-809.352905
-24.074341
1615.197266
-240.038574
-1116.694336
-178.147949
-359.327148
768.647461
1235.160645
1273.303711
978.616821
342.425781
917.666016
160.990967
-889.651367
-869.232422
1154.706543
675.930664
-1770.829590
-3800.374512
-1243.562012
1118.142090
1305.289551
367.582031
48.702637
-1044.507446
-37.328613
682.453857
1056.227905
817.733398
316.458008
1061.292480
887.085815
-204.149902
-411.798828
443.505859
36.957031
-772.542480
-342.275391
-610.471802
-1409.090454
-955.715820
-70.467773
-725.912598
-1031.940552
-711.388428
-1063.629150
537.115967
383.943359
-591.020020
916.181030
856.172546
-1265.267090
1609.167969
499.509888
-1242.857666
747.129089
1470.359375
469.209961
1219.008789
-143.246826
1136.086914
-50.779297
147.886719
-350.172852
-768.726074
-361.735352
258.354492
1514.695557
677.942383
-633.084473
-880.416016
76.035278
-1186.622803
-828.391357
-421.825928
-249.842285
-468.893555
-552.836914
864.125000
944.065918
1.334244
-309.512085
-1191.509399
-712.780884
-1097.800293
-524.396484
280.937988
1158.650879
-29.090088
-481.150879
184.770508
-390.650269
-1522.072754
-236.942139
1106.917847
158.323975
-564.403564
-378.284546
-747.961304
-1563.118530
-1089.498047
377.370605
-318.192871
238.191162
-895.666138
-315.775024
610.098389
436.353271
1193.795410
-279.896484
-448.017090
-858.552612
-537.925781
-539.845215
-729.080688
54.807129
357.026855
-522.937988
-550.769775
512.296265
717.863037
181.471191
566.787598
331.576660
1050.896484
1282.400635
830.941650
928.210327
903.517334
271.050049
-200.480957
-435.650635
-2.456299
285.354980
95.552734
781.827637
4333.699219
3500.326416
-73.746582
-658.923828
-888.740723
-816.619141
1189.443359
50.033691
-1200.650879
-514.255859
-1461.373169
-617.408203
175.686523
-2700.328613
-1150.756836
196.514648
394.106934
1747.677002
2160.250977
-13.731445
-82.433594
517.797485
288.562500
846.650391
799.525391
1529.734863
631.123047
-275.549072
-88.973999
763.984863
-828.213135
-705.441101
407.774292
-2110.496094
-3003.305176
-500.789062
50.982422
-47.666992
1481.327271
1520.265259
918.806458
-688.983154
-2217.375488
-1276.986450
-504.857849
0.104736
-255.865234
-326.445557
15.535767
-401.274902
-293.413452
-25.880371
1414.410156
668.628906
54.257080
193.009766
-371.667480
-898.782227
-834.952148
-5709.839844
-1294.844238
-251.782715
-1042.029175
20.560196
1122.867432
484.210999
768.145386
4965.733398
4513.694824
-799.232971
-803.724854
4.013428
-1458.809570
-785.519043
-339.215820
-317.296875
-687.881104
-467.909424
1236.822021
-1311.789062
-2929.570312
-452.568359
-451.256348
-489.981689
825.118408
-687.605469
-1360.003418
714.620605
296.650391
250.511841
683.974609
158.555176
-1572.063477
-839.830566
710.284180
-336.276855
-1393.738770
-127.572510
-185.097656
457.979492
161.143066
-1554.361450
-1289.210938
414.306641
-280.654297
-331.312622
380.481201
336.440918
1082.242798
730.579346
-634.113525
-1070.709961
-1731.164551
-1150.750000
-303.779785
539.910767
440.134399
-1588.251221
203.767944
472.002930
-2824.476562
-1812.896606
1371.576782
355.528320
-231.134766
33.077271
82.000488
-20.855469
430.996582
-92.635986
153.893066
-56.737305
-1950.776001
-1762.863281
-413.524414
-1.849121
-421.956299
1111.746582
1666.262207
1043.915283
187.708008
-326.801270
-1242.149658
-1884.596436
387.769287
714.456299
-1064.212402
-810.074219
689.901855
2789.659180
4028.153320
2557.099609
1000.793945
-83.332520
591.382324
307.582214
-1027.033691
-82.420898
557.592773
735.403809
315.079102
654.432129
118.265991
-541.337646
250.200928
272.723633
-145.131348
-95.277832
-910.919861
-545.194580
488.154297
334.446777
-13.967773
1017.423340
1768.971924
-614.674072
-1131.292480
395.713867
1873.270508
321.419922
944.017822
555.599121
646.461487
-151.794922
175.538086
697.601929
232.903320
334.684387
956.645752
135.110840
259.461426
1138.000977
1593.741943
852.218079
680.145996
220.874023
1002.573242
-26.498047
154.785156
-237.565430
-1384.992188
1283.475464
-53.203369
-1076.339111
1242.917725
265.325897
-901.731812
-897.922241
197.432983
3662.855713
3605.023926
-94.221680
-1167.183105
-1440.524902
-865.893311
-1563.742798
-1433.229004
141.234375
1406.770508
327.737305
1255.283447
2324.723633
4259.699219
2884.289551
3844.122070
1824.536133
-1088.339111
-621.594238
500.787109
-218.798340
-347.257080
918.747559
239.401459
-29.915527
-2638.934082
-1605.794434
-1779.541016
-1831.959961
-454.452148
-462.881409
-150.535645
1416.528320
1050.681641
263.501404
323.669434
-694.012207
-5331.030273
-3417.281738
-614.636353
1311.155029
2847.769531
1616.770996
-224.958466
-977.762329
-2847.750732
-924.821289
1156.238281
-319.728516
793.226562
1162.820312
1036.126953
1384.826904
791.793213
754.255371
552.871338
289.136292
305.951874
628.984375
215.496582
1120.094727
1247.023438
1365.020996
-287.921875
-97.997070
37.226074
-450.221741
1555.117188
1478.113770
-307.341064
-1113.839111
237.150879
806.923462
306.688721
-160.446289
-1867.490723
-2383.395020
-640.875000
1419.200195
1052.518555
762.957275
800.845947
404.926270
56.571289
-288.803101
-430.399902
818.475464
-121.192993
-491.517578
-56.959961
1121.825684
2012.395020
753.674316
-493.812012
-1009.521973
-1457.051392
752.453369
-973.864990
-461.781982
38.604980
224.947754
634.767822
731.165039
393.312500
-917.639160
-204.540039
591.717773
-264.557129
331.547241
1119.640747
470.431152
20.063965
-641.070557
-494.747864
378.637085
-72.270996
-372.897217
-520.720947
-717.509155
-1186.632080
418.517334
-815.720703
-637.989258
-759.830078
124.410645
507.199219
-188.033691
738.956543
-1005.766113
-2503.400146
77.976929
538.436218
-473.857849
386.488831
-1115.814819
-894.649963
-628.243713
-1435.015625
-664.130371
862.090332
290.934814
-182.619629
-742.759277
183.275391
1017.950928
804.928833
266.479004
1259.039062
1012.731445
919.985352
866.270508
-531.214844
-1094.217773
-677.602295
-571.909424
390.948486
1138.474121
922.193115
157.930176
582.719238
189.828491
27.225586
-2432.344727
-1540.248047
231.630508
952.492188
407.590820
166.474609
600.881836
3609.419922
713.549561
1269.400391
1833.085938
533.931152
357.297119
1205.335205
1211.821777
3186.756836
-122.551758
529.084961
490.174316
1350.181641
2150.040527
1524.457275
276.244141
-672.214844
-2310.863281
-2045.045898
1388.728271
1339.734009
1827.050171
740.539124
129.477051
-679.354492
6.793457
-270.761719
-884.850037
800.846741
664.475464
-1998.699707
-1309.936401
-836.358276
-610.142334
-1056.780273
-701.000000
-1583.845459
-1386.761230
-691.028809
1892.687500
1577.730469
1356.614990
514.361328
-280.412109
1248.771484
-71.222015
363.873535
805.103516
1581.544434
22.954590
-810.744385
-852.412598
-1089.481445
-471.470703
-206.783203
-1591.577148
-2150.524414
-2136.001465
-85.883789
-600.700684
-686.874512
1511.911133
102.547119
-1349.857788
-1441.107788
-5091.229980
-1938.733887
1211.142212
2985.218018
4157.815430
56.954834
-60.578186
431.163086
-1147.178467
-275.835999
1051.925415
-1520.045654
-3105.712891
-721.518555
584.503418
879.697266
1153.856445
1536.551270
1325.219727
-569.448730
-207.073242
976.566406
1863.927124
2217.541260
1158.973633
-1297.210938
-2117.331787
-1256.930298
-1740.429199
-97.144531
-3700.583008
-2774.857910
-1191.235107
-287.781250
702.535950
332.144287
-2620.742432
-2796.424561
-316.179657
-363.176056
-1393.662598
237.935303
1022.907166
41.890137
167.479248
-829.073975
-494.234375
1914.036133
-16.754883
2.442871
789.375244
-103.937500
-391.806152
546.919556
3656.585205
5442.161621
4300.280273
2171.547363
-1029.296875
-831.387878
821.423096
-296.458008
434.437256
938.719299
-479.905273
-71.457176
1328.225586
223.290771
4.281250
-796.171387
-4579.237305
-8360.820312
-6541.682617
-1008.426025
487.007812
1246.498047
194.610840
-452.472168
-776.731445
-126.816895
-1473.622559
-343.476318
-221.263184
326.687256
889.091553
304.005371
-408.373535
-203.701172
2687.090576
4042.409180
514.503174
-1119.267578
104.354492
-110.013672
1795.254150
4447.984863
1619.027100
-259.911133
-499.466797
-64.228638
261.969238
782.112793
1547.712158
-663.714844
-491.308350
488.376465
519.930664
1703.487305
1133.085449
1801.599609
940.063477
-1304.083496
-1958.443237
-341.304443
422.944336
234.717773
-933.949463
-1101.744141
1224.034180
1577.516113
-255.081909
120.040649
406.934601
40.048649
-939.417969
-362.040039
38.298340
-120.947754
1433.016357
1214.039307
287.749023
-837.152893
-1118.002075
574.277954
586.888916
-1289.965454
-83.358032
426.719971
16.867432
913.244385
-1053.538330
-1483.473145
-3.974609
1087.594727
347.336914
404.690674
-677.802856
-580.961670
-167.568848
659.747070
1797.572021
2553.360596
1818.895752
-1120.098755
-2038.447876
561.809814
755.103516
239.164062
1646.090820
105.560791
530.911621
144.013672
-1275.165527
802.233887
-626.695312
162.994446
299.612793
-1731.818115
-1088.993652
1439.110107
989.893066
-696.764160
-1016.453125
184.808594
-196.085693
-489.822754
-19.220703
311.998047
-5.967773
377.202148
684.160645
-200.527466
-49.677490
674.103394
450.137207
-166.073578
-1670.991943
-1401.635864
-488.001465
-286.019043
-1024.838501
-1740.637207
-2181.667969
681.814453
1060.796997
271.224731
-511.378906
-1136.745728
-1427.296875
33.450195
365.423340
-363.433594
-3080.314941
-2472.526855
1019.231262
166.163574
270.687683
1624.555664
-328.961914
-538.017578
398.791016
-525.857849
-29.644531
1502.953125
-612.243896
-640.123901
-528.794067
-425.469910
-487.149658
724.782227
1587.671875
667.222168
-1835.864502
-2870.494141
-869.128418
997.076050
1570.759644
290.086914
-3116.212402
-3823.045410
-149.047363
660.486084
-391.686768
731.025391
-1536.570312
-4668.156250
-1683.245117
66.093750
-910.512817
1927.490967
2433.204102
-164.774536
3265.841797
7841.644531
4535.148438
747.841309
402.185822
58.364990
336.718262
374.668457
464.496582
-76.313721
-3650.616699
-2407.039795
1025.472900
220.499268
-758.766357
-1068.872803
-1222.879395
-446.330078
-722.178467
-831.584717
-582.050049
-95.249268
644.978516
423.543213
-484.657715
-117.639648
425.083984
-401.189941
-538.466675
776.627808
969.015137
558.578125
186.406250
1827.536377
3209.669922
663.450684
-162.962280
980.806152
-423.678223
-345.550293
520.663086
648.191406
-236.196533
-559.072449
337.911621
605.917969
879.973267
-0.925781
1670.991211
2518.629639
179.611282
-785.435547
-573.561951
-908.930176
-170.456055
281.563477
-4164.723633
-8555.152344
-4420.459961
558.638428
1439.324097
2591.747070
194.989746
183.469727
466.531006
-1411.432007
456.737244
-3692.865723
-9314.632812
-5261.537109
-778.917969
-1311.009399
-962.534058
917.455811
628.442871
-310.928711
289.387207
-796.418945
-729.569824
1008.254883
-457.107910
-874.996826
-44.154419
1696.411987
484.042969
-334.969727
-108.243164
-249.243103
1228.594238
1284.969727
514.909180
-102.989258
159.741211
-384.177734
1023.914429
851.646240
-820.133545
-676.136963
414.518555
821.352539
-163.217285
2644.756836
2882.433105
163.192627
87.751953
-341.240234
1215.554688
4409.449219
3726.148926
-491.362793
340.282593
1049.468994
137.981445
-483.375488
-689.671143
-444.912842
-206.289490
-1156.285767
613.061035
-642.040039
-897.317383
-176.762207
1188.667236
-167.017090
-639.835449
-497.976685
178.066528
810.984375
1093.706543
1392.608887
982.760010
-74.010986
-1015.402710
-126.086670
1637.934204
-22.244629
595.485352
-288.141113
178.198486
-948.720459
104.962402
-244.144043
-1466.592041
-2111.103516
327.732422
1155.286133
695.200806
155.201172
-1626.625000
-1362.548096
370.291504
2791.837891
2986.213867
18.666748
-1549.299805
647.567383
-147.324951
104.282715
2464.413086
-609.520020
-285.742767
880.617920
1041.316528
689.969482
811.327393
-544.867310
-1442.815674
183.058594
563.452087
851.848145
215.492188
2877.629883
586.386719
-296.798340
-207.169189
860.380493
1194.418335
902.338013
-1623.692505
-2515.988281
-424.668945
1301.188599
4653.241211
1389.637695
-76.833984
1208.633545
-432.632935
2672.677734
2700.232910
-1259.138916
-1625.448120
234.785156
548.477539
369.218750
642.997803
299.407227
-131.631836
-133.222412
-1131.834717
544.984863
416.689209
46.196335
-648.293945
-1235.082031
-148.393066
555.084473
321.487793
-1203.568604
-1192.259888
-881.626465
14.208008
2197.830078
3667.176758
819.771729
-1158.931641
-4330.945801
-1968.416504
1524.831543
2780.987305
1932.993896
-147.343750
-719.425293
-1520.374023
-178.657715
937.002991
46.724365
1216.136230
-895.478027
-1404.319824
-403.815186
402.458984
296.740234
-586.404297
-391.305664
-2134.014648
-805.106689
108.361328
1153.911133
3947.700439
1484.092773
-1043.127930
-563.101074
313.952148
735.583008
632.682129
-360.507568
-673.687012
456.027344
-1592.844727
-973.964844
691.475464
-1332.503662
-1609.598145
585.418945
-436.434082
-818.543457
1021.455566
827.347656
-562.571289
-266.107422
-2190.692627
-2063.503906
144.783691
-283.138977
-87.427734
514.182129
53.487061
-678.720215
321.660156
137.356628
-1449.201294
-555.078613
-167.995117
-729.046143
745.994019
558.166992
62.750977
-218.211914
384.941040
55.260742
2031.448242
1373.662109
1777.550781
1953.759766
568.873047
-270.401367
538.891846
676.265869
-1107.131104
-781.221191
295.320068
-615.809082
1717.583008
583.462891
1437.593994
916.824219
-1224.431152
-686.276855
597.676270
-841.739502
-1232.645508
-947.838623
-1848.194580
-1149.323608
-729.689758
-835.046997
-475.399902
-335.247559
-89.338867
-233.748779
1823.857910
507.616699
-2585.320068
-3797.283447
-726.600586
167.198242
213.241211
-414.126404
1049.194092
395.621582
115.484375
1217.865234
-429.461914
-571.271729
-160.593750
-3497.530029
-3298.979248
244.938965
671.544434
-155.456055
771.775879
-260.088379
-710.857849
175.461426
819.000854
-976.764282
465.203522
51.931641
-50.548096
971.151855
1092.418945
85.438477
-21.461426
625.002136
337.630371
2742.177734
2503.516602
-705.505859
-6047.617676
-3327.106445
-823.296387
-269.857178
-304.839844
-92.608398
110.043533
938.915527
2087.610352
314.964844
393.914062
-1081.034180
24.512451
719.729797
1768.701660
2051.415039
871.047852
-2319.964844
-1531.574219
-1377.096436
-918.187988
115.472656
-242.379883
419.638214
-116.548462
-22.471680
221.398193
-1132.063965
-449.311707
1427.157959
122.845215
-347.586914
-1007.431152
-419.764404
2091.963867
2603.956055
257.782227
750.867676
49.643311
-201.760895
-197.765991
602.399536
783.238525
233.970215
-297.211670
-965.819580
-1015.117188
-1173.566162
-287.040039
1099.062012
-295.895691
-958.930176
-1533.083740
-2356.181152
-663.109863
295.203613
953.020508
354.094727
317.111328
805.100708
137.914551
-1089.070801
-359.919678
-154.567383
-36.516602
1225.537354
-354.475708
-1074.783203
2546.020508
2411.855469
902.913086
-1793.963867
-7006.087891
-4182.862305
1126.082764
2047.371582
1876.382324
-271.797363
-569.144531
1344.849609
108.974121
984.632324
1506.899292
-74.782227
-611.360352
-3815.062744
-2922.687500
320.942566
-361.528564
1721.449219
2654.283203
-830.103271
-102.774902
738.075684
111.287598
0.343750
-663.708984
350.879059
-1623.920898
-345.552734
-237.632935
-2370.931641
-1428.616211
-1108.644531
-219.490234
271.641113
-736.107544
-637.758301
-271.440918
864.350586
1490.886719
-184.565674
-1003.541504
-1681.833984
154.429688
904.174805
-1684.958740
-164.570435
828.146240
529.552490
956.842529
179.500488
72.503418
439.734375
650.954102
-84.233643
-933.053955
-512.625000
2281.270996
-1143.124023
-181.232910
-1077.464844
-1124.812500
22.409180
413.699951
-32.643066
-1461.598145
-818.880371
1246.622559
1269.480957
-459.752472
-1578.277222
-2029.229614
-1474.141235
-1292.052246
-33.261719
-943.971436
1239.619629
5463.195312
3134.613525
-1.011230
-521.490723
-555.141846
1010.105225
546.837891
2296.739258
4429.823730
2377.214355
-774.937744
-1107.211182
-485.180359
306.878387
1037.375000
1328.377197
835.714111
269.118652
-281.428711
-81.168457
-52.553223
1060.458984
-27.392090
-20.576904
488.895508
-2090.164551
-2056.502197
531.686035
-397.145630
-437.050293
1351.827881
599.498169
131.670410
1420.276367
2040.250610
722.799561
-509.127686
-2451.933594
-2957.089844
1169.548340
2420.639648
2078.650391
862.867188
-870.998779
-127.781403
-452.244476
737.943237
3923.958496
5304.406250
2129.863770
2359.012695
-500.721680
-740.866699
-44.234802
757.794922
575.067871
-693.555176
-822.549316
200.960938
854.946411
-572.768066
-648.291016
-1835.134644
-1542.414551
-650.803467
-241.013184
1257.859863
2127.475586
2288.083984
812.894531
789.905273
-98.394531
-919.665039
168.855957
-710.229980
-777.882568
496.093018
365.208984
394.186523
377.211670
286.282349
-210.056641
-784.973145
1039.874023
2199.714111
1292.779297
390.354492
-1621.818359
-1400.336548
891.587891
1703.833008
1370.048584
685.982178
-39.418945
-257.699707
-6.260010
-518.389648
-1064.805176
-922.656250
-44.831055
2051.153320
2608.581055
1075.181152
373.304382
349.509277
-486.772461
-26.698730
-555.519775
-5163.421875
-4502.372070
90.457520
-1373.890381
-793.933350
-1669.146606
-5902.762695
-3346.509277
2200.427246
5373.581055
4974.122559
-2526.857422
-4459.512207
-5263.821289
-1027.007568
455.707520
-341.291504
420.054932
839.537231
483.730835
637.575928
3356.132080
2900.136719
933.866211
-393.417969
768.752563
1039.657227
46.947266
-1733.894287
366.296875
-725.068359
-1083.084473
518.068604
1480.142212
642.384277
250.077148
127.779785
1127.645630
-1104.079590
-764.857849
-1320.857788
-837.906738
-15.461914
280.334229
1585.216675
1506.366455
471.410645
255.142166
534.041626
-54.868652
1944.112305
4262.016602
1075.283203
-190.539001
1518.230469
-726.949219
-475.146729
112.402344
-460.760712
1600.475464
1325.783447
-426.851074
-1005.465820
-1508.894287
927.747070
-58.191406
-1572.616211
-928.018555
915.173401
-34.067627
-1226.627197
-1030.859009
-428.308594
251.230286
1275.023071
818.719238
1148.904541
1079.976196
827.118652
699.318359
710.437012
-1107.416748
-941.578125
-2651.314453
-251.600098
295.232788
2383.067627
3219.816895
755.330566
-447.373047
-451.196289
-857.627441
343.383789
358.397461
-538.429688
105.532227
435.861206
290.798828
-692.059570
777.406494
176.136810
2088.739746
2512.983398
222.737793
-410.140137
-1437.838867
-2210.516113
318.828613
3850.047607
5614.385254
2410.323730
-1337.924316
-2818.988037
-268.355225
1736.100098
3619.967285
2018.265869
-152.018066
-294.532715
998.156189
560.111816
-238.246826
-1585.254395
-1775.244629
1309.296997
2548.892578
902.719788
-900.493164
-87.738281
-94.859863
-1093.553467
-40.524536
-1358.188477
-5311.666016
-2808.619873
452.653809
-705.349731
1370.488281
1146.348633
-2251.458984
-278.047363
-795.687805
-298.712036
461.030029
-720.933594
-776.709961
305.294952
4646.456543
3961.768066
-75.969482
-13.150116
123.715332
-2529.934570
-1115.356445
330.635254
-202.260254
-572.238770
-690.113770
-1976.026367
-246.152267
578.860046
-1083.347290
-1103.821045
860.956299
1089.211182
-1057.687744
-505.611053
1128.801270
-1724.733398
-383.938477
27.872559
-1390.119385
-893.321899
-595.672852
804.340942
1084.186768
-965.441406
-410.001953
150.727539
696.405029
793.771973
315.846191
626.493164
-531.069580
268.929688
2629.627441
809.545898
-293.299805
351.135864
-480.204468
861.078003
98.175232
-373.553223
374.786621
-748.064697
-971.837280
1085.529785
990.809082
-14.154785
685.971436
325.319824
177.754395
604.095947
-812.846924
-946.444824
-684.783203
-497.904785
954.171631
1223.849365
426.018066
983.914795
1075.811035
194.997070
-495.140991
-1176.369141
-405.221069
193.930176
-4530.171387
-5243.213379
-424.708008
964.580078
1414.495117
539.366211
48.646729
1354.034546
-211.937256
949.231201
4806.102539
1695.656250
-1210.161621
619.278320
-55.451416
-292.455078
1686.786133
1892.223633
358.974609
153.335449
208.633789
-960.042969
-1403.272583
-832.511719
-1444.478516
-484.165527
394.777252
229.466309
945.878418
544.762695
877.476562
325.830322
-478.331543
888.294434
-191.451172
-11.861694
786.210083
-958.911865
-1039.042725
1630.203735
1069.556641
306.825195
-370.663086
-509.558838
202.104004
167.531738
400.769531
-162.018188
-893.144653
62.430664
151.741211
-1645.551758
-657.223633
627.317383
1026.974609
347.478149
664.346191
-35.583740
1051.184570
-139.592773
-276.299805
-815.779297
611.392822
-1352.810059
-368.318604
616.643555
-292.678833
686.982910
1023.645508
395.819824
-362.655762
-531.991211
-705.157227
-1945.830811
-740.069580
-325.654785
-384.337402
670.959961
-121.277481
-767.107544
1354.452148
938.283691
-209.467041
-1080.524536
-492.270508
1081.332031
92.307129
772.403564
727.314941
-449.847046
-1220.357056
-554.888672
-3188.505859
-1737.762207
-878.249268
1060.858032
1377.903809
-795.098755
413.340942
818.383789
591.537354
418.415771
-184.249268
-292.212646
-159.392822
297.504883
364.542480
330.527344
-99.248535
-336.103271
-738.379639
-77.887268
694.433105
1234.324951
873.066956
1390.576294
565.272095
789.309570
1846.199219
612.366699
682.344482
909.585693
-2154.562744
-2703.593262
-200.771729
499.861450
111.543457
195.081055
987.827393
1037.467407
619.521484
899.108276
697.350708
-191.265625
-1066.576904
-388.070801
107.863770
546.603516
-216.684570
-8.498047
-1133.259888
10.721191
1493.680054
-94.915039
-499.387695
711.128052
-2575.653320
-2837.615234
379.612305
-1381.338867
638.994141
-449.231445
-449.321106
-1902.144287
-2141.605713
745.512695
172.669678
-239.857803
1440.619629
766.226379
1637.168945
477.150635
356.451660
2485.949463
3485.945312
3478.471680
-1567.547852
-159.327637
223.320557
-1097.778320
-341.044922
-168.321899
-130.293091
-1469.116455
-1421.077759
1505.571899
1438.148560
2092.954834
155.704102
1392.449707
-335.971558
106.325439
-674.008057
-43.352295
1962.265503
6249.081543
6375.176758
2204.887207
-603.206543
1539.733765
2313.087891
1066.609497
1274.508423
716.907715
-395.408203
-291.230957
1137.623047
1082.736084
-916.892822
-796.666504
-1278.739258
-635.535400
1723.507202
-58.200562
-1476.381104
83.710876
712.114014
2587.449219
3836.084473
1280.681641
-3101.656494
-5034.521973
-1842.347656
1055.876343
4384.809570
4298.957520
-18.795166
-151.157715
-151.896484
-754.674805
774.097656
428.474121
139.594727
-46.515625
-758.417725
-387.831665
-1768.676514
-2381.849609
-1157.666016
2235.433594
1771.654297
-346.974365
93.617126
-338.935303
-468.278076
610.744873
1097.477417
-25.021729
-380.640625
-169.193359
-349.264648
590.535400
384.774658
136.584961
520.080078
-337.403259
-877.102905
923.418335
2166.789062
1339.498047
2029.867188
-2439.792969
-903.366211
-1449.050781
178.265076
-209.936035
-1438.063965
-197.092285
292.705750
582.211426
-2821.115723
-4813.544434
-1874.739258
1552.711548
2584.993164
-138.621094
1948.083984
177.848633
-1300.955933
157.966064
-404.028076
-250.092285
-167.440918
-786.091736
-613.066406
1081.871094
12.944336
1317.317383
350.895508
-434.734375
-1805.666992
-687.753906
1550.445312
403.937622
-135.851318
1551.307739
-585.524536
-761.524475
-273.318848
-344.470703
-1391.044434
-1618.378662
663.729004
668.871826
1881.024048
644.948975
479.403320
-99.064728
-2281.664795
-382.298889
1044.327148
1137.971191
1076.250732
-747.789551
574.708496
-258.409668
53.850342
429.876526
-333.332520
748.993896
1644.241943
1154.932861
871.925537
135.464417
-631.945801
-113.685303
1280.520386
859.121887
0.828613
-1858.927246
-916.947754
-24.132080
630.987793
2106.806641
895.050415
-855.784180
-88.044434
638.454102
1140.563232
-1788.894531
-2084.298340
-117.723877
691.730957
895.935913
1056.266357
680.831909
34.014221
1054.146118
55.134766
-1402.490234
-426.216797
-15.200195
220.486816
565.297363
780.964844
643.010986
1232.643921
-102.498657
19.257690
1255.749268
-951.769409
-2435.094238
-882.490601
33.793213
-520.080566
367.242188
1212.309082
664.848145
-100.995117
-741.108398
-883.634521
-1734.220215
-1979.701172
-1358.541992
-677.573242
127.349121
-781.631470
-512.297668
555.023193
611.724609
468.591309
568.713989
-149.097168
-661.572266
-727.237305
-1232.427734
1081.477539
2308.212646
3392.411621
1213.424316
-1389.877441
964.770508
1055.256836
4340.921875
2719.264648
-1456.080566
-1376.145996
-417.680908
827.246704
-319.030762
99.731934
556.182861
840.271729
672.319031
41.163818
-950.762207
-1265.028076
-226.846924
575.567383
472.948242
-1242.541016
-487.309937
878.685059
207.333008
718.540771
-1405.243896
-1168.962158
331.700195
819.808289
3327.254639
2307.267822
183.586304
520.517212
165.406250
-616.787109
-442.573242
-839.176758
-2403.096191
-3355.620117
-1738.145020
-1040.953125
858.041016
263.082031
-430.164551
-72.912109
-331.893188
95.681152
927.682861
-239.322021
1309.871094
-111.633423
-98.299316
961.549805
420.871338
1739.990967
1899.510742
-1129.795166
-480.463867
583.099609
362.228271
902.498047
1990.501465
-71.157227
376.645508
883.441406
307.544922
442.366211
464.849609
460.985840
-56.616211
411.835938
370.386230
-1541.524536
-647.307861
302.735962
-2467.455078
-382.414185
-118.351562
-323.945312
2811.001465
4571.095215
1003.330078
-386.354004
-702.124023
311.197266
-1597.863647
621.142151
898.673218
-802.527588
1228.933594
4147.071289
1837.392334
939.655273
722.162109
-469.495117
197.739746
2499.910645
3369.447754
498.162964
289.156982
1072.187988
801.847412
-106.408936
-651.776367
-1329.673340
-274.715820
-625.250244
-212.472656
1489.050781
2516.273438
1185.862305
1349.011963
-299.220459
539.279419
5806.158203
5413.126953
942.808350
649.784180
883.009766
3522.006836
2647.541016
2523.820312
2114.986328
-403.074707
-67.319824
940.384033
-625.734863
-564.316467
-166.476074
-1984.109375
776.309570
243.959961
-245.160645
35.259766
-2398.407227
-86.730469
1219.833496
1184.047363
866.897217
-296.367188
529.223877
410.251099
298.408325
547.605713
-650.587158
-1971.204468
-1112.171387
-1077.123047
209.591797
-1602.828125
-2318.643066
756.187012
2674.460693
3685.886230
958.031250
-895.717773
-1371.077148
-2074.043701
-1692.385498
-2735.137695
-1096.373779
-754.281738
-444.944336
639.168945
220.616211
453.954102
1134.426758
-2009.321777
-1938.706543
229.905029
-924.179932
-513.536133
1243.981445
533.593750
-418.851562
-471.524536
1225.756836
-2312.651367
-106.299316
16.063232
148.855530
-78.715332
-455.533203
-805.310852
-115.791504
729.887695
-821.669434
523.735840
-552.203003
179.506119
5212.662598
3081.559082
-1000.463623
291.594696
834.475464
680.144531
-260.927246
-830.903564
-1024.408936
-276.824707
1245.319336
56.355957
-2958.099609
-3292.268555
-1004.889160
1051.869141
1142.739746
445.070984
-242.603516
-719.227051
-114.524536
-87.888123
-212.064453
-540.804443
-78.937668
470.998047
531.174316
682.242188
-12.248047
-1939.101562
60.172852
201.685181
42.564941
-379.641602
-811.079102
-667.060059
450.941406
14.117615
867.153320
219.604492
567.154297
833.474609
1374.665039
-86.106445
375.371094
-1.689941
497.978027
-521.666870
-348.908203
1493.493164
-1389.442383
-732.554077
812.621216
132.934814
-1423.432129
190.992188
1779.449951
1151.791016
2487.211914
1927.211914
-219.966797
587.051697
-1677.638672
-2257.085938
24.120605
-119.524170
-488.318848
633.357910
220.763672
130.092285
1168.713867
-1104.395996
414.916443
192.369141
111.706543
796.406982
460.081543
-1211.669434
-363.534912
-377.053223
-106.506836
1394.739258
-566.955933
-1841.415039
-182.864624
328.002441
2724.653320
2463.992676
753.171875
654.300781
160.731445
76.142174
255.958984
-1502.091309
-2603.384277
-543.757690
-229.554871
-342.195312
992.414062
-2514.860352
-3452.279785
262.758301
328.906494
-309.416016
1724.876709
6208.125977
5149.467773
2445.614258
645.524414
656.480774
343.932373
-494.272461
640.821289
-1342.960571
-1325.341797
-8.812500
-481.197754
-820.524536
-344.546082
708.699219
640.573242
-3318.392090
-589.857788
416.760010
773.475464
4910.023926
2226.455078
-1007.978271
-911.102783
-2678.897949
-502.567383
324.273193
-144.420532
1557.863281
1671.887939
777.632812
214.323486
-770.645996
-1581.300293
687.566406
194.283691
-235.029785
-428.354736
35.003906
493.475464
231.250977
-627.605957
-226.683594
1525.142212
499.919678
444.201904
4111.935059
2837.521240
-612.813965
-150.815674
-1102.093262
-1134.001465
245.316895
267.584473
-185.636230
840.874268
1681.258789
3803.890625
2588.958984
-182.156250
-8.880859
-241.365829
-1351.908325
-1745.940918
-2047.713135
-783.545166
-1283.833740
1621.945312
1119.364746
872.895752
1127.688477
-34.915527
1441.698486
2741.590576
529.052124
-1162.515625
-423.645264
-328.362305
-597.640991
-419.039551
279.230957
1244.698853
674.283203
420.471191
-717.691650
-1085.276855
1067.197510
142.337891
1021.332031
1932.631836
-170.579102
962.444946
-1327.735962
-2218.471191
393.769409
-219.826172
-822.818359
43.953003
1269.022705
864.583496
1381.854492
-258.582031
522.026367
854.139160
720.118164
-1493.738281
-693.249756
462.457764
-774.667725
291.458008
759.711426
20.790039
164.574707
-551.533691
77.805420
-1127.437500
377.112305
346.547852
634.041504
-1012.569336
100.361816
1291.178467
804.710999
1038.167969
549.910156
760.972656
-1366.889893
-1250.968750
-1162.478516
318.984375
2169.877441
19.967773
-1441.634766
-1377.772949
632.850098
277.233398
86.454590
2254.527344
-683.924194
965.851196
8656.475586
7838.332031
112.711426
-1096.938477
-315.124512
227.608643
-439.713379
-431.610962
1324.508911
590.605469
446.253906
454.465820
-311.401642
-691.921509
-2084.702148
196.125977
214.367188
-772.875732
243.486328
-385.441406
71.151367
479.474121
650.939453
878.482910
-1411.335449
-1266.989258
-263.952881
-692.945618
330.211548
518.825134
-90.260498
-353.194824
211.376953
448.239746
-1701.696777
-318.603027
822.662109
-19.137207
-758.898926
1158.984863
3971.257812
2033.747559
2730.652344
-826.176025
210.568848
772.835449
-496.227234
-530.459229
265.053589
147.378906
-288.692383
353.487305
230.802490
-1293.053711
-2331.266357
-940.465820
-121.518066
126.432617
229.882935
171.069092
367.134277
-553.509766
737.249756
-901.882812
514.805664
1549.501709
1407.285889
-374.682129
-156.408203
1100.391113
-669.198730
-877.953125
-172.275391
345.900391
-2190.620361
-421.561768
861.640381
2032.687134
-690.870361
-2405.998535
-1225.098267
958.475464
-347.054199
1364.551270
3580.629395
2705.303711
-122.393677
-658.306641
-4840.698730
-5236.857910
753.086243
962.958252
-620.935059
-481.389160
-4850.054688
-3421.604492
225.993896
34.647377
518.115479
1334.684814
-406.324951
560.434814
760.171875
57.802734
-929.401367
-1244.892822
1028.599609
1973.712891
188.191406
-176.035156
507.188477
477.187256
245.024170
50.373535
171.482910
520.692383
1114.133789
-994.468262
-2361.729980
-278.614624
-90.497459
-473.212219
589.271973
32.597412
-667.099121
-1549.741211
-1092.381836
428.306641
657.772949
905.377686
115.027710
-681.143311
-65.227051
42.520996
-3059.877930
-4272.713379
49.250732
913.730347
-438.466553
799.842896
1583.178955
-325.666992
-441.214111
1030.898682
-296.627808
-910.494385
228.472656
-155.208740
689.482422
1098.382812
469.925293
-58.885742
555.084961
-1076.521851
50.856079
1749.312500
-262.782227
-2543.665527
-5517.034180
-4742.264160
-642.107422
1448.631348
2029.803955
2072.157227
1858.261230
1980.818604
380.310547
-507.250488
49.505249
69.935547
615.364746
1513.174805
934.983398
22.147461
-4598.830078
-5964.168945
-2467.528809
536.988037
197.794434
-219.187500
-734.212524
-444.009521
-244.981079
-1043.180176
670.051270
47.285309
-141.473145
3582.773438
2959.235840
485.823730
1801.609497
1554.227783
305.053467
-702.511719
-316.557129
-851.847412
-1456.478027
873.015137
1678.883545
898.534058
-127.392578
-736.026855
2379.026123
7116.149902
6114.079102
2581.193115
-315.006104
-630.570801
543.275879
3841.948242
2080.081543
-76.293213
-731.699097
-1613.938110
-860.412109
269.807739
210.337158
1114.503906
805.894043
-244.785889
32.905762
459.081055
559.679321
-2460.793701
-5253.228516
-2913.764648
361.652344
-848.344238
-1217.061523
-671.273010
-891.050110
-1026.046143
-1028.642456
-399.253174
-2015.711914
-3039.960449
-740.049805
839.096191
1816.655273
1259.760742
-492.925537
174.714844
-583.116943
-3234.103760
-1529.178955
11.243896
-109.634766
749.781250
-557.464661
-730.051758
-374.182129
-690.982178
-365.884033
431.991699
500.626953
-3310.786133
-3154.923584
737.846069
507.936279
-1025.652832
412.467499
1108.943359
-853.353882
321.220093
2161.783203
-967.991455
-1480.827759
342.315826
-158.484131
2237.869141
1566.445312
400.933594
-384.621094
174.041504
496.410828
305.827637
-4.652344
152.776123
-172.692383
664.258789
859.357422
-840.578369
9.667480
1087.743164
3499.908203
4075.241211
1073.195801
164.347656
-1950.300293
-3253.560059
1246.704102
1190.765137
1334.758423
3014.269043
592.979004
1013.260742
215.962158
748.805420
-466.013672
-1709.915039
-423.133789
-33.601562
636.149048
3026.178711
4824.752930
3123.587402
1154.384521
-101.392090
-611.746582
-30.281494
596.253601
-20.254395
-735.497070
777.167725
-833.010620
1047.980225
405.588379
947.277344
1595.941406
833.693604
-201.835205
355.038940
0.089844
-1300.927002
288.158936
680.374634
-1427.021729
-20.410645
-1890.519043
-1737.006104
236.559204
479.464111
-432.106689
-817.865234
109.397797
351.326416
-1590.534180
-822.779785
196.706909
367.920319
760.112610
1641.074707
-64.496338
-367.805542
3559.996826
4039.673584
-239.274414
-680.629883
-1105.779785
-745.007324
72.604736
628.794678
-406.541870
-175.601776
1285.905273
913.666992
892.055664
-765.536133
-1750.123779
-218.459473
745.316406
1026.073975
1602.371582
1551.714844
3276.805664
3575.506836
2391.534180
756.707947
-712.899414
75.927734
156.501953
2338.908203
53.702148
591.370605
136.908829
508.266418
-1285.194824
587.261719
-893.036133
-2842.000244
393.347656
268.351562
-185.383545
203.031250
-1409.722656
-693.388062
-833.032227
56.038086
2018.319336
-482.607422
44.482422
-869.701660
-1918.430176
-361.802246
-491.599609
1401.725342
4582.982422
2733.708984
-1915.994263
-628.749084
827.443970
-7.041016
-73.291260
358.850098
-2305.887207
-3961.861328
336.684082
727.163086
-613.661011
122.577637
243.858398
954.166260
1590.396484
1175.947266
-2240.982666
-4370.379883
-326.601654
1596.324707
952.814941
-543.204102
-883.696289
-992.702637
-1182.691406
-739.297363
-1449.200928
-2116.010742
-808.551758
1889.250000
1774.594727
1747.354980
54.803467
786.781250
1240.040039
450.851074
-702.867188
586.379883
1111.523438
-24.342285
298.159424
-435.471680
-811.330200
-646.541748
-1081.396729
-3204.405762
-328.682495
1121.265625
754.129883
-741.660889
-344.532532
66.412384
-90.807617
301.473633
646.551758
778.103760
212.980469
24.581787
714.423096
928.142090
-130.435883
-1328.571777
-2468.336914
-2015.690430
-910.202148
1055.709961
-488.582275
-2135.160156
-2005.790039
294.800781
659.428223
227.188660
-1136.406250
-11.396225
-126.263062
684.446289
1227.717773
564.812012
-822.959961
-1394.216309
1361.300781
4548.180176
2062.755615
-510.835938
557.026367
637.420654
2279.677979
1806.212402
111.645020
59.795898
-1235.358398
-338.881348
-215.924805
629.652100
-351.114258
420.372070
-322.139160
-585.873291
-559.506348
1109.733887
1159.521484
-803.469971
517.122314
-17.251953
-625.351807
1077.051514
-24.552921
-109.059204
1058.572510
-828.198975
-419.962646
370.806641
597.407715
-177.024414
356.595215
-263.489258
-308.799805
-1122.004395
-1772.073242
-259.051270
-2016.692383
-1647.696777
-359.392914
-140.527344
352.246094
480.718750
143.447266
1728.764648
788.149841
-133.666016
-92.005859
-1332.488037
-801.329102
741.425781
-307.877930
-580.416504
-1392.082275
-1622.430786
-620.961182
-1027.509277
-2832.223633
-3637.847656
831.049316
540.249451
-453.941162
1034.868164
180.019531
789.572754
-1074.749268
-914.059814
-1008.904297
-3439.501465
-969.686768
867.789307
17.872559
875.956055
389.238281
-80.905762
886.083618
1818.825684
-218.959473
-262.914551
-873.168213
-438.648926
497.814636
272.811035
-1018.025391
85.140503
788.563721
-1287.207520
-721.466675
375.712250
-465.220215
772.171875
-860.867188
1429.194336
1469.925415
916.106934
298.339844
1249.898438
1073.302734
-29.393555
478.908203
857.469482
-750.046265
-1602.894165
-1134.250244
-869.828491
-1422.317017
-1031.064453
806.587891
2958.028320
3401.089844
2494.874512
506.671143
398.744141
-217.339355
954.422607
-148.467773
947.455078
5481.085938
4644.227539
-733.401123
-411.203857
966.932617
172.321777
488.250000
-22.122803
387.593384
1767.156738
755.955811
651.011963
4109.682617
5208.697266
2865.354492
-532.445923
-1541.190674
-417.148376
-670.795044
-662.157959
363.129883
448.938477
599.060547
-64.764771
302.608398
2342.472656
1445.876953
218.114990
-521.735840
-594.090820
784.843201
-1334.376465
-137.646973
269.566162
44.512207
1257.615479
1116.713989
396.635742
456.395752
-105.356506
-690.978516
-412.547119
-1076.472900
-747.527588
-2179.518555
-846.389893
148.116699
-198.856934
1914.434570
1300.206543
456.839844
418.836426
123.889648
234.492676
513.932373
1222.517334
875.375366
592.101929
401.960449
-1109.909668
-721.941162
756.780518
142.075073
-1195.135498
314.717041
-280.555420
-3151.031006
-2406.375000
-224.143066
247.670410
944.475403
228.892578
-1175.649902
266.651367
630.388672
86.229004
158.860840
233.772705
459.143555
893.185547
161.364258
128.664856
85.824219
-635.833252
494.125488
-276.416016
-186.440918
1276.455078
931.406250
1313.286133
2834.460449
1224.175049
-355.334961
117.182007
416.730957
367.707031
-144.143555
1394.714355
1101.957520
431.390137
132.360352
-3286.904297
-1122.634766
977.026367
2088.130615
1337.994019
-27.109619
-1023.972656
-4711.637207
-2611.786133
785.945312
685.685181
-387.895996
591.882324
-222.056763
-789.192871
1763.203125
-380.967773
53.347717
-461.295898
-77.421875
710.515137
435.662598
-1363.659058
-152.698730
-13.911621
872.124023
1308.033569
1044.758179
226.972992
-897.897461
-2932.266113
-1898.168457
521.041992
-1764.609009
-826.989746
-184.638672
-108.239014
-349.977051
149.720703
19.143555
339.940430
856.815430
-123.960449
-245.234131
3601.896484
2731.910156
3762.583008
2550.841797
-1089.980469
-1730.975098
-269.184082
78.395996
-289.478394
758.980469
1133.923828
1280.079590
99.035645
226.123779
3.267700
-187.273193
-807.076294
-1778.008057
13.511566
-125.671631
-969.728516
-125.562500
-1013.654785
64.562500
13.010010
630.951416
366.862793
503.316284
2203.217285
387.797363
-649.837891
663.389648
-528.688232
-2209.095703
-1010.920410
282.575684
571.984375
443.945801
1996.570557
1645.143066
678.361816
-110.169434
-303.093506
-1137.067383
-1591.428711
335.199707
156.295410
-676.135742
-143.976562
40.991699
1783.142212
-97.857834
-688.666748
1396.318359
1629.919189
-488.554688
834.778320
1610.976074
722.745972
306.956787
43.631836
80.576172
-567.542480
2025.759766
1598.836426
-198.785156
-757.623047
-1645.725098
-2311.192871
-233.289062
29.949219
-451.812988
-187.942871
-831.088867
-26.189720
-305.320007
1042.363770
3021.414551
821.280273
102.825684
1137.658325
-11.780762
485.780182
-164.712402
-1706.036133
-253.643555
292.609619
351.608887
1532.190918
597.282959
895.822510
946.151978
130.044434
3408.468506
2275.611816
-1126.591064
-473.187134
-395.997437
-606.175781
796.289062
-150.500488
-1217.543945
173.135498
976.036377
79.921631
474.803467
284.295898
-569.768066
106.314453
2603.646240
960.475464
-684.393066
-1507.903320
-2751.646973
-1465.240967
-488.420410
-1449.683838
-267.746338
981.518066
-624.133301
47.247070
866.821045
521.335693
-866.277039
121.830322
-426.820801
-1016.608643
453.340820
447.808105
914.895508
-117.015625
-1708.923828
-539.929688
90.982422
2091.273438
1857.177246
-863.256226
641.104980
572.811035
795.736206
1106.686035
-2008.073486
-1997.821777
409.649292
35.046143
113.683594
-93.952148
-1180.097412
493.411133
3268.455566
3533.985352
682.764282
-587.952393
887.934082
3086.449707
3389.217285
2267.501221
523.079407
519.566406
444.416992
66.534180
-2062.013672
125.896729
1420.234619
2101.898682
4269.917969
3407.125977
1100.080200
737.546875
2822.976562
825.305176
-52.002991
162.561157
-1820.100586
-1599.697266
1447.134766
128.694824
586.007080
-322.941406
-2293.514893
-204.150208
86.660645
1060.524414
90.086670
-746.988770
510.281006
147.123901
946.677246
439.118652
-929.178955
-975.990234
-2435.991211
-902.150879
-156.242920
-822.973633
-805.278320
136.090332
822.000977
440.528809
-1.538574
-269.103027
-1619.199219
-561.666504
203.854980
-761.144287
708.890625
817.494446
-534.837402
2374.841797
2957.180664
1019.108398
466.408936
-1968.150146
-2770.415527
-420.180176
649.890137
-786.840210
-3244.122070
-4759.532227
2054.964844
237.859375
-138.937988
48.922363
-258.651367
-2996.256836
-1644.407959
1107.735352
1025.523438
-435.440674
-1015.524536
-1347.268066
-677.230469
-524.642578
-63.045898
237.580566
-1113.561401
-1789.120239
-194.875977
913.480469
-1397.182739
-867.482788
-38.677246
251.730835
230.853516
-704.650879
-356.658203
13.881836
611.544922
253.217896
528.079590
279.282715
1971.489380
894.149780
62.988068
1918.119629
1578.232422
-638.720947
-1014.195190
-34.916992
2389.582520
3493.666504
-181.710205
-1982.781250
-751.687500
-171.502930
640.229980
1019.158203
-255.043945
418.553711
-713.214355
1107.667969
7115.735352
4055.142090
-1126.857788
449.397217
131.098877
-1059.104980
-799.945068
553.251648
2787.384033
1012.934082
-867.524536
172.384033
-1463.617432
-1156.430908
969.129395
-250.792480
-1686.365234
-56.519531
332.905273
1058.863647
-27.143555
440.350098
2218.578125
3202.313477
1.491455
370.170166
-445.302246
-1613.928223
-1479.140137
-2794.867676
-2670.454346
-2673.950195
-699.926758
72.472656
-638.317627
871.308105
1414.073364
1281.133789
825.588135
15.044922
-671.758789
-436.394043
-40.168457
-942.966797
344.250977
-2210.151855
-1394.966309
-1075.030273
1693.847656
1257.414551
1074.469238
459.355957
1206.289062
589.363281
-1308.338379
-184.578857
1378.062012
-662.166626
-33.704590
545.100098
-397.500427
428.146729
1751.604980
828.576172
657.725098
-110.254883
-258.120117
2265.060547
5139.206543
3907.163086
-71.850586
-2798.470703
72.038330
1042.217407
-149.489258
598.746094
-630.109863
-2960.362061
-416.857849
696.141235
612.233093
1097.053955
-882.005859
-206.808960
-182.808350
-933.434692
-858.008301
439.328613
-426.206055
-2093.524414
-683.175476
880.215820
-157.331055
379.799316
719.255615
314.007324
729.781250
1448.764648
1208.198242
512.002686
-246.899414
446.114258
149.913330
-106.989258
-509.192383
111.527344
408.868896
-616.804688
495.575195
991.036499
1601.054443
2236.125488
738.169922
-622.160156
-137.008789
-348.803711
2201.764648
1688.316650
-289.894287
49.699951
314.106445
-44.602539
1419.064453
1216.185791
-892.912598
-473.827148
-708.228516
566.694336
1313.819824
645.573242
476.220764
34.920166
132.608887
557.834961
-532.411133
132.027588
1314.132568
-461.911865
-319.329590
330.597412
741.524658
1086.843506
78.997192
338.572754
-661.534668
-1607.437500
-2458.154297
-1633.060547
243.793945
-636.923462
-574.603516
644.491211
-327.600586
-876.579346
425.299072
-178.142578
432.403320
593.005859
-626.557617
-328.894775
-128.436768
347.102783
548.152344
1081.084473
-79.449036
-816.842285
781.974365
2493.397461
1556.417480
990.276367
-278.798828
-501.792114
486.618164
-862.636230
-1124.971680
-2735.215332
-1530.052490
283.983887
1254.339111
272.208313
-351.524536
94.943970
-222.602295
-232.616943
297.977051
382.774414
1607.328613
3209.326172
2283.148438
465.241211
837.126953
522.379883
-642.757202
210.815430
1566.952759
338.902588
-539.996582
727.555176
-112.200684
-4.167603
-2843.385254
-2524.999512
532.071167
1233.334473
2698.791992
2608.200195
282.505615
188.813965
-1440.152832
-1607.594238
567.067627
791.526123
1015.604248
1041.401611
550.442871
-226.622559
2149.349121
4223.728027
2322.918945
-206.967773
-2441.423828
-3115.152832
-851.092590
275.689453
512.031860
4592.911133
6017.047363
858.811035
-130.587646
-2080.706543
-2366.525146
521.163940
-493.375732
-68.081787
244.960815
-1563.604004
-561.818848
897.143555
52.677734
938.579468
-429.354614
185.607300
692.364990
-1432.792603
-212.429565
1164.578857
391.782471
114.088135
-80.982269
-2631.078125
-5666.228516
-3328.266357
941.795044
897.113159
2360.728027
2401.086914
955.422852
991.921387
850.017578
157.869019
871.963867
-301.814941
-785.524902
-1154.800537
168.366699
-164.590820
171.489258
-166.830078
791.981201
2727.087891
2034.350586
228.962402
718.517578
-245.309082
-1583.506104
-1615.364014
-1474.620361
-528.321045
-24.169434
652.113281
840.367676
-377.196289
345.070068
1295.215820
1732.081055
-145.149536
1020.427856
238.309448
-1436.357422
1760.987793
1803.345703
-387.853516
-210.738281
-1524.775391
-2054.163574
-733.390137
608.479004
2300.407227
314.441895
1055.636719
264.303467
-3067.584473
-619.815674
-854.344238
383.227905
-136.048584
-1440.287109
-203.963379
64.708008
458.774658
666.162048
284.884766
-499.315430
-513.086426
-750.340576
-354.980469
1235.265625
-90.748047
-406.807129
1118.337646
642.733398
-1220.393066
-1096.576172
-357.513916
-1260.160400
-12.259155
-179.662109
-51.604980
-22.041504
-911.293457
370.043335
228.475342
2775.266357
3210.984375
1716.519531
431.321289
616.404785
635.187988
268.536621
654.691162
1278.233643
151.064941
-1187.321045
104.113068
-1971.810059
-5953.712402
-4076.566650
451.178223
267.407715
-909.524536
-405.270508
706.537109
786.701660
-840.750000
248.812500
1065.439453
-675.205566
240.591431
-190.717896
-230.055908
11.653809
1147.749512
622.194824
770.158447
1316.720581
586.419922
-327.437500
-242.654297
-406.056885
-233.107300
-1361.755859
-2607.912598
-1400.065430
1450.212891
574.740479
-2497.292480
-1814.564941
140.921387
3081.874512
4370.776367
942.819397
-1101.482422
1803.620117
523.496582
-945.223389
-158.484863
522.325195
591.153564
2179.154297
1020.186035
201.864380
-688.377808
-656.331604
365.090820
-789.851074
-103.689453
-1222.333252
-2280.574219
697.028564
549.625488
772.137451
-786.822937
-937.507324
672.288086
-31.005371
-501.302734
-983.405273
-2552.569336
-269.723145
-501.445679
-1054.469238
-823.332520
432.305908
137.452148
-2180.004395
-871.990723
434.811035
1163.449707
3653.177246
3124.752441
-1036.768066
-1510.315308
-748.776001
541.178711
1168.735352
909.033691
551.149963
451.443848
-996.451172
213.055664
1374.923828
-155.908203
-1232.220703
-169.691162
216.990234
1548.883789
2482.783203
-2722.438721
344.609619
517.976562
-940.051758
-597.338379
87.075439
187.032837
-581.726807
429.181885
104.202148
-277.913086
154.886230
1223.553467
1792.050781
3977.855957
-357.899170
-1423.958008
-1342.185059
361.552734
1997.202393
1547.900879
836.235352
-506.844727
-650.476807
-400.454590
-1176.967041
-74.959473
572.180664
93.916504
-292.235107
-1182.198975
-963.330872
-1302.960449
1268.146240
4773.028809
2667.694336
-715.548828
-4756.504395
-5611.405273
52.160156
1494.033203
188.643555
-830.979004
-1307.907959
-442.812012
211.295410
-244.785156
-194.833862
-1920.593262
-4110.937500
-2393.603027
536.199707
-3.857834
382.271088
1361.797363
-29.546875
-827.381836
-556.694092
-911.017334
675.629150
1528.872559
656.450684
739.104736
-1474.793945
1483.765137
-272.988281
602.693359
-415.051758
53.518066
-14.844727
-443.807617
291.941895
1191.483887
946.198242
-423.242676
-664.308594
-996.566772
180.371582
2950.164062
6501.132324
1691.866455
-381.833069
851.410889
493.153320
151.537109
2542.779785
2476.796875
942.022949
-375.083496
-2509.494629
-3664.338623
-4108.091309
-1886.495117
-590.520020
1159.746582
1705.445312
-680.679688
-315.097412
1099.643433
661.779297
2071.036133
3287.772461
2424.632812
473.856445
1374.061768
651.958496
262.140625
56.539795
451.111816
277.898682
-123.855957
-50.663574
826.331543
1024.363403
1088.490967
1535.633545
64.364258
-556.470703
-1269.484863
-479.125977
661.471191
1262.604492
-1642.692383
-192.910645
-436.886108
-1322.015991
-1142.099121
952.678711
45.548828
400.803223
366.118408
369.721191
936.921387
-1476.866699
-1474.820801
-653.624573
-553.277344
541.725220
1256.537842
-83.416016
103.808105
292.866394
38.700195
482.302246
899.567749
707.217163
909.849609
125.882812
817.690918
-645.185059
-135.134277
-757.937500
-3328.524414
-2404.379395
603.142151
-865.590210
-930.274170
122.696289
1292.636719
622.697266
270.808105
826.961426
1207.745117
30.023438
18.653320
824.497070
36.402710
-1468.703003
-1688.139404
-571.575684
988.097656
-106.408203
-722.705078
1192.421631
985.049500
250.653320
1731.115234
1205.159302
-643.186523
484.416016
-256.099609
-1504.119385
-537.448242
231.479004
-963.904907
1119.587891
-319.010742
-1.623535
282.240723
1985.439453
205.579590
-641.842773
-471.564453
-616.857788
877.525452
-1311.311035
-100.589355
1051.384277
-698.294678
2758.611084
4279.474121
-114.524536
-628.385254
-629.579041
-655.088745
1103.894653
1487.475464
800.004395
773.766357
544.348633
-170.001953
-460.763184
-1105.831177
-1314.670898
-23.363770
-218.004883
-296.479492
-3405.264648
-5453.159180
-3668.277344
-1041.909180
507.207520
209.884277
-1347.828125
-866.841064
394.570068
1062.913086
361.038330
-1420.458984
-2487.892578
-239.995605
368.279663
-78.328033
397.517334
-451.600098
1074.289062
648.539062
-824.423828
-85.634766
-1927.266235
-587.156738
1216.927490
-899.509277
236.162598
274.047485
928.365234
620.246094
-555.565002
-792.262207
-1607.748535
-448.083008
622.312012
1386.229492
2222.105957
2413.652832
-60.898438
-455.919189
143.254883
1913.074219
330.926758
1174.346558
418.287109
-1022.208008
-306.360352
-1889.030762
-706.315552
833.403076
-558.861328
383.597229
511.969971
-1351.337158
-236.647766
694.179443
1511.944336
2180.634521
1043.175537
-205.456543
-112.336426
513.803955
473.266724
-439.256226
907.904175
1809.666992
-336.169434
-1832.217285
-740.390137
217.244629
301.731812
-704.498169
-1704.385498
-270.571289
855.705078
1386.475586
323.040039
-422.118164
617.808105
-630.384888
-906.707031
106.921875
2255.155762
6787.720703
7453.549316
3588.990967
575.363770
-121.828369
1241.666504
1682.103394
1637.950684
2074.355957
598.141602
299.304199
-581.893433
-255.025146
744.262451
285.684326
804.489014
-332.355469
225.318604
-19.935425
-234.371338
1261.764160
1327.233154
-88.492676
-1186.364258
-900.972656
295.081055
-360.129639
-415.313965
-654.406738
-121.839844
680.618164
-929.743164
1947.765625
172.958008
-1440.819580
-185.805328
459.619629
637.098633
179.694824
405.147461
4099.654297
2150.990234
-781.294189
-659.338867
-1938.438477
-921.691406
-376.301025
-112.555176
-524.959961
-546.154297
-1493.627686
-120.902954
139.067383
-669.101562
1085.518555
-4115.292969
5830.889648
-8.847900
285.291290
740.859863
2555.802734
-98.360352
-287.143066
799.155029
1481.980835
1136.216675
325.317871
-558.123047
-1612.626953
291.740234
-27.822266
-315.835815
305.360870
-908.592468
-62.883301
-700.576416
-318.089844
-285.781738
405.942871
-167.805664
26.946289
-868.949219
471.743408
-543.033997
-48.386719
-343.819336
-803.334961
459.166870
886.035156
617.622070
1051.700195
-425.756348
498.183105
1164.471191
-423.732910
24.864746
-1563.198486
-4349.322266
-755.886475
1406.115479
839.381592
539.536011
-1014.201782
656.463623
569.475464
-1449.012573
19.201904
-2580.875000
-3994.711426
-613.056396
82.057129
-568.125977
1366.722656
-3934.562500
-1559.974121
-512.212402
1440.126343
4013.897461
2007.897461
36.177734
-925.300293
-3414.171875
-1810.986328
724.949707
-1432.334595
326.291504
340.594971
-885.922119
-649.966064
426.783691
412.362305
556.555664
-2192.440918
-2196.964355
-2125.068359
-796.648926
1481.036865
870.041016
-832.762085
-836.036987
-843.773438
452.142151
-1656.253906
-5182.865723
-382.751953
388.457520
-276.637939
-175.571167
265.963135
-548.754395
-981.689941
-1312.233765
-435.174805
-24.195312
124.962891
624.744141
-1437.760254
-3095.324219
156.501953
431.481445
-1182.163086
-769.988892
-326.216309
-249.494629
-118.148315
227.966797
1548.574219
-604.727356
-1353.009766
-285.604980
-623.356812
280.422363
969.764404
1616.571411
-441.381348
-991.855774
-132.476074
-884.341797
-595.591187
515.644531
2381.020508
5746.962891
4437.144043
2780.593750
3205.848145
2320.674805
3924.193359
1590.996094
802.652344
228.575195
451.376953
607.538574
424.410645
1012.784180
-1209.888672
-1927.471680
-548.340881
1463.142212
475.705078
-1000.427734
-756.792969
858.360840
-1171.003418
112.920898
202.107422
1167.194336
4198.500977
510.816284
-1563.827393
-1027.270508
-49.350586
-1113.413208
66.413818
-297.466553
-585.521973
-85.256836
-1495.224609
-1668.318237
731.129517
-1202.857788
3207.700684
917.232422
319.110840
98.862305
73.063461
-1342.932983
-76.336914
-196.544922
399.100830
-487.524536
-666.811890
-266.734863
-613.999756
462.808319
-376.433838
-188.981689
-1055.040283
-1301.860718
-844.307434
674.322998
315.121094
795.573730
-160.189941
203.386017
-760.477051
80.415039
-642.078369
-239.956055
500.830078
-1534.095703
-1695.635620
-270.296631
182.517090
1553.142212
-147.681519
-456.288086
1621.185791
409.882812
38.743164
-411.023804
-1119.777588
763.473633
-70.239075
300.044189
247.361572
227.652100
240.843323
-162.163025
559.468323
-1367.503174
-924.429199
-548.021973
-2142.484375
345.009766
-110.078613
-495.105713
925.040039
1099.742188
-481.049805
203.109863
-437.957031
-183.913574
-1888.278320
-2311.296631
-141.043945
706.263184
37.736328
-288.160156
-235.110962
265.491455
774.590820
198.956543
250.359375
-1031.755127
488.782410
2251.367676
887.075195
-14.737305
653.403076
-90.963379
-30.792969
-644.931641
-535.651123
-181.366211
-275.744629
1046.489014
628.196777
2868.297363
4391.652344
1123.757812
577.708496
117.307617
-1431.039307
867.913818
-228.946289
-526.482910
-640.524475
-31.478027
1289.987305
-108.958984
5494.784180
3205.655029
158.119385
-440.199738
-767.814453
1115.475464
1459.234375
-314.234375
495.199829
-9.318359
-10.307617
-139.215454
140.069336
-876.265137
-2844.492432
-2168.768799
-364.369720
838.833740
900.054199
1201.912354
687.241943
-154.080566
-223.297852
-1337.740723
-127.793945
543.932251
1180.324097
272.090088
-484.083862
1031.263672
1812.580078
712.444824
-800.065430
783.481445
84.085449
475.968079
1041.943359
-245.251587
-529.984375
-1951.168213
53.098877
41.351562
-1202.411621
528.369629
-815.291809
-1226.447266
-1201.167969
-659.147461
41.608856
-2647.729004
-2494.662598
496.853394
1669.604004
327.754395
-528.557861
-3141.591797
-1030.797363
480.451660
-465.093628
288.043396
298.151855
-867.764771
-405.149628
-728.220215
88.991211
-826.419067
-1394.857666
339.428223
-188.079102
21.697998
799.918335
-347.514160
473.283936
-161.670654
-881.904785
-54.519043
182.310547
-838.243164
151.584961
4458.779785
1228.235840
790.810547
2600.255859
56.791504
657.619507
1980.392822
63.993164
1746.240234
442.143555
-1206.480713
-407.520020
-602.168945
-858.189453
-869.905518
289.388794
871.273682
-1807.496094
-3052.746582
-1562.769531
-3066.104492
-1033.440430
100.387695
297.304291
-497.371399
-316.537598
-122.845215
310.299591
-310.688965
-358.959961
-542.833069
1124.207520
1583.988159
764.038086
-878.009766
-2132.775391
-1142.275391
-2275.353760
100.160950
-231.996948
-946.615479
-1440.238770
-116.432129
399.533203
-409.203125
-339.719849
-1016.960571
-1964.072632
-718.524475
1049.639160
1095.213379
-485.880859
4199.685059
5369.743164
1546.037598
-491.260254
-3895.847168
-3345.329102
-442.999023
-313.006409
-822.069336
623.273438
-1007.705566
-1157.383301
709.878906
-187.019531
-368.548828
229.864258
1086.433594
1672.837891
930.404297
-970.716797
315.835938
442.639160
-791.039795
-1368.955200
-1993.758301
-2887.227051
-1273.543213
221.137939
1210.746216
3481.552734
-282.504272
225.006104
610.432617
714.169434
1307.944336
569.923828
534.947266
-208.123047
951.059082
629.934570
392.347656
-325.666016
-518.597534
-499.269897
722.609375
1227.598267
671.414673
-637.881104
-709.999023
-647.922363
-1262.030884
-316.921387
-744.322693
-61.135742
-183.958496
64.583496
414.629639
947.557495
198.654541
-614.605713
-1085.367920
-27.784180
-641.052002
-75.268311
811.316895
1246.013672
444.843750
-1895.070068
-994.329102
815.507812
795.523438
3899.773438
1274.041260
805.200195
498.407227
591.305176
811.024414
2121.037109
1847.800781
-702.602539
-200.096680
-2099.003906
-1137.857788
-708.508789
-113.973633
-433.748047
-852.207520
44.746826
3319.294922
1148.532715
-537.141113
-10.611206
714.009277
741.894531
1372.849609
1970.901855
652.762207
290.530029
311.503906
349.427246
-891.524536
-1033.745361
668.678223
1065.622803
2755.361328
1704.419434
-1327.696777
-180.262695
775.378418
1548.160156
2612.929199
65.252411
-1821.951416
-1563.873901
-2171.477539
-1513.243652
-514.861328
1761.604492
1618.715332
181.142166
108.055664
1549.285400
351.448242
369.067871
669.911133
676.659668
741.749023
2517.993652
235.416504
-1092.477539
1188.070312
-617.428223
-234.590332
681.652466
938.371338
-57.857834
-1385.107178
-757.903564
787.361328
-946.634216
-71.116699
592.580322
996.166016
1581.041016
-789.836914
-788.773682
-250.066895
382.566406
-831.812500
-155.046631
1012.278076
2066.720215
-513.942993
226.309875
836.771484
-408.213867
-315.841797
-1718.642578
639.209961
697.657715
-727.776367
-905.382324
-725.860596
-506.406128
853.745056
741.809814
1037.831055
111.100586
-1114.665771
-410.766357
1087.650879
1677.797729
1288.020508
1009.004028
72.827148
-40.652832
1001.140198
-126.521484
-581.682617
-482.695312
-331.046021
812.465820
784.714600
-339.195435
-1241.790527
-1921.256836
-803.667969
742.566895
-356.821289
-1832.825195
-719.232544
788.917725
165.661987
128.452148
-43.332520
383.407715
-80.636719
39.190918
-38.760254
188.911865
1133.193237
-104.184082
-529.366943
591.591553
-787.934692
1057.376465
257.505859
836.697266
2750.750977
802.136963
-842.826294
189.299072
-535.889893
-337.510742
382.327148
-754.978027
-1445.316162
-1844.577026
-1833.442627
368.154785
931.205566
-233.382019
-634.275391
-421.489258
-1620.128906
-997.938232
-20.007324
287.753418
-55.633057
2.230957
573.139648
302.436523
630.710938
872.738281
-41.561035
463.889648
-446.569824
-1463.756958
-656.746338
615.180603
183.746094
-481.477539
-1106.916992
47.752930
-685.659668
-3345.155273
-1451.734375
910.512695
270.747559
600.007690
-2185.592041
-1284.392822
-480.074951
-497.931641
-2244.107422
-3426.750488
-2232.759766
44.935547
-434.646484
-661.294617
994.127563
-1066.010498
-623.253906
894.619385
156.153320
110.458008
669.330078
-3.657227
-184.974609
-3103.873047
-1531.017578
-0.957642
-774.397217
2139.163330
947.146973
-765.066895
344.980469
-474.255859
-107.901855
992.679443
174.945801
178.639648
-1525.099976
640.604492
1355.433594
-246.864258
1195.631958
1931.845947
302.023926
1325.487793
-249.891602
-1331.646484
-1040.686768
-1815.307617
-1085.417480
-246.788330
-1224.947754
-326.539551
2384.776855
389.976807
-126.268555
-303.566528
-314.417419
-1207.054199
70.156982
399.851471
114.444336
1050.632568
-789.610352
-825.515137
-429.892822
-1019.715271
41.238770
3739.785645
3087.144043
-483.309448
155.074707
256.756592
-337.524506
5893.611816
7940.773438
1370.447266
-1321.750488
-2551.622559
-1271.776367
1372.700806
592.982422
47.269531
669.246094
-285.867188
502.969238
-462.911133
-1343.752441
731.382812
2013.110352
-185.639893
-568.319336
-207.954102
-2126.038086
-1270.563477
1010.485352
3031.639648
1336.587646
-1227.796875
-630.992188
-328.064453
-1137.850586
-306.646851
-2542.083496
-6711.714355
-2900.191406
3238.932617
8484.875977
7195.562012
15.420197
-3493.083008
-3456.089600
-136.147095
2065.273926
1789.842773
1985.246094
-626.700806
-760.014648
262.227051
228.390381
-93.524536
-848.467163
-261.003174
1028.452637
1185.426147
1323.475464
-972.103027
466.252930
1494.142578
567.169678
-374.658203
691.025879
-122.359375
-945.420410
-357.000977
1043.151367
545.654907
556.427856
-957.392029
-545.764771
-282.068359
-969.472168
-320.120605
74.807617
567.299072
-358.519531
-1363.566406
466.508789
-63.422119
1786.651855
-1887.940430
4505.635742
2917.108154
712.969727
-74.932617
49.631836
-278.806580
-681.073242
744.941406
152.445312
371.244141
588.441895
-293.464722
3044.747559
4651.683594
2770.464355
1220.582031
799.590332
-315.987305
-1096.011108
-1302.846680
293.657471
966.264893
758.521240
-62.346970
-37.277466
557.162598
679.061035
1049.726929
1623.697021
588.578125
-612.429199
-1627.960938
911.242188
91.275146
488.670532
-2281.770020
-5206.385254
-3462.776855
-158.541016
1038.529297
611.394531
560.266663
-589.767578
-1178.205078
858.876953
860.140625
973.241211
2190.217285
201.362305
-1712.874268
-2186.263672
-1074.183594
-4630.661621
-3135.657227
-255.621582
-825.415161
-492.227051
730.066895
307.958984
-235.401367
-434.539551
-1892.047974
-1986.101440
-685.365723
-1135.238281
-1818.986328
-743.083496
-707.540405
-1185.185791
823.542236
289.960449
1106.416016
2101.231445
991.569824
-693.521423
722.640625
-134.884277
-905.119568
-4.573730
-1242.171265
-3252.723633
-1842.245605
-1450.669312
-1806.851074
-975.076172
-316.041016
587.416992
-817.235352
737.444824
2.651123
636.499268
751.986389
486.228516
-679.898926
231.574219
-2665.372070
-5091.580078
-2685.519043
193.151917
-540.512085
-1128.234375
-56.441162
-176.143311
-1727.087158
-787.057617
-283.870117
-732.639648
477.658203
-247.380371
-481.518555
241.632141
1177.244141
485.093750
776.005615
-268.410645
-26.789062
-395.107422
-671.441528
-406.164551
300.484619
-522.138672
-285.312988
229.292969
1044.323242
252.847168
-1758.669922
2400.419922
66.970703
-610.895508
390.564453
1233.717285
2367.397461
1127.087769
1786.338379
460.168701
-1107.939697
-1408.163818
-764.891602
-3087.410156
-3722.150391
-249.616699
168.014648
2465.092285
780.436523
-575.579102
95.838867
352.682129
-1643.598145
-192.070435
-193.595825
-789.438354
-347.005615
266.368164
251.674805
-784.771973
427.855469
1432.455078
2087.033203
2516.186523
-90.289062
-1286.693115
-1444.752686
-564.530518
-280.303711
-1127.109131
26.748352
381.454102
-776.015625
-1330.504883
683.216797
466.557617
-459.937012
-197.855957
54.332031
-385.021973
1008.263672
-118.963379
-354.181641
-740.273193
-1275.593506
-702.709839
-206.128662
886.804199
635.517090
185.051971
243.826416
-1153.106201
2454.439697
5744.064453
1848.858398
-1052.108398
72.870605
936.871582
223.907227
1522.997070
4224.186523
4129.952148
2592.151855
38.739258
-220.308228
1510.352539
94.813477
-1132.076904
1150.763916
-975.299805
-593.632080
-38.677246
453.802734
1087.970703
1553.685059
-569.412598
-1614.389160
-349.463379
871.597900
331.453247
413.552795
-2529.061279
-3980.251465
-654.942688
-532.524536
-1045.350952
-672.485962
-767.093994
420.808105
1903.347656
575.381836
-1116.829590
-2787.960449
-2885.231934
-1074.092773
-134.246582
-949.242920
193.845703
1698.141602
948.112793
-986.068726
500.814392
2.772461
-2012.917480
-684.358887
225.558105
634.329346
1657.894409
1590.306641
872.088379
-216.506836
-623.075195
-367.600220
-394.535400
1494.096191
1163.181641
409.350830
-839.631165
-582.331177
1473.059326
2469.379883
1177.564209
-1103.036133
-486.548828
-566.618896
-650.539062
-1191.115234
-1772.653320
-61.654297
716.644531
-224.822144
6.421417
214.194824
73.131836
-1387.507324
-2098.615234
601.705566
133.122070
869.491455
-1175.054688
-2964.304199
-2432.382324
-367.933594
-469.681885
-567.564941
397.640625
-287.720184
381.229736
559.688965
156.862549
-639.192383
1335.142212
818.698486
-648.184814
-1079.161255
-199.947144
766.639160
281.399109
112.470947
-535.011475
1857.342651
3049.191895
1258.260742
205.779785
723.737061
498.557373
68.978516
-490.962402
-1086.614258
389.007812
-731.505859
1337.098633
202.831543
-511.214355
-1382.210938
-4509.140137
-3458.105469
228.376099
76.142174
-258.216309
843.033203
771.563049
86.886719
-290.620117
42.302734
6.055176
1155.531250
903.463623
-1193.937134
-1133.323730
-314.373535
-1217.877930
-1679.125000
583.718750
504.241089
-585.911682
-3380.618652
-1297.665771
648.716919
297.376221
639.919006
930.481689
90.750732
1061.576172
1984.080078
2759.045898
-327.819336
-809.071533
-1770.382324
9.690430
2233.493408
2045.765381
518.990723
-281.241699
224.752686
279.719727
432.054688
860.215576
647.313721
-964.776367
-794.325684
-297.619568
-325.359070
-971.162598
743.150391
1049.317383
710.318359
-608.459961
-3068.020996
-489.331543
507.441895
-880.599121
-187.260254
-2.810547
444.259766
-429.378906
-900.742188
460.148010
1083.447021
-83.285645
-476.236816
890.682129
63.069641
-826.595093
614.623047
1826.732056
1269.717163
687.849365
405.291992
-158.495239
-872.609619
954.584473
1089.460815
-660.433594
-18.915161
1388.421753
1083.520142
462.609863
1621.997070
1244.029297
288.558594
1054.137695
-240.211426
422.261230
1575.891357
-443.672607
-506.684570
-315.191895
-428.092773
1106.772461
-686.562988
-334.832153
-69.174072
-252.047119
1229.905273
744.831787
339.045166
-493.438477
-86.853516
518.140137
-826.608032
-270.190918
695.961304
614.370544
-389.148773
-392.320312
528.865234
85.631836
555.565735
280.979248
-1624.089844
-593.508911
225.992676
584.400391
229.290527
-1021.755676
-1374.495239
-2344.750488
-963.011719
976.871582
381.742676
-218.493164
-3397.617676
-1096.442139
409.113770
-116.155273
518.531250
210.369141
-374.352539
401.869141
-274.007812
-1672.494141
574.507812
-2693.039062
-533.959961
585.723145
-443.840820
-132.080078
892.899902
506.862061
-760.779297
597.124756
581.712402
-391.245972
-732.883789
-91.029785
102.130615
-3890.701172
-1555.714844
1822.909180
-2210.722168
4434.307617
3162.966064
1841.306152
-355.750000
1151.431641
1767.537598
-641.779907
-339.774170
1522.882812
1183.477051
1285.701172
1316.498535
-3879.724121
-2875.582031
-45.223999
-641.497803
-2269.734863
1567.531250
-379.188477
1161.048340
1355.473877
1642.739990
1055.201416
531.309570
-222.772461
375.453125
390.670410
967.116211
663.815430
-568.540527
249.145386
479.427551
-123.541748
-1094.941162
-1546.460693
-74.762207
437.945801
999.251465
-482.135101
-481.235840
327.118164
-168.807617
477.938965
-653.728882
-1165.699829
-145.776001
-1610.150146
604.758545
530.640869
-317.580566
114.896729
170.156860
3570.439941
2635.279053
-556.797607
1275.401367
21.641296
1773.950195
1504.144531
2412.786133
-322.530273
329.666138
159.653320
529.835938
-3606.117188
-1200.459961
-1917.403320
373.972656
704.893555
1161.589844
1458.516602
-112.022827
-513.073975
876.874390
1640.954834
888.449219
-742.067993
-403.258789
235.376953
162.478516
463.895752
1257.524414
-315.706055
1955.000977
328.904175
590.720215
-656.819824
-198.152191
424.550049
122.566162
-768.923828
-2676.914551
-1424.463379
43.300415
227.759766
911.321289
458.409180
-230.100342
240.063965
508.209778
2187.052490
1231.716187
931.475464
-858.145996
240.267578
-781.790039
-1099.966309
-648.450928
-359.604492
2039.750000
1499.376343
-638.615479
-602.191162
-2872.299561
-2438.825439
759.148438
924.718262
65.952881
-414.223389
-780.333252
457.016724
669.825928
104.686035
-701.248047
-274.415649
1288.215332
198.884521
730.015259
1636.361572
-211.101074
-603.841797
-982.003174
-347.822754
439.483398
283.335449
-29.119629
538.240479
-182.268799
-44.494873
-267.005371
-52.259766
1318.552246
2285.034668
218.245605
-59.034180
-487.739258
656.881958
597.371338
-229.942871
379.587891
133.578125
-1471.857788
-1093.843262
-943.553589
1621.529297
736.909180
4107.419922
-280.712219
-810.769531
-2355.084961
-4181.805664
-1558.507812
-2017.662109
-486.650391
397.108368
1822.201172
1117.544678
150.074463
463.207520
95.560547
-840.026367
-1377.937500
-783.401367
-449.746338
337.322754
-42.122559
478.545898
-376.914307
424.311768
-1113.816406
-2331.576660
-151.070068
1627.465088
-350.636230
-644.574585
-52.184570
40.168945
-84.123291
762.475464
-1144.879639
-3617.627930
-3731.906250
-1212.982910
649.526123
-1053.229370
460.366699
1342.396484
2738.334961
1425.473633
498.733887
-401.393311
159.290527
-846.790039
-1256.285156
-314.132355
-683.014038
334.413818
191.843262
-351.534424
6.951782
1507.697510
745.135254
-238.145996
143.450195
1577.892090
579.573730
-688.868652
-560.664062
-1610.508301
-1001.498474
452.385620
-988.542480
-923.491211
1139.559570
340.141602
-2928.798828
-2825.162598
-1145.399658
413.004395
28.782227
-501.363525
12.660706
75.287476
248.345947
624.701721
-291.649902
1161.361328
2186.367188
127.402344
-1208.313232
-527.181641
593.434570
430.774414
869.774414
-379.016602
-2905.974365
-2068.009277
-585.500610
724.428223
446.007324
-169.016846
587.868896
-225.116226
321.920227
2153.201172
355.338989
-922.053467
-37.558105
48.678711
160.685547
-575.729431
106.986816
1677.395996
2154.353027
2427.740234
3006.086426
2467.744141
413.122559
-1028.917358
-117.407715
197.873535
-452.946777
362.775879
692.231934
-150.345703
-1644.933105
-1164.152832
683.269287
661.351074
2012.394043
2274.124756
70.512268
-592.545288
-2937.437988
-2792.948730
686.731445
268.847168
247.403809
3.270020
-1227.407349
-610.881592
-811.262451
138.715576
1023.361755
-58.747437
-1944.145142
-2889.311279
-2558.929199
-1349.794922
265.569580
-288.443848
-1035.991333
214.272217
1605.462646
1998.729736
409.709961
369.642822
961.117554
-915.735840
-316.826904
-270.498169
-1009.787476
1455.113770
1916.505005
2360.079346
1515.037354
216.782715
-1222.466797
-3128.953125
-396.505859
260.548828
2582.463623
3560.759277
-14.109131
-154.642395
-21.216187
427.201904
1277.450806
-460.668579
292.648438
774.463867
-454.943359
178.284668
1644.531860
1232.424561
374.777832
-127.627930
-828.312012
-112.445984
-98.753906
-983.673828
-462.427185
233.466797
871.755859
198.902832
135.877441
-180.656738
-165.129669
-1688.844727
-3504.478516
-1960.496094
-346.392578
-453.357697
-561.763184
-1050.249268
-979.872437
80.855713
-995.598633
-717.871033
939.088440
-864.457031
83.868164
1234.347168
41.136230
-1232.095703
-39.791382
1533.466064
736.637878
-803.718506
-998.844360
-392.910400
-339.888184
-893.010742
-838.865234
43.933105
-236.899170
-1418.199219
-87.164062
-3829.337402
-3853.421875
-719.356934
-70.179688
549.184448
-305.336670
-177.929199
724.521484
3.100098
-76.562012
464.417236
477.740967
815.986084
667.798828
212.458496
1352.145020
819.687378
-1365.395508
-4828.002930
-1752.112793
-914.896606
-775.870605
-867.675781
801.281250
928.329102
1421.177490
1877.164551
1220.849121
2807.452148
1162.563477
-863.668457
-65.692871
63.525879
-859.064575
-417.339844
437.903809
210.777832
-757.608154
178.317444
3382.941406
3783.680664
683.083740
-2236.126953
-3716.122070
-966.279297
358.695312
41.925537
225.164673
748.455078
759.077148
1117.361328
2437.592285
1432.926514
-1903.945923
-860.629395
132.596680
-133.729980
725.120605
730.617188
968.347656
1814.057617
1291.050293
314.923340
3358.561523
6160.476562
5059.098633
-1749.363281
-894.791504
59.241699
1143.717285
1811.157837
150.794189
-183.589600
1224.155273
1052.320801
689.214844
1326.064941
1949.627808
1545.032227
-407.744629
455.346191
958.883789
681.870422
750.762329
-1427.266357
797.968750
2030.171875
-251.250977
238.875488
-55.548828
-243.733398
-147.857422
423.485840
-1365.623779
-596.119873
990.421387
757.332520
68.615234
-297.447174
654.449951
386.333984
891.259766
1238.848633
-653.627930
174.095703
1456.454834
66.476074
-833.919800
442.059509
80.577148
311.661133
-150.155273
-58.583374
581.150879
84.864746
376.241821
750.799683
-984.152649
-6.115479
-194.187744
-182.814819
-1972.437500
-3254.501465
-391.597656
373.813599
696.191895
408.035645
-915.846680
-959.972168
-62.785645
-304.703125
-370.010132
-135.122070
582.796387
701.336914
-1260.878906
-4565.367188
-6663.881836
-4253.706055
-1594.290527
751.107666
714.701172
-27.483795
-1042.678711
-331.005371
1412.218384
632.402588
-537.342957
374.452637
-638.722900
-1684.174316
-937.034180
-483.791992
1886.572266
2115.788086
-354.465149
717.090820
99.259766
-1237.242676
-3541.515625
-6492.526367
-2524.812500
645.332764
1189.832031
1997.241211
675.640625
-688.470703
-431.616699
920.355957
-1073.937500
-460.953125
1460.958130
911.940430
640.674805
-799.691406
-625.082031
-203.789062
1846.525391
1141.666748
690.722168
868.234375
895.439453
-249.920410
538.986572
1325.136719
69.838379
1698.505859
863.533508
147.918213
1091.798096
-964.659058
-2577.021973
43.535278
-959.060059
869.405762
1043.381836
405.467041
-170.746094
-147.917969
-877.176880
898.161621
696.750000
-486.477417
-609.445496
-3.095825
783.590332
-1210.153809
-3210.708008
-4811.903809
-2082.201172
-198.197388
-650.524536
-526.335205
1006.380371
-238.170898
-2031.512207
-2631.409668
-1919.999023
-1716.441895
32.773438
-862.655273
613.765625
579.788086
667.145508
3316.780273
2241.082031
733.571777
123.475464
-1575.442383
-1798.792969
-975.770508
-578.586914
-1826.288452
38.513916
696.139648
347.932129
993.759155
1287.612671
925.498535
176.866577
-815.524536
-823.302490
415.901855
680.600342
340.819092
-1025.758057
-334.869629
1164.911743
431.280273
37.186523
988.379883
-801.229004
-98.082031
423.152344
1332.005615
1195.546387
2311.103027
-748.560547
883.988281
-70.038086
-810.652344
1359.340942
2130.571289
896.540039
187.143066
173.365234
332.951172
-125.051270
97.631348
-664.569824
-1613.827148
-152.905991
1593.052979
49.419556
552.864502
969.628418
-2109.783691
-1582.380981
-458.333252
-1263.288208
543.176270
743.441406
-207.183594
-360.703979
-735.785156
1067.566406
3321.893066
-7.710938
-873.752563
119.581421
-75.431396
-741.665039
-731.874023
-551.896973
292.943298
552.558350
-932.644775
-1454.700439
-462.592773
884.693359
704.956543
469.514893
549.610840
410.284180
1222.841309
-912.359131
-736.879639
1555.859863
3377.495605
1714.583984
-676.326904
-1311.025391
-1288.857788
815.587891
2130.343018
286.715576
-152.855957
780.259521
1078.655762
1318.392822
489.028320
-145.811035
-619.331543
315.503540
807.597656
791.575439
-820.883789
-1059.060547
26.524902
1.895142
-397.899567
428.711243
-399.409424
-1664.665771
180.043457
1428.492432
1147.656494
567.430176
-1389.145020
-1557.233398
991.341309
-162.661499
-111.198730
770.796387
851.342773
-751.069580
-1161.954346
-938.410645
965.277100
2008.152588
1929.200195
535.246582
-729.164062
-994.827637
-298.289795
2199.246094
2986.744873
635.468018
-693.320801
-262.041992
1065.628418
1487.283325
1166.829102
370.951172
-1415.208984
-937.355469
388.110291
373.516113
1168.580566
2086.453125
-232.309692
-200.119629
-2861.982910
-2027.307129
-892.757812
-126.509277
330.284180
1097.699219
-1037.645508
145.212158
95.519958
-74.947266
60.247070
-591.460144
325.588501
1505.543213
543.551270
-162.726929
-623.395813
619.777344
1315.582275
341.711670
-655.639648
-453.732422
-336.238281
-356.874756
186.656738
195.009277
-1124.946777
-967.417725
849.180542
341.119751
-791.530518
-159.753418
-529.226318
-582.345947
-46.985352
-227.090942
-296.427734
-444.482910
1347.307617
1224.218262
1085.465332
363.723145
-1802.524536
-3816.414551
-1463.552734
445.738770
-1144.906006
-691.400879
-512.473877
-938.799683
-1428.795166
-326.836670
567.894287
-465.692627
178.842285
414.071777
759.233398
1245.997070
626.687012
1317.268555
-1379.213867
-2772.941406
-3533.892090
-574.669922
687.042725
427.193848
751.016968
612.385986
-276.826416
-509.159180
-401.895020
657.803711
-232.037109
-563.527832
339.112000
810.565674
1178.833740
-419.606323
-3089.621338
-1653.000122
992.119385
-156.827393
-387.715820
866.932983
595.215088
-539.800781
-2598.592773
2047.757812
-375.913818
-565.562256
-74.389160
865.643799
594.054321
-1712.586426
-2900.922363
-627.015625
868.548828
1468.186523
-852.126953
-385.441772
-409.676086
-1073.820801
-1064.402832
-46.102539
980.453369
-290.859131
-335.802246
-76.149658
-5019.857910
-5577.176758
-381.719238
63.733398
538.395508
1175.006104
636.316895
44.045898
3050.234375
1286.499023
-618.874023
197.401855
-93.625977
752.516357
1634.911743
-146.147217
-115.804199
1324.671143
396.003571
-13.498093
-1259.524536
-786.024902
-12.572510
458.444092
1053.692383
1008.175232
841.500977
587.385742
228.041016
659.862305
1011.890137
1203.511597
-639.269653
-681.918945
1277.874023
2927.214844
1653.231934
1350.176880
771.273315
-735.969727
-975.815552
-715.996582
-648.335938
-336.276978
-452.736816
204.562012
-302.296143
-324.246582
1130.361328
2261.666016
-1112.968750
-2435.990234
-3130.741211
-951.008789
-137.881836
405.731445
380.478699
665.993164
-64.655273
1054.839844
5159.544922
911.983643
-1496.013916
-879.912598
-533.573975
794.142334
1453.155029
328.769043
-230.412109
950.873535
-501.368164
2594.040527
444.762695
-1103.804565
48.979980
420.183594
-178.884888
1645.121704
1250.803467
1400.600830
1409.148926
-2023.863281
-105.649902
2192.294434
1150.118652
-479.294922
-610.522949
-271.562500
346.542480
308.228516
126.224121
-1156.525391
-2647.597900
-388.876953
1961.218750
1970.239258
163.248047
-1520.383301
-1658.258789
558.988098
3005.234863
1405.994629
-271.625977
-580.094543
484.505371
921.687256
167.518555
739.544922
1184.475464
-380.014343
-1574.396484
-117.293945
-4608.557617
997.889648
101.122559
-1388.830566
-736.178711
725.480225
-836.833740
-1025.208252
247.843750
1024.928833
369.940674
-801.479492
-572.568848
-273.604980
-1195.547363
348.564453
296.475464
-374.853027
-236.303955
-989.411133
-693.092285
189.109375
-1914.452393
-1518.192627
1302.386719
967.363281
2225.755859
-69.730957
-707.178345
-1814.937988
-778.683594
-616.842712
537.415649
915.611694
-401.657227
466.762695
-811.152588
-404.364746
1276.590332
533.869873
1142.344727
-941.120117
-4025.664062
-1224.883789
915.933594
1853.174927
1605.836426
-389.193359
617.860107
499.158752
131.834473
1278.523438
2407.674805
1065.759277
-500.998657
-514.484863
1268.614990
-703.205811
-1710.399658
-97.980011
-472.973389
-270.305664
354.754150
-1143.306641
-650.606323
-702.865967
-106.875977
588.363647
-438.937500
-523.209717
-40.325928
709.978760
1560.481689
1623.733154
-132.020508
-967.615723
-1074.929199
-2218.125000
-2337.638916
-442.285645
132.374512
1101.012451
356.196045
-89.907715
-1678.545410
-1872.427856
280.322266
980.266602
343.531494
1402.375488
673.798706
-856.343750
2054.048584
2317.743652
685.281250
1255.051514
784.378418
-240.495483
-536.012695
-724.225342
109.056396
745.434204
-836.988892
-768.180115
214.601807
-726.620056
-649.141113
-392.222168
-1386.008301
-985.976013
-1415.361206
-58.046875
908.756104
-330.053589
772.773682
1919.231934
-680.326782
-1340.349487
121.497559
-476.962402
229.419434
864.318115
-92.852051
-663.655273
-268.711792
-726.878174
-18.646484
407.946808
-992.118896
-1243.317383
-1181.683594
-3695.707031
-4184.017578
-2821.473633
-1157.578125
-571.889160
152.489777
-875.923340
-850.327148
354.769043
-656.836426
-562.945801
-315.087891
-1069.816650
465.338989
1698.338867
938.819336
2895.511719
3734.709961
2699.135498
1097.758789
-61.116867
506.089966
1043.562622
601.960022
-121.837402
99.897461
-238.455811
-320.234863
1294.092407
690.088989
868.117554
1847.354736
-259.909424
-219.547363
-627.090820
-1141.844604
569.651245
1193.010010
282.978394
-1192.084473
-258.710510
-105.679688
-126.827148
1348.751953
569.195068
-532.334961
385.795898
1510.269043
2869.334961
1318.958496
489.531738
858.788086
-202.902344
-2488.423828
1617.031250
485.231689
-271.721680
-378.938477
200.269653
-197.233887
207.974121
1227.042969
-98.335693
-226.800293
652.446289
98.073120
-321.618408
120.980957
-268.225952
38.424500
4344.280762
3443.653809
-33.011230
184.262451
-623.178711
-1740.163574
131.090820
697.492065
-496.145508
-946.471191
1236.936523
752.563721
-469.955566
192.798340
903.684570
371.131104
-587.943848
-412.107788
126.007568
569.631836
494.944092
213.323730
39.132324
587.632812
-816.259521
-104.203857
-1133.283936
-2002.456543
-2561.265137
-279.963867
-1493.301758
-188.331543
536.978027
84.897949
-147.238281
-368.132080
-24.909180
-490.874756
156.495117
450.698059
-1100.491699
-266.116211
614.919678
-15.731445
-288.917969
-97.534058
-412.718994
-2641.463867
-2857.421875
342.056152
5164.142090
9360.613281
6613.932617
1138.415161
492.624512
1269.034180
772.440430
-811.923340
73.561768
1051.699951
-784.704346
-1322.040894
409.573242
-75.496094
804.802734
1509.816895
1318.401855
-295.612305
216.728516
161.939941
767.706421
-812.581299
99.513184
-241.057617
-1375.537109
-557.883057
-48.776367
213.122559
453.779297
420.868835
-536.481995
-1249.096680
317.549561
756.094238
277.382324
313.728516
-740.157471
-1294.923340
-1249.391113
-723.043945
490.821289
-446.569824
-502.857849
911.384155
157.324585
-424.670898
-159.609375
521.753906
-312.967041
-1580.208862
-274.995422
-482.191620
1660.892578
2477.881348
190.875870
-444.197266
243.673828
-416.038330
367.351440
-95.482910
577.832520
-698.246704
-747.853516
-669.045898
233.000732
3.468750
10.622559
-649.093750
607.853027
515.074219
-384.476807
644.812012
857.582947
-260.355682
525.631592
936.614502
804.688416
593.991821
118.056641
-1345.167480
-1873.386719
-630.506836
-39.374023
-1049.956787
-491.941895
345.102783
-102.702637
47.931396
-584.345093
-457.068726
1197.715210
736.245117
195.299072
2030.913086
1622.399902
61.496216
-45.191650
-587.375488
2475.948730
7705.480957
5545.913086
203.638733
-1098.156250
-690.496338
22.908081
-177.798828
-647.340454
-686.838867
-1575.257812
-46.857834
1146.500977
2377.554688
501.919434
78.033203
962.340332
-604.296509
-845.012329
378.306885
-2076.609375
-1235.573242
76.008301
337.727051
1071.579102
1047.454590
-144.563477
-1749.193359
-2278.279785
-2239.832520
-2482.897461
-1537.014160
-297.319580
-228.162109
-190.028320
448.653320
-579.579590
385.502441
3721.520020
3576.703857
2308.705078
1112.060547
27.272217
-136.815918
-73.199219
-320.312012
879.358887
-41.511230
1956.037109
-1082.041016
-3541.009277
-3306.990967
-1803.415527
204.673340
108.451172
-163.854980
-64.559570
757.765625
251.623535
-444.828613
-132.083862
-936.608154
-2065.772461
-1089.224121
-1318.476562
-647.930664
-363.936035
-279.775330
1189.898926
-427.881592
-50.252563
1000.873047
137.635254
1316.575439
343.175293
-1543.274902
-839.857788
152.956787
-392.742676
1034.623047
1629.275391
4571.033203
2547.837891
1987.181396
512.384216
-2275.157227
-4643.787598
-884.447510
1147.321289
-449.620361
580.391113
1337.828125
-112.711426
-1389.326172
-1091.753418
158.577393
-366.540527
-535.783203
-619.613281
400.946289
621.477051
714.917480
265.612305
9.340088
-278.206543
-568.123047
-298.353271
-642.876709
-920.966309
-619.300110
-10.937622
-1116.524536
-1118.765625
-1861.146240
-1578.640625
-37.674805
1375.345703
1862.619141
-25.427734
-62.758484
5.076660
266.311523
167.665039
-1056.656372
-81.731445
1338.318848
-2.146729
-845.342285
-121.117569
-443.292053
-1385.100098
-1712.485840
667.800171
543.912720
-1806.493774
-223.915527
1341.247314
458.187500
-1036.640137
338.063477
939.142578
-1713.109375
-1251.584473
938.073486
787.314453
-721.662354
-82.423340
-1251.677734
-3041.850586
-3460.494141
-6494.124512
-726.802734
1360.902832
276.244019
-221.834229
613.396973
-142.078125
-330.078613
2509.176758
2374.639893
588.780396
-50.975098
1112.773926
-258.245605
-180.841949
1.318359
-2570.172363
-1085.342041
1620.255249
29.450439
-544.724854
764.782104
461.108887
978.514648
2580.367188
-1320.749023
-983.062012
-462.852051
-245.917480
209.106873
-14.201263
-284.537109
121.310059
917.900879
-241.740723
-308.524506
225.593262
-320.000488
397.972656
-2992.819336
-2830.156738
-287.307129
843.830078
-222.321289
-286.481079
-435.033691
89.590332
-310.315308
-340.483398
592.859375
-1218.543701
-1120.324707
-634.608643
-88.609863
3232.286133
1253.582031
882.401855
-838.901367
-2020.000977
394.746094
1176.838379
3470.983643
5180.958008
1446.492676
-257.231201
-514.419189
-4242.931152
-4616.775879
-831.286865
1123.925781
-535.077637
-414.067383
612.953125
-1116.308594
-7.377930
312.534180
-782.913818
414.192383
1961.073975
1688.904297
1229.259766
1266.776367
524.910645
-347.834229
-671.558228
471.842041
1109.711670
629.172852
266.831787
246.375977
1084.594727
-138.083984
-3036.903564
-3238.140625
292.155273
-763.576172
300.889648
452.548828
-2512.482422
-1394.795166
315.064697
-757.076904
-417.396942
1007.208984
-84.496582
-114.680908
2833.626953
4426.474609
2790.532227
652.203003
-460.030640
-352.934082
-831.077148
-477.707520
215.157349
-371.642090
733.091431
429.171875
135.863281
-330.813477
-1005.522156
-203.423340
422.837402
-1243.741333
-724.287842
-359.640137
356.266602
638.399902
413.786377
-550.204590
-1998.297485
-1370.097656
-63.025391
-616.116943
-710.777710
492.230835
-230.472900
-657.234375
710.377441
1171.452393
-519.900391
-271.603516
576.500610
-244.567139
437.339844
1701.655518
-793.564697
-588.466797
443.499023
530.272949
1416.738281
-798.162109
172.194336
-890.897217
-2796.092529
-1134.951172
46.008255
353.638184
1015.702148
1472.357422
881.114746
-916.601685
106.808838
1699.155518
655.547607
-1286.697998
434.405273
1342.036133
396.933594
132.259766
1195.637451
562.386353
-2842.832764
-3199.033203
149.060547
565.979004
-251.631836
-1652.906494
-573.524475
128.475464
-588.671509
579.171143
723.429688
-1053.111572
-261.608643
767.791992
1736.855225
1036.982422
-115.191895
-155.528320
-259.714844
-1370.324219
268.989990
654.559570
-73.251221
466.906250
257.433594
-666.761230
-689.184082
-186.589600
-1118.100586
-232.035156
-842.736328
-207.799561
1296.376953
2092.907715
-1078.192139
-1267.517578
-1146.660645
-2102.361816
-197.011230
437.401306
-528.362305
-312.283203
248.585449
868.830872
1112.483398
1417.054810
790.526367
259.758789
176.853027
-459.323792
117.804688
-176.857834
-891.928345
-460.616516
-534.065430
-440.812500
-355.308594
-437.693481
-1148.139648
181.348877
341.366699
-182.753906
-1080.871826
-41.385010
1188.053223
182.335938
-436.548096
-680.664062
-1430.870117
-84.216553
369.166992
-867.735352
-236.515137
-378.642578
127.152344
334.261719
-1254.714600
-336.446472
240.812988
-647.209961
-428.640869
-263.206055
639.501465
136.474670
-1291.651367
-808.014648
1993.846191
6982.827148
7776.719727
3498.685547
1001.148071
-215.716797
-1379.081055
-1314.060547
-2214.497070
-893.944336
413.983398
2156.288574
2485.658203
482.647705
-926.906982
900.698242
1695.465576
463.265869
1756.685913
1167.201782
-608.242249
483.057373
1341.494629
2058.561523
-709.798828
-333.136719
2458.418457
3258.320312
1396.646484
841.867188
2108.744141
-535.971680
765.411377
-458.478271
-343.315887
781.421875
3743.760742
4396.406250
1652.860107
-1177.558594
-471.248047
1753.243164
643.753906
-691.139648
-754.397461
-1310.855469
-393.264648
-2138.975586
-784.307617
165.421387
-1577.833984
-351.427734
1016.900391
-710.520508
-1152.153076
-654.897461
-668.027100
1639.358032
-197.022461
193.562012
206.019043
-362.574219
1454.421387
864.364258
1130.052246
763.858032
428.261108
-718.648438
217.429688
1125.164062
1674.926270
311.149902
717.426758
207.311523
155.034180
587.174316
414.586914
-811.594238
-10.153320
-191.488770
51.915283
-1209.817871
-1882.740234
-2441.347412
351.577881
1409.372070
784.988770
1215.317871
-638.686035
407.353027
620.176025
581.814941
347.940918
-396.857849
1183.893799
629.159668
-28.988525
-1168.396240
-1604.102661
-497.197754
428.031250
396.250977
50.780762
538.895020
404.625977
1400.248047
1160.256836
-767.492188
-1177.938232
110.836914
1113.635742
316.329590
1029.066406
-143.654053
-19.995850
474.776001
396.264648
807.818848
1898.500000
1574.667480
-440.955322
-1347.043457
130.714844
109.543945
-367.494873
2158.668945
781.713867
-1246.864746
-1559.187256
-1165.668945
-821.450684
867.958008
-342.154785
-226.527954
611.242188
-1588.633789
453.922852
448.526337
459.134277
-141.809082
53.557938
-1941.620850
-1249.393555
405.625488
-130.166992
803.791931
-234.959717
-1648.355957
-813.466309
-1019.595703
-60.175781
213.178223
144.710449
-391.644043
81.588074
997.792358
376.793945
195.116699
520.912109
441.649170
328.776611
-165.524902
-758.749023
405.778320
176.328125
-30.276855
1096.648438
1231.641602
523.060791
-184.432251
-859.456299
783.271973
1794.412109
-163.487305
-1605.496704
-990.524536
121.958496
983.466797
633.020508
-2673.658203
-615.102051
-472.989502
991.198242
1440.684082
-239.785400
-683.758423
689.135620
-297.480469
-523.801758
825.038574
996.111328
856.854492
1092.460938
636.458496
207.937744
-656.137024
690.452637
997.664917
-84.853943
491.213135
-463.181641
-907.072266
-811.111328
770.792969
508.501953
513.145508
256.019043
3603.614258
5639.289062
2412.136475
97.720215
-883.403809
1535.778320
2930.516113
305.081177
-1124.332031
-157.163086
525.633057
1051.499023
-1214.075195
-176.163086
494.298828
1642.781006
1285.799805
486.635986
-1039.683960
-1861.585693
-484.705261
2217.600830
2162.897217
-1030.010254
-7007.075195
-8799.054688
-1713.754395
551.066650
670.277832
564.284180
-175.608887
-1356.083008
52.112305
87.165771
863.538879
-459.104980
-1335.634521
428.122070
1096.049805
-845.327148
334.051758
-987.640381
75.809570
972.608887
691.479980
789.729858
49.111259
-496.942993
-1313.418213
-658.735596
-901.922974
-405.246094
1064.484863
110.001892
-398.119873
719.208496
-279.389648
-1061.239014
1031.235352
-191.154297
-813.198242
-504.800781
1167.533447
148.418701
167.915527
74.256348
-524.323730
-338.864746
444.467285
31.441406
-885.694336
-601.861938
671.606445
1429.335938
733.991699
103.200684
260.473633
1113.949219
253.548340
-268.681366
-1566.033691
-2445.884766
-238.728760
-1110.362793
-2421.865723
-872.896484
20.899414
3100.893555
5563.978516
285.014648
-253.464111
-7.524536
-693.587280
-849.259399
-478.957764
55.331543
793.487793
-804.720703
309.144531
-1343.107910
-3301.302246
-2404.282959
-827.189697
-143.462219
2859.481689
870.958984
259.704102
561.798340
-888.217773
968.603516
55.551514
51.696533
-659.714905
-1993.515137
-281.896729
1334.488525
176.574219
-190.844482
-2963.979980
-1137.739258
-1021.524536
361.142151
1792.377319
1842.078369
1311.399414
489.374512
-334.343567
-695.293457
-1093.451416
-113.095215
1177.278931
-237.470703
385.733154
921.470947
2133.809082
4376.846191
1947.824219
-1049.919434
958.793701
291.317322
-689.182495
-2205.020020
-1344.313721
957.268860
-316.214539
253.019043
985.421387
-719.911072
-340.995117
-206.232422
149.718750
338.921753
-790.248718
-1755.075195
-2371.700195
-968.180664
-388.646484
-1030.611206
122.473389
-351.675903
172.603760
925.044189
272.999756
1556.420898
495.602264
-1107.334229
-812.235962
-304.304199
58.555176
66.269653
-345.041504
-581.088867
586.036377
2398.249023
3855.817871
2049.452393
-233.871399
-1330.514404
-581.910645
-250.838623
-611.568909
-179.466797
747.725769
1013.709961
-51.342285
-706.351440
-382.269531
-195.983887
44.168945
-493.211578
376.866943
1355.233398
7.096191
-645.047119
-414.332520
650.576660
1048.211548
-1132.834961
-903.335693
-262.272949
746.615723
358.846191
-320.134277
379.334808
726.057617
115.605469
-15.413330
176.507080
565.439209
-294.206055
-413.883789
20.065430
582.720215
578.141113
-630.403320
-2060.864990
-4768.716797
-4262.072266
-1092.152344
-215.785400
-0.845428
360.683716
-678.780640
-538.760010
41.635010
-264.618164
-142.573242
3.308594
-604.923340
899.973877
1662.300781
1544.886230
337.762878
-120.490723
-299.503418
-410.485596
1177.601562
2338.952148
911.937500
-354.939758
1711.441406
32.134766
-1012.013672
317.530762
1006.639160
-395.260742
148.647461
-840.160156
-4422.103516
-3932.611084
-1036.079834
1200.640625
1659.731445
2101.752930
-1225.797607
-3607.586426
-2489.772705
327.453125
-159.244629
-571.059570
566.151367
-726.073242
167.012207
-42.736328
-417.958496
478.344727
-37.644531
-1426.540039
-1233.987549
-279.144043
2353.242676
1233.191895
-1665.614624
-1450.422852
-3624.564697
1263.229736
-554.697754
-979.522156
1579.186768
-159.193848
581.160156
287.292969
454.431885
-842.181152
-484.861328
-419.429932
900.474609
244.367676
768.070557
1166.307861
-466.601074
-539.187500
-1178.790649
204.021866
687.142151
-877.933594
-1109.685547
-79.382080
-381.218994
-143.287842
-2393.606934
228.130859
-608.458008
-746.995605
716.757812
342.099121
-1322.390869
2305.508789
1054.855957
760.651855
-996.113281
-53.197754
-680.235840
938.674316
-226.105347
1657.291504
2569.017578
8572.895508
5595.054199
1193.408203
-476.974548
101.723145
1959.521484
1924.598145
454.868896
-220.857803
-2330.615723
79.644043
1310.223145
5033.393555
1999.725586
-318.942383
-98.347412
1639.016724
-1072.929565
161.564941
97.730469
-1609.681641
227.265259
-167.752441
-806.778076
337.941895
1426.006836
523.292969
-940.448975
-183.965088
1122.022217
-1539.437500
-3111.596680
-1054.602539
94.255371
-572.262939
2443.349609
2588.162109
763.681152
1526.392578
5351.516113
2264.952148
-924.195557
-352.208679
-1202.698975
-784.148438
902.359253
-538.162598
-588.952148
947.857422
1055.817383
1989.838867
1619.518066
726.047852
239.984863
1532.995117
730.142151
792.142151
-1094.409668
-2320.524902
-1055.392578
393.168945
85.946289
477.991211
-62.234375
-57.665527
-442.739258
278.653076
-565.524536
381.955872
764.171265
-1772.045410
79.839844
-68.574463
-1156.063232
590.484863
178.480713
-45.555664
565.920898
-470.115234
-238.919189
213.778320
45.700195
1522.542480
-1589.613525
-335.379822
-335.813477
757.755859
756.834351
577.851318
-810.639160
-424.839355
990.539429
1959.761475
-97.861328
-954.706970
-513.101624
165.488770
1794.018555
986.634277
-1582.525513
29.066895
1426.316162
1058.254395
1001.426025
973.581848
379.928589
-1521.132568
-2506.175293
-1520.742188
625.344727
1308.893188
663.888672
946.191406
1673.312500
1109.026367
-955.043213
-1060.674072
376.243408
893.915039
1523.785645
1355.789795
593.582031
-271.458008
1386.871094
-282.404297
151.628174
697.200684
14.367798
4.335938
242.079102
-110.301758
340.984009
943.233887
70.336914
-972.311829
-299.614746
-183.753418
-1449.865234
-1836.977295
-259.339844
290.411133
704.106934
-881.006348
-2565.385254
275.115723
-305.535400
-1658.837402
-1736.848145
-176.280518
535.635742
1288.038086
2719.398926
-638.726807
2748.143066
2029.168213
-22.910034
-1471.539917
866.944092
1187.729126
779.922363
-241.825439
-542.374268
-428.729492
-878.695801
-958.532959
-1409.240356
-782.032715
-959.968750
-4082.860352
-3058.823486
394.353516
843.373535
482.134766
-191.564941
455.512939
1643.063110
-337.322052
-1387.624512
-360.168213
184.587036
664.956055
660.131348
585.695312
-416.381836
-452.641602
719.836548
1390.064453
674.354248
-667.374268
163.177368
2154.563965
1099.224121
409.627686
-1749.537354
-3593.649902
-1111.190430
155.563477
673.143188
793.591797
225.474609
-751.204590
-253.134705
456.372437
10.988281
-463.453125
-846.099854
403.316772
1646.269531
-445.945190
-1496.445435
-677.681152
-194.055664
1238.048340
-1729.391357
363.204102
-493.255859
-107.940430
1462.057739
1373.864746
189.547363
1107.388672
1187.213867
757.329102
421.818115
435.683105
119.182617
-1010.068909
180.425781
297.494629
516.665100
-333.959961
225.403076
970.255005
-51.322754
1141.820557
-3623.567871
-2422.085938
-301.623047
-18.756104
923.350098
2361.285645
2351.016113
-54.871338
-238.282715
-1322.610352
-471.178711
58.215820
-151.429688
-334.432617
1144.130127
899.652832
964.668945
538.525879
-418.857422
54.299561
-1168.552490
-375.524536
-99.943848
-1284.960083
-1074.666260
-606.833984
2396.488281
1526.949951
-1209.874023
-2183.211426
-849.381714
1206.960938
-1273.975586
-855.567383
-5777.855469
-7778.587402
-5664.647949
-531.835205
582.528076
1044.469238
-6.676758
2407.693359
3531.315430
1376.450806
-55.743652
-570.997070
-125.738281
584.031128
24.792480
-1332.366211
564.293945
-138.765381
-211.102051
1291.772217
257.704651
-2003.603271
746.424561
-504.553467
-1092.988281
-508.921387
-735.693359
-404.975952
-788.703125
-1062.063965
-842.799561
-1165.707642
214.436523
909.401855
-558.982422
-934.683838
163.274902
2135.747070
890.962646
-110.295654
174.005981
341.742157
1247.839355
1889.754883
2792.876953
996.947266
610.971680
1306.540649
1427.778076
641.649414
12.780273
1014.670898
350.449707
671.617432
-532.683899
94.408081
16.154297
-607.567871
536.885010
-980.616272
-646.796631
770.133301
-486.486877
-1130.786743
-551.035645
955.960938
1998.130615
51.668579
-543.854980
-235.661621
-845.149414
-1077.883789
44.939331
762.142151
-227.947754
-962.965820
-555.065918
327.171875
-160.270020
544.350342
49.745117
397.631470
2982.310547
2740.661621
-231.661865
-1918.301636
-1207.023438
-1279.650391
34.839111
239.797119
-281.366638
974.478027
1328.766357
-88.140137
-4007.695801
-5125.693848
-1081.404297
1480.154053
-383.730408
767.065918
-1570.410156
-3112.895996
649.829956
1079.102783
-420.315796
208.561035
-415.606201
-768.325317
156.635010
-443.704712
-1077.839111
-303.956024
-260.003662
-37.540527
1053.323730
104.265625
-1205.048828
119.476074
941.996582
2219.857422
586.578125
-1357.340210
610.668335
3578.664551
2647.557617
-364.360596
1019.217773
1474.462891
630.021240
326.022461
-49.620117
-1974.581055
-30.877930
1280.873779
1449.727051
840.252686
-476.309082
582.760498
-486.664307
-907.990356
503.464844
221.960938
5.782715
-500.945435
-759.180664
473.732300
1049.775879
349.305664
1279.466797
2599.620361
1089.113281
-489.989410
-7.513550
-67.023438
-703.195435
321.261719
4188.067383
1049.878906
-2239.768066
-21.070801
12.500488
-150.432861
571.272949
319.702148
-237.185547
-37.115601
46.142166
40.527588
685.796387
122.260986
-832.697510
-1219.524536
-1318.183716
-811.438232
41.331055
638.933350
856.329346
345.450195
-1276.822754
-397.310059
900.638855
33.752930
2282.721680
2508.877930
1721.645508
65.714844
-892.579590
-62.606445
1352.624023
-504.736328
-477.290527
-2477.723877
-2968.434570
-1243.178955
22.544312
1875.667969
108.112305
-4996.762695
-9494.766602
-7024.341797
-2135.952148
867.480225
893.346191
1517.689209
-947.730896
-1111.844238
75.192139
-385.297852
722.417480
778.683960
-614.501953
-893.482422
54.719238
966.234070
1105.917603
1048.750122
441.492584
-1054.774414
-142.636108
-499.105591
-2861.255127
-602.967712
787.606934
641.698486
756.183350
-897.447144
-509.103027
-563.319824
-237.737793
824.406799
-207.866211
-999.231445
1259.462646
-329.532990
-4518.759766
-3187.438721
-487.112854
421.416748
1058.721191
535.068848
-1977.805664
-1065.172852
115.294189
-337.552673
-88.774658
149.517090
-103.740234
-77.923828
-192.800781
18.220215
558.993652
1312.034180
-460.603027
-880.712524
248.754913
-354.996826
1878.833984
5852.648926
4945.424805
2601.654297
-355.661987
-1231.062622
-1120.751587
-1391.832031
-584.436035
785.715088
-841.555115
-200.191650
1782.399658
2351.170898
1487.957031
531.563477
161.990723
-567.263428
900.213623
-219.240967
-2046.164062
-235.400604
735.875488
412.454468
968.654541
342.164062
1274.653076
1468.536255
-994.640015
316.441925
-1235.053223
-945.351562
960.485352
533.194336
-343.757996
-623.901855
543.866699
442.060547
-382.099121
305.637451
-1831.254883
-1279.950195
-544.195068
2977.657959
4979.481934
4443.007812
768.374329
-1041.755615
256.983887
1436.214844
-725.624268
-271.339355
-271.697266
172.034180
973.743164
289.955078
-1682.918945
986.864014
-807.333008
758.511719
-194.813477
1319.609375
-373.812500
-658.419922
-57.001953
62.652344
188.943848
-658.755737
139.044922
482.820312
455.683594
-157.141479
-169.860107
-661.429443
-1489.333008
-218.430176
-708.341675
739.967773
1275.080078
-790.408325
47.476074
798.438721
885.024536
-1129.398682
1190.479736
2010.718750
-492.274414
-484.419128
139.138916
63.388184
-953.929688
-209.176758
1342.675781
-381.073242
-947.420898
1035.121948
-49.857819
1469.392090
62.681641
411.101562
590.616150
-220.663574
2073.179688
475.052734
206.181641
1309.772461
803.643066
-1416.700195
-2589.065430
-1720.551270
-371.411133
877.589844
141.476807
1118.261230
2288.434326
1175.607422
-739.630859
-2539.863770
-2917.015137
-120.365234
1116.299316
2405.064453
1957.539795
-1598.976074
-2409.666016
-2258.360840
-619.243652
767.574463
1023.488281
-221.554688
-117.242828
787.896729
874.887207
1053.266357
1109.670410
534.980469
22.628418
-348.521973
-508.157349
-528.484863
-101.479980
-695.858643
-593.847900
234.142166
-1426.191528
1554.535645
-52.459694
-364.569580
951.155762
-510.139160
-877.846680
-564.272583
1977.653320
2686.872070
631.922852
-695.892822
-619.546875
-379.066406
274.751953
60.777832
-29.187500
-552.157471
835.243530
-219.865173
-308.916199
488.900787
-1135.604614
-208.739258
1173.049927
356.752197
-356.904053
286.991699
1197.495117
501.467773
-261.051758
650.363770
-116.890015
-803.036987
-268.988281
-150.442383
-2141.898438
-1933.893555
-992.007019
288.152344
443.788574
-632.913818
-545.299866
934.731445
491.155029
-21.011719
-100.589844
152.888672
80.374023
64.986244
-276.361084
516.687134
366.441406
950.836426
2471.295166
3876.912598
4728.487305
3596.721680
2075.774414
2298.481445
53.061279
-2048.997803
-1265.448242
977.287598
1603.069336
1885.131836
539.631836
-140.531006
-1766.665039
-235.306641
-914.790039
284.458740
-1076.758301
-18.830566
885.659424
-82.077148
-1572.333252
-1199.836060
-1159.386108
-698.964966
407.901123
-16.336914
-546.832031
-203.229492
-2710.570312
96.807617
1245.790039
120.916504
1393.020508
511.417969
-2575.437500
-2139.785156
-1844.090088
-2759.857666
-1044.524536
-209.181152
-356.742432
-1115.522339
337.821045
1801.041016
-1318.945801
-27.571777
-391.440918
313.660645
803.812744
-31.784668
-1024.623047
156.906006
1317.240723
693.343018
129.985352
-961.857849
-403.533936
990.695557
107.247559
900.509766
588.416016
742.935425
1396.369995
641.586914
-584.352295
-713.005859
-100.663330
1391.985596
1088.480835
97.256836
-515.138184
826.939453
-1180.674805
-1632.790039
176.507324
-690.622803
-648.473145
172.645996
-2915.701660
-3552.570312
-2367.112793
-1467.685059
276.168457
-173.857803
-2180.351562
-5922.825195
-5999.036133
-2817.543945
435.101868
320.405029
-1183.074219
984.845703
1440.089355
213.475464
595.103027
516.378418
-980.372925
-511.141602
608.689453
403.952637
-206.180908
-244.777832
-28.175293
515.956055
-1465.458984
-913.749023
-704.883789
534.723633
390.123535
1857.078613
4504.983398
1906.296875
-10.888672
31.619873
48.642578
-678.427246
241.618652
985.104492
350.865234
1828.602661
1092.137451
-130.715088
-2104.017578
-1233.586182
-251.575195
346.084473
-60.250031
-72.890137
1144.877808
895.490234
-199.186035
557.913086
839.339783
992.967224
1088.638184
691.526855
-59.192871
1754.981445
220.185791
511.747559
823.809570
-346.301636
-600.861328
135.529297
49.118652
2.427490
-1030.854492
30.016235
-587.524536
-1947.729980
655.635620
506.755981
1261.096191
1800.220215
-635.363281
-1036.021729
-132.530762
-1351.088623
-539.180176
1436.617798
1435.465088
2002.567627
6533.994629
7881.843750
3637.575195
295.962402
-62.140701
1639.009277
-365.294678
-2925.047852
-1361.255371
216.637207
179.654053
-302.432861
-358.739868
159.583496
1360.056274
2143.215820
978.640625
1373.687988
-309.193848
-1736.509766
-326.090088
1556.593262
-289.486572
-1375.429199
-181.481079
689.290466
-226.809326
685.281006
-87.437378
-144.429199
-606.688477
-2060.889160
-568.866150
363.487061
-432.100098
871.629639
832.649658
-210.175781
-3047.894043
-3584.695068
-63.491455
1168.282715
1933.126953
1620.632812
-679.114502
-120.487915
-404.405762
701.287598
-233.248291
-1539.580566
792.202148
488.641113
147.507812
1132.777832
941.336914
-186.641113
-677.801758
270.162109
-199.828125
-541.080566
-796.914307
-783.954956
285.984985
-904.359375
-5215.029297
-4162.832520
294.153168
726.064697
1309.292480
452.754761
-1129.483887
-758.670044
576.156433
3129.401367
1522.018921
-1147.243164
537.233459
1754.798340
451.717529
-185.237061
-189.268799
-77.766113
-298.573730
-452.822357
12.729980
-486.387207
-738.411743
265.423828
1327.578613
-25.223145
366.149902
354.578125
761.244873
347.237793
-1326.333130
-1206.382080
252.620605
391.583862
-349.239746
123.342285
674.815918
865.156067
1073.144043
-89.167236
-215.399658
-819.354980
-708.160645
-408.672852
-48.656494
-39.855225
-2013.469727
-1622.636719
3409.025391
-52.539062
-34.103027
477.274780
-22.502075
2682.015625
1938.563477
-206.814453
-3045.586426
-3928.460205
-2137.482910
-535.367676
394.734253
240.944336
-99.307373
-378.966187
-506.934570
-611.892822
-213.499359
387.153259
1060.586426
417.769531
739.002441
1219.217773
646.468750
1017.682556
1199.538818
506.475342
-64.078125
16.579102
-1612.240723
-1187.314453
821.244141
-572.502441
519.049561
1453.891602
1055.120117
1442.085938
232.391602
965.509460
1006.234253
-1012.876953
-1778.524414
-1528.076416
-344.933105
-506.594238
625.014160
-399.537109
560.954590
7.475464
1241.375122
871.865234
864.096313
973.254089
-1581.619385
-1574.044434
486.294922
212.267578
527.064087
-369.821655
-1353.781738
-1462.988403
-365.537598
1090.295410
1463.501465
-345.716309
-638.542236
-629.688965
-866.111023
663.890869
1375.697632
-836.789551
-1544.561523
-34.964844
160.621582
544.722168
153.197266
-46.950104
-395.754883
-643.435547
489.838623
1098.637329
2353.785156
2657.661621
-198.574707
-4614.279297
-6086.087891
-3093.489258
1431.631836
-837.767578
86.513184
-64.664551
895.998291
959.913757
1033.396484
742.070312
416.185547
49.592773
986.115723
2958.295654
4069.292480
323.446289
328.257324
-1885.307617
-1083.170898
1251.551758
522.505127
166.481445
753.343750
-2874.950195
-1848.965332
-418.243164
-502.748047
1949.382812
3145.730469
-424.733398
899.774231
2342.079102
-656.577271
-577.316406
370.609375
1136.402344
305.080078
-231.197754
152.403320
683.415039
-183.774780
-214.091309
194.666626
-1186.679199
291.105469
3072.714844
2408.694336
978.781250
-1294.386719
-1666.449707
-1183.240967
920.285645
239.057129
446.460205
-1303.010010
-438.895996
1013.423828
-1447.033203
-796.633789
456.631836
-694.259460
294.708008
-290.225586
-365.395996
234.429199
579.675781
995.699707
279.333984
-978.150879
996.895752
536.686646
407.715576
-198.854736
-32.587524
-76.085938
-1896.453857
-1692.261230
-1434.249023
-911.560547
-1049.487793
-1520.172852
-1371.550171
-792.843262
342.178711
699.223389
1243.065918
46.958984
981.414734
100.230469
-845.663574
78.024414
-819.712524
-636.380127
1138.583008
651.968018
216.486572
-116.239746
1149.692383
1116.415039
2406.574219
2237.189209
1784.139648
-477.096191
-688.570190
339.457764
-968.679688
159.345947
1734.116699
1049.609131
650.735962
336.626709
382.672852
1351.642822
695.417969
-732.472656
830.613281
1663.228027
1822.931152
-148.994141
-570.890381
1238.555176
1444.235840
1038.189575
1134.056152
275.674805
-387.905762
-686.700928
-212.078247
798.915527
-4602.708008
-9447.123047
-4279.120605
927.835938
996.200928
-911.157593
-464.696503
3.729492
832.653320
1296.009766
-1523.051758
-989.750000
-433.594727
-201.382324
-759.949951
-520.527100
-803.715820
1283.362061
5441.695312
6441.404297
940.453613
-925.632324
-29.562012
136.134277
177.256348
55.461914
-1370.674194
-872.690430
274.589844
516.614624
1092.905396
-670.941650
137.710205
593.707153
60.793701
729.475464
-1976.696655
-4902.394043
-1214.230957
2718.219238
2982.274658
390.893555
-954.093506
143.043457
-740.655762
-1127.669922
284.022949
-1229.600952
-1392.622559
388.075684
2173.767090
2588.851074
-181.084961
-786.305664
-1738.642700
-162.808838
258.437012
-1093.745972
-233.432861
1488.274414
1547.003174
1104.577148
-100.911133
1786.922852
-358.772949
-584.062500
-115.483398
-2042.029297
-641.474121
-350.334534
395.476440
3674.923340
1133.889648
-765.466064
-487.966553
-2309.653809
-1792.497803
914.475464
348.717285
224.132324
557.698730
801.949951
610.307373
418.131714
596.467285
101.391602
1711.380127
1158.375488
294.479492
-1062.251953
-259.938477
-22.950195
3136.201660
3229.350830
303.077637
366.652466
123.627441
-1356.424316
-479.223633
-1048.332031
-9.193176
2172.272217
1429.761353
613.834473
-812.769531
-751.695312
-1590.857666
-277.121094
-14.191650
550.073730
326.969971
367.486328
409.274780
912.698608
499.768799
-82.678711
1119.454102
1586.169922
933.786133
827.935059
520.958618
96.451660
-631.052734
1054.320312
-2736.881836
-920.470459
-402.450928
3701.564453
4820.575195
2245.736328
509.015137
-164.524536
-87.201660
-342.076660
-356.085938
-299.857849
963.406372
1142.947510
479.576538
501.611572
-1104.933594
-1129.863281
1126.735352
-409.663086
-1065.572266
243.009277
1173.875000
1232.064819
1149.088379
-333.849792
344.467957
-92.656738
-278.162598
744.522217
329.334961
1120.719727
162.841797
1165.105103
503.610840
353.678223
419.270752
-1482.329102
-644.501709
948.330322
-823.838379
-783.614258
-1396.187988
-1830.998047
-175.895508
1596.669922
3161.969727
67.790466
-141.608398
115.304199
2107.315918
4236.142090
2474.686768
-823.939209
-1283.150879
-432.841919
2473.721191
1951.060059
168.394531
-1684.863281
29.745117
2219.423828
1486.110352
-290.699219
-655.335449
459.646973
-1775.982178
-5284.939941
-3334.390625
-1428.112793
-858.294922
473.739258
-84.303711
-391.569336
640.047607
1212.284912
70.710449
-181.171387
209.605225
-181.505737
109.506836
-218.259277
678.584961
-232.500854
-1764.466553
-413.982666
-37.479248
482.735352
671.783020
-495.126251
-1751.226929
-1043.635498
-39.273438
596.357422
465.181641
188.448242
-401.189453
243.083008
593.163818
89.253418
1048.659668
1815.641357
292.683594
-1605.260254
-450.036621
756.046875
1483.424316
-329.012695
-4964.018066
-4209.355469
329.300171
3947.425537
5891.024902
4463.753906
1260.980957
3735.529785
3868.074219
1860.075195
-66.285645
8.443481
2355.276367
5844.669434
3752.886230
-2598.936035
-6661.168945
-4473.992188
158.339355
3435.141846
4846.427246
1624.592773
-913.241699
132.628906
1214.393555
2418.618164
44.566895
-228.485596
1000.433594
564.291016
764.888916
-21.284180
-390.100586
-780.288574
-1065.275879
-1285.963379
-827.512695
-1947.994629
-880.683594
66.055664
-45.417480
-173.812988
-555.178711
-434.947266
408.666504
-206.775391
211.766846
673.209106
-448.716797
-108.518066
116.950562
904.106384
-175.871307
399.469604
550.525391
-1107.168701
-1011.496399
-455.003906
1030.387207
947.308105
1143.380493
177.245193
-2115.278320
-1501.300781
144.956299
-539.190918
-115.556641
-489.755859
-398.752197
-115.424805
-345.863281
192.815186
-714.023682
-2952.874023
-311.538574
-964.943359
-218.782471
-2997.724609
-3339.048340
476.548340
1613.557617
1490.729370
-229.035156
-517.804199
108.466797
-888.192749
52.692383
623.964233
-37.791992
-1876.590332
-484.495117
2886.148926
2375.522461
25.498291
-1263.466553
-65.714722
680.555481
469.850098
344.290039
592.266235
-415.341797
-675.688721
1125.731201
-1455.947266
-5147.008789
-1866.070068
669.943359
-1570.995605
-185.662842
-1216.247559
-1601.086670
440.150085
1270.710938
2286.266357
1768.175537
-509.399170
-127.817871
1024.850586
-1089.452148
20.085449
682.213135
784.961914
575.184570
827.968384
-89.218262
-691.828613
1047.006226
-223.284912
1342.049316
2843.456055
-341.197754
147.913574
601.681152
-62.437500
1578.196289
-909.987793
-978.900635
215.708008
71.234009
1339.183716
1984.913818
552.166016
-1443.611328
-568.334961
-1496.556641
-1345.875000
729.480469
705.101318
684.573242
172.733398
-428.736328
481.222900
964.623779
766.472168
1918.475464
1245.908691
-149.091309
608.542480
563.509460
2.360840
-601.116211
444.710938
-381.910522
344.409180
784.928711
271.158203
440.615509
59.052734
-364.247559
294.247070
502.650391
-226.737061
1113.683350
1593.750732
-277.642090
-121.624512
300.485352
999.370117
1969.137207
-3.575500
35.421448
251.758179
-20.532104
941.361328
-959.391602
221.403809
1072.863403
-1019.142822
-1064.648926
110.901367
-662.602539
380.439453
699.546387
-198.387695
368.416504
-236.055664
-235.568359
201.222656
-867.925781
117.693359
-447.088379
-1041.394043
-2190.387695
158.749512
462.496338
-1333.396973
766.027344
-23.924072
317.192749
519.719482
-327.901123
1041.593018
3798.246582
3244.166992
67.046875
176.160156
-1214.069946
198.720703
493.828125
432.659668
557.371216
-240.725708
156.896484
2267.230957
1599.289062
365.387207
1225.021729
452.979004
11.425659
-1503.193115
-1453.134521
-59.648438
-115.168945
316.388672
-366.964417
-581.793945
-491.854004
-1339.330566
-568.579712
-1171.555298
-178.826416
781.921143
850.913086
2747.482666
349.434082
83.782349
-625.887939
-839.706055
1715.631348
1295.182617
-103.921997
-736.393311
276.300781
408.882080
-115.665833
-656.857300
275.509521
986.086182
938.421753
1597.421143
1194.475464
568.260010
124.016296
288.728516
73.149170
-353.374512
844.356689
175.311279
1205.955566
1481.187500
657.187988
-96.852051
720.670410
-1130.028809
-625.141113
278.108887
639.266602
192.434570
-104.883789
-22.720703
637.219727
-1639.723145
-2141.046875
-853.054199
707.668579
776.789673
1071.173828
749.860840
-699.501465
-1054.284424
-1367.799438
531.946167
-620.477051
-1788.623047
-639.773438
-253.965576
-815.569336
104.748016
-47.418945
-159.067383
417.826172
-204.595215
-514.397949
404.874512
140.844574
-1053.007324
802.588806
-2754.913574
-6836.717773
-3513.050781
-9.984375
-544.599121
473.659668
585.569397
70.150452
-318.530273
1677.152832
3082.302246
1785.505859
-326.060059
-812.887207
-337.307495
-646.390625
-247.213379
-1051.493408
-566.960999
1547.516113
-1757.755859
-2918.563721
-62.459045
1020.765381
453.844238
-327.805420
-1016.017578
94.356445
655.917969
-5.760010
1131.438965
881.447266
182.733887
-427.386230
2283.141846
1095.898193
-188.369995
-1069.826904
-1304.755127
1303.039062
1308.748047
-1028.483887
-397.961182
-1760.282227
-2728.993164
758.729980
423.231934
-204.123535
-575.539795
-802.840820
-1272.536133
-1543.537109
-1368.241943
-1839.068359
1321.182617
1659.870117
247.080322
272.363892
234.514404
470.121094
-1077.541992
-425.579590
-19.616699
1478.432617
595.553711
-914.523682
-635.701416
108.161133
-430.208740
-114.879456
123.476807
-4.721924
-602.226318
188.860596
932.296875
320.556152
-247.310913
-892.524536
-970.306763
656.718811
527.183350
2161.450684
719.765625
938.702637
521.930908
946.168945
-251.096680
947.302246
555.644653
-490.845459
-43.081665
2341.823242
-453.064453
-77.313965
799.835938
-896.984375
-366.375488
662.861328
-6.731445
456.580566
446.737305
1624.385254
-616.692383
-1133.583008
-634.027832
-523.941772
216.831543
-193.754883
-996.185059
405.605469
-542.007812
769.151367
637.857422
67.959961
-1572.977783
-550.222656
254.057617
507.771729
-1072.116699
-994.474487
-194.261963
62.513672
-3129.218750
-2941.234375
-620.243652
-64.239746
203.142090
1349.617188
440.167358
-398.242188
789.194336
2211.995117
3678.599121
3184.000977
896.707520
-1225.419678
-63.318359
97.175781
992.475464
1757.037842
1204.142212
1234.236084
283.836182
389.966309
35.085938
-210.792480
-412.447266
-491.423340
902.475464
428.207764
-1059.146118
1293.733643
779.272461
198.098633
354.816589
72.832031
-242.804688
882.142151
-479.793457
-2493.068848
-2928.979492
-1405.100586
-990.210938
-1229.882812
-120.631104
-403.712036
-2333.272705
-602.493652
335.724609
-516.841553
-242.642822
-600.077637
-1555.093262
311.224609
42.006836
311.597656
655.095703
715.641479
544.317627
-664.652954
1480.623779
3465.223145
2130.308105
314.757568
-922.233765
-631.162964
981.742065
1791.252930
929.568359
5.147461
1227.006836
1089.162109
-817.982666
64.177246
717.630371
1162.224487
1780.498047
861.541016
503.907104
-164.866211
-2328.574219
-1238.253418
649.590332
586.921570
-973.116211
-2668.786133
-1840.226562
1549.585938
2220.951660
264.197754
-71.742798
-2105.294434
-4730.866211
-2628.857910
553.843750
-1634.890869
-946.866211
-1796.997070
462.900635
-2.501587
15.524658
307.371582
-802.566406
-186.011230
1452.921875
1360.247070
-245.382446
-974.619141
-1050.018799
842.760254
1276.629272
553.951660
-8.667969
52.798828
-127.620117
580.696777
12.806641
-294.579590
-972.690186
-1127.066895
32.597534
1731.721680
892.806641
592.907715
629.834961
-534.549316
231.840088
1031.162354
996.300049
154.475464
-1105.915649
296.475464
-61.412354
-2345.392090
-514.749756
801.522949
-556.265625
54.669434
673.475464
1298.441650
1355.555908
269.306885
921.561462
1682.089355
1446.091797
926.198242
19.904785
87.643311
1014.385742
-611.304688
-387.263794
559.906311
1017.329834
-77.964844
702.738281
-26.259766
-1352.730835
-706.546875
9.241943
-223.337769
-828.756836
486.235840
167.153320
-31.621094
-746.042969
195.820312
-84.489014
662.331543
-325.177734
-717.923340
-282.391602
1067.783203
-121.765625
-1511.714722
-1079.233398
-1263.482422
95.886719
-937.927734
-120.208984
-1322.225220
-1764.369141
-32.194336
-383.908936
-1183.583008
9.638184
1386.475464
864.354248
356.223145
-374.205566
913.660156
-568.948975
-1747.668701
-4105.550293
-4063.637207
-5456.966309
-3756.504639
13.323242
166.221924
552.520996
1646.195068
-374.887207
165.934082
352.174316
2535.066895
6249.422852
2784.108154
-519.799316
-2569.737793
-5336.926758
-2106.708496
847.505127
1448.462158
5699.466309
4219.383301
1087.208496
-92.013184
782.818848
211.771484
67.500977
2472.600586
615.230469
-432.524536
620.269531
-196.855957
400.737793
-105.633301
-1335.787109
749.871094
372.344238
-498.984863
-73.678101
-399.159180
458.931641
1457.417969
635.377930
369.185791
133.329834
404.449219
934.276855
1124.911133
2079.882324
582.027100
2441.033203
3263.164551
771.556274
-773.662109
-514.053223
472.732788
659.128418
1640.521484
1419.142212
67.454590
626.926514
575.974609
296.159424
-312.301514
-444.944336
64.062500
939.031860
1568.892578
-143.250000
-334.607910
280.154968
73.108521
5997.799805
4345.796875
-1091.865723
-100.961304
-272.425781
1739.053711
2963.036133
288.639893
910.093872
-1152.360596
-836.878418
1079.386963
1126.563721
1755.805420
540.541016
970.313477
-119.886719
664.005859
497.229004
-2967.116211
-2497.192383
-2123.458984
111.852051
-757.744629
-429.598145
869.073242
647.876709
-409.614746
559.244629
652.937500
-656.706055
218.367920
-217.267334
-584.334473
-1555.639160
-789.997070
-1718.858643
-170.938965
2010.821289
-245.295532
-1739.434082
-161.884766
-5.034912
-882.072266
-167.095215
2021.089966
543.510742
-721.281738
-192.900635
-135.527100
-1091.581543
-832.939941
256.954102
-150.923462
636.651062
-93.534668
-159.509766
303.683105
1376.294922
-689.313965
-1285.426758
786.297302
506.236816
-424.124268
-860.324463
-976.614990
648.110352
659.921753
273.717499
1565.074463
925.083801
-850.489990
585.003235
1636.383789
966.602539
-189.540039
-231.464600
52.808350
1422.463379
1187.122681
353.162598
378.666992
-129.014160
2763.383789
3631.886719
124.962891
104.640625
-890.634399
-713.133301
-410.443359
504.525391
1922.593018
-756.165283
-288.548950
1501.229980
-224.963867
180.471436
-33.968018
-909.932129
-424.731445
943.570312
711.749023
-453.219727
112.437012
-162.235107
876.725586
992.241699
-146.708374
-1751.038086
-4318.219727
-6018.259277
-3078.691162
91.848633
1056.214233
1658.505371
848.606445
910.712891
570.424805
-23.162109
-652.312500
-973.592773
-725.476074
-801.524475
-780.286621
-288.603149
1713.872559
1767.745117
-471.341797
-624.604492
-601.709473
349.309570
81.678955
511.601807
1450.942139
-238.663086
-409.632324
377.418945
-509.077148
889.522156
909.571777
-528.751465
1352.676270
1521.210449
-1168.060791
-910.623779
158.627441
254.149902
-649.515137
-1214.718384
-222.383789
-462.453125
607.791992
308.084473
109.259277
-1701.080078
-3211.046875
-580.894531
714.068848
1907.533203
2695.925293
261.345703
-2502.324219
-826.395996
-1.571106
975.743408
-969.959473
-481.956055
509.971191
365.024780
753.952881
-43.865723
-2656.690430
-2951.421631
-665.844727
1900.240723
1234.960938
-43.206299
-1946.682373
-729.524536
561.794922
-789.260742
-253.900879
564.120605
107.310303
-946.319824
-640.002686
-968.667419
-6283.899414
-5702.649414
308.634583
2949.040039
5877.549805
3601.951660
-166.423523
846.453613
525.634766
-1002.607422
158.025391
1349.142212
1.711426
518.364502
-1078.243042
857.804688
979.411743
1076.060059
-111.777832
-1004.703003
-2.995605
-72.761597
-454.255859
630.313721
421.261597
115.184814
229.601562
-745.771484
-475.857849
586.481934
789.768555
185.410156
1091.265625
2270.756836
329.768311
133.362671
79.588745
-1928.568481
-1915.757324
-879.092773
-2927.303711
-2534.848633
1401.454590
-170.705322
-931.095215
-441.140869
-580.149658
-797.878418
1653.323242
-480.777832
-567.729980
49.331055
184.982422
1526.414307
973.503479
1120.895996
282.947266
-668.631348
184.863281
-228.382751
-1015.419434
-1873.936035
-1692.893555
-797.186035
-1129.811035
90.725586
-125.794922
-182.829102
-113.435059
-1368.035156
-1105.997559
-129.480469
286.727539
1055.926758
-543.455261
-1478.151367
293.868652
824.144531
51.630859
117.693359
243.733398
66.939331
511.482910
-162.828613
167.519287
31.088379
1526.364258
382.505371
-134.338623
-707.628662
-1014.745361
1645.165405
-135.434509
-1616.884521
-673.738403
-177.688660
858.995300
795.586182
114.250732
-213.455078
516.758423
860.788818
-98.823730
0.320801
1073.672852
870.058105
1163.931641
882.174805
-1284.239258
-819.817383
969.815918
2305.813965
1562.483521
-230.417725
7.521973
-878.963379
-330.026367
1889.907715
450.910095
157.811523
-296.162109
1463.848633
-290.493164
435.799805
349.852539
-103.644531
-763.852051
27.028809
242.919434
-593.066772
2021.779785
1643.080566
-34.581299
339.794922
-418.285156
-211.247559
549.077393
159.227539
392.309814
-1642.343018
-1127.316528
-1841.740967
413.376495
1458.731689
-51.883789
1095.979004
448.778748
-391.181885
-1659.032959
-405.045898
205.411621
-1286.223145
-3417.895752
-1182.443604
-101.980347
20.566406
503.004883
1251.691162
-784.064453
106.255859
-738.581909
161.494751
723.158447
-205.634766
459.162354
-364.490234
-1712.628662
-1005.630554
40.354980
-130.934540
-569.406738
-887.374023
-351.052246
1065.322388
988.215088
686.140869
118.389648
-156.667480
517.053711
573.260742
115.280396
452.887939
-105.382812
1602.798340
2064.724609
549.046387
316.332031
-1208.557617
-413.694336
565.583008
2005.681152
-125.857803
-340.638916
-916.122070
432.846436
-750.614868
-1612.570312
15.119629
344.260742
778.220947
503.147949
-1055.537109
-1118.375977
420.526489
1239.167480
44.003052
-899.525879
-1066.242676
-516.593750
1267.927734
195.159180
493.744629
140.191162
1413.929688
758.655029
142.522949
1920.905762
2472.365723
-1988.715088
-104.524536
1302.538086
340.991211
-583.062988
1383.782227
-701.632324
-230.740234
176.325195
787.960938
568.115723
403.754395
-37.325195
305.995850
470.622559
711.746826
1026.751343
185.108276
887.320068
-383.105957
829.059570
-356.591125
-181.147461
-120.600586
-1442.857788
-316.853516
-100.177734
-806.370483
469.863770
434.400391
1287.753906
2888.023438
1358.999023
803.710327
-1948.197510
-1435.856689
-855.654236
-957.925232
798.925049
724.334961
-286.850098
-769.533569
-2562.239258
-750.848145
598.616455
873.928711
899.034180
412.322266
-379.458252
-315.763428
-1206.933228
-1163.789185
146.810547
-719.671387
-1452.776855
884.745117
183.368896
-912.772217
913.570801
1982.457031
1488.161133
460.139893
417.465820
-694.026367
-1605.689453
280.670166
-69.156494
-3223.857910
-1255.418823
1022.169434
523.169678
1045.234863
953.688965
-392.934448
-1077.235840
53.869385
-1777.656616
-1265.366943
-351.617432
-1008.040527
-1550.927002
-570.747986
209.704590
200.299805
2791.607422
-629.461670
-1549.604614
-1168.060547
1141.933594
790.122070
128.566895
67.961182
1744.964844
282.433594
-1994.394043
-264.180664
-2540.666992
-2290.474609
-362.736328
-59.048340
610.124756
896.776611
984.070557
471.279175
-919.182068
-72.410156
-860.459961
-1009.532227
698.777344
-157.221680
-540.905029
743.582520
4356.022461
2540.235596
-173.826843
839.150208
-254.873291
-974.657104
-4255.872070
-1567.942383
375.445251
738.142151
-1096.519287
966.162598
1981.262695
2878.813477
502.204590
-221.989532
1959.324829
73.260742
1309.940430
3290.417969
877.258545
-1835.883789
-3947.089844
-3845.916016
-3.452148
-2173.576660
203.393066
-359.514038
336.566895
404.615723
363.572632
-503.793457
-960.809570
-1153.249756
-1025.949707
325.812744
515.083496
403.494629
-609.575684
-1179.915527
-45.454102
372.094238
-631.218506
214.245117
-284.427734
-2180.135742
-2555.601074
-969.999023
-606.932617
-259.717773
1822.245117
-181.120667
-1088.835205
-1192.843262
-1023.283203
47.498047
-1075.536621
-3147.661133
-520.172852
132.183105
523.003418
-35.166504
1760.718506
-2830.949707
-885.321655
1774.363770
263.518555
-71.503784
-981.514648
-1018.320679
601.457031
1773.491211
1202.243164
286.470215
824.481445
835.353027
28.056152
-114.678955
-867.755249
-473.427002
-251.363525
2059.779297
2308.220703
-615.928589
-885.687012
-99.996826
1224.723755
1199.804199
1345.268066
813.616211
-1084.318848
-489.374146
-243.693329
-1107.039551
481.996094
569.571289
-914.791504
-516.663574
-540.507568
-314.762695
647.528320
531.117188
174.978027
635.246094
2155.285156
3254.937012
2170.572510
-51.897705
-691.553955
-1031.585083
-83.984863
768.462891
-65.194336
-598.024902
222.777344
-130.273438
85.958740
-412.055664
821.730957
-262.695312
-2191.931641
-1906.993652
-206.975220
-1140.630371
325.691406
330.864258
-872.060547
-1101.933594
-1685.669922
-1239.422852
-1237.007812
-878.010010
-1930.963135
-1714.520020
-393.529480
-539.400391
56.068604
16.938171
-140.970947
-1501.274658
351.546875
614.164307
390.944336
1812.635742
1047.685059
334.044128
-1366.979492
-3999.341797
324.523438
958.165527
865.796875
-67.279663
485.887695
1399.515625
987.895508
113.143066
-3619.048828
-1067.109985
814.762939
691.876465
846.604492
-537.343994
-2734.161377
-232.411133
1229.052734
-274.037964
713.929199
-2235.988281
293.541016
1953.778564
558.649414
-625.118652
-286.004608
-2216.481445
-759.203369
677.492798
-707.016479
-124.322876
788.821533
-279.395447
-558.583740
1062.106934
475.362305
322.417969
739.572754
-1314.555176
-158.481934
-1853.850098
-2958.666504
-1708.706909
758.213379
1104.411133
2351.926758
781.804688
1437.914062
-132.380371
-581.940674
655.974609
402.447754
654.583740
-34.146484
1732.624023
2299.381348
442.464600
-1021.704346
-757.027344
24.055664
867.815430
841.077942
-870.561584
-753.865112
1633.936768
1640.918213
216.472168
-1506.725830
-3019.428467
-250.367188
1705.057617
1106.665527
438.598145
-349.918701
-972.836670
1132.651367
1825.221191
108.171753
-728.208313
-4447.267090
-2740.850098
395.912109
1799.950928
1991.761963
319.156494
-1434.284180
-2635.045898
-346.033447
-434.128418
285.807129
525.372925
1236.687500
-593.849121
-1828.695312
-721.217773
-273.487793
275.893219
583.577393
-580.919189
-169.739990
1521.992676
1649.073975
-815.866333
-792.443848
931.705444
-759.004517
-1490.946045
594.485107
875.394470
-47.121971
840.904053
309.040527
-193.939453
-53.893555
-474.844666
-498.237305
-502.773438
-1278.522827
-2187.447998
-488.816895
-783.944336
-1190.507812
332.493896
567.963928
8.539307
511.971680
866.475464
-206.104980
-1141.692383
-262.730957
835.593018
-4215.009766
-9081.841797
-6847.542969
-1378.987305
5330.584473
5835.101562
2108.212402
-3188.355469
-5348.146484
-2632.132812
838.475098
347.802734
-40.706055
78.518066
-964.131531
-740.828735
0.405762
-307.112793
-1449.394531
-116.696777
2441.013428
6108.659668
3808.148438
-321.400024
87.302124
827.567383
197.932617
-192.717285
-1492.925293
-1357.849365
247.170898
286.207275
-288.749512
487.023926
-127.910645
376.447449
-264.456055
1294.471680
2191.063965
1465.262695
-35.958252
-1135.719482
-1060.708008
-352.301758
440.533569
961.487061
-46.323730
387.714844
357.684082
11.016357
348.644043
802.161621
1670.416504
1095.817871
2462.146973
3861.725342
2182.586426
-614.482178
240.169434
-365.486816
392.374023
1805.120850
1202.495605
100.521027
-2040.659180
-3606.845703
-2200.690918
-554.236084
-1219.161133
-575.929688
-188.573486
-818.745728
-1276.745117
-841.180481
-32.329346
153.962402
57.729248
-763.845947
-805.900818
-1599.686523
-68.752441
625.238281
411.856934
735.256531
-42.249512
-1644.732056
391.762085
-260.538574
-1472.741211
-361.628906
-818.587769
268.147461
-672.138672
-753.879883
598.276855
1356.426758
3116.661621
3263.759766
-568.221191
-1590.524414
-216.779297
1519.854492
1692.724609
-346.389160
-3836.864258
-4847.968750
-1396.375000
-691.567383
-616.166504
-1340.156616
-1436.386475
-791.192871
405.614746
1341.631714
1033.367676
261.426758
-857.025146
-1536.298706
-810.919922
581.053467
850.893799
924.201416
842.602783
-521.031006
-681.965820
302.813477
441.766602
227.050293
-269.238281
-541.711914
10.255859
-56.995117
-1516.343628
-1592.293579
-782.364502
433.599609
764.121094
574.023438
675.475464
-69.124512
-559.281250
685.208984
820.708496
-678.850586
-649.934082
-105.527344
805.133301
148.417725
-310.637207
810.799316
742.677734
165.639160
1040.609131
779.691406
-1177.032227
1273.589600
1875.156250
1353.827148
870.451660
-274.165039
-111.745117
654.119629
683.412842
-262.628906
200.248535
1341.512207
1721.654785
859.456543
130.137451
-66.316956
-613.652832
743.852966
52.547852
-831.297485
-1199.707031
-764.135254
-729.908936
-445.769592
353.142151
-1818.582397
-1921.425903
412.004150
-551.893555
-219.910156
171.023438
-564.176270
-1545.208374
-963.821411
264.474609
-103.002075
-1854.134277
-329.510742
2479.314453
2363.149902
380.675293
-1085.246094
-882.490967
688.201660
1460.175781
-1003.597656
-730.080078
-718.548706
2.522705
1588.388916
249.260254
-90.263428
-270.997314
-1256.790527
30.002930
335.038574
-31.363281
954.650635
411.185913
-642.920898
-501.439941
-1158.989990
-600.683960
987.270996
598.101074
-89.422119
-511.290039
-560.705566
-480.533691
101.418213
298.875977
619.601074
826.963989
693.535156
673.870117
2095.724609
1361.475586
-1741.557129
629.026550
-1426.528809
-1691.495605
592.558105
631.441895
473.457031
311.893555
1266.472656
2073.970703
1981.708252
681.181641
82.979492
-1678.476562
-463.812988
574.271667
2342.748535
716.606445
-1375.669189
-248.857803
716.356934
1104.498535
-410.003906
-1261.379395
-8023.840820
-678.914062
1856.427734
2050.850586
1246.816406
1244.400879
1288.710938
-510.125977
249.321777
147.625000
-373.426758
-62.773804
252.746094
-275.461914
-553.574219
-1761.363281
-2634.125488
-305.846985
35.591919
-963.817383
-786.987793
-535.952637
-218.935791
-135.812256
97.860626
-991.645264
14.373535
-1084.248047
-863.032959
73.413574
455.647583
2444.731934
7.034180
-78.182129
-746.744629
43.824219
-835.918457
-897.328613
-782.329102
474.474609
403.012695
-25.502441
-369.289795
-948.524536
-163.969238
495.503906
-202.949219
-198.562134
-936.540039
1183.803711
-729.363770
1144.977539
-197.879883
-1438.605591
-686.449646
231.885437
-513.702393
631.824707
904.878357
1949.374268
944.785889
-144.790039
-1090.315918
-1767.813843
-162.961670
-404.035400
-1629.423828
-371.885132
381.684570
322.548340
262.094360
-1181.317871
-2433.944336
-151.742188
225.087891
-730.837891
-2374.191406
554.940430
255.624023
994.395020
283.178711
1128.615112
454.542480
-479.089355
0.108643
-1011.561523
-1068.843750
-1154.431885
195.425293
-169.416992
784.515625
6.746094
1755.428711
1410.673340
-380.279419
-1334.067139
95.519409
-724.694092
-1579.474121
585.203125
-545.937012
91.780212
908.175049
-203.626831
-592.208984
-236.428223
-1201.468872
-1117.018311
-533.482910
-448.536865
20.861816
1345.089355
-435.867065
-2807.024414
-2018.758301
-338.352356
404.463623
126.261719
-500.153809
-126.304199
-59.692871
-1913.037598
933.974609
222.656494
635.661133
364.932617
-889.937378
651.002930
1206.516602
863.053955
697.367310
-79.010254
374.966797
-139.271484
212.171387
536.420410
672.850098
362.421875
1411.660156
-103.770264
916.635986
514.643555
-563.371887
682.842285
1236.376953
289.988037
187.603455
1529.488770
854.883179
762.142151
969.079346
433.833496
426.645508
-34.779297
-274.382324
-1638.001953
-1319.990234
-188.818848
-444.544678
-444.502197
1218.477539
623.828125
364.716064
375.260498
819.903320
-272.432678
-329.259033
-62.981445
230.484375
1284.331787
-908.414062
141.475464
2574.005127
207.260254
-73.693848
231.399902
-368.706543
-362.438965
-52.020508
-204.186523
-2322.555176
-1825.290771
750.908936
-466.309082
-593.258179
440.355225
-428.623779
-476.813477
445.777588
2304.946777
2225.264648
-896.744141
156.367676
219.166992
-34.103516
443.319824
-66.733887
-1104.951416
194.033447
1318.426270
753.512207
706.208008
-21.391602
1055.530273
1640.583984
-88.971436
1717.077881
1709.651367
426.397827
601.613281
597.675781
354.433716
-80.489746
167.444580
866.371338
-23.637024
264.757324
2221.641602
-74.043457
-1796.441895
-737.841797
213.351532
-4287.387695
-1093.265625
629.184082
391.350830
-193.640869
-1432.038452
-738.450684
594.661621
-69.276611
-753.130859
-95.489746
590.931641
550.041992
-441.502441
139.242188
365.604248
-1461.840820
-1308.828369
465.037598
538.374023
422.991211
-169.469727
-1924.864502
-449.668579
433.630737
-46.905396
-52.143066
531.530273
19.677795
-781.928223
-594.737793
-434.087280
-773.059570
-680.224609
-174.417480
273.489990
429.025146
1155.872559
11.062500
-290.034424
3110.930176
6024.552246
4018.754639
1368.228516
97.614746
-188.744385
313.610779
368.546265
90.144043
38.977539
-63.149902
426.387451
552.553467
-73.496826
256.643066
518.992188
-151.649170
-141.738831
429.773438
738.094238
827.110352
-222.924316
663.521973
881.258789
797.449219
639.533447
351.157715
-1990.397461
119.241211
2014.591309
-156.673462
-546.297607
-99.684692
608.557983
267.821655
-7.565918
-605.204590
434.381348
1194.981934
-429.683105
-1642.589844
367.943359
-180.106934
849.052734
1159.199951
1412.367798
360.457275
610.947754
3816.662598
3277.237305
1639.066895
853.799927
-5472.110840
-4807.974609
340.743164
1568.156250
707.943359
-369.508911
-901.695801
593.956787
-6.729004
-221.499512
-951.936279
-38.484619
-706.532715
288.451660
1267.364502
37.437988
16.691406
165.100098
138.125488
1675.855957
1488.461426
-563.782471
-381.907715
679.801270
-720.389282
-524.577515
-9.704651
1080.738037
-68.351074
-625.311523
301.486328
1126.243042
232.696777
222.028564
1411.406982
134.160156
-322.082886
198.526367
260.413086
14.128418
-636.374878
-1110.792969
-1057.192383
-130.450928
-965.207275
-1166.657471
485.630371
-121.376953
365.921875
813.125977
-1005.360840
-1534.625732
-211.410889
551.159729
57.244629
-133.431641
176.993164
-412.142578
-404.262695
-998.299561
1442.525635
3580.387207
1437.600098
-7.896484
-97.025635
-537.955444
737.890625
127.104980
-897.323975
275.174316
1079.000977
827.481506
10.343262
309.416504
43.100830
739.676758
-1678.482422
-1979.386719
-3202.287354
-4264.817383
-2682.274414
-43.872070
-134.462402
121.412109
791.456055
597.065430
148.884766
-933.342102
-1416.954712
-129.437500
-1322.877197
-4118.416992
-1439.607422
-750.332031
-394.590820
-499.295776
628.864746
-545.448242
9.277832
234.316650
-737.339111
-168.008179
786.923218
1219.258301
6.497803
349.750000
1378.125977
2702.707031
785.720703
-308.694031
1058.367554
1040.559082
-43.653076
64.416931
408.369385
-998.889404
-1497.487793
-2776.211914
-1353.421875
225.928711
258.664551
776.345703
456.055664
2676.187500
2211.391602
1600.102539
1565.461182
2164.287354
778.012939
-1115.972900
-692.524536
66.850708
149.571884
30.773682
808.094727
363.966797
18.491699
1430.174194
1256.209717
-575.508057
-1170.280273
-1062.416992
-484.930420
-365.778564
468.802246
125.168457
-753.232788
-152.466309
-795.005859
13.508789
1233.303467
1092.293457
1518.243164
1911.596558
1119.671265
-429.792969
1183.352783
297.435547
-874.123047
-2760.760742
-2275.320312
1447.817505
783.475464
974.033936
1839.091797
-759.921265
-2354.556152
-26.881836
693.041504
1077.667480
948.741211
-289.286621
-506.192383
-100.578125
-550.915527
623.788330
448.944275
-780.931030
-666.854004
994.705688
1293.089111
-607.298828
-1236.119141
-2892.513184
-4386.189941
-2925.738281
-323.207520
-135.809570
1003.723145
-674.205383
-1594.563477
-1559.906006
311.432861
1525.638672
180.003906
486.106140
271.660156
-67.245117
575.913086
-637.968994
-272.768646
1591.724609
217.929077
683.083984
5379.356445
4747.119141
-430.944458
132.197021
1380.050781
397.039551
239.696289
-523.363525
599.851318
-92.340820
-156.512695
432.543945
1035.487061
1028.548584
868.323242
-165.746094
2057.110596
1238.769531
-503.628906
-314.677979
-257.860352
502.088287
-53.440430
540.082520
287.734009
-2352.870605
-1529.010254
54.619629
-379.836670
146.555176
1154.457520
-436.637573
240.307617
397.464844
-371.427979
62.343994
217.968506
-330.332458
-508.064941
5.126465
795.513062
15.151855
194.665527
1027.470825
2435.650879
547.801880
-1171.460938
-1169.558594
874.835938
484.997986
1281.809570
759.534180
-287.021729
-684.421631
771.097351
-304.607544
-443.487793
-1549.599121
896.981445
-1174.939941
-516.303223
1435.053711
2075.142090
-488.096680
449.264282
1485.950195
518.618164
-219.083496
-27.266342
276.143127
28.543213
-372.472656
2136.002930
-182.320312
-1575.262207
-4424.995605
-5291.781250
-1421.929688
2057.070312
-451.758301
-3034.120117
-7720.858887
-6434.217285
-1416.281250
-72.175781
-519.589844
-916.086914
-633.823242
-1206.077393
-780.039551
-754.456543
-260.133301
-129.916992
-156.794922
1056.687988
1685.638794
993.384277
1229.006348
-849.442627
202.396759
-852.366333
-1417.662354
453.247559
-2858.251709
-2730.015137
1266.820801
2356.798828
3239.366211
1418.498047
-639.812988
-698.088440
-1266.754883
426.861816
1150.142212
597.609131
-370.915527
-826.208496
657.363342
-586.553589
-934.829590
266.700684
1038.638916
-10.086670
934.369141
-1436.317139
-4680.466309
-1316.004639
-334.691467
-1084.455566
165.273926
-2136.193359
-2402.615234
106.730469
1027.685303
6781.513672
3588.032715
-115.738281
-109.386719
249.416565
-192.065918
928.680664
-289.831055
-1520.478027
-2030.420288
-1539.591064
-119.519775
1505.807373
-436.432251
18.878418
633.857422
-174.690186
-773.131348
-1651.398438
-925.084961
566.024414
-16.602844
99.019531
-138.904785
-96.516602
-348.734863
433.511597
2816.943359
5986.021484
2045.555908
-1040.013184
105.603516
1578.604492
3182.210938
1213.842773
-828.873535
845.547241
434.040527
-446.106445
214.610352
376.513672
-2276.426270
-3179.757080
-219.531006
1573.035400
423.480713
745.514771
478.644043
-213.091797
689.205322
3152.167480
2180.006592
4.878418
-77.706055
-525.755859
3607.957031
-411.399414
-630.094849
142.768555
1933.475464
710.344727
622.945312
225.005859
-158.135742
1346.372559
895.272461
1088.976074
643.713806
-975.181152
1190.158203
3323.582764
3819.488770
1493.925049
-572.055176
63.187012
-2053.304199
-2972.552002
-190.275391
297.367920
-1358.547729
-559.979675
-140.561035
5.847656
1167.192871
3386.482910
1874.488770
23.856934
99.475464
-1393.110107
-499.804321
1438.171997
-1061.906982
-3000.060059
-1789.342773
-1883.423828
1960.726074
4080.170898
3560.964355
333.247559
-308.505859
331.416016
-28.002930
1871.335449
-145.179199
-1220.135498
-244.143311
1199.932007
1667.228638
-833.435364
-2180.860840
451.224365
737.404541
594.898438
56.288330
-1097.616821
-502.150024
-645.539185
216.052734
1384.668701
816.393555
-24.809570
-4026.528809
-5246.849609
-1882.037354
819.967773
-789.537109
-1529.031738
-1054.325439
-494.242676
-618.022583
1487.577637
560.074707
576.305420
-344.618652
-459.365723
892.637817
89.569092
791.503174
72.213135
-1074.316650
191.969238
567.074219
922.913574
571.827148
176.706909
2698.284668
1255.914551
-554.506592
1305.110352
631.235229
-1156.721069
-574.630371
394.270752
-217.290527
-951.338623
652.285400
2137.748047
2167.414062
-365.239624
-879.712891
-375.402344
1420.413086
814.033203
-993.670898
-244.517456
423.508301
-990.574463
-185.157227
1273.979858
1819.312500
666.570801
706.517578
-1942.680664
126.542480
202.354492
-3252.220703
1099.287109
1274.345215
7.617920
-603.760254
-2738.708008
-1682.512695
449.933105
741.758301
-87.961914
-3140.079102
-2648.128906
1526.835938
3078.262695
2266.420898
-729.232422
-1677.301758
-1692.516479
491.861328
-61.854980
1255.826416
929.973633
-350.476196
1060.450439
-414.967285
878.994629
-1290.047363
-3615.852539
1222.930542
1537.962891
1214.260742
1316.749512
265.187988
702.615723
20.510742
-2.798828
-1152.509766
-4193.625000
-3250.140137
-457.392090
-155.875488
-34.253418
500.142151
-1789.273438
-1660.855469
215.684570
-630.894531
-196.296753
533.423340
1626.449707
-1777.990234
-77.325195
-192.089844
-473.402344
-1214.440430
-387.702637
791.300110
791.604004
1055.686523
60.268555
-960.992676
-1627.736328
777.083008
-1432.366211
220.711548
-275.304199
-279.666992
911.302673
792.471680
2647.004883
6032.930664
5340.387695
809.364258
1450.031738
-567.218262
48.216309
316.876709
-834.334106
661.536865
339.751465
3170.286621
1189.067383
1194.426147
168.497070
-193.792969
-114.118164
1795.628174
-94.986084
-99.346191
262.262207
572.443726
-800.524536
-1577.953125
-367.121460
921.004578
181.616333
-570.459839
-138.270142
-94.305420
794.471436
510.394531
93.220215
-640.186523
-780.555664
-139.855469
-482.609131
541.877686
468.316406
-725.177246
87.500488
-238.634766
-207.609131
-517.585938
-1974.661377
-1903.101196
281.257568
466.204834
1555.260620
2056.336426
655.376892
-942.205994
-1360.275269
-2013.857788
-766.264893
3.675537
108.730286
1300.476807
2696.248535
812.671875
247.266602
501.828613
-1118.935791
-2245.773438
61.795898
-2358.146484
-336.166992
-681.268799
-1208.087891
-759.682617
570.390869
1290.156494
776.605591
-74.314453
57.213379
-41.529663
-681.437500
-564.029297
1326.641113
4893.090332
7060.424805
3767.964355
382.281738
-42.854004
-1071.801025
-1110.381470
890.787842
-590.466309
84.715057
1081.829102
-588.775391
-417.583984
702.619141
1796.412598
91.941406
-803.951660
-1009.043213
-1401.340820
1297.557617
449.001465
-207.197754
-768.239258
115.006775
-2668.058105
1711.951172
1451.414551
-1518.445068
-376.424072
-835.510254
-273.259766
-642.162109
-382.670410
384.129517
-355.498535
-1257.586182
-34.858643
1558.542847
2751.350586
1960.166016
-365.936523
224.218262
-753.091064
-168.015869
-377.014648
73.161499
-130.709473
1863.538574
720.373047
78.741699
916.475464
182.725952
-2424.056152
-3011.557617
-1641.663574
-292.027161
-34.235840
-297.323242
4.209961
155.827637
403.331787
426.697266
-524.564941
-82.824707
6.110779
89.667969
533.616211
-1202.023682
2003.785645
2468.166504
-826.444092
169.820602
905.819214
301.931030
299.051758
-1776.808594
-1406.187500
307.821777
3368.087158
7469.798340
4745.290527
-767.792480
-449.488770
-7.706299
-697.679260
-617.785400
-1176.041992
-2780.628906
-2194.486328
-354.858398
-1122.881836
-217.602539
477.221924
316.978516
400.218750
391.161133
949.825256
11.147949
-1114.053223
-1705.385498
-907.167969
-782.465332
902.284912
770.696289
233.969727
1728.424805
1052.691406
-1219.096436
-1923.750732
-1094.545654
892.190735
1211.336670
1496.142212
351.879150
-278.994141
1012.457703
1237.934570
35.325195
51.088867
365.565430
-2827.165527
-762.676758
-351.583252
301.185547
1728.742432
3392.248779
238.100098
-609.076660
-1028.886230
-978.722168
-547.260986
-5.217773
3406.748047
514.809570
436.460449
1464.065674
781.273804
139.422363
703.368164
3251.768555
-344.306641
231.983887
969.906921
-609.869385
-774.712158
-620.390137
-1748.574951
398.950195
190.165649
957.153809
493.819336
249.802734
59.185242
-496.444336
174.166016
107.505371
-361.647766
-863.720215
-2226.078613
-778.545410
-692.607422
293.167969
-1215.586914
629.296387
-100.699951
-1105.269043
494.107300
-671.351074
-1702.190430
414.736084
-1008.951904
-827.845032
897.607544
666.008301
27.225586
-1853.193359
-2081.340820
-662.423828
771.459961
1102.232666
-400.913086
-619.274170
-688.367432
-1022.238647
-1093.555786
-1119.857788
381.555725
1036.269287
992.983887
-1194.637695
-324.179688
1849.589478
1123.619141
1034.002930
99.950684
2.332031
1276.760254
2270.249023
1052.186768
143.229980
600.881348
2.641602
4683.625977
5611.962402
2816.115967
-337.632812
-989.422852
-5530.695312
-5200.432129
170.871094
2236.966064
4494.523438
2281.616211
-101.273438
310.198242
960.835938
358.377960
-761.118652
413.599609
864.528564
973.228271
1314.414307
382.212158
171.228516
-585.791504
-652.458008
460.786133
2280.637451
1235.276855
-96.544922
449.084473
612.401855
307.459351
-982.731812
-1249.580566
395.087402
69.712402
-27.502930
855.885742
1494.762695
260.259766
1531.841553
194.187195
-406.752930
-251.661621
1959.849121
1157.762207
202.401367
-1177.465820
-1164.264648
879.255859
2248.351562
-133.877441
-797.838013
1435.179688
848.141602
-490.367065
667.722412
1121.983398
-286.755615
-716.223877
-1042.700562
-1232.683716
955.062012
3815.437012
5732.303223
2744.324463
-891.349304
232.342468
1334.920410
1441.193604
957.589844
633.907959
1200.801636
-306.806152
643.978760
1156.382446
-740.155151
-196.428009
740.354004
-219.631348
-179.273438
421.221436
-187.893555
-2271.552734
-1044.105957
273.900635
179.336182
-426.203125
-1294.279785
167.231934
1102.495605
801.922607
1376.732422
-463.316406
60.499023
2617.817383
-34.493164
-64.464844
-702.151978
-1001.198120
-960.480713
201.047363
93.719238
-895.991577
-434.935425
-445.669556
454.788208
880.033691
426.941650
-923.096436
-1113.348389
-1105.333252
1431.116211
1026.975586
-1894.733398
128.822998
724.329102
230.734375
317.552979
172.150391
352.666016
-255.233521
-209.458984
-777.511230
-764.244629
141.796143
564.594604
-671.208618
-968.311279
-986.116211
-1969.927734
-432.852051
-2407.347656
-386.352051
558.155762
-156.840820
490.528198
-311.762695
-514.972900
881.278320
1237.802734
655.671875
-1514.683350
-2678.694336
-343.729980
651.575684
104.821289
10.514160
232.908691
559.475464
805.093872
981.826416
1063.143799
1163.287354
946.259521
224.422852
-28.048340
-1161.583008
11.061768
442.601318
-783.221680
-623.392822
-863.843018
-1208.332275
-2523.952148
-1417.206055
212.217041
290.549316
376.314453
261.658691
-1315.942871
-1133.828613
659.950195
-172.586914
850.640625
435.028076
-807.652893
-171.456604
176.544174
1088.480347
-40.744232
-1332.186035
-169.275391
3358.849121
6306.466797
4604.852051
-99.495117
-346.991211
-1193.742188
-1215.108398
995.799072
743.900146
35.735840
5.454102
-215.943359
-737.158813
-33.934814
1695.650757
919.817871
1106.208496
1257.146484
-397.736328
-1239.083496
-543.663452
460.389648
1141.392090
-101.146729
-819.968994
-5.803955
53.475471
574.658203
836.730469
-747.482605
-1337.610474
-1012.028625
-89.628418
1474.741211
-732.224365
563.962402
732.470459
-1144.341797
-575.303711
-1140.582520
-1363.212891
-245.557129
1163.698975
3391.000977
3847.935547
174.195801
143.444336
-1073.435059
-271.276855
-183.782715
1694.995605
2553.333008
2677.567383
1973.321289
54.900879
984.266846
1069.354980
-456.885742
963.507812
1142.480713
57.695312
-170.251709
-668.134399
1943.396973
2653.445801
317.960938
-324.348633
-787.513672
-715.760742
-927.382812
-472.720703
-1959.225586
-1926.597412
383.539551
-302.619141
-505.747192
-636.855469
85.859375
-406.893555
166.142166
2222.578369
1494.523438
-315.255615
-509.405273
1303.094238
1295.291260
-522.310791
116.440521
1743.748535
212.198730
-112.566895
-650.451172
-3696.502441
-265.326599
994.738525
-545.303955
-632.574829
-538.053589
-815.551758
-1402.792114
-1395.367554
662.181763
1010.452454
73.036133
-175.554688
-1230.899902
-872.038818
600.732422
1095.838135
-970.331543
-3010.645996
-4322.524414
-3538.301270
-2316.170898
-1719.957031
-730.636719
637.524902
-35.979980
187.932129
1135.134888
1113.241333
592.068359
-211.693359
-442.392090
-725.459717
-67.545898
2501.147461
-2224.849609
-88.192383
889.318237
-579.699219
-819.089355
-694.050049
1083.388428
343.454102
-656.444092
316.174561
46.380371
200.916260
944.681274
595.846680
263.289062
1342.138550
596.142151
-5.000732
-646.661621
140.434082
-405.039062
-225.624847
1278.996826
455.310059
1026.874634
3103.140381
1764.848633
-1524.494629
64.035156
663.432861
-1233.301025
-900.553650
598.824463
-945.251465
-916.625488
495.987305
511.403809
-1060.333618
-990.703613
-1459.711914
-3266.119141
364.909424
1824.691650
1006.703125
833.283691
529.048462
-501.549072
-51.079590
-556.523682
-489.071411
-2467.421387
-2449.074219
759.980957
443.322998
1449.669922
1116.281250
-734.760925
-732.680420
-783.071411
-909.062378
-1257.880371
182.878418
1363.473633
-66.086670
-479.931152
1037.901367
504.689941
-978.906738
802.169922
1438.518555
208.083984
-1002.046265
-5184.068848
-2343.318359
848.384766
1794.964355
3837.864746
2429.695068
-119.611328
-3299.833984
-3514.550537
-801.827148
3113.537598
6573.702148
3134.488281
-698.390625
116.243652
-1589.902832
-444.693359
499.750977
-1189.984741
436.995544
1130.659424
675.509705
672.769531
188.214355
-273.548340
-755.064209
801.781738
437.717041
-1139.271484
-714.837891
-487.647461
-206.451050
603.583740
1818.830566
-46.380371
-2869.926514
-3322.328125
-226.302734
1847.169434
1797.425415
2170.884521
-660.578918
-547.493408
-919.620605
-730.613770
-34.091187
-947.863281
-2015.093750
-902.279541
-2645.559570
-2629.196289
-914.886719
-252.729248
-1473.857178
209.151001
388.609375
89.542969
5242.167480
4336.577148
-246.455093
-1091.311035
-275.458862
1209.357910
3866.239258
2631.878662
-1760.866699
-2400.741211
-3137.896484
-138.736328
2675.266602
465.377441
891.389648
1818.883789
1251.854004
2329.872070
2429.914062
3353.847656
2760.878906
996.812256
32.906250
-1496.506836
-1839.855957
616.587646
1945.986328
-1650.245117
1098.299316
1362.923584
763.560547
-687.273926
-95.312012
154.734497
-2347.802002
-7597.462402
-2974.311279
842.488281
-1080.709473
-2145.588379
132.324707
1278.722412
61.139160
-835.009277
-1144.781982
-758.500000
-3083.536621
-2488.379883
447.475464
292.201904
-926.804932
-784.732056
-1450.680420
1010.623047
2873.009277
919.910767
-45.235352
661.048584
-776.902588
387.565186
715.803467
-156.080566
-486.673340
-2618.143066
-1978.147217
495.038574
113.070312
486.986328
-294.637146
-865.253296
-1818.664429
-1478.558105
-996.094238
-1125.152832
464.710938
4360.437988
693.432617
-1434.887207
167.899994
-0.913086
3802.541016
7037.341309
2273.352051
-1215.772461
-5836.154297
-4803.958496
-326.602539
2579.490723
652.356201
-381.822205
-194.008057
815.051270
1187.939941
-130.465942
-363.229187
1540.808350
-843.734863
468.492554
726.871033
-300.069336
426.784424
1475.113159
897.336670
-336.487061
-755.044128
421.992920
-118.981934
-570.976318
1658.719727
1248.247070
-755.211914
-1269.599121
-2131.097656
136.785156
641.525391
-238.129364
2223.954590
2058.627930
987.500000
270.908447
-1162.566406
-1066.301025
132.694824
1308.528442
337.656494
186.887451
903.873962
973.036255
1882.202148
-92.526123
-542.499268
3181.000000
3634.452393
607.540283
94.532227
-79.572266
-3155.744629
-2175.189453
-2512.165039
704.716797
584.228027
-313.557617
710.561890
-3495.351562
-3044.831055
707.015381
304.145996
-187.179199
178.491699
-362.502441
-509.834473
946.064453
182.083496
1663.979004
-479.806763
-2011.799805
-2810.037109
-216.476929
1360.451660
1341.419189
1639.558716
794.472778
-75.554199
87.335693
566.974731
952.134155
861.988098
93.652283
446.764526
1713.247681
-68.258057
-1287.610596
-823.108643
200.982910
110.673584
-237.428589
1007.272461
905.131836
1920.100586
4197.944824
1814.726318
-805.486816
518.758179
93.563477
328.318359
-445.506592
-329.220215
-731.391602
-1262.905273
-718.187256
-271.682617
-1055.503418
277.999512
713.728516
-880.349609
218.187988
799.642456
-358.512695
-838.713867
456.804199
166.523438
1498.227051
1824.385254
-786.279541
-214.482910
1295.813232
1092.599976
1514.277344
1121.939453
403.601807
-930.450928
1686.636108
3012.608643
1848.918335
95.901367
-197.592041
1083.116211
2532.411133
1576.709961
1475.154297
-116.112793
-734.730225
-684.131836
-151.572266
-591.775513
-2085.379883
-1836.375244
803.179443
1408.277588
610.204102
-2138.979004
-1027.530273
217.481934
1124.721436
1230.577271
-275.492065
17.754883
-131.592773
-869.432861
-124.916992
801.013184
-569.098755
-4567.452637
-3425.736328
234.259155
131.073486
-141.328613
621.718140
504.036133
2218.856934
4433.871094
1271.919678
-516.566895
-1212.913208
-1502.145142
-730.890991
322.541260
1590.479004
319.963379
-570.536621
1019.811890
676.774414
-2867.039062
-3328.566895
-469.262207
988.601807
3107.287598
2903.147461
134.857910
396.977051
30.084961
0.670898
17.203491
233.067871
-19.366943
435.123047
785.678711
1330.991211
197.205322
-446.358093
-427.124023
-547.629395
-133.975708
-332.156250
-1866.565430
-2494.176758
145.838379
-55.498657
-1237.647217
-412.672455
-1258.541504
-582.279053
-433.930725
-890.958740
-988.708984
-1291.116211
-561.860352
22.250282
-822.222046
-138.892578
583.330322
127.233887
345.747559
731.197266
-211.125977
-1966.648438
590.475464
376.837891
-269.566650
-724.665894
-567.947510
1134.027466
298.337891
496.908813
-444.890381
-971.990234
391.023438
-167.455322
626.167358
-647.579895
-1706.968506
-692.173096
95.014160
2613.243164
2309.674316
1884.453979
-283.070801
665.166504
-70.863770
301.762451
840.263672
1998.051758
2026.220215
906.396484
-55.455078
-611.379395
-576.490601
39.500488
207.430664
700.589844
351.783325
532.989258
686.277344
102.436523
-199.090088
388.152344
-214.446289
40.501953
-39.542969
-1163.474976
-428.598145
-838.975586
-709.007324
787.124756
-2146.479248
-9321.960938
-7167.956055
-395.633789
2283.834961
1894.002930
1320.654297
26.289062
1757.044189
-29.649048
-39.888306
2042.726196
1042.330322
308.136719
941.598633
1688.241211
-359.889404
-628.312622
-804.986084
-996.744385
-1179.087891
-766.333252
-227.008789
153.457153
601.809937
126.741211
338.006348
897.324707
755.427124
-528.393066
-299.292480
-47.203979
886.000488
245.737793
-419.191681
-1632.507080
-1063.181885
-148.865723
-112.073242
1716.600586
115.166504
-1425.328613
-284.719482
-74.394379
742.709595
1067.316406
-592.269287
-2.053162
-1745.145996
178.125000
2454.316406
3081.547852
2314.503418
1100.318359
68.104492
-591.231934
-765.999268
-391.752441
-1005.824219
3339.604492
2124.896484
741.042480
-84.096558
179.366211
-784.735840
-776.856445
-404.352051
-2300.036133
-3476.267090
-1416.410156
412.638428
47.888916
45.623413
-1399.254395
66.264160
-961.533447
-3370.827637
-1379.026855
-994.890625
-371.037842
1621.498535
332.714844
61.222107
-1111.441895
-1079.281250
243.583008
187.498291
357.509521
799.067139
918.544434
874.583374
1323.245605
816.796875
81.609863
-107.217773
-661.326660
-419.755615
79.157227
-1708.418457
-731.969971
-125.068665
-1850.272583
-123.975830
-1262.437500
-1169.930664
571.293335
1636.894531
-1051.333008
226.077637
-357.436035
-47.156250
-32.958008
1622.133911
3956.429688
2650.485352
-183.612793
626.936157
976.006104
444.080566
-343.126953
39.385254
948.234863
1558.957642
834.590576
-541.351318
264.268555
-570.121094
309.019531
453.607544
-572.823730
129.403320
-568.817383
20.694824
-257.374023
12.594238
421.633423
761.906738
745.439453
-550.942139
-2698.486328
-2224.396973
699.049805
1277.283203
797.214844
-122.506836
-565.771484
-1200.367188
-1178.108398
-1313.857788
-509.998901
2555.718262
52.245605
201.585449
772.349548
-45.618164
19.983154
47.423340
-1567.568848
-887.748535
477.991089
3280.930176
3688.848633
382.576172
-99.907715
502.450073
1118.283936
708.685974
1709.808350
-109.702759
-939.615234
537.142151
286.434479
913.293640
871.475464
-252.225098
-575.481689
-1021.494629
-1241.544678
-294.250732
2672.983643
529.475464
-864.991699
-425.648926
-212.530518
797.109131
1983.574707
463.382080
-308.189453
139.196289
969.579102
2851.228760
2799.736328
-216.745605
140.350098
-220.141602
-332.410156
-942.496094
-1518.484375
953.640381
611.702393
939.160522
2092.012695
27.774902
-1340.115723
-995.055664
-646.524536
750.982178
-814.303223
-1849.409668
-630.583496
441.778320
1011.650391
-854.404663
-856.599121
-1862.295166
-2031.939453
-1476.791260
-2458.444580
-1217.736084
359.238281
2174.512695
2806.529297
1829.423340
-653.626343
-558.122070
-958.708008
-1248.862305
-307.331543
-2228.611084
-276.799316
997.629883
425.790771
-713.371826
-1321.613647
1482.426514
1206.371826
6665.627930
806.007446
-871.901855
247.239990
410.093506
-135.718750
305.208496
-3741.574219
-8810.513672
-5601.352051
-1215.375122
-291.218262
-564.549805
1073.550293
311.534363
831.732910
1649.024902
-685.946777
-360.070068
612.545776
-916.407959
-104.288574
505.693359
-3085.414062
-1931.349609
779.751953
-175.465332
-662.385986
669.418945
-13.596680
-1108.611328
897.909668
-59.022339
-699.481079
-190.642090
1859.904297
1864.939941
494.878906
821.912109
455.102081
767.155762
1960.544922
1766.693848
695.709717
631.741272
373.846558
496.117371
-1107.263916
-1184.273438
-241.606201
-494.003174
707.075012
866.041809
-11.813248
-158.608154
278.715820
-2639.019531
-1083.945801
616.519897
284.635254
-755.011963
755.312256
-1472.657227
176.856445
46.885254
-1876.257080
263.448242
-713.200684
-301.954681
-331.351562
-1627.968750
-2887.255371
166.251465
516.668457
-354.306763
-87.388321
-957.996826
-157.489502
-352.230957
96.108398
1886.077148
3368.432617
1704.931885
646.584717
797.678528
276.937195
-680.039429
-327.065918
-649.941406
-1249.675171
542.564453
674.449219
80.666016
176.254883
-43.500977
591.259277
565.917236
608.724854
-216.176270
-935.811035
-976.734863
223.475464
-55.136719
578.700439
1797.742554
222.574219
-635.242188
-1576.895508
-1025.637207
43.569336
358.611816
1770.623047
213.861328
-1200.874390
-652.694580
421.896240
-168.344727
269.194611
-783.015869
-2023.092407
-962.372192
-686.008057
-27.698242
892.132812
-308.188477
-1956.669434
-2441.937500
-491.195343
1517.226562
279.479248
160.495605
222.789551
-718.963867
454.899902
-330.879883
-950.664795
-1034.959473
-657.997070
-190.982422
1032.362305
812.132324
-386.606445
-1145.833008
-693.172241
119.289062
78.190430
-859.596680
-110.967773
130.574707
-472.313110
1573.240967
832.456543
-1260.895630
324.542969
59.013672
-628.815796
-472.367676
-3188.036133
-3465.279785
-2.289093
850.867798
475.186035
673.951904
80.910889
354.775879
339.127197
-108.732422
-498.627686
155.435303
1991.150879
-14.421753
-994.166992
-1005.420898
-2169.009766
-1874.367310
492.551453
720.435059
-2020.240723
-1084.797852
919.091187
-153.159729
-202.517578
454.115234
-1143.515137
252.270142
13.403351
-1531.521118
-233.704346
-841.954102
-630.347656
599.098633
1241.501709
483.147705
-168.297607
265.574707
368.291138
768.815430
175.047363
-888.406250
-1029.079102
363.200439
71.674316
1027.061523
1467.118164
-1450.636475
-773.578613
-436.918945
-752.706909
1413.603516
1204.094727
-587.102295
-1721.185547
-934.182617
573.458618
1128.102539
577.264648
-198.463623
225.559082
-785.604004
-914.684692
794.782227
1165.052002
1049.965698
337.981934
355.168945
529.733887
902.531250
654.020996
199.366211
-314.405762
-671.196289
-935.823730
-674.164551
-856.013916
-812.640747
114.486816
928.213013
418.462402
242.768066
579.142578
747.541138
-361.209229
-189.062744
319.896362
-1809.007935
-859.743652
462.333252
-2968.108398
-3014.961426
-1098.348633
-1217.799561
-826.864319
327.467773
-754.041992
-404.395508
-528.848145
-276.994629
341.786865
353.070801
449.764648
-307.834961
9.907715
-76.258301
211.621094
-292.188965
422.872192
1222.089600
-114.585449
-538.743713
-353.609253
-1220.085449
342.588867
2967.054688
373.053711
-242.359863
909.028320
-156.747070
234.953125
818.391602
578.572144
640.109863
223.211670
-417.129883
-501.392090
285.353027
-31.099854
-318.147461
-1428.809082
-214.796158
6.425293
-366.012451
-1095.483276
230.350586
-314.826172
-7.524536
-1.691406
408.625977
91.502930
976.039062
1549.484863
760.140381
-474.830811
61.807617
-509.971680
-708.387451
-39.082031
228.362061
234.813965
-529.465088
-1295.586792
-244.524536
-488.968506
2760.280762
298.284668
-1619.382446
-527.906982
1008.664062
1584.196289
1789.983398
1400.666992
-1066.525146
-422.741455
779.562500
1331.003418
1222.977661
822.908691
-700.227051
-1004.889038
-243.130859
651.866211
495.709473
731.196045
217.525391
-1594.431152
-558.765991
-1537.819702
-782.989258
446.468445
-1158.725586
-1464.392578
-79.775635
1537.884277
2521.215820
847.431152
-57.425537
654.901367
-812.315918
-271.553711
-746.133301
-405.209229
941.053101
187.891113
-1408.524536
-892.794189
-104.290283
-105.230408
181.462158
-903.996582
-143.174805
653.464355
792.326172
1326.004028
950.354248
-415.796509
1629.031738
2167.977539
-916.581543
-1003.256104
1376.912842
-84.038513
-43.812500
1182.409790
77.132080
-70.795898
-1263.622559
-1160.905273
633.115723
675.406006
-587.288818
-333.973877
650.669800
488.189697
52.112305
454.415039
1404.273438
-394.501709
499.444580
2120.406006
573.390991
-233.555664
15.314453
-246.555756
-576.337891
-229.759766
613.262207
253.609619
-74.082520
-303.458008
-1055.791992
-885.766113
48.784241
654.511230
1710.078125
43.449707
-268.464355
-441.811157
-895.027344
1179.467163
-164.592102
-1042.619751
815.116455
406.112305
541.356934
414.169434
-616.639648
-130.618164
529.808960
810.358398
333.452698
-374.986328
610.047852
1420.151367
226.562500
-1289.033203
-178.724609
318.046387
-424.819336
-1220.868530
-82.332031
224.111816
261.738281
203.155762
338.843750
497.719727
-990.996582
-449.656921
-687.124023
124.354492
854.142151
1801.306641
3124.116699
-910.881104
-336.061035
2501.465820
3683.955566
1742.465820
150.949707
-1257.222900
-1941.244141
-600.455078
268.971680
729.742188
-1141.209595
-3747.545898
-3947.341309
-2068.815430
-1166.642578
-87.449219
496.996826
-1027.646973
441.868164
468.537598
-217.748413
-2473.607910
-2971.953857
-627.709961
-1561.866943
-1341.789551
-1200.137695
-1974.626953
200.968750
341.658691
373.669434
-922.291809
-1661.315918
-1260.691162
490.884521
232.032959
778.551758
68.692505
157.723145
984.076172
701.878906
-57.587646
-91.144043
5.795898
1738.497803
2912.885742
2506.818359
1364.268555
-87.315674
562.118164
-2887.185547
-587.503418
929.306152
-1245.857788
294.632538
268.758179
-1506.529785
1269.791626
1732.297852
168.754395
371.223633
1161.397461
573.774414
-200.120117
-786.241821
-2988.523926
-3730.186523
-476.924072
1761.475464
1859.176514
1781.038086
299.427246
362.225586
-957.392822
-719.506470
962.846069
920.065918
423.032471
-387.206909
976.945068
2466.073730
-22.022461
-1576.683350
-1667.187988
82.858521
357.879272
-3542.761475
-5437.477051
-1024.597168
-60.128418
15.380615
212.946777
-915.515137
-350.625488
1505.290039
730.770752
-574.254883
-1545.539551
-263.365479
-875.246948
259.284668
2369.271973
650.696289
819.502441
258.750977
-998.871094
1830.916016
1854.784180
-505.762390
401.586548
948.568665
308.283203
813.438477
1507.214355
992.293457
2500.831543
2131.712891
-193.501831
-148.000244
1264.677734
258.100098
-533.233398
-811.673828
-292.731445
-1809.536133
149.534180
293.354736
-272.542114
-881.311768
-1698.226807
-775.712769
803.980469
1384.511963
12.183594
-876.159790
-225.998047
668.244629
-689.017578
-1312.090576
-582.961914
-3.597168
-544.219971
-1451.612793
-2517.255859
-4973.033691
-1881.977295
1539.917480
668.880371
-332.515564
200.920013
17.284912
-309.685059
527.182068
740.233398
-477.507812
-2120.886719
-2089.500000
-750.874756
694.984619
1379.393066
794.878540
511.556885
-447.709961
-273.383362
244.945801
-135.684082
-504.015747
210.837891
628.199219
-772.521973
-127.705811
-171.380615
74.784302
-139.207092
-731.873779
-750.719238
430.803223
1660.914551
61.361816
774.301758
1127.268555
-1332.500732
-893.171143
157.115479
1500.961670
916.912109
-676.024902
149.681641
2582.979492
-490.696777
-943.479004
-1307.083984
-150.494629
-792.057129
78.270264
-655.628784
-521.389404
1130.274902
1944.926514
1074.173340
7.620117
-935.598633
353.401367
-576.865234
457.087524
-153.721283
-1258.343018
-715.218506
-429.736084
-580.757324
1213.709961
2688.121582
2886.257568
889.044922
-1241.833008
-3117.177246
-858.098145
1345.618164
-462.020508
-366.312744
-767.449951
-250.514236
880.554199
1578.531250
505.996094
715.458984
36.896515
-854.495605
-2197.699463
-681.002930
-1046.520996
-87.061523
-567.527344
284.171631
1260.625244
1188.525879
3136.158203
-274.842773
-131.796631
-596.813721
805.818604
-115.417969
-58.278564
1398.045898
160.645020
48.541992
307.794922
1057.470703
386.592529
-236.062988
-3082.806641
-161.134277
-1163.948242
291.703888
-1100.821533
349.264893
2315.566650
1151.096191
687.446289
-152.386230
410.150879
-294.574707
-2658.290527
-2052.892090
-326.339905
331.455566
829.993774
1581.853760
432.134155
99.137207
-686.320801
-631.748535
-923.910095
1321.762695
1278.578125
761.053711
-320.698730
-424.454590
1414.833496
109.789062
-708.411621
-1522.788086
-4906.667969
-1638.042480
-161.242676
-471.437012
-367.800659
402.841064
680.116211
-342.288330
-223.608398
1263.607910
2520.941406
1232.754883
766.099487
263.648926
-2694.263672
-1350.768311
96.073242
672.985596
4380.903320
3758.380859
396.965820
-1300.138672
-2481.466797
-1725.571533
-631.692627
-1961.173828
-4190.249023
-2404.547852
35.878906
-732.767639
-1593.368896
-740.277100
333.439941
2.630859
336.344604
622.844727
-653.288086
-3142.878418
-1018.220215
427.296387
413.610718
-971.913330
-373.524536
709.083984
865.041016
808.046143
1140.742188
1996.858643
3411.160889
1272.210938
-121.690430
-796.739868
-472.592743
2616.890381
5425.297852
1890.618164
167.566895
375.998047
34.337891
1801.054688
400.732422
538.490967
459.374634
-579.198975
752.312012
-29.187500
-42.078613
904.457520
978.142151
841.301880
-928.134033
263.432373
-82.557037
-2219.471436
-1171.939453
1206.918335
99.388184
-1172.285400
-312.262695
-361.549805
-269.909668
-59.666504
913.069702
644.832886
205.507446
-88.378174
1359.255859
619.437988
190.368652
592.730225
308.170410
-608.844238
-722.231384
7.051270
-938.545410
-314.988525
1588.205811
744.640625
14.571106
-615.530762
-858.805664
661.524963
978.802246
1580.127319
-151.474396
-339.339600
1828.349243
615.250183
-1190.060791
-1115.078979
-491.340332
-1363.736084
-498.383270
2845.545654
2121.922852
691.279785
-699.930176
-4468.566895
-3686.895020
559.097656
306.537109
-1112.360107
607.432983
-439.432861
-699.843750
527.077637
810.342285
432.320679
1269.028564
805.910034
877.750977
4056.204590
2151.897949
-869.238281
-235.089844
-434.562134
-914.299072
1052.268555
1777.089844
342.077148
-200.284668
185.304688
-1907.017578
-4320.704590
-2230.613525
-886.420410
185.069092
-246.109802
246.093262
-1487.548584
-735.450684
720.840149
-1078.746094
-857.430664
42.389160
-657.120605
-305.633545
379.172058
3183.236084
3577.947510
-759.206665
-284.023621
1205.085083
875.214600
-23.586670
-11.876953
-467.504883
-1700.524536
-1681.082520
-314.345703
53.866211
-1509.331055
-2558.384766
649.270752
-122.887482
-1351.328979
386.678467
-6052.004883
-8664.284180
-2005.541992
1129.963623
2006.548340
2082.129883
-2214.064453
-2264.935547
-4778.494141
-1247.574219
-775.466797
495.022949
277.152832
-702.789551
-431.440186
518.570312
890.624268
1367.243652
3083.264893
3370.700195
841.756836
757.241211
-392.577637
863.767578
5322.643555
5904.656250
2714.235352
627.900757
-542.614258
-1484.524536
1160.567505
875.328491
-1033.567871
-2412.437012
-260.804443
884.913574
499.008484
-104.300781
-831.288574
134.199707
1785.893921
167.179688
-748.160889
2226.812988
-1345.409668
-938.321777
-546.968750
-1575.714844
-2904.401367
-793.952148
-179.350952
2574.858887
3536.924805
269.788574
7.915771
-22.131348
271.002930
2079.156250
-713.636719
-1805.108765
-1186.723145
-190.668945
1175.701416
-1142.402344
1047.436523
311.941895
-123.772339
-315.080078
-685.588867
-616.337891
424.517578
476.350098
1926.306152
1020.970703
-1010.378052
-175.675781
-89.914551
33.637695
1720.136719
-614.085938
857.864014
1386.280151
1833.771606
576.782227
566.958740
825.137451
697.257446
348.803711
4128.039551
966.350586
-544.818848
-777.450928
431.587646
-1397.991455
406.730865
4262.663574
3246.273438
-588.243652
713.829346
778.560181
-479.673462
206.524902
2817.673828
2950.719238
1818.220459
59.181641
-1045.101318
-1094.898438
-249.614136
686.648926
-30.481445
376.039795
709.002075
-50.353027
1419.307129
274.935791
-350.491211
967.285156
2347.566406
2596.734863
699.532715
-365.744141
-183.531250
-868.375977
-221.238770
136.398926
-515.107910
-1009.912109
-1939.159668
571.675781
1817.861328
-394.657227
-1092.962402
-55.323730
322.830566
581.259277
-553.512207
-627.459473
566.902832
1810.889038
664.957520
325.922241
-697.426758
259.659668
-1634.518433
-2108.303467
-697.937988
240.293457
223.924316
515.639160
139.550293
813.201904
214.095825
1053.086426
-12.609863
514.037964
456.408844
-675.857849
-1013.742188
280.664001
-277.131348
-1084.599609
-325.185547
-951.333740
-1450.676514
782.852539
382.406738
-2688.291016
-666.234619
919.296387
496.548828
233.156250
-209.552246
-1180.392334
-847.921875
992.781738
1435.699707
-375.171417
-202.881348
935.259766
183.437988
311.046875
-333.676758
-879.588989
136.256836
319.936279
346.471802
1240.282227
1039.111328
63.244141
-318.495483
301.176270
318.751465
364.862549
228.655273
32.001953
1489.618774
807.458496
-66.999023
-347.244629
387.659424
48.979492
-422.154785
699.673096
392.276367
-105.700195
168.626953
939.237488
764.994507
1431.217285
1355.506958
188.313477
-1482.859375
269.918945
-166.693359
-225.905396
-3454.241211
-849.527344
215.968384
1894.311523
1072.180664
1985.512207
653.925903
399.352539
-156.150879
2819.459961
6110.142090
4520.616211
1523.875977
-315.758362
-92.166016
213.809082
579.885742
331.816040
-730.273560
-1200.606934
-181.367554
-386.209229
-106.442871
-37.672363
-694.848389
743.692810
890.967224
732.780273
1165.424805
-143.218750
297.601074
1037.168945
804.361206
-450.136230
1088.101074
1627.573242
847.144043
644.041016
-122.768311
-310.302124
-245.311646
220.826416
942.039062
849.394531
1733.549805
1269.169189
242.316406
1256.103027
1404.539062
-1230.504883
49.298828
174.501465
158.003113
-180.742798
-397.045166
957.107422
20.605469
-419.772461
39.098145
-864.172607
-710.238281
390.190674
-658.950684
-969.284668
266.354980
203.600586
1117.855591
-270.296936
-1810.186035
-1125.147461
-906.990234
-2967.349609
-245.411133
265.008789
337.926758
-804.760742
2085.787109
1264.806152
-247.339355
1734.457031
-2642.750977
-2891.506836
-2340.839355
-806.681152
268.479980
-609.877808
-865.864502
-441.455078
547.861328
1705.469971
449.450195
-97.939453
-2308.333008
-3823.681641
-174.348633
169.037842
407.475464
-1139.000610
-132.857834
466.295898
-922.351074
-1855.468506
-1513.701660
-568.503906
-531.182617
342.444824
107.480713
-1734.075928
1336.234497
659.294434
719.386230
686.180664
324.686035
1806.609375
1518.959473
483.166992
231.538574
156.273682
1183.445801
4147.142090
3686.142090
413.631958
442.193481
1512.702515
820.528564
75.590332
329.341797
867.857422
-898.443604
-188.926025
1486.078125
606.740479
1116.024414
1975.691406
141.666016
-735.597656
-560.239258
269.968750
1049.261963
1510.453613
-74.068359
-851.921143
99.384033
-1109.071167
-1692.598267
-306.538330
1161.266602
4455.135742
6473.336426
5039.065430
2145.013672
-217.942383
498.301514
836.024170
-110.846680
-638.166626
-696.202148
-518.161621
-1446.598022
-733.426758
-1012.155273
-1294.163086
-2487.067383
1430.554688
-1154.383789
-1667.520508
1592.487793
-336.423767
-1099.148926
202.205566
320.142151
-124.440918
-530.533691
165.263184
287.416748
-1297.276123
823.087891
3610.512207
1441.672852
-163.057190
148.327148
-1460.664062
-390.892090
808.996582
-372.635742
880.945557
841.054932
249.068848
713.570679
-372.399414
-170.202148
1313.700195
1702.121094
922.282227
-820.182373
-1825.938721
390.618835
792.407104
646.954346
476.990723
-811.949463
-1260.312866
-718.819885
761.924316
510.684082
-238.447510
263.940674
-1462.961426
-935.937744
728.636719
435.524414
-810.862793
-524.641479
-539.517822
1514.780151
336.389160
657.102051
-531.937744
-745.697510
734.460693
1126.977295
340.753906
-631.205811
-437.429199
845.069336
-1829.253418
-1273.061768
311.152344
351.985352
-299.616943
-493.674561
39.460449
-433.707520
496.398926
3685.554688
3011.820801
90.214111
693.828125
658.752930
866.300293
1822.393066
742.039551
1858.330078
-437.391846
-345.847656
3183.746094
1854.299805
1020.374268
-187.960449
302.424316
-332.594482
-298.900635
1596.274414
2912.468750
1926.687500
-101.850586
-102.089844
1315.751465
506.394287
-396.278320
-2014.684326
-375.821777
445.345703
-487.685394
-1141.756836
-655.748047
249.426758
-18.663574
-113.015625
-134.115723
908.189758
687.585938
514.475464
-1015.083984
-639.410156
1052.630859
278.677368
-971.540527
190.630859
-1780.160767
-533.986328
-246.809082
-416.475220
2449.524658
2403.497803
1466.900879
-284.493164
-1.682373
-65.276611
-2842.356689
-1141.856445
472.125488
-963.149902
-529.508789
-512.172607
206.880783
636.187927
765.475464
325.920410
480.724609
1400.861328
-460.390137
-713.931396
396.475464
-211.453125
-963.410645
-205.276855
-1823.680664
-7073.466309
-6511.479492
-1563.439209
-700.334961
3169.461914
2397.641113
625.789062
-1399.014648
-1469.737305
5.764908
714.481445
218.723724
-500.971558
219.742432
3106.390625
2987.744141
2485.130859
851.221191
195.137939
750.531494
106.560303
-140.117432
4013.292969
3452.880615
1048.154419
-150.234253
219.690430
659.442383
871.333618
123.777222
1757.428955
1216.305664
24.135254
-564.619141
1089.120728
809.825928
-902.195251
793.167542
1373.701294
854.475464
1046.252197
-546.490234
-417.071289
-645.510986
287.123779
6.416260
-859.762390
-4395.857910
-2531.108887
-559.255859
-975.977539
-254.078125
-845.179810
16.102783
201.036499
-573.587891
928.210938
861.679688
84.646484
133.272583
1493.032227
119.597656
-873.198486
-166.419922
-2389.694336
-23.738281
-2094.129395
-1875.208130
-448.321045
1153.380371
5687.121094
6098.003418
497.762695
-2124.255859
-948.459473
565.516602
1714.797852
1307.019531
-1020.612305
301.597656
-382.553711
300.916382
557.673340
790.016113
602.902344
-237.844727
-1577.502441
-974.971436
-623.980713
-1323.705688
202.050293
430.562012
1008.246826
1281.548096
-667.793457
-382.735840
1233.504883
1576.284790
-832.257568
-467.882080
-19.043213
479.117432
-963.547852
1050.753906
852.043945
1828.477051
3561.480469
1516.048828
675.464172
97.408813
240.010986
2979.166016
1772.182617
-1812.238525
-2258.965820
-1296.857666
-5.577637
983.708008
-501.313324
-336.462891
-70.027344
728.113037
743.313477
1638.043945
706.000977
699.901367
29.645508
-249.174500
472.743652
-594.934570
349.952393
539.005676
-595.917480
-249.896606
993.093262
-608.556641
-3080.502441
-1686.058105
490.508118
-83.114929
758.027344
1889.710571
-3200.044434
-7267.730957
-3136.676270
834.342529
330.493896
4087.820801
3453.744141
-786.050781
-366.581055
-2637.383789
-2007.960938
605.784180
2271.570801
4022.997070
2041.475342
293.993164
-981.913574
-660.246826
536.318115
-89.239990
-200.643311
1948.933594
698.071411
-420.352539
-169.376465
-2312.469238
-3056.857666
-2626.071289
-1254.477539
1633.303223
-158.742920
-878.980225
-520.407715
494.682129
110.150146
217.585938
273.949219
-898.214478
-692.909180
758.241211
1350.195557
725.504028
2339.600586
2751.835938
-4232.054688
-4037.776367
-4029.473633
-2695.913086
283.021729
1177.006836
277.362793
780.298462
890.014160
826.277344
-138.976562
-552.130615
706.475586
912.124023
3454.083008
-971.226562
270.830566
1329.084473
792.605469
1124.981079
-757.714844
56.573242
1055.795044
2912.316406
-234.481689
-507.508057
-659.271973
-730.836914
804.290527
6672.145020
6057.475586
1426.877930
0.158203
628.627930
-1108.524414
269.758789
1215.720703
21.274414
716.488037
786.132324
705.284180
170.286621
-443.607361
-2005.386963
-763.564453
-571.502930
-1431.833618
-957.415039
-872.052734
214.277344
1281.023438
2985.078613
2623.870361
-983.112427
-2489.866699
-455.962402
-1346.124634
-519.197754
-2147.956055
-3402.183594
-5890.310059
-1162.346680
583.462402
-2194.857910
-546.318848
957.736328
697.643066
936.139160
-1108.163818
-2072.055664
-55.297607
-1135.756348
-610.715332
-1501.156494
306.309082
-73.867676
-158.271240
294.900391
960.724121
703.717285
1078.315918
-268.506836
-26.841797
-102.791870
-872.530273
315.889648
2385.567383
3066.168945
864.799072
-583.517578
245.480835
1541.677490
1418.650391
-253.765625
339.501709
377.370605
-169.968262
221.125000
591.489746
3885.475586
3302.142090
533.982910
276.516602
732.704346
-382.535461
-1106.684692
-723.753052
-248.583252
757.776855
817.945312
1003.947266
-673.370117
-24.258789
-744.592773
1477.572266
3613.478516
4239.717285
-81.649780
-583.003906
1192.393066
1012.740234
799.047363
-706.544434
-6369.194336
-5637.900391
-1085.624512
-688.642334
-850.618896
-3172.757324
-8698.873047
-5068.069824
-218.390625
-1560.745850
-1270.969727
961.956604
265.642761
894.825684
641.750122
-587.565674
-525.762390
125.200928
-416.018555
397.118164
296.771484
416.156525
-957.776367
-1308.450928
-234.614746
-1258.506592
-1027.072754
93.180664
1168.302734
653.435547
-336.871216
467.015747
1136.637695
-33.205566
-485.483154
389.944580
2930.533203
4575.350098
1943.044434
307.788574
1026.076904
1104.343872
681.654663
-246.736328
-456.659180
461.086914
1207.770508
288.584595
1999.714355
2747.556641
270.712891
-48.546082
1376.635254
-405.141113
-1002.762207
-22.161743
-1160.849121
-3767.763672
-496.164856
1554.920288
-214.774414
676.429688
966.923828
-902.161621
-1.885254
162.722168
-1066.800781
301.249756
20.076660
-602.980957
560.002441
782.254395
245.301010
404.916504
-727.576660
-779.630859
91.035400
3956.630859
4238.600586
1171.852539
-2673.589844
-1919.784668
-454.563110
-402.999390
355.420166
640.878174
499.540894
-355.895996
408.506836
507.647461
-14.667969
727.146729
-1079.319580
-1430.759766
-1023.870117
509.830566
-38.248535
26.559082
1290.312256
1420.142212
839.596680
625.524414
817.766846
-275.084229
346.775940
452.109131
-681.944580
438.670532
1155.718384
97.852295
-509.247559
-1087.649536
-119.819336
326.111816
-946.781128
59.236328
1354.394043
184.395508
-673.985107
-1043.538452
-597.895752
-162.355469
86.790527
-470.405029
-560.611328
660.800781
789.163208
297.036377
1128.510254
1168.962891
-1449.841797
671.958984
796.170166
-611.955566
-526.811035
-550.493164
-2341.846191
-1192.245605
274.970093
-1515.044800
136.488159
773.040222
12.444275
278.202637
267.013672
-1376.311035
-569.538574
-1609.218018
1208.786133
694.126953
-160.366211
-190.771362
-950.629639
-421.551239
61.051758
-553.138184
874.601562
1573.742188
853.168457
285.003418
536.322754
429.837891
869.897949
-124.490234
-1305.129150
-705.524475
-1399.509399
-850.811829
1459.152588
69.877441
23.249023
-368.028564
-146.154297
-103.177734
1369.073730
801.903809
-325.699707
-253.206543
195.378662
1092.440430
4613.162109
3005.601318
-32.397461
215.922485
-2266.991699
-1217.805298
304.742188
-1056.296387
-1199.990234
672.310059
-376.018799
-27.611328
1199.854248
880.261230
-237.028809
594.289551
118.485840
-298.167480
-179.600586
-569.886719
-722.551025
1159.827637
288.194336
-988.415222
-473.656738
842.294922
832.857666
643.080200
-1866.957153
-764.739014
726.111572
-637.110352
-1659.083984
35.027832
840.791992
95.378418
1498.618286
739.613525
128.634521
-195.189209
310.477051
1431.527344
-14.678711
-566.507202
821.868652
1364.411621
-520.025879
-3112.241455
-3734.071777
-1247.192383
-853.106445
1192.736328
1855.071533
99.931152
-232.696289
543.265137
112.568359
1027.503906
656.241699
-159.371826
790.425293
-1036.288086
-1398.591797
1152.126953
-743.380310
-61.307129
449.176758
336.189087
-42.660645
-879.986572
-820.954224
-136.688232
114.602051
-114.941895
-252.296509
1179.264648
1894.862305
982.833984
596.659790
321.405762
-306.170410
-520.128174
712.062500
1566.039062
3027.651367
3893.759277
1061.826416
-560.202393
1452.816406
-758.096680
1719.923828
3597.150391
1404.431396
-1376.565796
-821.304688
-936.243652
-1723.781250
-1683.453125
1179.169922
159.741211
107.142166
147.313965
-1014.954468
-1891.524170
806.994751
1228.515869
-811.522705
757.328247
-56.479980
266.807617
-492.184570
-2102.699219
-272.857849
-447.614136
-1849.059326
-530.346191
409.517578
141.302734
330.090820
-1538.617188
-102.319336
-1393.121094
-516.824219
1144.904297
-992.868652
-540.035645
1886.769287
6321.164062
2914.232910
823.145874
-290.116211
-254.551270
-410.527832
6.198730
886.167236
1762.091431
666.546143
-129.494263
-234.487671
1600.910645
641.243713
388.217468
64.677979
193.408203
1286.144531
530.161133
1080.475342
1482.074707
788.151428
1137.800293
75.208008
-273.304199
-1570.037109
-4580.175781
-1427.350830
1507.004395
753.000977
1326.130615
666.886475
949.085938
2388.889648
1219.375000
598.617676
2130.458008
-96.443359
-965.568115
-1497.661621
-182.389160
298.322754
1607.083008
134.258057
-597.263306
-655.582275
-134.818848
-915.971924
1431.187134
2196.019531
1399.939941
-1118.427246
-480.317505
482.277832
-399.867554
-1078.510620
44.513184
-197.557129
389.925293
707.839722
-221.743774
-844.095459
341.176270
686.415771
-249.947266
-1333.063965
-737.096680
-874.103516
-1795.641235
-1105.857788
-3058.388672
-4013.626953
-4243.825195
-3175.415527
-730.024902
394.348145
1120.170898
105.437500
878.337341
1050.017578
178.687500
660.142151
-176.034180
-949.731934
-178.493652
89.697754
-4.704590
590.129028
-1032.806152
-2452.338867
-1079.345703
785.692871
292.765869
303.576172
436.948730
482.142151
660.149719
-35.376953
-46.674805
889.401611
1703.500244
1028.965088
-439.003418
-462.026367
-304.292480
1330.581055
-2.898438
328.973633
349.903809
-30.871582
947.767090
1752.517090
946.516296
417.621094
417.136719
3204.484375
70.334961
387.455078
1012.280762
1526.962646
700.933105
879.818604
1192.537964
806.913940
-1081.245361
-1714.952637
-138.183594
1560.119873
1459.673828
-257.133301
-348.963379
13.909180
790.625977
-465.786987
-290.086914
1878.642578
1665.395508
439.770508
861.810547
1980.245605
4165.657227
5233.091797
4516.918457
2649.722656
106.250000
442.414551
1625.075439
-1301.371094
-1981.224121
-754.387634
-1561.656738
123.052734
1012.131653
492.958008
-173.303711
310.805664
959.558838
216.343994
-79.596680
-938.785889
-902.009277
513.929688
1273.083740
-736.695801
-840.374634
-690.197266
495.925781
947.364746
-590.092651
-990.740479
-916.284180
-1613.505371
716.629944
846.917480
-1180.221680
-2035.344727
-285.679321
297.228638
-139.623444
-565.463867
-892.208008
-518.002197
1137.824219
1467.808105
973.552124
-975.021729
-836.849365
-158.027710
304.654785
683.931641
2660.657227
-378.303711
-588.355469
-185.847168
-949.650024
-921.654297
1147.853516
1803.725098
1370.592163
888.599121
-72.027344
869.207031
-1866.836914
701.210938
941.853333
197.319092
369.758545
532.809814
96.361572
-384.249878
-2238.166260
-935.890869
-575.869385
-177.118652
812.124756
863.377747
1044.187256
551.841064
780.888184
220.455566
266.051270
710.132324
-332.335083
652.472656
248.297852
-100.483887
438.846558
181.307617
-202.833496
469.738525
272.970947
-140.493652
-809.253174
-471.219971
-226.413086
-1674.671631
2791.780762
4368.676270
6216.177246
4327.643066
3314.189453
-681.502686
125.176758
365.781738
375.020508
-1412.353516
-92.761719
3846.526367
3213.737305
1333.225586
870.812012
-780.682129
2488.724609
1474.132812
-687.652405
876.921387
-1651.875488
-2393.144531
-1521.422852
-64.652344
340.785278
1277.229248
5.260010
-869.563477
-448.263184
-232.412598
-947.814941
-1190.862427
-318.494629
1727.669922
1856.187500
771.037598
-944.151367
-1939.635742
-3899.526367
-3569.473877
-1051.437500
1302.919922
-1641.791016
-3313.350586
-607.042969
959.715332
714.959229
-393.359863
-89.560547
-771.348389
-2898.535156
343.621338
430.026855
-1041.804443
472.327637
-2514.181152
-1394.327148
-174.799438
-1408.047485
-252.875488
253.470703
-420.499023
1615.986328
853.597900
806.836792
1100.997070
593.191895
1863.407715
867.278320
741.586670
1765.392090
-159.349121
-324.106445
739.804565
204.500183
376.722412
526.249512
-630.366211
-760.083984
471.742920
690.812744
-516.735840
-737.256592
32.452637
105.293587
1025.182129
1544.988770
520.239746
184.992554
900.915527
-1478.530518
-782.774170
229.383789
494.854492
-1081.533203
-1506.849609
-178.886719
-50.714844
497.959961
527.235840
301.458740
1736.035522
568.136719
2609.019531
2590.606445
1954.836426
410.249756
-988.409546
-724.853210
300.811768
372.081543
633.209045
-447.789062
442.152100
1123.936401
84.562500
942.552979
728.143555
2017.831055
-1053.599121
167.209839
-316.065430
12.198730
697.619385
31.808105
570.020020
1269.806641
-142.615723
341.478760
2255.510742
1134.272949
798.103577
1322.162598
-1211.254028
719.993652
3566.416016
77.239502
-247.381836
542.444336
-777.682129
37.553223
342.299805
-214.126556
1026.830078
1938.696289
735.393677
-520.428223
-178.332520
-1357.692139
285.860107
740.155029
472.020996
243.448242
-544.186035
-48.494141
403.014038
1365.514160
1423.978394
1031.805542
699.343506
710.000732
740.042969
-687.185547
-759.875000
281.531006
-101.493896
-599.395508
467.104980
-264.796875
964.607422
198.541016
-467.974121
760.475464
445.418213
971.665039
2366.642090
570.152832
-2206.270508
-5170.120117
-3121.749756
931.284668
2867.589355
4243.326172
1244.696777
191.302979
1665.229004
778.801270
2046.194336
2396.070312
2094.460938
-747.818359
66.529297
-354.194580
2722.699707
644.666016
533.245117
-1405.189453
-782.740723
-467.802979
325.606934
2889.686523
1001.717651
-275.196289
214.020020
-37.908447
305.989258
2228.133789
-470.752197
-2096.456055
-2026.500977
-461.345215
999.285645
1738.698242
-1023.221191
1080.659912
198.876709
-1855.578613
1160.264404
1388.798340
-195.107056
1708.229736
-802.900391
-1488.139648
609.952148
81.363281
-571.209473
-503.421967
-509.747070
-84.390137
-462.145508
-1426.967407
189.286255
96.949280
-661.622559
467.490173
323.871094
-503.532227
-537.627930
-576.466553
593.105957
-1298.166016
-3668.551758
-1112.466309
-125.395142
773.932129
1420.495361
-35.250977
745.210449
1024.549072
-787.666870
-762.456421
-988.455811
-615.979980
-82.625488
-26.273926
-792.720947
-488.005859
561.874756
-69.872070
-37.973145
776.439270
74.343506
148.929932
1411.947998
571.617920
-793.578125
-195.925293
510.102539
-109.805176
363.758301
825.540039
276.061523
76.202148
191.308594
850.183594
199.819580
1076.364990
1549.827881
869.257874
-34.117920
-1176.332642
-684.885254
-10.335449
55.707520
308.609375
245.284180
959.899048
1456.782837
-238.657410
-965.319824
-1303.226074
-541.907471
231.532715
19.816162
-13.313232
1055.618164
3072.711914
2503.034668
-541.527344
-259.846680
-850.234375
328.135254
4073.718750
2048.579102
3227.885742
3188.436523
900.553711
-448.495117
-1113.924805
-1435.463867
-1247.447266
1815.020020
1060.777344
1373.891357
748.519775
-1834.883789
46.712891
48.305664
-916.080811
-2028.196289
364.456055
173.072754
-650.560547
1393.781250
-862.083984
1518.156250
-826.309570
-77.730286
441.104492
291.571777
761.948975
-268.827087
-1641.857666
-733.825928
273.960022
-296.990234
605.158691
1866.769531
863.834473
175.551392
663.171570
-360.642090
217.529541
-362.487549
4127.395508
4426.487305
-148.717651
763.833740
866.779785
-214.229492
-1400.235352
-1084.881836
679.799805
-2032.312500
-2628.321289
466.475464
550.612183
-1409.031372
-356.502930
-646.057129
-3380.793945
-897.796387
639.750854
-413.915894
-334.787964
172.684570
-1110.773438
-3763.866211
-4570.333984
-1756.523926
-579.943848
104.479370
1154.630249
-172.308594
-779.792480
-530.717285
531.199646
1606.691895
1480.547852
1739.882812
-112.096680
207.577637
-56.649414
-213.137451
363.436523
-1521.711060
-589.123779
467.866943
514.650146
1150.348999
-1451.024902
-541.074219
671.100586
1276.277588
1459.642090
664.744629
-183.128906
140.886719
-2154.734375
-1979.230103
1465.650391
525.916016
-156.693253
-292.819824
-1146.207764
-2699.658691
-978.700684
1412.204346
418.685059
-1584.470703
-681.000732
-793.493652
1246.694336
1508.560059
-1204.922852
-1528.984619
-1040.551758
676.874023
-1979.554688
1317.050781
-672.336548
-1410.889893
305.091675
-665.119507
-1957.765137
406.679443
1636.961914
1851.794922
515.656250
-1442.082275
-603.153320
-311.436523
1662.642578
1675.713867
-626.767212
-1208.752441
-1601.315430
79.289551
304.476440
931.002930
1290.156738
16.477783
694.974854
1233.237305
21.570312
229.598877
-17.816406
-516.055664
-1925.495605
-394.336426
-459.697479
232.475464
-373.506592
-202.921631
-87.886719
552.196777
1514.467529
1377.235352
891.204102
270.238647
-852.416992
-916.620117
266.942627
879.961914
2094.359131
4983.809570
3511.240234
-853.831055
-860.746094
-108.916504
807.138428
-531.948486
-1170.667236
-672.966797
-245.278809
-86.208008
-1199.609375
121.750000
323.418945
357.908447
631.665283
504.460693
-221.776733
109.630127
942.644531
-2330.832031
-168.865234
-674.347656
-384.463745
-212.169922
105.080078
-1243.748535
140.392578
1200.881348
-394.504395
455.874023
503.880371
404.561523
1138.002930
623.336914
-9.305542
-1100.857544
-1242.282715
-1189.567139
-1483.191162
-309.993164
1027.013062
950.694092
1428.600098
865.972412
-558.539307
-1782.534424
-598.068604
621.112427
-803.139648
-1178.906250
1417.311523
200.079132
426.141602
1866.269531
35.865723
563.436279
-697.724121
-37.964600
1275.989014
846.202637
914.282959
301.515503
-97.489868
321.038605
107.090820
120.786133
1232.273438
-549.617188
325.807129
-48.946289
2021.870117
3291.918945
1257.317383
-675.700745
-212.390625
856.545044
-183.871582
1020.607910
-427.384033
-1246.152344
-554.285156
-3891.409180
99.193848
987.680969
1174.693604
3393.212891
3528.114258
506.859863
-684.723877
-1297.709473
-1341.633789
273.117188
1233.928223
307.142151
-550.966553
423.488525
401.298340
-687.553711
470.424316
740.697998
-1095.486328
1145.385742
-892.965576
947.833008
2451.347656
382.367188
-3351.490234
-4400.551758
-2535.373047
3026.050781
2653.667969
3434.439453
1268.113281
2672.855469
-2666.351562
985.631836
776.633789
1763.050293
-671.659973
-1527.283203
444.718506
55.929291
505.806641
-716.274536
-916.758789
1311.039795
160.182617
202.835938
-182.977051
304.231445
-239.272217
-862.911133
124.756836
442.078125
-486.925659
358.793457
-1133.589355
-918.908203
-353.091797
-1203.081421
-3.439453
2047.008789
4200.369141
4301.062500
-17.509766
-250.894531
150.937988
-838.941895
384.491699
-14.354736
-97.397705
54.371094
-2047.027344
-2318.526367
-1816.254395
-1257.223389
1052.312744
980.791504
336.470215
-614.078613
43.360199
-189.479004
-2209.014648
-2890.732910
-415.201050
-226.094238
375.669922
737.482178
-497.845703
2365.156250
-56.006348
908.875000
-1119.679688
-1411.698242
-223.746582
640.880859
133.215820
-169.224609
-673.289612
-2598.510254
-963.276855
127.406494
-367.573486
265.013672
-33.069824
-199.208984
602.696289
931.107300
298.475464
-1086.863281
-1309.213867
-338.850586
97.518555
217.391052
-1034.010498
507.298645
547.653076
-396.622070
535.936584
-828.380859
-405.105469
-42.840820
-370.503662
1234.253662
1528.168701
2065.188477
1511.779785
1430.316406
-597.069519
-434.040405
69.899780
-390.540771
785.424561
1302.922852
-573.354004
84.071045
-401.251709
1211.913696
5819.604004
-4261.274414
-756.443359
121.760010
-1179.011230
614.205078
4929.097656
5956.221680
4917.612305
1976.614258
-1209.633057
-710.732422
926.545105
-303.906250
-1337.905273
-200.702148
311.144043
-611.281250
402.759766
-2602.293213
-6451.088867
-4320.646973
1937.828125
-309.131836
-45.816406
387.838623
-2195.092041
-1078.498535
510.145508
-1724.481934
-1272.652832
-96.326172
-274.395508
831.257324
817.335938
944.508545
208.923157
-751.546875
243.355469
9.799316
-1098.442139
907.784180
147.099609
218.400635
400.423828
-818.533447
35.912598
913.688477
1557.705078
-1470.060059
-1947.295410
-2353.489258
2242.763672
1272.375977
-1992.564453
-2750.585449
-3604.600586
-629.720459
765.843750
-88.920326
672.016785
-172.873169
268.092773
1760.539062
34.653320
289.376831
-1296.331055
-1306.080078
2519.770508
975.291992
346.986328
-2876.298340
-2757.814453
-1206.665161
328.964600
1803.371826
2095.897217
482.815430
478.969238
-64.541748
-365.238281
408.348633
-476.930420
-517.563477
989.150391
789.733398
1898.047363
2905.805176
-83.436523
-956.637939
744.312012
356.437500
130.919922
697.267090
-252.028137
12.557373
-2235.268555
-2364.721191
-364.077637
-1321.768677
-2251.168213
-517.480469
-331.523926
-2054.634277
-80.140137
-532.378845
-1430.905518
-687.615601
1112.641968
97.364296
-662.269348
248.879883
226.057556
-278.829834
-319.282715
1160.725342
46.981201
-316.718262
-216.425293
-1837.917480
-664.212158
1160.375977
480.078125
150.667969
-567.521973
-1639.856812
-1886.965088
-74.849609
519.221191
-544.877441
-104.636963
95.896606
-543.137939
423.583496
659.214844
-177.108887
483.025696
1184.729004
1282.210449
1105.148682
642.413330
639.945312
620.211426
417.282227
-167.851837
-299.670959
1632.810059
2400.292969
2141.747070
-296.999023
-862.425537
-59.516602
-281.180908
-17.143066
654.071289
1.723022
47.504639
227.488281
-504.766846
88.032227
-387.261719
-812.420410
1108.973145
986.586914
1495.000977
-961.622559
-907.412598
547.531250
-681.708252
-345.815186
1204.593140
1071.898193
282.212402
1512.252930
2439.701172
1426.603027
-785.765503
354.105591
375.914062
2278.929688
80.645508
-601.874268
-719.463379
1012.573242
-64.249023
55.542175
372.253662
523.128906
481.086670
346.098633
71.794922
-193.669067
-922.428223
1566.189453
2266.582031
170.984375
-1264.688477
-2528.528320
-187.427612
153.427490
-252.816284
1554.467773
558.826172
-699.334473
-1466.170654
-1672.151367
-374.021973
-1038.324707
-555.730957
-589.994629
1428.781738
1027.274048
1184.151367
53.446289
-159.620117
-692.205078
-3738.934570
1369.196289
1348.212402
664.720337
-396.366211
-2300.550293
-2067.709229
64.478699
-1206.547119
-749.972900
528.637207
-257.660522
2944.308105
4736.469727
3385.572266
433.860840
-1396.135498
-820.854614
-1278.693848
70.817627
-452.862427
-876.446289
692.732422
-1717.309326
1137.833008
176.627319
-778.421631
-34.495117
-846.921143
-62.507324
296.848633
-1262.735352
509.497375
-393.026062
-1629.012451
-222.818848
560.607422
1408.152344
1374.066895
453.234375
567.616211
-615.306396
-48.686508
955.126709
-1025.450928
-1223.636963
658.333008
1267.545898
-510.850098
-263.227783
-585.372070
-77.335938
161.800293
-2.796875
-738.479492
-2403.979492
-1703.988281
269.094238
432.149292
935.443665
-1495.035156
-5762.303711
-2812.738037
718.002441
620.158203
278.744385
-1078.467651
-1240.755127
-338.183350
-870.593750
-775.659546
-873.857849
-62.913086
851.994141
388.754395
106.110352
267.625977
323.241699
-1177.490723
-1558.630127
314.190796
527.003418
-483.953857
311.174072
-34.719727
559.056152
876.672058
-8.467346
-658.586182
-270.246582
-479.635040
34.755859
-138.031250
669.886353
1666.559082
718.185547
852.884766
118.102051
-524.890869
-48.540283
1138.501465
368.290527
-753.177612
167.155518
1304.572754
925.965088
1904.967651
1766.335449
552.162598
-510.640137
-3055.361328
-2194.753906
-370.639648
1012.225098
3137.664551
552.308350
-321.454712
1519.266479
458.413086
66.811523
-2109.263672
532.079590
-431.762939
-903.400757
-964.487305
61.289795
1524.947876
-628.707520
-314.507629
2519.687988
462.103516
-205.859253
-1402.685059
-1693.543945
39.762695
583.975586
786.651855
1672.099854
106.033081
-706.659668
-979.714355
-39.091370
-531.995361
-602.796875
-1248.594482
-807.141602
-277.916016
-602.468262
1076.325195
3709.114746
112.953003
-965.525879
613.413147
-277.633789
34.436035
365.754395
-347.476624
323.727783
-477.098389
-545.425781
-86.255615
965.227051
1092.815186
128.919434
-804.007690
13.592529
-743.895020
-916.958008
-2761.319824
-679.888428
-395.778564
611.167480
-360.277344
1076.664062
3043.737793
3065.458984
488.210938
-520.385254
224.915527
-59.514648
-372.768311
206.896484
-4342.074219
-5689.061523
-339.097168
1629.893799
2243.809082
995.065918
-1322.946533
-618.535645
-754.778320
-860.512207
356.903809
-100.435547
-760.112793
-580.510254
-1007.454712
-785.920654
552.593750
98.798584
857.797119
1034.625977
843.189453
863.368164
-467.576752
-196.090820
-766.820557
-789.159424
-47.207520
101.126465
525.755981
-697.619629
-262.481812
1697.340576
2116.732910
1223.749023
-611.167969
-1257.693726
-1862.708496
685.065430
1236.024414
669.749146
-749.693237
1033.488403
13.665771
-490.784424
-38.496216
-1161.457520
-593.373535
1038.845215
-531.114990
-180.766113
45.634277
-1608.790039
1429.911621
966.658813
-999.842773
-846.709961
44.243164
814.871948
712.247314
194.071289
-837.586426
-411.220856
1596.536621
1780.445435
136.163086
409.754883
822.387695
-172.425293
1078.188477
932.341553
-211.624390
-679.269531
-1922.333008
-253.587402
-1531.021240
-605.931641
-372.907227
1865.088867
816.062012
468.408936
-781.839355
59.166016
1234.080078
1163.679443
1224.090820
-802.786133
-3451.441406
-2023.978394
-232.577484
1020.491455
411.788574
258.558838
1303.081543
1335.785889
86.809326
-397.230835
-110.384766
323.077148
-99.666504
1009.349121
735.053711
518.924805
51.089844
-473.052246
-542.892090
-950.412964
-130.374756
-219.084534
-344.451904
-663.133423
24.607178
119.270996
-1352.672363
-4116.162109
-3182.720215
-908.101074
-118.717773
1192.790771
850.523865
-216.856369
-458.412231
-247.051025
-1476.860718
-881.675171
113.530151
-144.551514
-166.489746
337.101562
-1003.583984
-1242.554565
-240.618164
988.545776
988.993958
139.017883
-79.757812
854.770508
103.146484
-808.483276
-740.251221
-1033.711426
222.757812
627.659180
-716.825562
-156.666992
723.739258
103.315918
2881.375000
3591.491455
1105.127808
-949.562988
-662.193604
-566.426270
-384.922119
-61.202148
-358.674805
-525.336914
-133.778320
1189.438721
-92.432373
175.830872
768.978027
603.453125
4118.561035
3962.291260
598.971191
-401.856445
685.550781
1286.978271
1344.873047
369.529053
315.838379
1572.346191
2319.456299
215.607300
-548.286621
65.915527
-1204.688965
-19.578369
-435.274902
-192.034668
611.246216
661.373535
331.429199
-95.889404
-771.452148
-1894.562988
-544.532104
52.113770
-541.188232
548.929199
322.050293
-374.766235
-43.238281
-505.164062
444.117432
540.694824
-1681.166992
-4463.734375
-2968.985352
-917.715332
-1045.166016
-1342.183594
706.410156
1116.883911
178.772461
440.624023
1356.089844
5006.121094
3031.057129
-461.002930
236.561768
1405.443359
715.727295
514.800293
-3260.752441
-6805.625977
-3322.088867
296.537598
2786.813965
2580.645020
105.017090
-3593.919434
-6084.110352
-2455.171387
738.031006
59.935303
198.769531
931.658813
-452.786621
-17.849609
-482.481934
-65.385254
723.447510
-662.928711
-484.373535
-273.898438
-1118.570679
-463.781281
-596.201233
-602.498535
271.956055
223.673828
1144.142212
427.679932
-1931.386230
-3604.056152
-2885.526611
352.073730
-868.512573
-377.641113
1060.249023
1190.458984
245.475464
495.779297
25.468750
363.206299
-659.245605
-1146.975098
-616.565186
-191.986328
914.775391
-156.663574
564.723145
560.266113
1591.583008
552.842285
655.502441
1288.353882
-265.629822
-200.127182
2014.113403
485.350098
-1169.023682
1006.753418
851.243896
371.153320
-517.100952
-326.006836
263.336670
56.706116
-80.035645
-155.957764
2077.970947
3877.368652
1185.546875
-283.867188
1336.694824
-551.925049
-1827.871338
-1315.730469
-1076.780273
-527.524841
2005.346680
2696.398682
502.239746
-764.775024
371.194580
336.052246
-1298.831787
-672.194824
-779.064453
-684.503174
1019.502075
1122.626953
1554.226074
333.987518
-635.914307
701.018799
-538.738281
425.955444
1511.341309
432.350098
1048.184570
1498.758545
1032.322998
632.223145
716.748047
-157.792358
-1625.470703
-768.763428
829.625977
-798.037109
-117.485352
404.385956
-2857.668457
-5506.195801
-3277.931152
757.278320
-223.497070
-1356.530273
24.062988
-1903.689453
-2951.756836
-159.202148
1157.972168
117.460938
400.924866
631.587524
-693.207031
463.471313
497.663086
-1006.282715
-1132.568237
-382.307617
253.055908
-16.176758
-116.003906
967.219910
1525.159912
629.515137
-72.912109
462.630371
-126.507446
2324.965820
1843.371338
-241.451660
394.686035
67.353516
3750.064453
5842.747070
3463.093018
306.259277
-587.998535
724.475464
1328.393066
313.927734
-339.536011
203.955811
1570.898682
1167.205811
-1749.011719
-3158.701172
-1767.059082
621.756592
2134.305664
2550.049316
127.038086
-475.508301
1448.159180
503.980225
1.475464
155.123291
852.576233
712.305786
764.969727
2982.329834
2551.890137
-460.368774
314.453857
1173.919922
392.561859
-597.093628
-1093.733765
112.472168
157.721191
-486.680664
383.342773
845.790039
130.527832
34.175293
131.434326
-828.941528
302.352783
1244.082886
168.609375
97.478027
-66.631104
135.076660
-668.404297
-598.163086
-2488.599609
-3295.025879
-576.400635
551.139893
-810.659668
-336.377197
-68.329102
-416.342529
510.311035
408.914307
1318.973755
1095.720703
-625.862427
1504.308594
1749.473389
-68.240356
1864.485229
1367.327026
214.183838
-882.648438
-1541.450928
-668.163818
-480.374634
-452.929321
685.854980
8.452881
-670.642273
-1496.922363
317.763214
2753.246094
1961.313477
-504.524536
-199.325439
283.010742
151.038574
-299.587891
-1750.788086
258.168579
794.669922
2360.679199
1017.395752
-571.354980
-2559.086426
-2965.972168
351.221069
-182.649414
-420.982910
188.892578
-942.600525
-731.294189
284.898560
-189.551758
-906.546143
-906.434387
1310.768799
1327.174805
-141.569336
550.706543
583.129883
-576.092529
267.182373
1096.296387
136.124756
825.425293
5634.293945
4087.407715
-337.642334
-46.705811
-318.621857
1424.213379
4289.678711
1645.744629
-604.425781
-916.705811
-864.359131
-491.795288
-726.180542
-505.706543
-307.734375
-364.838379
624.219971
983.407715
928.960938
-417.951660
-616.006348
-230.269531
-1346.529297
-1881.030762
-721.344238
-438.912354
-822.310059
-131.508301
141.430664
-406.114624
810.037720
1094.098511
350.365723
-786.119629
58.450928
584.939331
801.527344
434.778809
-211.554199
494.419922
245.276642
-847.467285
-1115.026001
-614.682617
-1393.226562
833.844727
150.161133
-533.695007
641.825684
455.086670
594.746826
391.873535
-10.457031
-791.042480
-1251.826904
-726.308594
-314.720215
1374.113159
655.741699
208.103516
1913.744141
173.322693
-495.398315
2122.053711
115.687988
-53.936035
-390.959961
-376.865723
56.866211
-1088.243164
823.096191
-78.150879
-158.198242
1096.548340
-441.681152
-53.103027
-308.401550
-1124.781494
745.143433
297.556152
333.772217
662.840088
-239.413086
-1611.466797
-1577.249634
-2895.892090
-3044.977783
-614.171631
356.367554
-438.305176
-1854.162109
-2495.001953
-2302.184082
-1232.297852
217.177246
-277.141602
-163.048828
-1315.308594
529.414795
1269.995728
-708.161377
-221.450195
-3201.427979
469.283691
-697.027588
-882.021484
-157.600586
557.942627
542.212891
766.256836
2412.539062
-488.476318
-2391.351562
-2797.055664
-505.768066
1037.142212
849.968262
798.208984
1135.202515
-3.911987
739.596924
2018.142212
1525.575439
331.208984
-106.675049
-955.166992
-976.659851
-250.864746
704.175537
1998.681641
-417.793457
-1382.267822
-1515.279785
-867.347656
-650.201172
1324.927979
1092.550293
-758.144531
1136.450806
304.938965
-189.514648
-811.072510
63.975342
1756.309570
1591.919434
558.159668
-633.342651
-235.733398
-644.333984
-1016.778320
695.861328
10.522461
1079.831177
-591.782837
-1383.162964
856.183777
16.270020
-2444.636719
-246.907227
2912.702148
3018.536621
113.576416
885.675903
998.020203
95.295135
6069.854980
2353.154785
-1468.065063
284.305420
71.900757
3325.730957
3767.281250
160.969727
812.862305
955.059570
4032.368652
5042.198242
797.919922
-1451.007324
-1123.409424
-34.889648
2935.555664
234.049805
-2637.434570
-1534.596680
425.340332
918.502808
1091.887695
-62.502930
356.219238
1750.307617
619.417480
-395.991943
-542.317139
-1070.963257
-139.399902
1535.551758
420.443359
-1130.469238
-1868.928101
1199.394043
376.841309
-642.809814
-257.224121
-3755.955811
-3258.095703
370.403320
-10.272705
-1545.214355
-889.012695
257.763672
2270.243164
977.492920
-883.524536
-480.405029
-1632.541016
-3871.249512
-1119.130981
-1772.577148
603.504883
-1271.256958
518.871216
-1233.499512
-1549.738525
-914.627686
-1397.191528
-862.798584
-1096.906006
-912.702148
-55.982788
-496.051270
-946.912109
2588.704102
2483.815918
-1037.153809
-549.124023
-211.628906
1628.649902
1633.819824
178.041992
-626.643677
-118.992188
-769.953125
279.506836
22.525391
241.072754
252.752441
-894.125977
1177.825195
568.015625
-396.829987
1158.937378
450.236084
-357.638184
-898.740723
-467.794922
-377.431152
-884.534119
-42.339874
974.500122
1264.909790
-25.542480
32.740723
304.507324
-727.654785
211.467285
-833.540039
1217.668701
-1303.524536
-1410.977783
-285.013916
383.011841
931.753418
1083.595703
-1462.187012
-1203.140625
-1238.071045
565.273926
463.017578
-309.739227
-733.452637
735.578125
241.849823
756.156128
1185.100098
-1426.802734
262.832031
-549.403320
-3375.524414
-1793.336792
-912.591675
55.715820
1420.580811
1509.695312
345.560547
433.642578
-1129.153076
-905.858398
1556.768555
-184.653320
-706.754395
-74.836792
791.678833
793.399170
-372.895996
-205.431152
-1028.820679
93.769531
-203.430176
-983.827637
1074.236328
1720.257324
827.437012
-773.356934
-2085.572266
-4476.320312
-1513.553711
651.469727
120.410645
2437.880371
2349.366699
364.406250
-719.918945
-109.782227
845.051758
-564.441162
1837.080566
3533.286621
3765.741699
-170.265625
-1202.000244
397.114258
-70.521790
1024.531494
1354.520020
983.763428
-109.621277
-56.020508
-570.369141
-794.987793
-270.957031
-379.479492
2485.268066
4784.444824
5543.890625
2128.588379
96.215088
-537.164673
152.927246
2770.912598
1660.678711
-18.145020
-411.539062
-705.820557
553.210938
1470.801758
555.177979
33.493896
203.316895
2.199219
223.652893
1195.741455
-968.172119
-2192.002930
-932.003906
-305.864258
1617.823242
483.712402
-495.740479
109.671631
802.787354
309.055908
17.964203
10.441895
-1895.980469
181.480957
702.402832
1302.500977
2582.230225
2263.978027
1571.053711
-4399.063477
-2635.618896
397.598083
-790.527832
342.969238
-413.339600
-1255.831055
1524.083496
3754.837891
5060.287109
574.496094
44.591797
-1603.559814
-1653.524536
442.849457
-663.855713
-3399.001465
-4276.763672
-1887.688721
192.853638
-71.284180
1079.204102
-197.030273
-288.631836
-1301.317993
-1383.045898
-312.934082
-185.029053
-1297.456055
1198.211914
-609.350098
-635.870361
-577.732910
-1616.464478
-95.368896
-396.043579
-433.611816
-723.220703
-25.159180
-59.395020
821.100647
1452.373047
904.901123
466.309998
-148.377197
-255.334961
835.825684
1278.596558
-166.379883
98.705078
-89.331299
-578.011475
-735.742065
-51.679443
-627.472168
-826.849609
-579.150757
-328.520508
52.347076
722.892334
-202.469971
-222.133301
1817.540527
4528.634277
4575.772461
2218.251953
-1489.156250
-840.149414
997.157471
2554.205078
4382.493164
2864.631348
-29.647461
-450.711060
325.703491
1428.114746
701.441895
-44.655762
-2478.512939
-1108.145508
741.367432
1044.480469
2641.256592
1536.821655
-720.739258
-547.103882
-638.760010
-1275.230469
268.998535
274.771484
-55.537598
391.411377
1482.417358
1375.693604
418.658203
-1850.328857
-2843.987305
155.080475
598.142151
-195.480225
1093.308350
-349.408691
-300.652679
539.613770
-117.977051
152.466553
-1220.085083
-1044.042725
316.325684
215.470215
-444.403809
410.131836
4656.797852
5124.104492
832.547852
-1841.445801
-3327.381592
-1461.461426
1719.512207
3219.039062
1682.763916
-719.720703
-129.392578
386.840332
258.960449
-384.082764
-526.305420
-721.630005
-1074.812744
-881.276978
178.476440
316.479492
-549.465332
1070.676514
266.499786
-1119.976196
374.472107
922.377014
-104.317459
-320.100098
43.954102
3096.388672
25.002441
377.536499
1127.291992
620.228271
1321.843872
1594.706787
725.363281
1033.970215
311.064453
-4.656250
936.030762
1021.922852
46.418457
8.731445
-213.118652
-547.868896
-1781.802246
-511.799805
989.428711
592.551025
265.547363
-876.857849
1271.726562
2308.803711
-665.501465
-1012.685059
-447.618652
-649.085327
-468.382568
-1045.509277
-1906.524536
-1522.363647
-284.356445
1149.852539
-263.295410
-1125.753906
528.495117
-829.422852
-68.583252
1051.810547
658.545654
468.616943
319.033264
170.132324
-115.584473
-1302.248657
-551.228516
1356.700195
2672.988281
476.569824
-1176.354492
-1481.225586
560.189941
243.872314
217.475464
1035.420410
-82.516602
-601.279053
-540.196899
54.872803
1220.114746
2772.416992
3319.217285
1009.671387
-669.102783
2946.650635
997.734375
379.287109
-1157.388672
-835.500488
-901.597900
1277.156250
969.032471
-56.248047
705.901855
578.326172
519.811035
-871.438477
-765.016113
-131.316406
556.278320
1466.399902
-404.729980
5359.579590
1413.416016
-2116.712891
-368.000244
-137.624023
-317.991699
-765.261963
-1278.945068
-1791.999023
-61.657471
878.007324
-220.434082
724.010742
1295.988281
552.349487
-125.555664
-964.016602
-1078.208008
130.899414
-1545.226074
-1524.637695
728.691406
1283.408203
836.320801
1895.948486
1061.067871
-185.430176
-411.268982
-444.057312
230.839417
2308.858398
1915.924316
-584.355713
-1704.748291
-2062.781738
-2021.630493
-148.977295
-1724.865112
-524.505127
976.231445
650.722168
428.676758
525.291016
624.048828
339.895142
1693.049194
2852.801270
1103.520020
7.991699
395.749023
-619.514160
-2.175049
-390.249512
-914.547852
-33.708496
-289.648682
-2023.268066
774.494263
514.475464
47.395508
933.642578
1073.859863
489.128906
759.397461
702.773926
474.960938
864.632812
885.171875
-705.366943
-1686.318115
647.942383
-1019.849121
-3835.792725
-1864.405029
-305.756958
-807.645752
-853.598267
873.461426
1823.370850
803.853516
968.614746
722.567871
-101.848450
-586.579102
-642.450073
-666.976074
295.639648
868.739746
790.680664
1480.270996
298.243652
-807.636475
10.386719
-248.707031
1637.577148
3565.666504
406.860596
-67.360107
1622.849487
-218.421585
-1100.218262
-404.557861
-116.770508
-253.435303
-308.748413
-1107.194824
-1160.169556
-680.713806
254.284424
766.555725
52.177814
208.003174
-94.517090
183.073242
1895.692383
1000.149414
568.028320
-1390.220215
-1253.572754
468.030518
118.453613
-856.825684
-581.399048
65.865479
-340.963379
-508.961426
1759.559570
4409.599121
2290.601074
-441.144775
223.082520
-64.122070
-1168.208008
701.757874
898.491333
1481.978516
4382.229492
3506.170410
709.475464
4.625244
-1102.808716
-490.129028
-398.894775
-496.895508
388.068359
-501.910645
-92.067871
1060.051758
739.052734
959.544922
-673.946899
-767.382812
787.701660
760.653442
824.760742
-794.791443
-806.265137
-604.558350
-1086.438599
-1046.465820
-425.268555
455.177856
45.623901
46.215759
327.354980
-132.435059
378.306152
1255.369019
673.773682
897.459229
785.848633
-858.940918
-719.614746
195.609375
-434.787598
-1001.564087
278.742188
509.990234
344.975098
1244.654297
518.604980
240.110352
-882.879883
-1123.829590
-930.179443
877.701416
-148.851562
-615.123535
642.140259
1111.002441
-100.836426
-971.781006
-256.190430
-289.022217
1062.063477
981.216431
-982.087708
-1104.703247
-479.643066
-822.524536
747.868286
-204.601074
145.570312
-335.888428
-1810.116943
132.000732
-155.495331
-1159.051025
-745.171997
-1310.015381
-361.931641
1040.846680
712.298828
-183.683594
-17.722656
1619.733398
-404.797119
-193.569336
2658.453369
4463.476562
2217.235840
574.658691
1086.397461
-217.859375
784.740234
-240.272949
-177.600586
-407.153320
-12.072021
-399.116821
-89.230713
255.107666
-72.160278
154.204102
192.529663
51.091553
247.492065
1416.344116
-255.538513
-1645.348633
-222.660889
452.164795
-1314.984619
-2045.494019
-568.646240
-665.642334
-279.178406
392.632568
-298.219238
1318.706543
3756.001953
740.774414
-868.064453
-647.055115
-486.670898
151.882812
348.471191
425.270264
-147.632324
-786.856445
51.282471
-586.255066
-111.215088
-807.908691
-290.755859
49.489136
132.613770
129.180420
183.374329
719.218262
-64.823242
2167.428711
2898.864502
-318.137482
120.507324
883.029297
-129.142334
-1147.112305
-553.552979
245.093750
-954.307007
-715.164551
-392.143433
-311.059052
652.461853
608.571533
32.497742
493.421387
3124.121338
2938.078125
-761.228638
-1659.284668
-2102.417969
-230.339355
-461.857422
-2824.192871
-1557.240967
-440.652344
-616.612793
491.987915
-122.212402
-1345.739746
585.044373
294.826172
638.005615
1879.510254
-285.106934
25.275879
-688.837891
-1881.516602
-4014.308105
-1345.445068
-479.953125
-187.079590
-661.524536
-101.975098
905.971069
249.674316
-448.322754
-1426.710449
-759.099365
410.108398
-309.349609
-1967.959961
1859.574219
812.241455
-577.221680
-1642.394531
-160.608887
674.603760
1445.924316
1002.758789
884.592773
448.000000
-519.088623
-2076.306152
-1739.721924
327.855957
189.962952
1129.079346
-929.217224
234.308838
444.516846
3.813965
-1240.893799
-1334.191772
-607.550293
-798.181641
-530.039429
393.475464
-703.638184
-1704.328857
-1035.897827
-1176.893433
452.572510
1839.892822
1540.952148
345.457275
-359.528809
-907.338623
-199.377197
256.265137
660.614502
-650.892334
-189.036621
528.406250
-67.650391
484.062988
133.855591
-114.067871
-868.290527
-2321.974365
587.772156
1556.824341
175.766602
572.873047
404.513672
224.044434
497.675293
98.011230
-217.958984
-710.960327
344.227783
361.883789
244.902344
-574.739258
-2903.259766
-2583.492676
-230.639648
280.785645
-460.054260
-525.756836
265.236816
-747.187988
-1233.435669
-1066.776855
-170.970703
-933.954102
-322.810547
-264.806641
-280.338135
-449.321289
445.102295
1613.675903
586.428589
-576.796021
-702.338379
109.158569
101.134766
-1296.383545
895.931152
2959.899902
2704.280273
-527.451660
1152.348755
106.184570
863.530762
2058.299805
1000.309082
-11.276855
-1093.338867
-248.568848
16.251007
-180.577637
222.904297
465.493652
524.465393
128.347656
-799.601074
-267.254669
-1156.589355
2241.372070
-584.779785
-119.376709
222.004883
1004.779297
-534.129883
-1430.524536
767.578247
468.120605
-148.915527
-193.385254
-263.877930
831.970703
851.255859
-29.354004
-82.238281
-771.966797
258.892578
2711.439453
1754.799927
-658.346313
531.075989
1286.482910
798.656250
3215.597656
2052.103027
667.452881
75.475098
559.475464
-454.266113
-1083.378906
605.068604
-564.524475
-710.036621
-559.366211
79.586426
642.927734
2049.153320
1991.100586
-394.694275
-338.096680
530.733154
91.111084
-798.924805
363.962280
43.365967
-873.600098
-2569.918457
-692.829590
-340.830200
-2567.374023
-2326.506348
-265.871094
297.268066
362.563965
-0.554199
669.495056
1311.278564
259.263184
623.095703
-257.308594
34.745605
1306.762451
584.275391
-34.512207
-248.129883
113.498535
382.295685
-344.070801
-854.602539
-39.919434
-163.665527
372.854004
998.630371
-313.254395
-1192.526001
-368.358948
441.218506
184.130615
64.054688
227.422852
183.668945
305.866730
-927.442871
-473.285156
551.637939
-367.989746
-584.286621
-274.939453
-423.592285
-56.101074
890.221680
380.747559
-1030.796631
-137.162109
1274.538574
-816.739014
-1154.154785
421.416992
278.011963
-774.360840
190.611816
208.852539
-227.758789
-493.915283
366.311646
671.417725
-390.380371
-187.607422
-384.564209
-1236.237305
-1115.355225
-1530.402588
-1706.242188
254.672852
843.302734
961.767578
101.248535
-393.393799
-566.866211
-602.086182
233.992676
480.089355
-1371.498901
-1618.647461
792.394531
1360.901367
901.020508
159.865723
-1111.573730
-1785.139160
-376.814331
-128.177734
733.943359
685.786621
-572.900635
252.064453
-2016.923340
910.606445
859.431091
863.188965
1329.987305
6.927734
-216.949219
33.531738
1334.828613
4022.759766
1765.643555
-67.346680
-545.043701
-1678.521484
-374.366699
-218.820740
299.297852
-992.927734
-3748.104980
-3085.347168
1196.504395
1262.541016
954.868164
1197.488403
-1490.960205
77.646606
87.938477
-1193.357178
-1354.433350
-457.766815
-808.490234
1355.736328
1170.327148
-1045.600830
-2268.535156
-3401.020508
-1914.562500
-2278.001465
-623.447266
357.430664
-160.466492
-195.464355
492.080078
1088.699707
317.202637
78.918030
231.004639
400.025879
1170.217773
565.867432
700.599854
-412.889893
-838.357178
171.682861
275.199707
-62.616211
-446.904297
-1229.605713
-905.781128
746.954346
-2028.950073
-3169.798340
-3176.764404
1100.403564
640.193848
-7.200836
-235.497925
532.063110
215.422119
-1463.224609
55.095581
1199.633545
-1241.187500
-291.098145
598.735840
1331.739990
315.245850
-1528.383179
1.865723
1924.110840
847.021973
73.020508
-848.417969
-3043.870117
-436.831055
778.778809
-1008.665710
-418.110596
913.601318
869.600098
1003.341919
896.516602
106.095215
478.948242
585.358887
688.023438
482.943115
-67.456299
77.946777
-267.818848
-734.805176
-1238.957031
980.470703
443.644531
-335.111328
565.719482
-273.956543
-576.994141
206.327148
-423.157227
14.297119
696.361084
385.566162
-412.748077
-1001.398438
-1206.777100
-877.287842
-255.448975
107.331543
-576.006592
-580.148438
798.598145
1627.380859
327.459351
940.052246
2403.822266
-722.272461
-783.916504
650.116211
-1282.445068
-1206.696045
-1040.581787
-1167.250488
-41.393066
-91.421143
-501.412292
-124.417236
-3499.396484
-2820.040039
991.692871
953.517334
497.045410
203.920898
118.034180
-158.328125
-278.566528
422.783203
329.681641
-174.804138
1491.225586
4616.847168
2629.580078
-364.843262
-2229.443359
-2016.334839
838.662598
69.609375
569.972168
460.816406
808.371094
1611.823242
1685.454102
854.718750
377.913086
805.661133
1568.813599
-156.095947
-312.461670
8.414429
-1894.468994
-1280.415405
465.724609
537.544922
355.458252
134.743256
-1515.974487
-4716.524902
-3841.575684
228.113281
316.828125
851.991699
1081.042480
-17.478027
-990.212891
-844.844971
-192.408691
-901.249756
-825.080811
371.757324
449.094238
1082.101074
851.457520
-1040.740234
-1278.300293
13.342102
3569.070312
3043.473145
-91.324463
-2941.461670
-2701.419922
-273.857849
-593.871094
1764.286133
1211.205811
216.242188
3346.225586
4437.578125
2081.938965
-275.983398
47.839573
551.843506
-601.268555
-32.024902
212.746399
316.568481
886.506775
370.687012
701.880859
-410.425781
-2302.172363
189.614624
110.380310
-434.813721
911.651855
62.221436
-769.535522
-1460.524414
-1917.197144
-832.985107
-310.138672
425.484619
1444.046875
909.390991
1042.910034
581.994385
789.904541
1653.404053
549.263123
-795.824463
-519.997559
2626.247559
1002.146973
-690.062012
-657.610352
-2931.936523
-903.525635
905.398560
-363.170166
-245.596680
-274.486084
795.536499
365.377991
-350.112549
529.066406
-765.999146
-920.305176
1258.597656
1781.582031
547.960327
-102.886719
190.062744
1593.197266
2766.416016
1766.773438
-335.676270
567.234131
321.639648
1123.219727
-241.649414
-170.371826
66.789551
-181.542969
-217.427734
-179.436523
-803.217773
-325.851074
761.105469
-34.962158
911.110107
838.278809
-999.473511
452.758301
-116.083740
-477.313477
-80.774902
-5102.635254
-4754.950684
924.502625
-122.135254
485.805908
110.993164
-4518.082031
-2831.565918
1385.993164
5559.360352
8093.172363
2687.252686
-146.865967
90.483887
-101.015869
1034.651245
754.313232
203.270020
206.474365
-396.518555
408.957520
1089.145508
1599.646240
1403.643555
533.365234
751.036621
2219.511963
1874.330078
611.198730
158.135742
613.374512
-1065.235107
-292.293579
4066.543213
1450.894531
-247.870850
-109.499756
-883.350708
309.801147
-788.586670
-1535.024658
-177.783691
-363.216797
-1112.738770
195.284302
468.953613
585.877441
193.268005
-1050.987305
-1431.725586
70.062500
582.118408
-410.352539
919.487061
826.033447
1149.976440
-36.876099
-481.236938
435.911621
-407.347168
-1261.514648
853.579590
674.490723
768.266113
-2999.066650
-5244.450195
-2045.572266
1001.468750
-848.098999
-1418.779297
310.942383
-3426.297852
1952.317383
1699.180176
-507.125977
223.893311
806.587402
398.219971
724.782715
205.393677
229.085449
-1596.641602
-1091.263672
506.516846
1312.302124
382.430664
-188.026367
-592.954102
105.292236
681.871582
1336.980957
1023.430420
523.383789
508.964844
-392.460815
-168.562988
-749.961914
-438.187500
1174.739990
-216.871338
-208.616211
455.507690
-312.486084
-28.857834
785.997070
-1218.309570
590.824219
-258.412109
1025.546509
45.822266
-1230.026855
-698.232666
-1266.180908
-302.227539
-990.160400
-2713.942383
-3934.153320
-538.832520
-36.797241
-44.847168
730.009521
662.703369
-1202.756592
-570.807739
1008.497498
-326.193481
-1153.003662
267.468262
785.684814
-28.881836
-1222.878418
-3320.980469
453.312500
557.124268
463.641907
-577.090088
-3743.610840
-2953.651367
295.226074
1487.625000
1236.828125
-1555.147461
-373.166504
76.306519
-409.425781
2834.181641
1975.859375
1508.994141
409.069946
-102.117676
-938.931641
-113.395020
-111.702637
471.307129
571.596924
-1254.401367
-1327.418213
-277.072266
791.411133
300.222412
480.445862
722.403809
-930.127380
-180.867676
471.313477
238.438721
944.613281
-225.438477
537.191406
798.826416
-209.524536
110.518555
1166.691406
640.444824
59.019287
-479.820312
-463.819336
-440.708740
-869.017090
855.971680
365.641602
191.717773
3393.553711
53.189453
-1277.080322
1545.292480
4045.309570
887.438110
115.148926
49.387695
-2244.040527
-1937.511963
-836.494385
-699.675293
535.045898
1979.969727
2035.787109
1233.837891
160.712891
-841.283813
653.091797
607.475464
-1026.688965
-173.118164
2066.489258
927.247314
-860.316040
-718.542725
-250.554123
-1582.474976
-617.369873
1586.331787
1706.248535
313.143311
144.641113
-638.979492
2417.517578
128.907227
389.987793
-69.815918
-569.622314
-549.710815
627.166382
1059.526123
717.214844
493.991943
587.602295
-967.234497
-1563.624878
-381.609619
-398.618652
637.414551
4469.759277
6325.940918
4774.965820
1514.841064
18.126709
-559.440918
-866.001465
-1915.394531
-1142.864258
-706.670410
-89.719727
197.841309
101.079590
879.885742
2105.702148
2398.695312
449.604004
-1057.050415
-271.087891
190.618530
-136.338867
-970.857849
-634.699219
-22.720306
822.850586
1419.291992
452.365234
648.414062
138.483887
-92.645508
578.759766
463.329102
75.008789
-395.093018
-700.629883
-939.795654
-336.226807
-345.069092
-1061.554932
-218.956604
1328.520142
988.142151
90.708557
-98.220459
-1375.512451
-1426.367676
-578.742188
1084.367188
-173.003418
323.308533
857.781311
836.273499
23.265259
752.125977
-196.398926
-417.368164
1286.519043
479.495117
-2071.003906
-790.092285
182.658447
1083.296875
1482.200195
2386.369141
1041.955322
-284.662354
-402.619141
334.208008
827.394775
171.879150
-902.267090
182.097168
1382.901367
506.444336
-469.516846
2493.811035
2442.475586
-377.848145
598.488525
-642.413391
-1825.769531
-844.073242
-194.840332
469.882812
1726.572021
1282.900635
-597.816650
202.459473
2100.751953
807.144043
-620.627441
-2500.064453
-199.194580
333.241577
-1860.398926
-2940.626953
-1422.006836
-573.299805
-553.684570
1134.850586
123.807617
-1492.333008
-630.951172
279.443359
715.163086
-638.400391
1169.479492
-35.069336
-409.088379
-110.333008
821.384766
-269.819580
-690.978027
-1085.504150
-1041.233643
-301.665283
-470.928223
-942.928223
-2676.581543
268.230957
-1309.249023
-2068.418945
183.752441
2501.226318
-160.926025
-481.761902
-193.139160
-1809.157715
-651.171631
-284.282715
130.762207
238.661743
-236.066895
-881.414307
-1239.625488
-8266.356445
-3348.036621
-2849.417969
-729.466309
361.267670
-137.180176
1053.324707
475.524536
1954.569824
2366.964355
-444.109589
-1301.612061
442.992920
126.968018
176.488770
-707.061279
-975.116211
-4933.155273
-460.797852
-1161.494629
935.405029
1056.925293
-1559.158203
-1789.384277
-3406.611328
417.508301
697.420654
-678.038086
-529.708008
-904.529297
251.052490
1084.838989
-758.283447
-209.938721
952.153198
-308.400665
1386.082642
745.523438
-38.157471
949.771240
-668.440918
535.561035
-86.246094
-883.410278
721.041016
-813.717773
-446.474609
503.860107
172.227051
189.036621
886.423828
676.192383
922.926758
424.008545
-683.726807
-960.493347
-1079.211426
-1163.674316
-1745.295654
-1375.054321
487.089600
323.132324
1262.621826
460.849121
-1245.833496
-1704.220703
-262.198486
635.620117
-551.400391
-398.282227
477.341003
209.783691
-171.485352
-994.444275
-800.382202
318.877441
487.415283
-928.540894
-427.524902
-732.195801
-4322.379883
-3351.388184
300.472412
1811.836914
5237.306152
6496.429688
2849.562500
277.475220
-413.368652
-165.953125
364.578613
-237.505371
-489.226929
-270.567871
142.217773
-472.694580
-1133.415039
-1469.526367
1090.372070
2254.810547
-48.804199
-905.510742
308.521973
738.083984
780.509766
610.491211
32.884277
826.584961
1186.371826
-314.532227
-614.665039
453.799805
-251.238281
443.325684
1421.154785
342.970703
-340.910645
732.201843
4644.769043
4274.268066
91.259392
309.487549
801.780396
48.128906
720.003052
-448.279541
616.681152
-422.030029
-1638.706177
-1114.600830
-1087.113525
312.247192
-1989.387695
-1096.042969
-1469.278320
-1192.355957
-70.536865
-497.553467
-971.676758
835.120117
455.486328
76.288086
-420.272217
259.604492
-477.526367
503.933594
808.656738
-507.474121
-2501.915039
-704.265625
895.889648
459.941406
1182.633301
-68.087891
1299.248535
1496.277100
2009.075684
1124.913086
271.475586
843.713135
801.303955
-470.051025
-1056.234619
-1758.729736
-301.241211
43.839417
629.335571
4113.676758
3345.109863
590.279053
-256.088257
1569.404297
3930.541016
3580.523438
907.142151
-532.342773
847.878784
-605.364746
-1881.502441
-136.197510
381.043701
-189.543945
960.297363
2.751953
-1026.116821
682.770752
1628.830200
553.382568
172.447266
434.230469
-165.075684
-2346.167480
-2074.934814
657.142151
899.824585
-1015.603516
-751.894043
-1085.600586
-412.234833
2226.054688
1685.246582
2989.138672
206.224854
1362.838379
665.790283
-988.100586
-265.672974
850.711548
287.295166
-798.400391
-1358.306519
-644.479980
-1906.147461
-1723.930664
946.202881
-166.018555
-111.158691
832.066650
-485.642090
-425.480469
545.911377
-351.241211
-1341.308594
-374.139160
-891.355835
1425.247070
-120.615723
-1210.602783
-183.316895
636.154297
-29.518066
189.061523
-563.004272
-1065.161499
31.562500
295.521973
236.376465
-120.971985
905.954468
908.245911
-713.989746
120.993896
601.503174
-697.014160
-3081.294434
-4069.609375
135.583984
942.562500
1265.810547
609.938477
249.450439
-732.847656
-893.217773
520.047852
20.079590
1418.123291
78.946289
-975.547363
-1143.387207
-34.650757
908.990234
468.114624
519.272827
318.154541
533.635010
739.380127
-563.743408
-1656.442139
-1729.631348
-1166.271973
-127.773438
-1018.512695
-3374.703125
-2026.353516
390.535645
1442.428711
651.550049
-514.135498
-1295.211670
-983.159424
-164.983688
-335.702148
-926.935059
-1226.668945
1090.250977
2245.446289
1202.607422
908.729980
-256.968262
136.584717
-456.828125
-1616.067383
-101.760742
-378.225586
541.606445
-536.731445
868.319336
20.942383
-839.243164
646.044922
1513.741211
935.513672
-791.997131
-349.524536
-622.170227
284.578613
1263.696533
1177.668335
219.684570
422.567780
797.214355
-11.484375
-722.319336
-687.175781
-2355.318848
-2956.785645
-2222.865234
452.863770
-519.768555
1080.308838
-1180.857788
-758.158813
290.052979
-3147.410400
-1891.857788
-680.857849
1055.389160
975.853271
-220.848389
-1800.671387
-276.100830
-753.085510
-412.242188
1020.578125
-2099.929688
-32.740234
-2224.651611
-317.718262
-323.246094
789.247803
1504.475464
1152.273560
-169.311768
414.723633
518.208496
1605.668457
1979.865723
-585.908691
-844.318115
-2214.502441
-1690.752441
1937.514404
1317.444336
214.957397
-223.006836
-1866.324219
-946.587891
-1741.852051
-158.067871
1149.758789
-2212.008789
-1414.312500
-947.250305
178.491821
-963.021729
630.938965
-442.387695
-1207.845947
-477.658813
-281.751282
-71.527832
770.430664
748.256836
-3082.948242
-3079.026123
-40.848145
-1040.088989
-872.265869
932.087891
465.054199
625.475464
1477.332031
2572.459961
1428.772461
1598.616699
871.269043
444.765625
-758.968262
-1136.578125
-883.873901
394.935608
-1539.510498
1029.573975
-412.266113
86.648682
185.713196
-139.686768
181.046631
278.134277
1898.108887
1792.997070
419.476440
-340.945312
-115.206055
-1773.759888
2439.248535
3022.647461
600.710449
-1896.626953
-2445.924805
297.269531
1114.592773
668.972656
-468.003418
-703.990234
1440.958008
1156.990234
-939.351074
-939.434082
-1186.885254
12.986816
817.720703
-847.085449
-1206.324097
-2594.857910
-994.340576
3972.311523
4216.547852
-1981.283203
-2388.834961
-1454.845703
-507.858521
354.156738
-1317.854980
-267.173340
-1146.552979
-351.795532
-430.415039
-530.879395
-2208.506348
-4931.152344
-1426.473145
995.412109
344.683350
488.174316
-167.373291
1230.515381
1481.833862
-1755.869385
-1003.529785
-2276.754150
-2083.487793
1373.462280
47.286865
680.178711
928.576660
2087.194824
414.387695
1634.715576
4161.578125
3760.420410
1809.734863
-198.678711
-658.555420
-221.972656
911.338867
-6323.145020
-9974.654297
976.252686
-524.729736
1287.043701
1276.157593
498.443176
-150.966797
-1599.576660
-602.968262
320.479492
-683.150574
498.786377
-443.903809
-1292.524536
368.850586
-47.742188
181.958618
1114.669067
82.835693
1323.941895
-2221.550781
35.734375
-51.693359
1173.686523
1612.547852
3484.456055
1509.304688
-7.700684
-306.723633
-775.707520
-1262.524536
565.789062
184.319336
-1943.430664
344.275208
251.046387
-833.275391
96.062012
622.375000
-831.416016
340.359375
1162.724854
-747.865967
-2093.782227
-418.896973
1443.017090
-150.892578
854.405334
-799.639648
-1300.159668
-1283.566772
712.576172
-9.289307
-632.260498
-250.042480
-317.644043
-1135.912354
-3147.743652
-1298.054443
296.628906
-727.188599
-454.884644
-692.549683
-745.739136
-1163.395508
-682.623047
1115.674805
1594.250000
871.440430
-141.291016
-1121.066528
-1661.895020
-1223.686768
-609.783081
809.391113
-699.354004
-234.494141
471.378418
-65.578125
245.696045
-43.194824
-3201.222168
-2975.524414
112.009277
391.206299
-281.833374
-149.636230
-597.040771
1178.170776
-22.478531
-1448.372925
-287.106934
712.967529
650.827271
449.414551
424.118225
-1001.200684
-1180.256592
-1066.375244
-58.056152
826.517578
896.710938
-91.860352
-206.856812
-495.853027
-3950.902832
-7981.281250
-3758.357910
1462.193359
3610.270508
5365.451660
2086.425537
-1476.953857
-241.331055
-573.943359
-307.495728
-1172.528564
-1041.998535
-997.074951
-242.575439
-249.774658
138.034180
715.015137
-543.790894
-202.501953
60.351562
-152.340820
-266.670410
-499.831055
-778.041992
-1079.488892
424.307007
-193.638672
-718.953125
109.724121
-327.928833
-223.025330
462.190796
330.702148
77.280762
316.955078
3244.564453
280.861328
-195.169678
407.574219
-366.739258
-697.836914
164.941895
713.925293
708.454346
1221.838989
1362.838379
312.433105
-619.442932
1433.825317
1042.147583
-813.380981
-509.134521
-884.334473
-1423.950195
-1887.614502
353.407532
-141.232483
-21.439697
1727.787842
583.492920
-490.275452
-2319.606934
-3044.723633
860.355713
1466.626587
-763.103760
785.212891
859.665649
337.335205
-81.931641
-827.813599
-803.554443
340.539062
90.313477
452.367798
882.905945
-466.480835
-1311.822388
-1151.050659
-6.958740
1133.889526
-353.521484
-2324.819336
-2364.769531
314.469238
-129.749329
-249.375488
2633.517090
2124.022461
-1306.315430
-83.710938
1505.498779
528.756104
-563.622803
-631.827148
-309.688477
284.676758
225.678223
3442.279053
1206.814209
-1187.476807
-542.993164
-703.743164
-400.857849
-483.495605
65.984375
-315.655029
-1.681274
484.768799
-917.398926
-2332.033203
-3434.117188
-1283.812988
530.002258
-1702.779907
-647.018311
401.622070
-699.096191
511.840515
510.786621
772.838867
1744.850586
1475.709717
2296.436035
640.747864
-793.828369
-306.287598
-681.397461
-2345.057617
578.264160
-725.803833
427.413086
-636.102051
-498.850586
-528.304688
-153.378906
-4100.975586
-5766.717773
-1494.201172
-200.522949
501.488647
1281.553711
-426.371094
382.507080
945.555542
161.768188
1022.942871
620.669922
-1861.603516
-567.590820
-2046.421021
-3250.968262
-2505.936768
-217.277344
13.982422
2088.817383
3274.797852
36.581787
410.972656
-1768.153320
-2787.313477
610.816284
2585.883301
1551.036133
696.743164
2082.929688
1347.412109
1199.054688
13.556641
-1821.039673
-34.548828
-700.773682
-1740.648438
-400.445801
-514.289795
680.773560
1023.187256
1791.701172
2232.303711
1728.628906
1341.933594
-1420.371826
-1523.838379
-549.912109
-1429.120117
63.578613
-346.500000
-2187.068848
-2148.338867
470.180420
-135.862305
1096.093750
523.963379
606.940430
2275.083008
2035.303223
228.350708
-199.533081
-61.436279
-18.549805
-348.181152
950.703125
353.087158
-165.955200
400.574707
433.970703
-935.094727
-1346.422607
3.283325
-2404.374023
-4392.302734
-763.984375
-107.280762
-1146.265381
-629.632812
80.261719
26.962402
35.022949
407.398926
-211.149536
700.515625
589.533325
-128.370117
719.414551
140.270020
-724.276855
37.395264
1047.157837
-20.642334
-126.650681
770.288818
578.848145
149.799072
159.319580
-3692.324219
-6006.941406
-4051.453613
-39.500000
525.110352
-477.302246
264.747070
121.451660
1060.148438
4090.290527
3586.187988
532.046875
-1092.657227
-958.278320
-834.253540
1818.468262
1612.284668
186.632568
-235.341309
532.545410
-1259.625000
1170.593262
-345.852539
2174.587891
-118.000000
-2173.637695
-1335.020752
-221.092896
-52.274170
2579.986816
2916.354248
-706.191650
-339.354004
-1630.218750
-2094.650635
-1457.078125
-290.440430
701.505859
-279.916016
-329.412109
819.704834
76.338257
-342.647217
339.238770
2518.060059
2499.796875
-628.338257
-186.174072
1036.726196
312.608582
56.614624
417.717773
-531.801758
-321.751953
-394.142090
-196.669189
454.078369
161.332764
-762.339355
-1349.979492
-238.925293
153.921387
-2262.443848
-2618.338867
-1664.466797
-821.178223
-881.750122
-173.329102
-872.047363
-209.759033
1920.616943
209.039795
-1602.415527
-181.554199
346.257080
241.387939
874.025085
338.170410
508.035156
2256.107422
2326.723633
3415.378906
682.111694
-731.493896
-71.080566
-1491.155273
201.966797
-677.244568
1656.678345
3952.620361
1834.049805
-983.066711
-279.796265
-567.819458
-988.005615
-279.694824
-1310.257812
-593.639648
127.603516
-1001.746094
-827.270264
463.000244
-428.440979
368.828125
550.903870
-806.955261
571.364258
161.948730
584.203613
291.149536
-919.303894
112.217285
-1082.375488
-906.250977
-125.266357
589.953125
-1699.484863
-263.954773
1155.933105
1136.052246
-839.181274
-377.622559
-381.618164
-391.472168
-780.121216
-412.423096
1439.630127
3206.887207
947.449707
-894.854248
138.388519
1071.796387
276.690918
-53.684807
2694.987305
2618.319336
886.704102
-135.585205
-298.309814
-830.758301
968.584961
1608.570801
296.393066
338.265625
2024.284180
1400.578003
1130.422852
-545.667969
-453.370117
-501.584412
232.398438
533.191895
-473.985504
-1538.267334
-85.781006
83.138550
-1561.873901
-586.774536
845.385254
-1880.912109
-1146.262695
1433.671387
1933.960938
2448.424805
986.059570
1194.210693
895.181641
262.636719
-667.478027
-1366.857788
-1239.177246
947.218506
1572.738281
1740.043457
918.780273
-38.160156
0.604980
-660.300537
-903.237549
-488.442383
-2850.413818
-2254.524414
897.978149
-148.023438
-678.206787
292.162811
-114.642090
82.875488
428.598633
1057.537231
-678.288330
-440.751099
799.724609
-263.193848
1544.392090
1393.355957
-1293.197266
-794.221680
-989.511719
168.881836
3070.109375
-334.057617
548.603394
372.991211
652.142151
-1334.434082
-299.912109
-177.121094
999.230835
2865.621338
2355.868164
-220.101562
-2176.978516
-2680.220703
-851.250000
393.883301
327.051270
817.408691
373.249023
1159.375977
1319.157227
-1743.253906
-2669.599609
-211.834869
741.145996
986.274902
2099.439941
753.816528
-397.626953
644.232422
528.555664
226.009521
1245.580322
35.110840
-3088.881836
-1602.512207
533.767334
77.676270
2477.335449
1569.850342
-658.541992
-302.821777
-2881.958008
-568.688232
680.994873
804.391602
511.969238
4.003189
1043.795410
1578.905273
912.916016
-455.593262
-364.688477
-95.481934
135.449951
220.424683
-552.392090
-574.669922
-265.207031
-502.664062
-3197.472168
522.753418
736.938110
1240.342773
2014.276367
-202.791138
329.056641
-1852.670898
-882.127441
751.157715
-240.876953
43.770508
-768.738220
-484.813293
180.864258
-238.236816
120.154785
716.537598
636.830322
1509.025391
208.463135
-829.098145
-109.795898
-94.218262
50.704102
841.577637
515.238953
1113.363770
-549.691406
-505.625977
-218.876465
-1011.209961
-1793.261719
868.205078
-157.565430
141.834961
-736.558105
-442.523193
219.749756
764.266602
-526.779785
-184.245728
-874.068359
1513.309570
1183.674561
-376.810547
-3158.857910
-2110.343262
-301.803223
1894.345215
1942.729492
-541.121094
900.772461
-1884.836914
-248.420898
1341.165283
2580.717285
703.127075
345.613281
727.668457
-13.324219
-143.338867
-182.799072
720.916504
105.419189
-781.642822
-115.706543
427.142151
-55.734863
-889.421387
-2103.999512
-119.524536
1000.389160
-1274.478760
316.977539
1181.320312
1599.456055
142.714355
-639.449829
1370.672119
-399.769287
39.541016
1015.455444
-1849.201294
-79.015015
-3946.374756
-7158.759277
-2328.923828
510.073242
-57.840210
-305.351562
2672.425781
515.139160
1060.359131
1560.861816
89.418579
-1087.420898
-182.250488
4652.554688
6934.102051
3692.928223
-1515.661621
-3056.203125
-2722.679688
3526.765625
3966.816162
-253.980103
806.986206
1234.657715
44.387451
1987.643066
336.846924
-678.236816
712.578613
730.892456
4600.166992
4070.528320
-247.448364
-143.892822
512.354004
1278.421509
1084.546021
880.645508
-607.321045
-2909.073242
697.691406
1866.267578
-1259.215820
-133.373047
-894.259766
-1702.905762
-151.172363
820.855469
442.732056
45.308105
-849.069092
235.007324
159.764648
-590.906006
-399.599121
601.583984
197.436523
1657.122803
4067.953369
3820.441895
1097.291992
-1838.428711
-1912.711426
-504.874512
88.433594
-542.665039
-2310.597656
-261.559570
-853.230469
297.544373
743.228516
763.640625
-3106.472656
964.575684
-2587.053467
-411.483398
79.226562
-884.839600
-887.932129
28.473389
-1377.516602
-1005.292480
-130.510254
-1186.524902
1532.663086
2775.320312
2142.746094
58.677734
-3062.979492
-4086.938477
-1361.939819
824.711914
-1996.062988
-1203.633301
-130.191681
1357.455078
816.364258
802.806152
-621.857849
-533.601929
-284.414062
824.788330
553.701721
-286.364990
-888.107178
-249.857803
676.217285
322.633789
-385.929688
389.160156
518.909180
-99.135254
764.927979
-1029.442383
-416.495605
-318.152740
-914.546326
1432.303711
2823.724609
445.518555
-697.665527
1503.025024
1036.456787
1356.416504
783.705566
-49.644775
930.959290
695.475586
-912.984863
-293.524536
754.991211
-130.625000
-530.374756
-4243.477539
-4577.174805
-484.691895
1360.477539
2122.116455
2146.587646
-216.195984
-312.104004
650.820801
67.458008
256.536865
-575.364990
-1191.576416
1875.431152
1498.650391
559.718201
1407.629395
755.077148
821.232910
67.486328
-1336.893555
-1687.827637
642.965576
839.720215
715.356445
99.061523
-766.524536
-1013.739746
-5.734863
866.569580
-576.857849
-1332.578247
-3353.374512
-6213.132324
-3281.403320
-2818.709961
-901.369141
958.970215
52.465820
19.987305
-1398.394897
-2241.020996
-383.797119
-55.068176
-279.503174
399.803711
829.402588
588.475464
-694.869019
1020.210449
1727.017578
632.239258
-289.434387
2848.248047
3433.261230
862.364502
-203.335938
-1803.562500
1329.034912
758.102600
2559.043213
1394.024902
461.366699
-559.631836
-119.225098
193.024872
-471.397339
-1507.303467
-1164.873291
265.789185
-473.430664
-73.202148
1858.399414
751.255859
153.434570
-1298.353882
-510.358643
1941.863281
1609.974609
-643.262573
-524.721680
-704.145996
-1290.677734
164.019531
2554.729004
1303.335449
-29.694458
959.409912
-17.093750
905.711670
1001.070312
601.234375
1246.951660
-399.448608
3508.407715
5605.981934
1115.050659
-382.748535
-1085.834961
-1781.724609
-445.174896
5.403076
-2615.463135
-2847.803223
-368.744141
735.039307
-561.180298
1104.285400
4461.938965
3320.981445
1535.878906
1970.229004
-389.067566
-3617.819824
-1759.666016
319.139160
-204.547363
867.817871
665.915039
234.165527
1137.233643
-611.505127
-28.192383
-83.520996
-2497.692383
-2016.785278
849.667969
673.869141
385.860840
514.826172
412.082275
-364.132568
-614.907593
141.578369
-258.829590
-899.438477
-2019.947998
-493.752136
-560.474548
499.261719
2007.279297
-199.501953
-1308.330078
-1134.806885
-1424.439941
-275.720703
-796.176208
206.377441
281.586914
-787.404419
-769.473633
17.496094
325.303711
1837.786133
2312.104736
115.009766
-143.234375
-265.058472
-2428.659180
-1668.666016
-880.933105
743.121765
1014.410889
-111.833862
-583.433594
1203.245605
391.780273
478.783203
-744.187012
-2760.682129
-883.391602
-161.833496
-84.681335
1296.171387
1012.951660
354.801147
-1121.880859
-434.594238
-460.446045
1005.156494
4552.520996
3617.994629
-833.488647
-346.459961
780.320557
-211.195679
732.826904
2920.922852
-582.142334
-230.229980
240.965820
-807.724182
-660.424316
398.496582
-387.869141
-2641.998535
-742.547852
122.497070
-15.664307
-633.134766
-712.281494
-228.035400
-789.999512
-1440.208496
-772.581543
-774.294983
-457.190918
1185.489258
-846.408203
1420.621460
623.790527
716.645508
1898.380371
1006.425293
-838.731934
-1183.385864
180.564331
1301.783203
977.940430
948.176270
728.723022
-675.786621
1914.940430
706.531250
-342.956055
-1124.610840
463.869141
537.717773
1862.248535
-195.343750
4.479492
-1074.542480
791.562500
855.389160
607.330078
703.419495
713.475464
313.027832
-856.252441
-548.607666
-781.905762
-449.958496
-362.653320
244.344727
409.788574
628.937012
40.803223
439.419922
-7.143311
-2303.128662
-648.588135
482.538574
1235.838501
1925.004395
-2164.582764
-2147.685059
64.403809
-19.269043
64.266113
-955.826782
569.228271
1033.224854
738.880371
306.956543
-1333.998535
-1347.837646
-116.761230
752.791992
365.648193
966.967773
2793.930664
15.317139
-645.472656
23.236328
-150.723145
-107.339722
-399.551514
134.119873
1379.633789
1363.339600
1599.253418
978.966431
918.664551
826.667969
-2136.219727
-408.817383
466.437988
706.889648
829.647705
-523.048950
-1065.120117
-707.083923
-532.359619
341.629517
-2.417480
-172.651855
711.371094
1041.566406
1381.482788
-2321.289551
-2818.010254
648.153809
727.304932
1025.421265
288.183960
-1521.231689
-728.106567
1036.115479
2594.715332
2791.418701
1782.700195
1301.559570
-228.901367
-1121.117920
-1058.329102
-4867.975586
-4376.759766
-853.218750
311.170654
323.056396
386.364990
-569.387695
-598.371582
1363.647827
1253.022461
611.114746
395.776855
-1525.686279
-1943.996094
-1885.312500
-2163.870605
-4.766724
729.981934
2145.669434
1627.874023
-875.478394
632.558594
624.171875
-1163.373047
464.952148
1023.120117
-242.557617
417.701782
-82.018066
-1290.606445
429.102539
-2621.057129
-640.189941
-141.386719
300.347656
-719.648438
60.186035
989.999023
215.523193
-882.591675
-397.378906
380.920410
1296.360840
-712.068604
-275.346680
2007.871582
638.313232
-558.078491
104.733398
250.231445
1551.247070
-319.667969
1017.748535
1655.610352
869.901855
163.776855
-827.057251
-960.506653
-1466.638672
-1654.643677
-200.779541
945.275879
944.943848
133.531250
376.823730
132.164185
-395.243286
643.965088
-227.730713
2719.861328
4684.296875
996.368713
95.445709
352.475464
-588.857849
1159.893555
-568.818848
-924.384277
1112.113770
1568.404541
1369.723877
214.787354
587.845703
-45.137695
417.916260
3409.413330
2658.213867
60.307129
106.380615
964.860352
-1933.409180
-1115.869629
-1616.588867
-2350.614258
-805.567383
664.270508
568.665527
-60.163574
-370.858398
-278.993561
691.668335
-1458.199219
-502.200684
-73.791016
-1717.031006
-79.217529
199.340332
-573.469604
-788.215332
-216.639404
-595.104248
455.129822
-211.633301
172.464844
-185.093750
-1055.837891
1140.992798
1230.859619
-882.500488
503.449219
413.584961
-221.777344
-370.737305
-361.930176
1614.320312
-196.756348
-72.421265
2020.266724
773.506348
1392.667480
2261.898438
-276.235718
1644.977539
176.271484
-1114.904297
-640.942383
-402.451660
-2141.865723
-128.740112
-207.081543
-311.514648
643.640625
663.346191
-457.629883
-1132.491943
-783.123291
-516.931641
-436.284180
214.030762
576.326172
152.810303
-287.568268
233.479004
1603.303711
121.617966
-1085.353149
-41.949097
308.575684
-1232.161255
98.514404
353.270508
-679.605957
-370.664978
391.016602
1843.773438
787.730469
4211.614258
2976.829102
588.092285
706.331055
-77.038330
-618.121582
956.953613
505.815857
-1010.088623
-1292.427734
145.830078
29.013184
486.447998
392.204590
177.090332
1146.658447
686.083984
526.577393
-389.141235
-601.023438
-325.172852
-131.230469
59.902344
-947.539062
550.207031
-130.919434
-459.897461
-196.226562
-457.947327
504.497559
124.214600
-347.419434
-547.484375
-1204.948730
-1559.838013
-726.564331
-810.267578
225.594727
292.092773
-921.556641
-900.665710
8.589355
1010.944580
1301.915039
1828.014160
458.345459
583.731445
1726.721680
-990.531250
-344.750244
-1784.276855
-306.917969
-348.172577
-2080.600098
-2214.971924
-479.012085
346.200195
-1372.440430
-1750.159668
-2336.345703
-708.107422
2148.176758
-614.348633
5.618408
60.685059
-209.796600
-166.465332
-556.842041
525.987793
1234.920166
561.183105
1802.430664
1008.257324
-994.453125
606.969238
272.862305
347.798828
410.221680
1437.986328
-17.357910
841.691772
-1262.786621
-1473.128906
43.134766
1131.887207
1325.267090
241.533203
-953.998047
707.142151
2653.824219
3015.982910
1135.372070
-1119.387451
329.142151
1257.858887
192.979004
-871.331543
-866.186768
-472.530273
-222.178223
-630.385742
-318.149658
-568.603027
-800.271790
406.047363
937.129883
434.407227
-739.983765
-749.016968
-166.279297
-1471.785156
582.834961
2416.802734
2374.798828
828.754883
762.732422
274.178711
-664.885742
-545.321350
-176.328613
534.947327
-224.421875
-2274.227051
1435.197266
2285.410400
1782.982910
1017.195312
509.879883
224.872070
774.638184
648.087402
1025.303223
-91.111328
-163.091309
960.601562
-878.034180
-295.327637
-74.309570
1017.560791
2468.949219
446.274902
-381.037109
508.494263
-957.674316
-698.401367
-355.677734
-1084.572021
-169.036133
41.969727
-6.510254
598.811279
-210.050049
78.105713
172.235596
-1478.249512
-2302.154785
-75.028809
855.545898
1079.875000
-613.000000
-850.140869
226.705078
785.496094
69.139648
-1448.935303
-66.479492
172.959961
-34.403564
909.614014
811.441406
1467.081787
438.746460
868.319824
3395.406738
1584.441406
62.818359
214.393066
979.172852
1536.522461
866.876465
339.573486
-1451.312012
-1792.638184
1131.075317
1432.460938
0.044922
1284.187012
4.417480
47.621338
1722.987549
1238.035400
-39.429199
-205.226807
-325.887695
970.760010
1954.051758
955.504333
-1044.321655
-2099.221436
352.890625
233.237427
-1386.757324
-272.748047
2123.158203
395.926758
-1095.750488
-1924.079346
-2224.273438
-2076.460938
-607.662598
435.143066
-32.458984
-345.572266
-1407.857788
-875.753784
1056.050293
970.848145
151.355957
-20.419434
-636.709229
852.306152
3926.612793
1477.572266
-402.122925
-81.303711
215.047363
107.324707
-849.593018
-2695.843262
-1555.163086
454.760010
336.604980
-529.295898
907.414917
1386.498535
659.574219
935.475403
380.502441
-1583.937866
-539.267822
614.934082
142.173340
-280.463623
933.007996
1205.533325
1250.436523
1616.963867
1312.176025
-1987.023438
-4357.531250
-2052.098633
-19.776978
-664.593872
-449.024902
558.679932
-1479.790039
-4666.474609
-1683.834961
-533.905762
-330.932373
777.812988
1387.500244
-1126.822876
-1625.445190
-779.333740
-1307.484619
-1067.083496
-296.465820
-342.445312
760.609863
1297.917725
1310.596802
724.611938
-337.207031
-542.634766
1144.066895
670.512512
-1059.344238
-206.999756
354.524414
1852.636719
3011.987305
2690.112305
2798.521973
2050.448242
923.166016
201.306152
-685.391785
336.003906
-42.145020
408.563965
-244.066650
-384.094330
735.036621
302.312988
1344.297363
1826.968018
1046.008423
-651.449463
-828.528809
-234.982178
-1058.568726
-544.161133
157.839844
-832.219727
-1314.122559
-1288.678711
495.803711
1662.630371
3038.769531
2702.438965
-758.897339
-25.478027
508.808350
-730.994507
725.831543
1043.151611
-735.429199
286.021484
63.716797
-568.278809
1541.744629
4230.100098
2287.161133
-916.746460
-555.304932
-230.339355
-321.955933
-815.821594
-714.759949
916.887817
-479.247314
133.602905
360.693359
317.842773
761.690674
792.877441
376.528320
927.947510
456.165039
-290.015381
-129.979004
-602.385254
-739.254028
-691.152344
-361.674805
-1326.469727
-2430.564941
-1863.589355
-50.673340
-392.995605
299.722168
-434.179199
-50.666992
-563.299316
-73.158203
472.961914
719.097351
-254.789307
-703.820801
-737.882324
-252.805908
1053.801758
1406.786743
1543.354980
973.314453
-404.568481
-941.416565
-645.724121
-372.451172
-80.043213
-516.377075
180.399963
-129.161621
544.750977
1795.796875
159.728027
294.168030
51.047852
-234.375000
673.699219
-192.370605
-539.698730
355.817383
-178.791016
471.058594
2527.127930
2819.982422
1420.140137
803.697266
-142.722900
488.508545
108.256348
-813.640137
124.352783
-263.398193
-1533.305054
-953.232056
290.243286
331.924561
618.017090
882.039062
-293.919434
-582.163269
583.883301
119.802246
-43.096924
-988.588745
-138.088867
660.500244
-193.854492
282.948242
795.966431
91.028320
-944.813477
-1581.753174
-1227.795410
-1879.268555
-2819.715820
-1218.763672
425.952515
-869.062134
-396.198242
-1119.291992
-694.908203
475.037842
264.338623
-1306.820435
-846.870605
-237.991699
284.057617
-224.177002
737.465698
535.918457
965.755859
151.613281
-1093.471680
1513.006836
-281.524536
-619.537109
132.033447
803.384888
1158.524902
13.619141
-2723.943359
-2457.679443
-167.203613
530.675964
-497.225525
-838.839478
-1035.386963
-62.857834
1823.152832
1400.500488
17.144287
-1368.318359
-992.749756
341.164062
312.279541
594.880859
-783.205078
-950.730042
-639.806641
-1671.170410
-1101.103760
42.998535
700.095215
1018.728760
-99.399902
304.946777
735.465332
-752.820312
976.152344
1625.948486
1238.876465
-448.695801
-1227.946167
778.311035
796.673828
-259.772461
-1123.417969
303.572144
1217.331055
-120.175781
-109.771240
-269.049316
-1673.405762
-1728.912842
-550.200195
163.268066
1.821045
1282.404297
279.375000
305.280273
733.506714
-2593.115234
-4931.222656
-3736.929688
116.121704
407.062500
167.597015
-214.936523
-710.239258
206.766602
649.725098
1133.686523
2166.760986
32.948730
-1252.954834
99.143066
184.784180
-992.837280
-539.513672
129.405029
-178.543152
-2446.119385
-1511.763428
433.907715
173.435669
1021.299561
368.292969
473.268555
550.167969
578.525879
-634.174072
-1107.728271
-497.991333
-976.029785
-939.797852
833.303711
383.164551
-1563.880371
-4346.962891
-2627.361816
-435.796875
-51.310059
455.304688
1555.309326
347.998413
348.197693
3171.798340
3422.060303
-380.265137
-373.337280
366.794800
1081.199219
654.293457
370.510742
134.138489
-846.247559
249.535156
-841.111816
-4631.079590
-3084.051270
418.337402
364.117676
154.952637
-111.309204
-380.012207
397.061523
996.045898
764.916504
886.397705
-777.206543
607.444336
740.642578
1007.162109
316.774902
1196.555542
1657.775757
-1278.414551
-1115.722168
24.796875
-2085.389404
-2584.974609
218.711914
669.642578
-557.564209
-3072.721680
-1086.328247
261.142151
388.119629
1848.912598
-454.602539
-687.969482
708.318909
-251.513428
742.615234
-899.071533
-3498.259277
-1396.824707
865.726318
199.784180
-1990.042969
325.288086
1089.980469
3820.339844
3705.250000
889.701172
-843.972656
208.688477
1111.157227
4877.366211
3546.075684
-900.356445
-435.329590
-892.664551
-473.413391
310.398315
-186.574707
-58.347168
138.686523
182.413330
1415.747070
1450.377197
-3523.957031
-1136.098145
443.827148
235.678955
3338.890625
91.586426
-1534.475342
492.746094
328.021973
-429.260254
-162.524536
1017.900879
827.592529
-57.215576
-547.897583
-1544.857788
-1149.296265
-454.482422
721.490723
416.315918
1757.409180
3895.474609
2476.648926
760.750977
629.032227
987.778809
4925.131836
5877.522461
1990.583008
-1651.289062
-5659.541992
-2947.387451
1505.880737
265.456909
558.173828
-1973.945679
-3763.401855
99.707657
2482.749512
2812.160645
-325.769348
-1168.733154
635.844727
3311.241699
3801.516113
477.961426
-172.965576
1531.572021
-566.394226
630.562927
1676.877686
-496.751953
773.805786
582.860840
-713.630859
-77.951172
-1178.663818
-4557.324219
-2270.866699
489.664062
-736.284912
239.048584
-320.980469
-1640.303955
577.020020
1223.193115
297.219727
-854.577026
-1935.783691
1129.873047
49.777344
236.651367
-1714.415527
37.064453
1063.587891
1425.303223
1648.786621
206.517090
551.384644
769.200073
-304.000977
-55.271240
4368.399414
6213.751465
2857.203857
1224.286621
-726.573242
-586.595703
1458.035156
1967.374023
279.968262
-166.328125
-224.743164
270.479004
-74.534302
1433.383301
1206.236694
651.014893
273.951660
-720.847168
-1043.269043
-1078.465576
-520.857849
-428.389648
-393.182129
213.101440
-1687.134277
-2483.398438
645.436035
2039.563965
2177.905029
-68.306152
-194.246094
990.791016
-389.674316
-577.996094
-2168.686523
-1864.399414
-730.426514
-65.639648
-1634.622070
705.902344
-1115.766113
-2282.106934
-1992.795898
-569.104004
442.192871
3242.070312
1741.092773
802.245605
1299.332031
-1639.421631
-4160.138672
-1663.121582
2240.767090
2623.284180
751.447266
2435.055664
468.827148
989.703125
746.060669
-316.312500
-3334.953125
-2638.853027
-28.935059
1134.837891
-151.393066
2345.586670
-152.693054
333.772705
-381.569824
-2632.288330
-2356.072754
1116.384521
796.904541
436.628418
-424.475586
-2071.649414
-781.655762
1551.169922
5875.985352
4401.150879
-969.513916
-1810.438965
-1442.574707
-168.925781
-27.413574
-118.196777
814.798584
935.520508
-288.018982
-664.480347
-135.372070
-1689.664307
-2071.349854
753.398071
-142.093506
195.621582
872.760986
-299.610352
-1040.824219
-1381.612549
14.095703
1226.467773
527.109070
-18.493652
582.745117
-604.950439
-2062.136230
237.953613
309.239014
-1319.371948
-491.599121
-1159.798828
-1462.569336
785.739319
1063.992432
916.745117
789.815430
889.584839
715.068970
-994.338928
-1322.478271
-921.825928
-1412.682617
-1836.286743
-867.604980
-575.594727
-898.508789
-1384.272339
-405.611572
-288.774414
583.095703
-89.796875
-1495.513672
-37.310547
-234.912109
168.361450
1537.858521
89.621704
82.704346
1058.120850
-142.018799
-1863.515381
-1936.672852
1424.061035
5039.844727
4468.148926
813.227051
-339.168945
1055.948242
1120.717041
-442.377197
320.005371
732.773926
-567.660645
2366.325439
4169.709961
2209.891602
3688.205078
540.929688
116.549927
-3568.085938
-6688.352539
-3897.454590
758.345215
1279.134277
482.475464
-1014.131836
-2064.635986
-962.459351
-324.252686
156.658447
357.760254
2560.677734
-272.121826
866.435547
-738.354980
32.994354
162.531250
-1326.347656
1190.976074
213.142166
735.576660
685.688965
-1013.971069
465.523193
460.918457
172.570068
610.981689
-594.086914
-475.674194
-73.044678
252.050781
-388.118164
-1023.855469
3362.348633
3217.830078
-1355.446289
-2303.263184
-1992.986572
712.527161
841.950195
1752.083984
2273.933594
2143.573730
7516.391602
7429.024414
427.692383
1219.907227
-1630.231201
-1427.049805
1382.659180
2336.471680
16.288818
397.971466
580.268555
3216.132812
884.121094
-1223.794800
1663.367432
1172.474609
942.742432
2650.090332
3778.406738
-1446.931641
-1314.254883
-214.978516
-1030.116699
301.609375
185.485352
16.609863
1091.626221
-282.238281
-629.269043
-479.216309
1417.590332
316.001953
597.061035
-16.857819
-1110.534424
-335.164185
-590.488037
-1404.767334
115.794922
765.480957
3712.847168
3365.142090
1366.273438
150.540039
-1602.831543
-404.754395
1145.670654
-760.065918
-800.018799
-802.757812
-585.075439
962.329224
937.569336
1726.288696
1027.270752
565.098633
1914.059570
1931.355469
404.477539
836.692627
-1453.875000
-1272.105469
2082.710449
-303.579620
-1351.235840
1887.765625
877.120117
-550.680908
-2634.570312
-1145.724365
-1138.859375
-1462.436523
-509.195557
679.621582
-305.362305
352.632812
-647.378052
-437.044312
73.333496
-1302.822266
-1071.083862
385.645508
1197.863281
-3194.061523
-1865.811523
-2528.615234
-111.716797
339.802246
237.021484
1176.083984
-382.967773
77.318359
-483.823242
-1738.257812
351.203125
-1051.546875
-1108.469238
-72.450195
-536.676270
252.160858
78.827148
-1755.824707
-998.210449
-467.731934
694.334473
-658.843750
-138.406250
-937.872070
-701.105957
-5759.187500
-739.899414
765.329346
-907.617310
-157.595703
346.452148
-784.920898
-752.850342
-635.887451
-1766.121826
-769.368530
-35.464111
-131.223633
207.134766
572.785645
-517.471191
-353.839722
-1228.145264
-436.747070
991.731445
-159.638184
1722.450195
3455.166992
1717.808350
-509.672302
420.562012
170.215576
779.937622
1299.824341
636.972168
-59.015625
-1256.641602
-2602.302734
-501.313965
-435.342041
1101.653564
1628.209106
428.618408
83.370117
-373.705078
-667.488281
-575.332520
-947.667114
-241.781555
-84.004395
-1353.770996
-823.319824
-140.742798
-585.937012
234.119141
226.511658
140.655273
1166.244141
3099.710938
298.923706
-250.160706
259.085693
-605.715210
472.906982
903.599609
743.851562
1313.163574
1086.735840
2644.078613
1894.495117
-873.775391
-1117.371582
131.791260
660.303589
1531.163208
2.122437
-1159.067871
-468.646484
-437.907227
1827.243164
386.237793
714.739990
454.456299
1268.801758
444.137085
-928.832275
-28.277100
-602.380127
-913.428223
-929.173462
-412.230652
-358.963074
-814.234863
-1122.859375
-789.407227
-991.569336
-1059.534180
-1595.293457
1367.229492
-213.428711
-244.653320
1258.925293
1546.321777
3134.419922
3575.534668
-650.587280
-1270.586914
530.089844
3999.763184
7038.009766
4923.251465
2197.192627
334.399902
-1334.644043
755.387878
1245.961670
-220.231934
499.656708
137.741272
-1465.134766
-111.002686
522.561523
-492.145020
29.920288
83.712646
-1568.732422
-1262.118896
-986.690674
1791.933594
3757.299316
761.717651
-19.203613
-1615.803345
-3317.860840
46.188721
1998.449219
1762.148438
1397.112305
657.758545
805.625977
452.893799
-186.250000
1337.233398
2658.142090
1363.444824
1329.585449
684.547363
1486.653320
482.717285
7.233398
661.618164
2256.048340
1390.072021
199.379150
-874.577026
-3223.377930
-5166.380859
-2043.325195
570.187256
-999.380005
-1562.563843
7.278076
371.901367
767.918701
679.176025
-683.351562
-1222.097656
-70.778381
-775.589600
-1219.037964
-628.962219
-605.292236
605.713623
-953.798096
452.690918
-530.941895
683.186035
556.587524
827.708496
-2157.738770
-3098.220703
-1174.051270
-1017.045898
2112.638672
-167.147705
-1469.543213
-259.641113
-314.751953
-260.297363
177.520264
-1477.857788
646.682617
908.966064
-805.777222
-470.778076
762.343750
-1365.106689
-3969.771484
191.750000
2604.036133
1070.516602
-89.310059
-2715.825684
-2026.894531
96.718750
-225.789795
-1918.451050
1034.475464
701.641602
-145.740723
-1004.703674
224.483643
150.343292
-599.319092
-573.938660
-352.544922
3318.837891
4121.761719
919.147217
-1340.682373
1398.090698
871.231445
-179.451660
-252.081543
442.166138
984.238281
1.948364
-132.413086
1472.190918
575.748535
211.984375
-805.456665
-1323.638306
382.573242
-818.595520
1478.046875
1578.649902
119.896484
-389.385742
-1943.164307
-788.580078
726.491699
764.609619
247.655762
-810.637695
-1384.884277
-1845.533691
-467.010529
1512.185791
1271.471680
1067.834961
610.608398
-815.821777
654.884521
48.204102
-130.866699
777.048340
-311.590820
471.670349
8.265503
-2735.122070
-3910.669434
-2169.407715
319.836060
184.409912
-539.984619
1061.165405
258.336426
-931.931152
-323.523438
1023.153564
280.492310
-713.880371
-365.384277
-13.682617
2.796143
-897.103638
-732.333252
737.419800
-1519.857788
-530.902588
603.137573
426.159424
1290.466553
50.707031
-259.957153
1469.403076
-69.048584
-843.590820
-978.035889
-37.652832
853.882324
2496.865234
3772.392090
1253.097656
-590.250000
1217.408203
1587.060059
3151.231201
2291.510010
-295.600220
-200.333496
375.142578
293.763672
-40.465088
371.977539
564.747437
877.797852
631.832031
556.615723
193.145508
-168.493164
-82.682617
784.637695
-401.719727
-987.155762
520.238770
1539.040039
1379.217773
1621.383789
-1065.334961
-2398.165527
-665.011963
-310.893921
959.418945
288.759766
196.796875
271.812744
135.583008
-781.000977
347.232422
1138.374634
1806.626831
923.631470
1032.696045
-235.365723
-827.423340
-619.832031
2796.859863
6338.402344
625.912109
-150.790039
-1484.623535
-505.336670
526.728027
781.018616
89.225952
-984.109863
219.113281
1171.305664
2010.159180
-616.364380
-123.852478
548.536621
-346.793945
572.444824
-398.240479
-723.947998
-363.372070
3361.485352
4626.819824
2518.385742
-28.361328
-2980.900391
-1433.911133
390.963135
-189.241699
-1586.049927
-1120.074585
-964.304443
-60.257812
-226.837646
244.184082
-436.272705
511.524414
1214.692383
1082.225586
-851.137207
-1674.741089
-909.123291
1031.012207
699.455566
-344.934692
3.700378
-998.469421
-1043.916260
13.191162
-1365.959961
148.022461
1821.552734
1460.418457
-876.152344
-233.637939
-1017.315674
-217.243652
275.013184
829.754639
558.868896
-433.846436
-281.184082
-374.040161
-707.499634
148.308594
-97.112061
1467.928955
929.965088
1078.311523
146.537109
-1335.733887
-4.527344
-596.844971
-180.833008
1931.430420
2101.291992
1406.802734
-697.311523
-382.185059
-1881.380371
-1239.885742
-503.501709
1067.290649
612.437256
-469.370361
-384.845215
9.770996
-242.467529
-1685.083496
-1745.079590
95.292969
-1035.439331
-1138.827271
538.379089
502.637238
-1007.852783
100.184814
683.290039
-1933.446167
1496.439697
-226.420654
-1489.233765
-227.429688
364.567627
-25.472107
-977.088379
1630.736572
1820.810547
-517.919922
-3698.955078
-4127.441406
-948.415039
2027.231934
-366.094482
-304.577881
92.006348
-545.268555
-879.554199
-505.822266
684.828125
1519.312988
1319.900391
-337.057129
721.470703
-1223.750000
-1015.417908
410.070801
-63.108887
-135.572266
-400.192871
-947.763672
-237.946289
1562.407227
676.135742
-173.562256
254.895264
803.475586
319.471191
1008.975830
1276.283203
852.960693
321.399902
-531.641602
-2112.099854
-1386.105713
-1248.307861
-940.489746
-1276.717651
-358.891113
-1227.857788
494.516968
2084.016602
2449.522461
151.568359
-922.069336
-941.967773
-680.573364
2714.056152
2429.025391
13.270020
197.630875
695.378418
710.644531
754.287109
473.105957
607.909180
978.584839
-798.856995
-365.447266
1051.020020
440.597168
857.939819
1778.536621
989.671631
204.677734
-1753.231934
-669.771484
862.328125
-1947.654297
-2048.385742
-125.750610
2123.494141
3906.627930
2149.106445
-903.904297
-559.475586
-614.633301
-1458.524536
-1743.711670
-778.172913
426.667480
40.816895
715.651611
600.453857
699.689941
629.658081
542.509277
-898.857849
-2295.280518
-4979.110352
-3228.021484
521.590088
1776.052734
857.102051
-673.596680
-264.888184
-68.092285
2866.087402
2849.379883
-215.894409
947.310669
616.374268
4133.603516
7730.242676
2470.940430
-446.640930
-857.748413
-465.368164
507.523438
-357.806885
-145.391602
911.772705
385.281189
35.564941
-426.520996
318.768555
-1294.160156
-472.675293
-1449.673340
-1192.235840
120.604980
615.438477
-425.113037
174.318359
-591.372070
278.043457
120.096191
142.920898
1096.953125
2887.325195
-974.672852
-947.600586
-556.888184
903.454407
1090.022949
1040.215332
1194.366699
-330.819580
455.226318
872.053223
933.421875
246.933594
1885.626465
1418.790039
2363.711914
-719.766602
-905.216797
1042.147949
-1371.753906
-2510.406006
-799.749268
31.616211
333.582031
749.140869
330.335449
-2393.657471
-382.721802
-1374.746704
-368.566528
976.166870
-2488.076904
-3634.240479
-971.430664
115.570435
1099.436523
-2756.989258
540.593750
480.275146
849.992188
1887.358398
99.606201
-726.622559
714.654785
610.684082
-825.314453
-908.032959
-859.623535
-816.457764
-666.341553
-370.338440
223.425049
381.616699
644.630371
-731.721191
-350.691650
358.035400
1153.144531
835.113281
74.834961
348.702148
1704.619141
-923.570068
-1002.601562
-2109.867188
-1617.406250
27.462891
-563.445557
-1637.646973
1116.475342
2159.380859
2805.986328
1097.783691
-546.050781
-564.575684
-1257.165039
-1207.615234
-1587.163574
-1012.857849
173.914795
111.504395
-285.513428
-671.697205
550.047363
-246.039917
-3885.738281
-1950.565918
193.678955
-842.223694
-763.481445
530.736877
1338.883789
709.731445
-344.404297
-108.656738
-72.513916
-758.198486
-268.006104
1173.631836
950.456787
9.267090
-723.288818
-1110.885864
250.009277
-1305.867676
-1558.472168
1007.091431
1284.028320
181.701172
2529.589355
1815.562012
-833.831543
-887.627319
497.245605
665.489014
-555.792480
-2601.947266
-5406.298828
-4319.305664
-335.209473
200.566650
685.345215
964.759766
959.540283
56.443848
-928.230957
77.720459
774.650879
1007.921875
823.369141
-757.645996
-1433.092896
-1021.656128
-1283.749390
-788.550781
-326.321289
-1009.359375
-80.062988
1503.946411
1708.461426
1342.526245
-272.672607
1119.134277
-552.843262
-602.134277
-1024.862305
-1745.200195
-517.376465
-1482.630859
-1337.781250
-3407.044922
-3218.314453
-3722.820801
-1911.498779
661.142151
-611.659546
138.763184
1069.830566
-336.128906
-781.741211
-323.735840
-17.287964
-1052.084961
-145.335449
1703.681641
3334.021973
3538.505859
1338.779785
-1068.371826
-465.743652
1243.965332
1668.942871
1431.460693
325.166992
1.771973
-2380.612305
-2061.128906
-1016.710449
-1085.633057
-993.961060
-1292.366699
-550.573242
-136.142578
322.600586
1240.161133
3663.961426
2946.330566
3051.649414
428.542969
1408.860352
935.915283
469.225098
1710.791260
1197.283936
871.491821
-683.019775
398.007324
-1784.615234
-6539.086426
-3403.756836
685.499756
151.173828
277.156372
5.729492
-1398.634277
-877.948242
3881.675781
6503.475586
1683.447632
-538.898438
949.665222
32.455078
1912.246094
1582.952148
-2738.863770
-1470.520020
-1039.629517
589.629883
2410.787598
1201.579102
-2020.827148
-740.534180
1183.808350
3164.272461
5172.583008
-387.437866
990.588013
993.106445
405.690430
1913.162354
915.126953
-770.077393
868.475464
571.985107
-554.317383
-1141.090088
107.300964
1623.914673
1081.757324
257.625977
-935.854492
-1784.859863
-599.374390
-1304.025879
-416.941406
966.010742
-214.183594
84.224609
-519.287354
-919.466675
-1016.136475
-1861.696655
-762.367004
1403.204468
1738.667847
494.386963
-703.988525
-3878.434570
-1604.273438
-1028.210571
-397.876099
-1149.838623
569.299194
-1420.370117
-2392.171143
78.299438
149.055908
-46.879883
-104.295410
-1295.334717
1241.232056
559.321289
13.438477
202.525879
-590.769043
687.123535
280.660645
515.891602
5016.391602
5367.371094
1785.655273
390.126953
-1252.180176
-1687.350342
1246.170410
2098.082520
1453.312988
473.105957
0.638672
-597.465820
634.346436
1325.834473
-1273.733398
-1438.969238
1018.058960
147.065186
-919.539185
374.566895
-728.013672
-1617.035156
-2916.379395
-2492.134766
649.073730
820.193359
-113.475342
218.680664
174.653320
544.416016
819.472412
1216.385010
1005.984741
1178.157715
2347.160156
3448.177734
2985.518555
1763.374023
-708.878906
-296.930664
-668.233398
-1721.427490
-1713.548584
-578.780273
330.074219
-594.284180
-443.334961
-235.111816
-723.957520
-678.306641
-341.339355
402.314087
947.628174
1238.230957
-534.524536
-319.008301
-603.620605
-258.575439
4319.637207
6293.105957
2422.138916
-30.697876
353.765869
-1332.008667
-1489.556152
373.930603
-439.449707
-823.864014
-501.399414
-159.787842
199.045410
952.442749
70.076294
1192.182251
682.079102
975.752930
12.735352
-558.229736
2250.353516
627.756836
26.907471
-226.512939
-476.547852
901.011353
868.994873
-1097.992188
373.993591
1360.992065
336.922363
25.792480
-159.049805
-586.939453
-1553.723755
-1872.488281
-856.906250
33.115234
118.136230
-422.841553
853.562500
162.047363
347.464600
1751.356323
1302.555298
-1187.289673
142.266724
-769.436035
-711.543945
1853.000977
1799.985352
2298.222656
767.699585
867.905334
-1246.089600
-938.124390
-362.510254
770.206543
829.626221
-408.532166
-1224.517090
-846.140137
159.365479
853.866699
-437.773438
248.250244
-527.264648
-466.719238
-209.828613
-1081.907837
-333.081543
1553.842773
1041.111328
-962.016479
639.541992
2065.350586
290.844971
-207.616699
648.042480
-647.039551
-45.743652
887.840332
676.834961
976.579102
1377.462891
415.494141
-322.672852
-863.497070
-1294.802124
-1364.437012
-128.708008
726.366699
346.489014
872.666260
1468.501953
2112.033203
819.132812
347.466797
1594.078369
3259.812012
690.832520
-314.547852
-84.468262
315.537048
-594.380981
1792.500366
6108.583984
4321.677246
243.770264
264.777344
1328.791992
901.501221
-756.378662
-399.684204
496.847168
-403.696899
-1219.127686
-784.481445
-564.421387
-2306.844727
-2021.052246
268.066895
602.586914
-20.062500
8.714844
1980.463867
2359.749512
221.965820
326.931641
-15.415039
-305.240723
720.910156
255.917480
-570.769287
-73.830811
-653.574280
-1413.698975
-348.714355
-224.161133
-967.700439
500.898193
1363.497559
291.364075
854.795410
1712.139771
1765.161621
499.192383
-1000.725586
-473.935547
-643.300293
-483.538818
-854.613892
634.082520
288.160645
-33.933105
390.134766
-365.511230
-616.101807
-1130.463135
26.694824
595.105469
-520.276855
-708.007324
-351.921875
-844.994019
-640.171387
310.277344
673.279297
740.455444
-3253.358398
-3307.468262
56.787109
635.619873
283.819092
-272.910156
-1715.027344
-4710.183105
-2264.191650
251.101562
827.547363
424.499390
1733.368652
-189.257812
-72.472656
-848.588135
115.478760
-510.078491
-901.412354
-421.191681
-1391.761719
-2183.184570
-896.677734
127.622559
-517.400269
1255.250488
72.046631
-768.922241
-430.208984
246.791504
-194.701660
273.362793
-1467.758789
-530.261719
699.103516
620.038086
-1132.620605
-474.881348
750.170410
298.813721
650.241211
1262.316406
-1661.182129
-1235.034668
-1016.526855
975.326660
2797.448242
-595.537109
-1346.997070
-465.247070
-583.535156
-40.746582
-1171.393188
-343.639648
-56.090088
2617.882812
5143.959473
3602.965820
1681.265869
1529.214478
2259.312744
1128.877686
-1112.626221
-387.234863
-80.500977
-433.919434
1115.012695
-2206.527344
-1354.686523
387.475464
456.070312
2615.344727
399.123047
168.509766
1100.289795
690.020264
-359.565918
-17.304688
-811.348267
-1566.583008
262.818848
44.239746
17.904053
-546.909668
-1025.520508
-1115.370361
-441.688477
1643.939453
1984.757812
1876.726562
104.304443
-83.766724
125.475464
-3.531006
-830.764648
-128.197754
-248.485840
583.202148
-409.777344
-822.521973
759.931641
1406.736572
1033.368408
1191.155396
-38.361572
-1647.736206
-341.959473
-1010.215820
-2857.356934
-2007.613770
-236.042969
304.109863
218.767578
811.502686
1404.636475
-485.384521
-365.598877
3025.750000
3259.368164
376.497070
2229.822266
-457.711426
-1741.374756
-826.818848
993.009766
-377.638672
-338.473633
-424.389160
-585.585693
1212.293945
1956.302490
1077.792725
-1373.334961
124.139648
632.663086
-969.924927
490.250488
1786.211182
-134.630615
-223.949219
117.239868
-501.139160
-453.473633
-532.978516
42.307861
1019.577698
633.921387
-119.552368
-178.196579
422.558350
837.742432
585.280273
-166.249512
-811.268555
-111.030884
512.914062
491.870483
478.436127
-601.782104
255.877441
731.797363
586.061035
1438.142212
1438.142212
628.868652
-875.089844
-1683.752197
-1014.859863
-724.725586
-1188.799805
-5109.100098
-1916.478516
395.061523
2636.783203
3394.371826
616.327881
658.304688
1784.605469
-321.441895
492.384033
1385.135376
-1369.164551
-1362.012207
613.650391
1876.665039
1003.157227
827.477051
1085.380371
-161.814941
1073.157715
732.422363
-292.704590
584.881836
-175.278320
869.395508
2024.173096
-147.442139
-276.826660
-1683.265381
-277.697510
-533.032715
-1580.391602
-736.880859
-1181.594727
-1584.191406
298.255859
1316.447266
600.568359
-812.807617
-160.497314
2464.104004
1581.192383
-47.388550
951.228455
282.196777
-1627.857788
-1281.092285
-2086.945801
-45.580566
852.596680
465.611816
514.385254
1526.475464
1055.870850
1485.218384
-3.324829
-1455.542358
-227.175049
875.263672
293.457520
-1378.385742
-1277.814697
840.612305
1962.885742
1053.142090
1899.486328
834.631836
1095.421875
215.865723
-614.672241
-992.350952
-916.140137
-1739.536133
-2028.193359
-268.516602
-3253.054688
-357.908691
6.803711
-841.890137
-225.023926
695.153320
3026.972656
-71.791992
1061.422974
-524.556274
-1284.782349
55.840759
13.679199
241.211304
707.499634
-828.847168
-778.078613
-413.548828
-990.874023
-98.388672
-283.628906
256.136963
624.462402
2349.412109
2466.750977
2356.387695
1302.292236
151.142166
-503.920410
-307.232422
-801.148438
-634.597717
-1284.945312
578.951172
2736.186523
2134.611572
37.823730
419.598633
611.736816
825.076172
-364.857849
-656.501099
-1786.664795
159.052979
-2001.052979
-3628.050293
-522.754639
-128.202881
-453.939331
-426.477509
-868.534912
139.536133
536.044434
1018.256836
-688.336670
-472.716797
74.039062
590.611206
934.033936
2950.317871
2932.572021
1141.851562
-400.863281
-1818.764526
2152.871094
506.357422
-496.982910
-357.261536
-188.132324
1195.531494
1049.949219
420.981934
1386.292603
671.014404
-1762.684326
-1108.865967
2458.619141
2840.741211
-1165.494141
-355.597168
-1096.831299
-1949.137207
-1304.147949
-1348.961914
-318.525635
824.807129
1255.959961
972.995850
-642.740967
597.091797
294.584961
1093.358398
679.545166
-1659.719727
-5347.966797
-4802.890625
-1311.067383
637.699219
384.208496
-260.303711
-1459.581543
481.277344
576.142151
188.652344
181.519531
-615.227417
136.634766
-1880.613525
-1543.518311
824.475464
166.897949
-333.098145
481.468994
401.914551
-1138.726562
-7.699463
334.332275
-976.436523
-417.378906
128.852051
597.744019
736.860840
-66.451172
335.337402
1992.878174
-181.857803
741.723877
2414.016602
5146.664062
4038.731934
-260.490295
1272.248047
73.282257
-576.633301
-116.056641
520.313965
-293.614868
-47.219727
-2320.339355
-1495.135132
834.289185
813.388428
223.432129
-669.979980
17.988770
-1221.189941
-1664.604980
-1376.287109
687.164551
3160.339355
489.880005
-526.822754
-1288.115234
509.814453
-626.618652
1532.446045
-198.648926
267.288086
860.812988
417.233887
-960.111816
-220.644043
579.889404
44.348267
-227.853516
130.117188
47.327148
-3201.661621
-5358.128906
828.650391
153.791260
-213.781738
930.032715
1175.790039
-91.950195
-730.890625
-1447.524536
-2017.252686
-1560.066895
-1124.469238
489.840820
-2241.162598
78.867188
873.846069
599.413574
2032.157837
1015.451660
-72.013306
168.633179
578.391113
210.294922
25.219727
909.680664
2518.478027
2493.614014
-385.104248
-380.270264
887.495361
652.443604
656.634521
-145.774902
-853.458496
-938.078369
-398.972168
435.177002
-47.858887
-456.646973
253.965820
324.268555
-87.887207
-1725.343140
-756.442505
600.799316
-41.790039
-114.734131
55.407410
-93.180176
183.217773
1183.363770
390.946625
-1341.657715
-1002.143555
-455.072144
881.919189
1534.393799
20.386719
721.939697
1101.666992
561.461670
1913.345215
1313.166992
-869.996094
-768.210938
573.301025
791.671875
-277.756836
-1076.741699
-40.228027
621.295166
647.143555
1192.156006
547.070312
-1019.456543
-756.001953
703.604980
-62.581787
1942.484131
993.714844
-943.648560
-126.711304
557.130371
-1339.749268
-3046.309570
-1203.125610
1289.138184
454.558472
-445.671631
1001.515137
1691.295898
1209.963867
18.380859
823.389160
1223.257080
144.650513
-485.029297
-1225.457275
-2055.565430
-1943.735107
-1027.112549
12.439941
-12.098633
807.051758
3084.678955
256.969238
-150.756409
242.672974
-2010.083008
-1181.900513
-827.480286
-864.332275
446.974609
-831.607422
690.426758
92.985840
1749.282715
616.465027
-196.900635
1300.355469
701.213623
1571.088867
3404.247070
1046.913574
-40.539062
523.390869
-731.669678
-1155.584961
38.609131
932.655762
606.842529
186.669067
781.590149
2858.205566
283.468201
-930.960327
-973.895203
-342.059814
40.386719
342.638672
143.088989
-754.684082
-435.568970
-119.497559
-210.229004
580.822510
980.848633
529.615234
-909.230469
585.473633
487.144531
2884.552246
-349.762207
-118.193359
168.069336
-556.994141
322.582031
783.041504
575.013672
383.405273
-330.163574
-485.412354
-610.493652
-1695.909668
-1133.384277
-1373.753906
300.186768
1534.688965
7.120117
-18.163086
654.479126
887.971191
-630.857849
-439.110352
7.221680
-674.133789
1625.770020
4063.358398
-1043.581055
333.119141
-1622.708008
-1445.160889
394.237061
276.333252
-21.395020
-3745.851807
-1988.920898
-991.257812
378.212402
2459.930664
3258.350586
3856.077637
1521.689697
-531.983398
-390.878174
-1386.999023
-1365.932617
944.182617
-885.261414
-165.463867
963.151855
1049.156250
1044.080566
-321.822144
-1933.280396
-884.953369
408.657959
593.172852
-468.718750
-1715.393311
-1115.676025
626.006592
-358.129150
-693.088867
207.449219
-339.631836
-591.358398
-172.574707
267.130859
133.897461
599.737793
-1480.802734
-2160.206055
-95.966064
-639.926270
-2024.957031
-811.010254
-878.175293
-723.931152
-119.402832
174.916016
1847.754883
805.140564
-767.719238
-324.234131
-171.194580
-757.775879
320.964844
226.454590
487.276855
226.478516
-647.044922
490.154297
424.525879
325.971558
717.265137
1543.908203
3730.629395
3891.304199
1444.988525
223.510742
69.796875
423.262695
-1522.643799
-6277.718750
-5564.254883
-3245.566406
541.447266
876.844238
174.697266
356.104980
-895.629883
-40.889160
45.081055
-1150.523438
-971.012207
1090.281738
-114.635742
1489.087158
2621.389648
2655.886719
50.353027
-1407.449707
-2150.275635
-1220.101929
35.718994
-1409.857666
-463.783447
-626.352539
-256.199219
-508.737305
-600.907715
-1736.171997
-2640.642334
-2069.964844
46.764404
-471.989502
-484.971680
709.684082
629.686523
-125.232422
492.346680
-378.373047
-413.833984
-661.856445
-325.127563
1480.262695
-207.321289
165.738770
-1304.133789
-140.258789
994.379883
-1377.904785
109.569336
-2295.320312
-1933.067383
-646.262207
-206.020020
194.111328
-525.100586
-352.230713
920.039062
-641.379883
572.554199
-375.155457
-1156.338623
-846.808960
-1710.857788
-410.885986
1348.428223
540.854980
38.321789
432.500488
-1062.418945
-18.232788
47.288086
-1000.507812
-1579.501953
-395.627686
231.137695
503.056763
-475.207031
1280.187256
1053.272949
-819.163086
79.781250
-1189.012695
-1344.192871
-2347.323975
-834.782837
944.475403
795.028687
867.578369
-234.438965
161.635254
3603.346680
2571.291016
77.013092
-6335.123047
-9274.671875
-3724.695801
1377.528076
1278.903320
348.055420
-1679.491089
-1169.851562
-1118.790527
303.767090
-1008.175049
-931.191406
194.923828
-1104.337646
-1236.747070
85.241211
1336.721680
287.641113
-363.455078
-41.462677
-1285.712402
-955.391357
482.674805
1297.410889
2064.245117
1005.989258
-175.983398
208.969482
-1128.783813
-949.422852
-89.020020
568.854980
1779.882812
286.781250
102.326660
3214.938477
1004.111328
-177.601562
572.293335
342.135742
-1458.049805
-1632.649414
-2188.189453
-2218.318359
267.902344
2634.595703
1730.289795
111.491699
-956.799316
-2739.749512
-1174.591187
-624.024414
-166.136719
316.399780
-2246.770996
-2985.257812
-187.323242
2613.490234
1623.127930
76.265381
232.516113
151.112305
-407.296143
-580.854980
66.256836
169.780273
-26.857834
-596.457031
-309.981689
-1054.216309
341.226074
-555.188965
-1741.747070
-1261.261841
1593.527344
1406.636597
588.884033
-153.999634
351.870117
-547.126953
1103.330566
136.569336
479.828125
1132.011230
825.238403
272.074219
44.531250
155.664062
137.699219
-1368.916992
-493.991943
-384.743652
-332.163696
-296.634277
608.537842
475.397461
484.045685
334.299805
1208.369629
727.884766
-632.365601
1221.167969
1233.096191
179.404297
-6.485596
-8.678955
-1002.530762
-148.145020
602.143555
315.385071
-2049.535400
-1873.955566
692.614746
-272.304932
-600.117676
57.682129
-295.085938
-523.978271
214.226074
39.692871
1397.530762
5089.257812
4955.122070
1498.311035
-785.778687
-1354.719238
429.779785
1058.590332
-305.046875
-627.636719
-1624.018066
-1174.697266
1128.148193
1735.273926
-310.676697
-1467.604248
511.237305
-180.936035
1228.410645
86.299072
-1779.978882
36.006348
1572.826660
434.796173
901.145996
1878.789062
541.402344
45.295410
-92.961670
-867.442383
-1499.053223
-194.489990
1498.127441
1440.837402
-386.516724
-731.582031
198.643555
639.075684
2564.744141
1714.643555
-586.176758
530.142151
479.395996
671.705566
785.045654
419.344727
-1029.937500
-1205.608154
-714.032227
475.957520
-175.015381
-120.228516
-3295.967773
-1359.479492
150.960693
798.355957
-57.505371
1288.002075
933.991760
449.028870
-341.660645
-71.154785
439.306641
2402.137695
230.103516
-2583.376465
-3419.473633
-2234.202148
493.256836
1633.389404
1866.683716
871.641174
274.286621
326.609863
1285.827148
307.496338
-1120.945312
422.408691
706.464844
-330.896484
416.416565
-1461.277344
-3007.567383
167.056885
1187.446289
514.326172
467.624451
-117.392578
-828.570312
-395.598877
168.212662
-1003.241150
-43.070801
227.645020
-1302.787354
-114.409454
-518.125977
-3026.543457
-4657.249023
-850.168213
1611.416748
1614.997192
1509.715942
466.786621
239.865234
372.520020
497.086792
-22.703186
1097.257324
2576.854492
339.348633
572.943115
1297.542969
1584.471680
-1845.651367
-448.313416
75.877319
-996.933594
-1653.481445
-440.690918
1219.396973
3422.788086
3630.752930
1025.513672
-12.633667
1073.628174
393.871338
-992.029175
-2488.021973
-1280.973877
-118.407715
-2360.147949
294.707031
1072.273926
1674.085938
323.758789
990.483398
-2272.873047
-3921.441406
-1653.149170
1170.199829
-886.857849
-3071.789307
-645.653503
-295.359619
961.949097
219.655792
1578.038574
2076.002441
924.792969
-333.590820
-572.120850
-1116.427490
455.464355
874.632385
-1492.248535
-1498.852051
718.724121
660.484619
1268.753784
2305.603516
37.249680
-259.458618
-56.834961
39.241455
-199.721680
2714.301025
7207.582031
7176.665039
3682.572754
-60.999512
-399.334717
399.055420
20.189636
-89.640869
237.935059
745.578125
1710.099976
1947.852051
-19.380371
335.892334
881.182373
121.960938
-460.477173
-129.429688
-1167.409180
-1474.821289
-835.197144
880.757080
1044.589355
350.067627
-188.844360
120.371582
1943.353516
5800.813965
2732.437744
-656.551514
-262.193359
-2059.395996
-3795.025391
-937.843262
450.569946
918.947998
-636.292480
-700.254395
2967.463379
4573.056641
2229.665283
-120.841797
-475.553223
-1031.765625
671.202393
1004.766846
589.637207
-1010.077393
-864.180420
621.160156
888.911133
2059.248047
-70.523438
-1428.585938
-1267.621094
-613.908203
-1158.249023
-149.351242
601.871643
479.491333
-501.952148
2279.801514
2656.559570
-445.895111
-1296.240234
55.068604
-111.319214
-1387.868530
-58.847961
-1325.290161
-3889.772949
-744.502930
2787.792480
5153.366699
3802.036133
-845.389160
763.814697
1215.887695
-428.793091
-534.783508
306.063843
471.839966
-671.352783
-585.677734
-825.455078
643.133301
162.400269
-912.462769
-1236.749756
581.799194
581.513672
-100.458496
-457.749512
663.783630
-118.379883
-1707.636719
-282.821289
854.520020
127.028320
364.299072
-127.354980
-2317.647461
-2216.111328
-322.785645
-84.134888
-813.822632
-753.867310
161.914429
786.743164
809.949585
-179.146790
-743.015381
31.675781
255.723633
669.838745
608.797363
-1944.330078
-1416.075195
-384.760742
-459.318359
93.909424
369.445801
65.276855
723.741211
1053.708984
-683.441956
-432.508789
740.771729
707.708862
210.098633
394.186768
252.224854
1090.038452
1007.142151
-411.857849
-1163.952881
230.987305
-362.443848
-771.019043
168.684509
790.734863
-382.124268
-775.166504
254.333496
18.982910
605.237915
-3311.164062
-4821.257812
-1727.617188
1060.153320
-140.253601
-1034.712402
-626.489685
-1434.605957
-407.654785
124.764404
-729.549683
441.511414
522.444336
-377.068359
2057.411133
1940.754639
266.083496
-216.033203
815.757812
-762.914062
907.353516
-647.969482
-521.996826
941.094238
811.966431
535.142151
416.719482
-2470.337402
-1896.107910
-771.551758
776.462891
3733.166992
3553.860352
-93.641541
-189.788574
339.731201
-191.553131
335.685059
-1367.259277
1615.187012
-240.211792
-1202.868164
-507.223633
-629.795715
-45.093018
1269.719727
638.935547
-633.783813
-119.255859
472.546387
786.833496
2019.541016
1876.878906
1056.849121
423.382812
-828.680664
-719.651855
587.142334
1604.641602
-420.593750
-1703.595703
-1020.714844
1366.758301
977.921875
349.029785
57.689941
-635.017212
-877.789062
-1119.498291
-431.569580
-849.276367
-839.234375
533.458984
551.433105
209.597656
-540.676880
60.800293
-94.743896
-318.991699
1948.758057
1069.122559
-701.624634
29.371094
3174.269531
61.781250
751.208008
758.274902
-533.047852
-511.376587
778.197266
831.635254
1421.142212
1682.193970
846.552979
573.690918
307.721680
-270.109985
780.423096
1642.529785
1255.127441
405.751953
-1269.874512
-2543.328857
-511.566895
-2008.678955
888.044434
-96.692139
-1566.130371
128.602951
1739.478027
392.135498
-924.121582
1129.532959
325.504150
-660.126465
619.939941
717.953125
-129.561523
-275.723145
-925.614746
-1175.578613
-652.103760
1065.952148
497.000000
528.524658
1093.600586
1103.024902
986.755798
-124.925873
-1898.205078
-402.317383
-604.189453
1852.596680
1659.418091
802.487305
206.530518
1233.333862
12.806152
214.525391
3010.866211
2188.446045
-722.087524
-425.998047
-683.791992
-943.506226
-750.425781
2215.032227
114.265137
170.943359
205.349609
247.425293
-1593.252930
-1112.959961
609.331909
-1368.162598
-3092.235352
-1321.404785
-561.649902
736.395020
1644.861450
730.490234
-379.577148
-1859.513184
-1476.775024
1462.002441
255.378662
-895.998047
1129.247314
653.353271
-561.528320
29.141602
-841.186523
-1172.627930
707.815430
460.729248
648.660645
2463.381836
1407.166992
-1016.096680
-264.577148
238.498291
339.280273
113.904541
-203.517334
268.608643
428.709961
-1498.420898
-314.553711
-194.475586
-263.035095
324.756348
3286.949951
5257.905762
3661.997803
666.312500
431.139160
-831.610352
-1404.419434
898.558716
940.656372
-1371.826660
-256.819336
-257.148926
-193.871094
-63.656494
434.865479
1486.276367
1405.952637
821.237061
758.202148
3574.754883
2628.376465
-120.906250
370.065918
518.790833
365.826172
195.428711
408.931641
763.784363
498.155762
347.787354
-215.824234
-1007.151001
-73.247986
-73.796875
602.008057
17.151001
-3219.163818
-2248.018311
-444.819214
543.087158
281.774902
-581.672363
306.044922
677.618896
-424.407227
543.733643
1116.562500
-738.270264
-862.679932
549.569153
376.415527
-442.929688
-394.984375
-415.555420
478.761230
701.500244
79.344971
139.634766
240.398865
-566.032715
-1210.141846
-661.154541
-155.165039
625.322754
936.181396
1600.348877
-459.219727
-4794.581055
-5326.400391
-2418.734375
33.833069
513.358398
1020.466797
1652.735352
1613.635742
634.265137
78.089844
-812.855469
-1531.801758
944.645508
1113.739868
-1092.252686
-1251.122192
-1254.709229
304.129883
-18.172119
1555.728760
260.938721
-1085.421387
-175.967285
347.783691
-220.886597
178.121094
1121.696777
794.060547
-11.324219
-969.526367
2340.123047
4266.223145
4939.552734
327.431641
-110.967285
-1030.335083
-1130.669922
777.388672
3049.471436
945.658203
-1434.625610
-591.230957
-92.214233
4740.097656
4878.887207
1937.795898
-2663.781250
-1563.091797
1148.644287
5569.690430
3748.939209
-459.195312
-194.429199
-2744.973633
-694.434814
-531.473450
-1700.772949
-980.943359
-2475.957031
-422.201172
1217.160156
490.475464
-744.105713
250.366211
428.004150
-395.044067
-1292.339600
-1828.047119
-432.781250
-439.599609
22.728882
-214.650391
73.267578
756.018372
-438.554688
267.775391
242.912109
-232.706940
-995.393555
-989.510254
-847.678955
-68.312012
-1764.037109
-1080.717773
-186.429688
1114.442383
1690.275391
624.669922
11.507965
-37.577148
61.863281
496.139648
725.175354
-848.188171
-629.298096
-498.640137
162.719727
728.442383
-1233.663330
-1188.918457
40.198242
-609.565918
-2342.264404
-602.376465
-1372.234863
646.849609
150.987305
-581.902222
-428.745117
-1067.524536
-743.170410
-1004.666992
541.817383
-762.541016
-779.277100
-723.889648
-498.723145
668.444336
255.638794
1066.301514
808.561523
-302.162109
-84.640488
85.309601
-113.037231
-230.080322
405.856934
1199.617676
313.206665
847.379883
1004.301514
-912.265381
-1163.868164
476.366699
986.483398
1310.633789
183.758301
-1001.664062
-143.467529
2332.375244
1931.182617
-67.835449
937.980774
1038.356201
-230.667969
3422.813477
4725.017578
1807.813477
-284.812012
279.958740
85.845703
-718.172852
564.080566
518.667358
920.080566
-155.312500
-335.980957
-311.109863
521.714355
57.107422
3.458008
-521.654785
-64.372559
120.444824
-2317.912598
-2184.539795
941.872559
233.097168
-1981.158203
-792.003418
-1891.938110
-334.543213
1338.783325
-106.476318
-596.513184
1160.166016
933.789795
895.360107
-92.930664
1820.943359
1006.004639
471.900635
2042.304443
1779.721802
341.446777
3054.514160
1849.110352
-448.369629
-2037.470215
-2029.525635
582.354248
590.138428
927.962646
265.564758
-1079.816284
1131.721924
752.048401
-877.142334
-199.980469
913.078613
428.922363
2977.959473
201.787109
-1419.863770
-1409.100708
-1174.356934
-100.239014
-92.291260
-393.929688
1117.901611
-2465.954102
-2854.663086
-227.540527
-209.621094
623.783447
659.686707
-1667.244141
-1782.157715
-523.770508
-816.697998
-725.653320
413.639648
417.735596
549.823730
-12.361328
-483.391113
739.606018
1230.322266
718.520508
-125.763672
-449.719482
-22.832520
1948.936035
1402.375488
-166.072021
-377.934570
639.194824
742.031494
-215.275391
-419.260742
-534.989868
11.358398
-14.494141
-1029.236084
1682.037109
1273.025391
-742.971924
408.428467
-514.933350
-1273.697510
409.918457
-1321.081055
1093.569336
-3732.273682
409.056396
-1444.435547
926.742676
1363.201416
1260.215576
60.895996
-147.661621
13.126953
232.195312
1100.590820
914.854675
-516.557190
-266.848785
676.233887
378.037109
2005.282227
2221.353516
9.297852
2152.244629
541.299805
-1099.260986
-1265.140625
-1522.132935
321.209839
1300.946655
186.499756
-843.060547
-617.961914
-101.608032
516.162109
-810.564331
49.819824
-378.105957
-379.047852
-1515.796143
-5687.061523
-5087.142578
-96.830101
-99.508179
1917.496094
1819.211914
706.046387
-1329.426880
-2157.689453
-1117.243164
195.751587
1689.097656
820.337891
263.822815
-490.016968
-1924.288574
94.855957
1193.235840
437.989258
594.487366
-426.861572
-41.956055
3537.165039
6026.034668
4955.289062
1010.807617
-1120.765625
-732.931030
189.652100
-306.037598
-614.835144
-506.976074
303.913574
-440.470703
778.881348
1323.674438
542.979980
-582.077148
581.426758
-992.026611
248.005127
131.274902
-932.161865
1315.073730
3168.786133
2357.616699
-978.147461
308.573242
1892.217041
617.286865
-3246.771973
-863.818359
1127.406250
1804.375244
5363.188477
4475.799316
-1021.097168
-1105.910156
266.271729
-1440.927490
-976.129395
74.540527
740.127441
977.843750
570.759277
-316.953857
-524.537476
447.528931
1015.257690
-238.896484
252.357422
-2234.983398
-2629.106934
-261.719727
-943.875916
1338.077637
1500.142212
-1239.740601
296.035004
781.669189
436.021973
4361.366211
1715.783691
-214.221191
609.984375
458.914307
243.146484
305.734375
361.320068
278.909912
462.295410
853.055176
978.271484
-34.703125
-687.592773
142.343750
1864.840820
-221.587402
-291.017090
-1829.251953
-3465.648438
-83.099915
-385.113770
-655.688477
-542.838867
273.465088
1047.633301
-430.899872
960.053223
1943.037109
-793.712891
-1303.461670
-934.396606
1680.982910
1822.491211
656.871094
346.734863
1822.754883
-90.050781
-930.480469
651.645020
120.142166
226.440918
-641.499268
-681.580017
722.348022
503.997070
-132.981934
808.635010
829.519531
1118.061279
535.953613
1435.983398
774.651855
64.343750
207.396973
1196.215332
-378.728516
76.109375
-1431.382812
-1373.805054
-368.857849
-301.857849
-831.279297
-351.297089
-551.966309
-118.404297
450.596802
465.951660
0.816406
-983.804688
-635.758545
-586.783081
-1088.786133
-710.057617
391.352539
341.358398
2829.194336
447.350586
-230.056641
-2125.308594
-3294.403809
-1542.260498
1745.783691
5477.140625
2120.676758
572.128906
-1666.455078
-1334.587036
-595.040283
-333.591309
389.247070
-117.278320
937.316895
1596.698975
366.854248
-608.335449
-1003.270813
-1456.417236
-5866.499023
-1945.966797
-240.127441
-1192.524536
-992.020081
-150.629761
-3.700684
-438.191895
516.196045
508.418457
119.638672
2270.436035
1792.686523
-185.541504
-647.967041
-1666.524414
-591.221191
1197.736816
351.281250
402.021484
-1100.060547
-4148.228516
-189.767334
630.534180
-79.685791
-568.652222
-368.181946
132.520142
-104.146240
367.273193
603.964600
-58.622070
-33.756836
-1209.556641
558.799805
151.147461
66.877930
-275.272705
-327.740234
-10.676758
-826.867188
431.317383
424.173706
1907.959961
1528.617188
33.315430
1455.141602
-134.113770
-265.619629
-753.315186
-99.500153
295.715820
-586.852051
-276.672363
2813.562500
3264.919922
-148.948883
192.014648
1381.646729
-144.559814
1306.991455
510.062683
-485.416016
-451.649414
-958.915161
-813.738464
-215.524536
1062.334961
311.641602
-653.774414
1077.475464
1239.074707
189.317627
1142.504883
-61.451172
141.164795
-235.218750
700.000000
3865.104492
1263.994385
-1085.686890
-1683.524292
-2623.844727
774.100708
2677.829590
3049.127930
902.677734
42.174805
-1086.457764
-827.275146
-228.392578
496.110840
-1808.345093
-138.483887
-1842.447998
-261.174072
60.367798
839.751953
1969.248047
342.590332
634.924072
1138.848145
1694.928711
752.780884
1088.872559
858.052734
3544.299805
1607.747070
490.965210
722.911499
-1693.906982
-869.642578
335.392334
-404.920044
2583.142090
2599.475586
174.111816
766.189941
123.751465
-1450.391113
-1355.152100
58.931641
-534.808105
-96.532227
-358.227539
-1005.252869
-486.237061
1351.664062
582.597900
-175.036377
364.507202
1380.993164
-1528.279297
-5963.284180
-4763.524414
-374.310059
2542.854492
4614.725586
1828.243652
-1852.083130
-21.918945
578.784668
1553.113403
3713.444336
2919.478516
710.121338
319.013916
8.479492
969.394531
717.391602
-180.837891
-1134.609619
-1383.147339
-377.408630
1032.338867
1167.428711
1088.961914
663.123535
-663.608154
-802.643921
-1480.136719
-3604.337891
-1478.423584
-176.026001
-2211.417725
-728.014160
-2126.155273
-3179.529297
71.333984
-2548.471191
-2217.207520
-897.118652
-1167.917969
723.144287
443.131592
945.781250
-312.299316
-1716.892090
-1059.688354
-114.597412
486.749023
-970.948975
290.555664
1208.123535
851.915039
1870.018677
301.715332
-692.596191
-1295.838867
-742.176514
-321.974121
1008.580078
550.936035
-601.942993
415.062012
360.671875
1032.142212
299.433594
281.475464
-210.232666
-81.096680
628.662842
-70.537598
-387.677734
515.934570
-775.233032
-1656.052734
-22.896484
-2562.630371
-2709.339844
-270.420898
329.520508
-228.176208
1462.056641
55.491211
-3412.304199
-949.199707
1068.931641
-191.782715
-594.455566
1248.265625
38.393555
-495.880463
97.469971
-1132.731201
-1646.603516
444.432617
1667.896484
335.260254
-437.073730
537.236328
2329.282227
2587.886719
673.053711
358.247803
153.312256
-481.481934
-920.196533
-1130.474365
-558.839111
121.523438
2166.155273
4385.069336
1770.164062
-1143.379761
-3041.230957
-3982.861328
-289.662598
-521.633545
-1549.275635
-774.808777
-1217.657837
-1577.516968
-317.696899
606.189575
-3499.045410
-2139.666016
-242.668945
-295.143066
-458.096802
-316.650269
951.879395
98.437271
1383.691528
1932.697754
596.887207
-539.160645
-1579.573853
-2191.881592
-922.901123
782.144531
1758.753296
321.514038
-1681.744873
-296.099487
-971.687012
-3669.522461
-1647.489014
1299.726074
-429.652344
877.610352
971.166992
868.392578
5667.362793
6712.413086
1893.865234
-477.881348
-3024.966309
-4753.422852
-2249.251953
865.530273
813.388916
1358.451172
-279.157715
387.708496
2818.512695
1957.613770
943.402832
65.796875
-262.458557
121.543945
-1219.684814
-1662.339355
77.139648
53.825195
1697.077393
958.588379
139.380859
845.336060
852.897949
1218.518066
1552.501953
692.862305
344.882324
773.451416
1916.822266
1056.138916
-1276.648438
822.199219
1384.382812
-272.187012
-392.682739
-182.744629
-61.971191
-997.050781
-2741.096680
973.969727
733.436768
-255.225586
-20.270996
-134.782227
-883.895020
-746.742676
341.186157
-449.188477
-767.699707
-1042.023926
-876.369507
26.170044
-249.786865
850.331543
1291.819336
1025.475464
79.136963
-1589.263672
-1516.904541
-723.172607
386.738770
-896.857849
711.479980
257.425781
-459.170898
582.267090
-111.744141
-1892.486816
101.263184
538.122559
986.459961
-283.286133
-320.545410
16.273438
1067.037109
-705.656616
230.433105
1121.064941
286.295654
-911.257812
525.386475
-976.087158
162.475464
-32.315979
-571.387451
-142.562012
442.678955
496.131104
61.543945
452.747314
1432.152832
1876.892578
2242.443359
610.125000
915.917236
1185.541748
-611.554688
-378.425476
121.773071
769.142151
681.369385
3031.221191
4850.164062
3282.014648
-61.220703
475.009766
579.437256
57.537109
327.368164
-1777.364746
440.475464
47.674805
82.425781
-470.857849
146.044922
1030.766113
355.567749
-152.955627
143.406982
-34.647949
-2802.211182
-4844.359375
-740.843262
1045.934326
9.136719
203.774414
-258.920410
-736.915527
-326.035400
1202.229492
3536.278809
4024.067383
4508.625488
2885.928711
625.247559
818.543945
-465.770508
241.824219
-56.471680
-864.401001
98.892212
908.297363
-317.791016
1870.889648
3620.739258
807.225586
-1933.663574
15.817139
100.932007
-637.432129
-549.164062
-2001.993164
-1671.290527
-766.517334
-713.059082
94.928711
-1658.675781
-865.666992
640.075195
872.607666
860.460938
112.483887
-197.788574
-11.708496
163.573730
612.594604
-748.776123
-1532.595459
-898.004150
-317.606750
1208.850586
763.877930
826.110596
546.679565
-126.270996
720.114258
-222.217285
193.788818
555.640137
-619.338623
-802.915405
-6.910889
-102.115234
40.271484
-884.096313
-689.705444
-757.517090
-1222.722656
747.032715
1228.802734
-126.760742
-2952.669434
-3130.949463
-215.006836
-477.443726
501.920410
2406.051514
861.054688
-622.307861
930.780762
-900.156738
-1587.333496
1901.112305
1315.842285
138.254883
924.507324
-573.859375
-198.410156
753.807129
298.812866
-194.958496
-758.772949
3859.325195
7560.354980
3613.311035
-639.007080
-1927.160156
-5334.134277
-676.646484
1726.522705
-482.445068
-2875.451172
-1608.412109
1367.819214
4453.747070
3185.186523
1263.083984
-147.408203
74.669922
708.376221
1808.652710
3225.614258
181.117798
602.327393
-432.845947
87.928711
740.077026
232.140564
1277.693481
869.578613
-161.499512
-79.653687
-1022.457520
-1812.614258
3946.559570
3554.029297
662.176025
-97.286621
517.339355
1168.833496
-651.755005
-2874.697754
-8551.832031
-6780.630859
-2270.065430
-343.594238
-1044.949341
-1212.599854
793.318359
1250.475098
248.483887
1417.630615
1118.979248
47.773438
183.490723
309.678467
229.916016
1664.917236
567.840820
-751.869629
339.330566
-727.553467
-633.444336
149.025879
150.036865
-742.274414
-10.047363
438.174347
-93.060059
791.556641
144.634521
-928.999146
292.580078
-134.482422
-1598.346191
-1476.337402
154.606567
33.736328
-650.144531
-543.311035
-444.083496
-2623.751953
1782.090820
142.643127
257.098633
-787.890381
500.702148
427.541992
197.128662
-62.270508
285.922852
438.298828
1115.903809
318.081543
-232.652100
242.781250
-247.428223
-2390.619629
589.867676
-889.685547
-591.850342
2009.457031
4066.115723
1512.981934
829.811523
559.230469
-290.971924
-1250.841064
-489.013672
332.645630
-36.913330
-222.241943
-1147.524536
-807.994629
-104.119141
35.192383
522.200195
-413.642578
-566.244934
434.896484
1377.681641
-132.573730
-386.692383
-500.309570
-1123.325195
-1054.947021
-639.700684
-47.125000
-340.255249
-79.100586
-437.739258
-1839.020264
-561.313477
15.400391
668.866577
1293.472046
442.823730
-289.072266
-173.216309
265.310547
582.692383
-242.845703
24.164062
-129.372314
-19.396484
1693.685547
1802.475464
-50.661377
1061.010254
3254.105469
653.144165
-287.000000
282.979492
723.266602
4657.408203
4605.225586
1208.122559
-1590.012939
-630.546143
1323.368408
2448.789062
-51.782715
-430.794434
728.117432
-263.564850
-171.888184
669.719727
-79.990234
-2282.913818
85.248291
1330.591309
986.270020
1670.247070
129.212036
591.625488
-279.875000
-221.924805
-1104.682617
282.428711
1003.385498
-1117.017822
180.142166
1136.845703
-1048.538330
75.585266
1766.531250
1192.717773
84.899658
-923.537354
-963.048218
-379.686646
118.992676
-235.165527
-1123.351318
-1026.014771
-4.032715
-46.172119
-562.279541
-150.323090
527.538818
268.294434
503.100464
587.535889
239.689941
985.503174
1406.953125
1015.304565
492.491943
706.179504
270.284668
-970.588379
-617.078369
-18.009521
-1529.381836
-1360.474121
-93.157715
476.795410
4581.693848
4890.677246
2910.248047
-22.536377
550.517090
126.486084
-402.099609
219.144531
-728.583252
-367.241699
399.574097
-988.665161
1022.897949
4828.808105
4967.313965
2293.656738
294.024414
279.083496
-306.246246
-834.825012
-725.948730
-133.733398
-1674.211426
-2952.179199
-2885.103516
-1414.717529
213.226074
366.270020
-698.594360
-1110.237671
1288.583008
1317.636841
1167.030273
808.015747
-1158.177856
-1468.979004
-1087.560547
-600.324707
-0.166992
408.424805
-1210.082031
-1711.551758
-1354.435547
247.925781
826.513184
488.269043
468.282715
1276.576416
1038.800293
282.767578
-2006.197754
-32.141602
-1980.429443
-3205.104492
-692.685791
1281.071777
-1098.955444
-720.766113
-1489.971680
712.598877
-789.281616
1580.027832
2379.329590
1471.864746
-700.178284
316.616211
-1429.848389
-837.410645
1274.996094
-300.000000
1723.790039
2039.610840
48.005249
249.663086
-956.319824
-403.015381
-1093.251221
-719.446289
326.360352
5655.599609
678.869141
1561.458008
648.849731
297.490234
-176.376465
1105.927734
1008.185547
411.438477
3054.231934
310.455261
-2579.560059
-2429.143066
-3850.927734
-3550.639648
-188.063354
1196.183350
-79.858459
581.092285
416.152832
12.923584
460.183594
270.196777
2533.818848
57.104248
1055.494019
1859.356445
-578.900391
100.443848
-90.497803
868.957275
4125.739746
2464.566406
-804.671509
-1161.464844
-406.506836
796.369629
281.268555
-177.434082
-453.108704
61.800293
422.812012
-578.820801
-147.102539
-586.258850
-127.978271
808.165771
-119.636719
-576.935059
-970.287109
-679.899902
794.637939
-803.437012
-801.061523
1119.358765
447.866455
1179.069824
3819.537842
2564.204590
-460.041504
448.007812
866.517578
100.923828
-365.275879
231.986816
-832.879639
-529.220337
1347.589111
780.835083
-1333.788818
-2058.678711
1755.056641
3052.575195
1403.408203
527.283691
895.181641
65.506470
-1636.899536
-410.008301
387.305664
-1025.806641
-1938.713867
191.967773
3212.194092
36.898682
586.747803
625.404968
-304.690430
427.745361
855.039429
-1357.594971
-1150.053467
-2082.863770
-1166.944336
141.004395
-260.527588
-144.953857
461.724121
-173.731934
490.389648
-429.431274
339.034668
766.800293
454.293945
371.159180
-281.347412
-300.666748
1312.114258
1629.823242
-1142.551147
-1275.743530
-784.421875
-1290.044922
-3021.206055
-2248.954590
385.717896
359.539307
-786.104675
-753.425781
95.503662
475.775269
1704.434692
362.810303
616.881775
387.966797
-13.335449
-365.852539
1243.783691
742.956665
-786.154785
-703.711914
471.529297
39.148926
35.552979
721.416016
821.634155
802.643555
2801.773926
2958.770508
-444.573914
-855.031494
296.031006
103.072754
514.289795
-216.498291
-706.979980
923.429565
1199.166016
448.553955
224.024902
-1083.873047
1024.114746
3902.574219
4040.400391
2092.936523
-401.154297
-250.560547
-472.862305
1090.576538
1542.475464
-199.265869
327.393555
748.579102
315.693848
-1392.322266
-4936.672363
-1642.737549
1417.422852
-283.125488
367.578613
1066.187622
-1615.230469
-237.944336
-354.726318
-1428.270020
525.812500
1226.942871
1056.262695
-197.478149
-1791.086548
-1719.618896
-685.277832
463.102539
-80.684570
479.229492
974.144531
147.502808
389.071655
-587.493958
-685.035645
-815.942139
912.927734
2168.034668
821.488281
24.942017
1054.471191
366.616211
-1062.311523
-344.839844
874.578613
-86.829590
-863.822510
224.400635
534.603516
540.610962
466.987732
649.580261
1125.561768
-980.797852
1040.464844
531.928711
212.207031
-667.376709
249.962402
525.803833
286.230957
367.475586
-302.357819
-713.520508
-1108.493408
780.645081
2512.792969
2679.172607
2117.699219
536.826233
499.198730
130.003906
-245.829590
-751.857849
-498.487305
306.644043
-389.131958
-1353.476440
-1040.829102
-740.978516
-284.497681
21.770752
228.268066
247.726074
171.395508
-309.539062
-183.548767
843.442932
596.181519
-714.125977
841.528320
1732.478516
795.438477
-200.118896
-438.027832
259.029297
-767.077637
-1011.175781
-544.389893
-2930.991699
-1595.586304
660.793701
-305.270752
599.644531
-164.003418
-551.941406
-168.517822
-236.474609
945.146484
1669.671753
747.010254
1396.395508
1553.354492
-71.996582
235.306885
-966.928223
-1766.837891
-197.586914
-168.830078
144.830078
827.998291
1443.281982
1.362305
732.042480
2219.449463
218.840210
343.410156
1220.383301
-396.747559
755.243164
1534.637207
-1098.126343
-331.498291
-512.842285
-2160.798584
-170.565826
1017.823425
-932.343994
-346.186035
-182.375244
249.872437
1626.321411
1470.507080
-150.727036
-269.522705
291.638184
28.752441
-2157.581787
-2238.100098
-284.607910
-101.526123
893.195312
764.641113
221.203857
172.842529
1659.864258
4470.143555
3129.217529
-748.161133
-2933.397949
-2753.454102
-2969.042480
-1322.457886
-1938.073242
-1251.129883
-8.378418
-658.239563
1049.280762
2530.393311
522.731689
-1133.317383
-72.347656
563.625000
-491.589355
61.896484
1597.547852
1348.585938
77.900879
-622.632996
-1023.400146
189.283203
317.026855
378.248535
818.621033
-2005.231934
-1686.183594
395.127197
25.956543
-309.754395
408.335449
-649.174072
22.828613
-728.633301
667.512695
102.175720
864.691406
-63.873047
738.164062
-973.260742
-1024.812500
-2847.164062
-311.063965
539.135498
64.778442
847.608032
1237.644653
1551.646240
439.083008
655.970703
142.855713
592.695312
352.817627
-717.299805
-1336.549805
-1107.738281
499.065918
1140.967041
665.188477
-297.479492
376.703125
-272.740234
-533.370239
-1232.450195
-632.418945
416.772461
797.818359
254.142578
-417.952393
198.605713
871.109375
495.696472
2264.475586
4743.834473
3404.996582
355.619141
-4.635742
-1029.362305
92.637146
-1446.639160
-508.786621
-258.251953
-748.123047
-728.345459
402.292969
-1170.097656
-878.177734
1099.952026
64.126587
-740.172363
767.823975
92.946045
-316.746582
807.252197
497.551270
-1524.978516
1097.421875
5026.261719
1130.278809
1498.117188
515.961914
-2737.712646
1213.339844
4078.184570
3024.428711
549.207886
555.204224
83.174561
-465.768402
-685.216797
549.944336
362.000000
591.348145
1034.460938
530.542236
-1536.987305
-272.783691
527.559814
-1325.825439
-1210.062378
-556.754395
-859.217773
-314.157715
815.562378
443.621216
-166.061035
-76.285156
206.027344
174.755859
324.117493
-950.284668
36.329590
-115.751953
-1121.210693
994.368408
-1740.862793
-3167.364746
-72.646973
-178.151123
-1217.863037
1260.381226
794.144775
737.624512
269.127930
828.053589
787.430176
-3744.126465
-1440.331543
-41.065430
-1770.554443
296.957520
-1011.911133
656.791016
1132.910034
-207.011963
-1773.276489
-1434.587646
-634.439331
534.480469
993.985596
-322.275879
-53.761230
-857.311523
681.140137
1303.117188
1149.016602
660.486328
-617.553467
739.767090
1459.143555
704.987305
-648.345337
-365.721680
-1060.934326
-835.223083
847.254211
-449.394287
-678.731262
1802.745117
2955.505859
1468.309082
337.347656
619.773682
-492.342285
34.151367
590.878174
1492.041992
653.953613
1394.332764
797.859375
-53.328125
1040.939941
1021.547729
216.066895
-614.438965
475.788574
-217.079590
-189.609009
1228.356689
589.548401
-462.528503
-48.991333
-138.213745
599.858521
1140.891724
641.463989
1415.023682
-627.149170
-1579.530273
-272.160400
630.644531
1544.490845
1092.826660
-706.208496
-254.159668
-809.313477
-416.463867
675.312744
1083.344727
1587.882324
-1981.433594
-1234.564453
517.886719
510.460693
491.273926
666.818848
702.687500
-732.328369
-1654.707397
-377.985413
1386.713989
-182.073120
-417.007812
1343.488037
-115.239502
-707.712402
-63.990784
2503.553711
2602.944336
-414.977539
-673.610840
-220.818359
-158.278931
1955.744629
2018.420410
249.392395
-1214.016846
-897.524536
836.066406
2984.872070
2585.834961
-336.106445
-534.803711
-692.705566
-911.266846
6.136230
1165.863281
-1358.060059
-1115.496826
-1059.586914
1749.583496
685.554688
-796.313721
-1100.891357
123.980713
230.484375
-830.623291
2192.115479
3206.042969
-243.857834
-1018.544434
-627.199707
399.567871
821.756836
-91.378906
999.950195
137.093262
-967.451172
-247.717773
203.257690
357.738037
1332.927734
-3283.130615
-11536.250977
-5937.306641
572.718262
3445.462891
4993.117676
-409.036926
-944.279297
-1854.551270
-550.281738
523.142151
-1558.921387
-5351.480957
-2669.828369
407.579102
-55.563477
1064.075195
-215.811279
-764.180908
-202.715332
2583.479492
3091.568848
1075.899414
-4022.311523
-2561.480957
-255.141602
450.261963
227.556931
664.388916
1193.550293
303.116211
2455.768066
1754.864258
2130.338867
848.427734
151.436768
-1463.016357
-1090.747070
542.270508
-798.544434
1790.101562
2494.865234
-623.440430
971.269409
-36.174805
-1245.000000
1539.604980
603.185547
1301.019775
1685.126709
605.794189
-285.603149
-2762.863281
-3759.091309
36.476807
2782.970215
5755.208984
2488.457520
-838.483887
-1059.991455
-717.706787
-382.708984
-187.379150
-748.557373
-766.719543
-605.876343
1212.081177
147.438965
-3363.181641
-3787.589355
-201.654297
813.478882
1129.399902
1597.532959
-1195.509766
-1762.132324
-991.700195
-405.009277
-626.800781
-223.631470
835.218994
-800.543457
-1538.115234
-3042.540039
-912.069336
93.258789
1617.068359
5200.306152
1369.528320
-232.960449
1263.451660
638.269287
136.299194
83.970703
363.363281
1044.965820
393.973633
639.386230
1030.616821
-219.641846
-339.572754
337.840210
-380.327148
1038.961792
921.361450
-839.900818
709.979736
1381.376465
1057.963379
768.007324
378.810059
1610.227539
1856.229492
-848.696777
103.983398
432.020508
104.171875
54.307861
1346.966797
1884.331055
440.142151
-242.940430
474.477539
-1353.057861
-5890.073730
-2712.731445
-148.348633
-267.366211
885.443359
7.614746
435.746460
-371.944641
-2318.671875
29.322571
324.479248
1109.405762
1262.103027
1132.858887
-447.696106
-166.121582
81.612305
186.859863
-1961.209351
-1450.215820
-463.905518
782.111938
15.467529
-1359.359985
305.535156
687.028198
440.741577
786.756531
980.739929
1111.664551
1254.008301
216.237915
-773.585449
2018.107910
3917.398438
2301.894531
628.604736
1176.099609
266.504395
-18.704834
-907.000732
-315.570801
-199.673340
-1455.913452
-372.209961
334.691895
-1539.080322
-1812.641602
714.963379
-133.419434
1406.218750
-1568.430664
-263.191772
1087.627930
1298.208008
228.729980
1916.312500
2538.666016
2196.819336
3721.989258
2381.342041
-1351.866333
329.498718
124.345337
-20.391602
2883.329102
2402.420654
-496.258423
324.446777
-322.849609
2768.593750
1084.337402
-1379.666382
95.888977
-583.247314
-5302.253906
-3517.890625
556.354370
-304.774658
684.261597
2635.084961
-527.644043
-635.833252
1271.837402
-85.539062
208.503906
266.072266
-2559.688477
-2662.402344
269.757324
247.143188
-60.104858
936.295288
1342.851074
-27.309082
-36.037598
8.663574
451.037842
764.220703
276.490723
2012.083984
3139.957031
607.277344
362.306030
659.005371
-206.279541
-654.400635
1749.835449
-738.512207
24.636108
3794.432617
2778.522461
-50.300861
-1619.011719
-3071.314453
-1142.682617
1060.001953
-1170.616211
-1263.288086
860.123047
-945.372559
-908.747559
-698.474121
1087.836670
1946.382812
1213.707031
650.787598
650.885742
185.357422
-792.070801
-1699.646484
280.510254
35.779297
2837.674805
-369.148743
-2949.174805
-2808.006836
-1260.857910
1185.290527
-227.792236
-143.684937
431.145996
1232.940430
776.475464
643.727295
29.512207
-83.812744
-153.676270
-147.888672
-1411.650391
172.601074
-160.766846
-585.907471
539.813232
700.176147
367.800903
983.579102
722.843750
-562.532227
-630.405273
-103.971191
-186.472321
351.555420
887.765686
539.583496
189.843262
91.611572
-1182.077026
417.879761
2092.017334
-402.738037
-273.979431
-95.318359
-1099.259766
-125.518066
-385.988770
-310.841797
1607.708984
-341.358643
490.858887
-769.429932
134.873535
475.478027
-731.423340
54.279785
145.852051
-919.083252
479.975586
-1676.896240
-3678.087891
-555.951660
-504.334473
-1324.009277
238.367188
-202.400146
-1307.372559
24.088379
166.791687
128.644043
85.659668
196.170654
-251.960449
719.645996
179.736816
-580.766357
390.139404
-875.879639
294.637207
1532.710938
1298.667480
1099.069824
243.726562
-692.414062
-457.041687
328.459961
-73.136719
-678.933594
-513.383789
217.771484
231.570312
-81.803467
-254.062256
-1015.417969
-939.854736
552.142151
4.517090
-1672.768311
-1564.335083
-1603.938599
-654.664795
-99.891602
991.102539
-48.907715
-956.377441
216.144043
1671.649658
266.125732
-534.891174
67.342285
565.946777
-415.254883
-1273.140869
-460.857422
-118.360352
139.812988
-69.547974
548.923096
2933.616211
1794.905029
117.519531
-162.834961
-449.010864
193.200928
879.947266
883.554199
1325.885010
1395.028076
1149.977295
27.569824
-726.591919
-1352.575684
-495.150879
613.665527
-1679.322266
-2303.381836
-192.408203
690.896973
910.649414
211.895508
350.378418
-79.661133
-352.126495
3056.229980
1303.209839
-927.310303
-61.373047
-2178.821777
-1186.345215
577.815918
-1715.561890
-1369.683594
-54.947266
-902.220703
28.515625
-484.435059
147.708252
-98.209717
-676.284058
-2259.598389
-2860.831055
-1393.350342
884.638245
539.334717
233.030762
1139.737549
940.075439
1463.909912
1350.145020
-148.963562
-781.827393
-29.671387
247.263184
363.109131
-303.969238
-242.376953
-54.780518
92.552368
-233.955078
482.630859
122.961670
-1159.968262
-463.773438
39.062500
-500.484375
944.915039
1255.601562
1755.322266
1582.666504
-595.442627
-397.845703
367.044922
719.545593
-208.879150
-1073.461182
421.656494
775.696289
854.678711
1334.684570
416.323730
-434.522949
465.185059
521.355713
-27.395264
417.981323
-109.414795
-589.620605
-55.592590
-362.378418
202.488281
1060.221680
-63.775879
523.082886
466.620605
-143.430664
-602.593323
-349.611328
1292.349121
-87.302002
-1708.952881
-276.756104
-643.326416
-1560.059204
-337.974365
641.779297
-13.083984
31.427734
-2867.535889
-1275.462402
845.424561
1281.031006
2473.209473
1546.705811
402.455566
398.475464
2949.958496
3076.065430
854.384766
-922.726807
247.484619
1360.138184
524.652832
-270.809570
-118.823242
675.341919
1364.356445
-1086.104126
-1667.173828
-352.758301
-756.363281
691.238892
1544.931152
-315.047852
-1495.029297
-466.955688
471.972656
-1232.098389
-1618.125488
-374.588867
-162.614258
274.871094
-519.286377
-1311.580688
-277.928101
-1436.581543
-2440.126465
-152.937500
1393.750977
-291.722656
753.750488
-1027.595215
-2217.141602
-151.069580
522.616699
-208.645508
-439.220459
-35.421875
330.695801
-97.486084
382.018799
600.771973
24.869873
-377.160461
-4600.343750
-2873.540527
622.515137
2315.622559
2865.703613
686.926270
-347.372803
127.949829
-64.625000
2135.490723
1244.644287
-419.763123
897.639832
1499.002686
365.878906
449.286133
-78.215820
1581.866943
257.011597
5.267822
3757.904297
1324.961914
1786.463867
1569.515137
594.421143
680.595947
1413.520020
1070.056641
-643.606567
-373.691895
-1067.118652
-353.682617
656.471680
588.543213
2180.728516
2445.007080
1102.464355
264.664062
278.469727
-161.132385
-1433.788574
-36.101807
1117.475464
-144.415039
515.211182
1216.155884
1399.744385
1041.781128
329.025391
445.571777
-2910.378418
-5369.006836
-3980.506592
-1203.665649
-134.185181
391.051758
918.496094
692.006592
957.546875
3272.501953
468.901367
-743.463379
1124.323242
1567.866455
-664.590698
712.387207
133.175781
64.185547
-991.110596
481.446289
1286.135742
270.670410
175.353516
-230.066162
481.631348
-645.555664
-473.752533
802.351562
1735.832275
430.044434
-862.233887
494.768921
293.314941
-668.042480
-770.213135
-1877.093750
-2480.793945
-590.429688
122.131836
582.922852
-210.774902
591.637695
-681.499817
-66.296875
-781.720947
-211.076660
818.864014
-0.510254
-267.634277
-294.061035
-596.204468
-490.884766
-483.624023
414.356201
6.573242
2252.717773
300.017090
-214.241211
-368.967773
225.750732
366.219482
31.354980
-177.393555
-412.468750
-1479.214844
265.597534
-375.210449
366.347168
254.868713
-2147.543457
-876.836182
-455.775391
-68.585938
-329.042236
2838.851562
932.226562
-401.830078
-529.106445
185.865723
347.639709
-375.565430
-679.395508
-617.043457
-186.117188
-773.371094
-229.360352
340.706787
-1143.860474
-528.788086
262.991211
1102.886719
-184.869141
-641.019409
1692.424805
3336.054688
272.494141
-447.060303
1199.109497
486.542236
-126.592773
3058.681641
80.170654
-1491.435791
-312.676880
-955.524536
-189.151367
389.915039
1497.451660
-1044.902344
2737.680664
89.450195
-1109.119629
-1780.299316
-126.508789
1292.306763
3829.546143
3686.645508
232.139648
-325.101074
527.928711
735.848145
154.666504
-739.807617
-3524.589111
-1317.012817
-197.921387
413.613281
47.970703
82.145996
2.366211
128.564209
-678.831787
-1816.211426
-2427.933594
388.751465
-341.773926
-179.795410
-695.888184
-1382.156250
904.917480
1444.953125
580.285156
-571.817139
-1250.796387
-566.413330
755.403809
415.193848
-970.282471
-473.179688
589.779297
1154.422852
-244.900269
99.245605
-2027.075928
-764.043335
-119.235352
-358.354675
588.123291
491.789062
-906.705078
-229.825195
901.011719
380.174805
-70.649414
-1694.009277
-1602.974609
-11.792076
780.077148
-258.413574
688.337891
70.567627
838.581299
-417.025146
-1296.820312
441.570312
-1146.483398
-1702.141113
134.352844
169.923584
997.528320
474.166260
179.406128
1297.133179
356.721191
-815.211548
-1369.501465
-847.438354
-265.129883
-2420.171875
-781.022217
1082.463501
146.741211
382.817139
-342.959717
-830.112061
-355.498535
-19.525146
115.174805
789.349792
-130.722412
25.774902
-28.396973
-1063.657593
-1224.536865
-216.058105
345.835938
311.750977
60.993042
-1242.656006
219.806396
-68.922363
-1024.235474
-424.829102
282.074463
2602.833740
3745.841553
351.287109
-1207.325195
-1297.307129
-2672.240234
-1373.308350
-197.327148
1133.148926
1184.350342
53.987061
172.913757
998.625977
520.122070
-92.184082
1134.683105
1403.865723
1509.074707
730.469971
-494.983276
371.729004
-111.234619
-13.345753
-680.857849
-1233.778809
825.835693
558.067871
-989.993164
498.678711
-363.678650
-1433.634521
-953.290283
-1440.857788
450.990234
1782.141724
1921.837891
877.800293
-125.281982
1502.337891
824.599609
-547.481628
1772.142212
870.929077
1094.920166
5512.417969
5999.622070
1594.713135
-482.536133
-47.468262
1089.638062
597.475830
773.767090
1395.847656
1640.164551
539.589844
159.957764
-1296.965698
-1048.295654
41.875671
2427.826172
1778.126709
-120.268066
1426.324829
-146.976562
-553.009460
1796.976074
1106.746094
564.554688
-85.287720
-386.926758
-740.075684
247.316406
701.305969
46.512207
-321.850586
1300.453125
-177.112305
-9.950684
673.914551
-1285.358887
-720.395996
223.025146
-1142.112427
-396.237671
900.911621
-293.518066
-534.073975
-1001.353516
-98.436523
3359.977051
3559.516602
1101.883545
-1550.386353
-2330.500488
859.916138
-631.753967
-739.341064
247.042480
-1450.733154
-126.676758
2337.936035
4338.862793
2457.576172
-197.792236
770.697998
389.744629
-1208.819824
-548.574219
391.487976
-107.942871
2103.459473
4104.196777
1039.945923
87.068848
491.941406
-988.657959
-2020.751465
-1326.023926
-1742.659546
-1081.591797
-177.044678
-901.960938
-1065.027344
-928.928711
-93.649414
2599.323242
746.391602
-1184.148682
-796.183594
-666.254883
-2997.649414
-1117.754883
-821.077148
478.005371
651.565674
-974.535156
-1908.192871
-1584.946289
669.973145
-308.716980
-1813.069824
-1225.421875
755.583130
-1620.521240
-1398.965210
1290.400879
-379.320801
-1298.222168
-310.222046
-158.305664
398.968262
-854.600342
-417.136292
516.705078
-308.883057
-1318.309570
-151.581055
850.136230
1199.772461
334.142151
-1090.592896
-1973.155884
-969.347900
-413.466797
1511.254883
1516.924805
405.098877
681.868652
120.053711
-626.817383
-1364.583740
-885.347046
717.487183
810.968506
841.731934
2271.170898
1582.789551
213.640137
-89.618408
2342.915283
1452.790771
-149.115601
-829.283447
653.072754
828.653320
-1087.284546
-1656.887695
576.475464
1308.647949
1240.721680
1665.051270
317.753174
373.866943
524.226440
-1352.453125
-453.322266
-2607.825439
-2233.381348
509.754883
1043.146729
3199.637695
2973.767578
248.359863
-787.293518
76.961914
1936.229980
1386.843750
872.430664
16.100098
-783.857788
-864.400391
-1643.571289
-2560.319336
-717.283203
-150.853271
-478.751953
278.838867
770.434082
1529.106934
30.830566
-148.475098
-1450.985840
338.870605
132.862305
596.090942
-2155.859863
944.639648
5673.506836
4118.032227
1717.461670
-583.196777
-1453.248047
-743.388672
354.140137
3860.189941
3287.835693
357.744385
-418.570312
476.783691
1321.150879
773.351807
-598.779297
-327.753418
-925.398438
-2046.525391
147.416748
786.490356
-81.551758
-591.943848
-611.485840
-1575.942383
34.258301
215.866699
-193.050934
-718.248779
459.346680
752.574219
-74.322266
-34.925781
-1288.907227
-340.546265
-360.564941
897.142090
-275.722168
823.872070
970.790527
950.793091
1919.465332
2566.692871
1335.313721
-376.123383
831.694336
887.943115
-91.205078
-1194.692383
-25.091675
1640.369141
221.567627
-525.140137
349.455811
-1085.015503
-1187.418823
965.954895
950.940308
-384.364746
3695.131836
7646.524414
2034.902344
-1402.389160
-1790.396973
-869.274902
465.080078
1210.452881
433.958496
-271.642090
25.408569
571.733643
-1517.192871
-1077.697021
-104.294922
28.285645
991.367432
386.128784
2513.322998
3928.005859
1257.260986
50.278076
-2412.003906
-2752.372803
559.949707
874.146973
1122.288086
140.325317
-359.913818
383.544678
621.549316
696.231445
-2702.110352
-768.904297
708.702637
82.762207
333.892090
-152.098633
496.950256
670.599365
211.385254
2743.034180
1838.512695
-533.555176
25.452148
-515.583984
-885.910400
-42.121582
415.403076
729.483215
-17.991821
-551.779297
-1581.472412
-1991.742676
-596.698242
427.540039
934.383545
2104.571289
1595.464844
-637.384277
695.809631
1507.739502
722.146729
150.752930
-148.462891
380.372192
-68.475067
-61.811768
1164.001465
1037.651733
400.207520
-194.762207
-1486.058105
-1169.116455
713.676758
-25.287598
-1741.661743
-605.443848
939.266357
1031.373779
983.901367
-390.780762
-1430.025391
-128.768677
129.145508
894.083740
235.047852
-461.157928
-480.029358
605.234375
-314.416016
-879.769531
-2414.560547
121.173828
123.643066
1139.462524
-382.959717
-1008.092773
-549.208984
-697.983887
1827.525391
1289.411255
407.892578
-494.716797
756.948730
4644.700195
6001.296875
3573.923828
685.083984
-26.011963
2377.933594
295.523926
749.708496
1399.501953
531.398682
853.745117
1158.635010
1043.640991
-553.138184
-135.616211
-118.187012
-807.137451
522.915833
62.449463
435.340332
3020.549316
2278.263184
-1089.281250
-2607.192871
-2540.589844
-169.328125
800.880859
840.638550
278.924316
-227.310059
-778.781250
-98.931641
48.298340
12.238525
1573.394531
1749.545044
1478.195312
1427.593750
94.944824
346.635010
-1826.189453
-1610.747559
845.879761
1302.226562
175.807617
291.159912
-669.052490
-3073.279785
-7791.500000
-4480.105469
357.420410
1526.868164
1823.602783
-517.870605
253.827637
1081.530029
-1603.799805
501.416504
930.331055
787.463379
331.781738
674.708496
476.138550
-450.171143
-1016.701416
-699.899292
-849.266113
455.258789
-1356.336914
-230.020020
56.392334
809.031982
1711.005127
1584.046021
323.464355
944.349121
1531.645996
-1016.266357
-1370.766846
-200.517578
-65.371094
2680.788330
4691.427246
1722.914062
-966.897949
-306.394531
-279.730469
1105.536133
446.079834
-1465.878906
2090.247070
2417.228516
1229.626953
1834.795898
1233.160156
-1108.775391
-10.066895
216.251709
37.439453
-149.962402
46.851379
-1886.205566
-971.944336
-610.308472
-0.279785
381.407227
-3.861328
-1150.628906
-668.109375
224.751709
1131.760742
-607.831055
770.085938
-629.084717
211.447266
627.842773
1378.593262
1193.236084
-369.576660
1435.452148
732.631836
-651.614624
-571.641113
-1277.385254
-2393.728271
106.773926
-110.145508
-882.040039
-1535.002930
253.142166
342.206055
-2237.527832
-768.470703
-2148.854004
-2969.286865
-595.910889
-103.133545
-179.751465
-1018.588135
-1988.339844
331.155243
-450.857849
-766.474609
-433.479980
74.068359
46.357910
765.746826
850.475464
642.322144
-1602.667725
-1331.285400
-624.430420
1137.754883
-686.794922
-400.460938
-1606.313965
1440.605957
2791.829102
162.514404
758.168457
-176.196289
819.087891
2208.490234
1100.117188
-376.524536
-134.445801
324.978516
249.908936
-1064.336426
-605.582520
1410.330078
1439.827637
667.456055
468.180908
775.443115
534.344971
-3033.875488
-1133.850586
160.289551
397.016113
1605.968506
1456.205322
-184.650146
-277.579285
-2084.291992
-1835.429199
658.396851
-1786.602051
-1465.374023
-115.609375
-112.986328
352.027832
1159.966309
-922.158936
233.981201
848.091309
-501.480469
686.409668
741.993652
634.255127
-191.092773
-851.906982
-4526.171387
300.707489
-1339.127441
-163.965332
900.962158
773.356201
-3482.443848
-4424.598633
-382.028870
538.674561
-1107.038452
361.941895
-278.989258
-521.636719
-297.819275
71.017578
814.322266
-585.333984
-1571.933594
592.398438
903.319824
-1313.307129
-3412.343750
-3759.193359
-227.205078
277.645020
-410.367920
353.398438
356.780273
-155.275635
262.243896
665.956055
-3468.885742
-5515.934082
-1040.507324
-466.469666
-1345.259155
-701.423584
1688.608398
763.827637
-583.674805
17.571289
-1546.965820
-6688.847168
-5909.089844
-773.346436
440.156006
-297.521606
731.934570
-378.604004
-635.427246
178.733398
-265.022461
911.440430
703.586914
-306.349426
416.517334
77.867493
108.224609
-293.068359
1396.617188
3739.811279
2929.816406
500.549805
-469.057373
-442.635925
-154.338638
-130.235229
-1776.404297
-1275.423584
-47.998047
916.430176
-723.963867
963.638672
301.930298
1167.313965
2054.551758
328.462402
684.580078
299.385864
-623.642090
627.581055
-707.690918
-226.263794
9.509583
-265.667969
1044.725220
1233.035278
-701.479065
-296.933838
-193.924072
-1103.309570
-698.730957
-1543.040527
-1082.195801
445.945801
610.221252
255.040283
335.184082
127.314941
1224.993164
2047.157227
2041.694336
393.565430
274.266357
-306.389404
1512.213867
4591.785156
2687.637207
-647.414429
-1250.112915
-771.107544
-135.325439
380.594971
168.478760
217.500977
2338.088867
2679.884277
1425.963257
-1194.902344
-670.955078
192.155518
819.857788
2536.920410
963.475464
-314.308838
1236.142212
-256.234131
-755.293945
411.175293
167.027344
-317.023926
-511.349609
-1927.180664
355.961914
-2127.575195
-4503.894043
-4153.602051
32.512756
-29.895020
-1640.767944
-302.023682
-1420.342285
-1008.793335
-514.192383
-378.939453
1127.464355
-9.065063
108.475464
3901.830566
1333.311523
95.615601
288.340088
-1615.419922
-1900.372070
600.653320
1386.919189
2967.710693
1083.475464
-751.003906
-757.623901
84.856689
244.410156
1186.301758
2305.532715
3790.799561
3198.841553
378.810303
-71.089844
541.702637
-141.558594
-128.152832
505.859253
-583.465820
-571.851074
63.365234
634.314941
759.445801
316.583008
-505.868896
-1297.883057
-404.113770
-1351.624023
-6275.662109
-5562.926758
-3174.879395
-842.546631
1144.409180
1005.049866
-192.675293
1914.414062
2258.819336
-247.588867
-18.918945
-268.514648
-200.929932
-404.491211
-780.180420
-2228.410889
-3115.534912
-723.996582
79.129395
1293.641602
2992.782715
318.274658
968.819397
1534.486694
-426.563782
-621.015869
709.337891
-1050.555298
-646.928711
-290.855713
-2007.295044
-286.410889
-25.461914
-2210.434570
-1343.690430
-10.996582
-209.234863
-710.036133
-1997.652344
-965.418945
1918.219727
3751.887695
1077.030273
-1064.571777
-2238.448730
-1786.523438
-649.208008
-813.295410
-268.409424
-313.469727
2230.808350
5547.681641
3110.116699
1156.380859
225.386230
-1021.086060
-1124.056885
-1162.099609
-868.182373
204.510742
393.592285
481.938477
-338.446533
-4354.720215
-5887.356934
-851.583008
713.220703
-516.241943
400.633789
719.225586
-670.142578
-656.118652
369.783203
-195.678711
-1284.973267
-1646.358521
-1703.877808
-198.873047
59.578369
-1104.325928
-375.676636
1319.077637
392.156250
1284.855957
-222.747925
-1753.136719
-2850.128906
-855.673340
-33.665817
3775.123291
5425.506836
2875.110352
-206.784668
-166.376709
-572.250977
-113.880005
495.121582
351.859863
-129.768066
318.552246
166.877441
-235.813965
-629.037598
-12.498535
160.041504
-1549.465820
-765.140503
1070.847412
-1106.363281
-1671.529785
605.218689
292.495117
1794.131348
3862.395508
2666.373047
1308.964844
-284.013672
-1228.905273
-2016.451904
-432.273438
1409.149902
882.901367
786.914307
-118.026672
-1691.759033
-321.660889
305.105225
-277.945312
1541.091797
425.636230
-456.096924
-529.518555
770.193848
708.038086
629.044556
101.992188
-277.097900
-480.072021
-1162.622070
405.878906
763.803223
888.098145
875.719238
1049.904297
-337.243164
346.875488
633.225586
1198.942139
150.792969
-1366.161377
-929.968262
-205.892578
518.667480
1678.976074
60.728516
-587.507812
-595.597656
-467.149902
899.084717
494.088867
1177.675781
-379.066406
578.069336
-1440.049805
-312.499512
416.546997
331.485107
297.166016
-2608.417969
-5956.837891
-3360.194824
61.375488
-624.083740
-1964.709351
926.690918
-713.600586
-2270.459961
1532.331055
1064.979492
1095.321533
795.179749
955.950439
555.044067
-529.924194
-2072.597168
-643.680725
-1310.890625
-963.256592
1212.718750
1369.783203
870.835938
2017.135254
2874.289307
1507.107178
-538.524536
-153.893066
129.383301
920.463135
829.542969
-118.608887
-1603.831543
-61.559570
-253.102539
-671.022827
516.094482
-1205.301636
-851.436707
360.475464
-1312.854980
-2145.764648
83.933594
-173.766602
25.963135
166.589844
-239.838867
1017.978516
-1546.379883
-592.798584
-762.188354
-245.345703
1047.924561
351.322601
342.945801
-292.142578
1575.764648
515.053467
-498.131104
-1326.944824
-640.482910
390.625000
984.453125
608.644531
-5.120605
-22.388184
-508.839355
472.977539
942.441406
402.916016
596.318359
-13.276367
-198.229492
416.981445
-487.636383
331.937500
1.806152
618.616211
615.678711
676.518799
-1141.586914
-1515.492188
-827.517334
1104.339355
1460.978516
1995.909668
1921.654297
-130.524536
495.649414
-726.132812
-175.544922
379.895447
1708.992188
1305.369873
-1487.205200
470.489319
-1801.895996
-1798.511719
82.111572
-71.209778
-505.946655
1706.797852
2064.458984
-293.858398
-341.020142
120.669922
1964.712891
1356.224609
404.225098
-87.755127
203.928711
757.015381
-140.578369
1007.560547
-249.645020
-620.165527
68.949219
62.115723
-88.907471
-252.364258
489.048584
257.102783
-335.475952
-362.589355
806.684570
-835.331177
-179.231445
457.384277
298.555664
3360.231934
2880.078857
-55.803711
-1094.242188
-1558.874512
-303.811523
-220.555420
569.725708
1770.184814
-897.123901
-289.103271
269.477539
-339.556641
350.404297
-726.827393
374.612305
1002.499512
345.659180
985.857178
329.359375
-151.072754
-130.710938
-791.411377
-564.166992
970.579102
-285.861328
-98.210999
624.999023
987.919617
919.996826
-650.876465
-1101.302734
-263.688965
34.361328
639.253540
422.070801
-1026.736328
-1005.949707
-557.329102
-1608.851562
-1736.164551
584.980469
249.000488
-34.801941
-847.671875
-956.376831
-1040.777832
-1396.931152
538.636719
217.587891
-334.650391
546.709961
308.615234
-1348.701416
-1331.083008
259.136505
813.988281
-237.277588
-583.962402
434.100586
784.806641
-117.069824
53.875000
-540.376465
-1417.864014
652.390381
81.475464
380.560059
3527.174805
2326.613525
-761.179932
-437.026917
940.646484
557.563232
570.352539
3487.546143
3660.362549
225.513184
-732.035156
618.310303
151.748535
-2.343750
-1759.111328
-1353.885986
-158.881104
-368.347168
1477.957764
2085.823242
-511.507324
794.660645
592.320068
98.834961
1959.531982
801.859131
-185.669922
861.004395
801.754883
48.444336
-421.937988
332.256836
946.239258
863.607666
-612.255859
294.998047
-1000.704102
-108.745117
1379.927246
1166.433838
-947.576660
-375.496582
464.297363
-364.430847
-557.145752
47.839600
43.146973
1679.953125
-1032.343750
-95.077148
910.763428
1842.475464
592.542725
-299.991211
-1037.152344
-103.930664
1096.387451
394.861328
-776.095703
-380.687744
-1117.898926
-2880.802246
-4252.018555
-1498.503906
-122.160645
1154.830688
-623.680176
-2792.874756
-2312.943604
-891.584717
229.316406
-226.846680
-501.524536
-1007.342285
-1420.399658
-966.993164
-355.473633
-669.645508
600.384766
706.078247
-37.051270
460.096680
1221.458252
816.330444
213.656738
-2425.435547
-2542.061035
-1943.040039
-380.303406
364.549561
-571.897949
-39.061523
62.649872
248.848877
1273.633789
3678.765137
2469.814941
-120.035889
-283.111084
-1852.177124
-1506.610962
72.304688
-194.513672
229.123047
-158.460938
-4005.336670
-5296.375977
-1943.932129
-550.466553
158.716614
536.663818
-405.107910
-826.100586
-119.491211
-324.423340
143.630371
378.672852
1132.251465
1164.437500
-216.101074
2643.465332
3305.651855
-950.027283
-1439.339844
-1210.249512
-2420.408203
917.425293
819.774902
823.272705
1015.662842
4346.313477
669.016602
69.693604
339.865723
717.779297
217.763672
-659.958252
-1753.306885
-1286.339600
168.640533
1874.790527
1413.063965
-450.415283
-174.310059
-96.380371
-1116.488037
525.203857
917.971924
-165.736816
-432.905273
1093.558594
1624.802246
721.000000
-569.650879
785.442383
935.856140
127.415771
201.548340
195.953491
-794.767334
308.012695
-1368.946289
-1565.182617
-543.950195
1743.498047
-428.900391
-26.657227
340.576660
-586.524536
457.005859
660.255859
-425.678711
-490.774902
-742.935547
100.501953
-601.580200
-955.801025
-613.538574
-413.979492
286.210205
-900.664307
-1402.258789
-895.589844
-558.336914
-918.872070
3.984375
-750.314819
134.010254
-603.142578
-724.260864
1116.802979
1705.816406
-628.570312
-1108.468140
431.806396
315.577637
-104.114990
798.088867
931.142151
1223.717773
963.142151
-157.679443
-3498.078613
-3458.787109
-1632.156738
-58.015625
68.539795
-1138.975830
-1436.408813
-1256.682129
-790.712158
-935.955444
-1051.295410
-710.150879
1173.877930
1767.791016
179.020020
-912.448669
-806.453857
48.325195
925.628906
-220.383789
-708.229004
227.466309
162.883545
688.175903
666.234375
632.331543
813.563965
1434.248535
1439.020996
-406.839844
-883.479980
11.931152
-764.697632
-396.352539
1424.078125
-163.375488
-204.821014
783.607910
-422.197266
1851.816406
135.435242
164.704102
-128.407227
111.032227
554.723877
476.282227
531.777832
220.923340
-855.214355
-17.038574
680.943481
-362.800781
-272.005371
-1280.482056
603.928467
-121.068115
-1748.892090
396.676025
198.443115
627.425781
1539.316406
296.544922
540.632385
3236.112549
4234.725586
2217.785156
316.239258
-185.449707
-507.370117
-772.592285
-227.124878
-799.106689
-311.923340
-600.003906
-2002.120117
-577.387695
996.015259
966.379639
493.446472
934.736084
699.861877
-274.359131
533.287598
-405.733215
-1065.561523
1943.424805
2803.147949
1113.874756
-212.922607
-230.099609
-335.999512
729.290039
926.597656
262.953125
636.785400
490.055176
-414.682129
-1069.188965
-1256.982544
747.407593
787.662842
894.216309
566.343262
990.883240
-30.023682
-403.226990
502.499756
-617.900391
-375.030273
-153.786224
-3734.879395
-5994.629883
-3266.812012
712.291260
1346.746826
849.842773
1298.641602
2289.728516
2615.898438
1155.363281
259.904297
285.796875
-128.119629
-263.419678
-762.890503
-397.708862
909.961670
518.637207
-1094.089600
-2132.430176
-593.856201
835.848022
-518.939026
-781.513916
592.541504
-2945.383545
-5314.950195
-933.030334
838.395874
1009.696289
2368.015137
1196.553223
-1272.637817
-982.764404
857.937744
769.144043
-1262.784180
-2187.894287
-208.669098
966.514404
68.941406
-1028.747925
-878.586426
426.682617
756.514648
-76.057617
-742.704285
1366.613281
1403.792969
-572.490723
634.443848
-1706.710938
-2197.141602
-455.433105
453.536621
993.796387
1513.939209
1166.150635
870.043701
486.263184
419.672852
356.601562
-1194.587280
-533.060791
-1627.338745
-2016.275635
-207.587158
243.170288
-187.478516
-51.376465
-554.947754
262.331055
148.792969
-1197.580078
-844.633789
933.162842
616.419922
-41.127441
2786.794678
2250.697754
-114.075195
-679.471680
225.606934
-1441.272705
-815.782043
-472.070557
1438.829834
1664.142212
1609.475464
1035.233398
-200.006836
-1362.280273
-25.107910
920.491943
-444.744873
-1361.045898
-257.180664
-1058.421143
-1753.020386
70.650635
1058.198975
515.905273
-151.319824
-323.252930
119.063965
-413.497070
-61.147949
-475.261719
-2320.666504
-1237.963379
419.475464
-918.227051
-348.390625
-20.094727
-825.398682
-508.417480
-1031.422119
-1531.761963
-416.014648
678.633789
859.300537
418.468872
-644.253906
1111.657227
2647.816406
-1499.642090
292.475464
335.963623
-577.674744
1639.783203
1666.544556
2146.018555
-540.376953
-122.565918
128.960815
24.220215
-597.325684
-612.964844
393.844238
-104.504395
-733.027100
-1204.119507
283.694336
1071.949951
-856.152588
-2035.400879
386.017700
223.984344
-1606.126099
-278.217865
1238.306152
-679.111084
-380.125488
596.796631
941.602051
958.181030
768.893005
363.095703
-1273.842773
-2124.670410
-3.718750
-643.331787
740.680481
2013.938599
98.268433
-372.320312
1303.642090
1364.713379
722.000000
-228.650391
-432.449219
73.233887
-479.427979
-376.812378
874.789429
-148.432373
433.532715
669.844727
1317.209961
895.664062
-1012.746826
1474.014160
2155.160156
4302.434570
2728.812500
668.596680
752.693115
110.748291
-809.798096
835.003235
248.177979
-636.234375
-158.332031
-1252.286621
-1126.944092
-465.154785
196.296875
870.762024
-264.112793
-327.422852
316.674744
-3835.195801
-2485.707031
181.978516
311.264404
-659.996338
-799.052124
-1037.450928
-1250.898438
-1487.558105
-1253.679810
-153.843262
4.652344
-321.146240
-154.871185
1497.704346
1639.788574
383.176514
-3511.736328
-6202.339355
-3668.266602
161.959961
-989.256958
-775.311523
1160.151001
-199.629395
40.972656
18.146484
-78.305908
-476.092285
119.715454
419.429443
-415.407227
465.013184
-874.743164
-2405.362793
-559.616211
187.756348
-1174.569580
431.951172
-9.593262
-609.195068
428.886719
2223.189453
-1120.145020
-1287.160400
-727.155090
-352.465332
486.312012
-749.566650
-771.129883
601.475464
2444.921387
2576.640625
2151.340820
-1163.025635
-534.021484
-510.926270
1126.645386
1875.937988
945.823730
-1000.824707
-1807.578125
-225.112305
91.562988
928.702148
980.149414
-253.604492
-609.093750
-206.324219
-748.333496
-848.784790
294.949219
-502.051514
86.346924
766.114380
524.072266
-1157.020996
-1237.789062
438.665527
596.029541
892.791504
1475.369141
2708.372070
694.095703
176.248047
971.467041
306.103760
-502.746094
-1753.113525
85.822998
666.907227
1059.717285
2064.692871
1210.440918
352.674316
492.623047
2811.498047
374.876953
759.744141
1146.156738
-261.093262
1026.451172
100.569580
-1172.380371
94.247559
455.780396
-897.280884
-585.505981
652.009277
545.187012
699.088379
1380.382324
559.349121
-169.459717
-616.865234
-206.841797
1912.746094
-119.705566
-301.807129
-611.641846
1311.550781
4331.747070
5920.511719
1923.026855
9.386475
-670.866455
-521.300049
217.124512
942.875977
-192.836182
-1054.491943
753.575195
-133.785645
749.569275
-1192.896973
-2574.655273
255.475464
503.416016
-783.908691
563.997070
236.138428
1967.818970
102.462158
-283.828125
-649.051270
-608.857422
548.527954
466.825684
-165.048828
-612.930664
-936.410156
139.886230
693.702148
-384.394409
-425.803223
287.808319
1119.383301
2054.783203
-60.802246
-1516.382080
246.727051
-437.380371
-1257.021851
-2320.760254
-3907.294922
-1888.498779
37.530273
589.854492
414.051025
163.527832
133.024414
312.532745
-586.108398
-1726.239746
-2082.168457
-1266.316406
442.891113
1497.132324
400.598145
872.027344
478.909973
-1254.770386
-1260.287231
376.608887
1.133179
-296.729004
430.591309
204.334015
388.874512
1845.774902
2348.715820
583.840332
115.086426
-57.994873
-1330.684326
52.313477
33.273193
-1437.018311
-933.524536
-1493.238525
-318.201660
974.612305
537.195801
1068.378296
949.021973
603.630859
3286.614258
1762.004639
-498.744629
-2623.812500
-2352.476562
88.843750
-103.209717
-665.514771
-516.864380
-1488.940552
-581.365479
812.203125
1223.738037
-8.594727
-675.579102
743.954224
1367.316406
2931.779785
1198.811523
-318.346191
-837.356201
386.438232
-353.701172
-291.192383
1456.662109
991.968140
1011.022644
1528.926514
-353.423340
302.011536
863.369629
-29.190430
346.593994
-97.319580
-18.164551
-568.098999
63.423828
690.606934
-478.491394
67.788086
-739.140137
344.776733
971.928711
-1120.757812
-238.217285
1796.237793
400.694580
483.185059
686.214355
47.020752
-161.025635
160.718750
1048.411133
-430.293945
500.475464
533.085083
-335.848145
-853.300293
-249.007324
809.131531
-363.751221
99.251953
1443.033203
2264.297852
1728.741211
-826.119568
-432.837280
-241.520813
-3424.002441
-2235.200684
702.281250
75.787598
108.669312
-624.094055
-4155.891113
-3848.857910
-282.225342
975.052734
-135.222656
871.557129
671.448242
-176.530762
237.331055
128.306641
132.636719
-1015.738281
1955.814453
3521.376465
1476.707520
-64.568848
489.513672
-255.972168
-1358.649658
-781.289062
83.778320
87.559570
-1334.909790
-353.529785
-91.241333
-517.671875
-745.154297
-4013.868164
-5902.836914
-2857.104980
1179.870117
1693.337891
1708.166992
678.561768
-1676.335449
-1652.193359
-1113.389160
-214.801270
1724.970215
575.530273
-333.967224
-557.159424
-94.690918
-18.239746
2307.226562
1105.914062
1064.292725
478.486084
-73.562012
-764.251465
-546.345703
-21.543945
-544.311279
220.566895
122.346680
-37.452148
-117.269775
-604.654785
-300.270752
3049.353027
1082.397949
868.178223
-129.720947
-3144.908203
-3159.466797
-1951.643555
1119.700195
392.679688
765.405273
699.593262
37.175781
-1358.464355
-829.459229
-885.070312
-949.770996
-1480.671387
243.083862
-17.730316
-393.014648
435.479980
-210.625732
-488.851501
704.324585
983.693237
-646.191406
-414.700195
437.769531
1255.187012
1730.972656
666.507812
-186.542358
402.553223
-445.735840
-851.287964
52.999756
497.501221
795.500000
-960.135254
-296.384766
1367.499512
1002.994141
403.471191
208.815308
588.207031
-1027.436279
479.690918
382.306152
-390.232056
1107.515137
1092.631836
-532.081726
-3468.957031
-3216.319824
-508.192627
-915.160156
113.625488
553.273193
724.714844
-906.320312
381.672363
541.766602
-310.789062
1316.396484
2168.103760
1852.478027
2165.487793
115.885132
-529.774414
-285.345947
-119.716797
247.071777
426.586487
1012.015137
-1060.942871
615.688843
1626.202637
1098.256348
396.278564
-1237.089844
-662.124512
280.910950
557.207031
446.645996
-553.991089
-901.606689
-548.123352
-961.279053
-1321.107178
-1642.524536
73.377930
965.926758
-251.368225
4.613770
-145.926758
388.249023
1240.867188
634.466797
81.252960
351.529541
1016.334229
435.680298
803.692139
-289.986572
-476.048340
774.920898
1396.259277
2372.622070
207.572510
-772.288208
630.475464
631.046875
-797.455078
41.051270
-1433.462891
-1829.946289
-2799.609375
-3211.458252
-587.000000
703.556641
-667.701660
-720.200195
125.717773
-159.454590
455.200439
750.453369
451.028564
3080.792480
2726.478516
143.177734
-1937.468750
-675.654724
-81.521439
-577.239258
121.145660
2012.424561
84.469116
-476.574951
-309.091064
-25.711060
-983.672852
-130.095703
339.573242
1025.779297
487.884766
51.263184
-168.857834
-415.837646
-341.909546
1533.483887
1780.663086
419.684570
523.306519
594.200684
-890.940674
-1301.703369
-2164.483154
-774.084473
889.400513
2903.897217
1874.551758
-843.557129
238.903809
289.616333
-1106.787842
-319.747986
267.416016
-858.013672
535.538086
977.453613
-536.663086
-368.834473
-922.753296
-1146.212769
414.684326
197.303955
283.931335
-166.713867
-137.520996
477.269531
1241.866821
1304.259521
-1630.020020
-5157.181641
-1870.757568
557.228455
412.321777
572.229248
-597.500610
-217.265808
-431.356934
-583.638672
575.933594
275.824463
-1289.223633
-2293.687500
-1098.048340
119.202148
-497.245605
394.387939
1101.266968
235.653687
-545.686035
-1030.060547
-1824.083008
-714.996094
897.674072
676.156738
669.992188
854.232422
-917.692932
-143.800781
708.891113
558.382812
929.540283
784.948486
1824.646240
1477.107422
-217.042328
-966.955811
93.354736
1120.648926
812.445312
792.923340
1296.644775
1199.762695
384.691406
1266.337891
-37.303223
-769.218750
-389.496521
1104.964355
-273.392212
22.087646
717.231934
-179.328125
480.443848
696.334229
518.250244
-143.067383
-169.818848
-614.978027
1006.142334
2100.152832
251.575195
-119.018555
429.001953
-17.872314
753.304749
1112.954468
159.846191
-695.190918
-1009.648499
-569.248047
-927.684570
-566.116211
440.295410
1014.182678
231.498291
-594.788086
1408.777832
4665.352539
5655.615234
1739.710205
-1242.946777
-31.857834
1767.142334
1256.049805
1128.233398
969.443726
965.552856
530.722168
376.778320
-140.973389
-706.221924
-223.153320
-375.045654
-338.172363
2052.659180
1895.090820
123.390625
-122.784302
-623.069031
475.580566
-65.376465
-984.082031
-406.348145
419.142151
-267.909546
-2159.260742
-3952.927246
-3067.863770
-120.721191
-23.521484
-164.176025
-403.354980
-354.615234
-10.488281
1188.956055
-916.819458
-621.207031
-114.429199
-524.068359
993.520996
-16.754028
-76.361328
1110.216553
257.238770
1448.413086
4225.430176
3720.608154
454.274414
-1708.868164
255.754944
605.541016
496.097168
-31.118408
79.020020
255.576904
-133.267090
-602.565918
-242.710938
1048.142212
516.331543
-102.418457
545.571777
539.945312
-386.454102
1157.476562
1056.537354
1372.623657
2050.884766
1284.677979
873.931152
-611.731201
-1077.065918
-234.524536
1009.644531
775.270020
-102.813477
-155.016968
306.644165
858.813232
2068.643799
-513.111328
345.866455
767.132507
-2193.707031
-1225.091919
837.241699
347.325928
1069.337036
410.423096
240.804932
1894.776611
2938.487793
1608.134033
-885.950806
222.242493
1552.479980
479.177246
-490.142822
-776.367798
-57.847046
696.187988
674.662964
937.182617
242.768066
-250.699707
490.161621
147.461426
653.589600
1198.497681
551.393799
-17.705322
91.604126
615.104370
45.431885
-724.294800
126.507812
2476.597656
1804.279785
-411.409912
-538.833496
-464.894043
-2168.604736
-1705.191406
653.042480
330.161133
-57.541870
1519.165039
2002.835938
743.088867
-916.710449
-1358.638184
275.150879
529.858887
-686.954468
-1080.673584
-781.962158
-111.853027
-265.220459
-435.105957
-410.507233
1092.258545
1333.819092
-704.174927
-558.184753
558.931946
-351.757690
366.029907
174.471375
121.296631
194.674561
-382.473145
292.459229
-1043.143555
-694.305054
235.475464
-1069.960938
-726.796631
1268.282959
4655.533691
7605.845703
4772.243164
903.809814
-751.330322
-1163.705933
-289.801025
-108.664551
-204.851318
-661.732300
-154.373779
-655.667969
70.098511
815.773804
799.993896
-73.251953
247.808105
589.818848
-1408.699219
-4175.445312
-2762.715576
-537.140625
-389.154297
67.297852
-268.642090
704.661133
648.991821
53.569824
-511.276367
173.462891
350.403381
1135.593750
453.353027
494.632080
215.024170
-1111.964233
-881.932617
-380.557617
-556.852539
-1223.757812
-275.583496
-908.229004
-1352.039551
-738.814575
-699.615112
-514.959717
529.800049
833.855469
811.445312
-484.680908
-976.820068
635.406006
974.194336
-178.339355
-1782.595703
-1995.923340
-807.290039
114.548828
114.676270
856.471924
843.369812
-72.782715
2390.969238
2250.796387
-430.005371
-1011.834961
-1260.026855
-665.178955
-161.739624
690.386719
1950.660156
719.062500
1065.594971
716.484131
-2719.307861
-5602.695312
-3373.961670
-305.274414
2330.551025
1932.025635
4609.153320
-63.704590
543.992920
337.679749
-740.456543
1291.284912
1409.605469
55.292847
1308.720215
2311.524414
-68.277344
351.388672
1195.375000
1391.270996
-899.118652
100.070312
307.198242
-958.228271
-47.051758
-74.977051
-569.886353
228.618164
-21.492188
667.212463
995.871826
916.278076
-159.547852
-424.316895
141.270508
-1020.574280
-970.946045
-683.965088
-455.172607
402.808105
2128.141602
2872.936523
2457.543945
-84.720947
112.717224
914.141113
-780.692383
-1772.647461
1541.170898
57.897949
247.177734
2009.799805
3250.579590
688.299316
-180.198242
-552.902832
546.719666
-1822.477539
-764.317383
1866.965210
1330.015625
2030.517578
1694.557129
1854.345947
1844.642578
-310.391113
-70.902588
332.470947
795.313965
1489.303589
475.388672
-2638.949219
-2672.508789
-1899.586914
1610.078125
-441.241272
-942.976318
-958.019043
-59.631348
-861.347046
-1648.414062
416.142151
529.807129
-276.576172
-1.297852
25.783203
-1279.057617
0.923828
-565.379395
-373.973877
184.450439
-1166.514160
-446.558594
179.914062
-596.585449
-1045.069336
-636.865723
-1833.213867
-5701.524414
-2038.376709
1468.253418
777.394531
380.217407
824.464844
207.541992
-1064.316650
143.969727
563.171387
-1049.238281
152.458984
112.668945
995.815918
61.944824
299.666016
-914.473633
808.739258
3203.347656
1315.972412
-1118.309326
-1475.176758
-1461.152344
1068.446289
1915.562500
565.917236
1349.808105
95.826172
798.380249
1285.835449
2479.835449
1570.914551
-492.318604
-82.009277
61.564941
-754.930664
192.676758
412.625977
-251.368896
724.586426
-822.514404
-1189.115234
-294.109375
477.434082
-389.365967
-816.733093
-1738.114014
165.392822
620.341064
386.024567
535.421631
796.721191
-830.302734
1708.168457
2677.799316
-1444.659424
-748.813965
149.293457
-1396.271484
-576.393066
507.667969
-749.593506
-626.494629
773.234619
804.903320
-460.147461
1434.585449
1117.227417
-21.737183
41.337646
-2567.485352
-1137.804443
534.406738
-656.355469
-741.297607
-637.042480
759.301758
106.380371
650.104980
1289.435059
-956.649414
-361.318359
-705.219971
-397.775574
965.502258
1318.464722
130.508911
-746.345947
107.338867
475.773193
458.497375
613.554749
897.221191
3091.850098
2224.131348
-613.632080
641.357178
211.434570
-407.121338
198.702637
479.894531
-192.748779
-375.370850
1821.776367
1407.914062
237.923828
636.645752
-229.837891
-447.295410
-338.868500
-1646.426270
-941.739746
-477.774902
574.968750
600.647217
665.864136
-1325.857666
-1521.768677
256.284058
1201.709717
1844.958496
1064.557617
485.745850
1477.181641
1774.574219
190.800781
491.348633
814.679199
-441.817871
-1042.715088
-531.248047
-283.974518
-495.914673
90.302460
628.226074
171.021484
-1158.057007
-1025.943604
791.816772
568.088135
-1595.218018
150.925537
96.739380
-464.884338
-163.767212
229.639893
-130.873047
829.401855
250.541016
214.639648
-1509.594482
-1240.695557
42.073242
-1041.754883
821.106689
36.541992
-482.713135
1169.332275
97.750488
392.416992
171.490723
-391.569580
-303.394531
-1769.511719
-502.400391
-668.640381
581.990723
1288.020508
1051.043457
923.546875
2078.946289
1683.631836
3335.714844
1329.114014
710.277039
-867.733032
-890.878052
-1343.473145
710.103760
2623.606445
1928.031738
469.363770
459.725830
-160.048035
-1216.722656
-100.449219
708.749512
831.592773
146.655518
-920.770020
-243.595459
578.294067
276.810547
213.769043
708.667236
954.095459
566.808594
-844.333496
260.367432
1261.429321
-1909.987793
-4304.538086
-5244.139648
-1210.856445
645.098633
1234.296875
761.893921
-575.878906
928.734375
-2901.295898
-1749.396484
506.142151
213.357910
2051.490234
2270.685547
-178.839844
615.942383
811.406250
875.702881
-1486.348145
-2306.191406
130.501709
1126.426270
622.842041
-113.554688
-567.162598
696.940491
228.406952
-1158.565063
-17.658203
-624.752930
-1623.255371
-113.565430
1213.393188
622.404785
-1047.020020
-1095.017578
-185.326416
740.377441
-541.240479
-1142.722168
-600.029785
237.642334
147.515259
-335.057861
210.241699
-474.923340
-2382.605957
-2158.611084
1127.469727
720.137024
-1397.012939
938.228516
3870.876953
4520.682617
1737.235107
-1142.160889
-748.778503
-773.518799
25.553711
-2871.113770
-7570.476074
-4307.119141
-750.060547
1199.462891
1545.295044
19.205444
706.405029
-108.845215
912.465332
4643.479980
2417.307617
-849.452148
-1715.036133
-933.789795
-655.172363
433.355469
182.095947
874.004883
932.720947
368.634705
386.145996
329.626953
633.341797
130.881836
-1274.304688
-36.977051
778.272095
917.410461
881.771484
-337.693604
-872.488281
-772.470520
476.023438
179.941895
603.519409
1604.939697
1523.639771
1228.475464
-427.084839
18.783264
-770.386597
-1728.552734
-800.329590
-503.621094
74.366211
-1313.646484
-680.431152
-38.868408
386.693848
2902.833008
3347.449707
155.962891
-617.466797
1355.862305
4248.322266
4842.523926
2902.871094
519.363281
226.404785
453.547119
964.873535
1405.016602
1005.335938
797.949951
-9.627930
1948.413086
763.763184
655.796387
1489.672852
3415.674805
4745.618164
3808.525879
324.960938
1051.466797
-216.239746
-765.190430
-607.546631
151.617432
-670.293701
-1921.667480
-2969.922363
33.005615
425.105469
-328.166260
-213.857834
101.447266
-673.007324
-315.365234
-225.236328
-344.351562
-188.556152
-95.504883
438.895508
-255.857834
272.757324
937.558594
1099.325684
307.464844
709.197266
765.791504
-761.964844
-1713.928711
-502.440918
480.521484
-160.711914
1296.765869
399.972809
68.467285
485.917480
-462.205322
699.319336
1071.922852
10.314453
1135.673828
580.152344
-1421.821289
-1121.953125
223.791016
1.295105
-71.173828
-378.791626
-111.524536
627.782715
-571.039551
106.940430
698.856445
749.115967
-233.688904
-727.469727
-736.300781
119.654297
-232.543640
2036.699707
48.858398
-62.454834
-709.825195
1432.153320
-494.601562
-1915.511230
-1382.324707
38.869629
934.736328
-547.663818
456.797607
1193.649414
612.638184
-9.523926
-603.511719
-424.468109
246.289185
716.767090
767.475464
568.777344
-1457.029297
-1463.237793
-266.414551
-143.786377
-560.374023
663.695435
1146.306152
-714.746094
-4059.711914
-6340.020508
-5219.119141
-1109.904297
1035.311279
1393.381592
109.706787
-726.953491
-1233.103027
-1272.285156
-323.904541
440.169678
-930.885498
-1266.697998
-959.956787
133.063965
1697.956177
814.307129
-454.963623
-1148.394531
130.823486
768.275879
-915.149658
-408.801758
2092.512695
41.194336
65.664551
-820.585327
-2770.385742
-1751.810547
-308.324707
-73.853394
1426.070801
4186.790039
2311.860840
281.694092
881.364746
393.890625
-431.819458
100.845947
-301.728516
107.873779
1182.689453
2341.360352
678.495117
-476.323730
776.425293
361.629395
1232.122070
1015.998535
1770.175293
-785.461060
537.067383
794.547363
319.480957
721.143738
132.047882
-766.192871
-314.681122
684.881592
4002.133301
3928.776367
-315.050293
1220.392578
-197.226562
-3106.716309
-1052.088257
79.270508
25.193848
476.530273
-215.065918
487.254395
931.591431
867.937500
1951.176270
1488.710449
-593.833740
65.560547
816.075928
439.753174
-48.855957
450.059570
539.981445
-1210.430786
-619.939941
310.348389
321.283691
311.557129
1136.124756
595.667480
-1336.597656
-47.715820
-169.989258
647.800781
129.357422
406.041992
9.048706
-559.776367
-578.482178
-490.164612
1996.666504
139.878906
1768.237305
978.264648
-734.114746
1003.031860
-479.937531
-332.488770
31.439453
-2276.832520
-1081.829346
-686.114380
127.543457
1266.643555
1522.501953
745.139648
-805.620605
-2991.021729
-1104.080078
1390.759888
2228.545410
2158.211914
1196.209961
-590.513672
1171.138306
1182.713135
754.362305
1944.687988
624.200195
1511.586304
5037.632812
4101.619141
87.805420
738.340698
-115.610352
-103.251465
-378.165405
-353.569336
38.387695
-1185.228027
-2992.623535
-1944.257812
-295.662598
-48.117188
473.255859
1232.548828
-774.186523
-85.380371
2450.544922
1607.876953
-294.820801
-2994.306641
-3879.653320
102.369141
2123.229492
843.204102
270.465820
-249.702148
-193.649414
-917.978027
-380.861328
-198.601562
-1091.115967
-473.753784
-279.646973
-360.391113
-688.977051
-2384.070312
-2231.861328
2253.198242
3597.734863
1335.475464
-1425.091797
-2955.168945
-921.530029
1118.840820
783.489258
192.419189
-37.456055
-191.629639
-1278.941162
2037.712769
776.927490
-359.072998
77.074097
1934.714355
979.325684
1866.311523
1604.234375
1233.342285
667.243652
-557.813232
653.405884
1997.027466
1796.475342
365.690674
-107.183105
-74.647461
-1939.319092
-306.929688
1100.309814
2085.205566
2360.376953
803.380859
123.484863
392.595032
-781.552734
41.491699
1620.474121
1026.520020
349.029053
896.612305
2352.657227
1135.571777
1055.460815
975.322266
-378.383301
463.273926
740.465576
1396.067627
888.572754
307.217773
702.484375
300.595703
-115.364258
1997.999023
15.124023
-33.342514
-2437.740234
-3216.653809
-322.188477
800.286133
268.988037
83.206055
1276.308105
138.954102
513.257080
-676.924561
-755.781006
-1736.651855
-1480.359375
-816.091064
767.729004
-1802.900391
-1817.059570
-1444.574707
-573.532715
-862.465332
-127.565338
-2114.867188
-2547.095703
-378.476074
813.936768
2072.234375
-889.395020
324.789062
394.785645
1537.716675
1437.926025
-1140.330322
-818.445801
-844.662109
-531.892090
616.433105
-1237.772705
-274.352051
-611.294189
-588.307861
347.160645
694.340088
386.883789
1601.026855
1781.179688
3395.270508
783.444946
-197.571777
1303.803833
-588.145020
-62.873047
1888.802734
1230.555786
-888.760254
549.769531
-620.857788
250.858398
554.671570
-194.535645
1352.784302
1262.262207
1011.124023
-106.248535
-646.282471
-79.059082
-1477.824951
-4938.863281
-4560.643555
-645.149414
1015.242188
875.935608
764.999268
843.408447
1111.136963
127.039062
-490.803223
-1205.857788
548.472168
-473.349121
-813.893311
803.469727
1025.912598
-31.321289
-1397.681763
-3367.732178
-1936.996460
827.967163
161.585358
233.687363
-118.333374
729.963379
815.136719
-62.596680
339.474609
-1042.818115
-1511.241699
-108.810059
688.673218
1160.179321
-511.232574
-5860.940430
-4956.427246
-182.655762
70.117920
396.062378
1385.000488
479.682129
338.054688
709.802368
-205.236328
-254.513672
902.229187
-1238.227051
-1511.238770
602.831299
-8.514648
1306.460815
2037.691406
800.996094
89.741943
358.769165
-580.259277
-1633.773438
-1070.829590
-56.963257
821.250488
860.131348
-215.744629
-31.064941
1834.601562
-342.886719
-876.247559
-82.646484
3031.214844
780.543945
-242.804199
1091.645508
2220.104004
-1925.534180
-861.252075
854.530762
976.542725
-220.903137
402.803223
-1407.931152
-2326.258057
-110.512939
114.532715
1661.785156
4102.578125
2352.090820
-217.212830
588.049316
688.150391
-489.262451
-1369.663574
-677.063477
-782.574951
-859.500488
641.582031
740.428711
1034.441162
461.952881
839.580078
-674.305664
670.739258
429.185547
1240.331177
-7.317352
-557.129395
186.105377
-858.754395
-33.433594
-1975.964844
-1480.374023
481.895508
2230.901367
56.563477
-46.291992
-651.244629
405.856934
2277.644043
-376.524536
-1156.998535
-713.962036
7.904785
661.368408
1260.838867
453.492188
-298.212891
13.285645
492.195801
1524.707764
2377.046631
3500.726562
1881.868652
-143.067139
-1375.387695
-804.837219
132.475464
-1068.271729
257.189453
907.740234
-109.281097
1441.012695
1517.790039
271.371582
-1016.895508
-629.591309
-296.308594
297.901855
273.097412
-588.939453
-863.623047
-1207.256470
-1444.700195
-608.039429
1562.142212
1122.579102
-659.009155
-666.136230
345.483887
2015.395996
5492.337402
2454.669922
-2352.182617
-1713.508789
-377.524536
1004.374512
-30.757812
-170.664062
-2127.243164
-1548.060059
340.288208
65.252930
428.669434
1738.049316
495.142151
-256.044922
1961.139648
-714.262207
-650.598450
1161.130981
842.902100
228.224121
331.341553
-3049.848389
-2018.359741
-84.079102
584.352478
3139.377930
3087.255371
1329.010742
2113.328125
1891.908203
1855.816406
376.326172
-566.825195
885.785889
-1212.303711
372.983398
1866.561523
1273.198486
596.387207
27.944336
-1064.456055
-1765.408203
-404.628906
391.316406
-662.732422
-180.728699
1294.340576
-54.997192
616.972412
1450.475464
1279.829590
-562.915039
-235.129883
-1939.846191
-189.397705
207.042664
-302.185059
919.362793
587.422241
2793.409180
4562.455078
-1284.390381
2409.175293
186.836914
1221.202148
1018.353027
-59.817871
-692.621094
-1972.694336
-630.852295
381.656250
584.523438
222.082520
-106.600342
-218.710938
428.446289
690.556396
-29.239258
-419.945862
-2328.253906
315.635986
-671.713745
-2921.260742
61.380127
-452.988281
-2037.890625
503.460938
-731.393005
-1870.522095
559.071289
-1225.930176
-2807.843750
-2241.848389
519.343872
319.448242
-226.277588
1188.531006
1120.952148
1510.619141
-3583.604004
-4586.862305
-1411.603027
53.975342
-1138.168213
-1163.306885
1214.124512
-219.206055
596.021484
-1748.568359
-1303.802734
-893.385254
134.905396
556.605957
-346.575195
345.601562
495.532349
204.024170
-1282.403809
-829.875977
-147.456177
71.794434
-263.718750
581.769287
4230.607422
2627.985840
-626.539185
-127.615318
-2544.154297
-3232.439209
-1193.979004
-342.877930
337.083984
-801.909912
-514.885254
108.874451
843.055176
308.123047
394.602051
-250.289551
6.594177
386.288574
-283.250977
813.816406
1781.090332
-81.004761
-365.875488
549.355469
-631.180420
-40.307617
1281.902344
815.557129
-918.978027
221.687988
641.247070
-652.895996
-1512.488770
-675.378906
725.813965
-339.714600
-258.713623
-891.907715
-403.412842
932.443054
1434.053833
1020.725098
-1799.424438
-2313.952393
-328.274841
661.830078
557.062500
356.023804
-870.921631
-1236.834473
382.763672
2974.049316
2239.659180
1598.206055
-418.543457
-463.805664
3.073242
1575.152344
2144.579102
148.511963
-451.018066
1899.234863
3358.360596
2247.455566
-198.649414
-1065.585449
3083.656738
2216.855469
-208.822266
-1490.839355
-554.016968
-44.946045
1369.610596
1366.142212
-440.395996
917.838379
1132.832275
-271.524902
554.687012
-98.309570
546.452515
-176.436523
-4354.569824
-823.126465
-279.053223
-227.416504
-1560.452637
-1578.288818
576.991699
696.110596
1671.016846
1051.067261
-344.177368
1039.568359
599.779297
411.490234
-919.798828
-359.979004
72.367676
-371.272217
506.096191
1572.569458
287.891113
-62.644531
0.484009
560.660645
-230.493164
266.234863
554.241333
-261.271484
212.226562
-2122.515137
-3578.023438
-1795.292969
501.057678
1356.976196
1431.581543
1542.237671
871.116333
543.463379
-435.535156
1264.717773
1992.428223
2630.035156
3018.033691
1283.505859
1543.967041
654.914551
128.022949
-588.567627
380.440918
151.342773
-483.489624
514.281250
947.593750
-174.034424
-1377.677612
-1604.376221
696.125977
2102.327637
603.918945
-838.254883
233.151367
-1158.628906
-66.337769
566.760010
-711.340332
-622.710327
2553.919922
1614.328613
-326.233887
-1796.264282
-3797.997559
-1862.074219
1083.184082
-10.567139
851.565186
-2030.880371
-1969.777100
460.990448
-935.867554
113.134521
1335.587402
-190.480957
864.289795
342.266846
-446.691406
882.331055
100.267578
-505.677734
261.841309
-1039.159668
-1244.879150
159.109375
192.421875
-384.272217
1093.421143
1085.407227
581.352112
1130.856445
2.679688
-321.833008
486.140137
437.541260
-177.828125
116.687012
-164.376221
-975.753662
2218.015137
2699.467773
1956.615234
1281.324951
416.066956
-306.524658
-905.747437
-1310.091309
-1249.524536
-357.341187
-113.845703
903.548828
-1383.148438
117.360352
177.122803
-1028.159180
-240.738281
-977.354248
-1903.264038
-895.190002
-348.437622
-115.246979
830.744751
-567.838379
439.623535
4221.935547
4066.521729
328.475464
-1431.916626
-2104.417480
-374.403320
5426.731445
6063.048340
2434.444580
-505.244873
-1572.972168
-106.327759
-50.750610
-424.456543
-46.088379
838.147949
1036.192017
847.431641
-92.411133
-1505.597656
-1282.207031
2283.569336
408.474609
-1791.096558
-1490.937500
-731.974609
-520.332520
175.365723
1402.705811
337.803955
-605.326660
-759.514893
128.407349
703.283691
-832.548828
-700.240479
-267.727173
160.855957
1312.107422
-390.317780
-228.693604
1968.708984
1674.913086
208.854492
-902.462402
-1025.365479
-1387.068359
705.121826
591.198608
-2685.389648
-873.661377
1376.590332
2562.144531
4779.617676
2248.970459
-341.407959
-352.792969
274.942780
464.266113
394.089355
476.929932
1002.475098
732.173096
844.898560
1520.152222
868.115234
-313.031250
-15.918945
-7.145264
-809.183105
-894.348633
-737.049805
-882.604492
-576.568359
131.675415
-555.279663
-983.516235
785.567505
-767.535889
-2526.686523
-1085.854004
984.857422
1682.479004
-947.036621
200.416504
927.645020
609.216187
-195.660645
798.741699
23.714600
-993.174805
-20.387329
-277.660400
-918.907715
-475.684082
315.496582
-468.948730
183.646973
-1602.410034
-786.107422
328.485107
-1323.044312
-3115.173828
-661.070312
-568.183105
758.732361
-142.090088
-906.249878
-486.349854
-279.576660
-513.778198
557.466309
-74.557129
-977.169922
-116.149902
349.775879
-250.694275
216.009277
-2284.200195
204.517578
867.132324
1023.589111
943.652710
136.202637
3104.861328
1670.461914
-381.973633
-1090.293945
147.484863
-452.696777
-2001.010742
-1785.507324
560.032715
-795.309082
-1234.183105
-964.472900
1129.291748
745.181641
4093.517578
3632.305664
937.756348
-140.270508
-691.582031
-1028.333984
759.914551
827.122192
1354.553955
449.068726
-58.707520
499.040161
917.475403
30.934814
200.492432
633.902100
-152.036377
-1150.022705
-240.092224
-1110.832031
-1091.541016
583.314026
-1056.098999
-123.907959
-1123.623657
-3684.215088
-1073.652832
988.203247
904.413574
570.581055
917.442261
709.650391
-234.665283
620.910583
1396.255859
1024.412109
984.468750
-1372.003906
821.581238
1120.691162
-51.780518
-530.535889
-942.631592
-269.074707
844.976074
39.747559
-849.333252
-77.245850
-302.904114
-593.665527
219.421387
200.527588
-1512.084961
-1415.842285
-606.516602
922.581055
1485.090820
723.911621
158.494751
985.089600
504.613770
426.187500
1900.438232
574.866211
-658.528320
562.519287
539.831055
-1209.959717
-156.056641
53.077393
-978.782959
-1131.747803
-908.831909
58.698730
1215.138672
633.825684
-1143.907959
-202.177612
866.796509
1092.647339
24.142212
-1012.361328
140.941498
1752.545288
1011.784119
978.164062
925.471680
-33.248535
-827.125854
-225.943115
952.381836
20.368286
-756.300537
-1058.283203
-154.606445
883.317383
239.866455
-155.828125
-309.391602
480.161621
89.589691
617.870605
847.658508
-994.785400
206.592529
2625.586914
1195.532715
-567.624023
253.704102
802.337891
67.928223
-544.928467
-170.328125
29.825195
466.016602
1123.046265
758.511963
857.427734
145.411133
-171.510742
-711.546570
-426.862305
1114.431396
-2103.353760
-5330.042969
-3343.987793
288.714844
873.219238
-971.097656
676.490723
1005.138550
-1529.909668
-308.779297
-140.410156
-727.531250
-449.781250
-881.831116
637.412109
1839.100098
1253.928223
50.227539
673.179688
-1.712158
-596.382080
1213.858521
1135.558350
-221.263184
1053.311035
1286.558350
890.254883
765.143066
3319.536133
3705.078125
3032.432373
1590.863403
327.801880
-145.806152
-543.388672
-1222.507812
1309.091797
2330.777344
2730.182617
2287.078125
396.461426
-358.105713
-714.180664
-339.524536
2050.679199
786.903809
-334.912598
908.220703
880.996338
-1162.153809
-197.672363
-1919.438232
-4850.347656
-3839.203613
-833.846680
1982.269531
1793.653320
991.268555
517.818298
-790.529175
-59.851562
1490.319092
40.153442
1361.908691
1362.010254
-115.218262
-1403.620361
-3816.744385
-2618.482666
404.823486
-38.353516
-51.791992
-37.879150
-1170.170166
269.770508
1305.146484
-341.579102
1161.446899
828.688477
2304.653320
1723.388672
-354.695312
1275.921143
-1.003662
-710.294189
-345.667480
-408.153564
-659.883057
559.930054
-3028.215820
-2408.257812
-1217.675781
-603.810547
-10.840088
1652.419922
4734.427246
3111.122559
-379.307617
327.129883
625.640625
878.355469
2189.441406
-962.413086
-1045.381836
-1276.447510
-929.474121
-697.802246
1272.055664
424.022461
-117.783630
-503.427216
518.487549
519.513184
-643.231445
-1582.827881
-1014.306396
-1135.740479
-2343.403320
-2542.924805
597.259277
486.458954
-248.501221
170.211914
-567.282715
1585.806641
842.724609
-2805.834961
-505.790039
-1196.512207
170.668457
347.262695
2378.003906
343.523438
225.006836
-361.137085
247.864258
2791.826172
859.689209
141.367676
682.538574
286.082520
471.142151
180.903320
225.581543
115.192871
31.915771
1240.968384
682.067322
-966.320679
35.564209
89.480469
-1447.024536
-961.572266
-377.117676
-1506.089844
-2079.029541
-419.010254
1247.767334
1157.426392
-756.823486
-1084.109375
-388.682129
-152.094238
-86.562256
-1828.525391
-397.049805
34.790161
1017.073608
2199.779053
1783.940918
-1601.600586
-3468.242188
-3431.034912
-69.882812
-1603.258789
2182.886719
-606.635864
31.787109
615.947266
-245.106201
1006.731445
-805.003906
300.494263
87.592773
-77.742188
99.577881
-1506.897583
359.700684
1310.279541
292.149414
-1474.889282
-1569.875366
692.513184
815.330322
-551.375610
-1355.015137
-4490.144531
-3643.588623
-320.424316
531.471436
-656.524475
119.142166
-211.444824
-490.821289
-1296.162109
-62.017090
575.301758
595.635864
427.390137
-158.205078
-679.259033
-1591.212402
-809.064941
2960.453613
772.125732
600.069580
810.072754
1132.320923
-50.730469
-1819.174805
-858.933594
-369.566895
636.561890
69.145264
-498.587402
-200.524536
345.442383
-656.472168
-433.600098
1041.046509
1203.470703
1095.227539
-487.433594
161.438477
309.338867
-566.524536
-471.369629
-1259.515625
-2027.003906
-1077.391602
285.323242
9.637695
-872.747070
981.246155
621.822266
-117.067993
96.275146
-497.841309
37.479004
-594.301758
-481.934570
-459.666992
-398.819824
-1980.520996
-2398.564941
300.513184
-240.597778
-950.325867
-567.965820
-342.820068
437.402954
-936.276062
161.167847
236.605957
-1439.018555
-693.418945
1089.600586
2051.322754
995.924316
-415.294678
-382.131348
-347.498535
-1000.357422
-7.600586
64.460693
-1006.083252
1136.912842
1634.424561
-855.854004
334.773438
764.625488
378.711182
-713.888184
-89.873047
-696.215332
-2027.941895
-1232.250977
232.506348
-445.130859
-20.993408
2250.442383
325.467529
-951.590088
890.475464
836.343628
230.502686
576.515930
-922.273438
-1074.382812
-712.291016
-1198.653564
784.840820
1806.997070
-632.460938
-68.136719
-2358.689453
-192.239258
1917.779297
-236.605469
-1544.236572
156.080811
662.873047
819.869141
595.357422
-530.312500
-1195.868286
306.291992
2839.248291
1350.403931
-656.709717
-1185.587891
-1002.320312
126.318359
1752.976074
5109.027344
3323.038086
3447.185059
-238.016602
-770.027832
-32.946960
509.210449
-238.009277
1522.322266
6109.264160
5740.331543
2989.616699
84.339905
729.397339
-24.219727
48.906982
-269.897705
-2944.739258
-3741.970703
-1627.793945
3167.445801
-1219.697754
440.764648
230.105713
-700.889709
-331.584229
490.028809
-259.096680
-438.679504
-3100.580078
-2417.339355
-1451.072266
-1373.072266
-692.458008
1134.735352
1219.708130
1908.045898
628.996826
-1088.758057
-179.010010
135.741150
-547.846191
-741.309082
-964.218140
-852.966919
-419.163696
228.757324
225.702637
-1353.675293
-928.158203
126.719727
-4.124695
293.329102
549.939453
2010.786133
-703.893555
278.557861
1314.175171
1238.995605
891.664062
942.058594
-76.187988
-867.671875
117.769409
-1531.697144
-14.878906
193.552734
-2959.411133
-704.926758
178.978516
308.875000
-40.989258
872.779297
-364.116211
1344.157227
268.409180
-39.261719
-714.739624
-686.871094
-685.048828
-555.143066
1624.558594
-560.427734
-99.125488
-682.434082
-1189.616699
188.266113
-75.041626
738.357422
648.951660
478.304932
45.536255
-447.386230
-622.990234
-599.937988
-165.664795
-706.342346
-269.371033
-279.723999
903.498230
861.966919
-944.066711
-506.368378
-306.813599
-918.103271
335.614990
-773.857849
572.277832
1044.056641
-259.972656
-264.843872
-880.617188
188.380859
1037.620605
-290.786377
-120.016113
-2276.128418
-1024.318115
1806.981445
1578.800293
2430.164307
-559.414612
841.832520
1496.373047
1748.083984
742.707031
-375.079590
-532.648193
533.453735
224.925781
-298.894287
300.441650
-486.524536
-1536.335571
-2887.096680
26.746002
-146.296509
-450.865723
102.808472
-545.676025
-1142.102051
-2760.344727
-2041.304443
799.656616
-523.128662
-1875.592651
-100.541504
-37.487549
-2981.934082
-5477.676270
-2107.130859
53.442871
2355.819336
2852.060059
20.521667
-492.755737
929.416016
31.487305
587.102539
-566.647339
-908.285156
169.791992
-2045.030029
-4553.342285
-3699.421875
-747.041992
118.673828
-442.873535
-85.519043
-2815.123535
-4582.409180
-2919.290527
1005.972656
3076.914307
3232.936035
-592.043945
-1369.615479
629.747314
414.135071
464.839844
812.491699
-14.654297
-185.466797
1125.686523
1223.921875
44.722656
1158.146240
-620.232422
508.739502
15.830078
-3887.895508
-2525.786621
1297.656738
1309.441284
4175.020508
2725.126953
-387.167114
-757.032959
1947.543457
2267.147461
1011.735107
1439.077148
848.044312
-1172.425293
379.420410
113.834473
-938.066650
-405.432129
-1205.112793
498.617188
1523.466675
438.692871
815.565430
1919.165527
3676.389648
-50.948730
-1832.461914
-2573.115967
-564.039307
-205.315674
-823.261719
-1263.386719
-2288.033691
-399.254639
252.329346
8.302979
692.510376
873.512207
1677.526367
-435.035156
-557.410645
151.207520
623.436035
-778.501953
68.936768
2853.771484
1300.475464
-767.617310
-1797.410889
-5350.805664
-3875.193604
786.459473
253.637573
-667.791870
-1003.190430
-373.717285
949.142151
613.026855
-229.610352
1088.955078
-7.139648
-335.349365
322.927734
215.207031
207.288574
-626.684998
202.441406
403.838867
921.097595
484.785431
-1233.854492
-1175.966431
-566.037842
-431.623901
1063.577393
518.368530
-923.356201
-526.851074
-747.148193
-41.351074
1129.076416
1085.570312
232.441162
-726.999390
-538.317871
120.723145
93.721191
68.393066
9.516357
1463.050781
1139.072754
-481.486816
-1620.858643
-4619.291992
-3619.783203
-557.937622
387.073975
292.854980
-405.437988
-185.301758
1659.519043
312.006714
-324.227051
-659.855469
-568.833740
179.068481
273.225586
2308.762695
2064.038086
-399.537415
-39.521729
1909.785156
3662.414062
2943.124512
2018.658936
2220.670410
2125.237549
2117.074707
-183.132324
-14.088867
647.477844
-794.769775
2018.452759
4291.826660
558.248779
130.989258
1346.776855
174.142166
-601.936035
-602.577637
-10.508789
-1167.318848
353.684998
543.497070
-834.004395
-1466.173828
-1821.527344
896.822754
552.579102
-1013.922974
226.122620
1520.821167
288.115234
635.804688
-980.469482
-238.963959
270.807617
80.020752
154.645508
594.901367
455.930664
-699.232666
-1714.596680
-876.789551
-86.963379
415.099121
498.891602
-185.234863
304.499634
-49.265259
-12.359619
1667.740723
1499.839844
801.362305
11.966797
101.068848
521.915283
426.082520
-287.423584
-694.308594
-650.942139
53.080475
-2458.154297
-661.983643
1858.995361
483.263184
92.484863
1512.057617
-652.493164
44.841309
-240.352539
-213.757812
775.229248
-360.152832
220.843506
309.211182
417.461426
63.786377
-493.001953
-51.420410
1032.289795
-504.684570
-578.218262
1153.151611
-830.587524
-1428.286621
-588.457520
-784.954834
461.142151
1289.734131
1684.849976
647.068115
-1116.187988
-1036.170288
-186.953125
-239.513977
-1315.361328
-1779.819336
-176.075195
353.746338
119.831543
-1089.608887
-446.742676
1744.088379
3923.209473
3886.913086
178.062500
-222.981934
255.042969
-235.426514
1258.239746
692.495728
250.889160
1301.074219
356.166992
699.835205
-552.481689
-3169.741699
-1652.980469
131.730957
888.732849
1097.267212
655.150635
1155.509155
638.088745
-674.828857
-179.810059
4.277100
-474.290771
1929.387695
-22.488281
361.989746
40.466309
2103.202148
4551.023926
4322.288574
491.453125
-1633.802490
-3927.832031
-4941.359375
-513.606934
710.395996
-310.068848
409.492188
826.712891
725.492188
167.962891
17.013672
161.213501
228.977661
899.141602
1340.916260
36.935059
273.807861
80.475471
84.651855
-313.948730
15.099365
705.718872
-2197.397461
-2593.422363
1122.732910
2200.307617
2423.279541
1821.373535
-1900.897461
-667.556641
343.702148
319.058105
-1239.001465
564.475464
-1151.654541
-1894.183838
802.164307
667.044434
1520.314697
3150.330566
2087.078613
465.785034
42.393555
3042.763672
1779.786133
495.330200
576.202148
-95.356934
-107.899414
79.733398
670.418091
-519.236328
-773.871094
-552.558105
556.564575
3895.559570
1557.475464
-894.070068
-2850.919922
-4875.878906
56.487549
820.568848
-889.721558
-422.770325
-17.774902
-676.472656
972.389648
241.826172
-103.683167
-472.420044
395.800293
276.384766
-4.499023
-397.021851
382.982422
1324.142212
261.702637
-273.688477
-414.288574
-217.403320
-647.419922
632.020508
1153.800293
94.219971
-702.129395
-387.943359
330.792969
-94.002838
-494.526611
-1149.103149
-181.408325
-103.485352
-372.610352
-545.342773
1706.908691
-746.651611
289.761108
857.744019
-445.220703
-623.643921
546.635681
-1216.658691
-961.776489
53.953125
-447.022949
486.659180
768.475464
635.058228
934.977417
761.075439
79.144165
-170.425537
204.142166
24.780762
296.940918
-425.920898
-1554.857666
-1431.182617
-934.252563
-1048.523193
-69.755371
1414.176758
2348.459961
2075.202637
393.863892
-929.214844
-958.257568
-284.653564
-237.075195
687.908447
611.011719
-2367.104492
842.532227
1397.493652
1064.364624
55.380707
-391.340820
-87.666016
525.357666
1121.846680
1498.224609
218.317383
-271.749512
1963.575195
179.671875
17.985699
827.499023
1773.947754
1653.452881
-531.551270
491.363770
286.614746
917.067566
1264.859741
732.732422
772.886719
1321.548584
1907.342529
73.142174
121.560303
-1195.512695
-1213.516602
-370.412415
188.543945
2758.596680
-538.641846
-235.453003
364.829590
-1589.621094
-140.797852
772.746948
-1008.906250
-572.916016
-147.133850
-633.288086
-331.104492
554.831055
-344.351318
-674.121094
-790.472656
-486.211975
-448.292297
-31.015747
177.693359
-591.861816
-1211.062378
87.757812
-686.805908
-1249.267822
-877.375977
534.122070
629.340454
579.108887
107.711426
-1155.481934
15.040527
-1526.250244
-2712.592285
-1677.281738
552.709961
484.854492
-291.748047
-674.879639
-1439.911499
-985.156616
86.712891
-416.385254
500.121094
20.300293
935.493896
685.368408
-62.689148
801.046143
509.066650
-137.361206
777.161377
-1401.224609
1486.565430
678.732056
-555.411133
47.318359
-657.536377
-238.531616
875.286743
1613.657471
71.947815
-997.614258
-48.550537
-356.477783
178.663589
481.553223
-2248.130859
-317.135742
466.390137
-82.825928
1053.976562
-2262.973145
-946.920288
28.541443
5603.445801
5793.025391
1490.068359
-380.827637
915.348083
-804.853027
4248.098633
5717.464844
597.623047
-83.718750
1459.995605
1642.977905
2067.527832
-693.091919
-555.439453
1482.289062
673.964722
-641.742676
-1158.020508
-4398.923828
-6804.792969
-748.938477
1026.509766
-516.753906
-86.858643
-1086.527588
-2424.226807
-627.279785
-300.941772
-725.415405
-380.948730
1209.567383
-1580.660156
-1588.656250
751.039124
216.985840
1140.139648
5120.232422
4429.606934
1470.272461
-0.084961
-1439.298706
-5950.379883
-4690.636230
-1399.982178
251.621826
-53.723633
-433.995605
-876.305786
-1228.957520
-411.504639
-959.157471
-467.199219
-1459.812012
-1093.120850
-892.714111
-108.196289
-229.684326
402.281006
-12.296875
3.991211
410.360352
-1294.327637
-929.683044
872.610596
692.473145
574.767334
-704.777954
-286.711182
-1267.730469
-926.660156
-1963.399414
2282.602783
3459.014648
843.691406
-1694.830688
-1782.531250
-354.127441
3932.105469
-529.226562
-1077.021484
215.507568
1226.132812
1347.794922
2070.369385
2402.004883
2750.627197
-188.316895
-1510.633789
406.384277
618.642822
544.040527
-280.692627
743.967529
-1536.677246
-5290.633301
-1327.303711
-73.312134
1045.036377
2387.226074
562.036133
-1842.963135
335.982117
616.029053
361.018311
1199.608154
353.753174
-1037.606201
-1704.001587
462.632812
1005.225098
170.734131
1861.494629
-470.710938
955.436523
442.869141
-403.208008
-298.520508
455.103027
-82.989014
217.236938
-494.301758
1459.390625
-27.267578
-30.256836
660.909668
376.952332
415.332275
536.061035
397.258789
-338.274170
-191.110352
-399.590820
1504.573242
356.401855
-501.953613
667.482910
1348.757080
-597.846436
703.055908
-125.294922
-1093.206299
379.299011
-828.782227
-498.422363
1034.034180
1307.287598
1658.248047
-241.085205
-1238.961426
629.504395
-189.112305
-2956.214844
-3058.560547
-2533.736816
34.081604
467.838379
-848.005371
884.752869
443.508545
697.880371
-69.808044
-1528.368286
-440.846680
863.547363
3461.883789
-672.874023
-441.604736
938.493164
-404.695557
129.612305
-168.448730
-303.362366
508.648438
94.878906
1440.822754
2639.251953
2251.047852
-1325.787109
-1419.383057
-53.848389
454.832520
464.740723
67.434082
-525.118164
-701.222412
-446.329956
539.987549
-158.378418
-400.384766
404.746094
-356.914917
327.133301
437.302002
-3169.824951
-8318.848633
-6641.115723
-2032.576660
-1191.854004
-740.623047
-1207.070801
-282.428711
263.145996
174.504395
719.890259
-371.369141
265.598633
288.340332
1880.385742
-270.395508
-351.198730
-1416.789062
449.146484
-189.633789
870.067017
1286.645874
1191.943848
1166.411377
-883.604858
-302.731995
1209.169067
-113.331055
71.416016
1111.437500
3235.369141
2247.604492
1022.054199
-912.857849
-39.005371
357.747559
1271.467773
1454.556763
745.639893
-1885.462402
-776.243408
-2693.189209
3188.721680
6165.583984
2299.710938
-412.580078
-27.864746
-244.850098
-818.337891
255.704102
812.632141
-912.839355
-877.132812
-832.077515
-226.450195
-467.252930
1109.797852
2000.935547
216.058105
537.501221
-382.720276
-1544.524536
387.019897
-49.962646
311.289551
-456.291504
-659.307129
-966.481445
135.754883
-48.031738
-1880.706055
425.404297
-751.903687
3299.356445
3875.941406
620.528320
-813.129883
3492.324219
3334.091553
-72.841797
1441.331055
-280.870605
-664.834961
228.141113
95.935059
-344.078613
1116.606934
469.280762
488.057495
-163.922119
-3227.505615
-1726.923218
-4.992432
314.076050
1234.468018
1317.123535
1179.873901
379.033447
-2940.632080
-1773.913208
-129.971436
-124.492676
1022.413086
899.610840
968.102539
222.347656
614.510742
-501.184326
-649.399536
66.258545
-1174.224365
-755.520874
-1680.524414
-1881.537842
212.151855
-335.506836
-1532.979492
-188.979004
-252.359863
1003.495605
232.915771
-801.718506
112.356445
-974.094727
273.375488
1267.472168
-739.769287
31.283447
1422.309570
3079.646973
2310.656250
261.681763
1274.708008
-264.371094
-230.114502
-1631.404297
-4353.242188
-3252.923340
-1008.154297
786.024780
1091.182861
645.776367
1261.896729
837.665283
966.099854
592.169617
105.884399
-89.840698
448.105469
3839.573730
1490.784668
-559.312988
1099.846069
-286.197174
32.391846
2147.552490
1084.392822
393.710938
-825.643066
-110.434570
790.655273
2058.087891
3432.153076
1052.584717
-124.627808
-1189.571533
-1269.199463
725.521973
-1598.999512
-1984.961914
-564.346680
1751.333008
920.823242
410.866211
364.887695
1116.100098
2142.395752
552.769043
129.452637
382.611328
332.209473
-30.293579
-98.781250
306.436035
-239.274918
-264.538574
-581.766113
1294.549561
1117.733398
204.535156
88.494141
-997.687500
-1776.599609
-2155.930664
23.158691
778.176453
1167.224121
-619.768555
105.923828
-644.936523
-1558.762207
-203.138580
2274.055176
3698.673828
4340.977539
584.677734
57.194824
655.205322
-502.175781
937.770508
644.864014
-176.987305
1063.044678
48.633545
504.368652
1091.812988
-1127.798828
-1293.422363
-397.338867
412.840820
-760.874023
-547.786621
-324.433472
-1930.127930
-1268.311523
-766.594727
122.718262
-431.957275
-1055.643799
-804.755859
-4155.548340
-8687.322266
-3899.057861
-4699.252441
-1126.300049
380.789551
-152.358887
386.474121
187.597961
-134.337402
-88.437500
-598.629395
365.587158
1308.879883
11.692871
-924.559326
-1347.814575
-1386.150879
-250.507446
-186.568359
-20.918945
699.064941
1868.142212
1783.887695
2102.274902
808.950195
-537.551636
-270.126709
115.009277
-3975.691406
-6711.481445
-1999.824341
24.568909
-896.471802
255.223389
1311.251953
-143.698975
248.979492
1548.046875
1376.265625
1467.234863
-6.154297
938.645508
-1154.725830
-1566.617676
190.572754
-375.442139
-238.613770
677.878174
1734.628906
1282.807617
-402.544922
145.142166
-1202.368164
-2238.224609
-1548.317383
3722.271973
1645.861328
-729.218750
-2691.375000
-2482.258789
1241.240234
170.925537
-527.997314
-676.180237
16.902100
146.219727
-385.819824
-878.252075
-632.167480
-856.335449
-816.759766
-1261.363647
-1784.751465
-880.609375
-537.601562
-326.165039
596.152100
1002.865723
936.584961
1006.413086
-119.761475
426.811279
-647.603027
13.803223
-594.524536
-3928.424316
-2701.943359
933.344849
1370.355713
1224.344238
125.159180
-1769.391357
-915.418335
130.533691
3742.132812
1199.262451
-416.569336
-1474.067627
-76.671875
287.950958
-842.354980
419.431152
59.579590
-1239.803955
-1088.192627
-604.859436
-647.906250
-2096.592773
-1870.332031
-1600.388672
-118.351196
1258.683960
386.366272
-518.688721
-471.605469
771.958984
1323.504883
762.004883
98.766602
-309.232910
87.520020
-86.774902
-742.373901
-1786.317017
-989.377075
-458.893250
738.131592
-541.149414
476.178711
541.844238
504.053802
-669.473389
-364.130798
614.682373
685.342041
-249.067505
-366.923218
-249.403076
619.901855
831.313477
432.562500
386.626953
-66.708252
697.452148
1277.993164
1056.595703
-1184.641602
764.400391
1195.602051
48.027344
1178.461426
1755.516357
1506.299805
1323.475464
442.190369
67.306763
256.615723
1428.557617
-443.247803
-1149.920898
1334.109375
-2016.506836
-288.196289
766.674805
1376.795410
4060.295410
3459.846680
812.142151
853.895203
1793.390381
-695.524536
974.714355
2061.291016
-817.767639
-493.629395
1369.559082
42.555786
-761.880615
1843.077393
1050.203125
-1171.499878
-1447.082764
-296.857788
-2816.056396
-1231.191528
495.603149
522.591309
503.142151
1895.788574
2487.455078
-715.246582
-458.197845
-599.940430
-1088.185547
454.379883
1407.393066
1316.068481
414.483154
343.528809
2885.171387
1978.697754
-553.051208
-292.805908
501.878174
405.641113
603.033325
510.487793
382.655151
816.261719
465.645508
202.366577
-248.043945
93.027344
2255.911865
1811.761475
-294.398438
-23.182266
-128.209473
-446.096680
644.318237
-981.337280
-17.447998
933.129639
-389.212402
-69.524902
264.500000
38.498657
9.584961
-638.628418
-1352.638672
-343.764648
-1425.356445
-4158.386230
-4155.329102
-632.889648
153.254639
994.996704
959.169922
-706.819824
-1458.193848
-1370.662964
159.135437
509.083496
-1157.165405
8.427998
1281.123169
1040.887207
309.708740
1103.842773
2338.916992
5116.625000
5679.394531
2075.852539
260.069580
984.860840
516.812988
335.264893
262.841309
539.496460
945.411499
288.350586
109.835693
1256.974609
-279.873779
-2615.611328
-2302.442627
76.079468
-704.251099
-459.189453
1501.492432
236.349060
879.015625
1370.886719
400.780762
344.310547
-1127.723633
-2088.212891
396.831543
1120.095703
-116.273926
1487.079468
937.658691
77.144775
27.246460
-247.608887
-360.121582
-475.323242
-144.554199
436.142151
-1141.443359
-5127.238281
-2504.809570
-500.645508
-1609.177246
1416.475098
3635.702148
2129.958008
584.125000
794.081177
2592.935547
6891.887207
5997.092285
1421.315796
-1061.173828
-4972.079590
-5214.287109
-79.975250
550.707275
2174.452637
2213.942383
466.687988
1293.457031
1131.413574
-439.401123
-1166.238770
14.659424
-237.041443
-845.817993
969.504517
712.776855
144.292480
-53.360596
-634.125000
427.025879
767.018921
-285.388672
176.261719
318.495117
-306.661316
-16.444092
39.109375
-3234.574951
-3524.586914
-402.160522
-951.598145
455.268066
1052.085449
-1007.024414
989.080078
-989.112549
-917.460083
768.471130
373.016113
158.235596
805.561523
321.507812
-64.490234
-21.351807
1112.346436
250.553680
901.503418
2959.033203
70.853516
-266.983398
876.780029
498.948730
402.192139
677.595093
-766.255859
-1182.660156
-1995.219238
56.134277
-282.492737
-1521.857666
-307.017090
-461.154541
734.540039
3201.015625
2477.899902
-376.213135
-106.378662
-78.284790
-561.952637
381.778076
1028.656738
-207.340576
-4141.471191
-4730.534180
-851.578735
764.336426
-214.699463
460.909668
-2786.290039
-6363.807617
-2147.069336
1069.250000
-241.995361
-602.923584
-678.035950
-886.464966
129.300293
960.108887
363.144043
-1015.303040
231.885010
64.835938
-634.514099
-29.057129
597.071777
-1059.784180
-167.969238
282.879150
-300.264648
-2121.377930
-3060.295898
-40.939903
589.358887
-1317.941162
-548.458496
1146.630859
1716.206543
4881.734375
4628.378418
1602.040527
248.424805
-1038.473633
-1431.552734
195.948975
500.312988
-486.117676
243.159363
919.761719
-955.685547
175.103455
-840.794434
-1252.293457
-332.749023
-597.833923
-802.360657
-251.648987
685.136719
-2281.109131
2044.273438
2011.141113
-1117.851807
20.652100
378.437012
522.799194
72.440918
526.117188
-219.911621
-1096.796143
2853.950195
6585.220703
1345.685059
-849.223022
-1614.976562
52.863281
4056.170898
4046.270020
258.142151
-739.344910
-712.591553
-563.564941
1893.876465
928.445801
-1445.412720
143.626007
1432.563354
580.147949
2730.192383
2651.917969
-232.627441
73.620483
933.161377
-162.133240
-1150.253174
-394.555176
433.017578
-8.994141
-304.651367
-539.063477
-1033.014648
303.789795
-234.665283
1198.225586
4505.679688
2392.342773
-249.989258
1375.932007
872.561951
-2246.857910
-872.583984
185.098145
-608.174805
813.357361
-312.458984
-1006.322266
444.229492
-438.371094
-1465.786377
1038.964844
-474.306641
-555.164062
258.491943
-717.460083
-2156.096924
-762.866943
866.547485
-567.411865
-286.164062
306.571289
-921.315918
-3436.641113
-4464.371094
-1833.305420
881.239258
373.637207
782.014648
150.055664
428.124023
715.127930
-1751.482422
-541.722656
43.876465
-423.439941
2375.281250
3472.892334
-6198.128418
2603.040771
-338.263672
-1135.852539
-146.927734
135.500488
161.801270
251.631348
-0.613983
1087.384766
27.627441
482.627441
756.562500
888.583984
825.672363
1304.820312
1038.595947
1008.115234
1197.914062
311.402344
2028.639648
236.221680
-1467.333984
399.298828
14.091064
-464.171631
-404.956787
-846.733154
-728.324707
-959.197632
-525.380371
537.046875
113.506348
221.712402
1778.129883
2812.382812
-829.165283
611.601257
628.437988
-882.408203
-299.719727
-1120.906982
-490.371094
-478.970703
-756.415283
509.888428
-542.814209
-1714.748779
825.162109
3178.857422
1034.587402
-96.278320
-106.042358
-1037.492188
-397.658936
1085.430176
-190.657471
423.191650
-168.117676
-442.416260
1299.145142
-517.606934
-416.524536
1349.716309
891.635742
899.602539
-570.739685
-93.568848
609.498047
-1120.026611
-490.309814
2184.617188
5399.166504
3048.672852
2703.269531
-1653.257812
-3710.266602
-1875.094482
305.461304
-965.348450
-256.920898
85.901855
-3031.748535
-1738.626221
2687.001465
2171.394531
298.186279
-550.864502
-2024.032227
-3125.994141
587.758789
-789.857849
120.896484
659.824219
-1646.964111
-248.857803
644.884888
593.985229
737.052246
2.731934
269.616211
-80.291016
28.894287
141.385254
-507.363281
295.960693
-68.275146
-1158.957031
-466.924561
487.829590
834.273438
154.758789
-326.892578
-275.397095
-539.883301
-920.907715
-582.201233
790.457520
1625.362061
1800.304077
984.962036
346.703125
563.021240
36.475464
-1307.670776
-770.109985
135.495850
499.781250
790.882935
116.403206
-532.531250
962.486328
-1942.624023
-514.391602
265.087036
583.255615
121.082520
-75.255859
-699.401123
-1555.864746
-399.445007
137.767578
-2146.526367
-3256.753174
-506.450195
1970.393555
2422.423828
964.456543
-1739.129883
-2358.743164
-724.592529
-231.422974
130.749512
771.988281
246.355469
281.410156
962.421875
626.494141
2088.470703
-644.159180
-1606.537109
219.144531
-493.550659
-1517.972778
-2023.876221
-737.683838
880.352783
1182.428711
-377.015625
-1050.291504
1457.221436
613.815430
-901.605225
631.470215
-1151.534668
-2188.998535
-2080.655762
962.285156
388.196289
-395.964600
-176.437378
1146.465698
767.485107
-232.490967
-711.241943
464.330444
1019.225098
-3090.623535
-3378.665527
-141.015625
-2156.005127
-1179.884888
479.563965
660.466187
1132.104248
786.540039
864.087891
1744.228516
-147.210938
-1104.857788
-1715.209961
-470.447754
-1494.230713
-212.239990
-838.581299
-646.720093
1002.446045
337.807129
-515.729980
-435.685547
-352.223633
128.191895
1100.993164
103.895813
1544.161255
-499.138245
-950.675171
-269.007599
1568.986328
953.739014
-1019.847778
-1578.019653
-599.511719
164.080566
392.384521
437.665771
627.855347
817.504395
252.756348
72.004150
-757.069824
-644.934937
374.852539
1292.335938
737.141602
-418.938232
136.076416
1389.983887
-600.958618
-2057.908203
-345.576660
-1150.559570
241.390625
1239.078613
601.491211
-1745.691406
-2122.301758
-1103.279175
941.661133
-114.924316
57.244629
679.247314
-415.337158
-337.844421
2285.029785
2304.441895
543.372070
636.431641
1129.538574
548.033203
611.317383
-698.784180
-1873.825195
-1145.241211
1052.197998
-69.276123
1133.177246
4247.654297
84.779297
-1046.319580
-1387.938965
1513.916992
2154.588867
483.574707
2688.320312
2311.740723
232.542480
845.381104
549.709961
-251.728516
-422.105957
-1021.524536
-925.348877
1366.775879
-441.086426
51.898682
500.149048
-3859.820068
-3264.971191
-788.063477
1417.799316
4155.758789
2705.675293
-1009.659180
-1003.264893
-1128.727661
-1392.765015
-103.045410
-391.817871
378.570312
-429.366211
-576.260254
-1108.931152
-1043.735596
-369.394775
1340.537109
312.127930
-811.247559
-945.015869
-288.164795
-41.192871
-93.757568
340.150177
324.568604
40.952759
102.825195
1417.544434
1004.803101
673.039551
1240.381836
-1654.171875
-894.465820
1175.400391
-272.870361
1399.811035
-167.551392
1229.792725
3322.041992
598.794434
171.414795
1137.744385
606.130371
128.360962
-471.578613
-311.959229
14.463623
-264.576660
-955.724609
-188.829102
825.000488
910.331055
-857.889648
350.303711
-2304.319580
-128.856750
-1898.223633
-2197.815430
-575.878296
584.021118
22.914795
-43.124268
-609.469849
-6.972534
-532.401733
-49.628662
485.641724
38.437744
-253.261719
1256.266113
-109.663574
-1362.858154
-1274.879883
-349.954102
827.887207
1423.290771
-748.904297
-363.144867
64.403809
-1510.961914
-1657.504395
582.565063
-157.900879
178.199707
1064.205811
-110.782471
673.751465
-110.452026
-254.052979
1532.219116
475.707336
367.272461
-286.105957
298.587402
-1306.698242
-5174.918945
-2933.539062
1055.085449
570.348389
525.525879
108.588867
542.624756
772.357422
-466.836914
-85.900879
-360.535400
-602.322510
-117.237061
-79.159424
130.650879
431.439941
-373.888672
-168.564453
-1566.290039
-534.499756
326.056641
-1779.717285
-1816.060181
-101.698242
-139.930176
344.993164
-139.745605
-1757.593750
1541.773438
1691.637695
2517.179688
3193.450684
1569.266602
25.572266
-382.120850
1456.086426
2450.608887
145.488770
-790.419739
-134.189697
289.649902
-696.797363
-330.651611
-962.958984
-2183.219727
-117.724609
405.741211
920.142151
1146.104248
473.583984
898.858398
1299.268188
1810.004395
272.031982
-4019.102051
-2908.451660
31.445312
19.565430
-106.872559
-592.103943
-91.785156
235.690918
415.327972
397.576660
196.529297
-796.362061
-550.302979
550.824463
-1195.407227
-838.632324
19.514893
1172.548828
575.332031
-268.627686
-198.347412
278.115356
641.913086
1120.595703
1471.163940
-87.391479
-3793.292969
-5695.518066
-4339.075684
-1310.506836
305.324646
-754.326172
-904.965820
724.622070
-35.356934
136.973358
201.260620
-631.810730
-1667.103882
-433.305664
747.201172
-660.349609
-71.079102
-343.118164
110.432373
-545.210938
-2329.991211
112.829590
2102.240723
5671.258301
5822.704102
1902.487305
240.513672
-622.524475
-626.857849
403.678467
54.300781
1361.082520
2928.532227
2685.125977
2373.516113
1506.364502
460.406982
-879.476074
-302.810059
-1112.404663
347.664062
1959.608398
-346.994141
-812.616699
-1113.663818
-188.488281
-191.036133
-94.677979
354.663086
-325.792480
-1230.036621
-194.997314
32.051758
219.939941
302.254639
383.426270
973.229370
-170.835938
527.750977
1046.949707
-855.332520
-457.221680
-393.854248
-941.051758
774.060547
-475.919922
-525.612183
1246.593506
749.938477
607.268677
-646.155762
-262.406250
-526.815430
-1438.694336
1382.143066
1994.526123
2232.603760
317.000977
-0.141270
1289.397705
1114.408203
13.723389
-1018.918457
-323.965332
-441.500732
-635.405884
393.393555
270.200684
-324.350098
-553.520508
436.086914
1470.802734
4449.330566
3205.011963
141.197266
-1363.702881
-2967.001465
-3971.591309
-550.852051
-104.284119
950.067871
862.584961
96.889648
255.375122
747.467773
-199.762695
-62.099609
-174.753906
-394.941406
-2066.455566
600.210815
625.788452
284.478516
109.873291
-4656.142090
-5354.506348
-150.403320
-260.987793
-1719.301880
-260.213867
625.165527
-631.696106
1624.154785
2053.818359
-252.572021
-900.410156
-690.087891
-612.060791
-146.542969
455.775391
-755.476074
1721.518555
1079.927734
-1288.053223
399.347656
968.428223
306.293945
1125.267090
-288.524506
-1133.072144
-1484.117432
-1118.982666
-326.798950
133.627197
-953.585938
-576.458984
168.419922
-169.031250
102.359375
-548.750488
-607.501953
-122.051758
948.895569
269.251648
-627.531494
440.458496
1146.421875
48.190430
-857.364441
-2858.791748
-1478.501221
1047.589355
485.329102
1279.398926
-117.524536
-2506.479980
-1517.397949
223.639648
703.921387
10.888672
1029.784180
-564.705994
379.133789
285.188477
84.217285
-263.075714
-634.395020
-1014.773438
353.934570
-2922.743652
-5332.857910
-1407.038818
114.688965
-2013.782227
-9.848389
-305.009277
235.450195
243.670166
5864.715820
6831.815918
1020.346802
-1790.158447
-5471.135742
-5340.223145
630.634766
-129.063965
-486.607666
407.697754
-561.118164
336.735352
-821.793701
-1181.239014
1371.475464
136.142166
688.889648
1311.143555
-1441.161133
269.176758
404.181641
-14.558350
177.699585
-276.302246
964.064941
161.155762
-238.460449
-15.960205
721.292236
748.767517
-95.654785
-1086.447754
493.282227
284.877441
793.972656
444.225098
-621.492188
-71.683594
1726.235840
1281.430664
3289.071533
2703.207275
-267.967773
658.571899
1708.563599
-315.332520
1500.906494
4460.929688
2338.822754
325.694824
509.942383
625.025391
2724.096680
2587.777344
-284.821045
-563.016602
89.979248
-1044.772095
-1522.961792
61.573730
241.085205
-1001.954834
-977.807129
-1742.880859
-32.653320
-3154.705566
-3323.142578
-611.210938
-70.755371
276.426514
-246.587891
-751.104004
26.121094
3291.356934
6726.099121
2338.476074
-641.711060
881.843506
708.223633
856.623657
1341.142212
1969.527100
-474.197021
-157.787109
2365.353516
2205.026367
708.033203
-2204.058594
-1558.431641
92.345947
614.718140
1138.798706
1070.299316
-382.366211
184.095703
1147.621094
-20.503906
-187.622070
952.735596
-852.388672
-1887.185669
-387.789062
-347.080139
931.453613
1433.540039
600.451294
-951.155273
-114.384766
-53.605103
-1456.676758
1273.323975
190.286621
-1904.465820
-2017.781738
-834.728027
650.097656
201.685303
478.714355
-430.973633
268.255249
1778.188477
2710.289062
-11.457520
-266.048340
2417.213867
3655.416992
998.895630
-1592.130371
-6.460205
-367.789307
-267.578613
1789.761230
2535.062988
-279.751465
575.444824
466.741455
-771.118896
-346.426758
-1270.887207
-49.449707
793.355957
230.760742
-56.127197
-353.831543
682.125000
3826.292969
2262.278320
437.524902
147.801025
1331.539795
229.408203
3123.818359
3733.208984
627.410156
-1602.890381
-103.321289
-1504.877197
858.548340
-1065.211182
-356.548889
-764.583740
-643.930664
1143.455078
173.926270
1235.850586
745.475464
760.795898
-105.609375
-1011.727295
1826.373047
-226.390625
-443.148438
-2039.743286
-1487.735352
-130.280518
-227.215332
357.350098
1028.109863
-405.306396
211.540039
-1372.523438
-3896.165527
-957.724365
287.321411
-871.580566
507.611328
-2040.390625
-2155.577148
-1224.784424
474.610535
-3973.470703
2557.176758
241.922760
-470.016602
-776.947266
-3752.949219
2034.916016
781.879883
265.382477
-376.585938
-1425.809570
1464.321289
1998.359375
1616.183472
-461.637207
542.031738
-39.946411
-959.850586
-152.825195
-630.425049
118.174530
1441.288574
910.719849
1653.626465
92.987793
-329.459961
-289.425049
348.148926
-10.333496
-288.451172
-149.138306
-942.540527
-428.948242
-519.591431
181.243652
-409.294922
-2253.683838
-1400.859863
129.648926
-988.696045
-1026.996094
778.770020
-651.014160
-2360.149414
-4092.487305
-364.324951
605.522949
-1218.747070
-560.106445
-1423.517090
-109.831055
607.803101
225.435455
-453.288696
-566.944580
1146.820312
-3301.342773
-1188.265625
-640.264648
3822.079590
6382.270020
3228.109375
-42.140625
5.323242
-138.358398
276.814941
1885.410889
2334.899170
-2272.544678
-2115.380371
-2335.495117
941.747803
670.968750
829.975586
436.526855
-356.002441
-762.133911
-351.187744
-262.282715
-2215.549805
-2216.364258
-1902.503906
-1835.155273
-850.661133
-11.490234
238.856445
1746.205078
-29.782227
-322.807617
850.747070
668.475464
-28.155273
-1153.256348
-111.857834
1380.579468
-218.079102
1145.397461
3808.487793
133.881592
595.566406
-2868.827637
-4967.476074
-1114.770264
937.055908
509.307373
109.388306
-2577.753906
-1265.691406
-41.051758
-988.318237
-511.679199
551.917969
-321.863037
-335.857788
154.828613
-571.774902
526.897949
-171.606689
526.478516
316.140381
77.784668
-462.798828
1349.592041
157.827393
-46.791992
747.238770
292.699768
-1032.025391
-2034.145508
1112.808594
1254.475464
2021.347656
998.366943
588.406982
1991.421265
1031.358398
1107.772949
31.001465
997.825195
1836.194336
371.175293
-1057.678223
-43.298584
1036.888672
1788.713745
1032.585571
-273.636963
-210.039062
647.704102
-255.936890
320.060547
-29.920898
-341.992188
1538.549805
381.780273
1166.421753
181.787109
3819.259766
1715.831543
-1203.620850
-1094.503906
-72.429199
9.497192
-146.456299
-1130.448730
-370.921875
-273.579590
620.270630
700.292480
-155.332031
-509.554932
-108.203369
-994.523438
618.611328
12.291992
1388.475586
200.118408
406.204590
1717.673340
-1453.758301
-3395.616211
-560.180664
-475.031738
744.113281
165.946777
-340.466675
563.984863
1282.520996
-571.960083
-883.130859
3363.854492
1872.427246
2443.659180
-874.726562
308.279785
405.902344
2529.712402
-381.190308
1349.657227
818.770264
-424.973267
1459.475464
1588.828247
513.450684
-2069.493164
-617.192383
1394.915527
1694.064453
1321.320312
133.129883
-409.099609
342.142151
-105.195801
4489.279785
75.622070
-505.278076
-1269.427124
550.215576
110.466553
-447.829346
3009.550293
-1060.814453
1129.505859
-422.737305
-1143.171875
1092.187500
3881.285156
1645.568848
612.537354
-32.524521
70.609863
-306.817871
331.688965
1226.552979
1362.653320
278.378906
-173.404297
114.259766
915.475403
789.426514
-1944.468750
-3696.284668
-1055.156372
-352.349976
-231.741211
719.635254
522.660156
944.302490
1457.839600
746.440430
-153.005371
483.707520
349.780090
-337.412628
-41.212891
-919.068970
-888.418335
-1111.845215
-190.204834
563.547852
284.817383
85.398926
-843.478027
81.359741
-37.916992
261.281250
2506.849609
-468.245117
-889.261719
-797.462402
-1037.832520
1105.276367
1822.792725
1037.984863
138.398926
949.626831
498.061523
-959.558594
-855.040527
164.845215
909.257812
275.367676
71.796631
374.652100
239.386230
-254.875000
-634.836182
-907.433838
157.130615
28.077393
-668.820190
963.261047
-125.068115
-112.799316
581.813721
-1464.937988
-1430.045898
-453.850586
-1189.963257
20.331055
605.083984
388.827148
-75.987671
-612.590332
-569.858887
409.959229
295.362061
166.070312
102.130859
267.091675
-654.733215
-1671.739746
149.816650
920.230225
-477.430176
317.850098
1216.665771
-309.257080
-720.779663
-1553.435425
-1584.646973
35.979004
1008.972534
1804.852539
1142.232056
-617.610596
-1078.479492
629.108398
542.099609
455.553711
-541.505859
-2331.327148
-1317.194336
-580.732422
448.824951
-56.427246
-1099.565430
-36.429688
272.142151
-235.857834
-1246.140381
-1226.708984
-1009.191650
-780.297363
-157.126221
-513.330750
764.667725
1343.911133
-128.576660
739.050781
1203.674316
3.041992
-773.774902
-1059.347046
773.421387
227.171570
2365.502930
2496.653809
-17.510498
-722.772461
487.827637
-22.040543
487.302734
2393.776367
2699.559082
2460.150391
-204.434570
-349.658203
-475.682373
-860.927734
192.849365
91.555420
-1565.558594
906.127930
129.865234
285.669922
1794.945312
541.892578
551.243652
-867.051880
-965.357056
1051.282715
1176.051025
-0.566803
-1627.695435
-464.347412
865.503906
-115.988251
-797.050049
-985.393066
-479.158447
-521.136963
1014.897461
94.594238
-238.055664
885.848633
1112.283203
857.623047
252.363770
399.901245
1027.475342
310.979248
134.546875
-102.600586
-944.621094
102.589355
2204.371094
4090.107422
2026.203613
-267.706055
-148.515137
-792.027344
-3167.358398
391.980469
-652.629883
-698.851562
-78.798584
-18.567871
-29.588867
-236.356689
-3318.526855
-3259.898438
-1068.141846
39.804077
270.763916
-475.131348
-568.708008
2052.381104
2682.211426
244.616211
-949.126709
83.655273
-378.586914
-337.842773
811.366211
-777.968750
-294.266113
305.246094
-1318.600586
35.358887
522.036133
-449.045898
-749.932434
927.696777
441.802979
-960.539062
-649.089111
648.086426
525.551758
1124.468384
-491.187988
-593.517578
1182.062134
596.673950
462.307495
208.986450
-706.358154
-362.058594
569.223633
78.709473
1347.426270
1274.885742
-166.104004
-1417.530029
-1222.953857
-511.475220
-576.852295
-3666.717773
-4804.841797
-393.133301
1374.569458
-421.064087
1098.528809
2268.222656
1314.433594
-169.677124
-448.646484
995.002197
630.283203
-1302.822266
-316.737305
77.052856
-1396.962891
-490.371094
-303.594971
551.487793
-1019.199707
-1126.235474
-614.668457
1890.592773
727.480469
374.530273
1684.387695
1167.847656
-224.881836
40.798828
-225.914124
-316.889404
666.020508
-571.584351
-756.154541
-498.783997
-591.503662
-1175.225952
-69.489746
910.633545
599.871460
457.680664
1378.718262
201.344482
-9.631775
989.660706
195.375977
-551.374756
265.020386
-455.103271
-622.125000
918.216797
1281.372192
1010.809082
387.885986
-75.263184
38.054199
92.813477
136.450195
-482.712952
877.049072
2916.565186
1428.810547
-817.522644
-598.000488
1571.501953
1573.335449
606.755371
522.166260
1311.480591
-470.914795
342.410156
1354.564453
1631.347168
1592.717285
2689.122070
496.366211
-644.723633
-692.183228
-1140.023926
-60.938721
585.544434
40.674316
42.737305
317.397461
9.254639
-458.953125
54.674805
-721.971680
660.419922
249.105469
1133.562988
125.371094
693.594727
877.811768
840.405273
1516.018555
-64.109741
328.933594
562.854248
104.481445
-416.843750
129.354492
-427.934082
1075.551270
896.533691
-1464.579468
-1142.496582
-647.906982
1026.318848
354.380371
-55.264160
937.444824
900.096680
-411.724609
628.792480
202.908691
251.286133
-549.621582
-572.583069
-1391.395996
-2219.296875
-489.624023
-570.635742
939.656250
-340.226562
-184.366089
665.554932
-906.947754
-2475.595459
-467.150391
-492.206543
-2841.806152
-1878.354736
-1197.497559
-239.578125
519.688965
-474.944336
122.149414
396.507324
-412.082520
523.871094
1734.472656
1521.815430
376.514893
120.702759
-823.328613
-590.696777
812.206543
-390.861450
-569.649414
-708.360840
-1330.187378
269.022949
66.220703
-441.928955
-682.454590
42.466309
-1396.176880
-2890.585449
-955.416748
303.401123
1705.454956
1163.812744
-1242.857666
-1478.873169
-433.931519
-822.538879
-4928.785645
-2492.847656
741.983154
-791.593506
-1735.625000
-252.436035
247.142166
289.056152
735.882812
1412.494141
-508.472168
-976.504761
-702.323608
-1321.340332
-351.954590
1116.728027
1769.263184
1406.285645
805.115234
1203.754883
-324.682617
305.005371
-610.855957
-960.655884
-731.783936
967.470276
892.897461
885.560059
678.652344
1258.760254
2638.930664
-103.183594
-3107.438965
-1696.847412
1154.433594
249.984192
-195.652039
1246.522705
166.845703
-69.069336
2939.928223
8030.952148
8889.752930
2740.866699
-829.185486
59.817871
60.725586
-673.336670
-15.466309
-416.451172
786.402100
1090.833618
154.845703
1037.631836
924.952148
-944.850708
-614.564209
-1513.299927
-1514.025879
131.712891
-733.249023
-104.806641
-133.703369
-150.776855
-2188.549805
1379.874023
2164.592773
1893.205933
615.585205
902.818115
1320.384521
201.112122
-615.503906
-263.646484
-632.295410
408.427917
380.669434
2892.805664
3148.724854
2671.388672
-228.095703
-1799.746582
175.585449
762.178467
1471.283691
1374.709961
-636.420898
-803.586548
676.539062
361.481445
221.132935
-378.946289
-827.219482
-80.156738
-486.462402
-116.244141
899.056641
-1959.519043
-1641.320312
164.277466
3205.606445
135.462891
1219.122070
833.669434
1127.490723
-992.828613
-773.508301
390.053589
1241.194336
221.597168
1610.054688
-253.908203
212.654297
-2786.029297
-2498.132080
-2141.622559
48.598145
-19.680664
-1025.097900
-593.350098
914.877441
412.574219
1563.356201
2142.497803
1088.832520
1271.558105
1859.851562
-211.577881
0.414894
257.078918
-119.259338
2358.367676
132.101562
3401.118164
-281.666016
-882.350586
1506.084229
3542.834229
421.041016
-1215.032715
864.498535
650.692993
2207.848633
1137.512695
-706.370605
-2609.198975
-3575.706787
-1013.692627
868.674805
2010.784180
1021.094238
-172.344482
-21.904785
-991.524536
-278.324951
1432.670166
1560.091797
-698.526367
-1566.150391
-1346.907227
-697.149902
541.622559
-365.434326
-1463.924805
-948.759766
476.986328
34.219238
461.996826
-117.960205
-1320.494629
-4093.979492
-5565.544922
-1387.678711
-24.591797
-1453.089844
-30.655798
-324.438965
2072.303711
2196.232422
62.426270
-197.487305
-948.494873
-1515.106567
-434.754395
668.715820
-227.075684
71.708984
2837.855469
5796.959961
3117.213623
-979.653320
-423.133301
-868.381470
378.151367
-295.221191
-710.003906
-1626.510986
-810.705811
933.668945
1442.725586
-76.386230
477.050293
-849.857849
-678.837280
-527.691895
-343.611816
1508.420898
-717.864868
277.628906
772.233398
-268.713867
-1122.497070
812.188965
1544.728027
210.260254
421.036865
1559.020508
110.454346
-759.254822
-946.459717
-873.605957
-1036.894043
-7.178711
1136.822266
845.427246
1293.740723
1033.324707
2043.515625
377.640625
324.043457
1540.949585
312.011963
-268.120575
-2409.556152
4982.904297
77.032104
-1304.645996
-2677.931641
-153.168762
1015.469727
347.114502
505.024902
-827.590820
-62.747070
-248.391602
1077.077637
1380.412720
-166.410156
-395.548828
1019.693359
1882.500488
1360.152832
-508.628418
-272.219727
-412.364258
-1400.833374
-1046.575317
-962.210205
-971.293396
-1185.852295
-734.341797
1851.592773
310.944824
2340.727051
1553.062500
-953.715576
-764.942505
668.747070
771.548340
709.858765
1230.246704
1109.054321
527.036133
-362.603516
-1307.663330
-2112.409180
-843.271240
1149.107544
1869.237793
3654.567871
1500.321289
-78.743164
-896.594116
848.845215
-1367.536377
-5302.638672
-3009.080078
1146.681274
159.248169
-492.570923
555.400879
-1627.358398
-2772.319824
-389.846680
920.951416
1473.285400
1293.506714
-138.723450
-13.219727
1166.572144
323.887939
-959.053467
-562.542480
-406.550781
551.741699
1537.502441
1153.294922
907.245117
1243.814453
3608.739258
2728.098633
1071.569580
-50.314209
1054.742920
-26.994385
-1265.420654
-876.727417
-407.464355
-128.043457
-184.981445
-273.816162
702.818359
761.166992
-641.338867
-90.773926
-785.929688
223.724854
-184.582031
853.560547
-75.752441
-367.658325
-317.859863
505.455566
-512.291687
-426.937988
1789.466797
1223.741699
64.313232
584.485352
-765.595215
-67.144043
457.009277
-407.177246
-622.516602
-878.897949
-410.466553
248.976074
862.354126
1114.660156
-746.547852
862.526367
945.972412
-2171.738281
-658.194336
1113.097656
713.905273
-841.716919
-485.167725
-1644.064453
483.518921
3191.296875
1552.017334
596.779297
-827.161743
-2871.112549
-481.744263
1423.387207
767.826172
-194.499390
-497.115112
443.290100
255.916260
332.454102
71.292114
-1193.466553
-1716.296875
-1002.440918
-369.876587
-1338.358276
-173.202393
-167.230957
-301.266602
602.159790
2855.435791
2688.921143
-686.588867
-1092.068848
-1313.321045
-265.090332
252.346680
-554.524536
-236.634766
43.872070
-82.537109
1045.353027
-170.180420
-698.819824
-80.167969
222.243164
-1963.207031
-5307.657227
-2838.206787
74.940918
1278.366211
516.824219
-1538.254028
-826.282715
395.682617
-690.703125
562.335632
801.257690
-1158.696289
-1044.441895
-276.884766
2089.954102
2115.965332
1414.453125
2709.508789
2.362793
3422.432617
1711.453125
311.750488
-2457.551270
-2148.031006
21.909668
394.166016
-1493.141113
135.425293
1190.439087
890.449707
-43.697510
-1363.496094
-1175.220703
760.867920
414.077393
-339.625732
-608.223633
-1452.418701
-779.790039
-1234.731201
-368.042480
899.146484
1235.010254
1101.808350
-23.340332
-872.541992
681.030762
25.214844
-524.450684
-674.869385
-397.624023
-82.811523
-1247.618042
-994.311523
-51.012695
-527.215576
-383.900635
-373.790039
810.027222
1240.654541
189.508789
-514.538818
242.598633
-1451.661621
-3684.141357
-439.401245
820.955933
40.099152
8.630615
-57.676025
987.679810
775.254883
-367.968262
-339.614624
-274.487061
889.088867
1377.062866
249.987427
-512.443604
-1262.093384
-519.142334
168.074219
-269.902588
36.388428
543.910034
1110.481201
1426.686035
1487.475464
795.240723
-335.958984
-1178.720703
-1873.442871
-2881.718750
-430.825195
288.333374
-56.315430
835.597412
-80.740234
-774.472168
120.855469
-166.823242
174.188141
108.602905
733.258789
600.754395
-303.991943
83.848816
-268.701660
177.504395
254.340332
256.049438
-134.039307
-648.698730
411.772888
-323.345337
-2090.392090
-647.892334
403.694092
-932.893311
-528.198425
1625.185181
1619.400635
967.717041
-68.628906
103.760742
-81.202637
-1018.676575
-1834.525024
-1727.211060
-146.793579
-164.732193
-848.613708
-764.088745
-372.819336
-550.951660
-142.038818
569.412842
1354.447266
1385.833984
745.052612
1049.065430
3608.336914
2289.510742
107.637390
192.147949
-49.421387
-618.538574
-720.435059
-487.871094
-530.200684
-204.392578
-1771.964844
-3.983398
1455.656738
288.343750
1453.077148
869.548340
407.862793
360.596436
-1676.302246
-350.798462
-591.898926
-259.176758
-381.283203
-2485.429688
-1433.534424
-555.047241
-543.615723
-139.932617
690.571289
-1460.929688
-1971.767578
-468.236816
320.944824
557.456787
-307.200684
-1458.955811
-1318.742065
1425.801270
2221.918945
342.211914
-681.987183
801.750977
744.467773
-655.534180
283.687012
1354.040039
-612.703003
-223.191650
-1291.103516
-1645.850464
-842.642334
-930.392578
-609.540039
759.035156
1900.105469
1546.466797
-469.942383
-320.461365
600.098633
-428.779297
-736.312500
-1423.288086
-378.053223
-1252.465332
-42.807129
748.888550
-1079.338745
-1270.774658
629.316223
951.309814
387.013184
1174.060059
1684.874512
-256.566162
76.828979
1315.640747
556.072144
85.530029
-988.030762
-1179.676514
-533.829224
590.487793
746.253418
-1077.351074
-2210.794678
-813.409912
211.797363
-532.795044
1222.510254
1554.957642
-605.311279
375.972046
1166.082031
-267.504150
584.278442
1524.777100
1357.795776
1420.658936
1217.486816
585.105957
-29.805176
-987.303955
-1136.606812
-52.314453
-117.645996
479.284180
708.532593
-559.249512
138.535645
1087.028564
770.726074
1124.319824
1912.205811
733.120239
-537.376465
-69.638916
1475.569824
1085.213623
-515.618896
-1079.308838
-58.502930
189.767578
439.471222
1118.429199
312.924316
503.660889
-814.221191
-433.893066
586.265991
49.399414
522.875977
-168.541382
26.225098
986.157227
-399.498779
-188.070312
2677.530762
1282.134277
-453.432861
41.445312
-970.907715
-1921.673828
-381.602539
925.556152
-520.433105
-1056.120972
-1040.868042
-933.858154
-428.535889
-183.215820
-67.802734
62.471191
1101.837280
1088.237549
-467.192383
-922.874573
-599.472046
-1215.338501
-451.394348
853.421631
990.105225
-994.460449
-2490.630859
-1085.521973
644.977051
1144.695557
529.514160
13.350464
378.460938
-75.322266
778.661133
933.922363
-1015.303284
-373.789551
-870.934082
110.988525
395.056641
-1336.089600
337.190674
-6.236328
-155.368652
1231.992188
-766.416992
474.015869
1036.515625
19.020508
1401.063477
1006.554810
1320.078735
348.217285
-175.436035
156.154297
-884.917236
-796.647705
-1286.198730
-698.414368
714.992554
-642.411987
187.422363
804.119141
186.590576
448.791260
-478.181274
181.964355
132.360596
-253.580566
639.158020
603.208984
-125.748535
-0.500122
-381.246094
-27.895996
-123.788574
-470.656677
-470.095703
2240.787598
3067.639160
1228.108398
-687.967285
-279.052002
488.398987
-114.867767
-813.921509
-505.654022
40.994629
762.771973
-963.958984
-1332.033203
1095.258789
636.443359
-435.325684
-736.165894
320.541504
594.455322
168.950195
906.667603
550.469971
-227.921143
-171.057129
1446.450562
1339.601807
-518.060425
1743.930908
4854.587891
1579.911255
-433.785156
-1061.320557
-929.525635
176.541504
186.306152
661.528320
1194.492188
364.411133
569.173340
-245.715332
260.922363
1314.142212
-35.315430
46.475471
376.826294
-380.390137
-1314.377930
-1232.302734
-746.098633
113.868164
-134.438721
-439.650391
-303.019531
-150.685547
442.132080
-1739.181274
-5073.573242
-3450.554199
219.539551
-316.222168
-415.127441
832.354980
514.475098
732.380432
3309.293457
1363.410156
638.257812
-211.119690
-660.852051
424.891357
1345.910156
639.234863
561.801270
345.313477
-1015.502441
-365.469727
-495.338501
-1486.340088
23.347351
1860.227905
1265.995605
274.681152
-295.237793
309.328613
-473.681396
-1269.549316
-59.817383
-203.168579
1107.445068
2439.517090
-722.171509
-747.757812
-1220.899414
-768.933594
306.016113
1270.443359
34.431641
-780.697510
-665.523926
-2774.053711
115.354004
-322.889343
-1581.909912
-410.191681
-337.791504
24.146484
-984.361816
-1418.310791
92.523438
-926.573242
0.687012
257.593750
381.183594
-1.296875
520.535645
4488.634277
6657.242676
3928.238281
401.109375
423.918457
591.385376
-421.039551
-385.908936
165.064453
1223.004150
1697.207153
1668.100586
3332.199707
1567.087891
-996.794922
304.371063
202.437500
-789.058350
-371.947784
-831.235352
-125.260254
165.023438
-127.284851
-649.860107
-401.281006
-463.656738
-28.638000
260.681061
322.982117
88.479004
-95.211426
-714.279297
331.692627
-727.207214
-1241.063843
-503.999023
-3090.352539
-1506.428711
1769.669922
-471.335205
-185.255859
928.534180
977.166504
-1084.792480
-966.635498
-522.413574
-1610.616699
-1551.493164
1363.148438
4369.098145
2688.401367
194.763184
-299.202637
-580.079102
256.405884
670.100098
986.966309
779.843506
-940.607422
-1101.125122
-1166.607422
-443.512695
-486.885864
-186.022949
42.666992
562.870117
628.108643
-258.556641
327.527344
1030.162842
327.747314
457.819336
-1072.712891
-112.689453
455.788818
-1375.930664
-2000.958008
-2671.311523
-1560.446289
-3004.097168
1442.048340
1363.212891
-508.020996
-184.530396
-204.380493
-179.528564
-1264.741211
-184.229492
1712.625488
-417.032715
-357.194336
-561.857849
-4276.952637
-4281.255371
-1700.610107
-223.620117
29.385864
-437.916016
-164.498047
753.367188
1272.040161
-486.261963
-2059.977539
-401.072754
-196.228027
-64.478760
347.159668
-260.687500
314.684204
-98.277390
-298.787598
616.641602
-440.970215
-801.946655
728.407715
894.645996
141.169189
1062.400024
1475.273926
630.606445
-177.471680
338.917725
266.504517
-3237.621094
-2848.071777
-816.753906
984.183594
3192.558594
4615.923340
4033.430908
1784.063110
321.483887
-367.482178
-1208.124146
-1029.191895
-50.194824
979.607422
374.249268
-161.186646
-1243.181274
-621.673096
-1145.297363
-943.398193
319.177734
700.334473
340.494629
190.797852
-983.938599
-1030.277710
67.197876
699.679932
-1072.205811
-595.048340
-324.074219
-877.233398
535.473633
657.894775
-459.609863
-1228.451904
-648.069214
116.906738
867.933594
-114.338379
-67.784302
1700.131226
219.679688
-1011.159180
281.667725
1234.951172
4458.879395
3657.229492
974.946289
-197.622070
617.082520
1079.392090
141.165039
439.142151
-465.309814
-1070.533691
639.942017
-488.338379
431.149292
932.323975
-4.144531
146.241943
641.683838
130.798096
-329.257324
-406.134277
153.759277
832.503418
-530.234375
-1461.665039
1882.852539
865.036621
-602.221802
-639.879150
714.216064
-3960.242188
-3310.831543
170.708984
834.599854
-1218.945801
749.122314
-472.952637
-186.927246
-1049.836670
-1589.234863
-1068.069092
-235.251953
580.007812
1403.074219
-1273.431641
-528.684570
390.926758
1291.537354
975.646484
306.857910
-714.266846
-659.997070
-479.201660
-186.105835
-275.019958
-2576.275635
-5907.254395
-3759.328369
591.488037
1249.755615
-408.133057
-674.847534
-1595.448853
-469.064697
-188.436111
-45.359131
250.961182
994.941528
294.167969
458.353760
371.378174
543.606689
336.853516
-346.053955
-1206.916992
-996.916504
-249.875977
-1765.521484
-1713.935547
-2551.620605
-3394.385986
-2635.141113
-610.893066
983.361328
262.942383
928.791504
900.337402
259.824707
-517.458923
-1664.630127
-1336.986572
-904.166260
-1709.524414
-691.023438
-1343.572266
-64.054688
217.498840
-1237.991211
103.723633
1550.142212
682.458496
910.019775
-1074.239258
64.539062
449.874023
-502.869385
-151.875854
277.101562
737.710938
925.681641
-289.396973
66.492188
-690.842529
-365.006836
441.475708
-119.913086
788.762207
1370.494629
723.146240
-972.942871
24.688232
848.848633
374.643555
367.621582
540.106934
-1700.513184
-2628.777832
-271.555542
-682.837524
-89.848877
169.513428
-1156.352051
227.854736
993.395752
845.193787
1096.423828
1100.633667
828.788330
-150.218506
2525.663574
4340.636230
995.965820
-982.705566
193.908691
-906.558472
-1675.285767
285.138916
-403.966797
-1801.824219
-62.282227
400.976074
1311.074219
638.639160
-998.917419
450.946777
2475.453125
-583.870117
-172.442871
-433.829102
-251.405273
-244.964355
643.146973
52.271118
-1576.816772
-1026.528320
-1190.524536
-3133.597168
-6483.565918
-5206.726562
-555.644592
697.284180
3168.074219
5332.831543
2828.683838
1517.176758
1125.759521
-357.239746
-765.704102
-907.590332
-1549.178711
-1246.468018
-9.605469
110.066895
571.313965
79.702148
1075.802246
2091.923828
2250.716797
-343.195312
-708.980713
-956.264526
-290.364502
-498.439453
-704.093384
811.476196
3693.737305
3114.871094
-177.998047
265.720215
1027.856445
-574.409180
-380.399414
21.701973
440.497070
765.758179
930.991943
1503.437866
689.142822
-32.697632
-635.535400
9.754395
229.623291
-1354.850342
-1468.567871
-913.786865
-367.707031
302.017090
-662.182861
-1202.255127
572.955566
851.737305
11.291992
-818.520020
-464.058594
710.843262
344.920898
9.256104
275.402344
1059.376465
1354.868652
-95.299316
138.780029
460.538544
-143.917480
-276.032715
1518.835938
590.995728
763.112305
-1011.334717
-766.037231
1281.937012
116.918961
64.718262
2357.088867
3260.528320
2894.389648
895.011475
-114.091064
315.537598
668.165283
316.513428
87.658691
638.147949
216.126465
643.042114
972.528442
300.582275
604.620361
828.873047
1008.195862
-40.676514
-1228.346680
-106.671387
-482.807129
-808.697754
-812.226562
-3488.592773
-3225.074463
302.707031
2004.719727
1559.056641
-84.947266
1230.996826
741.821777
465.579102
812.065735
3058.429688
682.324219
1048.782715
1314.361328
1617.933716
-51.814453
20.392578
-1293.620117
-399.806885
-267.113281
-600.384277
-2171.707031
-248.887695
-1028.609375
-1704.902344
-1117.262207
-445.953369
-718.857849
953.528442
3157.354492
1737.614258
-577.040283
-189.902832
1095.550293
-71.006836
-864.668945
533.562500
195.340820
-103.141602
1458.555908
1695.044922
-219.338135
199.410645
-1041.221191
-681.232422
354.885315
16.943848
197.590820
-1258.001465
-1491.207031
-1220.053955
-827.513550
1129.708008
1281.423340
2992.639160
3722.403320
2107.772461
-0.392456
-897.727051
-310.248779
-1603.308594
-660.306152
812.921875
971.798828
-211.393555
45.501465
816.227783
1426.538086
868.905273
-894.948853
-2467.228027
310.344727
1209.591797
2927.255859
1264.541016
754.973938
-250.292969
343.475464
505.946045
-587.628174
413.986694
143.142166
-891.736572
712.760254
872.088379
-827.466980
-791.588379
-216.714905
774.868164
717.893555
547.216553
-25.496094
853.646484
2842.472656
1991.525635
-1192.444458
-965.358398
-2212.050781
-416.601562
615.690308
780.752197
-948.300781
-35.983398
-39.695312
914.778015
-695.433594
-4890.180176
-9286.292969
-5748.208984
339.724121
26.678925
-877.144287
-1273.587891
-1769.002686
280.070801
787.836426
143.384766
-859.254883
-462.303711
1506.117188
460.626953
602.952881
-2595.146729
-5213.452637
-308.203125
287.044617
-180.545410
1117.355469
-1557.584717
-2295.166992
-662.210449
-324.681885
-389.118164
1847.292969
1079.358398
-423.581055
-1180.042114
-303.384155
1098.797852
1349.707520
502.279785
-727.922729
-337.670776
390.428223
-674.741943
-140.507080
-80.558594
-1014.634521
-742.031738
229.003784
824.584595
987.003296
807.452393
-3626.060059
-2465.594727
-1086.630371
1221.263916
744.648438
1598.323242
64.410156
144.074463
1.872925
-811.485352
97.861328
-476.007080
-529.948242
-1186.888428
-1153.111572
-555.965820
526.809570
238.939209
-318.870117
-1294.281250
-1494.622314
-137.857834
904.446777
951.227539
-1444.255981
-2710.627441
-1537.216309
-271.548828
160.242188
-902.526611
213.696289
-378.636719
-219.387695
-1241.702515
-1096.813965
375.766754
-1086.976318
1139.359863
131.084717
-101.651489
497.456055
-1522.793945
-1790.436279
479.090942
203.880127
1349.466675
3501.036621
1620.405273
1840.979004
1573.069824
312.167725
-413.533936
142.031860
-226.465820
-1022.123718
221.069580
-836.336426
-627.092041
2149.891602
2342.584961
978.774902
567.350098
-2258.708496
-2222.606445
-2544.819336
2016.565918
3316.215576
607.705078
-747.613281
-217.103760
1736.142212
-641.550049
323.286499
-231.223633
-1204.151123
-13.672974
734.896423
716.548828
-214.230469
-533.914062
-1345.857788
-533.800781
-952.685547
-1499.038452
-628.765625
-1607.308594
-3384.754395
-412.248657
-200.159576
-1611.524536
-1443.180054
-351.754639
-292.883789
1322.399658
1733.729492
548.474609
-571.796875
251.072998
-1244.626465
-1187.590820
321.329102
-2818.484863
-4280.009277
113.277420
86.213257
-390.701660
-1142.860107
-5988.575195
-3575.744385
1084.015625
-1269.950684
-633.852844
1259.473633
877.670654
199.571533
-440.051758
-708.446289
-713.343262
-103.459320
-367.268066
-374.431152
628.313477
-1420.395752
-1998.667480
-73.198486
-3.317627
1293.814453
2206.533691
-875.248779
-1275.638184
481.741699
60.836914
429.871094
-149.640381
-322.522461
276.784912
1164.543945
484.942871
1118.467285
2079.449463
688.621094
-748.655762
745.566162
273.533691
599.055420
6540.880859
7771.783203
2047.124756
-834.211060
-549.635193
-386.201843
-27.530640
1170.563110
-11.074219
-758.222168
-900.061279
-186.496094
1415.405762
322.879883
-320.266602
-1014.326782
-1754.394043
-1715.336426
906.839355
-120.816406
-385.784180
-959.309448
793.674805
1016.548828
-40.522461
2382.682617
1295.122559
685.814087
-219.464844
759.038330
-571.967285
1412.255615
1784.239258
-773.353516
-1282.737305
-1577.760254
-859.070557
2416.836426
1911.499512
970.984863
-1127.231567
-404.524536
-50.643555
332.971252
537.604492
444.030273
1629.685547
400.057861
-1445.154297
-332.879272
-923.838867
-101.241211
-12.291016
115.295166
439.445801
725.571289
338.879761
847.142151
-203.227173
137.233521
-934.245239
1049.849365
1341.570801
-282.752930
-571.918457
-1093.934082
-395.209229
370.647705
-1261.219482
1090.443848
2434.237305
1003.888672
-351.243652
-1409.849121
-768.689453
1387.485962
3944.855469
1700.937988
-810.978149
794.504883
-76.998535
-987.661133
-770.576660
853.678711
923.619141
55.803223
436.910767
520.912109
-314.202637
-603.255249
-1059.950928
-375.524536
152.584473
239.163818
-52.382080
758.025391
853.056641
951.162109
-514.725830
548.957031
-145.497803
-488.313782
1595.499146
575.940918
214.530762
455.668945
-1260.967529
890.444702
-322.844238
-1788.943604
39.005371
-78.290771
-412.405762
798.702148
675.066895
-700.730957
-498.462646
757.302490
1106.702637
32.088623
1348.270752
6010.057617
4257.869141
-736.458252
261.553467
-251.599609
-430.516357
44.914185
-821.854980
-4306.367676
-6254.595703
-1853.138672
94.622314
278.339111
-222.038086
-34.959839
892.017090
766.781738
563.263184
1797.339355
849.797119
-2.505127
-132.146729
-315.784668
-865.282959
-1135.330200
309.200684
1096.352051
1374.636475
1360.481934
1531.115356
1101.475586
-275.030762
-411.663086
659.597656
697.512695
-437.473145
-762.912598
69.959473
449.816895
840.005371
437.231934
161.537354
681.788086
-961.906250
-1563.251953
532.454834
1076.313965
1557.824219
936.466797
-1154.576294
-326.451172
468.386292
-531.240417
-1988.611328
-3666.137695
-2705.777344
-35.095459
-1053.611328
284.109863
1084.141357
1389.484253
894.896423
-570.132812
-677.129150
22.725586
-930.552246
-298.556854
1146.751465
-1056.669922
-383.143555
-70.892578
603.084961
929.371094
190.977539
-1648.916016
-2054.892578
-1875.066650
509.260254
-125.059570
-1247.175537
-1251.983154
-1914.501953
-2482.053711
-2388.592773
973.462891
-146.476074
227.475464
1039.475464
1005.809814
-511.518555
1445.869141
-87.464783
-1152.521973
619.911133
560.503174
20.750244
1292.997559
1833.599609
917.344238
-110.159180
-82.583496
-228.034668
-912.013550
-651.643250
-643.737305
1420.147461
-427.279297
1183.906250
442.791138
-319.857849
-675.777832
-1176.090332
-1766.239014
-1981.905396
-1069.662720
-2028.330078
-598.013672
1090.088867
1342.941406
1173.592041
605.671631
-277.407227
-314.979797
-772.508789
204.264648
-1321.914062
-643.782227
341.137817
-2097.374512
-388.343262
304.728516
286.158691
-934.594971
-1568.089600
-430.635010
-423.905273
-1933.243652
-1318.606689
96.688477
-679.643066
-1352.751221
356.442078
1288.990723
223.973877
2485.216553
3797.275391
1068.350586
695.528320
1419.714844
-244.947266
3272.587402
1630.917969
116.575439
-2159.263428
-5952.001953
-2628.249023
187.137451
-686.275391
297.376709
1575.954102
1766.152344
1118.567383
979.975586
149.182129
-296.298889
-330.745605
551.320068
-649.205322
-475.831543
-1213.703857
-249.410156
996.390625
-355.720215
-656.351074
318.489136
-476.964844
-40.578125
4016.128906
2190.647217
333.065430
564.168945
1097.449219
101.833008
196.402344
-148.826172
-671.702637
187.797363
-592.985352
-1301.610229
-737.524658
-693.345703
-88.958008
-442.634766
-403.446777
-21.046387
-1835.195557
-663.951172
349.475464
1054.658325
1227.919800
162.492188
-814.269531
596.749207
-181.038086
-798.312500
198.893555
346.168335
916.667480
1296.699951
562.310059
-2091.444336
-3710.557617
-1647.071777
-1285.382812
1235.766602
397.522949
-183.661957
233.872559
780.340332
-2280.422607
-466.286865
-903.688721
-835.084229
-1889.262451
-878.111816
1820.524902
2882.608643
868.831848
66.839844
-594.849121
-340.125977
773.586914
323.811035
-103.489410
521.420166
1346.834473
735.192627
335.795410
-355.033691
-390.852295
-1265.657959
-1589.494263
-100.374054
-733.845520
-1512.981689
503.716553
-1561.980957
-4235.711426
-2406.585938
1141.274414
280.768555
-385.524536
-616.947754
-2676.002930
-672.578369
-330.434387
-941.230469
661.665039
1447.890625
847.144775
1573.857666
452.229004
693.043945
584.779297
739.344727
859.835938
2681.695312
3106.445312
-287.415283
-1709.992065
-4021.172363
-3050.973145
1189.884399
1255.071777
421.990234
1426.580444
462.854004
-72.889648
-359.207031
341.360779
-76.804443
249.869141
1078.599121
-566.305664
-628.618652
-704.900879
-1321.439453
-642.771484
-155.031738
-119.163818
397.946045
943.712402
959.802734
1110.722656
351.575195
297.860352
124.937988
-159.873108
333.598633
35.705078
-892.295410
-95.432129
161.897949
110.917480
565.894775
300.802734
239.285645
424.926514
-138.272949
-605.275391
-757.730469
-719.581787
234.366577
43.085693
-622.857849
528.089600
-463.718628
-736.859375
-1320.308716
-724.329102
-1180.340820
-627.075684
5048.421875
1996.795410
134.017090
399.321533
-881.124023
-393.457397
1871.961914
2126.843750
-4678.892578
-64.194824
-978.015259
-1005.317383
-457.664551
-556.360352
-1647.934082
-838.070557
-964.188965
338.348511
2114.999756
352.375183
-642.544128
8.122070
-1019.094727
-2720.579102
-941.404785
31.949829
-849.924561
-402.677002
288.014069
828.475464
-590.991699
-1143.843262
919.645508
-116.792236
617.916626
2786.478516
291.659058
-327.065674
-2007.701416
-5463.524414
-1562.885742
132.651367
-432.246094
800.635254
-237.147461
46.126953
-535.904785
-782.033203
-1309.544922
1609.638184
628.665039
2502.459473
-104.600586
-4738.284668
578.208496
2475.996094
2253.077148
378.808105
-671.234375
-2726.496582
-561.477539
2100.014648
5786.776367
5042.635254
608.526367
28.347717
-350.984375
249.648438
777.123047
-347.014160
372.383301
305.845215
-1080.857788
646.265259
-108.714844
-195.207275
1604.630371
74.314453
-33.003906
513.881348
35.514160
991.307129
-642.592163
-484.249756
1497.941772
816.572021
-946.453247
-629.504395
128.287109
-515.352051
149.248169
2376.546387
2081.725586
-96.743652
-1880.855713
-915.921875
1013.752441
4098.368652
1768.912598
415.770996
-2060.957764
-965.152344
1235.715576
1066.374023
296.481445
176.074707
532.762207
-275.828125
580.683716
1683.125732
575.389404
-1176.255981
-531.929565
-316.204102
-712.199707
127.633057
427.292480
-1222.323242
-326.552246
-439.873535
138.947266
1216.549805
731.809937
-1033.718384
-239.667969
798.102539
655.744385
-248.168945
457.629150
665.356445
306.774902
1161.020996
493.150879
-518.463379
-127.998535
849.612427
658.149536
-222.813232
325.866699
-620.836670
-198.904541
904.233887
979.607178
-329.123291
-473.095093
-727.212891
1065.342773
-3334.849609
-701.058594
514.524170
-904.953125
407.315430
1085.145386
424.670410
-394.379395
-794.052002
-1535.727417
-682.405518
-337.635254
402.916504
356.065674
-437.187256
1355.019409
1525.251953
3202.355469
2884.916504
-200.761230
466.549194
815.522461
45.268555
388.516113
-39.159790
-709.234375
-1735.586914
352.918457
712.723877
1088.450439
1792.771973
1648.561523
-386.854492
-1004.817627
-517.049316
210.280273
183.688477
2049.475586
380.002441
1212.792969
4276.142578
3139.948242
-179.899780
-1266.137695
-2000.850586
-1799.457642
1145.318848
916.441895
1492.544434
-1981.765869
469.683105
-1084.069580
-1132.307129
-1256.857788
-785.104492
-111.882812
-19.616699
-407.655518
-431.336914
-286.670410
1320.310059
-169.786133
197.554688
96.678711
-248.879639
-1239.440918
-544.379395
-584.238281
-167.892456
612.126953
1089.378906
1462.779297
225.441406
-989.247559
-1073.406738
-1085.661133
-63.236816
1361.455200
3669.143066
2251.289062
536.507202
-589.700928
528.996582
392.671387
-1129.851074
-173.315918
1513.326050
925.542419
502.622070
-0.625854
-860.814453
541.952515
727.784729
-552.096436
-1514.552246
-2379.516602
-2198.644775
1447.123047
-901.400391
-115.169189
1557.450195
1642.934570
4344.506836
2086.380859
-1041.657104
-2833.002441
651.290039
-152.489258
152.014099
-550.451660
-386.747925
360.431641
-1718.678223
1428.215820
2309.099609
963.317383
-679.447266
-485.646484
327.329102
-114.909424
-59.146973
-320.348633
-12.231689
-554.662109
-1252.095825
801.198730
1495.168701
215.399414
-516.900879
-1644.562500
-2603.082275
-2589.136230
-1215.249512
1458.142212
-295.161133
-2857.539062
-943.381836
122.704895
1988.049316
2400.541992
2666.568848
-461.067871
-432.309570
-1576.623047
-518.451660
49.882324
68.832520
489.682617
1255.185913
1804.967285
1347.709961
-745.662598
-1276.879517
-390.590820
-951.078857
260.119141
1482.505859
-472.112549
1434.806641
1120.635742
192.733398
-98.418945
-556.871094
-360.825684
1092.521973
1137.145142
1394.212280
667.464111
31.928711
-649.584229
-1451.963867
74.691895
602.586914
-476.557129
-208.230286
257.934082
429.458984
-1268.435791
-1124.510986
-851.743164
120.400391
212.982422
467.283203
-148.195450
1258.979980
1768.584961
1371.598633
-193.794922
-205.180664
-244.602661
-147.184082
-596.614746
-1015.654541
295.725830
-432.571655
-1282.840820
297.679321
-481.744507
-317.099731
1190.165283
-1827.168701
-1085.385132
-338.724365
-1688.624756
2567.785156
4723.418945
1369.742920
-557.071289
224.238770
19.845703
-770.846680
-1234.716431
-192.835388
-117.643066
-494.210938
645.222534
300.021729
1124.727539
1369.178711
316.032349
-1075.960693
-635.250366
-594.361084
-554.047852
-764.930664
469.241089
491.101074
200.009277
134.272949
-29.844360
1427.961426
2368.643555
1767.153076
432.010254
-71.518555
-297.344727
-361.978760
328.628418
-2042.392578
-2677.135742
1426.789062
856.000000
-449.854004
-878.002319
143.195282
159.572266
-967.153198
-385.658936
201.475464
-77.362061
-575.401855
-1387.569702
-296.007874
843.619263
1403.743896
114.333008
813.768555
35.441406
534.241943
300.941528
879.658936
172.494141
-502.083984
1.294922
-1187.439697
-503.802246
3990.203125
5142.363281
1675.263672
-1121.368164
-3224.261230
-2237.450684
-26.905273
1059.464844
1377.001953
688.241211
1122.826660
1779.356689
702.410156
-675.238281
-1676.386230
-3626.495117
-2283.679199
1233.435791
2310.575195
4151.250488
2486.773926
455.353516
-486.127197
-32.883545
1233.276855
-69.382080
-700.774902
1215.567017
1340.052002
503.736328
214.627197
-1695.311890
-576.202148
1277.109009
-40.877441
690.168945
711.756836
-109.803711
-914.963379
-2361.240234
-276.208984
1010.296875
887.487549
717.378662
-610.834961
1119.140625
921.513672
-1605.110840
-807.998047
-574.076172
-76.560303
442.467285
201.841797
-187.009277
1104.738281
-241.953857
-1775.722046
780.277344
-17.593018
-1012.894287
-408.304810
-1485.524414
-884.748291
-918.824463
-303.646484
433.068359
156.280762
286.080322
234.322998
666.840332
859.883057
-1166.931641
-1314.493164
-114.953613
432.141113
5.451172
76.955078
755.449219
203.028198
191.470703
-369.730469
-878.389648
-521.885498
1152.283203
291.580322
1491.737305
1409.079102
-8.210938
870.839844
719.628540
-155.622101
1172.472046
917.531494
-791.567383
-398.255859
780.426880
698.623535
99.452637
-1769.431641
-3862.314453
-2353.135254
224.639160
-288.215942
-1397.170166
-267.563965
-19.692871
-604.234741
159.786133
1102.587524
428.472168
60.416016
-746.648926
555.295410
619.773926
852.675781
619.241699
30.864746
971.042725
1922.475464
1433.656372
336.122559
460.963379
-121.978516
-524.580566
2952.270020
5920.988281
5386.306152
5173.224609
-238.344727
-393.015625
979.179260
-2073.927246
-2041.940430
-893.205078
-382.776367
-519.369141
173.631836
-248.778809
-160.879395
-163.936523
619.658447
-754.199463
-891.643311
-1014.891357
336.436523
616.871704
-1277.736328
-48.376953
590.317810
683.678711
3224.323242
1125.047852
-1024.470459
-2504.736084
-556.420349
1127.312866
-395.102539
118.303955
-1476.000977
-895.812988
1199.439453
397.767822
2473.806641
-1714.104492
-1496.918945
-979.086914
1138.679688
430.667725
844.804077
139.142166
660.888794
1536.816772
1364.305908
1446.959473
-172.624268
-1981.834961
-3043.564941
-1061.797607
87.301758
-1767.190430
-116.202148
-1157.145508
-2274.705566
-513.979736
-386.884277
1677.864014
1168.912109
-57.495117
1615.045410
487.894714
-712.788940
-19.695801
-143.013184
-228.350220
-816.180908
-2628.333252
222.990967
1507.754761
793.817383
1969.316895
1312.146973
-818.254883
182.536133
749.775391
138.719238
427.131592
3384.372559
3562.336182
2071.645508
978.849121
1758.491211
759.875977
-1134.652466
-525.030762
-726.669922
-1513.408203
252.242188
61.993286
-70.941650
-1444.043457
-484.026367
-177.774170
-134.058228
-371.449951
-538.144531
-604.626465
-653.252441
355.068848
-416.293823
2201.657715
4507.063965
1619.490234
430.597412
-129.678955
-1595.353638
-1011.994019
-343.816895
-125.080078
-194.033936
-159.095947
-371.295654
166.940552
641.679932
238.788330
357.104492
1589.119751
1304.447754
-719.354858
-264.228027
-332.548096
454.492676
460.669922
50.189453
-581.908203
1403.334961
-971.538086
246.811523
119.430664
977.064453
-364.260254
1029.359375
701.085449
-1394.583984
-897.689453
736.879395
2092.396973
251.940918
-1073.684570
-1275.816895
-488.535309
957.612366
1101.080811
764.894287
-619.628418
377.702393
1725.618164
265.339844
1160.219727
1143.018555
616.983398
-552.958496
-269.110779
-1278.246582
-753.362305
2276.093750
2094.125977
-588.394531
-590.814087
790.424927
535.696533
609.820435
1291.041992
306.607178
30.124512
84.271240
-428.125488
-663.709595
-554.492065
275.017334
697.458008
853.245605
1041.469482
163.428833
-580.176270
18.657227
682.654541
-417.946045
257.615967
1323.874268
-46.662720
454.316895
2556.155273
3320.818359
475.261475
175.381836
344.869141
354.641235
762.447021
-82.176270
3.495117
107.740234
773.230469
1206.642090
355.261230
-785.077515
-817.379761
798.568848
-203.096680
-1544.515137
584.988770
2015.133301
339.133301
56.806885
3840.483398
-89.515625
639.364258
840.577393
514.472656
568.758362
-1376.857666
-1603.848145
-590.969299
-54.940430
4.811523
311.461426
-1288.717285
-751.541016
-271.586426
-615.986816
1067.620117
3796.610840
4273.172363
2081.569336
1609.996094
-838.458008
-407.386902
72.546082
111.744385
7.307129
585.114258
5734.354004
9443.581055
3319.850586
-1114.171875
-556.851562
40.332275
-1236.482910
-168.897705
192.394897
-2817.593262
-744.366211
854.066406
375.160156
-288.038086
1479.514160
548.924316
626.301147
4322.675781
2236.979980
-1310.332764
-639.162598
-402.792969
-868.403931
-204.836578
629.649902
1541.484253
452.785156
2630.351562
752.868164
-535.810669
-990.051514
-1429.015137
-2277.595215
621.953369
-22.591309
41.140625
1072.853516
1536.608398
602.703369
-164.991028
-117.934082
-81.765137
-432.524536
375.144165
-1275.375610
-2481.988770
-594.094238
1344.486084
-545.937744
-533.292114
194.601074
119.822510
-1442.975342
-2269.786621
-556.679199
387.180115
-408.060791
-606.274902
-669.507629
-1505.211182
-1041.229736
-1157.927856
-587.266968
661.407593
765.758301
137.605469
704.866211
821.735352
704.148926
1000.267090
101.136963
-1745.255859
-679.808594
-165.324707
-891.585693
-2680.687988
-4167.702148
-1696.861572
828.864014
2.991699
-177.131348
869.047852
334.795166
-52.615967
1048.790039
1851.099609
2063.894531
2070.420898
703.259277
-747.833984
-113.974609
-730.187744
-667.524475
-1130.948853
-907.380005
133.961914
614.246094
650.638855
515.590820
-271.260742
-126.639160
128.708984
1223.733398
-213.967163
322.264648
394.901367
-329.948730
-564.558716
1061.221802
931.202515
-1019.364502
-1052.884155
129.365479
-204.030273
-1217.802246
-948.476685
409.273438
-89.916992
-507.247070
-1205.585938
-172.634186
1250.276855
1.540039
324.281250
-1188.717529
-4176.562012
-2962.458252
1370.142212
-302.518494
-1359.802246
-136.737793
-228.100098
-694.428711
-255.853516
34.423828
-2761.835449
-5208.576172
-1042.352051
482.477783
-1597.110596
-272.025391
476.146240
-1377.385986
-2009.738281
-467.320801
-937.184814
-1346.116943
-359.795410
839.781738
760.117676
205.886353
-2061.077881
-2409.657227
-789.348633
-1012.370605
524.541992
-237.048340
306.193115
613.525635
-2244.680908
-1339.475098
-251.439453
558.258789
539.285400
928.753174
109.970703
-430.684814
940.651367
-78.955078
-1598.766602
-478.873047
-1861.975586
-1419.652344
533.704102
-493.812256
-1011.651123
91.266602
-1751.818359
678.178223
-359.842651
-873.870605
129.826172
742.277222
557.409912
270.532227
-1334.500488
-1185.717041
-561.607910
-401.856445
-819.512207
158.418701
717.986328
2275.651367
359.615234
726.578613
2011.137207
1381.697510
-311.618774
-1347.010864
326.161896
704.433838
-1249.543701
-320.310547
-36.513916
606.778564
2972.652588
3030.833984
224.209961
-994.166016
-1422.962402
70.755127
610.922729
1135.637695
36.363770
-23.329590
428.086914
-427.280518
1170.208496
1682.132324
17.994141
357.679199
45.506348
243.610840
795.278320
749.230469
-185.974854
-1182.709106
-498.249390
2993.421387
2597.968750
439.871094
-487.549805
468.373047
372.054199
1281.579346
291.542969
190.291992
-438.778564
1932.927734
852.113770
717.504150
-154.362305
-1572.281738
-621.811523
1703.044922
5187.351074
5462.075195
1237.859375
-685.673340
-86.130859
-540.726929
26.349121
285.527832
152.962891
-1141.443115
-2005.645020
-557.440308
-967.905884
-232.083008
552.732910
766.382812
-733.344971
215.005524
885.419189
49.601063
-956.170776
492.001343
778.865723
-651.882935
596.492737
53.917969
-1069.829102
-2062.232910
-1655.457520
145.100342
911.398193
1227.762939
-1465.130493
-2581.932617
110.572754
-1166.475098
-348.823730
-848.302246
-6422.854492
-7044.525879
-1530.161621
378.388672
-151.206055
448.347656
141.960693
-164.052979
-45.781494
292.113098
495.828613
1239.879883
3583.151855
4204.164062
1855.820312
121.802734
-6132.211426
-4936.732910
-126.422363
480.322266
-452.222260
992.689209
279.365723
1853.976318
9218.228516
7625.297363
627.556396
-897.642029
1713.581299
-55.709801
-743.471680
-710.038818
-628.857849
182.931396
494.868164
4039.339355
4210.028320
2082.321777
852.994141
-126.316406
160.466553
-428.557129
174.635986
-1733.371094
-3782.583008
-741.223450
1276.707886
502.826172
898.633789
896.402344
1425.216797
2045.481445
1282.559570
-62.944824
-187.037109
1217.494385
876.936035
-100.638550
-706.021240
583.266846
378.767090
458.613770
1186.121094
630.034424
1081.362793
2108.761963
48.854248
-988.400391
686.506836
1799.680420
1166.117432
1128.444336
-1266.620117
666.158203
1266.586914
143.345947
-972.360352
-96.368652
142.517075
259.840332
814.550781
-730.282959
-147.924561
743.987305
-373.439819
-1415.233398
301.610352
431.197266
-791.043213
-559.181641
378.421875
-435.645630
44.609375
-621.912109
-1064.346191
-2514.514893
-2549.691895
-1760.252930
436.018799
1202.475464
548.475098
-253.638184
454.867676
644.137207
2229.197754
1268.667725
537.296143
200.789185
-1352.927734
-1183.154297
1056.725586
1543.860352
-753.043945
1014.011353
349.854980
936.610352
60.674805
-652.548096
170.896484
495.731323
-1148.262085
249.735718
763.336548
-252.946289
-8.596680
663.312012
203.671387
-156.594238
1249.486938
2424.849609
-278.958252
-1610.425537
-1835.529541
-930.097900
659.433105
241.634766
669.628052
829.463135
-478.156982
-849.426758
384.321289
171.285645
-2769.168213
-5960.243652
-5683.153320
-3612.849609
-568.475952
83.760986
-645.337769
2505.376221
2954.637939
-554.689819
-465.918457
-61.478027
-671.503906
-1049.256836
-959.292969
-1459.950684
-935.315186
-262.732544
497.110352
-681.704163
-1026.541016
-1841.253906
-2554.194336
-1317.207031
-653.256836
-53.460938
601.066650
-21.956055
-511.886719
-369.480469
-49.148071
-3037.028320
-2061.889648
-1879.938477
1711.969727
-630.421631
584.626953
377.382019
-385.275146
-2757.168945
-784.057617
-1481.003906
30.704102
-120.897827
-1037.554199
318.198242
1918.386719
2188.009277
697.455566
1081.266846
363.392090
54.687500
423.369598
-87.611816
-1525.315430
217.046143
143.406494
2307.419922
4627.190918
1266.352539
-659.290527
-1471.055664
-626.831665
187.623535
2619.261719
1616.234375
-875.212891
-1110.391602
1331.477539
-948.026855
-846.956543
-487.857849
389.507324
3625.297363
4888.475098
1442.664062
2070.500977
1783.277344
1278.256836
2913.931396
1108.125000
-1578.062012
-1025.851685
-62.002441
658.921631
1632.804199
268.392090
130.726929
-1027.622803
-3046.865234
-1151.824829
-448.504883
697.540039
2476.294922
1423.284180
-131.121094
-668.414185
-569.804932
959.954590
944.630859
1717.388184
1055.382812
-1280.918701
-867.398193
-705.685547
-945.144775
-304.168213
1594.210449
2961.659668
-45.987305
-810.291870
570.202759
-736.201050
281.427612
181.548096
-366.626953
986.149536
553.011475
-176.532227
-43.644531
740.317871
769.444092
-125.865234
691.345215
405.118164
-414.164062
565.740723
1008.951660
-238.430664
331.741699
-142.647064
-895.343262
90.351807
-132.071777
-673.550232
2006.923218
1601.106201
-712.524536
-608.928467
812.889160
797.549316
-103.462372
-449.616699
-442.055664
-637.979492
941.723877
145.808319
146.913574
546.058594
414.695801
-308.591431
-2138.948242
-1541.550049
601.390625
-207.730957
-522.314697
-766.719238
-197.836914
1359.016602
473.567871
334.077881
-2234.334229
-5903.524902
-2085.409912
1237.339966
-1529.777466
-908.592896
966.802124
1117.428223
129.562500
-264.084717
885.026062
2.186523
-76.613525
-64.044434
229.913086
-392.416992
-1212.526978
652.078735
2063.150391
330.494141
-133.363525
-2278.125977
-3235.736328
-549.839844
911.007812
121.919678
922.112305
1057.016357
254.618652
657.563477
1378.821045
1474.101562
729.595703
-177.679688
-366.175781
137.488525
208.074219
405.338867
536.412598
1331.758667
-115.253174
-913.637390
628.705078
826.971924
159.406738
-731.831787
-1001.449707
-108.208496
-834.317871
-789.396240
164.187988
-816.434204
341.334106
1359.192139
-414.684814
111.138672
-344.820801
-1892.735352
581.456543
630.334229
968.636475
1216.559570
695.713013
1696.082275
3209.372559
2527.852539
501.686035
249.492310
-712.366699
-1038.292969
556.630859
527.025391
303.327637
-286.815674
23.247070
-81.698730
-1376.799805
-1088.730469
343.835693
249.101562
696.840332
964.643555
1528.339966
-11.980469
-1701.902100
-1327.346680
92.875000
265.393555
843.820190
1231.987061
864.818726
1296.550537
1421.246094
790.848389
-666.317871
-1211.738770
413.573181
-336.252441
2146.063965
2708.800781
-909.278320
-502.038330
-1176.792847
-1631.501709
383.714600
199.727783
2121.316650
2800.114258
-533.326904
-80.104492
-43.938232
-2821.199951
-3690.776123
-2696.481934
-181.978088
960.445007
372.977539
-324.869629
286.660156
507.083618
-566.601624
-820.131958
-184.707275
50.208496
1008.956421
1191.380859
-89.877441
-492.173218
-563.329590
-1025.046143
-1134.935303
-525.524536
3399.395508
2127.518066
-265.943359
699.475464
1054.763184
-257.324951
-66.119141
187.761719
203.805115
922.468262
-316.099121
-480.840729
1047.137695
490.447266
815.957520
214.465820
-634.829102
117.281494
21.085754
-861.023926
295.414062
1166.229492
-1398.119141
-2633.411133
-1387.271973
534.169922
2110.984375
4189.424805
741.510498
-1060.893066
-59.996094
176.068115
-475.933594
1335.564453
-163.861084
625.172852
1990.577148
2768.943848
1808.262085
1167.289307
507.264893
1178.743164
-348.680206
-1395.146973
-581.162354
124.983032
521.650391
-19.282715
-1311.041504
-447.669922
1212.101685
913.590759
1798.694824
237.233398
-78.562744
82.597656
-393.250000
285.537476
1105.827881
689.448730
492.090088
-70.002441
-990.531616
-417.051605
357.976685
1343.331787
421.154785
228.165527
-199.316406
-1098.387939
399.587524
2881.698486
3086.994629
1716.414062
-634.274109
-51.443359
856.288574
-521.436768
1138.135498
5208.130371
3542.000000
-1156.126953
-2158.922852
-47.695312
948.670471
-16.313232
-182.323730
314.281982
1191.131714
241.940674
847.557129
2215.089844
3883.230713
269.550049
745.602234
-358.802246
-1248.792480
-934.669434
-146.449219
-2326.928711
-1423.863037
-1379.141113
-2019.602051
-57.231934
-322.363983
782.047852
2226.210938
480.025879
-47.392822
731.911499
109.750000
417.785645
765.766846
997.044678
-661.280762
-743.220947
83.413574
1843.311523
3693.609863
-598.955933
-606.662537
816.447021
463.254150
1446.475464
467.350220
1058.019531
767.797607
-413.458984
-827.121094
-1217.056763
-2036.145752
-906.358398
1182.619141
517.812988
-914.669922
19.512207
800.696777
589.422363
376.718750
99.465332
-414.875977
-1158.198242
-2877.033203
-48.230713
-72.684326
-647.634277
557.223511
78.024658
138.485840
657.598877
161.207520
-270.249512
-1261.078003
-534.750244
1195.578613
135.128128
235.983887
195.552551
9.020996
1107.833008
990.979004
-1347.386353
-3600.985840
-3576.237305
-511.663574
-132.806641
330.860352
941.838379
119.210449
517.897583
1279.677979
-1042.443359
-2048.716797
-1569.426514
71.676514
944.998047
419.828857
26.454590
-1014.793945
974.194458
2787.531494
612.593750
588.579346
159.812958
-1532.818848
549.245117
1688.267578
2549.119141
3415.225586
2228.875000
1085.085938
219.880859
-662.789551
-292.882080
-119.601746
-565.448120
-656.132568
-300.697021
366.484863
850.800171
681.933228
936.445435
83.424683
-1105.132690
-1656.962524
-81.583252
1102.179688
-80.232910
-1051.686523
-214.275391
997.775879
2696.411133
534.833008
-1537.005005
179.648438
3918.174805
7231.127930
4242.865723
-621.462158
-921.108154
674.938477
884.616211
358.558105
-613.605957
-1602.139160
821.658203
913.082520
-525.308594
-490.998993
-440.389893
-1504.213135
-230.729568
1205.225098
173.549316
417.523438
1218.642090
2855.028320
583.834961
125.058228
-559.874268
-546.594849
715.418579
263.951752
66.085938
-551.406250
-230.554688
400.691528
-557.635742
-1777.112793
-753.404297
671.104248
784.045654
3781.474365
1315.107300
-2006.445801
-625.860840
-1116.242676
75.135742
1121.772217
641.082520
285.898193
-545.421997
-249.148926
565.560547
512.591797
759.480957
252.669312
-168.241699
1046.229980
194.343750
-231.474854
608.569458
-322.468018
-1168.316528
-987.524536
477.776703
588.837524
638.131592
224.532227
-140.229492
452.466797
-178.308838
-846.932373
531.548828
381.766602
614.564453
-433.857849
-658.052979
24.854492
-1322.361328
1038.441406
-106.240723
1596.071045
3601.333984
3289.421875
-342.246094
-1858.961304
-2998.696289
-70.968018
78.563232
-1997.973633
-508.331543
1107.597900
1605.989502
1652.470703
953.417969
-161.286133
-517.304199
-1500.857788
-2195.389648
-564.479492
-483.601562
-483.974121
-356.766357
-450.857849
-455.943176
1535.139648
1170.092651
-322.083374
1276.507812
476.198730
-370.722900
2499.409180
3106.785645
1033.369629
925.713379
687.274353
-505.574707
868.090332
598.954956
-302.078247
853.030884
-74.538940
-764.653076
848.286621
1261.142090
564.887207
-822.968506
-855.703247
-68.471725
600.665771
311.541016
-854.468262
-1980.510254
-1424.984863
294.131348
818.000977
2551.567383
815.331787
-921.530762
-3189.565918
-6268.055664
-2101.731201
401.902100
-1542.464722
250.376465
552.662598
-1358.844116
-2919.921875
-1331.372070
1556.610352
1180.297363
-654.266724
529.286987
-2334.589111
-2434.553711
110.885742
-642.737427
387.888184
408.498535
537.026123
181.529541
-304.555664
3031.820312
-1657.184082
2010.468750
-69.776794
-698.232910
-294.475342
2938.038086
4644.035156
2167.838379
1058.134766
1753.462891
203.607422
-692.335938
-2563.175781
737.210449
781.822266
-390.834473
235.719971
-2337.483887
-3178.985352
-352.692383
-202.253464
1245.610840
2971.072754
2625.934570
212.478516
27.929199
-1353.600952
-1339.779297
828.561035
751.526367
953.542480
-1604.010742
1097.348633
529.518799
369.045410
562.211914
802.740723
-1143.140137
-504.618652
-114.235718
-82.606445
3.006836
796.339844
342.465820
-540.512207
-525.785156
-1057.721191
-1815.303955
-755.551392
439.462891
1287.371582
-58.772705
-435.741211
707.486328
1459.943359
189.760254
-5.774384
-158.182861
1115.993408
-134.274414
-1023.000000
-260.313477
1913.645508
1660.535156
-698.209473
-680.443848
1315.670898
868.845215
-149.739014
-832.475342
-344.942383
227.113281
446.148438
538.549805
-479.616699
587.410156
1423.701782
445.103027
68.620117
378.142151
-1423.022095
-1103.207031
-1271.314941
-1204.291992
-1630.091797
-616.300781
-2542.113281
232.947632
1335.007324
-44.251953
-515.315735
-247.833008
1008.291016
471.724121
-35.193604
-1661.027344
-1285.986328
8.330078
1790.865723
700.043457
123.925537
355.475464
700.414551
564.694092
1374.193726
1075.635742
-443.123779
107.160034
-623.524536
1516.293213
2367.449707
679.694824
-546.830933
172.123535
-314.697266
-702.071045
-543.886230
-679.656738
-822.039185
538.543457
-822.831543
-896.272827
731.363831
90.449341
195.292847
-541.553406
-480.458008
970.898438
-81.256104
405.819916
1021.423584
61.758789
-159.160278
363.588135
-969.774902
-905.304199
90.924316
678.573059
1106.873047
1264.617554
907.715210
35.849854
-244.613770
-331.663330
-1714.490234
-3166.597656
-1691.558594
-385.016602
-675.903442
-1069.362427
-266.489258
-211.979492
857.472168
2448.575195
3240.479004
1596.924927
984.518555
-779.510254
623.667297
1297.356934
859.379883
162.414062
688.899536
1219.571045
-32.021484
226.268066
62.467651
-1855.551514
-153.857834
3184.754395
2431.621094
2504.189941
-424.655762
-833.805908
-164.610352
278.846191
680.173950
164.280273
-1642.395996
-2723.995605
-1224.898438
525.017578
-176.850586
-405.088623
216.209961
-1082.868164
-210.836426
340.862549
-190.336914
1049.103516
680.486328
750.259766
403.612976
-439.315430
-1332.656738
-551.081970
788.698364
194.359589
-836.334717
412.521790
81.952637
47.882812
-590.831055
2212.329590
4061.191650
1067.663574
-643.607483
115.290527
-339.736572
-406.653198
-229.463379
293.006836
1194.727539
1433.173096
549.734131
-893.193848
-643.075439
335.759277
754.220215
-2.363647
870.435059
32.540039
-208.594238
-452.483887
-565.069336
-608.968750
-3110.633789
-427.416992
1011.269775
152.693359
-100.186035
1632.902222
695.194336
-580.067139
-1038.009888
-187.240967
965.111328
218.055252
-445.245117
1094.245361
708.569580
-474.918945
360.727539
293.010986
-361.968262
-318.222656
-658.096558
-253.536377
263.092285
561.791504
-47.216812
-532.838257
191.918945
876.090820
-589.315430
-3397.397461
-4496.969238
-1076.498291
1740.429199
263.769531
-143.250488
-1989.225098
-3186.733887
-679.835938
665.906006
1771.612549
614.593750
-1045.905762
-312.937500
447.348633
-359.562500
407.590820
586.118164
889.515625
339.965820
733.188232
-162.450928
237.180664
-250.948242
-1564.586426
-561.716553
-196.343140
-832.742310
-483.350586
524.779053
100.109375
537.170898
254.635742
-1130.298828
-529.199463
258.317505
-1223.128418
-1826.294434
-447.925781
1094.595215
34.054199
-518.939941
-141.366089
50.507812
-139.402832
104.044434
-286.725098
697.287964
319.116272
-637.252625
1022.794739
1316.529663
1333.379883
-133.978027
-1203.122559
-650.816895
194.751465
2526.202637
737.583984
156.690430
798.515137
-439.005615
583.056702
870.114014
312.738647
-2.955811
3332.272705
2954.521729
-232.512817
-241.862183
-355.487305
-391.170410
2012.837891
716.229004
578.218933
527.264771
-259.857788
-24.432617
2348.268066
421.625977
524.336426
205.032715
519.992432
1300.313477
2237.807617
3253.058350
1116.213867
-1422.922607
-345.431396
320.035156
-459.609375
1445.746582
2128.565918
1709.940430
1401.177734
2150.056641
-187.125488
-660.843750
-26.962891
-730.524536
15.823730
-91.678711
-965.816895
-712.705200
571.115967
224.197754
255.615234
-348.542969
-1322.533691
879.120300
860.832275
-8.091309
-766.221191
-1392.639282
-1251.297852
287.894531
-631.173828
-632.860352
-878.325928
-135.274414
151.445312
-237.198730
333.123047
757.723145
1262.085449
-254.049805
-99.239868
-378.567383
-2488.571777
-1353.684082
-207.914551
-213.249268
-773.224854
-379.562012
250.295410
1171.282104
-33.671875
1137.042480
-90.173340
1096.177979
1449.050293
1302.178589
-2386.693359
-2025.268311
14.879395
1029.836914
-740.174805
-339.680664
1038.475586
-339.803955
1430.078369
4075.027344
1253.145264
99.013184
1925.813965
1647.829346
1167.537842
-245.307922
-399.760803
-520.545410
338.806885
970.126953
1642.841309
1712.658569
1307.505859
249.249023
578.932983
623.298340
403.045898
-607.120117
-56.908203
654.181396
265.149170
-336.808105
-294.198242
-445.234375
-928.356934
450.742676
1885.619141
3070.165039
1352.467773
-369.945129
1740.179810
205.322876
908.875488
3376.580566
1245.543213
-679.750977
-1453.454590
-957.608643
1038.172607
1786.152344
1959.042969
-871.744141
-236.637207
2874.746094
-401.567383
-1505.354980
-3260.187988
-2093.375000
500.168457
164.877869
-570.744629
125.090820
-1943.200195
-592.712891
-995.560547
611.790039
-440.480469
90.107666
-8.826660
613.958008
1188.631348
-1074.505249
-573.113037
335.624512
-283.750977
93.859619
2387.555664
-104.015137
-634.956055
-142.590820
46.581543
137.670410
-43.410950
-152.454102
2720.938232
3764.628418
64.931641
176.879883
273.258789
95.041992
-822.025146
-135.514709
691.004883
794.259277
-351.481445
427.075195
-947.994141
519.136719
943.564209
1304.309326
158.351318
972.825073
306.485840
-973.431641
-1271.960938
-321.727051
-432.037842
353.259766
744.736816
607.949951
-212.734375
358.645508
212.929932
-253.023071
-314.679199
-849.177246
363.044922
-528.099243
-548.955322
440.329834
-390.323242
-1598.829102
17.072105
447.849609
1379.940918
-673.483398
564.659180
-150.558838
-464.112061
-464.227051
335.875488
-502.245117
258.686035
-42.368652
376.658691
1675.188477
714.757812
-370.091309
-1897.085938
-3168.373291
-1118.828125
960.940674
-788.306641
-1061.291016
4.604980
-1656.182617
12.473633
192.821289
-1340.542969
-1787.725586
-106.594727
195.031250
63.534729
-754.808105
34.612305
366.709351
469.754639
-611.545898
-748.045410
1097.319824
1187.383545
1326.475464
365.704346
-3579.116699
-4103.334473
-423.755859
1289.236816
620.048584
-210.821289
-1459.192383
2191.363281
4691.060547
3514.335938
563.655762
1079.230469
-851.980469
976.868164
803.552734
408.668945
1996.014648
642.644531
1980.417969
-787.236328
-333.084961
-361.189941
348.475464
-1391.177734
-1989.761841
-620.747192
151.658203
120.894531
-194.872070
-227.857834
706.522461
223.535156
-1651.941528
204.431641
1271.847656
189.166016
-2815.925293
-1239.524536
408.556030
24.543686
-1081.524536
852.805176
1117.254883
9.470703
46.239258
118.012695
-429.303223
-3483.309082
-638.651367
395.142151
1524.478027
2601.940918
274.643921
111.558594
2390.439453
562.174805
-369.002441
-0.352539
1128.287598
950.462158
323.810547
710.461914
-41.888184
614.941406
1216.395508
-227.632568
119.214355
-4785.780273
1064.121826
1308.142578
630.400879
149.807495
698.128418
-819.275879
-17.223633
1996.934326
2767.795166
871.137207
218.435059
-46.305664
-97.993164
-187.618652
-532.156494
1043.669800
2298.389160
4116.380859
2510.372070
200.063721
-212.312256
52.342834
1388.532715
-1777.771484
-265.384277
1207.376099
1422.386230
1222.724121
1018.041626
1206.852295
2349.585938
-1783.280273
-55.361816
-446.524536
-650.190125
202.976074
-903.742676
-594.264648
-394.857849
-1120.866577
-1223.216309
-704.557129
-169.984619
184.340454
144.750000
237.593262
-603.122070
241.517090
1188.832031
1153.562012
705.357117
1560.410645
617.081055
-578.819336
2347.740234
3415.525391
255.049316
-650.771484
653.812012
1468.144531
-402.463379
-15.443359
-318.544434
880.832520
2886.991211
1126.092773
17.283569
269.169434
891.290039
489.537109
3077.023438
2967.311523
-16.162872
-1166.982910
-2465.697754
44.539551
124.575195
-522.182617
564.853577
585.631348
-265.805664
-61.779785
92.080078
-509.201660
217.443359
563.859863
1162.740234
-250.421387
-1027.855469
548.541992
496.277344
1996.065674
2858.791992
1693.110352
-1050.992920
265.778809
-257.116455
1842.836182
-96.286133
3351.527344
-212.815430
680.560059
832.647949
472.144043
-772.998169
-781.795166
-1214.504883
530.157227
1616.451172
1356.002441
800.263184
1055.437012
-204.664795
-1536.524414
-1798.467773
-1252.688477
155.680298
-782.796875
-497.061523
753.930664
-1060.650879
-1971.132812
1944.821289
2652.896240
584.980957
-229.175659
778.032227
-1080.079102
770.127930
-1103.751465
-539.722656
-493.390625
-582.053528
-2.151367
-517.672119
-617.212769
-1010.713440
-336.308777
-947.277832
-1613.327393
-4207.862793
-3098.250977
-670.213135
1656.535522
993.918335
443.259521
-359.425293
181.145020
-827.958008
-1138.132324
-399.522461
-328.235352
-572.524658
147.504883
1195.610718
-1583.723145
-4212.251465
-2178.716797
-1105.177490
-840.217773
-1268.140625
-161.997070
-86.728027
-173.216309
1486.989258
-1648.168945
-292.959961
938.499023
-524.149414
-1170.886597
-548.271484
2043.979492
3511.752441
-397.172363
1053.375000
1136.330078
-310.016113
-595.249512
134.907227
-562.817383
550.053467
-622.306885
-846.456543
2569.965820
2985.464844
-672.705078
-267.184814
-764.803711
-1111.134033
-735.756592
213.562134
-1136.861450
-631.520386
-149.989059
-3239.688721
-2353.184082
2162.886230
241.749756
-524.916992
-733.825195
-298.351562
-99.342529
140.026855
-143.876953
-338.104492
-44.640381
-2878.341309
795.152344
-776.031738
-211.926270
2191.990234
1273.180664
651.241211
-257.787109
590.733643
1695.688721
-991.137695
-585.217773
-1227.128174
-1081.017578
432.938721
895.440674
835.987305
442.294922
16.613770
-1413.068848
-3392.722656
-876.309570
178.300537
511.890137
448.906738
-871.374268
-401.942139
138.202393
284.858154
200.932129
-3232.958008
-2696.246582
837.502930
825.689453
3333.708496
2127.903320
660.046875
-188.105469
76.335449
-516.039551
-907.196289
-435.087891
-101.054443
354.613770
-377.047852
-630.051758
-725.133789
-1120.062500
128.618164
1962.237305
4681.961914
2914.725586
1007.853516
-506.153564
-1343.903809
1428.663086
987.270508
-455.542236
184.553833
-942.315674
1653.291748
1253.492676
545.856445
409.011963
994.996033
1521.920166
287.066040
-721.982178
-237.048828
-105.360352
126.454590
1197.286133
182.068359
914.858398
-831.975830
388.366699
2300.174805
2226.220215
-4.806152
-816.321777
112.660400
644.764160
1934.830811
542.164368
-590.298828
-35.975586
-559.774658
-2447.931152
-2827.663086
-2698.795898
-1049.660156
-1302.348389
-104.302246
-6.425415
-190.521973
-1637.857666
-1285.168457
-447.163086
42.304199
417.635498
419.750977
218.391541
-636.610107
-83.004150
960.145752
-274.567871
1352.513184
1121.341553
-397.895752
-738.633423
1449.241211
2807.729492
442.591736
-477.203369
297.505371
-273.459717
3370.746826
8209.011719
5359.767578
-54.347900
1596.539429
1306.361328
899.790771
5576.685547
2791.830078
-216.393066
401.015747
-153.083984
-327.910156
-877.519531
-307.009766
276.108643
239.130737
4366.884766
3943.947510
-537.168213
-537.786011
-1285.340088
-975.149170
1046.147339
573.378540
-1499.959106
-1343.939941
757.032776
-1024.206055
-234.250977
-71.652344
-1887.910645
-727.746582
-99.539185
-1351.989868
-619.497559
-189.154785
525.501221
1224.693359
568.326660
329.648926
132.141602
115.393555
-1116.038818
-3387.146973
-3454.483887
-1148.282471
334.496582
384.623047
-241.594238
-254.848083
-297.093750
-422.507324
-215.989746
-525.944275
131.984619
-496.582520
-992.533813
516.477539
1668.628906
-214.453247
234.121582
1759.149414
1584.676758
552.915527
349.390137
519.622070
407.369629
599.321777
491.266846
-884.472046
-288.063477
-684.341797
-1814.321289
664.482422
1623.214844
1099.003784
1035.873047
1383.267578
530.242676
-89.601318
190.038086
-358.550659
-785.141113
-680.467773
309.691406
-817.545532
-148.876953
610.536133
182.119385
131.431519
1357.406738
888.130615
503.943115
472.870117
-441.026001
-414.928101
-667.108398
899.785645
1145.157227
1423.246582
101.817627
1479.979980
-206.117828
-658.939941
868.893066
-440.130859
-1227.487061
-880.545654
387.517090
2219.494629
1609.750000
-1476.930176
495.061768
-305.967285
-180.254639
926.742188
2175.883789
-3589.981445
-7733.010742
-4215.870117
-516.361328
448.758057
965.639404
1843.137939
767.096008
1609.475464
-2096.043701
-6534.443359
-3562.640137
-14.014648
1345.820312
1585.638672
-354.950989
-23.143921
-451.570862
1575.761475
3190.313477
-555.116333
-132.268188
1105.308594
-197.275391
-51.014160
-939.358643
54.104736
651.501709
-1483.739746
-1037.050293
-775.256348
-513.361328
-80.074463
442.186523
44.952148
1059.026367
-413.752197
-721.339844
-1389.612793
-2546.008789
-1382.237549
-1633.623047
472.381348
996.140137
-192.628418
168.611328
832.455444
-838.736328
-1298.673828
-1352.424072
-7332.010254
-5702.946289
-2423.386719
959.766602
1248.399292
1490.677246
322.805908
415.827820
285.354248
-583.077637
725.983398
1090.777344
-520.415527
-1068.192993
-215.082031
-88.216309
-139.415527
-224.866943
658.132324
64.731445
-201.255371
1031.676758
1368.879395
1264.385010
179.514160
142.042480
1364.927002
213.440918
456.639404
290.829956
405.377472
182.449707
1812.401367
2755.118652
3145.423584
1159.159180
260.781738
-141.538330
-871.149414
-186.192383
1283.099487
538.543091
118.118896
-457.187988
-68.269287
1394.778320
1201.391113
-296.657715
825.951416
783.609131
64.069824
-465.993164
-461.113525
107.284180
808.244141
808.053467
291.129883
-189.567627
279.338135
227.600098
-699.238525
-507.281250
403.442505
-16.458740
12.696777
-519.546387
-373.306152
733.477539
714.370117
178.237549
-1159.696533
-744.300293
700.517090
1890.472656
777.145508
817.447266
-3137.106445
-1158.000488
573.458008
465.962402
32.391602
1029.907227
-433.448730
-2176.653320
65.805664
-3603.739990
-2009.174805
-648.593750
221.656830
1042.801758
-1745.669922
-241.213562
-2642.607422
-1077.463867
59.492676
-233.891113
-725.546875
-1161.375488
-308.828125
1837.289062
5225.193359
505.087891
-607.445312
3099.357422
4563.428711
1645.473145
752.529053
2391.092773
-1770.829102
-921.897949
-708.164551
117.742432
-711.899414
-396.240234
-1281.724609
520.639587
2074.635742
44.417480
-156.998291
755.294800
140.650879
90.685547
-2191.231445
-2327.302734
1196.151855
1802.643066
702.083496
-454.925720
-992.103516
925.495605
2970.723389
3082.729248
394.178711
-258.888916
2333.454590
-285.539062
484.272949
-651.705322
-930.288818
-157.615112
144.349060
-4.203125
1049.551758
678.503662
-1193.724731
-322.904785
761.003174
-1274.607910
-839.721191
-737.457764
989.499329
1037.183228
882.878174
140.299805
-1417.468750
568.405151
1525.546387
1503.377563
156.205078
-1141.517578
-1271.429688
-390.589355
1462.978516
1811.409180
1706.643066
3163.067139
1239.101318
194.736328
394.080322
-1163.790527
-4172.072754
-2285.484863
-727.867188
-380.047852
997.341858
575.234375
-706.341431
-1300.412354
-1270.889648
724.772949
950.162109
-1266.920898
81.265625
401.235352
320.435059
280.942383
547.823242
1934.071289
157.259521
-92.208008
-39.874023
178.849609
0.145508
-532.505371
-1200.823242
-591.886719
-271.650879
746.207397
571.130371
-137.365234
98.845703
745.569336
-494.414551
1359.132812
3133.125977
2021.365234
1934.126953
-749.441406
-747.776367
-2966.208008
-1190.953125
-4294.834961
-383.048828
830.365723
755.111206
2151.164062
851.842773
266.488037
1152.768433
377.001221
-404.821533
-708.702393
602.372192
-899.394531
-404.904846
323.850586
-989.047852
-408.934326
190.827393
-783.999512
657.886108
480.875366
262.620605
299.308838
314.204346
71.892334
536.324158
-479.262207
1159.367676
1020.260742
178.570312
-3010.072266
-2052.576172
712.799805
117.940918
615.273926
30.921875
-379.828613
725.054199
-1630.112305
-424.755127
567.260803
2053.907715
1076.917603
-118.505981
-1774.397705
-625.614258
148.709869
541.908203
-329.541016
-635.123047
-1268.384033
-813.752441
-713.303223
-999.779419
516.343140
1087.042725
149.795410
261.216797
1220.089111
1312.199341
1120.271484
514.891846
-800.272949
-158.335938
87.471191
862.645386
-242.080566
1390.174316
1776.601318
-746.693359
-291.366577
2029.346680
568.980957
-915.791565
411.016846
1329.959106
501.073486
-554.052979
643.518188
243.802246
20.794922
1107.923828
-285.055176
-473.374756
-630.509949
175.926758
1114.724609
481.677734
6.462891
639.349609
813.713379
-6.668457
-1174.048828
-1252.063232
-336.846191
-650.125000
74.764648
386.934082
546.162292
42.418701
229.539185
224.439941
-1901.741211
-612.938477
-76.228516
-903.934082
35.435059
539.117432
-316.764771
-810.573730
-201.053772
523.825684
993.866943
2209.248535
4049.730469
2221.962891
192.710938
-254.164062
1254.357422
723.823975
-406.723145
349.234375
744.472656
23.727051
171.732178
1599.416992
1142.317871
249.658203
286.842529
1072.576660
1462.495605
251.981689
-1555.772949
-702.751221
-1196.738281
-1368.668945
-139.227539
275.598877
436.302002
837.532593
950.990234
-374.432617
-112.284180
-575.729492
-168.773926
1108.307617
282.037598
-487.465332
-1089.355225
829.905273
426.706055
-762.687500
83.720703
1199.398071
226.949219
-52.833984
-1000.901855
-167.525879
-84.589111
59.408203
-542.525391
-458.528564
-2961.297852
-1774.349487
808.808228
-126.131348
-62.927246
768.771729
941.684814
1599.860352
-95.753418
-531.145996
598.681641
1770.342773
-460.541016
1779.337891
860.027344
-164.317383
325.711426
-487.507812
-1353.149780
1472.978760
-715.169556
1708.262207
968.004883
-1022.426270
508.875000
-1477.717041
546.125977
-1400.741211
-761.526245
-225.790039
-2686.404297
1026.228027
1713.587402
618.678223
361.599121
-146.776855
606.964355
2.083496
371.516113
-167.400452
-312.888062
786.525146
-825.689453
-1218.430420
-1208.420288
-924.045898
1675.459473
1142.120117
-737.532715
-1376.064941
-3481.142090
-1966.045288
511.126465
-1202.722168
259.326172
-1021.766846
-2963.100098
-1801.105957
-1002.101318
2665.499023
2731.885742
285.692383
-2125.960938
-2557.193359
-736.551636
885.590332
1734.510132
-15.864258
430.556641
1248.397705
1601.466553
-1271.635010
-1520.639526
-672.857849
-442.237061
708.201294
-1349.297363
-2940.503906
-1507.688477
-308.395264
-36.656738
-72.099121
596.707520
192.265625
813.104004
733.141846
831.247070
307.858398
121.533203
-346.572021
-1275.524414
-1062.723999
-1123.247070
-204.152344
28.925293
111.352295
-696.490234
-309.852783
1026.963013
597.689697
290.854004
75.532227
692.443359
1227.818848
1708.298828
1049.184570
-339.490234
-214.812988
-98.257324
-2356.148193
-1848.496582
-753.592651
-491.365234
-592.896973
-345.913086
-596.352295
-111.402832
1666.441895
739.031250
395.388672
-1188.379395
9.896484
877.437012
1960.579102
883.703613
-186.685059
1284.412354
1203.133789
-1896.489990
-1145.078857
-1657.045410
-1417.789062
668.752563
455.566895
-89.857834
401.742188
-2000.933594
-1619.625000
65.546875
327.251953
-660.229370
-3160.674561
-1558.545410
1006.193848
410.410400
671.399170
666.539062
-579.075928
-612.872070
-22.976288
-693.191650
-749.433289
-996.459534
-534.614441
901.288452
-279.050293
-2035.627930
-1824.295410
40.395020
-0.183105
125.472412
-159.267578
575.024414
697.041016
-306.581055
-726.718994
-693.009155
-797.460938
740.493652
631.129639
-927.700195
-963.940430
289.166992
2489.987793
405.189575
-673.753906
532.620850
623.209839
-306.289551
-668.468750
-1261.058594
-539.948730
-98.128906
1893.273926
1491.367188
386.074219
467.586548
857.378418
848.910156
1205.162109
-145.166992
426.133789
492.571289
3080.131836
5235.654785
1083.898438
-438.493530
681.190674
-630.220703
1619.997314
5981.762695
4956.655273
1491.817871
-563.745361
477.192261
945.523438
-1101.951416
-573.725037
-437.653320
19.864258
166.733887
-824.232056
-1041.028809
-473.239746
961.850586
-2090.293945
-3801.115234
-2220.542969
-1412.930664
39.382324
1281.475464
299.475464
-625.462891
704.682129
2832.252441
2717.862061
-155.632324
-1119.369385
-238.175293
392.413330
253.036621
-665.505371
-835.740112
-1640.436035
-1195.833008
-249.643066
-1615.323730
-41.957642
1731.428101
714.222656
-220.990234
-147.663086
-368.794922
-618.913086
-755.750549
948.516113
2191.533203
-260.243164
42.916382
-4226.362793
-5873.782715
-967.812744
116.419800
20.151611
878.131592
-1133.143799
-224.766602
559.225342
53.027832
-1608.964844
-445.874268
486.236328
2108.213867
1955.530273
1042.492188
486.258301
-964.134766
-599.679443
-3143.580566
-522.596924
1140.193115
-143.217163
-794.738159
279.653687
1617.142212
1637.076172
1853.831177
263.343384
-749.918213
589.793030
-152.879639
-1537.992920
-970.011719
-94.958008
-67.131836
-243.367432
-195.583679
1376.571411
1145.048950
748.004761
687.202026
266.078064
948.216797
1107.877197
-51.271973
3435.118164
4808.953125
5980.793945
5634.854492
3810.048828
720.160645
146.519531
349.344482
-1020.905762
-1301.841797
1043.144043
-482.515747
-809.934326
101.066162
367.512085
-816.229980
-1191.300781
-809.630859
650.420898
162.717773
733.975586
999.759521
192.835938
-548.983887
-684.707031
-962.687500
-736.184570
-935.578125
118.668945
701.308594
-1314.762695
1589.208252
25.161621
-3413.796875
-1436.396484
-132.949707
-1485.741211
-1180.004150
557.504272
-73.243408
-217.567078
747.572754
103.737305
322.920654
1274.473633
308.556885
-374.380127
-605.139465
-221.554932
593.903320
1417.142212
169.386230
-480.498047
371.763916
723.591553
-1351.720215
-803.655273
-1133.810547
-995.998169
26.961426
1684.477051
5318.444824
3887.041992
-1055.353516
-420.526367
-613.110840
767.142151
694.377930
615.524170
-1062.303711
-804.817383
-541.883789
555.597046
-235.386719
986.201660
-833.648438
68.698730
493.432983
-1825.426758
-3867.915039
-879.042114
895.328125
843.897461
620.322754
-710.310303
-760.347778
621.415527
797.282715
2707.700195
-110.574707
-1103.031250
278.840820
574.101074
77.202637
-1456.577148
-320.607910
1319.896484
1603.838867
2771.781250
503.711914
-499.524536
1135.551270
392.089844
-387.058105
-968.776367
-1153.070312
-2020.240723
-923.707031
685.015625
-314.808838
301.187012
771.021973
590.176758
158.861084
-1248.864624
-460.141846
462.582520
-771.716309
-1397.506348
-229.746094
464.592163
36.174561
-1790.510132
-522.916992
-77.130127
485.403809
-166.623779
666.161255
701.549316
828.867188
66.964111
823.464844
725.276855
-411.424683
-523.075195
-329.777344
28.406250
298.454071
330.396973
357.471680
-918.875977
-3668.066895
-1965.727539
-74.531494
3155.679199
3833.855225
-3.914062
-1371.219238
-1553.377930
178.804688
-678.372070
-232.624023
-495.429443
716.269043
111.801025
672.988770
-102.154785
-522.901855
965.061768
-161.404541
-1767.260254
-769.453125
-997.504395
256.196533
776.347412
852.663086
705.540039
245.939697
607.431152
-959.577148
145.702148
-224.313232
-924.414062
-569.964600
-288.576904
610.619446
185.508057
-253.964355
424.597168
-85.626709
95.012817
213.129517
-632.265625
925.353516
2780.924805
3994.415527
1728.264893
-796.183105
-1176.946289
-1314.748291
-1166.953369
-17.360840
1047.505859
737.725098
1478.923828
1364.241211
425.115723
940.135010
1531.656982
1774.349609
-191.725586
1374.408203
859.835938
2752.695068
3118.729492
1103.034180
252.383301
299.362793
-67.979492
-554.358154
563.475464
-953.275391
-2162.612793
27.406006
1244.706543
1126.986084
973.124756
-566.201294
-1505.423828
-1030.064453
701.544922
1103.083008
-1818.571289
149.833008
822.773804
-214.541504
1419.676758
2109.860840
-553.668457
-4.656494
860.118164
1448.585693
691.134521
90.679810
-1764.381348
-979.820068
239.422485
303.308350
-902.650391
1021.866943
2372.818359
323.054443
-1423.231445
-605.293457
-29.158081
161.713821
-220.688019
-186.450684
-346.894867
640.370117
-205.889648
-244.867737
-2646.214355
-3249.325195
-1385.656738
-49.227051
-571.508301
694.401367
696.749268
1316.030396
1043.402344
-332.150391
-1404.877441
-274.883057
-267.961426
448.427734
566.439697
1224.627686
-360.028076
-651.151917
2809.630615
1812.231934
51.520020
615.357544
346.914551
-1342.184326
501.089233
503.691406
72.672852
76.697113
-209.522949
-1174.842896
-726.618896
808.199707
1115.808472
619.473633
-267.034180
282.563477
793.803223
1435.022705
-193.263062
330.793945
1594.660645
-95.237305
763.982666
1168.006104
1386.542480
968.485352
46.761230
80.187500
-212.423828
382.587402
1042.351562
788.976074
773.285645
-405.713379
1179.788574
-160.678711
157.754883
151.969727
965.689941
150.702148
-959.914062
-233.396057
-387.817047
200.160156
3733.284180
3671.362305
-593.197266
221.875488
1144.229736
93.758362
-217.524536
64.615234
-723.155762
-1757.008301
-1290.524536
-1508.135742
-809.032227
1033.887695
-216.699951
-3911.103760
-3967.775635
184.736084
879.947754
-588.569336
871.964661
-344.950195
-767.667969
261.602539
-446.520508
-1208.669922
-51.809692
697.914062
-597.120117
568.005371
126.448730
-1587.168457
-583.692322
45.828857
-2417.866211
-158.300781
2208.535156
1399.124023
1252.014648
821.740234
-2116.196777
-2617.178223
-320.221680
1998.646484
-3427.480469
929.996582
-1.478760
-1110.971924
281.142151
1423.727417
1125.177979
1316.142212
2335.641602
2711.136475
-229.571411
190.010254
-501.503418
401.764404
-102.930054
-1331.090332
-1353.335083
-333.716309
79.261475
-282.319336
178.151367
-566.381836
-666.601807
-2623.439941
-338.530273
224.572021
-639.309326
-177.286133
-1176.478882
-236.746582
-309.130371
-765.153503
-658.362061
-397.404297
-379.121948
475.338379
43.520020
-862.192871
-124.266602
-441.345703
116.715820
415.628906
-244.694336
-610.510254
567.334412
540.374023
-272.819336
-1047.369141
1569.812500
961.347656
173.633789
-1861.304932
-644.713074
-2041.486816
-3351.309570
-2302.625000
-99.401123
643.142151
808.191589
-357.319824
-2169.238770
-353.043396
-2819.256348
228.766602
162.666016
2718.198242
0.208740
-297.727051
1454.829102
276.441895
-700.056763
-1412.564087
507.875488
1153.855469
295.511719
-115.329102
3104.356445
2326.055176
65.723389
-182.930664
537.803223
139.003296
4918.651855
2234.861816
-1209.000244
1008.951050
970.437012
256.903320
559.355469
128.387085
763.385986
217.441895
801.883301
788.885254
807.172485
1344.650513
186.163574
488.483398
155.048828
1103.042969
-148.358398
-452.162354
-1719.631958
-170.538086
-586.002441
-667.826416
-77.369873
-748.146973
-161.961426
196.192825
-952.942749
642.491638
-917.096924
-524.267090
-1389.702881
-713.739502
1120.676270
892.466309
-399.728027
-292.178101
950.094727
-34.798828
489.834961
304.498474
-1182.918091
-467.067688
1246.142578
990.928955
-610.899536
520.080078
2079.567139
1225.064453
-114.667480
1115.351562
-351.025879
249.679688
282.256897
-643.055664
1332.710449
1192.232910
1296.860352
-459.396729
6.872986
1512.733154
-702.572815
-904.227783
582.911133
-399.425049
-832.858765
-588.133850
383.495239
237.778320
-56.671875
420.081299
-871.535156
172.741211
-336.999023
1632.461426
1078.677734
-457.884033
-630.168945
-942.449219
-2190.425781
-662.860596
774.392700
2999.044678
801.190735
-430.994507
902.340576
835.693726
790.108154
1211.937744
-372.522461
-1486.198242
97.833496
98.944824
-312.945190
-1071.174561
-485.896484
258.517090
1777.619629
574.233643
625.218750
-725.162598
-2644.698242
105.628906
953.944336
142.155762
-97.158447
527.993164
-146.803711
103.136230
-829.784912
277.905029
-111.215820
399.152344
1094.928223
129.858887
-782.979980
-1623.950928
-2102.690430
130.604492
703.013672
1067.865234
1416.190430
123.091064
-9.982300
-227.480957
1585.696045
-248.357910
-1558.403931
-467.515747
45.379883
-377.547607
-555.442932
686.435303
1525.802124
593.091064
617.410706
702.904541
1709.589600
5013.953613
2603.553223
-1325.658936
-914.136230
-303.502930
-1002.330078
-666.037109
-143.907715
-2275.555176
-1488.015625
336.433594
-140.679688
902.016602
2486.868652
429.142151
649.455322
614.347290
101.847168
-898.859375
-424.217285
-554.065186
401.949463
173.527344
-505.125122
313.028320
-2579.923828
-3149.372559
1112.866333
397.175049
625.286499
1844.439941
100.064453
1986.756836
-308.013184
43.161621
-233.930786
-845.401855
1058.236328
-162.282959
2135.752930
3992.098633
1172.884644
-342.194336
45.489418
49.661133
654.808594
323.060760
225.728027
983.237061
78.035645
491.446289
309.435547
-793.777466
270.483887
841.026611
708.406006
151.838623
919.557617
1352.291016
-308.301758
-1198.459473
-1267.994141
-563.586426
716.871338
83.918457
1094.793457
-45.070801
-578.476685
750.835938
480.462891
848.123535
1275.215088
909.713257
-367.383789
-1635.815430
-173.421631
-54.593262
-64.734863
92.875977
600.902832
-957.903809
-1716.539551
435.901855
389.190186
462.353424
1021.892456
-210.105103
-3547.731934
-5948.833008
-4516.668945
-1180.455078
1273.041260
515.954834
-476.256714
-1071.990967
-205.713379
-338.018066
-1082.296753
388.046387
1848.038086
3145.600586
4044.070312
2550.248047
1295.712402
781.604492
1703.340454
684.638672
1826.084961
3795.466797
2185.056641
-614.384766
-847.193604
225.023193
460.418701
-414.054199
-1092.248779
-1355.277710
1053.932861
73.123047
-4835.849121
-3385.666992
606.601562
1302.650391
3026.073242
1965.592285
-1044.013184
-974.430664
-794.406250
1168.641113
-294.359375
-3089.606445
-5820.091797
-4823.998047
-1332.164551
258.579590
211.078369
-536.630859
-5200.827148
-1179.672852
242.549316
350.250732
-1732.960449
-911.260864
-310.043701
-217.472656
574.042236
826.023682
-917.499756
1387.782959
2052.982666
1814.519531
358.734375
-204.713379
93.000122
-714.078064
-1094.566162
77.547363
270.676025
3292.061768
3492.303711
124.657227
203.750977
-746.764648
-498.817383
2701.640137
716.065430
-439.856323
-2976.576660
-3013.416260
50.873047
721.376221
724.142151
730.086914
81.751221
1162.942627
-487.456543
-4579.671875
-5380.632812
-1851.771240
2140.062012
5206.504883
4989.809570
198.634277
-7.994141
1452.614014
821.607849
-919.153076
-3138.643799
-3575.642090
-538.370056
1163.942871
988.587891
-170.735840
-1506.786621
-833.072266
787.552246
541.383301
257.349609
-1393.093994
-1471.157227
333.506104
1003.191406
-253.977051
182.984497
733.404419
-1038.608154
-1256.470215
-284.394531
-1679.488770
-3693.179688
-1151.179688
215.053223
114.412109
-839.787598
44.926758
257.775146
1161.885498
-773.656250
-423.767822
363.832886
-250.664551
1045.236816
232.541504
-2070.501953
-297.588867
124.841309
-1620.633301
-160.828369
21.381592
-1156.542358
-1342.147949
-1363.737305
-392.235352
-222.215820
386.629883
-114.665039
-67.505371
780.080994
-1402.423584
-481.289062
795.446777
-196.108887
-1418.211182
-1352.037598
-16.229248
-122.407593
-350.717712
1276.693481
1694.303711
13.511353
62.230957
1033.040039
576.290039
-773.490234
-239.988281
877.916992
982.266663
1021.246582
1384.711914
343.458008
1735.083008
1754.707031
1937.812500
270.788086
782.281616
846.545898
136.707031
1161.697998
1561.652832
320.400391
531.392578
-50.397156
1801.797119
1780.326660
556.655273
1015.008789
514.115234
-860.559082
-866.319092
61.530273
385.066162
44.415161
473.587891
1290.941406
652.080566
384.458252
381.275269
-230.348145
-759.658691
583.419312
1071.512695
222.788574
859.642090
1448.378174
323.611816
1028.743652
421.832031
115.930664
691.490967
1357.586182
395.072021
-2105.209961
-20.459595
1153.777466
-57.352783
-540.307373
-185.937759
1743.161133
3112.274414
2683.110352
-741.827148
-1595.403687
-128.552246
472.880859
1578.603027
-118.541992
-1202.483276
-1502.848877
-997.358154
774.477539
24.213867
1065.508789
1117.141846
524.478516
-720.432617
96.024414
-1724.506348
-422.020508
669.330078
-439.371094
-1022.196777
464.961426
513.332031
920.606445
2149.433594
1084.594238
-472.980469
-3326.386719
-4497.682617
-493.813965
1071.639160
-193.929443
1016.245605
-473.552795
-1103.788696
190.533203
188.892578
-284.480469
984.374023
-510.061707
70.889648
-398.952148
978.436523
1817.469727
1413.126221
888.186768
781.410156
-1935.018555
-83.003906
-183.750977
-92.122437
-482.293762
-124.628906
-187.126953
-1563.729004
-987.868286
-383.960205
-1234.363525
-1422.012451
-211.055969
768.142090
-385.342285
212.711914
3590.685547
-241.226562
-3841.958496
-4771.111816
-2509.532227
-147.470886
131.760254
1290.460327
1159.853760
191.754395
856.214355
2830.037598
3495.511719
-325.429688
-2807.131836
-5418.571289
-4120.730469
934.833862
402.720215
-1245.396240
-599.861328
-2693.387695
26.508789
1587.638672
74.016357
-489.375854
414.986450
463.400360
521.388184
-157.294434
-1167.243164
-113.629883
395.530762
1140.086548
358.770020
-521.150391
-572.053467
-1051.843384
-958.554077
-141.285889
-737.938477
-389.598389
1587.395020
972.101562
229.454224
1007.497559
-494.249512
-484.734406
-524.404297
827.624023
801.517090
438.649902
-444.190674
-765.186768
-1.908691
-989.436768
-2390.429199
-1475.068237
946.845215
1400.541504
1087.095703
-652.090088
-16.594727
292.743164
726.780273
621.296875
-355.551453
-538.504639
-323.263672
-466.301270
483.157593
515.149292
1448.874878
603.330566
-943.400391
-769.136719
1156.708496
447.641113
539.054443
1429.132324
-470.900635
105.816833
4650.473145
5174.868652
-157.416016
-590.204590
-67.391113
-725.270752
-612.022949
-82.514175
-2458.265137
1257.825195
651.753418
639.924377
667.667725
-2329.688721
-2972.494629
484.375977
108.224121
-280.548828
851.218262
-311.661621
2725.855957
4556.376953
1001.330078
-692.416077
321.186768
1166.987793
2066.615723
1488.310791
-643.760986
587.218750
717.698730
889.624023
1264.718506
-261.000000
-124.490234
-287.109375
352.612793
616.808594
-598.110352
-3392.619629
-3236.154541
-512.088867
760.776855
1654.240234
2964.068359
1033.559326
1823.379883
130.930664
-861.925537
-974.089355
-559.455566
84.171387
-324.088806
3097.889160
3655.940430
398.124023
-1466.278442
678.523987
90.485352
962.207031
2920.075195
1009.545654
969.357910
1158.677734
-841.299805
-385.361816
216.939697
52.582520
-1029.382812
-493.516602
-641.524536
1020.612061
52.912598
-393.274719
314.427246
869.266602
419.559326
11.570801
148.388672
1707.120117
625.704224
-845.251709
-1912.540527
-1791.923828
-392.503418
794.095215
2040.660156
1146.648438
1011.589661
515.324707
-140.107666
765.683105
1120.234375
-479.139893
-742.723633
-2414.643066
-231.925293
26.672852
-224.998291
3913.239746
151.250977
253.044067
68.504639
-287.533447
-672.776367
-1659.725098
619.206543
-160.797409
-3754.099609
-4782.157227
-3196.361084
-1311.529785
-322.771118
-487.366028
-1427.628906
-51.376831
-42.106934
-1179.531982
-84.684082
-520.835938
-1877.279297
-2539.447266
348.068848
1907.774414
2719.105469
2409.668945
257.447144
-116.176270
-387.061523
390.664307
287.666687
-1129.566895
-1114.235352
-347.198486
-258.309418
-547.862549
-3296.804199
-3430.846680
38.047974
1445.988403
1284.063354
964.826538
167.312500
1412.390625
3128.620117
2856.112305
1542.944824
-17.526855
-1154.355713
-903.907349
-611.436523
-515.290283
21.869141
1238.116211
696.997070
1019.325928
1230.724731
-1008.422241
2704.152832
6092.975586
2098.556641
-447.513184
-803.132874
-788.679565
784.137207
2123.272461
754.602539
324.227539
-56.027710
910.913086
-200.339355
-2112.863037
-1485.112061
-566.706055
932.371582
578.644043
29.447266
590.365234
-538.827698
416.652252
3546.142090
4368.790039
839.936035
125.471191
-138.978516
67.401855
-408.612427
-603.058472
380.713623
690.342407
283.457520
41.949219
986.665161
-49.012695
-2374.081055
344.789551
-232.807373
-1792.490967
-720.677490
262.357178
-1432.685181
-1963.777100
-7.295532
554.633301
128.595703
455.730469
872.883545
310.454224
-637.107910
-477.079590
23.911621
134.893555
969.916016
319.321777
821.810059
40.693848
-118.585938
962.655518
-302.557373
-149.680908
810.301758
-137.161133
21.307861
1026.224121
399.380371
-173.750488
285.478455
1068.273071
996.759888
-66.728760
1723.413818
4041.062012
995.965820
-1040.911621
363.143311
-472.432800
-1392.224365
-409.556152
397.043945
1145.812500
2024.578125
1422.511230
4868.439453
1121.683105
-52.038208
872.604004
-114.799316
-207.486816
595.342163
977.311768
-290.237305
19.933472
459.106201
-190.381836
800.662109
729.043457
538.207764
44.474609
-609.909180
-1450.167725
2079.711914
-1242.057739
213.310547
104.070312
888.543945
256.434814
-787.317383
-820.360596
-784.254395
-707.727539
1777.841309
2316.921387
-1312.493652
-1829.589355
-2299.341797
-1617.888672
1002.546143
-809.656982
-571.344238
309.337891
-498.014160
289.971436
1251.258301
514.179199
-527.467529
-938.008789
-446.257324
-520.567871
-738.157715
-2247.879639
-5657.696289
-7235.859375
-2755.219482
123.894958
-475.383423
-310.297363
-94.193359
178.514160
1781.439453
2977.069336
3184.626953
1245.676758
834.377197
1756.571045
1125.953857
629.896973
1133.030273
636.324951
-1130.260986
-945.219238
730.402344
1392.544556
1905.376953
699.349609
-13.689941
-161.101562
1196.096680
610.559326
1010.700195
13.395508
-913.133057
16.586670
252.705566
-836.532227
-335.502930
-1077.235352
-76.708130
480.402954
1722.927246
1117.044312
678.809570
-215.020020
-41.306152
60.501465
-648.039307
-1509.958008
-626.367188
2026.544678
927.841431
1218.356934
1166.708984
-849.981934
459.120972
1073.570801
1542.341553
503.916260
104.950806
1847.588745
1505.440918
-621.667480
-2028.859863
-1827.365723
352.438477
49.803223
-511.969482
92.188477
-1458.974609
-2623.521484
-17.179688
1118.690918
-116.315918
1327.786865
1243.586426
-192.154297
-570.117920
-818.775391
-1218.460693
-987.098633
-701.696777
-2684.676758
-667.970825
-25.997559
-110.912842
-704.890137
-754.368042
539.064209
-16.115234
235.929688
1981.949219
898.058594
1403.808594
608.757812
-593.302002
621.414307
930.591309
355.282715
3897.207520
6104.282227
3590.398438
672.568359
304.593506
748.187012
575.528320
-536.992676
-705.473450
-1639.455078
-1235.711914
215.365723
-102.331787
366.793945
467.948486
-387.894165
-902.307983
-1881.867188
725.369141
947.065430
36.567871
395.818970
-1063.580322
-398.938721
1078.552734
400.546631
-646.910156
1257.947021
1258.143066
1218.314331
-234.549683
266.166504
1125.688965
707.754333
-348.564453
49.186523
-1299.173584
-311.399902
443.501465
930.851379
1015.393799
-352.997070
-874.256348
-949.008850
-198.452881
871.593018
24.106445
-362.116211
1586.688477
2109.815430
2713.137695
3184.081055
2774.018555
-360.819458
453.859619
313.271484
-148.022522
2658.225830
4081.295166
499.858398
-241.725586
-1705.254395
-1950.633301
-319.650391
597.390625
-132.010254
-454.078125
-579.356934
-1508.613770
346.492676
1307.744751
824.564453
531.484741
670.475464
245.833313
-985.413330
-1086.265503
350.812744
232.105957
-146.299805
-2330.891113
-4759.074219
-1548.064819
2495.711914
827.824219
849.393799
-1535.549316
-4531.493164
-916.654785
2076.712891
3397.680176
1533.995483
-1314.883301
1124.472412
225.402405
-763.093628
2791.475586
1648.989868
-421.376953
-102.351074
-68.589355
-289.034058
-1788.654297
-2304.982422
-2994.066406
-1919.971680
-466.771881
-1104.208862
-1136.791138
1412.095703
-810.710205
57.029297
-663.902832
-1044.284424
-717.496582
-734.703125
-754.573242
-201.686523
-1438.931152
-1044.139648
827.340820
-293.008667
-97.419434
-33.103516
25.339005
361.301025
262.745850
1296.926514
906.761475
1550.806152
458.913574
-1317.177002
-2134.855957
-2741.677734
-900.113281
-1139.362793
-1274.687866
-768.524536
-632.392578
2613.829590
3418.773438
1052.811035
-125.043457
-112.752930
215.131348
-207.320801
488.635132
1359.774170
490.526123
-936.690552
-2346.290283
-1539.742188
872.446289
1142.706055
-914.401123
41.805664
-571.956055
-1464.523193
-3853.199219
-853.791504
1223.270996
-931.223145
-1550.172607
-781.858398
-297.669922
-626.857849
-211.479492
547.941895
1293.684814
501.837036
-422.463867
473.924805
1177.027832
448.257935
2500.318848
3125.634766
248.945801
356.209961
593.820312
1066.002930
505.261597
452.755371
570.200195
2742.219727
2524.356934
2864.711670
204.475464
-802.226929
795.290161
758.275635
48.030762
-460.753174
808.909180
2421.712402
653.426514
2376.923828
576.241211
200.858643
94.879639
107.102539
836.872559
145.728638
-376.324280
1000.475098
-1786.594238
-1437.193359
123.333496
981.847656
69.093750
-146.099304
528.418945
1692.991211
190.930664
-515.084961
128.396484
-39.637695
665.731201
-1652.905762
41.116211
-430.578613
472.717773
169.549805
-2146.353516
-4270.446777
-4212.524414
-714.937622
1076.857910
1483.964844
-985.857849
1995.583984
2692.063477
-259.750000
-1334.422852
481.010742
-1204.449219
-1387.359863
82.631348
-313.170410
-790.117920
1048.294678
2366.475586
1233.274902
458.932129
-544.017334
-2046.953369
780.752686
1024.356445
-404.629883
-109.124023
453.060547
604.262207
-147.519775
-150.873291
341.870117
-383.087891
1136.449219
-468.267212
-2649.641357
-708.125366
1972.006592
-602.407227
-604.143372
1449.525391
-423.077148
-484.847168
837.754150
3646.193359
1459.901367
-376.362305
307.955078
389.659180
942.805176
-193.855469
-1355.670898
514.175537
-76.109375
1487.055176
1631.592285
-212.006104
-327.162109
-586.134277
-1127.310791
-1136.265625
101.522949
954.517090
997.088989
-667.675598
-682.637939
-942.660522
-13.692993
1025.322266
531.909180
8.890137
288.876465
-109.708496
212.323730
100.757080
-299.007568
-907.979004
-238.541260
384.059082
1212.549805
523.549255
-1189.157837
-1014.681519
-725.122314
-3599.960938
-3521.837402
-99.921387
-431.324860
-870.912415
-512.886963
-2071.101562
-2162.293945
185.877441
230.395142
168.097168
871.646484
748.349609
4490.982422
10193.976562
7452.641602
1398.655273
-7.770996
-1267.680664
-2167.593262
-594.725098
638.915283
684.504883
-459.770264
-1514.483643
409.835693
1092.294189
741.711426
514.042725
582.322510
1721.148438
2306.831055
737.835449
130.487061
2982.103516
6631.411133
4019.642578
-875.294800
-1857.457764
-208.833496
-2429.141602
-3916.367188
-569.449219
-478.916992
-168.425049
506.475098
-425.125366
-340.321533
-21.871094
-271.203613
-514.123291
-1043.071289
-5185.829590
-6765.657227
-4340.557129
-894.039551
29.074219
-327.800415
494.148193
649.282715
-135.915161
7.607666
1424.797852
-187.074814
-3274.156250
-2682.177734
-2195.519043
-2083.842285
45.326416
705.330688
-451.953278
-12.273193
1117.375244
1326.783203
-36.949707
28.245239
1460.679688
3127.624023
1043.534668
450.867554
-1299.041260
-1264.199951
-796.029663
-750.608154
312.547974
-723.275391
163.252930
650.413452
302.992188
4944.246582
8895.244141
3501.760742
-478.527344
-3672.524414
-4340.794434
-719.634277
412.451904
602.005859
1849.483398
33.951172
-527.532715
-535.278809
-414.711914
537.961182
-932.835938
-2339.242188
-3902.588379
-2750.187500
-220.372070
738.274902
1055.386719
1744.031250
319.647217
-1686.905029
-849.351196
389.049316
2280.792969
350.985352
645.730591
288.935059
-2490.474609
217.148438
-934.804688
-462.530762
63.950684
785.893555
-348.863281
-261.271851
-210.692871
619.105957
703.785156
605.293701
-2.482910
-447.398193
-1183.521851
954.969482
3431.281738
3407.249023
-1182.411499
21.474609
-1259.938477
-1256.730469
1850.293457
1028.685547
2173.722656
571.774170
-1453.265137
8.439941
-332.284424
-710.453613
862.036621
797.653076
794.377930
198.142166
2023.643921
3594.387451
1879.107666
1097.925781
-1722.056641
160.053711
1754.128906
1282.394531
761.973267
-655.759399
-339.145020
1597.616943
-1028.613037
-2343.918457
-1117.554932
745.433533
731.069214
-846.767090
-1407.494141
253.637695
1450.132812
281.278809
-218.524536
-283.359924
323.457764
1143.990723
4592.040039
5209.129395
1868.134766
-1344.694580
-1567.373169
-1151.002686
283.547852
2130.064453
-235.796265
723.760742
3403.315430
1093.602539
-782.393555
303.886353
319.006104
1184.378418
2605.464844
1144.320312
-1303.857788
-459.565186
-90.856323
-1188.705811
672.879150
387.023438
-897.034668
245.475464
349.932617
-2496.513184
-650.493164
326.477478
3405.674561
4225.143066
103.778351
-1588.726440
-1386.876953
-1203.390625
-25.225098
92.506958
344.598877
102.979614
686.523438
-129.550781
280.042725
176.088135
-335.123535
635.302734
493.147949
-88.316406
751.887207
15.702148
-681.927124
-464.470703
393.627502
-628.582031
-3173.961914
-1642.171875
2483.318359
1392.271484
456.387207
-270.311035
-396.408203
934.254395
-22.069458
-473.128906
-969.361328
-3262.321289
-1755.294922
417.212402
291.501709
522.387695
-2589.158203
-5478.601074
-4376.123535
-388.572266
-768.622070
-2100.101074
-1521.567627
-847.984985
-634.164062
99.343506
1593.588745
1746.899658
510.666260
-31.258789
908.664551
730.731445
314.930176
735.304077
2587.605957
1328.149170
642.454590
-232.505859
201.050781
108.103516
303.708740
278.787598
521.154297
984.915527
41.954346
-581.575684
1694.636230
2064.756348
157.999023
-126.312012
647.771118
1388.179443
-1099.525879
2489.672852
-2738.562500
-2073.742676
-1206.004883
547.753418
-444.538452
-3261.974609
-5121.220703
-1673.985229
223.185547
-300.528320
-722.711914
292.132324
-368.045410
-936.000732
243.444824
-462.748047
-200.123535
896.665527
179.404785
272.156006
126.814453
-557.236023
-1055.455322
-788.483643
-876.503906
-542.431396
504.135620
578.477783
855.294189
203.366455
23.821289
604.057861
410.012207
133.855957
-313.433594
-674.717896
-392.000000
-1017.636047
-1589.631714
-1040.050537
-1140.028931
-1030.380371
-514.685303
-891.482727
-794.496338
-627.269775
250.519592
1393.194092
-11.856415
-217.813965
-599.518555
-157.939606
-456.769531
77.398438
-1096.545410
-52.993896
393.208008
1747.812500
588.213867
801.681458
1651.015137
723.924561
219.684082
-1306.866211
-808.188599
-1123.844360
168.867676
1498.364746
-530.066040
-183.547363
737.693359
-979.466553
155.387207
2854.188477
2160.112549
1968.089355
1719.281250
-225.103027
456.791748
-1066.640137
-2494.634277
-50.553055
750.242676
-464.587891
-924.099854
-1057.909058
-550.860840
-929.921265
-1.905853
1343.665161
818.236206
-88.984253
38.278809
368.691406
447.417480
984.553955
-495.908569
-546.095459
155.321411
-547.140137
311.741699
2250.200928
298.926025
-570.614502
110.218262
-250.093750
208.751221
-11.704102
5.808594
-225.753906
-684.107178
-97.688477
936.688354
40.561768
-1.515625
703.404785
811.093384
661.682129
-1249.869141
606.598633
679.159668
-9.417969
-1616.132812
-1149.792969
849.237549
-1989.687012
-573.719727
100.928589
-1025.421875
-0.916016
804.674316
59.354126
-1044.547363
-1378.192627
292.959229
889.275940
1796.122559
988.207214
-263.471924
1651.765137
1372.498047
817.259766
-711.528198
-4143.334473
-3014.095459
-502.430664
195.479004
872.088379
-727.132812
-2381.971191
-876.330322
-619.967773
313.457214
-253.430664
-11.587891
-1612.296875
-898.494629
-839.417725
-1025.579590
-347.394531
-188.029785
614.069824
256.788574
-90.115356
-1057.559570
-896.405029
71.606445
2486.548340
2409.947754
-312.520996
-495.698639
1519.984131
1324.686401
1049.885986
715.366089
-701.756104
-1105.758545
1114.134766
1372.199219
1320.684570
1766.200195
352.197266
992.058960
2513.354004
711.002441
-701.308594
85.721436
745.648926
309.109528
-355.372803
803.532471
4196.120605
4618.244141
5123.396484
3293.021484
732.302246
-184.924805
776.962891
870.261353
-157.585205
-1524.079834
295.800049
1245.102051
769.156738
464.995605
666.736084
537.125977
169.399414
424.191406
189.806641
-247.985596
-431.636597
334.495026
458.129211
-60.495605
248.477051
2436.798828
2344.374023
246.523438
492.160889
-170.186890
-647.409424
-430.578857
-499.760406
800.330566
909.355469
963.866943
691.111328
-81.368408
96.470703
-715.126953
-360.005859
637.015625
218.212402
-342.144043
46.022949
412.423828
993.184814
1182.314453
-301.705688
912.321289
4167.318359
2283.177490
-26.096558
643.562500
329.095215
11.036621
1292.228638
1186.812012
-543.898315
-731.403809
469.460938
-128.380859
480.373779
838.032959
-631.097168
-165.851562
1326.321777
286.857422
-727.580078
99.939453
462.340820
404.165894
-287.461670
-70.772949
381.433594
1515.882568
426.566650
874.895020
1641.763672
1941.634766
1267.895508
439.942871
-270.768555
-674.234375
235.315186
1436.369141
-1807.982910
332.031250
-246.912842
-150.263916
1809.999512
651.087891
-858.375488
-669.948730
-2368.409668
-1760.504272
-435.630737
-983.838623
-1976.663574
-1446.386475
103.225586
443.950684
-459.389893
-619.441162
-432.424561
-205.341797
1893.452148
2448.496338
-395.679321
-430.144287
-2392.999023
-792.587952
1755.321289
-1208.523193
-1674.483398
-959.421143
-199.520264
234.769531
213.802002
352.140869
-189.802490
-684.642212
-32.827393
-314.375977
-695.404785
607.974121
797.578613
280.726562
412.755127
-426.350342
416.391113
283.928711
-1122.664062
-1325.530884
-563.096191
-243.286621
-851.830566
-424.429688
-328.954102
-1006.358887
-1624.624512
-228.783691
380.968506
581.972168
-1177.004883
297.425781
133.886230
576.717529
-854.292480
333.698608
-243.040710
-595.307556
989.291138
476.961670
-1922.648682
-1546.657471
-363.387207
-739.657471
-1245.507812
-96.606445
-1468.362305
-330.954102
986.270020
1530.117676
-254.022949
246.289795
-493.965576
-804.781250
-1105.255371
-1100.435059
-2108.959961
-1840.667480
778.519775
-461.662354
-604.372314
317.083984
759.687500
4198.262695
507.707031
1265.189453
446.574707
514.108765
392.490356
2209.396973
6109.516602
2966.014648
149.633667
1248.112793
-90.800049
-116.268555
190.464355
195.447266
512.730713
1133.965820
1168.036377
596.666992
884.162598
366.906250
22.786133
23.565430
499.118652
451.746338
946.550781
967.994873
525.671631
-292.857849
1275.216797
728.912720
-756.012695
479.368164
106.994141
-543.791138
1147.088379
257.928223
130.866699
1201.444458
1128.806763
250.475464
-1038.747803
171.911865
1255.153076
378.519043
684.312256
293.801758
-207.245361
16.854736
2207.403320
3440.105469
723.913086
-505.885986
-314.655273
-535.082031
-305.925049
851.913086
1292.598145
310.493896
-752.644714
-645.469727
-756.679443
-27.469971
287.173096
335.983643
-11.188965
-69.631348
764.764404
65.852051
-186.215332
146.152832
875.147400
-734.313110
-974.046631
148.512207
27.988770
398.402832
533.810059
285.246826
-12.250977
-784.836914
-533.250427
-1087.853516
2290.203125
939.426758
-184.500000
-1728.545898
-1287.196533
70.291260
1317.113525
1041.837769
1045.248291
223.159668
275.032959
1011.959534
925.831421
511.853973
587.513672
-107.170410
-1379.672852
-193.667297
1893.214355
2204.259766
-714.434570
244.540039
914.378906
366.099121
-75.068604
-986.291382
4.961365
975.885498
-237.144287
-613.258850
1081.004395
719.635010
572.380798
729.498535
-956.889404
298.257629
2095.582031
95.740601
243.549805
880.172363
-1737.340820
-546.410156
1130.912109
-88.196289
397.628174
625.402832
-240.979492
-638.515625
284.394531
778.131836
-273.661865
892.412598
89.839600
-1109.524536
-118.065430
334.656250
-506.307556
-1093.095459
-303.865662
1387.396240
965.974121
-714.082947
-1378.653442
986.084229
485.971680
417.714844
1163.143555
-1455.609741
-1380.260742
199.505859
-1428.994141
-151.057129
-788.690552
-1419.758301
-202.516846
974.874023
309.775391
120.315308
148.075684
-1808.225586
-701.356445
-130.306641
-1124.288086
701.656250
-919.389160
-746.841309
-750.961914
-772.079102
-1414.938965
-698.616211
329.245605
-1006.225952
-1112.014893
-65.570557
524.527344
2204.566406
-255.705078
-3116.084473
-2385.725098
-756.140381
122.177002
625.889160
1253.158203
-467.639282
-2752.307617
480.145508
627.800537
-89.114746
243.597168
-3151.492188
-4721.168457
-3594.143555
-1411.158813
-1210.835205
-2051.193359
-843.423706
631.345581
-169.683899
-1273.099854
-205.526123
1172.716797
2214.806641
236.475464
-1014.298828
-1593.994141
-3918.206055
-1530.417725
-245.756836
-1331.637207
-1303.430786
-302.211304
-732.044006
-1044.424561
-18.201782
-59.020020
-889.118652
-662.021973
1650.443848
-37.756348
87.086914
1028.761719
548.052734
122.131836
-315.952393
-1913.150391
-1038.739014
544.394531
3498.538086
5713.841797
1494.565186
-461.982910
917.875000
648.456543
-742.155273
-794.770020
531.476318
-328.773926
-981.300903
-671.787048
389.814697
-98.340576
-3371.789307
-1350.552246
-98.925049
-255.892090
1488.562500
1560.302246
-255.417511
146.460938
16.692871
-105.572754
979.982422
3342.163086
2197.457031
931.631348
-2671.709717
-4404.485352
-2802.324219
-652.524536
889.458984
466.537598
-327.328613
306.937988
1504.925903
1945.051758
1705.958008
-2894.208984
-159.650146
-1635.795288
1159.680420
1260.877930
-342.913391
-3593.271484
-2021.482422
1248.391846
2116.279297
-365.634766
-561.199219
-244.974854
624.942139
1314.911621
2197.319336
137.834717
-840.785645
1291.903320
504.815308
1275.186768
15.135742
749.765991
-941.231934
-1160.512695
398.036621
193.000488
-1055.473633
-361.298340
-12.789829
179.111328
359.753174
-654.635254
-2216.126953
-331.851562
1216.239258
-693.897949
913.090820
52.513672
667.450562
1400.402832
217.842285
1298.903320
260.060791
358.518311
2518.777344
2456.260254
431.212891
1152.010742
1875.384277
1038.255127
-98.568848
-265.330078
1633.547852
1400.569336
3141.561523
3490.300537
1198.229492
48.666992
160.783203
654.018555
-226.567383
2491.340088
941.705444
650.835938
-321.727539
-338.970947
117.883545
268.696777
56.399902
1403.434570
-460.440430
-1575.043945
-1543.007812
-282.628418
1595.207764
-486.759644
-1677.871582
-160.868896
97.699219
-1619.647949
-1272.624023
-1435.840942
283.814453
384.442505
397.128418
1243.748535
1533.722656
715.501953
-447.736816
284.342773
-429.227051
1714.552734
-87.508789
-628.411133
700.593262
-442.419434
188.335693
-35.820801
856.754883
-510.133301
-624.524536
-697.857849
-1559.549194
500.868164
460.657471
631.542603
916.599854
1509.368286
1158.126709
-115.784180
-850.181396
-1333.587524
-144.980484
336.016724
-2050.376953
-1351.790527
385.918945
691.240479
2331.863037
1767.645264
-503.404541
-765.735352
-20.893066
783.447266
-727.558105
-189.192871
-68.180176
-206.377930
456.484131
179.439697
-1353.221191
533.830688
2279.287598
854.450684
-578.618408
-2738.687012
-1534.335938
-3111.915039
-1993.999512
12.142166
925.475708
91.965332
404.533203
-271.710449
-760.230225
-75.538574
-64.505371
-1725.642822
-239.524506
674.693970
-775.583740
-977.903992
-1012.983643
-1112.145386
-798.948486
348.757324
967.848877
921.801025
-380.723877
73.616455
1116.453857
-273.251587
-128.520996
-1533.877930
-2228.812500
239.160156
-1011.334717
1155.476562
411.432129
-367.896484
-332.488037
87.704102
315.812988
-91.210571
-776.347656
91.164795
578.478882
-1738.521362
-306.314941
743.243652
-461.115234
-16.910645
533.618652
-378.540527
395.047852
2202.258789
1112.540283
1516.500000
1845.007324
-90.292480
-60.033936
-31.542847
911.853088
1883.025024
1372.308594
1177.862427
612.326660
-499.102051
365.635010
-414.130005
-324.871582
-273.885742
234.543945
391.409180
1059.752441
-582.609497
-2178.034180
-2444.927246
407.989258
337.098145
-602.576660
1766.730957
-81.207520
376.856445
2905.451172
1787.310547
-1222.055176
-1952.152588
-672.167480
429.632812
65.477051
-541.749634
-576.296387
335.138672
1062.803711
217.475464
1524.665039
3945.317383
3619.495605
948.844543
-60.498535
20.989746
625.316406
800.207031
1186.791992
1177.547852
-2528.370117
-2216.798340
-2793.096191
-1480.857788
-1722.689209
-2153.655273
-1319.302246
1607.169678
1168.414795
1237.830566
1736.750977
1218.746094
869.882324
362.775146
-950.321289
-707.858887
-762.447754
-173.071686
-544.638916
-919.181763
-1118.164551
-229.231201
-1126.117432
-1404.614014
-189.623047
-804.376221
-1062.348755
-1303.463867
-3338.828125
-1395.220703
-993.265625
-24.485840
-324.245117
-649.836914
-681.156128
-399.694580
1608.395996
4066.534180
1222.900146
-877.791016
-2856.227539
-2381.921387
217.115234
-165.404297
-581.286133
1211.214844
946.036865
1841.874023
3108.026367
2454.902832
-613.955444
90.956787
588.050781
25.115723
-283.603638
-537.040039
976.108887
1496.760986
48.958984
-1254.410889
515.525391
1712.059570
2595.244141
1528.342285
297.436523
-1225.264648
-1046.167725
920.899414
842.925659
-1074.074951
103.770386
509.055908
501.841797
1088.627930
-672.867920
-891.263184
202.520508
-831.222168
-498.021576
834.484375
3655.824707
1630.192383
352.589355
-259.631104
161.168945
-178.581299
1255.306641
956.063965
-374.209229
-882.162842
-172.145264
77.710693
-2535.520996
-1254.026978
751.090820
-689.308716
-431.397766
1771.467163
-1598.220703
-3896.826172
-1195.474121
414.355713
1041.976929
-185.093750
-147.681641
-139.725098
17.079102
527.251953
-454.922852
-820.853516
60.556641
409.483398
1350.232422
-981.993286
-372.687988
-188.687500
-470.331543
501.142212
-483.230469
-510.993042
561.191895
-359.562988
-830.544434
32.303223
696.458740
1595.415283
22.263672
-920.481445
-140.630615
-540.699463
-22.941895
-489.936035
-686.491455
-374.371948
-284.744873
-430.557922
-726.656006
1000.372375
852.346680
-107.262207
564.155762
-673.619141
-621.863770
403.143921
-102.415039
647.589233
-1199.002441
-2317.870117
-309.931152
-51.646484
2368.000977
2106.589844
-851.807739
638.786255
1384.164795
576.477539
1092.983398
85.512329
-1194.394653
-832.662109
2809.872070
3769.856445
992.515869
-1159.933105
-4785.667480
-8045.425781
-5105.408691
-551.062622
-274.253418
-875.493164
412.828125
600.851562
2147.419189
3641.580078
1379.479004
-665.165527
525.017578
617.404907
467.473145
757.686035
658.464355
289.010498
18.890869
-855.022583
2505.555908
-590.286133
700.098755
907.197998
42.636841
-925.638794
717.994873
1915.044922
890.487305
264.982178
1020.516846
135.929199
-1161.676758
-466.466797
267.291504
-166.866943
738.529541
3368.254395
6000.079102
1719.304199
-550.536011
-587.191406
-3722.395020
-1744.219727
955.327148
2236.467773
2641.780273
589.042969
-405.782593
-185.359558
1060.224609
851.434692
919.732666
351.390137
1109.679688
660.403809
-889.616028
-1211.041748
-387.853027
-421.793945
767.846680
1989.375854
2637.477051
1453.115723
-681.204590
-1025.269043
-277.422363
-795.857910
83.147461
5.337891
-276.639404
798.920044
818.836182
832.077759
314.059570
-976.303711
-1035.927856
-1181.299683
-86.264160
197.453125
1380.848145
-86.979370
169.173340
1292.631836
99.669922
-103.249512
-344.506775
-350.168701
676.165039
-191.312988
24.322754
549.940063
-4.791504
67.749512
639.640869
-1131.473877
-689.599854
6.928467
-1138.025879
285.818848
2645.887207
-57.841309
-642.199463
-721.915039
-1048.365723
-452.253906
1951.658936
5617.293945
4425.055664
270.917969
-312.550049
1332.862061
112.605957
586.701172
585.648926
-1246.781250
134.015625
896.661377
874.447998
-1505.806763
-1631.160522
-571.629395
-1096.906494
149.154785
491.494141
-268.925781
-147.276672
807.079590
704.502930
-631.178955
-1120.356323
482.918823
101.412842
-156.669556
1478.992432
-830.109375
-2154.302734
-4715.235352
-3798.844238
-1104.989258
-31.181641
351.872803
904.032410
-1204.130005
-2153.811035
-296.277100
-367.985840
1134.789551
-406.201904
-1516.687744
-1459.648193
-1026.210449
-4829.896484
-4131.677734
-2236.173096
-1627.295410
-428.166992
-1127.988281
-4154.250977
-3259.633301
28.637329
1157.082031
2320.830078
307.535645
-2007.369629
-509.386719
-716.740234
545.254395
-342.835938
-482.456055
-340.383789
696.742676
-74.109253
-436.323486
352.393555
851.191162
-193.442871
-713.371826
-1125.260986
-972.227051
-136.133789
-438.629395
418.137817
-672.857849
399.265015
-13.949219
-2713.003418
-2179.372070
-1861.030762
429.004883
-261.301147
123.082275
2747.019531
2988.358398
3392.273438
1916.394531
-54.202148
90.340576
793.586670
-1163.266113
-179.620850
1206.851318
876.110352
670.479492
565.845825
934.319092
376.183838
48.419678
551.050171
128.075562
466.221924
479.302734
99.921875
-1100.504395
-620.418945
748.751221
1062.626953
-851.643555
130.366455
-423.033691
1565.204102
-110.475586
1714.561523
-239.914551
-2362.748779
-3301.168701
-535.990723
1519.853760
5131.591797
5430.132812
2041.471680
-616.535400
-1009.653809
-522.834961
-253.979492
-3225.789307
-1882.671875
866.402832
633.763184
-45.028320
38.501221
1000.077698
1030.668945
-1335.121582
-190.916016
789.093506
598.494141
2672.227539
1238.674805
-681.273926
-349.100098
-1664.071289
-1214.946777
803.299927
-92.574219
-1245.054932
1401.522949
2505.814209
3253.982422
2023.472656
516.589355
-854.407715
-519.583984
-1055.332397
106.124756
426.892578
-1045.536133
-704.375977
-659.401367
352.727783
330.016968
-1587.830444
943.664246
2595.226562
1406.061523
152.073242
-299.856934
338.951416
152.956055
-698.741699
441.930969
182.099487
-1154.524536
2677.595703
4681.008789
1459.957520
-115.751465
1519.307617
-928.845703
-1206.429321
-1034.382324
298.766357
1218.716309
1478.626343
1440.051270
109.550781
391.964355
1110.784668
672.681152
-969.333679
335.328613
1390.886719
-1.462646
723.864258
324.388672
-1860.199219
-2074.648926
14.134766
-678.799194
646.310547
-433.707031
1888.033447
482.835449
-469.959961
278.976562
8.713135
-869.837891
-445.631104
165.064941
-660.446289
385.896973
200.406738
68.105957
4903.263672
3468.783691
-620.963501
-1552.485352
-925.456055
435.903564
952.468384
1191.875000
1715.810791
4.796387
1131.371094
297.921875
-1225.213379
-170.944336
-1510.321289
704.264648
2319.759521
304.324463
-1179.876953
-1275.258789
-3928.677246
-409.931641
74.477539
-2170.754883
-20.498718
1037.142090
571.870605
-407.857849
-1418.866211
-1870.669922
636.541992
358.806274
-333.250610
-322.279541
-1534.754883
-617.483398
-522.064819
-68.388672
-1337.089355
-1827.964355
-1109.068359
-2301.795898
343.046661
1234.274414
287.605469
-834.204102
-636.867920
-1.358032
1381.697754
-245.762695
675.859985
793.030273
732.132812
-645.852295
-402.432617
-445.644287
232.932129
1735.816406
984.659180
-669.908020
-98.500000
608.753906
1011.725586
970.220215
-1238.680908
-52.157715
-495.874023
-453.830566
-60.108215
917.682495
1635.030762
-126.452148
1539.238281
270.062500
376.903320
3238.651367
-1439.011719
-3073.521973
-3381.976807
-3821.979248
-2094.639648
663.215820
2246.043945
211.381836
-3956.021240
-9212.944336
-7274.348145
-2252.233643
-527.183105
400.990723
570.294312
944.475403
196.460938
3.625977
612.283203
733.704102
254.059082
1521.151367
-889.704590
547.142151
-599.358887
-105.011230
1151.910522
6621.102539
8522.117188
2684.500000
222.570801
-1239.677246
-252.264893
-143.735962
-34.638428
1377.646973
1063.963867
524.641602
-263.871094
-9.576172
116.947266
-255.045410
367.327393
467.341064
-845.343750
-2976.509277
-449.857849
1356.061890
-748.661377
739.211670
-1351.583252
-3251.855957
-601.911987
334.232422
1766.546387
1644.450928
-37.621094
1357.202271
425.901245
-505.283936
1474.614258
557.561768
-974.864563
26.467773
348.678223
-865.494385
-2241.983887
-1006.804199
398.980713
756.888672
95.861328
-14.734375
-1013.713196
-1444.366455
-125.716064
419.289429
-860.281006
679.802002
970.567627
640.101318
1294.077637
560.906250
-265.438477
186.755371
205.575195
-167.600708
-1467.059326
-354.403320
319.725159
3831.218994
3000.254883
404.429688
-462.914062
835.173340
-565.416504
894.410156
803.253296
-3898.465088
-2563.218994
156.031982
349.920410
-659.590332
-99.975037
-30.524536
-259.456177
-215.093994
539.196777
-476.335938
-49.175293
-450.112915
111.921387
1017.731934
897.935791
738.458496
526.881836
1539.911133
2778.131836
2999.791260
873.041992
1154.738281
-304.887695
-949.415771
39.079834
588.056641
261.584961
-1053.460938
931.765625
1503.860352
384.399902
621.795898
-794.154907
-1125.314331
-9.576782
567.801514
344.224976
-409.905273
-241.067444
2998.384277
2610.182617
1278.601562
179.500854
-324.034180
-68.710938
-1594.945068
-637.858398
510.142151
-431.292480
567.187988
-93.379395
1428.304688
1529.491699
2424.712891
-159.498535
-219.554810
716.513672
596.708984
89.453247
-1140.416016
-1214.496094
-273.313477
-432.004639
-279.986328
707.796387
-384.049072
-618.502686
541.049072
1720.114502
333.491211
867.290039
902.070312
1739.321777
4015.167969
2208.915039
-1347.914307
-1318.163086
-1364.227051
832.484375
-255.229492
447.200195
160.475464
20.166992
-191.206055
-277.478271
-511.918945
-208.559570
-785.722412
-684.007324
65.553711
-495.602051
-1104.656006
-835.900391
-974.671143
-662.617676
-79.275391
182.477539
-726.135254
1786.908691
268.701172
-379.927612
474.244049
-994.356934
-275.537842
-365.634766
-2275.817383
-3709.015625
-2172.903809
-237.208069
241.152344
2739.149414
2454.807373
-494.755371
-1097.506836
-899.369385
-529.715698
953.103271
1726.614014
567.723145
532.202148
-173.062012
-1488.783081
-1566.413208
-1007.863220
-234.044434
587.860229
-391.842834
216.135010
1048.031982
785.546631
822.087524
298.201263
-214.037903
361.715576
2232.834961
597.259277
-1120.942627
-420.568359
-136.302246
-359.287109
-709.369019
-1385.678467
-603.716553
-781.707275
499.061096
1927.009155
755.635986
-1158.370605
-1618.566528
-1281.976562
-133.007324
287.475464
-190.514771
-1166.038330
-1891.524536
-532.277344
-202.343994
-698.688965
431.466797
1259.282227
1692.961426
-5.290527
-42.078613
1455.258545
-100.890137
-679.995239
-294.016113
-917.577148
-331.124512
-348.693359
-756.611816
-1121.510986
-1127.018311
429.324951
-1056.335938
-1505.778809
924.248291
510.313477
973.789551
1391.831543
-769.092896
-203.725830
1026.976807
636.660156
-574.902527
-857.732910
-684.196350
-802.061279
140.468750
80.287842
878.439941
5200.380859
3826.123291
876.369141
97.626953
266.417969
-319.212891
-744.097168
-4.457520
566.214600
785.820068
477.254150
132.841003
954.359680
920.499756
-983.007324
136.912476
-310.942383
434.196289
1395.337891
1584.642578
941.178223
1043.019287
-225.395996
-868.743164
1214.029297
-377.380371
-2096.717773
-1660.771484
75.950378
-337.402344
3258.270508
2711.229980
-281.037598
-785.949219
-1113.471191
-681.112000
124.975220
770.528687
2455.710449
572.242188
-1042.397949
907.397278
1930.249023
586.888916
-230.931274
341.984131
-726.231628
3508.876465
6337.445312
1214.479492
-308.092529
-1334.617188
-823.925293
149.799561
1980.039062
-1906.139648
-918.495605
1478.123413
171.702637
-1093.225830
332.968323
613.531006
675.686279
95.893921
550.039551
729.050537
218.164124
-707.685059
-1600.691406
659.920532
-92.150146
356.288574
1525.744141
1202.133789
1769.499146
1905.111816
67.853394
-773.002930
-981.319336
12.648438
-2246.437500
-2744.488281
-523.515625
117.137756
2384.926270
1919.765137
-704.223145
-1739.987305
1197.448364
1038.930664
325.781738
581.350098
789.489502
335.457764
310.047363
102.581909
-777.961243
206.230225
643.546631
69.263184
-378.215454
-588.280762
-1215.577637
-2093.460449
-631.742798
668.907715
-820.596680
968.531860
1555.873779
856.917480
1630.676758
130.851562
1238.443359
271.822266
333.335938
-115.421021
-837.859924
-675.931213
1213.620117
-312.337891
-537.229004
-595.982178
538.600342
-706.361450
-3610.049561
-3495.375732
970.076172
3321.379883
2255.329590
221.719727
-128.475708
-1730.223389
-4056.280029
-959.021851
1766.334473
-343.649414
-124.844971
1264.514160
-961.727905
7.569336
853.366211
596.658447
2742.952148
1708.728516
-2104.477539
-47.818115
-1786.988037
-538.635742
244.537109
238.239746
75.341797
415.877686
887.984375
1042.050049
1643.893433
2024.595337
-535.608887
-731.818359
992.000488
675.794434
276.288086
-1154.180664
-781.380371
-1218.374512
961.519775
1316.011475
511.427734
-462.320068
-1003.265991
-2401.974365
-1471.083008
-1262.753906
-832.517578
1223.149658
1307.648071
316.797363
605.026123
-587.732910
-1113.557007
-630.461914
-214.072266
-728.750977
-1460.052734
710.163574
3864.500244
1250.723633
421.267578
-2109.318359
-1001.214844
1515.735107
935.916504
625.321289
-863.006836
-1867.431641
229.520508
-277.738525
353.717865
-117.769043
-1153.771973
853.060547
92.770996
-871.158203
427.806152
-1058.834106
354.974609
269.125977
-396.203430
869.684082
5673.686523
3051.659668
758.479004
-718.377441
273.035645
462.209961
-118.857834
-878.810791
-239.562744
-19.399902
-724.157471
-146.815674
355.839355
330.378906
964.051208
160.539062
-169.657471
2327.129883
3392.905273
822.976807
-655.836609
134.114258
-1145.824707
372.882568
1312.276489
-952.318604
85.973145
-46.665588
133.072754
642.129395
225.631348
-357.734650
1955.423828
2427.097656
2357.424805
1439.109375
849.555176
779.762695
-4.574219
-670.588867
-641.262695
57.137207
42.385498
586.345947
1504.280029
476.514648
-1246.421875
194.310303
254.581787
-6.825684
-130.059570
-1158.057617
-1231.346680
-3621.669922
-5647.257324
-2379.623291
-111.204590
3334.261230
5850.141602
1442.071411
-1807.727051
-2319.046387
37.419922
864.068848
2578.014893
1600.193848
-750.911377
-443.967773
811.288574
411.473145
321.765137
-117.994263
-70.628418
-207.746094
117.551758
-392.055420
-1932.105957
-1536.060547
976.508423
154.889160
580.152832
1183.786621
17.436768
1746.546631
478.252441
3448.510254
4190.904297
2534.126953
2334.899170
-478.736816
221.833252
1001.635010
-369.547119
1202.580078
2917.695801
256.882935
-354.961426
585.334473
-17.219055
613.529297
894.722656
-171.337402
-99.644531
53.378906
500.983795
129.622070
341.326660
-579.669189
-527.957520
491.513184
495.328369
121.328613
-986.922852
-1310.042969
163.877075
869.634277
899.025391
-205.688965
283.083038
734.180420
780.008301
1297.196289
1198.650391
743.142151
526.728027
-1217.541992
-333.374023
102.398926
1069.524780
1172.992676
-210.492676
32.905762
375.226807
430.897705
28.957031
-2722.106934
-3356.336182
-222.570801
53.000000
-183.095459
-554.342102
-855.838745
-664.481445
-82.145218
-727.260498
-370.537109
-1053.482422
-1283.321289
-248.024902
-721.218994
-1165.526123
1260.094971
569.560547
-709.750488
-615.467285
-2510.780029
-1061.666992
793.618164
1613.317383
3159.089600
1110.997070
-478.754883
1050.411133
2263.064941
2604.916748
1388.299316
537.568848
-1119.308594
76.117188
-368.268311
586.142151
-347.120300
-5170.198242
-3555.419434
-1735.024414
-549.314453
407.964111
794.483398
797.471191
739.935547
870.964355
1257.740234
1024.916504
-1020.122803
-334.187744
768.799194
331.560303
-395.936279
-732.424561
529.879883
641.716797
1946.249512
1261.653320
630.790039
1560.745117
999.216797
990.853516
265.394775
-295.422363
-1057.466797
-943.975098
51.320923
-1523.721680
1174.322144
2130.962158
1740.766968
2063.475586
716.544373
-160.130249
514.049927
1187.490112
297.996338
606.364746
-66.317871
2877.554688
-498.698486
-80.146973
1024.478516
3175.074219
4890.315918
699.703857
411.785950
48.558350
135.012451
-235.883545
-1110.181396
-208.681641
-1451.543945
-612.749023
965.783447
650.138794
278.163818
438.153076
1018.472168
3090.119141
5474.191406
-680.927734
-1042.104736
839.685791
-1039.572021
-256.169128
2072.677246
691.860840
-672.158203
-610.666504
-1272.237305
-1252.677734
132.415527
253.151611
3578.032227
2521.744141
641.719727
579.555298
1275.858154
-859.522949
-765.988037
-1264.203613
-1022.014893
-37.506348
189.401337
90.562500
-145.363770
748.598877
835.577454
-10.432861
201.971924
103.428223
940.906677
965.760498
956.299927
1485.507935
-148.101562
-229.626221
573.766602
-2447.997559
-1809.172852
-991.813477
959.493652
785.832764
-279.846680
-181.363281
-1118.337646
-2304.616699
-780.358887
526.865479
1130.175049
672.920898
-659.517578
1512.756348
2447.200928
666.561523
-329.918762
-1593.779297
-1974.409668
-10.950256
1549.977783
1868.628906
552.398926
411.403564
1577.478027
1160.671875
1103.119629
619.055176
-541.624512
-1706.746948
-1208.951660
832.557129
203.000488
717.263184
675.554321
-601.394287
-65.630371
1296.959106
653.925659
1061.988403
-208.629883
-4026.353516
-368.067383
574.409180
609.361084
344.076416
-1217.144287
-1590.461914
-271.985596
-190.116211
688.365723
784.751465
1747.192383
1880.605225
-59.376953
-1016.163574
-454.065552
0.164551
260.820312
13.354736
70.032959
83.954590
-1324.750977
548.380371
-341.158203
-389.620605
1274.869629
2410.041504
1549.537598
-421.998047
-1443.239746
-947.491211
764.584229
1318.231689
884.188293
-148.571533
-130.663086
-310.042725
-1111.433594
-103.266602
-3262.629150
-5383.070801
-2101.035156
1556.620117
4368.645020
2082.547852
2444.675781
819.173828
1312.080566
3376.745361
3668.980957
-217.815674
-962.803223
-411.858887
-858.085938
210.774658
-734.913086
-4880.388672
-2437.343750
355.132324
-31.096680
392.732910
239.957626
499.603027
-265.615234
1251.962891
251.408691
-499.945312
685.007324
1.693848
-819.092041
-1252.184814
-1221.281738
-536.781738
-392.523438
-412.203857
1233.178711
199.196167
-719.181885
243.015137
652.141846
105.846680
-275.802734
1361.358398
268.668457
-96.117920
-224.744141
-570.402100
451.938110
2169.719238
1051.788818
765.338379
-20.987305
1163.370605
5052.761230
4203.694824
1504.649414
-1424.885986
-6521.981445
-6560.215332
-2861.793457
-585.845215
600.318359
1243.327148
-581.309204
-1267.640869
99.984863
-508.546631
-316.016724
-93.620605
-488.197266
510.482544
813.833496
-77.232422
836.787109
1251.114502
-132.872070
129.582642
207.325684
-761.844360
-1680.573242
-1378.546875
-2525.582031
-1.603577
36.703613
-902.661621
-420.314209
-167.013672
207.200195
398.967773
89.323730
1000.664429
428.305511
-1345.577148
-1031.245117
198.751465
706.471680
948.920898
484.933105
-874.082031
-1211.945801
-52.245850
834.121094
684.475220
-83.106934
758.472412
150.832153
-537.011963
-1385.122070
-731.634766
437.774414
-203.280884
288.477539
380.076660
734.081665
245.858887
-515.759766
-720.943604
-59.530273
1042.896973
415.880859
-1154.820801
302.067871
1403.785400
306.079590
1920.820801
4521.852051
3750.375488
2064.026855
-7.553711
-533.734863
409.010742
676.636719
591.996094
-1078.380859
-1028.419434
-843.527588
-195.299561
417.244629
2453.504150
237.265137
-227.243378
1659.248047
754.968262
443.479492
543.159180
176.715820
1639.391602
654.827148
-264.499756
-2275.524414
-4889.938477
-2246.612305
-303.955566
-385.611084
-439.250732
-121.915649
-1410.929321
-294.767090
1398.554688
623.855225
909.689209
1021.538574
-445.669922
544.515503
-840.091309
-272.082520
206.304199
-1461.270996
-1072.885742
-455.269531
476.445312
-59.933594
-801.491943
-95.187012
817.707031
649.776367
498.346191
-2144.807617
855.776367
-244.648682
-650.166504
1519.382812
-294.012695
1126.514648
904.977051
-159.534912
807.469727
1409.724609
99.133789
442.713623
-342.332764
-2364.660889
-4620.400879
-2478.565430
-995.219238
-128.180176
935.238281
296.819336
-89.542969
77.042480
-293.222168
1869.805664
108.142166
354.491699
-258.050293
-804.161621
-25.704590
1384.981934
1037.512695
1029.064453
554.487549
1599.832031
1702.826172
701.591064
-204.854065
749.475464
-203.960388
-525.498657
876.673340
-1026.572266
-255.448975
-1183.518066
-435.408203
628.420410
-418.416504
738.094727
1709.584473
131.598877
-86.001648
-2689.944336
-5470.201172
-1380.542480
1509.029053
5383.331543
5186.440918
-660.231812
-757.906616
112.668701
-581.630615
950.715637
1834.938721
112.265137
-613.414551
1712.930664
943.359131
467.956543
-674.863098
-2095.134521
-1219.190918
297.562012
2761.110352
2071.482422
1770.911621
373.371582
-1169.172852
-1076.729980
-1106.409912
-589.993774
979.277954
478.435059
-2470.556885
-3116.059082
-1157.966797
390.817139
285.913818
1079.484375
1614.640137
-830.582520
-650.828613
737.067505
461.170410
-114.906250
1772.528320
-277.509247
672.598633
1580.816406
2751.639648
231.688477
-497.573547
351.749084
746.814941
-747.500000
1175.229492
533.351562
4077.797363
3561.255859
968.156982
38.053223
-1348.834961
-1062.067871
232.796143
755.604004
-93.713867
574.144287
1036.626953
-878.820312
-746.792480
598.864746
-352.816895
-1931.004883
-1662.069824
-547.489502
-2204.020508
-303.524536
-746.645996
356.687500
1740.430908
-381.004883
4.056641
262.813477
-491.985596
1326.180176
805.734863
-191.554901
-516.072205
1908.162109
3269.568359
3307.029297
110.792725
-2006.242676
-1685.640625
407.393066
1092.390259
1387.356445
863.755249
642.958008
-1465.959961
1376.949219
962.188477
-1133.692139
-315.047607
1023.323975
1222.109375
177.577637
459.390259
-118.593506
-32.547607
1308.964600
674.214844
938.583008
533.500977
778.239014
1040.960938
529.250000
466.020752
-74.586914
-160.575195
-715.619873
-1063.757080
65.505554
313.799805
-569.408325
-1473.953125
-688.995605
144.450684
572.198730
278.551208
321.461060
22.384766
522.705078
-467.221191
-2115.778809
-1347.122070
761.759277
52.472656
-888.757568
148.156494
-253.820557
-3514.843262
-1585.616211
-394.557617
-570.689209
-263.774902
-13.090332
119.737915
267.354492
291.359375
306.396484
-1823.667480
-1260.652344
-639.391602
2006.655762
4365.323730
1047.567017
-1483.529785
-4568.458984
-5465.187500
-1070.069092
288.929199
-154.597412
676.773438
446.681152
-59.029297
750.141602
838.950195
-314.112183
-659.995850
48.844238
157.479004
-336.751221
-3230.698730
-1014.572266
876.988281
-317.124023
338.789551
-959.828613
-4644.669922
-3377.880859
-1669.615234
-133.972656
-56.249023
-1643.910645
-894.775208
277.375244
-401.957520
-149.733398
426.907227
-877.251465
-866.604736
104.535156
1994.927734
1702.141357
-34.659912
-1936.191650
-1019.542603
-760.286865
-225.660400
-1157.431641
937.256836
-96.784470
-188.612427
2735.069824
2133.964844
624.570312
-3111.614258
-2907.954346
-668.368652
178.921875
13.778320
714.980591
1417.787231
1061.455078
57.965820
495.089844
-168.100586
-1173.532715
654.625488
1646.079590
-1425.884766
-1155.846191
-1090.024048
527.979980
1496.842773
-507.028809
-323.846191
1199.611084
304.327148
-944.329102
-902.830078
-744.258301
315.299805
5.524902
195.267578
7.638672
-395.323730
-510.526520
1405.771606
1108.605957
740.930664
393.314453
-197.408691
930.970825
1927.156250
1421.679199
1194.271362
1106.563965
-400.744141
855.186523
-1474.053711
-1302.830322
-524.961060
55.420166
-1021.348145
-368.421387
33.076660
-1208.110352
-1180.897583
-164.875977
-626.115234
333.847656
934.828125
2008.857422
2792.622070
1929.993164
-289.953613
-1576.454102
761.907227
2850.921387
1925.587402
-850.665039
-22.942139
496.824219
1290.049805
8.833496
-4157.371094
-3176.297119
-568.689575
3665.727539
9169.222656
3760.338623
-862.544434
1216.109375
1272.260742
27.505249
1248.990601
429.586914
495.348145
-150.875000
354.932617
-321.244629
-395.515381
-970.322388
1344.804321
538.367554
217.415466
1117.557617
835.675781
267.035156
122.043701
-414.959412
2.483887
-158.417969
240.575439
321.257324
651.267090
31.391113
-2349.029297
-926.736328
-304.339844
13.198334
-805.163086
-567.467529
-132.857178
-1148.917114
-939.876953
914.012695
1013.801880
-51.528442
-1318.654785
-122.883057
72.824219
-2310.255615
-658.901367
369.726013
-1175.383057
-1061.943115
-164.582031
409.268555
634.223633
141.667969
-588.583496
889.427124
1084.596924
101.207764
-98.394043
103.876465
449.684631
1001.672363
-962.949707
-1313.793945
82.688965
171.945312
179.673828
-483.131348
-1634.755859
-3325.468750
916.018555
-703.991943
808.375549
1873.884277
1128.958008
696.534180
-630.102295
833.655762
-50.951660
621.267090
2556.568848
269.019897
-583.740723
-2346.088379
-2357.836426
-1120.456055
604.148438
245.807129
-1612.471191
-3410.254883
-2489.901367
1445.104492
936.400391
620.758789
-1195.059570
-744.629395
118.446289
-560.578613
-794.304932
-458.463379
-680.645020
-1101.353271
-869.555725
-1067.449707
-959.773865
-55.509766
-831.172241
107.896973
2555.597656
644.660156
825.411133
257.357178
397.554199
357.396484
43.434509
172.907227
-21.664551
-1369.994873
-505.182373
-178.470947
14.436035
-441.406982
2654.142090
2439.161133
-274.913940
1391.108643
1105.678711
3187.610352
2298.094238
-401.809631
-167.145142
-24.087463
-2016.605225
-894.203857
1190.934082
56.788574
-492.513428
374.785156
1005.318359
-139.131348
188.749390
-17.778320
-142.844635
293.072754
369.674072
820.886597
1408.677490
1831.828369
-10.066406
-120.695312
86.456161
-881.995850
-377.154114
301.580078
518.241699
581.411133
67.006836
112.082275
220.147583
-139.601562
-726.375732
-842.206055
-1041.429688
223.702148
3065.770508
3681.853516
2879.295654
1780.583008
1616.260742
2247.489258
692.396973
-613.491943
186.118164
-1894.064941
-973.498047
1536.991821
1242.259399
1043.603638
-1323.586670
-1058.848633
287.427795
-686.281494
870.831543
-1045.570312
40.018066
253.529160
872.005859
2163.588867
-3128.215820
-1558.310059
-555.693848
-352.762695
-1154.554688
-6.444492
-260.520508
-837.225830
81.475586
1343.748535
442.976562
548.606689
1923.302734
1894.764648
943.580078
87.138184
592.696045
288.283203
195.478516
-354.727051
-419.603088
803.113770
-191.394531
-611.273193
419.796143
1492.842529
1527.667480
1026.108521
1543.606689
4472.643555
3868.513672
-275.122803
-826.495117
198.560059
-348.862305
972.373779
251.160889
-424.044128
857.852539
231.775391
432.327148
629.229248
379.103882
-896.566040
-1437.649170
-285.488892
1550.956421
835.740845
-818.159180
-679.387451
233.382324
-61.647949
-331.711914
-424.032715
643.623535
-113.956543
-679.605713
-1099.015381
-842.848389
198.093506
912.802734
60.127930
-30.198730
986.249512
2416.791260
1044.341309
982.481445
2612.035156
209.410156
-199.689453
-591.700684
-2244.655762
503.139648
1198.432617
-762.622131
275.411621
-111.462891
-250.369751
622.936768
11.436768
-1314.635742
347.500000
1157.548462
-513.811157
-536.559570
-574.733032
-773.250183
-1031.071411
814.660645
2104.801758
635.273438
-53.933838
147.487549
-1261.432129
-1674.536865
714.375000
-89.238281
1004.872070
2605.927734
1370.815430
-906.567383
-31.431152
-42.068115
434.317383
775.151611
290.565918
-967.618164
350.877808
341.688965
-430.827637
-539.992371
184.958496
34.186493
-570.279785
775.146973
-219.029846
-421.371582
13.309082
-857.672485
-324.874023
1262.938477
1554.617188
-202.932251
453.399902
21.684326
-1509.524536
-1501.239258
-306.012634
-4470.567383
-7595.032715
-3515.387695
286.751831
1259.031250
1340.349121
234.278809
-2024.385376
-902.732483
30.524570
-529.261841
1651.508301
2109.290527
-666.533203
349.020020
2044.689453
-1408.967529
1662.100098
4729.528809
2677.016602
-881.866211
251.715820
957.091919
216.162598
-1114.389648
-97.857834
1422.945312
265.364807
1748.559814
5497.842285
3231.126953
-90.201904
194.199951
49.718018
36.905273
2189.412109
-2410.619141
-5361.212891
-1209.854492
2420.469482
6206.603027
4471.475098
-568.845947
680.574219
1482.244629
-89.142090
556.087891
178.186035
-1204.649414
-142.548340
1249.023804
196.400635
-1307.458008
-2194.508545
-1372.191528
-931.826660
-2503.421875
-2046.023438
-121.973633
208.347900
1202.217896
995.442505
-756.258301
-240.041016
1120.121094
1744.430664
1782.190918
-421.014282
-588.542969
-680.092285
-320.012207
763.272949
838.090088
1250.355469
226.783203
-1131.892212
-441.783691
654.188477
-1597.835938
-2161.486328
-184.013184
-250.912109
-710.277588
176.461182
534.286987
1217.605713
-265.128326
-264.129395
-129.600098
-846.419067
-1156.154297
-4907.289062
-5535.540527
389.248871
3341.915283
6266.049805
2798.913330
-1664.195801
-2481.175781
-3956.762207
-583.779968
651.457764
677.142151
755.803223
427.495117
-571.677246
-968.881714
-1791.649414
172.582764
109.084351
1612.864624
1308.281494
-951.072266
369.926270
478.079102
1068.443848
1855.494141
270.643616
-1597.008667
-2748.357422
-2665.829590
1023.427734
950.277344
920.313965
-823.937683
-907.547363
-98.885742
283.657471
1627.710571
1825.366821
499.729004
1806.250488
1184.124023
239.040527
-867.458740
-251.848816
1131.122925
-573.257324
344.056274
-727.005615
-1746.965820
1351.657715
617.245605
-1178.991943
-505.687866
557.789429
270.781372
-749.252563
321.340576
1066.995361
362.341553
-541.434082
542.087891
2518.375000
3082.371094
1031.554688
412.308105
1844.916260
644.360840
1190.418945
2215.899414
1533.092773
2737.732422
1715.418945
2955.544434
4331.271484
1921.013428
-739.988281
-1011.504395
-1061.797363
-92.144775
173.886230
612.980713
3877.039551
8293.960938
9220.583984
2636.466797
-611.429199
1011.418945
972.429688
3554.996094
3099.099854
-795.583252
-1083.342285
-2094.957031
-1027.422363
383.880615
-121.664673
224.635742
825.908203
1066.147461
939.514893
1142.561523
-1605.927734
-5330.786133
-2536.550781
-163.279785
-1286.860229
-1201.032959
-2087.973877
11.723389
-478.905518
-354.562134
195.740234
-503.967529
482.963684
809.630371
-802.823364
376.776123
1879.162598
1518.650879
826.631836
1321.170410
-189.044678
329.920654
523.987061
648.614502
-118.926270
-304.316895
850.770020
640.897461
498.688721
1190.311279
188.557129
-307.283203
836.092285
889.349854
1484.118896
624.014343
628.406860
-46.396973
-1632.968262
-1162.297852
-1149.482422
-96.229492
-49.387695
-324.723877
40.311035
-869.688232
-227.436523
829.568237
187.161987
-86.265625
1286.851929
1401.415039
585.614746
672.427734
435.980469
-107.610352
-465.057617
-642.807617
-1045.272949
-1198.500244
183.739258
1737.852051
2529.591797
561.408691
-1649.990479
-1587.678711
-597.950500
891.073730
1856.252441
561.949707
237.142166
-586.140137
-621.100098
-577.722534
-497.945801
-308.984375
-428.085938
-594.050964
-800.687012
-151.958496
-467.989258
-89.840012
1176.674805
164.641602
-676.777588
-3.332275
124.101318
28.718506
-1017.505615
-1859.866943
-984.310547
613.670288
460.858612
-670.259583
552.874023
-868.487793
-287.255371
593.289673
890.790771
690.533691
-366.866211
-13.372070
595.491089
578.935059
1484.543945
70.189575
-1766.858398
323.938965
-2053.035156
-1891.604736
203.941895
91.970215
512.329468
1373.315186
734.459473
49.888184
505.031982
-36.495483
-1197.121582
1596.243408
2881.949463
139.308105
-602.039307
-104.607178
-2642.993896
-2617.382324
-445.787598
-1423.653809
1474.862793
79.595215
-337.746338
383.825195
-155.597168
410.934082
42.142166
-732.023926
-1439.275391
-1328.978027
81.300049
-365.855774
-832.784912
273.570801
-242.223145
-161.367188
2568.238770
2549.759033
-129.076538
-247.742432
508.471130
2.800781
-287.760498
959.273926
-93.981445
700.736450
192.100586
186.860840
404.774902
-1306.188477
-687.175476
735.955078
542.901367
1522.292969
572.503418
-121.406250
152.365723
765.733887
-544.267578
-1427.524414
-2303.399658
-933.690186
2976.661621
6108.666992
2734.622070
-973.334473
-341.466064
-211.223633
-1074.271851
1143.295898
620.582520
38.717285
-2608.322021
-4165.554688
-1367.473633
1110.909668
-2442.797852
-4294.925293
-1291.899170
-330.524536
-879.008423
-157.286621
-67.557251
1100.638062
1032.502441
-1084.638184
-563.540527
165.570801
-714.121399
-638.524475
965.686035
376.061523
-1351.234375
-3805.545898
-2055.193848
689.776855
192.586914
379.573242
1176.996338
130.673096
-58.570801
71.687012
57.022522
-859.616211
-684.261719
390.806091
951.486816
1014.322266
15.890564
290.858398
-947.090820
668.837524
4134.435547
1673.187378
-1138.718750
-1083.730469
-392.118164
-569.150696
1119.913086
1302.456787
-1039.102051
361.380859
-767.005859
-508.332031
577.932861
802.016968
739.407715
333.518066
632.305664
97.546143
-1159.178955
150.238770
455.092285
469.955811
1096.399170
575.533447
-1266.679321
-483.391357
396.693359
365.627441
348.827148
2243.286133
2013.420898
36.262451
409.280579
-267.637573
232.556885
815.529236
-343.840820
-24.288574
-93.401855
-120.624512
1308.061279
727.058411
651.227051
-117.668457
-1165.937500
-853.355225
-1099.111328
177.118286
292.976074
-776.417419
507.610352
3766.420898
3677.639648
377.919922
1101.933960
187.522217
-1346.181274
-883.856201
-186.607178
-381.089111
-1072.702881
187.599609
356.605865
535.838867
1889.435547
2671.208008
-706.286133
1236.509766
25.690918
-534.869629
1303.384766
-18.681641
-1041.840332
-3418.089355
-2605.404297
747.914551
-36.946411
-832.683655
-177.284180
50.564453
293.321289
-460.719482
97.507690
1625.639648
752.476807
-564.706787
-1142.483154
-524.599609
-1693.291016
235.297852
618.916016
715.926270
276.184570
-549.191895
328.853638
683.950684
-893.717773
-851.475586
-824.472900
-315.289062
-538.098145
-896.048828
-1162.611572
1314.197754
1094.304688
435.549316
314.962646
241.863953
656.258850
896.764160
627.649292
-937.916992
-273.510742
-386.603516
-811.950317
117.171875
-1683.302979
-4248.858398
-3834.620605
-804.076294
520.748169
-175.399948
-1778.415283
817.943604
-361.702637
-3038.324951
-4303.977051
-3588.304443
-1247.808105
-508.115967
-298.913391
2614.099121
2102.259277
-740.130371
-836.842041
-964.988037
202.893555
2403.982422
2666.393555
779.836914
372.836426
-509.681641
1099.703125
3566.953125
909.675293
-1138.410400
491.219971
636.827271
12.684814
541.245117
541.942871
-77.424316
-1208.282959
-162.821289
139.790527
-1468.030518
-1498.163574
494.323242
-137.052902
-487.241882
313.040283
306.068359
386.834961
-302.574219
782.587891
-257.623322
-723.083740
226.433105
1893.666992
-354.898193
-1073.690430
-111.487793
321.581543
-640.338379
-266.132446
244.966248
-762.572327
-83.682373
1672.961914
4127.267578
5084.562012
-709.857300
-1170.528564
163.122803
286.447998
1035.043213
702.872070
-957.150635
-427.170166
-98.273438
508.164062
1505.954956
1274.833008
1968.425293
-323.003662
-1026.377441
-1295.315186
-681.287109
818.184082
542.013672
-452.162354
-1535.164062
-3376.250000
-1246.916504
1023.587891
477.891602
1138.405273
-137.018967
-1948.894043
-872.560059
333.798828
-135.359039
804.370850
776.521179
93.048340
346.415527
266.700195
-580.773315
-1151.909668
-727.827637
-1130.858887
-833.466064
604.370605
965.430420
585.640381
190.536133
380.739014
529.860596
-735.694946
-1339.660645
-658.669922
-842.502197
-371.815430
-124.924561
764.325195
-1963.598633
-1932.422363
78.539551
156.299683
-616.060059
-198.185547
1334.058594
-588.638428
-753.057739
1491.300781
1758.460938
-642.513428
-450.854980
-125.026367
1408.068115
700.434082
-360.328125
271.866211
-110.919434
546.244385
29.386719
-1210.137695
-299.720703
626.661133
1374.661133
1303.319336
227.104492
-1323.787354
-4161.154785
-2852.857666
1243.490234
1184.257568
791.310547
245.240234
122.255371
-372.633301
-397.413330
-222.914871
-1388.157959
-428.890503
-1097.517334
445.613556
831.733154
-2736.621338
-2832.970703
551.275391
1628.697266
1446.891113
-102.875488
249.112793
28.917969
-541.922852
875.753906
-1016.729492
-964.669556
1131.131104
797.512085
203.248291
1159.772095
1237.104980
136.366211
1463.260742
567.140137
204.479980
-9.841797
-402.181396
-489.562988
-127.319336
450.675293
-272.334625
-1209.102417
-286.761841
-18.020020
-2505.379883
-856.753906
1113.596558
319.516113
365.286133
83.308594
626.681152
-257.084717
-197.760254
-83.876953
-491.481934
436.925781
408.583496
-174.346680
188.018066
-961.927063
-1335.158936
415.779785
-284.151001
1340.570312
893.509766
-1374.344971
-390.609131
35.621948
-962.064209
-1931.255371
-1009.474243
-604.653809
830.355957
1002.319580
1649.938477
2305.595215
4759.803711
730.753906
1495.014160
-1642.535889
-314.550781
1202.251953
-224.680664
745.874023
157.845703
795.007324
5023.138672
4974.121094
1214.862305
-2085.537598
-3784.344238
-1629.668945
1329.570801
2503.947266
1427.695557
15.760254
-582.621582
1794.249512
1046.106934
-1712.895508
727.714844
651.660583
-734.480469
-222.960938
112.404419
-1057.954102
331.352539
1001.448730
97.890381
-847.639893
532.837402
-694.592896
745.133301
-918.766602
-736.339844
-40.923828
1375.649414
911.531006
181.642578
-72.897461
253.499710
-1032.532715
-232.612793
670.211670
-1834.674072
-216.580872
1318.730713
1525.212402
-458.190430
365.031250
-2066.287109
-697.358887
641.220703
268.342285
-37.136230
-3639.303955
-4592.816406
-143.633789
175.475464
-603.489990
355.975830
-338.074951
153.556152
645.042725
-306.539490
-848.462891
-303.589844
51.134766
636.414062
-1483.539307
-2085.977051
-160.527832
2475.263184
3121.685547
1202.778320
42.865967
-994.565369
-644.620972
894.284912
385.291260
198.602173
-27.065430
-1350.846191
-251.856445
-55.486328
153.023438
790.343262
1301.914062
-482.439453
-816.235840
312.252075
892.714844
835.049316
-453.264893
-1199.376831
-836.579346
601.179688
309.483337
49.555420
-758.824219
444.632202
880.562988
53.958496
180.070557
-24.127441
-1108.516602
115.953613
-438.667480
-865.219055
-257.179199
246.682129
898.471680
713.348145
-328.512939
-893.791992
75.860352
1341.110352
1021.354004
-20.999268
147.352051
165.931152
680.745605
-591.650879
-969.458740
369.839355
195.170227
-520.111816
156.758789
3.033691
-611.101562
-734.409180
1246.160645
956.297852
1993.687500
1181.431152
-607.419495
-1033.533936
-1989.134766
64.818604
1198.567383
-540.966309
-601.079590
1029.618164
-687.217224
-620.750122
-864.804688
-3966.143555
-5204.733398
-1450.468750
694.767639
1085.420288
641.466064
-923.273682
-4411.898438
-3837.629150
368.951660
-628.551025
-296.487793
958.549316
177.415527
307.831909
-315.935547
969.660645
-314.883606
-1864.936035
-1229.031738
-137.643921
993.318115
1279.561035
-364.980469
-59.737473
378.517822
189.843018
2987.717773
1952.543945
578.294922
644.789551
763.836914
3075.485840
5128.647461
2538.329102
593.276611
392.401855
64.257324
237.117676
-263.861450
-387.373047
767.741211
82.164062
-991.685974
-824.481934
-998.235352
426.200195
1424.755371
1055.182373
1268.786133
2034.277344
843.950195
624.631836
-1460.883789
-4116.505371
-569.188110
641.957153
1616.794434
2655.649414
244.653809
-608.975098
1045.698242
326.682129
-775.720398
-43.479004
1630.443359
360.349609
-886.556152
-723.793457
-660.515625
164.869629
867.504150
-418.739868
-734.278442
-861.679443
-1462.984375
-692.551270
-597.200195
-473.238281
253.562500
2221.708984
2444.056396
1322.025635
-1257.360474
-871.943848
-939.797852
-1282.919434
-833.413086
-612.176758
-78.953613
-238.165405
2165.222168
4439.866699
1050.743530
-524.665771
-242.645020
-639.857849
1001.381348
-99.554199
-1904.349365
-492.680908
1439.466675
1971.486206
-480.186035
-2737.711914
-1181.818359
2183.443359
946.472656
581.810059
-416.493652
669.615234
303.119141
2660.964355
954.355103
-607.532715
-36.714111
166.146118
25.346680
382.900635
1024.665039
576.142151
-812.820984
-889.350586
221.113281
92.911133
-16.433594
1127.272705
1727.424072
1762.265015
68.898926
677.904297
173.973145
-354.102051
-1318.543457
-1334.885742
-497.490723
-223.263184
682.372070
-436.348145
1433.169922
-204.358398
-1102.437500
418.984375
1368.232422
1014.056763
1265.469727
661.913086
-225.734375
-67.604004
-2498.783447
-44.861328
-879.192383
-447.333252
167.641602
-625.522949
-546.965820
-1381.777344
-572.418335
1476.228516
242.947754
-1310.083984
-51.783203
516.895508
342.221954
-1040.889648
-797.084473
460.890686
-810.237793
-866.857849
858.757568
328.229004
-936.586426
-1358.816406
-610.125977
-215.245468
247.769531
563.258789
-5.110001
-407.703125
1075.904297
255.560059
-1141.524536
-1566.056152
-1638.389404
189.158447
-190.909821
-6520.511719
-6747.933594
-1364.295166
260.645264
-1014.366943
-1968.279663
-817.708862
-772.255615
-287.977539
636.024902
808.982178
954.504150
1543.196289
1150.352539
1633.384277
202.482361
954.957520
1185.653809
-55.156250
530.241638
532.238281
-594.466309
11.415039
332.528809
530.833557
-215.480469
-2319.250000
-2395.852051
503.827271
-183.857834
28.617432
188.237793
-208.797119
-118.666931
250.231934
-160.343262
-2284.242432
-1868.668945
354.939453
-641.644531
275.942688
-1022.363037
-3720.497070
-2227.828125
-1018.655273
1362.734375
-1077.002930
138.096680
480.916992
-543.901367
655.425293
1931.420166
-166.156250
-230.947266
376.310059
-1292.692383
-908.458740
-1118.354492
-289.170166
851.312988
28.425537
995.403320
1225.316895
-324.225861
-674.367188
-332.522217
380.399780
2712.767822
2729.751465
1678.846436
423.013184
623.460449
800.370605
1065.120728
652.359131
-80.327515
-686.894043
-3851.285645
-3121.169434
526.101074
-541.387695
-866.356934
260.478027
234.810547
300.550781
114.891907
-480.271240
-320.215576
-740.098389
-1175.073486
-141.914062
-784.174805
709.466797
1775.770020
346.697754
-423.789062
162.799316
-29.286621
-81.857666
404.337158
847.696411
-1479.206177
-638.689087
-326.122131
1492.000122
8395.248047
9517.114258
4921.266602
1085.318359
-2696.219727
-2973.750000
230.798828
650.624023
148.865723
4.879395
-1380.018555
849.967773
626.202148
-1158.536621
-1476.502686
-42.058044
-312.689850
-2249.973633
-1682.480469
563.574219
1904.537109
2410.266846
3443.001465
3641.472656
2263.542480
632.014648
-516.674316
305.236328
229.196777
-1273.033813
211.940430
-698.768921
-701.108887
210.582520
177.899078
606.731934
308.425293
436.622162
-790.982910
17.859375
223.342285
52.958252
47.036774
-671.987305
539.687988
739.503418
-1581.616211
-586.676514
926.659424
539.005371
241.833008
562.878418
372.343994
456.111389
92.401855
146.031250
333.552734
-2839.175537
-5360.822266
-2156.876953
356.198608
419.241699
2296.698242
11.207031
-595.671875
-247.074707
-1222.216309
667.531982
2295.259766
-1070.312500
-2423.568359
-4392.210449
-2381.934570
-124.123535
-1055.463867
-931.542969
-3131.416992
-603.726562
41.946243
-384.946777
-609.687500
784.483398
-1469.675781
269.563812
896.673828
-345.055664
182.717285
341.875977
34.558594
-1242.002930
228.211426
943.742188
16.409668
-206.957153
-2319.544434
-914.383789
525.482666
976.118652
204.841797
-776.964844
-9.945801
-387.449707
623.600098
1814.388672
-106.696045
-331.198242
641.901855
-631.246094
1691.595703
2432.192383
-1214.848389
-1627.892822
-603.214844
159.815002
-381.087158
-13.174561
-3577.429688
-3809.092773
-64.040039
-653.689697
434.313477
1816.657715
687.125671
1286.065430
125.579834
-1597.671387
68.334961
210.177246
539.374023
2333.778320
1719.039307
-290.404572
-258.658447
-49.252930
1852.567383
2108.842773
1936.840820
1146.899414
1128.968872
2654.033691
372.975159
16.522949
729.345703
1345.840820
-597.068726
-280.087402
-392.960449
-1322.524414
262.575195
469.142151
720.037598
-1605.009277
-596.333374
289.624023
114.628418
-290.113281
-1650.633789
-2664.428223
-1029.943848
-1070.127930
-956.496826
-196.992188
-920.758789
-155.173096
1387.838623
1532.519287
-2161.476562
-2521.115479
252.092285
3033.580078
6253.835449
3122.460938
-972.174072
1312.393066
915.850342
476.944946
904.921387
-2573.125488
-2316.229736
398.239258
1428.464355
1754.739746
394.748779
125.566406
-710.546875
-240.689453
1126.678101
-384.757812
-102.146973
-317.301758
-445.739258
-7.845703
329.390625
344.922516
216.971680
1020.802734
825.689453
871.600708
393.300903
-1035.692017
94.464111
-513.087646
-1056.586914
-165.097656
80.361328
555.154297
637.521606
726.132080
211.721191
133.353027
668.876343
248.984863
480.257812
-156.463867
485.701965
1166.386719
266.979004
1293.047363
686.623535
-947.085205
-228.982422
-439.784180
-530.701660
42.185669
-790.441162
-186.794189
336.475830
-509.674805
-500.163086
1295.522461
4328.902832
4595.246094
1147.583252
-1392.937500
-1341.524658
-940.301270
599.197266
-685.401367
-3749.691895
-2967.709473
405.400879
1467.877441
1053.958496
-370.138794
-316.786377
-1689.278809
-1683.216553
-170.085938
-302.228027
-338.343262
187.541504
176.349609
1365.845947
1415.924072
354.979492
-2279.712891
1912.481445
667.727539
350.387939
-433.457947
-768.561951
220.856445
-866.505737
-599.997559
1183.907959
404.551514
-1141.212280
-646.828125
-255.914062
630.455444
2049.559326
2391.734375
217.525146
-705.707764
239.334961
146.515625
-302.438477
-853.491089
-897.180908
-752.697815
-590.747070
-847.952881
-940.492615
-782.995605
207.778564
-244.866699
-1336.207031
-1329.241211
-498.164307
-67.945312
-403.410156
806.220337
61.729980
181.483643
874.531250
-16.822754
-440.569824
-164.159302
729.918945
1289.630127
1163.214478
756.053711
-285.181641
-594.016602
1008.590820
981.920898
-343.742004
1064.013916
663.893555
321.210938
2112.993164
3808.123047
3145.639648
-464.810608
-439.754395
-1118.386719
-1464.672119
-1378.854980
-1078.692871
-728.301208
-411.169434
652.783203
-108.276855
-91.826660
-355.150391
-383.002441
-969.554932
-563.341492
709.697876
1598.258301
1185.822754
-217.539551
446.704834
1108.135742
614.986816
-86.556641
1389.449219
-1274.161133
-698.964844
547.881348
971.376953
1005.058594
58.223633
-1171.925293
277.061279
362.509277
-1242.883789
2550.996094
-44.863281
-1752.326660
-1708.234863
-268.955078
1587.620483
135.142166
573.066406
3687.485352
1407.081543
-988.055664
-55.882324
1339.082764
640.763672
-433.464355
-171.686768
-1389.799316
-1723.618652
785.256348
670.048828
1112.456055
450.727539
-1450.549805
530.799561
1658.786621
303.264648
-10.184814
-1676.946045
-168.441895
583.187744
1725.549072
1006.515625
957.922363
976.812500
1287.782959
272.730072
146.542236
535.115601
1209.908447
566.337891
-681.201660
-230.098633
-734.975098
-428.982910
-537.906494
-324.889648
-1008.312500
-1596.140625
-884.026367
826.362671
334.164551
563.006348
1559.810059
782.875488
651.949097
2134.015137
2321.741211
-461.378174
-767.782715
122.354492
255.665039
460.763672
-911.857849
548.474365
1274.164795
-507.426514
70.936523
413.166748
-988.015015
-314.930664
5.071289
-315.709229
-858.228210
20.332031
-235.527344
480.213379
816.142151
-833.993164
-2943.403320
-2495.581299
431.204102
684.073730
1516.940308
3173.320068
680.584839
-1295.145996
-2923.867920
-5021.713867
-4252.611328
-160.875641
931.344971
237.749023
-1151.090820
-1810.851562
-1985.239502
-1442.484375
-631.110840
627.051514
451.065308
-1295.484253
-683.980957
716.125000
138.773926
-138.453613
-973.426514
-2694.671143
-369.809937
1132.727051
-146.831207
128.336212
-392.940826
-274.664062
-166.666992
1374.944336
2671.776855
316.286865
-156.683472
233.353821
-88.656494
372.347778
202.844727
1532.782715
1238.471191
-429.306396
-334.224609
69.635254
890.058960
1245.569824
150.729980
1093.735596
2751.393555
173.808594
27.652832
95.577881
163.292664
3000.389404
2801.603760
-1028.074707
-1110.684570
-2070.166992
-641.695312
424.973145
567.722900
-355.881012
-1417.311523
640.947571
1742.334717
-89.673340
1709.759766
268.862305
-1313.587402
-368.491089
627.316406
794.291504
63.059692
-1184.074707
-437.700684
1230.910156
1099.610840
461.763062
54.639282
-2233.857910
-374.768677
1429.840454
894.536255
897.964661
-558.664062
-297.107666
3352.761719
2662.904785
-581.501953
-1870.859375
-2360.581055
-308.695953
-311.939209
133.216309
1280.967529
-624.852905
-4209.359375
-1131.026367
-340.699219
-896.544434
84.178711
-1006.201782
-4670.868164
-5483.021484
-1304.228394
876.060547
606.320312
1212.319824
-242.016479
-1323.335693
-1003.677673
87.888428
422.483398
-587.319641
2.849121
91.197510
2987.674072
7802.784668
7293.526367
4001.013184
1544.138672
-447.916260
969.215942
1302.483887
627.030151
-616.546997
-763.377197
-206.705322
-1128.776245
-937.863037
-653.598145
82.765808
710.639282
-2108.613770
-2334.315918
876.620667
426.772461
1077.182129
1666.304321
-896.278809
-924.758301
-1195.462891
-1709.737793
-366.518066
55.389938
537.296387
-140.805664
903.726562
352.039551
-1248.830566
-758.459778
1598.946533
2071.812500
364.337646
43.224121
195.792969
2753.939453
2181.216309
-42.863281
-700.562378
1148.228882
1044.484863
-944.894775
-707.613281
825.083008
-607.261475
-1203.933960
-63.823242
830.889648
787.457520
-155.660217
-279.602051
-282.631836
-482.197510
1423.484619
1696.160034
970.360840
540.947266
403.219727
733.117676
1311.608398
552.210449
-145.447754
-76.529297
-611.008789
-286.208008
516.443359
-182.841797
-1527.927734
-1232.795898
-242.535278
199.545166
452.939453
-653.101562
268.877441
-477.592041
-254.827148
550.518555
490.147339
562.724121
681.265137
1107.117554
198.294434
-758.758789
636.856934
1386.452393
928.574951
147.798828
2360.331055
4259.505859
1434.543945
897.411316
207.541016
-1920.776367
-1169.061035
-276.744141
-1632.067871
-325.774414
1094.735962
1500.293213
446.349121
-1450.897949
-638.074219
-149.760132
1297.257324
-623.896729
-45.029297
118.752441
-682.567627
-733.073975
669.758545
-750.822021
-2052.686523
788.609070
1714.848999
1364.805664
1362.941895
1120.778076
405.211914
-161.945312
3356.892822
3950.207031
1691.563477
383.075439
-924.962036
68.481567
313.394043
-243.722656
876.190247
-563.307861
1021.751221
1943.878418
1593.925293
-1421.277832
-4659.518066
-343.928711
1752.708008
829.689941
1985.870117
3084.796875
-2664.517578
-5450.500488
-3174.200195
-71.985352
678.898438
587.688477
-1057.854004
-2551.814941
-1179.534668
-440.491943
1209.434082
853.453735
-336.813904
-2056.296875
-1521.059570
647.287109
-739.923340
620.067383
995.099121
-577.300293
-197.584198
-690.513672
-1307.051270
-2242.117432
-3222.250000
-265.326172
104.288086
-1073.178955
-3051.451172
-819.893555
-802.524536
-173.770508
-5324.456055
-1967.041016
493.071533
-25.402344
939.093750
-2127.487305
-453.769287
-508.857849
3866.553467
4737.489746
2290.588867
-170.416260
-1268.259277
-868.213196
-1617.044678
-1657.347168
-1679.593994
293.920410
1410.727539
1709.751465
1860.862793
-376.301758
-487.624512
-215.122192
-500.739990
207.947021
483.249023
-23.744141
45.667969
1630.402344
3533.882324
940.432495
-1154.539551
-601.527344
-1889.174194
-270.532715
-274.628418
-425.975586
517.434082
1094.316406
-1354.153320
3671.306152
-1196.631958
219.240479
63.646633
20.474121
2.054199
492.008301
19.721924
-1413.577637
-1284.397949
1583.442993
1146.625244
-364.131104
-0.384399
2288.405273
3673.988281
3010.959961
532.127014
837.579102
47.319092
-455.888428
-1559.900391
-316.349609
444.509521
512.797241
1327.982178
3121.595459
49.889160
-604.354980
493.370728
1164.478516
1667.567139
1036.905273
-142.829834
761.782715
421.916016
-4.264648
494.131836
502.614258
514.712402
-501.213989
387.969604
3107.914795
630.895325
-1231.381592
177.158203
-788.711182
-329.814026
367.085449
-707.108887
-1.031738
985.119873
676.614746
-221.698242
-981.237915
-1454.345703
-910.266846
-615.840820
991.444336
-177.778320
63.263428
1164.876709
462.186279
-1073.762695
-968.822266
-572.687012
-137.417465
-810.248169
-750.583252
315.723389
-2094.134033
-4106.446777
-710.112793
377.706055
-626.918945
-87.498535
659.395996
291.369568
-950.827881
-1303.191528
-77.941406
-165.589844
-286.429688
250.561035
-128.787109
-399.657227
-1939.263184
764.864197
1177.364014
-132.937500
490.991699
-304.623047
-104.656738
297.813721
-1214.444824
-228.145752
453.148682
847.977661
-0.733776
-1474.976807
-55.208099
937.590332
-458.542969
-50.413086
209.987793
-338.187744
188.797363
482.983032
166.778320
-291.482422
656.242188
1218.540161
-536.033203
-744.398438
-1120.803467
-108.191895
-774.354980
-1183.249268
6.600098
1856.929688
825.113770
-1392.964478
-1541.305664
-1507.496338
855.952637
2544.620117
3144.871094
367.479004
-977.180054
272.416138
755.279785
53.817871
537.782227
-784.552490
-164.664795
42.088867
-525.699219
-680.082520
66.848877
477.093018
1340.108887
-37.947754
-740.870850
-191.589600
-185.782639
-620.350586
10.086426
388.877441
1349.669922
572.407715
530.843750
388.694336
-360.625977
-793.124634
252.393555
100.947266
-497.309082
171.516113
234.142166
-511.721924
703.521240
1388.750977
731.206055
1702.545410
1863.323242
341.132812
160.228516
308.188965
653.475464
-229.938202
-3069.750000
-3081.428223
-367.948486
-28.420898
-493.561768
-788.189453
-2790.078613
-2164.176758
816.747070
3975.443848
1319.051758
-949.398682
-153.915527
-484.628906
1085.001953
3276.727051
436.960938
-829.239258
-602.799561
111.292480
1375.042969
187.659668
390.597076
1568.768066
-180.309570
1228.696777
3707.590820
2504.304932
86.637207
-469.821777
37.520752
1571.282349
758.942139
-44.182617
655.919434
-21.906006
757.361450
294.162598
-359.888672
480.228027
-1714.366211
-1300.386719
116.732910
959.028320
3518.015625
2442.867188
-1370.886719
-279.598755
-1156.946045
621.877441
1012.686768
-770.961304
741.590820
1186.342285
-972.017822
-1981.263428
-1568.666504
3222.129395
-941.726562
56.654785
771.654724
498.006836
-38.393066
-196.605652
-442.690430
155.096924
280.495117
-595.945312
-265.148438
-274.947266
1105.284058
768.587402
-363.845215
-82.912354
-10.954834
-597.675293
235.676758
237.096191
679.747070
-95.907227
1223.972168
963.687622
1003.142151
-302.113342
234.720459
1773.807373
-538.249512
-1556.644409
-244.672363
94.711426
400.350098
222.878052
-1116.952148
-3067.612793
203.207520
960.920898
655.092773
-402.754883
1408.352783
2851.673584
1270.717285
-1958.894531
-1235.621094
-2746.185547
409.311035
-719.524536
-963.832031
-1008.148926
-5938.864258
-6111.209473
-1683.418457
150.280762
-603.880371
-342.050049
282.643311
338.470215
152.041290
-261.153076
-544.146484
298.998718
490.089111
-2714.762939
-5159.444336
-4457.722656
-3099.347656
-204.540527
-1645.741333
-1333.345581
-216.626953
-1412.232178
-1166.024414
-36.143066
1016.926880
595.363342
360.734985
1286.466064
1411.354980
2779.460938
-350.913086
-439.200195
-910.717773
297.376465
-448.489502
-3601.455566
-3897.493652
-292.198730
-119.096680
1210.510742
-63.691406
573.895752
-1788.397461
-2560.211914
-2502.740234
-323.971680
1303.270508
1697.752441
391.563721
-292.857422
-1788.983643
608.987793
-292.495117
171.809082
-305.212646
-1584.382568
129.403320
-1124.303711
2114.587158
3573.628418
-79.964355
-95.063232
533.019043
-1783.277344
-146.368164
674.338867
-431.577148
-270.953613
582.875244
188.929199
678.490234
2570.335938
985.159668
-1362.405273
-302.271484
270.325928
-154.760254
466.945312
-175.191895
716.358398
2579.759766
-287.380371
-411.654297
-1004.339844
-1624.356689
-1731.960571
872.610596
1317.298584
1364.985596
927.832520
1708.649414
2039.918945
912.465088
-1120.598877
9.404297
1212.597656
1463.939453
970.047119
361.806641
-527.513672
-698.991455
64.522461
-386.615967
-832.958008
544.196289
1868.980469
2558.417480
2406.444824
1355.659180
-404.570496
749.753418
1779.142212
-181.738281
1726.799805
21.317383
-998.857849
886.792480
416.266357
-644.231445
1953.713867
2315.189453
409.066406
-3057.483398
763.023438
-1446.337891
222.132202
-933.489258
820.397461
-496.699463
-3433.488281
-1095.351318
437.186279
339.317871
-708.549316
-1356.279297
-787.822754
1121.775879
1565.680786
3354.513184
1166.816895
440.704102
-224.213867
1268.647949
1886.519531
-2039.574219
545.071289
-2303.961426
-1003.232178
79.122681
573.199951
152.302002
-412.931885
-584.309570
-783.293213
168.773560
1408.160645
-408.778809
1102.269043
2596.531738
3180.246094
611.855469
-1455.617432
-172.241699
-658.967285
-1692.599487
486.878906
1178.262695
1172.964844
-570.800232
-114.281494
-172.029297
1030.558838
124.928223
1313.583008
632.008301
27.216919
-478.428589
-319.042236
-294.345947
-73.586182
1225.564941
-900.625488
-2204.004883
-474.386719
-1316.455078
-1731.592285
-410.204346
-756.964844
-1307.675781
1862.639648
40.497070
471.403076
726.315918
-1283.940674
-573.127930
1368.473022
21.359863
1792.007812
39.498047
-910.286377
532.335449
669.199219
1166.131592
87.381592
57.028320
-958.958008
35.890625
1191.858398
374.475891
-1.886597
401.246826
18.437744
-301.152100
-1184.576660
-1159.146240
-294.716919
710.962158
337.061523
603.966309
591.148438
-244.335449
-348.500000
-72.713745
-827.988037
-190.261719
-2137.766602
-976.018799
-465.515625
-166.592773
-110.397461
-79.701050
291.748047
-819.803711
-73.543457
-551.354004
-1400.275391
-5.100098
1150.376831
-968.186035
-779.307617
-878.480164
-1528.086182
-320.613770
-400.210938
-1194.870117
-636.669922
-29.162354
-321.427246
502.498779
-853.177246
-5392.287598
-4974.423828
-84.653809
84.876465
125.312012
230.080078
489.027588
1576.177734
639.692383
883.425293
848.462891
-1374.206055
-667.981445
1461.372559
188.126953
897.426270
-428.769531
-253.857834
768.494019
561.567017
-358.721680
-2193.742676
-3097.633057
-223.545898
-223.832031
1089.090698
192.302246
-683.162109
-301.826172
904.158875
-469.043701
-99.964844
293.667725
-703.658203
466.689575
572.640137
1677.022949
349.184937
-650.795410
836.890137
159.683838
-310.917969
821.046387
-199.442627
424.353027
545.876953
237.191406
1335.484375
116.671875
99.242676
-750.600586
-1276.326294
-278.000000
379.471680
248.775391
255.664062
-5.197266
665.867188
1475.969727
1216.169922
508.184692
-1158.791504
-2262.512695
-138.426270
489.534180
-452.987305
187.951782
874.118164
-163.878906
-122.203125
-201.911621
-28.472412
231.148438
1144.115723
253.820557
-9.275391
959.894043
-524.753418
33.315918
-569.949219
-489.020752
321.197998
-3046.974121
-4105.718750
-666.711914
633.333984
-347.039246
-18.870117
543.443115
-759.780884
-1255.274292
-981.484497
-723.108643
977.223755
-1254.255859
-2780.639404
-356.988983
-826.927734
-198.267578
296.479980
-587.524536
601.721680
570.188965
1572.663452
780.430176
658.716797
-147.121582
122.795410
-539.012695
-151.883118
2812.355957
2964.062500
1629.207031
788.162842
1201.627930
-425.588867
-158.741211
115.337891
-501.100037
-216.502625
1234.421875
204.747070
153.501709
146.452637
-398.173828
-667.000488
1182.475464
620.420898
104.003906
-198.565857
65.214111
205.584473
783.595703
568.474121
-584.338379
2984.297607
4537.987305
2203.467773
314.374756
-2301.415283
-3577.629150
-401.584106
-347.081787
-1952.857788
502.023926
752.937500
1201.507812
599.987549
-771.802246
-3843.745605
-1077.700195
1441.731201
377.915771
-630.889832
-822.250854
78.836182
278.764160
133.965332
795.308838
-331.596191
520.814941
1233.624390
-497.087891
-1577.438477
-1270.524536
-1353.604492
-960.277344
-23.942383
373.730713
49.559082
-658.127686
-235.855957
2221.843750
4385.239258
3738.775879
813.042969
-825.413818
992.933594
1069.867554
-1092.792236
-18.691650
1792.047241
-511.524536
-946.437988
-542.555664
-1169.158691
-460.748779
13.010742
-1045.265625
-1606.737305
223.049316
49.081787
-916.161133
-387.827148
-538.764160
1319.841797
116.822266
-335.024902
-458.720215
1648.195312
2924.157715
1826.051758
379.026978
1175.314453
1137.918945
-2076.063965
-1263.706055
211.483398
-489.264282
1076.319336
3294.997070
1500.988281
-468.669922
539.346191
150.075195
1191.845703
-30.967590
-1066.814819
-693.087036
413.134888
-76.967285
868.220947
199.929977
649.735352
-822.412109
1989.455078
-207.954590
54.983002
14.541504
458.794434
-256.244385
-982.505371
-794.459473
648.186035
-1620.806641
-2555.986816
-1587.763428
-492.524536
-30.148682
1468.889404
48.928711
81.836914
0.727539
-309.083008
325.509521
660.721008
-533.628418
-1748.323242
-953.640137
-517.260742
1601.155273
3574.936523
1455.588379
-231.375977
-369.852539
821.396790
1163.778809
4.381348
119.466347
-90.814453
-1780.224121
-972.440552
-175.346680
-946.771973
-962.723999
262.715820
1414.608398
3397.372559
1803.282471
-0.319336
940.622803
-992.331055
-1608.324219
-472.046875
927.954102
3631.764648
2300.953125
-569.905273
-1337.453735
-869.105957
-966.275391
-111.089844
708.967285
-1638.744995
-484.468872
-268.620117
-445.013184
-82.305298
549.816406
-454.428711
-1338.100586
-2004.147949
-743.267578
-1159.946289
569.308594
60.475471
1025.425049
1947.426758
191.425659
608.541504
141.992188
356.549805
469.053223
-442.983276
-205.040039
570.565491
-621.482422
-1578.604980
-1763.733887
201.059937
588.059570
1981.843750
793.880859
-454.194336
44.475464
-302.339355
384.516113
1129.399902
2638.782959
803.680176
1153.767334
665.593750
8.819824
-1027.946167
-809.797363
-118.045410
-389.181763
1189.742676
-631.654785
-2061.836426
-562.552246
-7.263184
-237.918945
-1690.595703
-1149.368164
761.877441
-600.941406
-1289.862061
-291.904419
-310.707520
261.580078
-363.263184
-952.877930
-1388.785156
-777.358154
1117.852051
1078.139893
-1809.310059
-1309.344971
452.713623
505.272461
253.642578
-38.514648
-163.342407
-417.454102
-216.651367
683.149414
-2.494385
-1123.372559
704.300293
467.159180
3020.240723
2008.097656
-904.803223
-899.927734
484.919922
966.949707
1304.172852
72.643555
194.653320
-951.994629
-378.621094
-1725.981445
-1059.273926
649.548096
365.909668
-564.572754
-64.740479
38.750488
-1149.358154
-865.708008
-450.166016
836.832642
909.661865
106.331543
-448.418945
337.121033
377.400635
-1496.490723
-3113.591797
-1323.085449
-1586.868896
418.539124
565.870850
-563.758423
-73.574707
-310.261108
-133.860718
-457.871216
-604.704590
1204.345215
93.248535
-410.421387
-229.769409
526.997070
432.452271
811.288330
388.401367
-4150.287598
-5666.869629
-943.573730
386.780273
-630.218750
514.331543
62.075684
-227.231934
505.548340
433.048340
259.272949
216.322510
1457.142212
629.284729
-249.823364
1326.379028
776.145813
327.578125
-285.485840
-778.140137
57.840393
-25.702698
-704.918457
-678.673828
-608.229004
705.568359
60.142090
656.852539
764.399414
977.306152
801.432617
-1374.379761
-965.457031
708.420898
-491.187500
-426.980835
649.656250
2465.087891
2310.902344
-694.318237
-119.662476
933.147705
304.366455
-1100.372803
-848.863770
-926.191406
-1070.286621
-310.941284
-1270.363281
-85.927734
862.805664
262.871582
-718.542725
-1529.354858
-1811.907471
-554.925293
2484.003418
5331.562500
4498.707520
2004.256104
-687.532471
-1177.725098
-552.074707
-933.492188
-1412.051147
-799.567383
-139.693359
-60.808105
-501.596924
-423.109863
-266.497803
5.902344
2242.822754
3024.616455
1409.818848
439.505859
360.802734
-1538.065674
-743.743164
-294.389648
-1589.055176
-658.758789
275.055176
-258.857788
834.287109
121.885742
615.210449
1248.663330
-482.130859
-809.001709
-70.568542
830.934814
331.162811
-659.677002
-101.231445
-231.067383
248.008301
724.215576
297.365234
482.893066
-528.280273
-733.650024
728.830566
-267.419312
-616.809814
57.721191
548.419678
604.881897
-271.756348
-577.041260
-1070.282837
-807.836426
-483.541504
31.761719
-99.073242
-4045.215820
-3339.329102
-84.824097
1031.729004
2502.458008
369.923096
-1561.163086
58.559570
-51.466797
-209.240112
-2376.980469
-2542.719238
833.192139
751.138184
1788.164062
3687.826172
929.852539
529.767578
551.481445
501.706665
542.245117
-1534.950439
-668.985107
342.459839
697.416016
26.174805
640.802856
143.951660
-432.374512
1033.106201
-1330.697021
-970.397461
832.328003
269.375977
-1230.250488
-649.143066
-2645.941406
-1189.432617
-328.709717
-1029.530273
-68.790039
389.625000
1133.876465
2072.684326
-427.530762
71.154541
384.357300
-1103.013672
-1265.138672
-457.447266
1386.729492
3.251953
1587.978271
3751.812988
1010.933105
-215.188232
1696.859131
-416.241211
1122.778564
2260.504395
90.995117
474.296692
-365.031250
-397.500977
419.637695
334.739502
-1056.647461
-1259.396484
-817.149658
-979.873291
-833.884277
160.500000
783.494385
537.012939
886.069092
-1245.162476
-1751.612061
-474.270874
75.066772
-743.330688
-95.797363
854.887695
818.194458
-767.485596
225.629395
641.605469
-1015.449219
-564.819092
598.038086
-914.397461
86.969727
463.033691
816.184814
936.649414
-586.853516
-1414.002197
244.874512
143.145996
896.594849
1636.848145
-1202.273438
-2036.029541
-135.004883
4046.535645
5195.253418
1066.861328
-3010.984375
-2460.813477
388.142151
372.875000
684.831543
587.573792
803.126221
-359.508057
-631.349365
860.875000
-738.061768
-1316.489746
631.110840
-804.381714
-1018.413208
1148.131348
1327.312500
-680.886475
-137.905334
-763.154236
-4129.654785
-2474.364258
884.907227
-874.827637
-306.507690
-91.573242
-2065.866211
-3162.933838
-3232.760010
-2642.097168
-1110.848633
31.692871
-281.137695
-326.463867
-105.434753
1079.578613
-462.379089
262.797119
1759.114746
-741.035156
-2043.060547
366.445801
810.698975
91.017761
-1250.769775
-462.821899
-1395.952881
1532.806152
5124.678223
1611.260376
-1657.788574
-1570.862427
-865.039795
1245.388428
1186.473877
-343.018311
395.000122
-46.910156
759.170532
1917.575439
349.271484
-1162.274292
360.000977
4347.984863
3549.678711
20.299805
-1243.865234
-3217.503906
-2613.532227
-1109.593262
729.348145
-318.622070
-870.525391
740.319336
-90.841553
-1747.083984
420.757202
307.047363
2626.428711
3725.078125
-933.260742
-1872.478516
-724.259033
403.347168
1660.585449
2658.750244
478.059814
-962.310791
-37.757080
-264.767090
557.770020
1387.769531
320.617126
-2144.358887
-498.539062
-855.806641
-1023.194336
682.346191
342.786499
1230.694824
1102.567139
304.321472
265.239258
-724.640625
611.900513
258.743408
-600.750732
1302.583618
1162.142212
382.257812
1168.404053
130.435059
1008.764893
612.405029
846.581421
362.700684
-846.359375
-562.656250
-401.220703
-829.137817
-748.202881
-513.748718
169.308105
-1263.990234
-3484.829102
-479.846191
827.198853
629.281250
-672.510742
2767.221680
2168.712402
2098.397461
1028.948242
-1275.653198
-795.941406
-358.042969
-31.009766
443.127655
1198.836426
426.213501
2177.708008
1315.703979
1086.709961
1977.718750
2799.355469
7.094482
-185.757568
1390.375854
1123.855103
-576.517090
356.475464
1544.933594
214.044434
181.215820
-1011.201660
-235.313904
194.828339
-833.495850
482.222656
-724.668945
-2846.071777
154.325012
96.009277
244.543945
-556.442139
-1591.232422
467.851562
-606.666992
-486.237305
-1390.524536
-1203.148926
797.598633
1318.344971
2175.838867
378.378235
-1097.614014
444.943848
-1586.778320
239.684570
1358.613770
2541.066406
2013.840820
2082.606445
1138.800781
502.669434
792.488281
-148.316040
-764.419922
-480.543701
369.246094
617.868408
-203.895996
1242.496216
660.770996
-236.555176
724.764038
17.996582
-561.123535
-413.960938
-1103.227783
-172.579468
490.597168
-1070.782227
-1085.960449
640.725403
512.486938
1372.994263
690.300537
980.245605
830.137939
-27.704102
465.729980
785.915161
210.294434
448.623779
-415.224609
-778.309570
-592.193359
304.522461
2495.980469
365.968872
-435.644653
499.402588
407.338257
-281.629395
-432.443359
145.808594
697.022461
462.904297
-138.740723
3141.478516
5712.804688
2456.518555
2131.261719
-1297.499023
-2565.706299
258.544434
134.619141
-157.291992
335.624023
-909.723877
-660.659790
560.082397
-1473.822754
-1182.930054
1471.069824
1273.102295
-371.368652
325.316895
-1422.010254
-2706.887695
-1823.324219
-264.449219
-370.466797
-399.288330
367.706543
155.760742
337.224121
-216.977753
-984.941528
246.322876
-41.804688
-1210.666992
-77.309570
172.186035
1278.577637
1369.808350
711.248535
98.512207
-549.814941
-450.403076
-341.534180
1368.284180
3298.459961
1406.822876
-26.580078
20.257812
-233.427734
-799.191650
514.099121
391.499023
504.049927
-475.549316
-301.169434
66.251404
1176.306152
783.604248
-379.496094
919.849609
982.044617
-796.403503
-1170.899414
-655.524536
-510.041992
-232.424561
536.475464
499.008789
538.272461
550.394043
-493.271729
-1372.275757
-552.815674
178.031494
611.020752
-288.963135
-278.167969
336.452148
-1563.331055
-705.758301
56.856934
-888.206787
580.747437
554.113770
957.905518
686.502808
-772.626343
293.990234
-237.320801
-1202.675781
85.616333
-311.241699
-1323.213867
-35.974609
135.071777
-284.395020
774.956055
2289.148193
1948.376953
-880.478516
-2587.125488
-3380.656982
-430.551758
939.694336
-1111.815674
-599.422363
472.557129
658.095337
588.535645
950.937988
1290.026611
1468.197998
590.386841
-933.587524
-144.329224
-857.832764
399.276245
465.200195
-1225.035156
-1294.380127
953.238281
523.328125
361.772949
-0.699951
1243.762329
400.203247
-703.890991
-1171.498779
-691.579529
79.668457
-890.619141
-3019.088867
-2404.374023
646.729736
1565.280884
1610.606567
107.256836
1003.846680
583.479980
1260.587402
1074.895020
1458.694580
-308.319336
1233.759155
258.999023
774.188477
317.260254
-188.286133
311.122070
-1074.239258
11.132812
2117.824463
867.353271
487.091370
751.560303
402.928833
508.495483
238.601562
522.397949
1205.115723
553.400879
1037.343994
797.676758
-942.597900
-867.749268
-8.335938
-382.701172
362.610596
1165.931519
-376.756348
41.357422
-205.779297
-403.560547
71.637207
1730.306641
283.006836
-1194.305664
-248.398682
476.900635
-210.085693
-126.776855
-2176.817383
-5048.309570
-2542.148438
418.134766
112.371094
272.797607
523.003174
183.765625
1053.928223
324.118896
-284.410400
-324.402466
-599.543335
-1011.755859
-36.308594
843.473633
925.439453
-450.755859
-240.773193
-855.474731
-1104.458984
-817.355469
169.561523
1245.231323
858.005859
250.824463
-269.492310
-1043.950195
-825.136230
-669.699463
-1146.158936
-900.030029
622.354980
1584.119629
613.046143
-174.404785
-951.087646
-1116.742676
-310.673706
1621.851074
2046.083984
883.720703
1015.500732
1160.432861
-163.877930
1224.545898
70.247070
-1724.591553
193.119141
-56.791992
-812.703125
-559.026733
-249.238525
677.412781
-881.266113
-459.445801
804.226318
-8.978149
741.944336
497.729004
-542.747681
2418.285645
3767.915039
131.643066
-437.327393
1251.116699
346.900696
-503.752197
395.569336
648.268555
1381.666016
67.188965
318.079956
-628.227539
-2818.250000
-721.620117
-292.003174
-1765.521118
-339.086426
-447.240234
-2544.131348
-1201.843750
535.050903
-945.147095
-173.649902
-430.081055
-2232.097656
-281.848633
578.574707
1049.540527
1989.042969
1295.396973
-641.433594
-440.306030
-393.943115
62.511475
337.278564
678.118164
518.168091
-603.474243
-1383.150146
243.701172
-1547.350586
-2641.354736
-138.682007
-657.861633
-992.966553
-387.708252
321.115967
480.837646
-91.352539
-526.409912
-476.090698
623.673340
3588.775391
2460.460938
1121.038696
555.954224
-895.376160
-1795.373901
-2.629639
-576.073242
-1887.168945
-1841.795410
-1169.262817
-113.712402
958.534180
712.098145
-715.648438
-106.589478
426.174805
89.830078
-764.860352
-412.384766
324.516846
799.261230
941.653442
754.035767
207.712402
748.611328
1696.798340
1221.120605
-70.729004
-722.275146
-2616.690430
-1931.033691
442.211426
-348.762207
-172.591309
-113.462891
-2.632812
-807.279297
1281.666504
169.564209
-444.433105
1283.250977
1001.276428
-393.007538
1062.574219
978.843018
-1252.002930
-1148.208496
851.674561
-1026.096680
-2071.138672
19.295410
361.974854
-1069.315430
641.812500
47.904297
-821.857788
-697.253662
255.707153
-237.196289
111.035645
812.105957
203.537109
663.378906
-296.349609
-1785.968628
-249.322021
1463.627930
1751.683105
1721.584961
-1121.299805
-686.008301
1060.443848
1543.025391
1108.226562
-492.015137
-4527.931641
-2441.297363
1607.555664
2286.151855
2521.226074
631.590332
-288.461914
-351.874023
-695.727539
-1103.299683
-1140.970947
-331.418335
70.781250
-2169.078125
-4408.143555
-2692.287109
-419.713135
551.061523
657.965332
2167.210693
508.469727
417.441406
2642.736328
-397.636475
-1232.263184
-344.857849
-1423.767090
498.130859
1336.280273
-574.112427
-1053.271240
1366.669189
2117.715820
1196.785156
1314.235107
503.822876
34.491211
499.930176
-605.963379
-389.436646
-213.730469
-547.762695
779.708008
2363.131592
179.493164
8047.868652
1239.877930
-1214.866699
1735.108887
629.475464
-911.562134
-376.625000
-1501.289062
-2317.232422
-717.097656
105.392090
-699.403564
-841.210815
38.585938
-452.735352
-1779.808594
1250.306641
-86.439941
77.629883
965.585938
-11.455078
164.153076
-785.693115
722.243164
-342.131836
-1208.151855
-559.843262
-126.430176
182.000000
-698.871338
273.953125
922.579102
-140.330811
288.985107
-51.957397
-560.844971
-710.688477
-403.352051
548.099121
-14.146729
-717.395508
-2767.271729
-3942.749512
-392.531250
1026.142212
-380.031738
-174.054688
-664.493286
-40.578125
963.390137
2058.497559
3760.177734
-500.136719
-52.008789
296.952789
756.043091
687.287964
78.142174
-1247.012939
-599.136719
97.510742
-1565.857788
326.784180
1361.976562
-198.102783
123.745605
-1089.405273
-1972.385620
973.017944
-242.350830
-1843.223999
-260.921082
976.895081
1265.573242
373.231262
-931.801758
-650.770020
-792.682617
-993.001953
-502.854248
-852.998535
-74.617676
-147.873291
102.359863
-35.533691
-647.996460
153.207031
317.064209
-329.771362
-232.793945
787.976929
876.260010
-229.365723
58.862305
147.835449
-378.048828
427.351807
-20.023926
-783.306641
-525.355225
-61.385254
1882.074463
2154.187012
137.300293
678.440308
387.708984
-95.751465
-362.085571
-340.614258
-119.950195
-372.669067
737.179199
242.918945
-953.449219
354.108887
430.107910
-406.373657
51.574707
38.759766
75.169189
-886.068359
-352.351074
624.472412
-35.463379
802.792480
1285.865479
1377.066162
1116.697754
1156.673340
31.444824
-1256.896973
-832.879517
495.310211
-464.359802
-1240.443604
-78.757324
-2061.537109
-1600.520508
-446.677246
-1025.530273
-1196.637451
-536.878418
-794.022583
245.374146
774.029175
-1212.497559
-2915.720215
-2823.578125
0.999023
0.272644
537.580566
2379.438965
1042.543701
-514.672546
-810.404785
-780.944458
931.506348
13.011230
-1855.437988
275.170898
-484.063232
-1123.253418
-300.755737
746.443420
-1126.049072
-711.934082
608.135620
21.248779
644.285645
669.748047
186.212891
-830.962891
241.972656
169.899414
1100.911865
-248.860291
334.914062
1196.354980
626.543518
1207.932861
1005.566772
409.662598
-71.680176
491.702148
-148.919922
-1760.761719
-608.037109
898.193604
-44.536133
680.514648
-257.714233
-1405.358398
-870.276733
313.227051
647.745117
2218.180664
-95.878906
-1339.481934
-2244.457520
-2622.845215
-489.074951
1187.530762
-453.645996
796.237305
-598.040039
-997.127930
2931.149902
296.920898
-997.262207
174.214844
927.328613
1027.504639
-54.207275
-775.018311
-3142.046875
-2802.714844
-4067.235352
1956.398438
681.768555
466.459961
-1.804688
-52.738770
-968.267578
1076.892578
2075.297363
-568.742188
317.022461
230.788086
74.905273
1885.280273
2413.049316
191.127686
-585.596924
-185.380127
1159.810791
110.370605
-373.959961
-518.158081
79.571777
1801.557617
1708.815430
-662.964600
1106.395996
675.929688
-850.714600
-436.354980
-826.802490
-993.711670
-383.547852
-99.972168
-1168.524536
-185.930420
-856.524536
-482.415771
107.855835
-1067.592285
-957.612793
-72.024780
-796.389160
-131.780762
-262.555176
-874.586914
192.555664
-143.321289
-1865.457520
-1489.529297
698.931641
-2166.868164
-3399.467773
-1364.947021
293.880371
139.987793
-307.330078
2124.296875
397.908203
-1352.213623
78.191895
208.858566
1691.396484
1201.782227
1343.141113
1120.286133
-4008.685547
-1808.774902
1415.277344
2385.590820
1540.182617
-1327.777344
-1421.049805
-4573.947266
-475.260742
772.072266
508.139160
1206.896973
1701.208496
81.808838
-543.004883
-1763.155273
-2476.996094
-524.701172
-196.906006
1199.439819
1435.479126
-18.293732
175.891602
-370.045654
-1874.589233
-1859.115601
-585.640625
781.732422
1863.827026
1140.121582
1207.111328
1068.008301
-43.999756
-1001.266968
-181.737305
1575.661133
1024.445801
-1143.633057
-1872.568237
9.268066
604.008057
556.613037
-898.332520
760.673096
379.678955
-154.992188
1247.704102
727.333984
306.186523
483.173340
-1027.361328
269.062256
939.763428
-1217.783203
307.735840
-421.157227
1031.678223
736.768372
-721.521118
591.826538
627.128418
-218.897217
951.094421
437.598877
162.059326
460.007751
-48.582520
286.938965
-48.624268
-425.056152
-739.619141
116.167480
1052.899414
427.152344
2622.157227
2254.200195
-1024.743408
735.704102
-253.976562
-392.065918
-684.852539
-2349.690918
-928.259766
1442.734619
619.537598
737.689697
279.502441
-2176.961914
156.086914
728.533203
-698.522888
-1352.795410
-2688.996826
-467.289551
1445.733398
2241.821289
575.770142
-5225.783203
-8230.701172
-2913.917480
1090.709839
-1447.187988
-1244.619141
-664.112305
705.182617
1892.440430
-325.944000
-1349.166870
-906.713379
-69.464355
-1407.215332
-820.911926
-1340.060059
-3987.058594
-2192.534180
-16.370605
1482.951660
-222.740234
862.547852
-1131.222412
-1004.782959
112.229004
1689.753662
1321.560791
960.488770
460.159912
2204.173828
2526.586914
-935.062500
-617.179199
-1017.286255
-746.183838
-1162.533447
261.003418
315.465332
-245.885254
-254.553223
-326.900604
819.890137
63.138672
-786.922852
-849.707275
-292.247009
-83.193604
788.075684
-130.857834
-125.386719
-1451.343262
-68.058105
-73.954346
1065.966309
502.250000
-422.659668
-549.930176
798.737305
-197.317871
1231.094849
-919.851074
242.607910
-763.541504
-281.380249
-1180.736816
-870.519531
319.340332
-864.039856
-355.650635
-663.701416
-48.853027
243.659668
998.094971
933.867432
1252.634766
2776.256836
1140.445312
559.684570
319.999023
-18.344238
-11.422852
8.114746
-984.275146
-914.886230
-828.994873
337.127686
2153.895996
1207.125000
21.684204
574.381348
1786.996094
722.069580
-97.203125
-339.984375
-1842.970703
-456.969910
612.231934
-750.217285
-329.865112
-306.143555
858.569824
1219.371094
165.853516
353.232422
-443.632568
-958.046387
434.195312
1144.222168
298.290527
368.742188
-241.470703
-128.390625
807.089844
-1101.398315
-1439.055664
-161.535156
-478.847656
335.893555
383.789062
642.824219
484.532715
1505.999512
1208.445312
508.603424
787.346924
340.917236
1027.463745
1434.061890
-25.757568
232.334473
338.225586
266.345703
886.098694
1401.868652
1183.572632
995.620605
98.095703
-244.935547
-356.124023
-1193.701904
-1807.473633
1064.701172
-862.013428
-1447.874390
411.613892
-2582.157471
-1452.767944
782.619507
-475.175903
-1370.337158
-743.960327
-645.086792
-933.857849
532.339722
1303.907227
1304.191406
-101.043457
1217.667603
2259.535156
1170.445801
127.289856
-2801.473633
-2027.991699
-965.002930
391.796631
3167.509766
2416.092529
1755.386963
1352.103516
-114.214355
-633.215820
-3770.338867
80.736328
286.823364
2560.511719
1091.887695
-670.779785
246.432861
-962.549072
325.324951
969.960205
-889.040527
-3058.157227
1785.191406
1962.656250
861.508301
981.036621
441.720703
-228.944336
-997.744385
-1307.411377
-952.708008
-907.340332
-676.080566
16.260254
65.359863
1565.500977
438.944336
229.768555
293.515137
-521.043701
669.380981
338.538605
-1305.833496
-1162.500488
-260.635742
-362.599609
-1892.148438
-964.449463
733.092529
-13.710449
-2375.845215
-934.544434
1324.424561
399.840332
288.466797
-1673.356934
-1271.093750
-139.751465
407.913025
1484.475464
1215.475464
-579.524536
77.015503
554.807861
-893.743774
-766.643188
656.329346
136.624756
3145.818848
-1173.914307
-578.610718
-114.308838
1282.141357
-174.019043
-729.893555
457.710693
-732.559753
-1042.597046
571.132324
1291.945312
922.817383
323.305664
-103.145630
-476.775391
800.361816
6.992188
340.112915
1400.496948
-651.126465
475.382935
1642.478760
-524.513000
-1437.169922
-1249.549805
-974.644531
-798.983643
123.135254
905.028931
750.532959
1126.457031
1220.958008
-22.560547
-535.479980
-1098.812012
-385.418823
-463.432617
-1153.133301
-655.332031
-408.840820
281.934082
1227.148438
997.657471
34.604980
-75.431152
1528.372925
730.220947
148.660156
814.120117
-1212.462891
108.276367
-991.555542
-1014.825195
-1183.021729
18.396973
3218.811279
2321.307129
-543.563843
866.517212
1699.571533
-520.465088
-264.173584
-80.258545
-384.444458
-624.371338
-1353.589355
-2244.057129
-466.018311
-657.541504
240.095703
509.634766
546.557129
1215.973999
281.728516
280.411133
-755.860962
-129.024811
180.156250
-29.897461
432.849609
1109.440430
-763.389404
-2451.425293
-828.709595
241.698486
-13.372559
1211.395996
413.312500
-1220.628418
-99.897461
801.946289
-579.785767
-1101.270508
611.365234
-1606.129639
416.455933
1208.984741
1064.475464
649.634766
-589.068359
-640.513672
664.771484
-310.799316
306.219727
3100.885986
2778.209473
1824.887939
526.003662
-1068.541504
269.995605
89.687500
273.699219
1839.016602
1181.258789
614.996094
844.202026
-486.449707
-694.588623
-918.627197
-529.427490
1281.625977
414.718506
252.172165
-55.595215
-1118.064453
586.300781
742.100098
956.771240
1022.391846
537.093018
130.681641
-371.868164
-681.619629
-1196.585205
-1748.629883
532.519531
1300.436035
-341.139160
-1341.137695
-1242.441772
-891.277832
780.373047
-198.809570
1017.618652
1114.286743
-976.673828
-412.377930
-1019.614746
304.135132
366.097412
-945.049683
-666.876953
1100.575928
788.756042
181.909256
117.070801
-31.588867
-3315.052734
-233.866699
1387.060547
-89.037842
3019.948975
445.056641
-1951.144531
-2230.165527
-45.952820
-279.307129
-1154.246826
110.126953
-1518.660156
-1227.232422
-603.189453
-1076.351562
327.104980
293.656372
275.875977
-1026.422852
-5090.226074
-3266.901367
-1372.073242
93.726074
-2830.158936
-1421.625000
547.375977
-241.580841
-2423.786133
-3804.072266
-2979.669922
-477.450195
524.475464
454.653809
1063.911133
-1301.293945
-364.884277
-888.868652
-664.879395
77.716797
-66.006531
1102.094727
297.955566
-685.027710
-172.708191
2712.142090
2695.903076
-576.883667
-433.052429
-304.203369
-2400.312256
1080.324829
1462.484863
419.567505
-118.382324
-93.512207
300.869629
744.686157
386.897827
1166.740234
1264.462646
-411.425293
-586.179688
-694.992676
-2517.275391
-2080.276367
-1908.546875
417.517578
822.769531
-1108.623291
259.205353
329.147461
952.064087
256.978271
-1729.535400
-1313.646729
289.242065
-285.167480
2347.176270
2519.492676
-356.203613
301.103638
-6.051758
-755.758789
111.916016
489.699219
474.178955
1784.952393
4764.616211
1814.051270
-1082.895020
586.409912
431.732544
831.746094
445.553711
118.057373
-3360.480957
-6262.561523
-1663.758545
1057.672607
3918.282227
-1441.892578
602.254395
-494.708252
-1126.125488
-246.454834
1429.118408
1428.329102
-372.864258
-654.793701
636.475464
-34.374023
-1043.370117
1059.792480
97.880737
-1631.202271
-1335.641479
-974.566895
671.305664
1001.468994
284.096954
575.007812
-1711.339844
16.740723
-1468.239746
374.203125
-2230.633789
-815.093750
909.198975
-930.146851
303.088379
-592.845947
-1363.871826
507.532959
1440.284668
1442.607788
1492.084717
95.598145
1588.233643
2925.837891
1586.811279
-643.096985
196.132080
540.012695
-554.789307
626.240723
1685.708008
3353.227539
4581.059082
4999.685547
3633.542236
431.445953
-482.959229
516.892822
911.644775
-181.580444
-2021.096924
-2631.091797
-1851.342773
484.523682
942.407715
851.093750
949.632568
1075.272461
-941.579102
150.639709
1547.016602
736.836914
166.972168
490.552490
-1194.691650
-2696.566895
442.331543
29.553467
-1401.916992
18.541016
1147.743164
879.813965
-2234.896484
294.149902
-180.061401
18.240234
-239.785431
-685.410706
36.091309
-912.141602
-1389.337891
43.778076
1880.528809
1996.401367
1031.271484
-537.178345
1866.760254
578.110107
-186.152588
2157.335205
4588.580566
3886.849609
2858.062012
618.707703
-547.896240
-612.176270
-2674.614746
-1305.555176
-56.857834
-1387.495117
-1130.432129
-372.225586
1708.933594
4052.235352
850.031494
-541.477539
-1726.519409
-1619.157227
-374.638184
-83.028610
-1255.806152
-975.814941
-3106.326660
-400.041992
493.460449
583.103271
-258.039429
-293.558716
73.385658
-1622.718262
-3322.834961
-940.553711
-313.508789
-178.554871
-496.511292
-1240.589111
-825.950195
10.651367
3436.892578
3406.056396
424.290039
1235.064697
721.173340
-1416.671875
-1565.236328
1903.968750
736.616699
889.870117
1242.697754
556.721680
69.404907
109.473877
-382.250000
-591.618591
-296.455444
829.053467
-23.917969
-386.885742
-3.871094
298.648926
298.811523
-317.606445
-639.368164
-588.557617
-873.853516
437.343018
1268.383301
-779.484375
-937.953857
756.318115
-416.332520
102.523438
-12.015503
-1005.255371
-409.037170
-197.412109
-123.200195
-1953.676758
174.981445
-268.124756
-1014.613037
-406.037476
-700.351807
-3273.037354
-2538.581055
-776.573242
-1125.289062
-366.624023
-329.159485
402.474121
521.365723
-486.138428
-1997.805664
-2168.358154
-1614.836426
713.351562
464.068848
-159.354004
93.831177
111.492004
-551.678467
742.709961
618.212891
-618.611816
601.249878
674.869019
-943.611328
1528.458008
3595.287109
412.945557
-371.417969
285.203125
-804.164551
-549.420166
-1264.238770
553.615845
179.476074
-1384.072754
1030.579712
1518.634766
1271.513184
86.674316
-535.737305
804.611572
1903.297974
1186.860840
289.801270
82.411133
1274.958984
23.557617
241.134033
530.383240
1146.674072
215.686768
-838.936035
321.751465
4158.017578
1087.082031
-1071.793945
137.306152
837.379150
-927.360840
114.543457
884.471191
152.158203
-777.984863
203.208496
1517.716797
847.786133
-78.564697
569.894043
206.578857
-198.664062
707.081543
121.695435
764.788574
-2567.753906
-3413.900391
-310.115234
282.738037
1075.252930
1812.363770
-757.901978
746.252930
-1184.188477
598.885376
1704.171875
-762.295898
2466.842773
883.973633
-1009.314941
-743.223633
421.926758
49.542542
-384.947754
1488.074707
157.356323
-642.875000
-1816.501953
-660.683594
1323.749512
-210.056763
-342.729980
-1253.260254
-2911.020508
539.932617
999.920898
338.959473
1577.040527
349.934570
433.623047
158.091187
-17.132324
979.708740
-590.615479
-1626.432129
-1887.618164
-259.547852
-1447.036133
-1635.499023
-80.426758
1163.202148
-1202.648438
875.457031
705.801758
1323.315918
-31.308350
805.544434
-781.129639
-311.128296
-836.857849
-939.494568
-31.739746
-1014.084229
-2674.972656
-2600.775879
45.698242
266.178711
505.677734
596.190430
240.269531
288.768555
492.575684
-368.427429
-439.686768
-1108.235107
877.825684
867.201172
1143.023438
217.985596
-1175.894043
-1845.138672
-105.529297
1621.032715
1671.767456
1013.459961
-1539.619141
-324.321289
-143.070312
-646.191650
-600.497070
280.774414
-46.221191
-1605.475098
-1593.157715
-1248.616943
308.015869
-1268.532471
-203.053711
1182.949951
1038.880493
-958.602783
-115.294922
726.004395
-295.996094
238.866699
363.672852
-1522.456543
-1541.488892
-952.581543
207.836975
444.325195
-1082.099609
-2276.195312
180.967087
940.877441
1515.768799
-70.896240
-1110.376953
-328.089111
554.512939
1448.685547
-255.868164
972.901367
931.500977
246.146729
184.113037
529.765320
82.030212
181.759277
503.974121
1485.926270
116.534180
-683.239380
411.340332
-36.663086
130.059204
1212.977051
767.459473
-30.367676
316.998047
-300.166992
507.769775
1330.538086
-1439.171875
519.142578
-166.070068
1027.849121
811.275391
-288.719238
407.370361
-390.919434
-140.349609
-1372.623047
871.142151
-271.847656
497.950195
843.266846
-1004.524536
407.780273
4158.011230
3267.518066
871.131104
615.956604
-888.256958
62.596680
239.290527
26.733643
-821.917358
140.332214
429.382324
-176.854004
16.854492
-244.820312
-1065.880859
844.469727
-80.395996
1945.812500
1322.714844
410.382568
-147.269318
-712.858765
282.498383
-104.984375
-3040.076172
-230.759277
1581.130859
2084.234863
1928.220947
-1897.472656
-3361.411133
-3138.968750
-163.735962
445.290039
-589.112427
-989.249023
-1788.007812
-4391.834961
-1907.285156
-561.640625
830.712891
1075.212891
260.985840
476.607910
-462.496094
-2341.797607
-2021.857788
-657.694092
-273.896484
378.595947
699.042114
-1351.043213
841.052856
639.391174
-246.782471
1210.867432
-437.857849
-4750.198730
-3131.782227
-583.065430
1473.608887
3939.662842
2668.716064
-605.784851
-2026.611084
-329.627197
752.768555
-222.875290
-180.789429
-58.677734
-962.485107
500.693848
339.830322
-1120.514404
91.034424
-1040.282593
-1801.270752
-27.346451
1716.589111
660.698242
379.895996
1346.182861
97.938965
-832.813232
105.202881
-388.455566
-1520.684814
1576.351074
1151.235352
291.500977
546.322754
727.433594
-255.585449
-43.293396
1015.483887
-1092.919922
-1888.665039
-1779.339355
-696.071960
685.474609
871.926025
-134.756714
427.846680
-145.197754
-192.906738
1061.542358
-590.549805
-1019.364258
-235.179688
1.544922
-974.518066
-919.476685
-811.155029
-485.826233
-393.901611
-536.022217
57.815674
54.075195
-33.553955
-595.940918
924.082275
2103.475586
-477.688110
-168.468445
472.781738
340.136719
103.956787
-542.609619
-1323.151123
-1231.441162
162.232910
644.068726
826.260254
1230.498047
2008.902954
1538.297852
-837.769531
994.101318
547.128906
704.011719
1110.460938
208.166016
644.414307
493.574341
-2359.599121
-2407.213867
18.437988
92.643509
225.163574
-123.452637
-511.716553
-965.295410
3.683105
-728.141846
-1747.179932
38.070312
352.628906
944.341309
1554.385742
691.339600
-994.526367
-464.425781
-1583.133789
962.317383
573.225830
-353.501953
-330.495483
-1660.628418
-1907.389038
186.204102
663.204102
755.667969
1257.098022
-633.777344
-447.859863
692.107910
274.647949
-54.772461
-835.767822
-1106.385254
-363.690918
-200.494461
-1074.740967
-120.446533
1074.430176
-209.590820
-744.636963
226.101196
-941.806641
-739.429077
1655.683472
1103.309814
-557.666748
538.682129
634.204590
521.584839
1259.896240
1230.259766
339.652832
-456.455566
-681.180664
503.134766
544.812012
-217.723389
-50.636719
-2438.373047
-3313.027344
-614.788086
628.898438
-55.553711
245.217773
2508.145996
4337.235352
4148.038574
956.387207
-639.685791
-2040.985352
-1834.448242
1039.810547
612.751587
730.876343
1174.525879
1480.824463
818.811523
1116.315430
557.096680
-595.019043
-2860.942871
-2808.845215
-797.198242
1166.320068
-155.685425
-570.699585
-312.837402
-71.947266
-66.341797
-833.905273
527.482666
33.142166
206.116516
-1163.866699
309.662354
3444.857178
2949.475586
1395.995117
2101.436523
2107.882812
1125.040283
315.062500
-264.973633
-234.331543
-335.922363
-229.007812
-1339.147461
-1413.895874
1787.000977
540.280273
893.754395
1578.219727
-417.147705
-28.687012
783.675293
590.723145
2313.729004
3609.410645
-563.614258
-357.293945
-126.411133
-273.953491
-208.229980
-471.273438
-1953.750977
-1317.418457
-37.109863
18.385254
-191.033737
-1068.981445
-2956.864258
-2112.894531
674.304199
-12.370605
-747.792969
-269.731445
341.526001
1367.435547
1870.595703
-321.244873
-666.937500
129.131592
-546.543213
295.724609
1613.928711
952.588379
-351.551758
-1165.238770
92.293945
-1373.804688
-101.868164
-74.224052
315.746307
-621.542969
-1338.499023
-2207.191650
-1527.551758
-194.080566
1368.142212
-270.408936
-402.207520
239.014648
531.981934
376.968750
-1012.308350
-663.463867
360.806885
-420.821320
-678.657227
-1022.691406
1181.953125
2869.305176
2799.898682
1423.192383
357.001709
489.338135
438.330566
-1219.159546
-597.776855
470.309448
-881.398926
-776.940430
746.767090
-753.929443
-897.751953
-2104.483643
-246.405762
1335.432129
1151.628906
1066.954102
484.582764
329.322266
-769.956055
-688.004395
1342.963257
1090.236328
324.136230
-686.773682
-229.428711
94.997070
-1955.820312
-0.346924
-635.478394
856.618652
597.711426
720.046143
434.990967
319.743164
630.263184
239.583496
-1411.166504
-1706.935059
154.617676
1237.069946
337.724609
174.869629
835.857910
628.872559
219.218262
-505.133789
-81.801758
218.936523
2186.014160
4722.660156
4254.392090
-84.414124
-1417.047119
-283.400574
-133.137451
686.113403
1997.287109
2312.503906
2673.646484
699.317505
-346.866211
824.397949
-240.889923
-292.772949
739.169189
1783.697754
1149.082764
219.768799
-251.406250
972.845703
730.847656
567.173340
-231.609436
2292.447266
3999.867676
1525.914551
-272.650391
-2616.594971
-882.979004
636.318848
731.600098
631.993164
508.493164
-76.986328
1022.434570
3970.223633
1279.909180
307.751953
-650.895508
-2067.714355
-615.419922
652.886719
778.217773
685.479004
707.022461
-839.485352
-1114.843750
-406.842529
2496.347168
2022.563232
1652.902344
1240.785156
367.401367
-1705.572754
-4597.963379
-2217.710205
-3567.520020
-620.827148
1294.128906
830.688477
167.276367
-460.105713
-268.842590
-310.312927
1456.567139
772.668945
831.479004
1282.074463
-1566.524658
62.507812
-626.881348
-122.616577
1594.935669
1860.051392
244.253906
-427.912598
-1219.817383
-42.404785
-1532.395508
-259.984375
343.463593
578.186523
719.985352
48.901489
-483.406250
359.579102
-215.002045
37.174316
-404.994934
-2022.801025
-1890.024902
-237.336609
611.229980
274.982422
-684.701172
-710.487305
161.517761
-237.149658
490.894775
285.480469
-1234.751465
-454.532715
879.026367
170.751465
892.475525
-859.716309
-2376.134766
-427.675293
-352.592407
169.898193
623.858887
-446.103027
976.103760
2854.769043
3011.908691
-111.538940
-88.459229
1787.858398
-372.555542
-400.422241
-9.083008
-466.421143
179.376465
56.292969
786.035034
1057.317871
1116.672363
3949.625000
5748.250000
2879.404297
280.887695
-6504.435059
-8704.370117
-4564.175781
-588.904968
1561.214722
480.445312
1464.985352
1651.421875
288.335938
-476.459961
-2290.988281
-2214.589844
-930.038086
195.969727
2098.876465
672.916016
103.559570
503.935547
724.130371
271.782959
-632.977539
-252.030762
323.567871
665.357422
297.563477
-1070.641602
-1122.263428
-1434.524414
-370.403809
495.808594
221.306274
-297.582031
-607.214355
-2971.510742
-3077.599854
-1297.711182
703.496826
-1724.555176
-442.985352
304.822510
650.733337
-101.560516
61.740967
-646.185913
525.026978
2519.352783
756.491699
-1497.962646
-835.005310
-225.534180
216.078125
336.210205
323.415039
-101.871094
369.511719
-319.855774
-2912.015137
-2412.849365
146.352295
-447.065186
-1621.123535
-5.768555
-104.844727
-796.500488
-758.381836
143.085083
586.213379
-1008.265625
-874.957031
-560.595703
-555.884033
1515.381836
32.105469
-240.963867
-3.852539
-265.529785
64.332520
-831.321777
-443.254395
-404.296387
-443.945557
-1338.294922
513.466797
540.838135
732.763184
-977.356934
505.095093
-284.569336
-352.166016
1498.752930
-15.897949
-305.642944
844.989014
-1457.701172
-4953.709473
-4774.810059
-867.724121
836.944092
659.827637
1428.629883
583.495117
-6.480469
150.081543
27.792480
-203.863770
445.310059
223.511230
1457.900391
-471.360229
-226.096191
670.808350
1403.265137
1156.009521
909.658691
2847.916504
-840.235596
-875.938660
1033.680054
435.336426
983.740723
3018.336426
1515.958496
-1231.669678
43.190308
-259.742188
-474.945435
-206.590332
-76.469238
240.794434
622.636719
491.295898
-597.818359
-877.346191
833.023193
611.191650
521.093811
222.770752
786.514648
-142.345703
544.202637
1453.645630
375.195068
183.560913
-59.375244
-3386.607178
-1517.855469
2070.718262
-360.496094
25.766113
-61.444702
1513.816895
1093.364258
-600.317505
-12.798828
40.547852
838.928345
785.314941
2665.747070
7002.939453
3835.124023
916.660156
-119.264404
-1048.351318
-1268.524414
1262.142212
879.922546
1472.180420
-5.876648
-769.920044
-699.628052
158.472168
833.325195
-348.589844
-3130.481445
-1454.554688
572.471191
271.458740
-96.010986
545.907227
796.666992
947.544373
-235.447968
-655.999878
-1822.632080
-286.342285
-835.580994
682.740234
-1618.598389
-2672.524414
-110.251831
961.912292
2689.210449
2603.601074
-995.063599
-615.388184
-1.551270
553.371277
918.475342
556.319580
100.916382
-395.676147
-940.026001
-188.050293
690.200439
295.201172
56.161133
392.655762
181.435791
840.073975
883.142151
-480.407227
559.444336
-264.738037
154.886719
474.753418
-440.440979
811.266113
1771.873047
529.328613
792.400391
-147.927734
-238.569336
-828.531494
113.638916
1146.187744
688.391846
385.050049
436.433105
127.840332
-426.319824
2819.048096
4272.094727
677.438843
-222.130371
201.021973
-1130.342041
187.309570
1310.439941
-427.615967
1545.678711
2372.374023
1612.472656
-903.700684
-208.309570
347.623535
-960.697144
-478.054199
49.989746
120.676514
-2323.953125
-1987.850220
1311.282959
775.312744
-365.832031
1164.968750
-292.989014
151.180664
154.782227
193.617676
-991.771118
-949.226074
546.676758
490.828217
699.927734
347.824219
1553.508789
-245.681152
34.665237
-960.029541
-457.001953
1127.554688
-698.812500
-861.789062
-794.543091
-110.715088
5345.354980
6125.084473
1307.258301
-951.994629
251.688950
6.962036
728.440796
1788.578613
807.333008
-1439.014404
161.593750
520.934814
-1320.963867
-685.582764
721.457336
437.087891
-747.672363
148.091919
-1102.207520
-2147.983887
228.802673
340.538147
727.300293
2224.341309
-1074.454102
-1793.110718
-713.162109
-1343.291992
1611.161133
2318.294922
319.436768
-280.971191
583.019531
474.553711
-148.562500
-340.603516
-542.573608
840.428711
1318.000000
-461.514648
-649.348145
-1815.521484
-864.083984
867.117920
668.433105
-785.409302
-747.193604
-80.105469
341.326660
1484.298828
-448.037109
-23.499512
-78.923523
520.303955
1610.189697
1246.475464
768.878296
-493.507324
-2165.817871
-628.549805
-184.850342
-674.448730
-1949.361572
683.275879
-248.191681
-722.422363
845.924072
500.427490
1702.547119
1470.333862
-171.695801
-3151.781494
-2345.167725
161.899902
-51.517822
-1991.817993
-142.580078
959.536133
1.790344
-418.077637
919.158936
379.829346
92.430176
295.982422
630.801575
-418.442383
-794.691406
-2214.805908
-4448.462402
-3485.846924
-3842.755859
-3527.753174
-216.949951
152.754395
-349.902100
1329.365234
-224.985352
-1596.409180
-1196.238037
143.635864
514.519531
-474.752441
-879.398926
-1303.656982
579.911377
1251.551514
284.080811
909.422363
796.232910
-444.468262
110.923096
482.851074
-33.618286
97.455078
1723.019531
379.494141
824.006348
1264.895386
247.797577
-1226.622681
-805.706543
1005.649414
427.863770
-922.154297
-366.016602
-1602.033203
-395.722656
-3386.551758
-5992.392090
-1388.263306
3597.531006
7648.222656
5760.659668
655.950928
621.902100
300.725342
2395.960938
3292.810547
-200.336182
-210.856873
15.191406
-798.255859
-406.101562
949.655273
1343.715820
2316.625000
1138.898926
214.267090
138.323242
-1297.098145
-3059.052246
-1210.713135
-614.209473
14.816650
-436.886719
-1097.693359
-1981.953613
577.047119
-563.675293
-32.345459
-68.590820
775.529297
2600.925781
-1579.390869
-164.459473
352.454102
-209.114014
1172.822754
3702.610840
-116.289062
3045.235840
457.349609
-619.176514
256.512329
352.778076
151.324707
2189.513184
5036.023438
2773.366211
-1122.904541
1040.980347
73.609131
-206.802734
1766.970215
1621.399170
-949.356567
-512.250000
-275.143738
-186.098389
-526.120117
-1453.574707
-1413.748535
505.052246
479.867310
250.200195
314.910645
110.765137
-988.415039
703.480957
717.071289
-650.233032
-133.967773
-909.813477
-2259.783203
-872.470215
898.335938
1085.586914
-1072.312500
-531.466309
-963.442017
-229.532135
137.712402
-1696.490234
-557.321777
1250.467285
-805.079712
-1252.526978
-297.220520
-97.907539
-918.736572
30.542480
-524.619141
135.844727
-632.764648
-150.811768
1145.135742
556.061035
638.921387
-272.713379
-806.171387
-35.622559
-377.074951
-439.703247
-2028.196045
-1409.636597
712.839844
219.579102
-854.986206
-1774.558838
-393.600830
-486.245483
-421.108398
272.968262
-2.625244
-427.405762
922.664551
1880.847168
742.272034
-341.834473
1844.893677
492.473633
280.513184
4051.726562
3638.121094
644.120361
-476.981689
441.646484
773.168945
-778.871582
-1068.108276
215.449951
-300.242798
-1046.743652
-1009.517578
-148.456299
624.368164
1027.290161
525.264771
555.187256
700.345337
60.913330
403.263184
223.280273
-31.906372
-290.330078
-74.442383
-446.827637
24.220703
-1583.493164
67.383789
-388.696228
326.701660
2744.757812
104.000732
-1193.973389
814.542969
-84.708008
1165.905273
462.807617
169.686035
-299.161072
-409.428345
-80.038254
905.965088
-687.189941
-870.122559
-341.087891
-771.107788
1029.651367
-1200.966797
-2114.965332
152.195923
-8.273926
-451.353271
344.788330
352.326172
464.786621
-681.357727
-195.628906
704.637695
477.656403
765.792725
733.967468
127.503418
-1340.177124
-638.875977
591.364258
-267.927734
60.276367
254.857910
-421.423218
661.406128
1424.504272
319.257324
153.126953
454.422363
558.904541
1163.115601
-599.310791
-2549.408691
-31.401367
-394.999512
1962.766602
6093.466309
3066.274414
-621.498413
1067.507812
287.142151
-115.758057
-712.980042
319.392578
-2794.447754
-3038.939941
203.062500
-387.862671
-735.663208
-646.588867
-1554.659180
-1043.832520
476.862549
1963.850220
1858.113770
-480.692017
-604.737549
386.634277
380.521240
515.390381
373.867188
5.200195
1015.888184
510.909668
42.471680
574.855713
670.399170
469.489380
-782.304443
-757.955811
-444.900391
686.527344
156.661621
-243.130859
310.924805
-357.801758
-597.364868
452.006836
1278.520508
-907.626587
-364.020020
-486.048828
-1531.687988
-79.813965
-333.716309
934.306152
140.578125
556.821777
905.335266
-439.393066
940.579102
880.488037
-752.911438
503.755249
1042.953247
-2070.326172
-4746.339355
-3099.310547
686.298340
1244.613770
302.274902
349.177734
126.541504
578.697266
-860.871094
-2868.025879
-5307.916992
-2516.593018
753.537109
582.890625
-375.216125
-1011.098145
-342.036133
-1065.108398
-131.349731
1324.037598
599.910767
-52.453369
2335.262695
3721.418945
2443.182617
-588.230469
-1032.376953
-20.346924
63.914795
367.082520
969.701660
435.575928
450.142822
-1002.594666
-1438.857666
-1666.346191
278.312988
-1056.641602
-41.773438
1809.731445
211.192871
-14.124878
293.026611
-2146.406250
-103.954590
-565.790039
-373.871033
472.475464
-320.132324
-485.880859
198.901855
-632.857849
-40.034668
1336.926758
245.031250
3132.851807
2096.509277
94.254883
1932.521240
298.751465
276.087402
1175.785156
13.255127
-222.277832
213.812012
875.983459
445.924561
-749.353516
314.519043
827.412964
132.194336
529.575195
238.316895
187.560303
434.523438
-2484.807617
-2792.857910
-2197.679199
-1162.433105
-415.422363
546.593079
691.595215
-975.576904
-1559.038940
209.676270
40.131348
300.045654
1117.144287
-1227.171387
-811.731934
365.915283
2854.882324
1389.420898
-431.439453
91.385254
-1707.251953
-2301.399414
-1725.208984
-2098.291016
-3170.816895
-2093.533691
-344.144531
269.836914
32.099609
-2114.680176
-4561.612793
-2982.441895
-509.015137
528.445923
-209.048584
290.502441
18.937012
437.753418
-222.521729
553.244873
486.570801
-444.840820
-697.704834
152.839844
-3696.916504
-7564.028320
-4438.877930
641.501465
996.748779
2248.593750
2620.192871
1895.668945
2799.991211
1562.502686
-391.692627
-1697.963013
435.142151
2546.537109
7677.983398
6579.582520
1993.247681
1379.219727
718.366211
-1131.918945
-376.182617
280.490234
-428.260742
-328.861328
-1545.524536
-1708.436768
-114.143799
1182.973877
556.266846
1335.040527
1779.913574
1035.494263
36.473633
193.579102
1473.875000
738.445068
520.177490
177.636230
222.086914
-655.015137
649.872314
806.702148
-546.653015
-31.970947
-144.209229
-265.037292
-213.841553
-266.158203
-360.284180
-246.749023
-585.800049
-611.110840
105.694336
39.565918
-165.809326
282.503723
528.417969
335.218018
1433.855713
-706.150635
-3843.728516
-3873.212891
-2931.141113
13.745117
-703.573486
-1362.004883
-220.985352
-121.560547
-107.222412
205.270004
412.039062
1607.499023
-290.068359
-1043.434570
661.113281
67.317383
-553.879395
1383.488281
602.819336
-456.984131
-1213.752197
-1158.365845
-1963.198975
-1682.683838
2576.039551
2744.315186
2254.096680
548.000977
388.772949
-791.262451
-411.722534
-226.798340
-4139.783691
-1606.811523
-531.570312
-799.544434
725.347900
-137.423645
-330.729523
139.260132
312.175293
-389.910645
-731.963379
-944.911072
-1128.471802
-602.658203
-1180.904297
-2359.544922
-4121.587402
-1123.011230
805.160645
268.077393
191.343262
-89.602112
-495.822388
414.358643
-261.676025
59.674927
362.193359
-1646.857422
-561.844727
71.052246
476.814941
932.768555
18.520142
1897.927734
1796.569336
-29.143555
-1131.973145
-56.138672
423.985840
1072.895874
469.516235
1466.922852
-258.845703
2760.321289
192.171387
-671.953491
-1013.210205
-962.971802
-329.981873
1989.464600
1137.336792
-299.863770
-2007.818848
-2226.946533
-136.616211
454.167969
1707.641602
3063.703369
-66.750916
-1176.855469
-1496.633789
-2083.252930
607.307617
-597.603027
631.743164
971.171631
368.525635
-146.244141
92.475471
-622.501465
-1097.260010
-181.394348
549.549072
597.298828
619.824219
-743.694824
1147.058594
2992.607910
211.876709
-154.841797
537.350586
334.956543
904.570312
894.971191
-1659.887695
132.996094
-201.395508
173.640381
1249.003418
-238.551880
-1919.086426
-2736.490234
-2311.620605
807.732788
2004.645996
2069.866455
-27.500488
-578.167480
4.795410
-501.247070
-1411.536133
1055.084961
-3391.299805
-3811.479492
-1652.524414
-12.657959
-711.947510
5.210327
-471.130859
-694.202148
-1116.524536
-1316.056152
-595.753906
98.190918
2618.446289
-559.131836
281.916016
322.468750
-345.879883
-560.994629
2031.698975
401.334229
151.750977
2214.990234
-2465.719727
-716.833984
-271.749512
919.271973
-366.261963
-1283.627686
-998.304199
-602.715820
-719.303711
-841.479858
-400.522705
706.688477
-2017.396240
2116.689209
-157.615723
158.603027
326.653320
-917.852539
-2915.818848
-4263.002930
-354.033020
524.584229
884.476807
4208.714844
1823.097534
-448.481445
969.024536
165.213623
-683.427734
-770.776855
2578.735352
142.304688
-1096.450195
-868.503906
687.576172
-1007.495605
-2083.857910
-485.884277
-298.671387
756.561523
403.063965
725.106445
-131.524536
-74.686035
-1005.943848
-1154.732910
-24.912109
1132.609375
-2490.669922
-1233.639160
-415.824097
-1150.200684
20.232422
-1521.155273
-2782.068359
-1239.677734
-450.676270
-2541.919434
-673.081055
-243.788086
536.172363
1740.769531
1249.288086
-2486.394531
-1247.917236
805.272949
-619.550049
-209.862793
489.693848
-83.419434
639.156006
322.578125
99.809326
511.303467
-282.110107
-428.408325
-508.442139
176.261719
-1111.649902
-794.915527
974.812744
676.142151
892.078613
1791.526367
1110.166992
40.363281
-321.701172
-496.204102
345.262817
274.019531
1087.843750
-1773.917969
-237.830078
-22.850098
-1778.847778
-2273.087158
-906.850952
-125.532104
837.296387
505.308594
-793.470703
218.418030
709.198486
1069.692871
830.289062
831.810303
149.111694
1792.068726
-1171.023438
-1694.550537
-1111.323975
92.169922
946.908691
939.007324
549.267578
329.661621
349.025635
-793.873901
-363.310425
1866.782227
4441.201172
3290.770020
19.084946
-679.500244
-629.635437
49.968262
1412.918457
2273.374023
4452.424316
3589.756836
442.587891
-512.695190
140.740723
433.280273
-2153.159180
440.676758
13.302246
255.823242
848.955078
342.581055
803.218750
2647.506592
4237.707520
693.591064
-1418.336914
1739.496094
2065.624512
152.632080
725.246094
-912.594238
-330.051270
-245.594238
-248.069824
1342.344238
1349.799683
1062.020996
78.159424
368.701660
-709.127441
-273.837891
-646.049316
742.788086
3123.308594
1328.086914
1027.779053
379.965332
-6.410156
-272.550659
-596.388184
597.526855
485.865234
633.889038
205.448059
-846.370117
429.236328
-204.061035
-1042.078125
-791.835693
-813.063354
-16.550049
-13.095947
0.059814
946.972168
-1318.001709
-402.360352
962.861572
-420.048584
574.297363
352.246948
-2066.283203
-575.352051
-242.470581
-1975.427734
-61.074219
-2468.189453
-1821.342041
-867.868164
19.721680
1775.070801
2078.158936
1088.924805
-487.035645
-46.706665
707.920044
8.226074
519.370117
-511.248291
-301.878906
300.621094
375.208008
-40.620361
-131.046631
403.966309
-169.317383
-448.245819
-268.463379
4357.671875
1464.204102
268.675537
193.173584
443.260254
-587.814453
1153.896484
768.071777
-114.281738
-15.190063
1024.204102
379.242188
978.371338
923.967285
-788.750000
346.384033
-934.186035
464.676025
872.859863
762.980469
2442.035156
641.338867
-738.127319
-120.447998
222.855835
311.414673
700.333496
98.051758
682.026367
-1183.127686
-2318.938477
-1657.866699
213.479248
304.685791
2464.111328
3394.635742
1069.721191
-356.316406
-425.861328
-46.314941
-15.692627
-307.201172
-1546.296631
-250.096436
395.501709
-14.340820
-310.172241
145.728027
-2451.939453
-953.090820
-388.426758
-764.637695
-511.240479
307.288818
824.218628
128.472168
-876.999512
-10.539062
-1407.467285
-551.423828
1849.332520
-413.021057
-76.367676
206.038086
-283.065918
1032.348633
1790.787109
-991.127930
103.256348
-609.705078
467.990845
802.573242
-2539.481445
-939.701660
-771.858887
-774.810059
-265.765625
548.732666
488.777832
949.709656
508.056152
-1769.383789
-580.227539
-43.437256
-35.898926
1761.824707
-1447.528809
-2360.192871
-1463.936035
-679.676636
924.751953
1097.099609
6.573242
1275.229004
-233.883423
136.445312
1039.163574
119.917480
-3554.971191
-4523.044922
-2013.294434
-702.446289
-1616.060547
-1560.775391
-2346.145996
-1185.641235
240.688721
11.158203
722.164062
793.581543
1007.323364
-61.843994
-304.247559
649.684082
-465.049988
-1111.960938
-505.182129
-1434.665283
-768.829102
1119.431641
1036.541504
-590.365356
-531.170898
-834.288330
330.208008
3880.643311
4726.017578
1423.833984
-367.001801
147.043457
817.010620
859.959839
268.322998
-641.036133
1933.392822
3687.906250
192.630127
-796.497498
851.835083
708.700928
583.432617
256.229492
-44.893433
-682.311523
-421.306641
219.143066
1475.434082
1632.540527
26.891602
-867.912598
619.205444
-562.945312
-1928.916992
275.468750
968.152344
354.801758
120.281250
-1004.660889
-552.474121
741.596924
491.558838
225.012695
1960.294922
1098.001953
-398.652832
-1436.118408
-1696.877197
-1051.247559
678.373535
1480.770508
2502.731934
1220.703613
-623.857849
-544.869019
399.760742
666.301636
723.463867
-188.521973
190.545410
-301.077148
-777.186279
-1577.283936
-1579.455322
-320.192627
450.017090
-420.381348
-447.093750
-979.979492
1992.767090
1043.185547
146.849243
596.149170
498.250732
481.492432
659.369385
222.499146
-333.394165
-35.209473
-326.798340
-1033.654785
-1173.903931
-1118.493408
-1343.548340
-741.443115
1318.770264
2352.231445
2002.770508
-231.765137
525.372803
1699.317139
411.794678
-319.121704
1890.541504
1854.962402
-634.711914
166.128418
-867.692261
-562.489258
445.250977
824.388306
773.749878
1485.430664
574.570740
-226.105469
142.821289
454.966797
1579.076050
1993.491211
645.814331
-1028.698242
-2651.737305
-1596.652588
561.996094
255.829834
-161.426514
677.705811
669.959717
731.511353
877.021484
394.750244
-1251.992676
-1332.535645
474.566406
1016.796692
-1012.772461
-413.840820
-2364.556641
997.290039
1304.999512
-814.170410
-1798.155029
-414.691406
-432.876953
-1149.052734
1366.332520
257.980469
-2149.305664
-2369.505859
909.701172
758.283203
1091.342773
-273.356567
-3293.707520
-1326.186523
-3535.989746
-1492.534912
292.611328
-539.284180
242.614746
2350.609863
2077.346680
-617.487061
-523.185059
1001.073975
553.528931
321.020996
182.673096
780.609436
-458.758728
-621.889343
225.068695
-1159.921875
-1996.316406
-905.582520
-693.454834
-1050.803711
-555.599548
125.417969
417.926758
278.272583
1787.859863
-2736.296875
-453.377930
-71.584473
922.555664
1802.749023
537.765137
-691.624023
302.026367
1089.613281
1906.657227
4537.694336
1379.250488
35.097656
219.588745
-1204.818359
800.031250
1214.200684
1242.571289
216.246582
501.813232
1045.197021
1521.940918
469.730469
214.459473
591.690674
706.298096
-190.777832
1160.117188
242.375122
-621.184204
1206.219482
-360.613037
323.323364
622.157227
-1402.239014
1079.142212
874.699219
-1088.159912
0.258240
1018.301758
346.160645
868.869629
623.977051
-317.467285
-1004.916504
-1563.130615
-619.368408
24.484375
536.201172
-650.752930
-1804.083130
-814.106445
-838.593445
659.776367
-374.606445
-402.035156
-1643.586426
-3183.654053
-3822.198730
-1239.104858
-306.023926
-1038.166016
-337.075195
-1629.682617
362.889160
960.457520
725.761719
-841.205078
-775.404297
-839.314697
-1692.244629
-144.373535
322.817383
-310.965942
-601.981934
-1728.945435
-982.650452
312.660400
1190.228271
1321.058228
-13.512695
-959.222412
-677.438538
235.559814
-1725.503906
-4759.397461
-1510.239258
-611.868164
-1080.029297
-1231.477539
12.483887
-418.894287
-71.774902
1119.807861
822.243042
121.128662
-856.481445
-874.184631
157.070801
1407.230469
617.439453
-785.186523
-1501.760498
350.939941
322.592285
-298.762695
1061.970703
651.891846
-3809.138672
451.135742
-305.459473
207.603027
1039.646484
-22.875000
-1015.960938
737.377930
-1073.396973
794.775391
433.040039
-571.933655
-2188.820801
-86.915527
-198.825684
741.044922
-1786.811523
1264.873047
202.284180
960.194336
1240.637695
-1261.803467
2192.853516
620.933594
-730.862671
1228.868164
722.940430
-1090.324463
-162.302734
858.066406
570.882202
978.945312
-1236.099121
-1753.668945
1375.904785
-455.400635
1576.880371
-314.146484
-1282.089600
629.378479
-0.717285
2863.475586
869.107117
-231.401001
-278.810303
612.258789
-322.547852
65.149902
1205.252930
-831.562500
-2499.000488
-543.277100
-888.839111
-684.422363
330.549316
1427.396973
-432.191162
-1231.231445
-1736.084961
392.379883
-224.722656
-633.743896
538.895142
263.142151
-300.976562
1092.848633
-183.794922
-143.953125
-211.091797
-211.546875
1087.715820
-190.328430
-820.250671
-674.879272
-1224.695190
1980.247803
2569.438721
-738.852295
-1749.993164
-1675.739258
-919.481567
4455.037109
4258.114258
4371.037109
1225.442383
-269.625000
810.751953
539.580078
494.252441
-623.648804
-1852.481689
-770.125488
-201.510010
276.099121
1226.330566
418.369629
-762.550781
611.195312
340.957764
47.929688
868.208984
987.568848
639.754761
975.200439
1177.688232
743.553223
682.025757
74.999756
-1094.125000
-385.819092
-1445.399902
-447.063477
250.701172
1740.828125
2497.581543
963.374023
313.204102
73.339844
-543.680176
651.175049
-75.524780
-788.115540
260.317627
281.531982
-547.734619
934.960205
20.919189
-465.456085
-714.891846
-667.261780
204.024414
644.340332
1633.871582
-351.886230
-942.363770
-767.357910
-158.434570
285.823730
850.798340
638.278320
-257.886719
-643.260864
831.480957
1422.640137
1432.310791
394.250488
-530.097656
-580.325195
-277.786621
-76.524536
267.247070
-1248.160156
176.321411
305.865723
-777.704956
599.932129
417.231445
-298.844177
221.150391
-70.320312
-95.065918
-228.574463
485.462891
-1018.904541
-556.916992
206.269531
553.069336
390.136963
13.568115
6.812988
968.203369
785.473633
-1070.917603
-974.659668
-254.097656
-564.558838
-353.300293
590.059570
165.425537
-793.524536
5.973389
459.646729
-270.064697
-399.072144
-545.229492
1100.079590
131.409180
-454.801880
-124.236145
-1012.398193
15.680908
1535.844727
-657.997070
-901.058838
-189.244629
-978.232056
-980.728638
-840.733643
-1313.936768
-1325.971802
377.145508
1581.870361
773.781494
795.881836
-263.625732
172.253418
-1299.340820
-2742.134766
3.728516
712.990479
3077.554688
3270.445801
-398.669189
-673.475586
-454.266846
-1232.220459
-854.649902
-438.206543
-337.106934
-294.083252
1040.217773
2744.151855
265.471191
187.687866
633.979248
801.025879
676.484070
1670.294922
242.413330
166.071167
1606.793945
1303.716797
49.999023
-2612.223633
-1262.435059
868.800293
373.203369
39.504639
73.248535
-65.491699
-614.860107
-654.687012
959.319336
-605.786865
-1113.737549
-520.087646
-569.252686
-375.855591
-114.299805
-1873.295898
-1844.588867
222.532715
679.547363
269.563843
-490.759033
-940.674683
719.616699
375.137695
466.590820
1139.399048
1006.874512
442.119873
538.573303
836.825073
125.815674
-52.014404
-803.298523
-48.770508
612.751953
554.136719
1033.265137
104.943359
187.700439
253.852539
565.391602
335.657959
388.281250
414.330566
-227.102783
-1149.809204
526.056396
707.816895
-922.485291
-1731.104004
-1895.458374
-740.696899
1893.767334
771.715820
261.935669
-1099.126343
-279.545898
919.864502
-880.142090
-338.685547
16.640951
-429.367188
118.277832
-423.889832
102.554688
-821.509766
-2775.918457
264.342590
37.197998
-1057.858154
-1358.478271
-165.590820
550.198853
-58.804688
227.211914
-178.262634
-805.011963
646.353882
-845.232056
-1210.700684
-1091.554199
-910.155518
-364.101562
1078.059082
-325.647705
-413.645752
1434.045288
770.430664
-2689.938477
-3038.083008
-1529.358154
822.913086
101.161377
-655.694580
593.525269
489.362061
-311.495605
-959.547363
-291.310303
-667.037109
-924.073242
371.591797
544.674805
-1503.943481
-261.262207
239.695557
43.938843
634.289551
1048.979492
-83.980469
-437.739258
-144.225586
465.943481
326.905273
-58.189941
161.472412
-1172.898560
-842.276733
-216.500488
822.703613
1012.786133
161.225098
696.825378
395.546143
-241.737305
797.463867
2681.808350
3919.072754
2976.815430
618.520996
-2013.233398
-356.276855
689.359497
-466.849609
-2792.457031
-1082.143311
682.254639
-1196.389160
-967.448975
-538.579102
-2379.371582
-2987.096924
-412.948730
2721.724609
4634.787109
3251.456055
42.857178
742.428955
1512.357056
281.709473
195.352539
1659.923828
1091.837402
925.113770
1544.444336
277.109375
-1537.304199
-1083.926758
-202.581543
720.036133
1045.359375
232.309570
274.534180
721.599121
-680.404297
1404.502686
815.866577
-956.371094
1208.921753
334.226318
-12.132568
1338.823730
-326.524506
-529.288574
-1402.728271
93.099640
186.741699
-579.160156
-1005.487793
-2395.309082
-2198.196777
1372.861328
668.647949
960.750488
1328.900635
-861.575195
878.349609
813.114258
-280.543213
-320.696533
-2.011475
2226.365967
4317.637695
930.757080
-534.590942
96.997314
-154.464111
1469.555420
696.874756
-15.845215
-1394.361328
93.034912
-798.734253
1024.537354
707.102051
-710.081543
4.998535
-642.938965
-74.427643
-460.582031
-233.581055
-3.524536
-379.994141
-575.023926
-658.718750
600.215820
-737.463623
-954.430664
-110.581543
-128.639404
144.480957
-8.481445
739.101807
1786.240234
-1367.966797
-717.466309
59.350098
-2217.002441
2341.884766
418.548828
-767.440186
-559.034302
-488.433838
1003.238037
2592.883789
165.610352
892.031738
-2498.005859
-671.655273
702.695801
-87.645996
1058.643555
-2297.422607
-4433.812500
-23.638184
844.142151
-925.112061
548.792480
991.138184
212.880371
1018.250977
-1354.967773
-38.484375
694.092163
2.542236
1353.732056
1189.153320
-776.048828
364.512939
-585.585938
93.636719
6.250732
645.651611
1066.475464
1276.417480
13.563477
166.943359
2320.589844
488.895020
-476.493652
-820.083984
1714.844727
32.766602
-891.524536
-239.857803
-79.164551
-2771.132324
-4801.244141
-2500.178223
681.039062
756.200195
-2.823486
-1017.513672
-1647.649414
-83.153442
-672.555664
148.705566
359.584229
-821.892700
-521.808105
-516.640259
741.370117
55.675781
-244.494141
646.136719
799.726074
-671.354980
680.722656
-215.370361
-2227.116699
-788.077393
679.179199
4393.086426
7060.867188
3799.980469
2943.412109
1092.373047
-1364.939453
2659.784180
-270.172607
-230.940308
1146.802734
2439.716797
468.721191
677.764648
583.893555
-1455.479492
1832.666016
2659.397217
-372.058594
-1452.096924
-930.072754
-138.039062
-471.381836
889.052246
-172.424805
-223.521484
482.584961
1500.818359
3207.291504
1627.038086
262.235962
319.493103
356.043701
243.271729
409.629639
-274.344238
175.096680
-515.877441
218.305176
731.394897
-977.516113
-953.648682
-2812.704102
-4516.937500
-258.126953
2303.824219
5258.565430
4427.380859
1518.619629
-943.405762
384.793213
-1132.254395
-609.221680
521.900879
-1490.477051
-4274.675293
-2740.614990
-491.933594
1485.099854
1557.536377
236.757324
-326.553711
-173.106323
-275.681610
2046.839355
739.818115
66.734863
183.569580
-1885.489502
-4574.285156
-3364.404297
-998.743652
-1323.316406
-3074.125732
-4031.797363
-2425.545166
1166.286377
997.965332
40.086670
262.267822
-11.363281
284.158203
2173.484375
1805.433105
-288.527344
346.153809
257.633118
-918.768066
399.471680
431.511719
-865.178711
405.068359
434.789062
2171.174805
2326.696045
-445.857849
90.507660
-951.591797
-4245.324707
-3318.500488
-1392.823242
-66.934082
212.944824
716.288086
-119.085693
-894.437012
260.483032
-459.839844
-1821.122559
-1419.485474
-3716.834717
-3271.036621
849.897949
651.475464
1488.401611
2112.497559
-674.239258
-1187.000977
-348.336182
-66.307373
2762.928467
4123.350586
1677.011719
21.434082
172.839355
289.084473
121.288086
-933.102966
-1174.030518
-1131.708740
-147.297363
63.552734
432.166504
-160.166504
1397.601807
1206.623047
-59.280518
37.239258
90.957520
622.218018
215.701294
-591.261719
496.241211
1941.316406
183.402832
96.225098
981.326721
1019.755615
492.301758
538.438477
2759.363770
2511.581299
-389.431213
-318.140625
-2579.662109
-4250.805664
-630.977112
826.390625
63.922607
195.857178
151.241577
442.475098
649.856445
300.111328
-602.029663
-1062.922363
120.408691
40.645264
-766.795593
753.621155
1034.529053
614.584229
940.776367
1328.312012
-656.198730
-948.276367
-773.598633
347.679199
444.493652
90.114990
-3987.703125
-2534.245605
67.265137
298.365479
1584.786377
599.145264
360.353210
1157.698853
-99.711426
-2013.957275
-1688.156494
-1087.857910
-793.907227
-0.669922
920.913574
1017.631348
-1404.558838
-2315.658691
268.104492
2602.705078
2561.941406
2733.537109
1668.429688
197.634521
-535.309570
-1118.018311
-1450.650269
-831.596924
872.759766
377.396973
-909.694763
-838.477295
-512.025635
-1327.136597
-720.495911
836.167969
274.390625
-386.160156
238.840088
398.503418
1648.143677
1645.383301
80.284180
-1242.429199
-1047.932861
-86.086914
1157.611328
1139.262207
1040.749023
140.527832
1361.714844
-310.082275
-970.472534
-507.992432
-1017.636475
538.364746
966.802734
-297.990723
-406.733398
-228.551025
-576.075684
-1391.010254
-794.383301
-1008.779785
-518.180176
680.625488
-1601.811768
-2901.436523
-1413.503906
571.339905
549.686035
-62.363770
369.822021
100.551941
961.254883
957.002808
-504.368591
717.380249
-391.138184
-1018.890686
901.835205
962.436890
576.436279
791.685547
47.563477
520.582520
1438.141846
949.982544
829.620117
457.333984
-468.337402
50.962402
119.943359
156.002930
1296.334961
1150.171875
252.839355
411.847961
774.792725
-65.659668
109.800781
1495.094360
-670.360718
-2239.204102
-2315.492188
1671.810547
505.068848
-1938.862793
-834.488281
-79.160645
-201.730194
381.442871
-232.359375
10.285645
-1145.223022
-561.888184
1128.256226
219.223755
-645.409363
2926.773682
2797.691895
553.408203
448.800293
306.857178
282.111084
3894.083740
5435.705566
2013.446777
-228.586914
-516.214844
-634.879883
604.761475
347.368164
-275.659668
925.473633
736.521240
1252.378418
684.432129
1110.486816
1015.080078
779.036621
348.085449
123.582825
-766.332031
724.690430
889.265381
1380.880859
-348.831177
-1008.174561
-23.533203
307.671509
1245.208984
991.168945
-231.554688
-1339.562744
-224.258545
922.508789
-1235.050293
-421.906250
453.469482
-450.994751
395.953491
1131.630371
1007.977051
-337.654785
-1052.915527
499.743164
1465.207031
844.635742
-634.118896
-265.335938
-383.362305
-580.005859
159.911377
2192.688232
947.718689
-736.139404
-1485.246582
-877.671387
-190.429199
515.665039
-1752.569946
-6479.939941
-5565.020508
-2030.265137
-173.025391
2068.194824
-304.387695
-1920.611816
-373.141846
-82.300171
-65.850586
752.147949
506.029419
60.636230
-610.501465
-1152.084961
694.672363
446.030945
-366.811523
-702.385742
-2644.942383
-1838.026245
52.815125
1090.785645
-1056.838867
379.089844
1294.769653
983.393066
-667.999817
-940.724854
215.885498
-1208.162109
-1257.375000
-408.971680
-547.683594
229.211426
838.631592
823.541016
1708.025391
-245.036133
-571.371826
902.736084
837.138672
1064.932129
336.966797
-757.311768
-1113.749268
-329.465576
-491.880615
-33.540894
-42.848694
-596.600586
-18.401855
146.522217
316.761719
96.740723
15.235107
386.018616
1153.678955
741.748779
1116.071777
-335.791626
1200.196045
5200.988281
2360.614014
-542.560242
162.281250
-127.125000
382.670654
179.421387
1286.560303
1933.233643
1272.066406
1582.907349
-403.097931
-883.976807
215.438965
-1105.953125
-1260.521484
92.999023
-205.522949
-1004.189209
-7.839600
-62.116211
-1590.313477
-679.571289
-2697.782227
-2784.352051
-549.214844
-341.618042
967.818604
916.531250
-579.093872
-91.560547
-531.334351
-1903.518799
450.102051
-1803.576660
-2045.705078
-1266.426270
721.379761
14.028564
604.229553
372.836670
-3483.513428
-390.818359
292.615479
-441.410889
-620.017578
1271.506348
2511.649414
3223.142334
1872.533203
-633.956543
-586.750977
-1436.406616
-759.739258
-853.228516
1186.262695
45.445801
-832.951660
-496.452515
630.329102
699.908936
2083.439453
-525.481812
2678.089355
799.065430
1035.067871
-244.551758
-2937.748047
-1541.210449
197.078613
113.668457
246.639648
-859.075195
-404.787842
1642.013672
1648.020508
1027.137695
538.843018
254.622070
-2483.700195
-975.911133
691.736328
-619.666016
45.835938
-1625.079102
-238.688721
329.654785
42.772949
85.070801
790.499146
692.811951
2.651886
-1093.220703
211.494141
-99.476181
-462.093994
-185.692627
-371.268188
302.824219
-692.337891
75.173828
1777.131836
4948.360352
3568.679443
204.797852
821.317017
1189.762451
498.445862
1381.475342
502.106567
1168.314453
-591.409180
-989.561523
-1875.404053
-2019.775879
213.197266
582.058716
242.261719
510.226135
1093.096191
534.926758
-316.659668
-829.398438
-198.975586
-1226.419189
-638.120361
-337.192871
-157.144714
-924.212280
-1280.342896
-183.942993
-671.283203
-793.945068
-58.390503
-375.662964
251.101562
-370.885254
-548.969238
383.138428
365.776367
926.736328
1471.013672
2901.265625
-631.035645
-2315.344727
-150.131836
207.914062
155.211914
-831.353027
-652.010254
-112.143555
602.006348
168.650879
-348.640137
495.995911
1220.905273
512.083984
-731.733154
-469.941650
-512.679688
546.740845
1289.355957
-94.817383
-2158.688721
-1410.221802
835.156921
1575.365845
747.615723
208.523926
44.017578
72.818359
-268.395142
324.359619
1332.921875
153.808838
-576.639404
938.619629
726.535156
-1493.378906
-596.158203
-321.711792
-2234.857910
-1407.597412
154.214355
2591.813965
2407.538574
-846.915283
-2037.692017
-3631.944824
-803.833496
-36.675293
-935.857849
-379.649414
-804.805664
23.309204
444.531738
-215.957520
-19.748047
-1117.524536
-295.427490
1872.388184
-221.697876
-253.141113
861.169312
114.558838
4658.709961
7151.260742
1652.255859
298.235016
-191.018799
-1079.234375
62.314453
-901.728943
-865.605957
292.958984
-259.927734
-188.099854
-486.096436
710.637451
1226.995850
-187.524536
-234.924316
-93.389404
-393.770264
-493.422058
530.770996
3012.628906
2671.895020
486.820801
-1888.200684
-2922.596191
120.063965
369.714661
-647.705933
-855.524536
-549.774658
-284.449463
-1612.971436
-118.810181
-296.377686
-5551.206543
-3510.547363
432.631348
1960.791016
3464.764160
73.793945
-1444.747559
-1398.864990
-380.572754
525.281006
-823.578369
-813.652710
104.280151
-947.221436
-562.385559
-269.553467
-455.836426
520.981689
569.897461
-260.601318
606.664307
51.337646
-1112.356445
-1120.289307
608.721436
2096.587891
450.589355
-604.881958
146.523682
-428.483398
534.421448
718.260742
-363.783203
126.707031
182.122559
-126.742188
400.284912
183.393433
-900.776123
-393.337402
-682.726562
-773.612305
-243.712891
944.741699
115.234863
342.853760
1279.270996
1276.813110
1034.974854
1344.742920
1283.661621
-138.837891
-586.346680
-1030.425781
-191.852783
-452.098846
870.931519
658.578857
1469.724243
538.167725
179.328125
966.976562
959.223633
-305.416016
-612.359863
1671.074219
1174.354492
80.979492
345.583466
-1005.232300
-76.230957
-158.498047
-1070.540527
199.425781
29.275635
552.061768
2058.223633
-600.524475
-158.534180
598.554688
-608.128662
-245.364258
933.288086
504.562012
39.971680
-1038.687988
-270.187012
51.395020
-167.501953
-502.538086
-381.549805
-736.268555
-790.435547
-1946.691406
343.314697
753.167480
74.924805
226.761230
-1014.980591
376.522705
-698.826172
-70.834961
-156.134521
-960.012695
-670.715820
111.693359
-217.202881
-526.263184
1580.677734
195.753906
-441.970459
-564.298584
-725.786133
316.510010
325.756714
-2940.462158
-2335.580322
301.483521
-158.212158
1297.885010
1102.937378
-1233.421631
-180.407227
237.475464
-4.728760
753.068848
401.692871
218.278320
481.073730
-436.588867
494.705322
-614.543457
120.874756
-403.625244
-188.333252
-153.875732
131.493164
-1094.430176
-829.664429
800.498047
412.325195
-522.885742
-1138.977539
976.241699
523.495483
-1083.594727
-286.000977
-632.943359
-952.082031
232.293945
-319.438477
462.808594
396.802734
462.522949
2110.650879
209.965454
-1308.326904
-806.378662
94.292480
1205.560791
902.615723
350.682129
-325.397217
142.860107
4418.343750
3581.687744
-138.619263
-580.193176
-2017.389160
-281.366211
3434.783203
1226.119141
-387.752075
-1511.516357
-4016.004395
-1906.474609
12.748535
-302.141846
542.475464
-23.487549
-835.237061
1163.969360
495.294556
1917.856445
3630.543945
2579.578613
-103.458008
-877.829834
281.051025
-31.110245
-416.523438
-682.857849
-3606.898926
-3108.845215
550.948486
1218.253418
614.057617
-470.321289
-2347.602539
-2827.373047
-3710.563477
-277.389648
-349.833496
1006.476929
2377.516602
565.651367
223.946655
888.110962
-353.821289
158.316895
969.754883
-716.085938
1386.985596
685.633545
-425.773438
-263.753418
-767.298096
-951.427979
310.560547
-808.699219
-554.721680
-776.369629
-1649.113037
-449.671875
1481.629883
1861.842773
534.255859
-384.855469
-1800.127930
698.168701
-263.634766
-139.729736
14.738281
119.688721
982.086548
517.206299
-762.663818
1493.538330
-432.324158
1991.151489
133.311035
1065.059082
103.627930
-172.967285
-504.630371
-730.907715
-443.974609
-45.427612
320.374023
3.459595
441.362549
777.410156
311.352783
-56.583832
-808.853271
222.780273
910.030273
-108.166016
-1272.360840
-1310.486084
-1857.552368
-560.489258
287.816406
695.142151
622.429199
574.984619
529.290894
-2134.252930
-1684.419434
-564.359375
-655.736755
1905.601807
1882.328613
2317.656250
54.194336
-607.288086
-532.211914
339.791504
672.189453
720.475586
355.217285
314.237549
223.238770
614.168701
145.077148
-1047.846802
-1188.676270
-609.649902
-2301.491211
-4729.749512
-3671.518066
-1484.612305
550.911133
437.046387
-144.252167
926.423340
2947.262695
1552.219971
-351.596191
-1785.034668
-1798.092773
837.807617
362.370605
-885.778320
-1130.090820
-3262.234375
-1733.994629
172.714844
-337.813477
167.382324
-2241.047363
-756.442383
-214.504395
-1005.520996
-1113.255371
250.578613
797.314941
-711.535156
-977.107422
-536.471191
-353.707520
-961.588989
-254.653320
-148.572754
-50.946777
-12.591309
428.424805
712.455811
-267.801147
395.868164
1134.291870
849.258789
482.939453
3320.091797
3991.954590
487.567383
320.104980
713.404907
-227.845703
551.143799
52.006187
-586.046387
170.622070
167.640625
-417.467407
398.946777
-1113.248291
-1492.427246
350.169434
1120.950317
129.146240
-3619.929688
-2801.482422
360.733154
-1298.541260
243.608643
403.069336
-1327.141602
-646.246582
-949.539185
1169.232422
2111.595215
-1208.516602
142.016113
1021.202637
72.042236
222.071411
-644.144775
-72.792908
406.708984
3257.607422
5216.281250
1656.252930
-109.788574
384.524414
-267.057617
144.138428
-165.245117
-850.117065
91.033203
2808.111816
4559.386719
2484.745117
1156.855469
-636.317383
-1199.677734
-363.061523
928.814453
827.532227
-1781.524536
-302.771973
1200.969727
2042.067871
3284.518066
1352.410156
-361.705078
232.202637
328.787598
704.915527
810.253906
1236.388794
1244.888672
955.376953
417.081787
-858.913696
662.882019
654.939453
150.373047
1539.614746
269.120605
-898.207397
-578.503662
592.295410
5368.757812
7259.389160
3414.288574
236.242188
158.959229
258.911377
-287.539062
481.327148
-1210.283203
141.473877
1849.873535
622.841797
-290.204651
1362.256836
1275.634766
180.946289
-406.252930
659.405029
495.000610
-369.986816
-988.542053
-841.769287
200.292969
-443.810059
1313.673828
-153.732910
53.605469
-1742.520508
1848.278320
1140.630859
655.152832
365.861084
-853.568604
-851.251831
-279.705933
245.639862
617.547058
363.059570
-2009.598267
-4208.678223
-2868.029541
476.431641
1463.430420
385.313599
-29.004639
-76.950073
-316.109009
505.758728
-600.635010
709.413086
371.649902
-1769.989746
-480.995850
1110.028076
499.608398
-199.561279
-861.189209
-632.106934
82.008545
934.901367
-346.273438
-1100.302246
1655.268555
-477.713867
-1265.722656
112.210548
-791.409180
-480.637207
2548.273438
1671.275391
-119.641846
1645.327148
3586.600342
-197.077637
-795.666504
-264.349609
-2094.624023
426.149902
555.561462
5.040039
396.533203
1273.287354
729.749023
234.781250
-1457.954102
-990.893555
-124.970703
369.455566
-347.004395
421.726562
1611.095703
881.847656
243.849121
-930.214233
-514.619629
-4208.610352
-3218.520508
442.859375
690.206299
1661.286133
2000.920898
253.226440
2814.020020
4382.929199
4825.518555
4692.376953
907.963379
192.428711
982.718994
-1650.698486
-355.623169
1146.955566
-750.556763
8.219727
-582.100098
-1488.332275
558.724609
1001.068359
3467.647461
1868.358154
312.528809
560.041504
294.243164
143.827637
79.185547
115.306152
273.443848
-202.157715
463.994629
-319.225586
-225.734375
600.765991
-281.906860
-1155.439941
552.449707
-251.660889
-928.464355
1044.758057
243.261536
-351.284668
-151.654297
-1675.002441
-1680.334473
-196.993164
-892.884277
-1129.057617
-256.032227
-776.275146
123.404297
1638.837891
44.274414
-92.918335
1481.758057
814.131592
463.729004
-774.961182
19.205566
-124.727051
-2621.190186
-2471.375977
-883.096191
738.215576
-1101.614258
108.149414
-307.662842
-3339.171875
-2566.708496
1212.304810
243.406006
-1886.320801
888.699219
396.193970
-100.516846
2075.527100
3828.142090
1760.286133
-151.954590
875.637085
-1647.931641
-609.000000
-633.337158
-1650.474121
-507.644775
-76.742065
-220.222412
297.871582
258.289062
-313.825928
-997.416748
-981.709534
885.376587
1069.431885
-1476.656738
-2651.833496
-1916.509766
-1288.988281
-190.039551
-162.884766
1212.858032
1227.074219
-4.323730
808.750793
528.670166
195.842773
806.348267
71.031738
-837.383789
-634.015503
2631.082275
6570.185547
5590.270508
656.723755
-91.414856
859.022705
-309.677246
1511.204102
615.717773
-1250.449463
-592.924316
170.663086
-475.933594
32.031738
900.077148
758.348389
994.047852
582.767578
-282.296875
-2378.014160
-3489.474609
-2326.485352
-196.022949
505.869873
-1471.280273
233.371094
-401.411255
178.423828
3474.947754
1162.142212
2407.095703
853.483398
-82.108643
1069.557373
-311.269287
-1504.526611
-1575.775513
-1681.686523
283.094727
1037.846191
1314.787598
987.692139
441.402832
-1565.715820
-647.544922
326.197754
864.067383
1642.005859
2865.800293
2350.619141
-342.290039
-756.677124
428.864746
1375.084717
1399.994873
-255.505371
-924.994629
-1427.669189
-1333.345093
-470.367432
-477.695740
-2209.877930
1074.838867
1625.102539
377.213623
1009.034180
-395.778320
1025.989746
295.528198
1118.591553
447.814209
183.258301
-1472.089600
-511.382324
439.088867
-876.243164
-939.439453
-2964.570312
-3633.771973
-3649.457275
-546.642090
-2382.712646
1446.338867
-97.591797
202.475098
-894.391113
859.329834
3194.698242
630.756836
-724.552734
322.112549
169.762939
-417.977539
663.693359
39.102997
-4872.147461
-4102.577637
87.684082
1280.096680
1590.395996
354.034119
-706.906555
-547.047852
-1381.331055
-405.329590
482.362793
989.699707
1202.772217
944.948792
-556.854553
-703.714233
-777.760620
-538.406372
610.286743
780.360474
-493.916992
117.566895
208.966797
-828.119751
1745.263672
1039.786621
552.043701
292.800781
296.023438
1610.019531
-176.557983
-70.190918
1735.149902
112.773682
-880.762939
766.493774
374.996582
24.249023
11.172852
-330.522461
753.935547
-120.813965
-256.346680
70.017578
27.863770
417.724426
-1985.298462
-1092.285400
653.788086
327.813477
4.222168
12.882080
-1208.161987
-824.502441
-395.351074
611.913574
87.236328
-582.257080
1412.210938
512.100098
-543.670654
1052.915039
786.785767
-528.310303
-1258.288818
-2201.727539
-2788.819824
-8.297974
983.972595
-357.549072
-1265.048340
524.281738
486.475464
-92.793945
-47.234863
52.772461
-433.028320
542.936035
176.256348
571.500244
-77.021484
-1441.027100
1537.566895
2226.469238
41.111572
1043.110352
1808.828125
5549.406250
3818.623535
460.758179
699.985168
-463.723145
-1080.574707
655.031250
-326.760742
-2276.337891
-3290.609375
-4123.109863
-2624.399414
-1114.327148
-451.717285
454.143066
1000.532166
-41.302734
-1965.607422
-828.132629
668.332275
-450.162598
-1088.356079
-399.559082
-380.188965
-198.288086
321.538086
2005.317627
4305.778809
2324.274902
-394.537354
1664.897949
-480.726746
-1363.857788
1627.115479
2638.785889
839.720215
-874.349854
402.479370
606.689392
-346.949707
-791.267578
101.169434
-223.630859
413.959961
373.199463
1174.301880
830.843994
-695.407227
-1849.064453
-13.080078
-598.091064
1163.288696
628.070557
445.407471
-179.584473
-346.190918
926.105957
-30.577637
-732.946106
-42.649170
-555.338623
-1120.221802
-105.754395
-798.640381
-2242.041748
-314.257446
873.872803
-236.729858
-141.911865
389.484131
-193.442627
-1234.764893
-926.004150
-88.535156
160.250732
1460.145020
1845.247559
856.929199
93.481445
-939.668457
-73.923828
153.350342
-1064.793945
-253.032227
-997.488281
-2145.913574
-689.966309
174.512695
1531.818848
2349.566162
173.227051
-415.768066
595.156860
-45.540039
-1726.384766
-1754.456787
-649.041992
1052.620117
455.094727
-491.646973
-606.354797
-445.119171
-1995.937256
11.365723
432.413086
159.937256
266.883057
-1385.513672
84.924805
736.661621
-1414.328125
-285.814209
15.278015
2237.268066
4091.618164
-85.375916
-491.073730
671.919434
-494.022583
-172.610840
316.370117
-707.375977
-1019.804688
1420.373901
1201.433350
183.159912
-75.821335
381.422852
1033.206543
884.308105
662.286621
1130.109619
-192.536133
-885.911621
871.231506
1052.953857
-110.495850
390.181152
-310.687012
-1031.670898
549.680176
201.754211
-974.888672
-1073.276001
517.952637
1188.089844
158.367676
1184.025391
475.943848
-263.299103
890.029297
763.574219
912.458252
3400.357666
3313.334961
452.527344
-205.958008
446.072876
-329.906250
482.012207
112.799683
473.164551
-186.159668
160.468750
914.631592
1093.641479
1011.961548
359.086761
-444.771973
-2523.362793
-1102.708984
-1.453613
-815.583984
-84.227783
401.895996
-738.955505
-551.653442
743.125732
604.537415
6.937500
-1777.964844
-2441.745117
-1397.997192
435.573730
1103.817505
564.691650
-388.103882
-1274.997559
-276.204590
113.425537
181.742554
938.635254
-478.755859
-1236.699219
-16.597412
1384.604248
766.378174
506.405273
1.291016
-902.562012
-92.660156
-103.401123
-390.738770
1169.541504
91.029297
605.157959
-162.079590
-1530.556641
-504.568848
-1397.931641
-452.914551
221.489014
1634.904785
792.252441
-794.681641
-866.097168
-203.379639
-1501.731812
-1063.825195
-90.354248
1108.220459
-295.635742
1283.397949
5205.488281
4002.866211
2492.176514
1973.600220
826.058105
473.604492
39.718750
-2130.306152
-2534.997070
4456.787109
4683.893555
-87.004395
614.915771
685.741577
-325.662598
205.538574
357.188965
-167.340332
1017.469727
-333.699219
-933.802979
-720.952148
-412.312500
-2.892822
368.563477
1595.318359
2099.909180
966.888672
1139.645752
2246.638184
3838.659668
2544.755859
-858.851562
1106.311035
624.958984
-287.809570
3702.872070
206.370117
-1198.964355
-2107.051270
-1814.387817
130.787598
480.402771
322.233887
-449.473145
-1133.330078
327.093750
233.830078
-2530.854492
-530.593262
-1011.005371
-814.879883
548.914795
-724.189941
-401.970703
1183.620117
74.302246
-1649.513672
-292.622070
-1671.115234
2256.943359
2905.480469
-846.967163
-973.524536
-61.101074
-1467.362793
-75.957031
520.005371
-747.576172
-855.882324
-473.277252
411.450684
328.664551
642.901978
361.257324
-74.492676
531.109131
727.503174
115.065430
1112.980225
16.918457
-1723.455078
-2424.392090
-397.683594
637.522827
-631.854370
-56.201019
-48.500732
1301.912109
1779.348633
647.885742
1475.421875
982.978882
1249.680176
-382.792480
1680.312500
2942.737305
1673.428711
215.060303
-66.105225
357.277832
377.603516
-1126.330078
-71.959961
1155.849365
781.040527
-331.566681
899.946289
888.537109
-401.820068
605.229492
-1177.836426
-1541.284668
-1427.286133
-85.013428
-770.431885
329.250488
344.313965
-1282.164551
-3184.403320
-3726.201172
-1833.391602
-316.552734
-63.189453
-816.896729
-24.502441
304.438965
-185.743774
305.054688
2016.513184
344.783203
-736.548218
198.019165
-684.541016
-797.964600
-705.075012
-3.184570
1243.111328
121.582031
-737.238770
347.796265
1358.858643
-307.701172
-460.668213
-545.107910
-80.466919
612.385376
-331.628418
-1959.535522
233.243408
263.591553
2022.108887
5032.734375
2908.834473
-563.200928
-1114.597656
-173.783203
-1119.170898
-469.779297
1043.586426
2844.864258
2043.143555
-383.145386
620.188721
27.404785
-284.045410
-141.331543
-563.689575
-1160.318481
-187.154785
332.665039
-581.523438
-527.821289
-271.758789
291.408203
16.200684
249.018555
59.936646
368.040161
573.701904
306.379517
81.043396
-720.388428
270.262207
1417.432129
-306.793213
219.618896
174.287109
-778.354492
-1378.886719
938.616943
595.979187
686.827881
-86.289062
234.593750
-317.040771
171.848633
15.322266
-790.135620
-2951.822998
547.437500
2777.388672
879.614258
845.063965
2471.653320
-1068.472656
45.031738
679.108887
1203.408569
485.103516
-785.099121
-404.622742
-391.468262
-554.413025
2246.288574
3247.049805
647.639648
-515.857849
-1249.728149
-1456.864868
-567.161377
992.165222
-317.909180
-481.348145
16.612061
507.624512
-547.170898
836.555664
126.051758
-313.163086
150.821777
-234.033936
-2055.878906
-1296.425781
-535.616211
-1149.541382
-2114.344727
380.403748
204.127441
-1749.658447
293.902832
-570.582031
515.229004
814.943176
1140.397461
2573.524414
1158.451660
514.560059
-1940.078613
-3474.248047
-1757.514648
-93.422974
64.680176
755.212891
730.920166
544.416260
-1592.417480
-637.970093
127.280273
509.041016
-82.187500
1325.629883
1351.073730
567.383545
129.755615
-380.949036
-2360.120117
-1405.790771
-590.111572
-303.869629
319.421387
-381.875000
-31.973877
383.605469
655.267761
1199.843750
286.120117
740.597168
1289.893433
678.989258
733.006714
405.738770
-518.717773
-807.321533
1238.531250
1184.871094
29.368561
-452.007996
618.765625
587.629883
-45.062744
546.224121
1378.027344
772.548340
14.270508
697.192871
326.394531
-689.210693
-1238.524536
-1348.466553
-1137.292725
-1089.469360
30.167236
987.602539
1526.475464
1406.514648
512.488281
1996.521484
851.748047
-796.591675
355.947266
-46.516602
-216.810059
-626.270142
-90.153809
103.833160
-2160.339600
-344.494934
1781.062256
316.510498
-137.053711
-234.738770
-877.063965
-125.114685
48.926025
-949.647949
-1464.301270
177.589111
-18.054688
-168.475098
-312.521484
-1709.377686
-1271.611084
1189.461792
1552.660767
-1093.617676
-3495.268066
-946.238770
2401.261963
6214.531250
7276.266602
2572.614746
783.520996
-344.557617
-349.559082
455.724243
1580.585938
623.906738
-237.188477
1113.266602
-158.417969
-920.441406
342.195312
-217.983276
1567.791016
1406.766113
1514.731445
-420.262207
898.410156
568.437500
1137.213867
182.261719
-77.952240
-667.949463
-516.007324
-782.931885
-824.738037
-1338.026367
-1048.809448
-1153.955078
190.358887
1610.949951
1527.343018
72.474609
-191.333008
-1576.125244
-1511.555908
-1436.500977
1206.964844
662.547607
1330.745117
1028.787598
-991.390015
2853.521240
5782.306152
1090.498047
-309.371582
-149.553711
91.138672
1082.666016
2033.673828
-268.074707
-407.740723
1287.832031
-2175.460938
-2007.758057
-162.539551
-1628.857788
-4156.536621
-1552.090332
890.350952
-690.051758
-315.229004
1146.142212
1274.008789
-425.674316
594.014648
-1556.708496
-3693.372559
-3810.747070
-1408.459961
-821.696899
-1882.172241
-943.337158
-514.775024
265.003418
-432.842773
-95.575195
618.720215
-506.559082
-1654.326660
-85.602295
2602.968262
4613.640137
4337.501465
919.768555
-93.759766
-1153.804688
537.108398
1208.581055
-824.014893
-1489.658081
-46.426514
-185.589355
1133.131592
255.639282
443.069336
1121.903320
586.379883
2613.341797
988.599854
-193.826172
-522.575623
-346.845215
-539.373047
-969.243896
-1534.578125
-2585.036865
-1235.601562
509.336914
-822.169922
123.965820
-406.505371
-439.731201
-357.314697
798.583984
-292.625000
-1394.507202
-627.449707
217.942627
-847.966797
281.317383
-1992.787109
-3241.155762
-1645.827881
-390.179688
601.230957
867.495605
286.319580
1353.373535
69.841309
-940.777344
-26.184814
1041.604736
2439.208496
3390.388184
3219.143555
1397.706055
-1228.524536
-363.589935
258.834290
-3110.667725
-4196.644531
-1479.590332
-846.603516
-102.592041
-633.460205
-613.975098
1596.038574
-329.823242
-256.803223
-3490.458496
-3510.833740
-118.895264
-575.681763
745.306152
1420.415771
-452.632568
-260.443359
142.938477
-548.914551
441.095215
-560.115234
840.267212
1950.611816
300.995117
-205.953857
259.764648
862.945801
259.894531
757.262207
1125.199585
310.739746
-101.365845
-1347.382324
-1618.239746
-1188.881348
68.341553
660.292786
-601.741699
443.565674
64.552979
-1629.857788
-1236.223145
-994.083862
-415.616699
1696.160645
1763.747070
-910.219666
-823.880371
545.772461
1214.986816
1073.910645
469.926758
1060.373535
403.075195
-1177.331055
317.553711
390.149414
-539.509766
-995.264648
-1074.738281
-5871.125488
-3335.019287
805.847168
1531.969482
4448.186035
4587.165039
649.599365
-1123.081055
-1743.105469
-457.630859
-325.283203
-987.171387
-390.059082
342.920898
-55.145996
1245.837891
12.146484
-698.583984
-117.438965
-2404.851562
-3149.080566
-778.658447
-1138.461182
-98.554443
732.680420
-353.901855
1315.926514
1440.366211
-640.804688
-205.731689
641.974365
-1026.549805
-103.638672
1388.084961
-468.583496
75.104248
-39.368576
-176.290405
-1077.640137
-2283.923584
890.572754
-105.399048
-1676.524536
-787.313477
149.606934
-316.055176
-170.403076
-1446.466187
-783.361206
1035.136475
842.543945
666.297852
789.325684
161.308105
987.590820
890.511719
1268.069336
778.768555
180.910645
258.615112
386.530273
-1063.791016
-209.053711
14.228050
392.879883
274.947266
862.907471
1957.807617
1392.644531
232.092773
575.984619
1201.851074
-1174.950439
-845.318420
366.871338
221.234863
-222.977295
-829.511475
666.263916
860.689575
-2452.744141
-2978.990234
-1163.461914
1252.635132
1087.267090
489.972168
1199.376465
1298.475464
393.446777
-39.068359
-1388.524536
580.350586
3197.771484
1842.005859
156.263672
160.726318
-271.353516
-409.549805
-961.858398
3701.528809
253.446045
-28.672607
48.683350
-851.657715
232.196045
1072.104004
2191.102051
307.466064
-1100.900391
-178.958984
189.258789
-479.955200
-468.789062
-1427.659668
-1297.935547
-752.430664
-2874.358398
-426.735840
45.033691
-78.835205
825.914307
2325.937012
181.052246
-1015.845215
298.285645
1288.572266
186.154785
162.162354
1245.470337
-132.533203
464.042480
761.331177
86.047241
-844.026489
-1246.256836
-122.737305
70.849609
271.411133
358.518555
199.660645
-752.667480
-1766.495117
-1575.249268
-1206.403320
489.047607
18.877197
-1491.598633
23.298340
1161.120483
555.046875
-258.490234
1700.283203
-582.578369
-4084.017578
-5181.521484
-3577.238037
-98.612305
2721.684570
1628.700195
-783.772217
-449.688477
-1676.258789
-2665.192383
420.760254
-256.047577
410.770508
-349.410156
-938.969788
-1370.354370
415.475464
709.379150
762.625000
1510.651855
2346.851807
1986.101562
2223.275635
1740.915771
324.437378
1041.526855
600.481934
763.340332
674.461914
-470.118164
2828.471680
3696.526123
677.364258
-897.793945
-2718.455078
-3336.144531
314.992676
3132.174316
8312.895508
5066.739258
432.842285
-917.842651
217.764862
204.218262
-25.287598
-535.044678
-1509.275391
-2418.646484
-700.529297
893.814392
633.268799
575.868408
1104.464600
349.580566
-36.864746
626.443848
1451.302979
-195.313232
-1175.613892
70.233398
-683.348145
-1681.025024
621.368652
269.496094
-395.246338
-489.494141
-161.950684
-1214.329834
-2171.707520
-1678.355957
-331.460449
-1244.236816
-409.489746
-613.331055
-1163.497070
-1738.854492
525.599609
-762.286133
496.474609
560.242188
1285.489014
1683.749878
-392.616394
669.472656
2197.521484
749.764648
-1267.304443
-1042.474121
2342.365234
444.471680
347.843750
-120.998718
169.454041
970.653564
310.998169
140.997559
1158.248047
621.782227
-2347.028809
181.334961
225.842773
-202.459961
492.225830
-192.863037
-377.409180
-2168.930176
-490.121582
770.625977
-810.524475
-417.626709
180.420044
1208.237305
-700.816895
376.509277
377.576416
-1205.962402
-2319.655273
-854.791016
544.629883
940.074219
-1448.750977
-3037.794678
-2361.933105
324.114502
442.475464
664.596313
274.054199
-907.587891
-929.551514
-578.175293
-344.078613
70.779785
-346.436279
63.372559
1033.475342
1394.010254
497.625488
574.889648
238.952393
-1515.323242
-1223.189697
1020.475403
1161.779541
249.750244
220.379028
812.843262
-297.614746
-863.006348
-1099.655518
-178.696289
-232.883789
-2467.978516
-1568.756348
807.238464
-1303.665894
-1090.176392
367.120972
-71.776367
297.921997
287.409912
501.656616
549.843994
-385.420410
204.788086
1598.869385
2520.499268
1167.994385
-773.036743
819.041382
1036.979614
729.246094
349.500732
1142.790161
585.265381
-1085.423828
-137.432373
-106.700439
-1235.691650
-966.917480
-821.505371
-915.172852
-161.567383
-590.115234
398.808044
281.376465
-1214.868652
-341.092773
-853.831055
-4432.382324
-4605.395020
-588.036499
-127.685547
-1068.322510
2154.110352
552.985352
-1507.164062
-57.314575
11.435669
-1893.408936
-1125.733276
1299.386230
208.292969
314.761230
263.177368
430.142578
1399.695801
946.529297
686.391357
643.834229
-919.947754
-1437.781250
-734.546448
-580.000122
-894.737122
-1023.159546
-418.289307
-182.090820
-921.820801
-1056.473633
574.469727
167.475464
-14.313477
836.883301
113.611816
-495.524170
1112.239990
808.180908
-904.514099
-278.970459
-197.897949
-995.467896
22.798340
274.279785
296.736816
615.814453
-875.569336
106.461426
-386.857849
-1019.285889
-1648.862793
-1490.955811
540.809937
-489.151611
-2431.061035
-1281.618652
-286.808838
561.342773
290.781982
340.224609
-143.577148
-767.969727
-3348.803711
-1930.982422
-825.750977
49.011230
431.641602
2248.319336
93.063232
104.621582
351.444824
413.173828
144.946777
-384.207886
-137.175293
331.208984
316.981445
41.043457
373.713867
1060.678223
1185.683594
1014.771484
-5.251961
-267.144531
1068.078125
487.204102
-908.287109
-420.893555
-205.224609
1307.383789
618.660400
-629.524475
733.827332
1827.964233
72.861084
5.374023
-308.475586
-889.744141
777.985352
808.739624
1148.195312
64.908203
-734.476562
712.365723
1383.124023
2797.236328
1222.670410
-843.015564
-129.835449
603.511963
463.783203
1601.666992
719.982910
-1574.731934
-1038.885742
-317.690918
567.836914
-1402.747070
-2219.384277
676.863525
976.618164
12.103027
-809.577026
-112.637207
813.738525
618.714233
2063.932129
645.251953
-1503.960938
-4062.054932
-1202.831299
-488.907715
-1629.161011
-290.020081
926.627197
-1296.708740
-221.626953
115.614990
-748.218018
-242.530212
1579.974121
-653.502930
-660.452881
364.475464
1186.747070
287.652344
923.795532
1196.067505
410.843750
90.541016
-90.036133
-791.229736
-817.296875
-2746.873047
-1499.119141
499.243896
-322.980225
702.252441
-220.720703
-3833.291504
-1568.959961
1260.381592
1035.438965
955.014160
-186.151855
-39.152344
290.924805
237.428467
2585.770508
1575.478516
116.604492
-179.777344
654.683838
1375.158936
847.685303
736.536804
1162.240967
297.562500
-61.364258
801.294922
374.311890
-681.818848
1151.077148
3248.154785
3135.317383
272.762207
-630.181519
-355.901672
573.826416
365.171387
163.661133
-57.249512
-1349.727539
467.659424
1671.054199
-990.395020
-183.802719
-158.946167
-2766.157471
-4370.769531
-3897.974121
-2197.683594
295.378906
-75.167480
298.520996
585.055420
-1743.487793
1577.614746
2680.594727
-336.970184
-1117.456055
-2495.095703
-68.724609
3551.556152
3838.787354
1224.336426
745.465210
2600.593750
-274.238953
523.852783
3213.395508
235.452637
-2440.468018
-1054.774658
341.653076
846.631348
-391.264648
-99.044434
766.428711
486.443604
1389.979980
524.805664
277.121338
-381.857849
-1194.538818
-493.138672
111.672119
796.690186
266.759277
-432.961914
754.607788
922.697754
-86.490234
-2107.570801
1364.256348
-70.217285
-88.664551
-2315.858887
-2711.485107
721.475464
-28.484131
-1173.129395
732.196289
276.432007
-502.840576
-717.341309
238.758667
-324.857788
-1142.331421
-274.005615
1086.935181
111.158691
-4279.128906
-6435.045410
-1493.415649
718.229980
232.689209
1142.379639
354.826660
2224.639160
4952.073242
2620.559326
-207.233032
341.387207
-1456.257812
-965.708008
-1154.118164
167.743652
483.149719
-451.461914
1703.281738
1551.937500
388.657471
-38.194824
463.327393
830.527466
1171.479614
214.714355
513.360107
34.223389
652.559082
-457.588867
-494.100098
-301.585449
87.909912
203.823730
2618.362793
2178.605225
-250.305176
1362.913086
200.659668
-953.207642
638.555664
984.157715
618.207764
1305.210938
-218.260742
-1006.881836
-301.706116
172.807129
45.022461
2602.774902
2320.116943
-690.234375
436.099121
1252.224609
239.728516
452.073242
-1845.053711
-7031.853027
-4794.216309
-298.341858
210.490234
419.679199
937.705139
433.823242
131.309082
-564.021118
-1173.560059
-758.658203
-266.928711
643.414551
120.335449
-283.926636
42.493164
-2269.516602
-2939.338867
-1673.359863
75.158936
-294.239441
-455.811523
-607.851074
-45.240234
64.229492
589.104004
1558.142212
-299.720215
932.878906
1511.666992
853.915039
982.807495
1304.337891
-641.683838
-1868.993774
-1180.070312
10.772461
-3592.087891
605.909668
-830.201965
-2208.659668
-883.892578
796.912109
-1737.392578
-3963.870117
-5964.203613
-3984.112305
-231.809570
4314.242188
1630.509766
631.193359
292.901123
174.606201
-78.133911
686.219849
-685.677490
-1207.325928
691.101074
1697.969971
988.032715
66.675293
859.026855
412.142151
-76.835388
527.369141
171.481689
954.142151
705.418457
554.446533
964.949707
929.752930
577.634766
-601.512695
-3316.318848
-4460.750488
-2047.947510
1055.669434
32.003418
-991.663940
-1053.812134
-570.149719
-522.433289
-440.273682
557.020996
-700.477905
-1311.575928
-1168.911011
532.085938
133.262695
-179.923828
115.856590
20.295898
2090.112305
2239.897949
207.609131
80.567017
15.942871
398.976074
5521.760742
6861.601562
865.623535
-234.328857
474.386475
-706.123535
1938.182373
2381.237305
2537.916992
-2134.917969
-7194.340332
-4076.265625
286.921875
1256.276367
1927.818848
151.251831
-224.641602
-37.095215
106.899414
1326.908447
-535.851929
981.697754
1678.039062
-500.891602
179.895508
-240.387207
617.781738
1975.514160
756.368530
-272.258423
-720.737061
-508.513733
543.454346
445.804443
462.277405
1094.465576
-164.809814
-1106.180176
-517.172852
-3.250244
-373.923950
1035.357422
-735.441895
-420.458984
2004.008789
2153.093262
276.538086
-1678.291016
-1811.977539
82.145081
425.699829
138.067871
72.642578
-221.923828
1282.890625
675.716064
416.533691
570.176270
763.515869
509.398438
1128.041504
1430.491089
58.304932
-1063.699219
-158.344238
74.292603
379.409180
406.924805
-683.790039
-2313.658447
-3721.031982
-2067.517090
-836.366211
2032.911133
4511.628906
4920.640625
1099.663086
435.335449
-746.108643
424.171936
1352.050781
1590.757812
942.781250
-337.611084
322.872681
-85.201172
-247.296875
-799.359131
488.343506
434.142151
165.648071
-299.374512
-198.147461
278.701172
114.312012
353.085205
2237.990234
1827.528320
1479.732422
-523.818359
-364.391479
-1877.705200
-1718.576416
-772.105469
249.369629
882.172852
-2676.553711
-1464.772339
-1626.480469
-1932.447266
760.698242
431.429199
928.235352
-1174.521484
-125.089966
-1002.334717
56.142166
3.063477
653.552734
311.286621
1138.597778
3121.930420
3143.020020
-174.908203
-297.672363
242.064209
-583.175781
618.739258
2173.382812
-1402.376465
-502.427704
1011.190796
408.952393
-14.277344
-215.000000
-347.637207
1309.451904
563.255371
-80.325684
-28.496338
-1102.683105
1010.257812
1143.206543
486.168213
-1096.459717
-350.427734
1210.327148
425.189453
43.751831
374.448486
394.279785
-270.708496
-1538.280762
13.965820
5.036621
6069.576172
-0.607788
-834.393677
285.970398
525.101562
602.473145
1558.823730
-356.455078
112.363770
1394.855713
-672.701172
-745.034363
545.220947
243.110352
147.912476
641.292725
-38.462646
-383.567017
-1064.529053
-546.397705
154.536865
854.097656
1449.598633
-238.859375
-146.932617
496.573730
-171.101562
-594.738770
-346.698975
356.803223
1446.531860
247.274902
-399.857910
116.860352
-769.761841
261.350586
638.090332
-582.063477
-323.239380
1148.586914
619.620667
734.893982
1507.571777
1786.751221
1649.008301
1330.120239
550.653076
-982.556641
-794.443359
52.121094
39.499756
-1080.367310
112.191406
3466.656738
5274.970215
5346.237305
298.528320
-80.422852
134.741089
-294.970703
426.983887
623.417358
761.500977
543.043945
-319.945374
-904.264404
-579.479980
-871.945557
-1116.947144
-147.916748
1284.716309
1426.687256
708.974609
-340.152710
317.980957
1190.223633
937.043945
867.403442
1537.442627
-553.597656
-116.874023
410.207031
-834.899414
-243.681641
-240.569336
-397.503143
893.710205
855.737305
-184.778809
291.655823
3070.302246
3308.625000
1271.506836
-853.097168
-953.320312
-173.835205
806.475464
71.838867
-365.009521
618.322754
621.661133
527.919922
-1380.841797
-501.075684
-458.033691
349.259766
60.445312
-147.806519
246.461914
-2004.109375
-632.669922
152.469727
0.989258
-257.948730
582.796387
-2377.133545
-4467.005859
-3226.684570
-341.721680
689.423584
1321.644897
1291.655273
-967.349121
-1037.049805
475.314697
1415.010498
1602.503418
1332.690430
536.833862
156.311768
-342.328613
-953.018921
-927.858887
-203.883789
-532.687256
-1151.338623
-71.404785
695.088135
1188.385132
1549.693848
-357.588379
-342.260254
1165.292847
-1647.239258
-3161.250244
37.578613
15.936951
1657.057129
2923.445312
3001.694336
-360.828125
-344.593750
-208.472412
-1353.565430
-1421.084473
1318.195190
2515.042480
293.654297
138.504333
1035.129028
659.012329
-354.435913
-788.597168
-368.592285
-52.200684
-42.721680
-225.956787
140.666992
555.320312
-1681.450684
-1395.339355
768.892090
760.108154
1283.495361
899.668457
276.403320
2991.990234
2659.604492
664.628906
-249.880890
-3081.447754
-2061.626709
628.915283
-192.618164
129.539062
376.617188
-880.698975
-1074.178833
345.147461
585.268127
1337.311279
985.277588
-32.582031
-501.589355
-1227.010254
117.769043
-1007.323975
-2152.502197
31.135254
276.449707
568.143433
-137.082901
-913.048828
-1452.666992
-711.639648
-1666.515625
320.224213
12.284180
1455.660156
213.549805
-3744.702393
-1825.587891
-61.041016
1605.476562
36.418457
-1378.494873
-774.712158
-320.536499
-373.715820
-141.026367
694.715820
511.814453
-480.948975
160.002930
-127.432861
-32.400391
-812.406738
-1370.625977
212.874924
492.700684
1145.442383
-247.164062
-3141.914062
796.713867
-133.955566
-1006.174316
1819.421875
1137.622070
1509.012695
622.036743
-58.371582
-1791.367676
-13.601074
-289.081787
306.291260
-503.173828
-321.864258
335.194824
1067.211670
820.782959
222.974609
-1484.539307
-2247.691895
-186.304688
1309.189453
-1028.875000
-623.642578
546.290527
1015.475464
-379.008667
-897.864746
-1959.271484
-4121.644531
-2751.955078
292.164795
-288.669403
261.797607
108.944336
-498.799316
-702.151367
1365.200684
2311.807129
114.470459
-45.007324
798.842285
600.132812
1260.788818
-1938.724121
-3958.742188
-3094.189209
-140.519043
-128.126709
-1308.006104
-658.329346
-390.015137
620.143311
272.237305
-627.596191
-1418.268311
192.088867
-1167.095703
385.099121
3559.362549
2537.320801
-135.029297
374.459473
1003.541992
298.392090
295.112305
1915.142578
1084.775879
575.114380
113.999390
-752.963379
-1853.319336
354.616211
-263.744141
343.114258
799.820312
171.147217
870.786621
-622.974609
-388.419189
226.316406
475.104736
-20.724609
-894.500977
1151.940674
-46.964844
52.907227
1204.222900
609.337891
1887.059570
3616.468018
2148.122803
461.429688
2170.986328
1044.005859
1799.372559
-1105.269043
-1062.458252
-890.361572
1904.305054
557.869385
873.077393
-526.389832
-139.307907
188.475464
177.033447
279.176025
-644.003418
-1292.545776
331.680054
1392.786621
1589.260742
447.778320
359.361084
-115.565430
-342.818359
489.839600
2101.766846
325.789185
225.478394
715.157715
-44.605957
-687.301270
-375.317627
-853.224121
-991.539795
-394.841553
-224.479248
-398.449341
363.772461
237.877930
-34.931641
-401.490234
575.488159
1631.142212
1276.635498
826.182251
1097.123291
798.661499
292.364716
-2006.741089
-1253.795654
-398.654297
-3496.345703
-4206.193359
-919.003906
867.184692
751.676758
-251.632324
-2175.740234
-339.824615
801.357910
-563.438721
883.817383
1109.280762
-609.871094
1234.574219
3278.584717
1760.832520
-110.660889
-216.574707
1537.648438
1657.802246
90.252197
-438.199219
-171.248047
-1265.626709
-74.035736
253.861572
-1265.695801
-136.584473
622.525024
68.629150
585.286743
-582.225342
-370.286621
388.374023
1082.639893
2115.332031
669.393066
-109.421631
-195.412354
-883.163330
-432.922852
87.745117
254.602051
-191.162109
943.554199
1274.784668
-159.869629
1139.862305
1073.166016
216.805176
175.691895
-231.991638
264.569824
-612.615723
-912.218262
-331.317017
-510.446777
-41.460938
97.883301
-105.824219
-105.943359
-1763.533691
-3243.516113
-385.252686
62.995861
-995.451782
925.003296
338.750305
878.361816
335.516113
951.392700
2349.762939
885.421204
-15.160889
299.464142
-242.411011
3.515869
206.272461
307.566406
581.033203
1000.390137
-143.075684
-4058.462158
-6378.227539
-2256.671387
693.246338
-1080.295532
-422.100098
118.421875
505.385742
695.720825
-4.691406
-496.089600
520.685913
1175.695068
742.520264
707.387695
818.012817
187.147461
-747.153809
-3540.682617
-2348.444336
-508.698486
191.325684
2458.320068
1932.660400
-517.744995
-809.117188
-3088.344238
-1138.297363
2146.321289
1169.665283
-131.642578
-1004.375977
-825.981445
19.606445
-1289.527832
-2910.095703
-1661.402344
-870.875488
490.596191
-225.798706
-2499.378418
-2011.113281
-283.644531
170.216064
-717.854492
160.812500
-176.747803
-871.904175
-707.556641
-364.817139
-73.720581
-590.655029
-723.814697
1546.093262
826.656250
54.068359
-483.911377
1072.557129
42.023743
-486.697021
492.133789
-505.454681
-2157.500000
-1184.481934
-177.562988
-610.036499
-542.151672
-1085.524536
-1247.359741
-859.997559
-637.910156
-2197.291992
-5030.435547
-4266.658203
-1043.185059
952.189819
175.089844
657.424805
296.472168
-237.966797
437.131836
278.753174
-274.225586
-942.957520
-1106.473755
-1082.625732
1552.673462
6658.545898
2538.819824
-569.151794
-2164.192383
-4681.845215
-2556.791992
1337.453613
-584.744263
-1247.890503
-596.734131
-773.380859
-1308.109619
-886.720703
-613.289062
1152.114258
2229.499268
4804.122559
3841.574219
642.771484
267.825134
650.864746
-993.241089
-1467.879517
-543.748779
223.197266
226.478027
-251.720703
640.888550
-105.240135
-1378.894165
-1258.409546
-6.453613
1434.479004
379.620117
113.412354
921.784790
-355.689331
-1152.885376
29.757812
1082.412109
1077.345947
-517.231445
574.422852
2593.744873
735.749512
180.962891
-3469.575684
-6086.637207
-1336.620605
988.147217
1855.116821
2845.414795
48.033691
-577.398438
250.250641
362.595703
1808.461914
2466.268066
13.834839
-2573.698242
-2300.916992
1639.155273
617.225098
-1206.213379
908.395508
419.318604
134.781982
1061.046875
1085.274902
-383.792908
-2844.143799
-412.883789
1325.426147
-1286.160034
-613.738525
811.596680
330.975586
883.201660
2704.115967
1801.605713
-996.419678
-1075.944336
-482.531250
-2434.286133
-1815.989258
-658.380127
502.366333
-12.362549
511.359619
1464.980713
505.766602
-683.155762
-1218.186035
-584.754883
-128.956543
-186.269043
-811.527832
-650.543945
127.048828
508.957397
1418.739258
892.464600
1320.270020
2775.964844
-298.165039
-685.954590
806.204224
-269.229980
1029.916992
967.645264
-331.714355
337.510742
940.868164
750.257812
334.278198
620.407715
-204.540039
-556.966553
1338.648193
-841.136536
-1281.818848
-209.805908
1265.388672
4744.092285
2754.249268
-990.439941
-4500.892578
-4924.975098
-2134.780029
336.011597
659.857666
-117.997566
-424.477295
263.201660
-1352.150391
-1257.280151
370.232910
-108.258789
-3134.580078
-1505.868164
-155.301270
194.320801
1055.271729
2639.522461
2574.539062
1521.476562
836.034180
-1080.307617
190.117065
-114.186768
-810.836121
-90.029297
877.335205
696.238525
1118.292725
1878.185059
-467.573242
-761.028320
-586.020508
-461.887695
-607.646973
-38.451660
-2064.884277
-571.694336
580.964783
-1524.396729
128.367432
-374.763733
-1545.411621
-59.318481
633.010437
822.363525
-715.513184
923.430786
1297.846436
375.352051
1583.612793
867.570312
-1178.425293
-471.273438
811.087891
-618.119019
-599.644531
-354.822021
-127.911377
842.746094
193.000977
583.125000
-83.044922
-58.610840
-1001.462891
484.820312
323.142151
-1096.707031
-379.859375
-4090.119141
-1809.273926
429.448975
866.386719
3817.850586
4031.549805
1221.231934
317.434570
-646.000977
267.193359
-311.175537
-296.269043
-623.700562
-3571.381592
-3751.453369
329.521484
521.193604
-234.284668
710.840820
80.904785
-617.890625
-178.499512
36.861206
269.754883
-861.410156
16.448242
273.988281
-409.254517
211.441208
819.321533
1031.286621
491.849243
639.577148
2927.043945
2118.938477
2792.191406
2429.453125
1242.205078
628.031738
-890.629395
220.526855
-1092.053833
261.793701
2894.789795
4528.787598
2635.820312
843.530273
-276.473145
-814.615234
-2045.010986
-769.047852
1936.994141
1714.267578
-336.067383
-1706.622559
-2618.052246
-1145.945312
2056.494629
3347.475586
1290.136719
-540.802002
-724.193359
28.728394
-1028.157959
163.480438
-268.008362
-3131.718018
-82.392700
2004.585938
1246.753906
1595.772461
169.898438
-131.115723
-392.069916
-996.742920
-379.527100
-27.163818
1448.675537
694.048218
279.492432
-737.734619
677.979797
-669.547241
223.175659
-214.612793
736.240234
95.543213
1424.468506
373.505005
-925.058838
1416.591064
2314.968750
376.892578
250.142090
931.184448
879.155762
948.036377
517.241699
18.423828
564.920898
1612.509521
1341.142212
-776.913574
-1207.671143
717.385254
-56.498779
-654.197266
369.577637
-1236.423340
-292.597656
203.485352
-1899.772461
-469.665039
-523.758545
-1044.375732
-1042.872559
136.017090
672.854980
1601.225708
1008.321533
248.370361
-281.626465
-845.556641
-1493.149414
-3378.529297
-4416.254883
-1925.225586
-285.205566
-1105.339355
-168.373047
-431.120117
-1291.730469
-109.668945
708.957397
411.718506
417.658691
121.821289
733.190430
-753.966797
91.651855
100.507538
-1785.036133
-2911.382812
-1045.123535
-336.621582
-1208.723267
1657.041138
1604.038086
-368.480103
-87.942627
207.789062
-268.100098
97.991699
-485.661865
-606.857422
-154.111572
32.253479
295.353027
-504.180664
-306.601562
202.469482
856.564453
995.424805
2877.408203
-585.296387
94.473145
262.255371
-1301.330322
1234.589844
1882.450195
404.295898
-532.699707
766.051025
-223.917969
-353.653320
612.859619
407.027344
-884.424072
-609.992920
-659.220215
-2092.868164
-5842.945312
-484.533203
1405.834961
603.895020
2874.474609
863.804199
-756.663391
-1006.755859
2649.485352
1067.150391
795.113281
-71.035889
499.959595
413.623047
603.692627
1709.648560
707.276855
-890.425049
-955.392578
129.872070
780.656738
-2351.562500
-2217.629883
-2356.303223
-132.791992
111.067627
793.615234
2346.380859
1925.445312
-82.577637
300.826172
-315.461426
-730.546631
1733.188843
3216.913818
1159.211426
453.980103
-836.074036
-364.157959
-499.236328
-406.375000
-448.631104
-723.457031
-1344.441406
31.616211
-501.829346
-77.630432
808.671143
-482.110840
1490.332275
290.074707
604.521118
483.699219
1063.077148
1392.324219
-1194.570557
297.016602
-1755.783203
448.475464
550.591309
159.997070
338.000488
599.063477
-112.524536
-1656.696777
-1223.028320
-414.847656
-1095.292236
1386.918213
1844.552734
748.509766
-2452.960938
-4582.883789
-1865.574219
709.741211
892.715576
-93.857834
678.422607
999.182129
1086.992676
2082.591797
936.933594
905.133789
-2278.002441
-279.062500
920.606201
350.664551
-247.422607
-666.074219
-1962.977539
-1284.526855
-369.213867
-305.969727
150.532227
2345.118408
2623.141602
1036.719238
356.586426
-2691.310303
-3402.825439
720.887695
607.533203
1139.549561
1055.889404
-1609.305664
-1002.187012
1160.929199
2735.516602
1540.607422
-782.045898
211.653564
658.141113
-234.031433
-361.762695
-321.655762
-595.714844
729.328613
2359.524170
3193.355225
492.046875
-1404.687012
-886.160156
-503.289062
1971.355469
1118.373047
117.854858
399.701172
426.999023
-516.912109
1427.262695
1148.665771
-89.098633
263.462585
-675.126465
-534.580078
-787.273926
409.209229
-913.809570
-4720.451172
-3747.545166
-2110.326660
1213.750977
1695.336914
1222.801758
38.509766
1533.065430
-226.881104
989.767090
1938.594727
1690.220703
-1559.082031
-1625.693848
486.553467
-1006.525879
-492.505737
-1592.223145
-2124.122559
-2473.861328
-424.781006
770.412109
127.169189
434.944458
1845.898315
1197.818970
-586.845215
874.006836
-261.783203
-339.051025
-740.021729
-526.018066
274.076660
-1442.305664
1519.973633
-611.644531
-733.440430
873.343018
794.461914
51.921875
-143.822266
1065.888916
1745.421753
2377.746094
1281.341064
-495.158936
-1143.961426
-616.397949
819.750977
750.837891
2438.373535
2951.844727
1165.168701
829.611328
-655.481873
-748.089966
-1158.333252
-1046.066895
-40.130859
-568.684326
59.993408
-372.066284
-1099.591553
-130.989014
1062.636597
1088.738281
671.006836
751.990479
369.132812
741.584229
781.079102
-58.783203
-28.709625
-941.407227
-973.156250
171.733154
-26.296387
-658.721680
-3755.183105
-4786.980957
-2584.716309
865.794678
626.164917
345.774109
-1250.429932
-2333.469238
-574.287598
-514.286133
604.861816
969.688965
129.119141
36.552368
1005.944336
-1102.261963
-3047.710205
-916.408020
923.134033
-1186.330811
-1038.630005
1195.565430
1203.085205
-390.778290
433.856812
1409.308105
15.264160
-154.160645
584.937012
-392.423950
-634.002197
-282.093506
-237.606689
1274.770508
860.279297
-471.221924
51.734863
1532.604492
3564.447754
1090.940430
1112.929688
-179.759766
494.518555
1203.943115
779.683167
-1103.067871
596.589844
-455.437500
-173.260742
-128.694336
87.672607
-706.184814
246.400146
868.356079
241.883545
-945.756836
979.887207
-152.139282
-1262.821533
592.174561
2017.221191
3203.481934
-29.291016
-287.920898
304.943359
411.059937
-516.589844
-1028.996094
-133.413574
186.681641
1079.222046
396.207520
101.464844
452.704590
285.989990
756.734131
-2535.768555
-1924.463379
370.043457
1252.485352
3300.248047
4758.684570
50.886230
-883.185852
-2929.540039
-4746.363770
-1244.884277
-627.967529
-1066.563354
-709.233276
856.382568
3675.812012
8157.308594
5069.306641
649.712891
345.777344
-410.573975
-1290.832031
354.419067
-72.607422
-1622.270508
122.649841
1693.000488
-21.485840
799.272461
2880.609375
-22.631836
495.239990
3895.912598
2344.375488
2928.051758
435.638184
178.338867
243.119324
-611.279785
-254.148438
-284.549072
-482.027344
865.804199
1163.875000
5679.674805
5609.812988
1926.540527
-44.788818
-1102.777100
-1429.440430
62.846191
1526.018555
0.366211
-206.215332
-973.614990
-318.192871
-516.855835
-1993.584473
-943.794922
-336.121582
-1021.520630
26.454102
75.203125
-1365.903320
-377.728271
-317.410645
-372.490479
366.163818
-65.536133
-103.550293
922.987000
1614.106445
124.037109
-582.717041
-764.963379
-580.707275
-524.228027
-781.328979
-320.351318
685.733398
-439.373535
1478.573242
1444.540283
798.589172
274.932129
694.068848
127.570190
429.155762
-16.156250
-195.786133
-981.847900
866.653870
789.982422
825.243652
79.578613
927.629395
1375.415283
1263.287476
727.097900
-614.183838
-151.136230
301.080078
-381.107178
-472.296143
-199.763550
-441.572632
-558.896973
307.033691
-1567.913574
-7323.908203
-8174.427734
-1534.580566
947.374023
1134.264160
1650.786621
-470.231689
-1031.258667
139.090820
-143.267334
-633.744629
-468.559570
-849.857849
363.560547
191.546387
218.309814
1340.411133
70.170410
-346.171143
49.794189
-833.821045
-297.492188
266.022705
-436.784668
323.738281
343.508545
299.691406
768.974365
251.700195
134.787109
853.477051
1726.186523
2870.650146
518.480713
-543.068848
7.905518
-45.829712
614.145752
198.366455
-1527.252563
-607.147827
744.193481
-478.302185
592.669800
2715.227051
2447.878418
432.353027
661.662598
686.574219
-269.814453
661.250732
414.390625
163.038208
2677.011230
1943.183838
-1380.296997
-2244.325195
-1865.989502
253.640869
1192.520020
-140.805176
-335.046509
456.618713
449.813721
2282.952148
1174.068359
-426.423584
-2705.103516
-6087.207520
-2909.845703
608.105225
965.929199
346.754395
310.171387
-304.813477
-508.213867
-762.197266
348.332794
322.522949
-783.144165
-999.818604
-477.229492
-101.817871
101.447510
-239.798340
66.206543
22.616699
-379.539551
-136.000000
275.887207
-146.957520
-925.512939
-618.257812
-350.442383
349.200195
473.704102
-590.216797
-1593.048584
167.365723
2332.841797
1553.730469
865.910156
-963.935303
-3975.932129
-1700.177246
22.429443
-1145.996338
-746.118652
91.540283
-6.596680
21.414551
3975.349609
6252.778809
3867.224121
730.022949
-1150.303101
207.585449
1348.083984
-261.267334
1124.568970
-1343.168701
-906.944214
486.829102
-143.787109
-520.502930
-407.772461
-1238.283203
237.475464
1491.076660
280.002930
2410.422852
3372.097656
1454.049561
-26.971497
786.859253
704.754395
666.112305
645.271484
226.018066
-4686.394531
-1272.657715
770.132080
-109.336426
592.493408
1065.392090
248.305176
-202.668640
120.950562
493.214722
390.153809
512.483398
2588.210205
4073.128906
2049.890869
-810.549316
-1608.384888
-661.311401
-1311.100830
-1654.277832
-815.559814
-593.552246
381.834473
538.770996
-2897.580078
-5558.665039
-3927.957031
-703.848145
1431.184082
3031.138428
2230.298340
-830.064453
-3409.548584
-4881.583496
-2823.703613
129.796143
-239.384766
244.864258
638.649658
617.331055
-908.281738
-918.031738
15.060059
813.244141
1263.687866
-863.270996
-1096.826416
289.128906
279.663086
365.949463
1155.969238
761.575867
87.014526
-345.278809
-655.566406
472.635742
129.458740
-136.234619
509.825745
194.295898
-787.304688
556.937134
689.227539
67.961914
62.658203
-568.213867
-136.592529
150.338867
-810.641602
511.124512
614.654419
26.136230
-669.043579
-1020.940308
806.934937
590.261719
-375.089539
624.975098
908.160278
633.738159
-1925.367554
-3429.080566
-761.974609
191.729736
-653.940918
-884.024292
-446.725586
384.530762
866.339355
-853.416992
-2474.948242
-2852.608398
525.763123
226.659180
591.292969
1774.148193
995.467773
731.603027
2107.709961
2941.019531
906.065430
838.467041
362.778809
328.322266
1123.610107
766.630371
68.520020
227.197205
369.553223
411.142151
1375.146973
-149.166016
519.599121
-263.012695
-3924.881836
-2318.099121
-487.939209
93.836975
1091.753052
1255.049805
1296.869873
407.271240
-108.839844
214.412109
-211.211243
-2129.472412
-1329.850098
136.920654
-74.054199
467.490967
766.194336
-541.069336
85.806396
1001.794800
-146.627319
-39.433105
-347.571289
674.696289
847.462891
439.838379
-1358.745605
-735.663086
2113.354492
2902.789062
2530.737549
2214.217285
-912.521729
-1454.342529
107.142166
-388.482605
-22.223145
2867.453613
3007.379883
244.051758
1195.270874
1513.812866
913.173218
567.871826
-732.552246
-1291.409668
358.032227
36.763672
2255.549805
436.577637
-1004.048828
584.061523
2109.168945
223.142166
260.791931
1494.570068
94.646973
-321.308838
3019.151611
1989.904297
-1064.801758
515.287354
1246.072510
-895.468994
574.213379
2045.361816
906.658447
631.397461
917.233398
295.177734
422.174316
-853.857849
-761.373047
-970.488281
-343.611328
-322.963257
-664.365234
-239.120758
428.573730
-13.370117
1462.136230
542.501465
248.993164
625.273193
-471.735840
-38.540527
-1125.697754
-368.521484
-594.149414
-225.997070
599.019409
1398.802734
579.382324
788.174500
576.355530
1170.471680
310.783447
-651.466553
-899.812988
-1258.446655
-797.579590
1395.926758
-581.126953
-980.132568
119.579590
-84.837280
-1644.413330
-899.856445
2642.050781
-158.519531
71.031494
277.622559
-449.206787
-383.086670
94.470703
421.937256
-1249.205078
-330.257080
140.500000
-1216.617676
-395.972412
1074.022461
74.858154
892.990479
1313.208984
-32.283203
355.271240
-457.533203
-257.504883
-146.650818
-72.558228
-788.748779
-520.895020
-415.330078
-587.472656
-418.480469
495.191925
1158.527222
59.744507
-474.850464
1144.014282
982.828125
-4.857834
-320.369263
652.997314
-780.305664
396.714844
4352.846191
5279.098633
1900.446777
-436.198975
-3610.018799
-2809.717773
237.165283
742.556152
-208.842285
476.731689
1751.150635
821.650024
1461.313965
1766.041992
203.951172
-696.682129
-3668.895996
-2717.213867
-1219.242188
227.291748
1219.941406
414.142151
-85.791260
-1643.629761
-1060.965454
-243.193848
-206.100830
352.523193
465.380371
397.307678
616.285034
-265.884521
-57.698730
554.352539
1611.343750
1538.437012
1282.305420
240.977295
24.099121
374.796875
-644.282715
-501.896484
1766.498047
570.031738
-644.715881
-134.558105
370.322449
5.791260
1463.132812
614.904480
-605.763672
556.853516
17.267807
477.894043
827.406738
2106.585449
-332.897461
-1194.146362
-202.422241
1031.930420
-490.934631
-929.397583
-356.672119
-815.706360
-766.498901
-1623.262695
-1166.340088
663.252686
-150.968750
-1909.153320
-1523.160156
179.927734
-599.383789
197.022949
292.751953
224.809937
224.230469
185.376465
135.611084
588.134766
1704.131836
-1022.744629
636.850098
1323.214844
-422.098633
1385.995117
259.186035
380.747437
1325.812866
459.311035
-943.958984
1697.584961
1597.310791
-427.358154
464.604736
832.875488
915.757202
862.182373
367.332764
-135.412354
161.522461
-76.901855
-1422.779785
-533.524536
-69.031006
-2177.431885
-1777.623047
-26.766113
958.909180
781.996582
-1116.473022
-543.747314
1137.398193
768.435547
-151.289551
-195.170410
-1197.875366
-352.522949
204.204590
-583.177246
-225.298340
-389.849762
-335.585449
-22.671387
136.470215
-1933.736938
-4044.311035
-505.887207
352.768677
-689.130310
2185.975586
778.921631
-49.110107
1131.752197
416.651855
240.658691
1369.512695
2549.162598
1770.884766
-47.282227
80.798096
-579.737183
-1674.225098
-942.238770
-906.055176
-4125.354980
-6527.312500
-2536.716797
-2624.191895
-180.985229
1446.274414
4150.808594
2740.071045
-698.584473
-688.613281
-1483.099121
-1371.982422
-659.972168
-940.137695
530.609131
397.121002
9.188965
264.488770
-409.714844
-1160.561279
119.630371
1129.278564
1726.541992
1071.715088
-1080.735596
-175.513672
-571.418945
-201.520142
983.830322
93.893555
112.882324
-496.939453
-918.535156
-313.472656
-1559.990234
-1174.821289
-151.929688
-225.169922
-151.922852
-433.545654
-384.207520
-203.559204
-176.302490
10.499023
-191.073242
-1323.340942
252.485352
-235.318359
-413.767090
437.448242
834.475586
296.014160
1720.385742
766.175293
810.589844
26.570557
-1081.656738
1283.906250
2565.553955
2008.388184
-814.206055
377.852539
-967.531677
-442.189941
1135.819824
-43.274292
-285.061279
1934.854980
40.213882
138.118164
-409.714355
-48.486084
1204.730591
-459.724487
48.434448
789.809570
-480.154785
727.989258
602.514648
373.073975
942.249756
145.810303
342.505371
1246.122070
480.861816
-709.750488
33.160339
1481.200439
1609.916748
299.076172
592.244629
-230.466797
-225.573242
-302.308594
77.779785
522.564941
1367.580566
-599.530762
323.184570
-117.356201
-2504.370117
-2620.807617
887.391479
534.724609
2129.310059
368.304199
-3562.999023
-1481.686523
-2310.798828
2325.803711
1314.853882
-334.715332
-657.462891
-625.306152
1507.103027
3792.989258
3057.427246
130.843750
781.568115
771.724121
268.361816
-740.622620
-3693.989258
-2286.888672
689.210449
-1546.458740
-291.039062
-96.428711
35.710449
638.266602
469.046082
-350.700958
-53.598877
-176.667480
420.199463
-35.400757
-204.133301
657.509521
2991.016113
2087.745605
-614.433472
390.952667
2281.263672
581.063232
-439.764893
-1360.724243
-1062.345215
813.708923
121.004639
-2019.131592
-633.077637
136.125977
-762.704834
-646.208984
578.440918
-830.279297
-3429.016113
-5029.353516
-1226.219727
689.728638
1039.290405
3945.290527
4332.294434
2353.359375
-675.624023
354.484375
660.775024
-479.348022
2148.660645
1389.487305
1422.716309
1102.123779
1053.321777
424.475586
1563.010254
1352.439453
-12.224365
-421.298828
1518.388672
172.577148
228.216797
1013.202393
-1040.693848
-509.726440
498.321533
-133.603760
-456.076294
243.578308
786.718628
-836.454834
-442.833984
315.517578
-984.700928
37.142166
2179.057129
811.021484
-1190.947266
-1157.892578
191.384766
2834.569336
365.200195
628.456055
-1211.191406
-4541.602539
-1717.065918
357.720337
835.183105
837.200195
1462.319824
-52.085693
1238.191895
92.124512
520.756836
1751.000244
-95.096313
-1865.190430
152.693237
228.930176
3728.337402
-254.738770
-1491.993652
-2992.688477
-792.607178
767.995483
-1275.357666
-366.308105
11.640869
115.569092
560.768555
-866.111694
-1425.899170
75.963135
-662.116699
-231.019043
-243.412109
-1735.392700
369.407715
1914.455078
1502.028809
3720.291992
1706.536621
-1193.320801
-852.310303
-2112.311035
-2265.150635
-1049.741455
-2441.205566
-1375.107910
243.751953
-398.868347
-903.940918
-1327.112549
-64.797668
217.479248
-119.998657
585.676758
234.097656
-153.555298
1078.727051
1681.451660
387.428833
-552.055176
-3379.615723
-6867.599121
-3169.464355
658.934570
216.788574
910.514893
244.169128
-248.440430
-733.098633
-643.094727
185.493652
-3353.424072
-5531.710938
-3457.585938
120.144531
232.495117
194.205261
1827.793579
1232.732178
340.346924
4550.812500
6949.285156
2969.106445
117.053223
1518.321289
1431.772217
1563.848633
2177.904297
4502.027344
2157.174561
155.212036
-758.968933
747.558838
1677.517090
385.412354
-448.016602
-151.183838
2059.225830
4396.941895
-2842.529785
-510.896484
-149.344727
-785.162109
2194.906250
2518.142090
1189.976562
-250.141602
-747.342285
249.986328
88.003906
480.406525
-263.482178
181.562012
-89.652832
-627.697876
144.018066
-1655.422852
-530.288086
213.855469
-78.158203
1242.390137
921.277832
-880.751343
-1009.125977
1144.305664
266.500977
-1544.130127
-1834.626221
-311.990845
-25.177734
386.842285
-95.349121
824.699097
416.185059
676.951172
919.004883
-520.797119
-401.250122
154.483154
-1221.444214
-993.547913
-144.058594
1767.858398
3543.429199
1143.688965
-829.980469
-690.942505
-798.832764
122.439423
2046.477295
1442.755127
-534.104675
-1218.552490
-1315.252930
-147.972778
-246.671509
-187.604736
-124.239258
170.987305
1642.856445
2203.567383
-26.800537
-3087.738770
-4370.483887
-2829.598633
-348.705078
252.769531
377.083008
276.484436
-649.926514
-455.732422
248.106689
-312.341949
-893.945190
-709.131653
-940.525879
1319.968506
1324.728271
-531.546631
301.010254
1256.004028
-441.268555
-124.115723
22.964844
-1099.570312
-2741.955078
-1293.792969
222.447266
-318.273621
1075.301514
1587.527588
218.895508
829.083984
375.090820
447.629639
-1200.319336
-2791.791016
-3574.937012
-710.061279
208.843750
-227.849365
-423.451172
-652.084106
893.956421
546.775635
-13.658203
-528.388184
-935.916748
454.341431
1196.814453
1131.662842
967.820312
1212.944824
78.956055
573.881348
-161.894897
179.351654
1954.295166
368.380005
-273.805298
-853.406738
-768.516357
155.188721
-1588.198486
-309.059235
-2011.976074
-4942.735352
-1790.598389
1068.799316
-67.332031
-97.828125
-983.127625
-1778.233887
464.750000
428.722168
-502.695312
-323.221191
1214.230469
1725.773926
913.142151
-710.821289
323.312500
-503.121826
85.749023
957.576172
1850.612793
2663.281006
1137.710571
585.103027
234.590332
-899.667603
203.214355
515.004883
-116.857910
16.412109
865.685059
184.527588
-346.837036
-670.994141
886.925659
1084.990723
188.629150
-1539.830566
-1243.415283
-1135.793945
-791.261719
-704.333984
637.858398
1435.011230
2690.859375
3194.754883
942.864746
110.783447
-473.836426
-228.259766
1047.392578
872.196289
43.413330
64.125610
929.097046
469.040527
-65.684570
307.498047
889.819580
444.906738
1420.393066
2503.506836
1239.793945
-125.009766
-889.561279
-661.830566
607.209473
1626.951172
612.845215
352.187012
-580.178711
463.325928
1675.319092
411.967316
1010.217651
1232.069824
4.978027
394.963867
-48.059570
301.299316
-40.364471
-744.563965
-755.782227
-732.781860
248.379395
1155.126221
1135.856689
-258.232422
-1266.741699
-1999.524902
-1451.035522
-500.372925
-637.503235
-706.975952
-1168.331055
-383.752930
128.738770
-323.510254
-204.697021
-589.362305
-484.584473
-387.271973
1763.667969
2452.377686
1194.978271
-916.301270
780.475586
-720.854492
-153.791748
1758.865234
1161.087891
-405.378418
-797.402344
-750.606934
-1131.145020
-375.625000
116.167969
1266.474609
358.640625
371.330078
-1430.445312
782.177856
883.189941
-698.985474
-692.138672
-1126.615723
-2062.205322
-1862.195435
696.447510
1277.434570
536.180908
244.170898
579.015625
73.028809
181.091309
269.468567
316.076355
-200.439697
3295.792236
5568.235352
-128.605408
-72.776978
-155.693481
-2319.839355
-444.734131
4.108398
-68.558594
-201.980957
-1570.846191
-475.622192
157.211426
1656.852783
1242.422363
-12.227051
652.458008
816.104492
-877.404785
-2210.301758
-1991.561523
-266.692871
1248.973755
-1120.834961
202.702148
1217.590820
2220.601074
1400.598511
1516.341309
688.433594
-961.887695
-92.400391
1117.085938
1025.119629
-630.861206
1545.317383
1016.026367
-1132.186523
265.226807
345.926025
-145.183105
1605.792480
108.692139
-775.985107
-964.458984
287.585815
5100.460938
4473.350586
1151.257812
-1038.115234
-2116.280762
-448.524536
-340.856201
725.693359
1564.618652
662.193115
227.751465
-1034.692383
-1770.857788
572.765137
97.407715
1262.954590
2914.998535
884.312012
-1639.304199
-2078.760986
-180.339172
1226.462646
655.547363
-150.085449
31.862305
-62.085693
1480.015503
1647.998047
565.529541
-205.008057
53.556152
-522.998108
-133.857834
469.587097
430.553467
-889.852295
-772.011719
2621.949707
361.567383
-1300.630859
-4072.176270
-4198.111328
-1056.001343
1003.000610
1809.613525
1737.475464
426.128906
-781.405273
-1214.004395
-945.155396
-2672.528320
-1966.840088
1135.358154
-619.076416
-1448.798218
-537.243164
33.739746
-130.722656
-315.678101
-436.148438
459.899414
558.592285
1127.915039
920.560547
-1352.055664
-3594.864746
-1338.697754
270.647217
775.513184
-1074.585938
127.389648
-3501.046875
-1841.523926
-1289.627930
2499.432617
2580.297852
2354.635742
206.267029
-738.781250
101.091125
451.309570
727.482910
-2068.600586
41.337891
38.924805
199.475464
170.227539
816.081055
-741.979126
357.079834
3731.339600
3995.504639
2124.785156
816.699463
1287.917969
2126.338867
-14.234619
-844.454285
728.866211
-260.166992
-2493.255859
-1109.761719
-69.332520
302.796143
1897.419189
177.951660
-950.294189
-163.566040
-343.814453
-500.296295
682.946472
1690.142212
1611.132568
487.432129
-966.062012
-1326.528320
-1777.898682
-137.122070
-268.769531
-457.401978
-955.134094
89.201050
356.855469
226.300537
817.988770
300.378540
-764.065430
-1721.809570
-2091.711426
-1903.674683
-464.881348
476.053253
-161.433594
-1789.632812
-1394.880493
-769.961426
764.348633
1289.466309
-442.945068
-999.931152
-404.878906
160.707031
596.530579
321.663574
-529.044434
461.273285
151.718262
-731.195312
-50.071289
362.714233
882.845093
237.928711
-644.098145
-668.110352
250.660156
-370.346680
2307.374023
611.999023
209.744629
-423.668091
-455.540527
2418.313965
1979.890137
191.707031
-203.113037
-364.399414
-67.991943
84.211731
-651.640381
-1076.148315
-700.496948
451.621094
-1260.452637
-3241.837891
206.012207
1568.320801
-771.434448
105.972168
-366.242188
-562.084473
620.263306
239.836914
-111.200195
15.779419
-1304.500488
907.856934
-125.140259
-429.196777
1340.784180
460.217773
1239.703125
2020.139160
933.239258
1274.995850
115.697632
-493.024170
510.609863
942.013916
332.816193
-524.280090
876.834473
257.615723
-777.499756
-922.696411
-977.720520
-1718.515137
345.065918
870.657715
1520.263672
-126.217773
-35.322083
2103.083984
4387.482422
4183.360352
2245.519775
-123.204590
427.523865
351.544434
-1.904297
69.240234
-242.214355
-43.202087
-999.484375
-2146.213623
5.591797
1710.558594
1116.730957
721.123779
-92.983887
-345.588867
399.016846
223.296387
-866.633789
352.387268
708.572144
-144.541992
-330.038574
-543.662964
55.478516
331.687988
480.683594
139.395752
-571.614258
755.410522
1280.301758
338.811523
-1078.987549
-1713.767822
-367.317871
-92.728027
1965.229980
1873.112793
-370.458618
-325.297363
831.648926
26.636230
-44.491089
-593.273926
1025.824219
745.154785
1234.278320
948.667480
500.434570
-786.105591
-3317.430420
-4019.392822
-728.488525
-253.565918
516.070312
-62.208984
842.856689
1197.079102
1014.047363
544.003906
-435.598633
805.733643
-75.109741
-397.667480
669.854492
-504.372559
-622.602295
-2036.077148
-3771.309082
-963.470215
-984.646484
461.814453
-237.875732
558.912598
927.722168
-995.194946
-859.998535
-995.970703
77.591309
1157.583252
389.709473
403.850098
2338.078613
1918.725098
-789.255371
-816.176758
138.556641
141.002930
1504.306641
1085.038208
997.088013
-31.302368
-238.142090
-669.220459
-356.354340
582.512695
575.317871
-39.286133
702.964844
4459.806152
6019.953125
2122.198242
1015.661621
-2558.432617
-2831.458496
-1591.988281
1624.772949
265.470215
-545.194580
236.944580
476.463623
173.927246
1375.593750
1048.097900
48.152832
144.349365
735.748169
498.141846
-488.323792
-532.488037
-862.030029
-1743.360840
-1341.980469
153.023926
-47.255859
-299.933838
-664.072510
-906.426331
-164.037598
950.751953
0.940063
303.054688
1116.661133
-44.885742
-851.484619
-1401.430176
-470.441406
-603.211914
-670.120850
111.436523
-187.746094
-647.500000
-401.209229
-787.790527
648.576233
449.378418
-1080.788818
-327.099731
-41.667480
1574.284180
2483.488770
525.813477
-2364.821777
-3567.250000
-1594.791992
1197.562256
297.528809
-636.156250
-1033.754761
-995.090088
-670.262451
-414.855469
260.404785
-3052.859375
-868.319336
1513.480469
888.925781
1575.540039
184.719727
-1284.583496
-516.888184
197.439087
1104.168457
418.527344
-1657.191650
465.170898
2940.011230
1290.722656
440.338379
-1315.268066
-1371.322754
736.219727
327.625488
1093.182129
-26.577637
-352.702148
-767.024902
-649.163818
2196.229980
789.430664
383.918945
15.379883
-53.198334
3078.165039
1556.010010
-1224.278320
1205.737305
-393.737305
-113.861328
1755.425049
1565.652832
118.071289
-465.147339
61.078613
-131.623245
2051.703613
3664.705078
1176.193848
-1188.262085
-1344.935547
1113.155640
1321.253418
961.918457
-725.251587
-1138.135010
-169.507812
311.775757
894.516602
419.262695
-838.637695
-1037.043945
-409.946777
-317.739624
-147.086426
-362.006836
-175.524536
1328.763184
831.171387
-375.074097
-907.041016
-539.254150
630.481689
1837.856934
615.759766
-671.222046
234.200714
294.706787
2100.685059
892.544800
-943.250122
73.493896
86.762207
445.755371
677.867065
-660.277832
-2391.399902
470.257812
131.298828
965.237305
-1483.566895
-3957.591797
-5492.816895
-1398.852051
463.615234
-426.455688
925.335510
1149.002686
174.567871
882.037109
612.839844
130.351074
-674.648926
560.471436
819.859131
2516.449219
2555.530273
-443.137695
594.079102
1537.933594
855.477051
881.441040
1598.390869
685.878906
742.805664
-117.410889
-639.767090
-668.988281
-93.360596
678.210938
405.121094
-548.357422
-880.876953
712.854492
1101.414307
1350.159912
916.222656
488.788574
966.781494
1692.475464
627.606445
-746.430420
-566.069702
-778.470703
-2473.773438
686.570312
-450.314453
-1007.253418
-432.031250
1496.785522
-899.936523
-1335.134277
92.125000
-590.482605
386.081787
844.201721
-1830.364258
-607.685059
1122.479004
518.245117
169.783691
563.949585
-425.497314
-646.440979
-75.091309
1345.674805
1064.965820
808.285400
215.770020
529.235840
1069.741211
848.593262
-602.039062
-450.689453
270.546509
338.791992
-172.531738
1292.103027
-812.600586
-14.627319
926.301758
473.266846
587.975586
380.688477
-457.717773
-138.373291
1224.852173
1195.163574
143.611328
808.737061
402.779297
1328.180664
-59.714111
-582.324707
893.765625
915.466858
926.511475
-3.659760
146.223145
929.041016
604.091553
3679.126953
7298.461914
6507.960938
2209.310547
166.114258
244.715332
462.748291
512.088806
-1073.931396
-167.508301
-38.032715
-258.816895
-861.273499
1738.314941
965.096680
-740.959961
-642.557068
255.328857
-356.626221
448.537109
-1378.630371
-4365.191406
-994.263794
295.370239
-881.857849
2301.495117
2694.334961
-413.579956
100.261841
-622.750916
-3796.999512
-1542.651855
860.738281
310.389160
2007.232422
1489.930176
2137.833496
2281.312012
1952.374023
2228.300781
1894.262695
-607.367188
-1086.377197
-117.969727
-917.047607
-3458.385010
-759.583008
909.838989
1763.831543
448.245605
861.116211
-906.203613
-3634.375000
-588.305664
670.475586
-403.637207
1148.958008
1991.886597
38.641479
-354.695801
-577.272949
-74.107422
-338.415527
-316.562500
219.864746
-555.940430
-3927.863281
-2225.930176
677.576965
724.336914
1230.373535
-362.982422
-1672.821289
-3945.492188
-3044.429688
17.681152
-276.683594
-93.968750
867.737305
-42.780396
526.528809
651.821045
-192.755249
627.035645
-580.819336
1946.102661
7432.657227
5057.848145
681.520752
-1063.104736
-2050.377686
-571.072754
182.172852
658.301758
1604.561035
461.891846
-916.092773
-943.658691
-355.566895
-236.493408
-317.216064
-232.164795
-82.334473
-271.925781
56.919708
-2493.233398
-1554.696777
667.573669
449.484375
1987.151367
2048.500977
700.144409
500.247070
-1048.729980
-1791.387695
-1462.107300
-275.743042
806.244507
1085.846191
-1036.010010
-4578.478027
-3993.700195
-395.580322
205.322998
1152.235352
422.294922
-3413.051025
-3062.069824
-246.948730
1209.089600
1170.093262
-205.236816
-904.830200
-758.176025
-1356.754639
-151.418945
28.242554
-1490.468750
-1426.524902
652.556641
294.854492
84.533936
35.540863
-1094.945312
-958.445312
383.458496
-130.178833
345.523438
440.094238
-10.235352
256.194946
403.265137
-132.326660
-911.535645
-1186.311768
-1013.703430
888.398193
-782.139221
-6721.511719
-7176.479980
-3220.931641
-753.876953
1804.641602
1080.699219
-161.084045
1166.311279
578.536377
-245.603516
-612.558594
580.698730
-714.360840
-768.844238
84.905273
1134.980469
1919.422852
3200.478516
28.056885
-460.645996
158.176758
2007.503418
633.151062
-576.629639
-356.042236
280.340088
400.678467
133.826172
-108.403809
752.138916
-900.063477
-584.988281
141.858521
-453.614136
-328.454956
-524.769165
-1535.441528
-1067.146973
-121.415283
-396.684570
-361.147461
447.390137
256.947510
337.895477
-5848.444336
-2230.752441
-1333.969238
-118.094727
-1073.408203
-856.010742
371.359375
-1659.775635
2088.884277
4006.246582
2315.331543
-171.678955
-1060.341187
-4185.492676
-201.676758
1338.189453
-1807.242432
-160.940430
-300.425781
-515.677734
-1031.811523
1624.997559
251.838715
1206.835693
1180.508301
-7.393311
-130.446289
-261.440918
1461.929199
617.644531
1351.311523
447.680420
-1206.243164
810.794250
1203.841187
192.525391
-800.989258
587.493164
-392.590332
852.005371
936.153564
-61.340210
2687.681885
-5368.690430
609.479492
-178.306641
-728.853027
-2738.552734
-1495.628906
263.265808
584.948730
1010.678711
-370.572754
-946.821472
-731.272217
825.910645
-212.487793
160.885132
361.610596
935.630859
587.590576
291.976807
587.324219
3891.590820
721.128906
-279.169922
743.846436
-642.438721
301.304779
-289.511230
-1100.881836
-321.431641
1731.233643
945.434082
28.885132
174.902832
390.040039
276.120941
-328.804199
1056.385254
1893.092529
-1.127441
389.411865
-410.475098
383.874512
-131.447510
-220.391724
-298.571045
-1626.344238
-988.132935
587.516174
1589.737549
1627.275635
314.475464
745.914795
-186.991211
-1226.956299
-1035.714844
-969.125000
-142.403320
-444.432068
-1164.618408
-669.725098
-366.405273
-796.652344
-108.423340
-64.423096
-62.053101
220.526978
1368.270752
1369.654053
40.045166
-809.100830
-1293.001587
-1594.133057
-1288.495728
-610.076904
113.257324
43.410156
-181.833252
-97.954468
128.488281
1055.453613
1260.698242
3446.553467
3967.418457
885.845703
881.605469
291.826660
48.599609
-2572.207520
-2156.345459
331.196289
-3.689209
-570.581787
540.104004
192.929199
-191.146973
2520.610840
2990.852295
-308.576477
-335.632812
-379.884277
-1457.092285
813.342773
1042.752686
-142.287109
-542.141602
342.852783
852.967346
797.561523
472.617310
528.212891
-39.071533
-1036.625732
-1187.266357
690.318604
1212.660889
133.020996
-14.562988
-744.102295
-785.854492
332.831787
-40.798828
-1622.078125
797.141602
36.306641
-2152.647949
-491.401855
-266.524536
-622.114014
-616.897461
515.636719
419.356445
1251.545410
2673.320312
1500.779053
331.857544
430.490723
1067.935547
337.584717
415.176270
-280.399902
-61.427490
-94.608154
405.169556
2016.845215
1056.174805
-1594.998535
424.849609
2519.094727
317.807617
-1337.873047
6.703125
-2278.221436
-1055.049927
-496.722900
-1712.473877
-6658.576172
-3009.859619
447.186523
302.904297
530.461670
-276.245850
-186.692139
167.454590
290.014648
2964.111328
1525.513428
1122.506836
-1736.731934
-850.020508
-1451.766357
568.039307
381.465332
-533.412109
332.625244
3021.676270
1111.228516
1261.895508
712.699463
2628.666016
639.791016
593.569824
1064.371094
1260.791016
893.265381
-324.994873
-380.637207
-1220.343750
-809.540039
1065.783691
-2081.691895
-549.330322
1977.860352
2055.701660
-510.074707
-646.875977
722.022949
-487.095215
-603.599426
-2200.357910
-135.770264
-313.247070
-162.278687
753.101807
-11.867188
-566.686340
542.584473
675.875732
-344.487793
-428.922852
-817.114502
-1244.139404
-965.348633
365.113770
-54.625488
-398.201660
-862.023438
-555.608398
191.596924
782.828369
662.322266
-26.871094
-1495.243896
-421.029175
748.971924
-525.098145
39.005371
112.581055
-83.785156
1323.390137
1159.019531
-301.976074
-470.490723
-486.912354
2734.417969
3883.051758
3259.831543
1107.946289
-1.373291
928.386047
-530.434082
-899.362854
1045.009277
3069.126465
9006.205078
9828.393555
4361.791992
261.661621
995.109131
-227.929199
-306.283203
869.981323
-821.753906
-951.567383
-98.230804
60.594727
1702.751953
-1021.529297
745.529297
-700.596802
-2956.670898
-746.891724
1195.149902
179.952637
59.981445
350.975098
1284.013184
715.501282
365.951416
-1393.262329
-467.252075
2669.309570
3705.029297
1257.806641
-2391.046143
-1704.278809
-250.060059
-120.418274
-379.808594
-2184.635742
-3155.287109
-614.972656
-379.723877
-979.669434
963.385742
-102.072021
2663.854980
5490.502930
3844.512695
1136.172363
-425.701172
-680.370850
270.971680
227.321777
-496.401489
-1166.734619
1179.466064
155.418823
376.767822
1390.626953
-953.328125
-1443.328125
-58.770020
1120.020020
3781.828613
2330.923096
496.484131
-510.959229
-437.923950
-737.524536
-674.340820
-278.651611
-559.406799
-466.975830
627.953369
-908.959229
-2257.610107
1289.434448
-199.311722
-995.319092
303.451599
-328.145996
-573.238281
-231.853516
1373.833008
-542.044189
-1642.636719
-1458.460449
531.287109
885.142151
-500.179199
-944.307129
477.285645
-777.880859
150.294922
616.751953
1121.272461
90.711914
105.376221
-268.660156
-845.600708
-391.571289
614.450195
533.400940
223.257812
-626.127014
-868.395996
333.993164
10.567383
-2128.282715
-1602.140137
-2117.893799
-631.832764
1953.802734
5813.288086
5236.176270
89.385742
-1153.830078
-1429.818359
2394.714844
1577.885742
-327.608398
149.650757
-112.048828
265.671875
452.619141
-1545.568359
-2491.597656
-210.434814
-155.419495
-1642.404297
1155.630005
881.414185
787.618408
127.211670
557.605469
869.643066
-1788.429443
-1466.284180
-561.544189
-783.996338
-627.403809
-1018.082642
-1598.403198
-198.699097
-990.299561
-458.172852
101.024902
-2608.489502
-5542.053223
-3128.049561
120.889160
-335.375488
-1403.734253
-456.198730
214.070801
760.399902
1086.233276
-795.941162
-3943.612793
-1857.263184
890.874756
455.746094
-118.699463
-347.153076
-152.262207
-1351.646851
-1277.217285
0.762695
-217.635742
-309.627930
1052.849121
-770.613281
-721.535767
1344.852295
223.172852
-866.913208
385.086426
-334.184570
-565.552002
818.142151
651.397461
83.842773
517.802246
-86.729980
-1853.974365
-1330.527100
987.351929
1708.613647
196.182129
-2888.144775
-4172.029297
-1185.490967
524.361633
-239.618408
-210.558594
1643.696045
1061.430176
693.969727
814.018555
508.299805
-393.960205
-716.563599
-907.626221
-307.577393
121.377197
-704.328125
-76.945801
164.844482
14.467712
-100.039062
-1376.587891
-515.949463
112.141602
2378.202637
5113.819336
2253.962402
411.675781
354.961914
-698.570068
-46.726318
-515.414062
-13.295898
-359.235840
-132.565796
803.153320
1171.467773
-307.083496
-527.687012
221.329102
289.013672
125.196136
312.488708
-1834.934570
-1270.114746
9.038574
2460.195801
932.768311
137.031128
-895.149780
-1576.884277
-758.383545
2012.052490
3550.943848
641.649414
86.794922
261.551758
-1998.773682
-6088.883789
-6484.286133
-3579.358398
255.042969
-717.424805
-1111.246582
197.622559
811.436523
2230.858398
-244.218140
160.298340
1178.957031
908.536133
234.339844
397.005371
535.889160
929.907043
-445.693359
191.624512
37.753174
-44.147949
-739.622070
-194.452148
-698.087891
313.903320
1844.326172
1102.638916
138.928223
289.475464
1975.951904
1652.416138
-1002.577759
-322.891113
564.658691
524.483398
-666.857849
3533.741943
504.913086
-48.654785
-62.757324
281.954346
617.709961
521.001465
-416.262695
-1018.103760
283.943237
-1474.029785
758.982727
1037.863037
-517.733032
706.488159
1124.706543
128.208984
-81.278320
1047.232910
-470.546875
-929.432617
-190.334473
-332.509888
-1562.915527
183.964478
893.523926
309.580566
1043.819824
1499.358398
-124.087158
581.696045
845.151367
125.724609
306.758057
613.764893
1869.482422
468.781494
-454.160645
781.480957
173.936523
365.427734
-845.377197
-1700.704590
648.408203
781.379089
-902.006958
583.142151
1021.660645
156.082031
323.875000
1348.452148
1640.438965
252.556641
219.401733
916.352539
-431.121094
-879.566406
742.422363
736.140015
-110.353149
-338.738770
747.269043
590.979980
874.923828
801.633789
514.103271
-1215.026367
-1825.100098
-199.607422
145.603516
-932.475830
-654.269531
802.957031
1007.136719
248.476074
-158.824463
-944.317383
-2028.643066
-108.543945
703.809998
675.248535
-1103.252930
-5110.107422
-4545.928711
-1145.398438
745.577393
-626.524536
-2486.117920
-1455.043945
-1052.052002
1033.494141
-746.461914
-2491.191406
427.805176
-480.575439
1549.090820
1312.245117
77.069824
842.271973
133.032227
-308.462402
-68.586426
-61.954956
152.733154
262.171631
-121.360352
957.704346
1061.186035
-558.572021
-213.735229
767.912109
-311.702148
-334.929199
57.074219
-29.360840
-675.328552
73.392334
109.729492
-535.995117
-929.697754
193.924561
-660.777771
-904.417236
594.540283
-397.448334
-105.429688
966.089600
-126.461670
-712.388672
-1023.991699
-115.311523
448.339844
899.611084
445.469971
654.825439
1352.848999
930.192261
-582.572021
921.834473
1008.796387
-1543.214844
213.110840
1542.680908
898.288574
597.796875
98.502075
1093.299805
-1057.255859
-1099.884766
621.267090
-548.447388
866.009277
1291.711548
280.263794
-417.802979
44.168945
1522.602051
839.648438
281.044922
-2030.337891
2437.792480
1673.616333
754.361328
695.664062
1235.440430
916.878784
226.520020
-321.447266
87.949707
1141.916016
1266.103760
385.169434
320.758789
456.030518
1666.142090
2361.323242
-1272.194580
386.754395
-648.645996
-753.081543
300.359863
41.399414
1837.166504
678.967896
-921.500000
-640.345703
194.281250
642.539551
353.096069
-1377.354248
-509.837280
-1085.849121
354.644287
-48.295074
-880.295166
-1128.134521
-1303.814697
-582.720947
-646.393372
-40.640137
289.912109
-81.213440
-908.270996
-3332.956055
-3037.418457
-545.065186
862.922974
1010.948975
750.166748
587.103760
597.472290
669.022461
330.483154
957.981934
751.890381
-849.402100
30.097748
-543.454102
-1873.954224
-142.304688
685.957031
1166.528320
157.838379
-395.814453
82.146973
915.859619
766.565430
-148.486328
58.575623
0.207520
-187.838867
-734.789551
-1106.525635
-543.735107
-330.814209
201.376465
207.468750
-1306.612305
753.783203
-360.618164
866.420410
1331.159180
1089.797241
511.016541
880.752441
125.864990
-361.838196
242.908997
1942.620728
835.757019
-837.495361
-246.731201
-303.267334
-477.525269
21.295410
388.643066
383.183105
537.960693
-267.177246
-613.639160
666.523438
949.631592
1401.230957
36.138184
-145.651855
173.156006
-389.292847
650.996582
1694.492188
152.082764
-1176.826294
-966.914795
-294.885742
-107.331055
-1263.409180
-1971.621094
-1339.865845
969.997864
623.985352
820.880371
-70.093262
-1341.139404
296.676270
-241.996582
-1628.764648
-641.233887
343.512939
170.721375
-591.012451
1191.675781
662.758789
-237.809692
-957.719727
-1284.987793
-160.173218
892.610840
393.938477
407.595703
341.869812
604.611084
-1028.651855
18.801025
750.585938
-550.275635
393.374512
1219.932617
-787.980469
-437.857544
700.175476
163.526855
-520.836914
-1870.950195
-640.573242
-448.355469
-1169.924438
386.021057
333.406616
-2195.637939
-280.462402
476.788574
-868.563721
295.984375
1604.148560
345.169678
-557.914062
-898.460327
-585.561768
-228.686035
-1095.419922
1026.440918
3636.122559
2045.609375
1282.246094
974.615234
341.257812
-1314.033203
-256.198242
922.277344
895.072998
2014.341553
765.349121
1132.181641
942.990234
449.380371
-1194.902710
-112.302734
1031.018799
1152.672852
604.609375
-495.148010
30.532593
2563.120850
4349.237305
2298.667725
-6.487793
458.634766
-640.244141
1735.282227
3638.090820
3811.107910
-54.027435
-1104.221558
-1471.812500
294.527588
-723.279297
-2640.007812
-3582.013672
-2586.149414
-443.474365
1523.274658
107.348145
-319.566498
-739.929260
-420.174927
506.393066
-964.947754
-173.146484
766.644653
685.170349
-1078.083496
-450.524536
825.568848
1206.434082
1205.369141
299.055176
-638.395996
-141.698242
-852.104004
1114.469482
755.542114
-680.292480
441.201294
2038.426514
-111.512222
-762.945190
-219.171143
-454.122070
-247.011230
-366.064453
218.272827
-4146.560547
-6735.428711
-3273.607178
-590.684570
245.306396
112.788574
-1203.771484
-384.937500
-244.822632
-769.820312
76.691406
800.973389
-5.676270
1216.592773
-180.605469
-1033.455566
-1495.734863
365.818176
1465.794434
1736.920044
256.382324
-1981.615234
-2131.126465
648.838867
1039.602051
-337.890991
315.753540
1205.470581
24.271240
-246.966309
-597.896912
-160.825439
1474.432129
1013.709473
372.405273
-823.779297
-427.914307
277.354004
587.701172
1204.000854
175.822266
-850.739990
-708.998047
-662.505493
1359.590576
1296.967163
-116.463135
-279.035400
607.011230
-446.099121
-500.452148
286.048828
-662.704102
-1294.307617
-1168.266602
558.920410
1327.380981
173.358978
-262.682861
-781.114014
391.999268
-320.908447
-2044.700439
-687.470215
786.142151
-887.312073
-319.285400
421.480469
-214.663086
858.462402
2415.818848
2212.709961
801.043457
249.030273
-1436.041504
-1457.628296
1511.884155
1462.044189
913.182861
291.534180
-564.211914
-629.901978
-1104.162109
722.534180
1566.726562
325.375488
401.413452
1080.059082
802.473389
-896.351135
-111.494263
1198.942383
429.634277
-638.054199
-845.713867
-1483.049683
478.429688
1805.256348
604.549316
-734.852783
-1307.093140
-5125.240234
-5758.480469
-3632.301025
-3327.867676
-2219.851074
44.180664
881.584717
464.362793
-151.791870
-973.031982
-590.251953
-698.682129
-573.245605
192.143555
-1220.205078
-446.267578
187.571289
-4.736572
648.378906
423.290039
54.789062
-831.822266
678.773926
2019.955566
1461.675293
-928.969604
-1150.684570
-939.557617
-1006.249512
-429.187500
-255.614136
-457.943359
1615.366455
3743.260254
2779.903320
418.058105
105.767090
-462.068359
230.357422
610.324707
-859.861816
-784.754517
764.561523
480.905273
2764.294922
4676.390625
3315.664551
-236.637695
403.988770
-1832.816895
-1512.000000
-360.896484
-292.305664
1298.584961
609.218811
-302.603760
2895.189941
3945.777832
-1338.878906
-1628.826904
-432.512939
-559.273926
845.106628
1798.777344
-201.408691
-213.088623
978.233459
-327.504272
0.664104
125.393127
871.953247
1691.920410
667.101074
2868.101074
4274.610352
1243.392578
-45.235596
-942.185303
-1094.514893
-37.744446
-859.298462
-3495.806396
-2221.180176
610.195984
2215.252441
4715.193359
4831.275391
454.000977
82.221680
38.478149
1340.623047
1066.160156
983.160156
-1202.008301
396.938477
-177.246887
2402.539551
5397.944336
1206.687500
-1284.678101
-1582.936646
-1758.525879
251.875000
457.890625
-1051.886597
342.374146
-108.204590
221.812500
2377.077148
535.938965
521.150879
-1590.210938
401.980469
41.048828
-54.873535
344.540527
1186.690430
-698.275269
-29.168945
-491.429443
-381.082397
346.953613
286.964355
3160.943604
3509.998779
-1407.708496
-794.304321
509.801270
-303.291504
-3.752441
-69.410156
-754.403442
1451.891357
2967.354492
2467.689453
160.627930
639.551636
50.828491
-915.700195
-3097.239258
-2046.446655
-1346.857788
-1325.134521
-793.436279
-98.737793
-376.940430
970.803711
1185.856445
-26.106628
468.042725
339.655762
881.520325
-346.196533
-1551.107178
-1541.475586
-758.436035
-2520.393555
-806.641602
-4474.856445
-3440.119141
-1027.711914
330.084717
726.123535
1882.019653
464.723633
902.141602
-629.872070
-574.914551
648.978027
-807.774902
-2118.063477
619.704834
1159.224609
1047.770508
-474.869141
-851.623291
-1213.847656
-988.776367
763.937256
939.804077
793.372070
515.031982
646.905273
90.524902
569.831787
177.784912
-232.532471
132.286255
-446.369141
-88.275391
-119.318970
-931.168213
-574.539795
-190.024658
4967.134277
3884.556885
4171.136719
-333.059570
-126.657715
-1908.527588
-673.492676
968.209961
-492.517334
-29.475189
560.812500
-540.019531
-384.338867
2235.659180
3135.124023
2093.397461
921.193604
2960.237793
1030.918823
230.873535
749.817383
-792.022461
-827.852539
1808.375000
1083.853516
-183.930176
351.613770
2785.846680
2659.389648
101.482666
-436.453125
-238.684570
-2.735596
-866.938232
662.941162
2927.444336
836.931152
182.959473
-375.059723
-864.492188
-15.352539
368.419922
127.126465
618.665527
202.924316
812.278564
-605.524536
-603.899536
-54.314941
576.615967
720.975098
68.412476
-1196.330566
-370.570557
71.280151
169.638184
659.961914
2024.696289
846.243652
401.696075
931.713623
-807.556763
-649.781738
159.754395
887.340942
76.254150
-665.308899
-696.417725
142.462402
94.617676
-229.091553
-892.972656
1138.639893
-49.848358
439.508301
802.192383
-1369.093262
-2355.786133
1053.943359
-437.685303
-177.768066
293.403320
-560.005859
91.465088
-607.581543
-1543.362305
1249.373047
2619.649414
2075.820801
-59.377197
-640.777588
-3175.345703
-2281.319336
-98.187866
1344.043945
1417.653931
1491.142212
949.238647
306.532227
-804.338135
-780.524536
-680.549805
-129.377930
168.688477
-339.050293
-394.384399
-173.881836
-2430.347656
-614.479004
131.865234
303.280762
-755.336426
-810.650635
1180.199707
-728.007812
1660.803711
-34.724609
487.507568
-1592.387695
151.954346
-581.444336
-496.775391
-739.995117
2472.138184
1112.192505
-298.310791
-545.344238
1490.362793
1704.041016
526.040649
-575.853638
-169.684814
-755.294434
-1219.640137
234.404785
124.832153
-666.275146
647.345337
908.619995
-571.781250
-1068.125610
109.663818
-763.457520
-4063.399414
-5553.569336
-3637.812500
-1294.684570
804.219482
1272.381226
373.244324
24.699951
389.634644
1030.475464
820.630615
-1031.052979
-2716.771484
-2458.524170
721.630371
1006.475159
-636.630249
928.570312
489.370117
670.723633
-169.265137
-975.785400
-502.030273
1163.671875
1940.351562
-967.579102
-950.636230
73.068848
620.348633
2668.120605
1857.416260
-371.593750
945.635620
-241.259033
-1134.397949
-66.337891
-1172.237549
-395.189941
-350.820068
694.762207
-1120.479492
-506.247070
1870.562012
724.431641
-1198.173828
125.528809
-1399.274048
859.074219
2406.116943
3928.401855
2796.928711
2129.659180
-582.038086
-1526.253906
-1133.524536
-1045.819336
-267.465820
606.949463
338.266602
49.988281
1606.594727
953.657227
723.613281
1052.734375
695.286133
-476.800781
-840.008301
1284.189331
856.022461
-1208.881104
-1458.413330
-724.471313
-2369.412109
-4728.020508
-1689.857788
1621.100098
-621.031738
-386.955383
197.160156
189.186523
-79.421875
2128.542480
4244.297852
1465.943604
2726.543945
1145.461914
-1355.534668
43.692383
5353.101562
830.585938
-554.741211
1222.538940
-239.796875
-1241.657227
-204.857834
804.745605
1241.641602
-1497.213867
-1114.814575
-647.039551
-375.361328
-1274.670898
1024.105469
-728.336914
-150.478271
-397.876587
-1131.553711
-271.436523
-118.496582
-1216.298828
-340.931641
-337.260132
-163.161499
433.293335
-359.040344
-1209.244995
-687.891357
2523.550781
920.494141
2445.437500
727.810852
587.063965
635.501465
-635.343750
-807.442383
-1277.773438
-552.080139
-939.954163
-1148.524536
-1291.166504
246.450195
1049.862305
1107.101685
887.510132
-1516.953003
418.856445
742.762695
-593.173828
348.251709
872.919678
1124.680176
1466.668945
816.520508
441.393555
-1594.156250
-3458.836914
-2174.201660
-1457.557617
-60.982910
-484.166138
-1587.285156
1195.818359
2335.865234
27.218262
209.034424
-410.500671
-1236.857788
-337.857849
764.366211
-7.155762
65.759766
82.954590
-1945.043945
-643.325195
-2067.204102
910.869141
-147.959961
2402.359375
1757.509766
-324.843170
-976.424316
1496.580566
1926.540039
774.602051
-1020.497070
277.757324
668.773926
38.215820
1799.970703
-289.645264
-2874.169922
-3860.808594
-1751.057617
6.140747
-548.852051
-638.396362
-427.827881
-65.383789
341.316406
418.822266
227.500000
-271.430420
1341.475464
45.367249
-137.965118
369.746246
-258.545166
277.313477
1365.887085
1241.142212
-160.441162
-719.166992
88.717285
-896.304077
-383.192871
288.776367
698.998047
-738.602905
-1946.946899
-1297.656982
-1024.173340
-1838.587891
-1728.656250
24.010773
738.037231
852.252686
1183.509399
1439.573242
-301.187988
-1424.207520
-4144.441406
-3672.924316
-237.993164
57.420898
-238.862305
-1625.478516
-1889.388184
-1857.428467
705.489258
1838.253906
3382.571777
-796.271362
195.542969
-4.158691
-201.167480
-813.824402
96.911255
529.087402
-238.468262
447.773773
-912.509766
-987.334961
475.570557
-353.580078
-923.133057
-277.442139
-806.448486
-189.170898
-14.286865
-243.642334
-1113.074219
1150.483398
-1084.308838
343.458496
621.450195
1103.351562
897.428589
-104.081543
-1689.920410
-987.465332
-876.640869
-1088.022461
1267.101562
1100.714844
633.116821
614.234863
-376.694946
-1054.952393
408.220215
1209.816528
979.791016
621.072266
-1118.625244
516.984619
1688.360352
-118.393555
-25.008301
-326.809814
-1013.381348
2405.370117
-126.946533
-367.968262
1474.664062
548.320923
918.335938
1573.635254
808.410156
1210.046631
-732.593750
-694.919922
1733.877930
152.079102
-608.867798
-99.681030
544.418945
689.253906
916.299805
-205.094238
1192.111572
206.127930
1597.403320
2042.091797
1013.755371
876.425781
2248.241211
2444.072266
-26.306580
28.728394
719.458984
-428.968262
106.311646
368.018066
390.556396
222.776367
1429.478027
-224.204102
-334.758301
-1297.590332
-238.028809
722.660156
1025.041260
-887.289062
-1519.642578
-2638.564453
242.646240
735.516357
1769.521729
2110.901367
-97.565796
-871.044189
654.191223
-132.859253
-827.145203
-247.625244
214.788086
923.216797
536.318359
-50.927734
-299.472168
-801.016602
-187.368896
719.754150
3243.354004
1153.437988
-633.715820
10.204590
-1996.789062
-228.786133
570.530273
-55.192383
-146.916992
-1389.857788
17.043213
-1902.738892
-1521.032959
57.621338
1309.743164
-265.254395
422.219727
723.899536
833.768066
-305.793274
42.875488
-1196.527344
155.829102
182.366211
318.748291
1120.317017
-406.966064
774.343750
2082.927246
721.809082
907.916626
456.405029
-1541.302246
147.313477
622.238770
887.279297
195.540283
-910.471313
-191.600586
-670.804199
-575.664062
350.462402
828.098145
-174.620117
232.168457
234.635010
-104.286133
643.907227
-40.359863
373.676270
248.806396
1321.370117
4839.781250
4831.678711
1006.432617
-312.245605
-841.863281
437.005127
-563.895813
-813.614746
1614.241577
-1.107422
-834.235352
940.599609
618.444336
27.864502
123.618652
-593.981445
-645.682373
-247.586182
841.356445
-61.727051
-62.947784
673.924316
-71.503418
320.413818
-567.363342
-361.292725
-624.870544
-234.053528
-612.334595
-1228.318604
-228.607422
709.753479
369.355835
-1122.421753
-345.316895
523.660156
-1650.896973
-759.305664
-364.526367
1309.531250
489.639648
-200.822266
349.971191
-727.424316
-393.957520
-95.935089
910.075684
589.036133
-849.278809
-473.650879
-575.868164
-721.558594
3340.913574
3388.232422
1839.608887
-1053.438965
131.849609
21.239746
-639.303345
-758.689209
649.391235
1127.560425
1262.865967
-542.316895
403.603271
1108.011963
-342.283203
-389.489014
-1158.178223
-376.947296
647.322754
-129.161133
1066.966309
754.433105
-269.495605
-119.223633
142.019531
705.420654
-371.093750
843.016846
-240.173889
-1284.441650
445.686401
6.230957
-2573.189941
-1503.403076
73.212402
828.922485
-584.814087
206.883301
-815.574707
-1502.903320
-1228.510010
-1287.264160
623.796387
1501.645508
565.563477
-200.418701
-36.950195
-1522.992188
904.783447
323.745117
174.016113
1347.330566
1340.568359
507.104248
-373.276123
59.140381
831.443848
314.665161
-784.843262
-974.820801
-1094.589233
401.744141
443.261230
-463.947571
-420.352783
-1054.475830
-614.401855
126.867676
1111.895020
-36.933533
-220.036133
1488.489258
2381.497070
1063.096680
817.480469
429.699707
1449.735840
871.411133
273.674805
-546.507568
-575.203125
442.505859
-215.151245
-42.900635
1421.512573
1079.008301
551.518066
286.047363
564.458496
669.439941
1726.586914
-650.270508
-163.483627
1144.086304
-586.788818
-25.218994
338.535645
495.146606
3.763428
-671.395020
957.279785
1355.857910
326.675537
-538.799805
-1084.520508
-4834.898438
-3617.693604
-306.685059
-695.732910
909.398193
3363.379395
2857.573730
-410.857849
-1045.563477
-1400.640625
-846.917236
-484.393311
185.387695
666.604980
499.932373
-569.518066
1512.713379
2501.337891
937.609375
-2306.971680
-5254.331543
-3237.212158
411.368896
1462.005859
1000.409180
1065.823730
-139.639801
-2872.816650
-1637.868774
1306.236938
493.159912
-1177.427490
-747.750488
65.959473
148.200928
775.989258
900.283203
-259.889648
-252.187988
2340.891113
2924.389404
479.716309
602.648926
-1325.164307
-3291.111328
-515.864258
3.350128
-292.364990
1433.979736
2429.691406
3063.477539
2262.070312
277.945801
-879.493652
-1027.923828
180.295410
-179.283691
-1005.525146
-206.964844
-2049.702637
-248.815186
969.448975
326.947144
837.276855
498.658112
-113.330109
339.173767
180.264404
-66.493896
391.410645
-3468.323730
-6416.083008
-3281.860107
172.690857
-298.877930
-1274.180176
-1745.765137
-384.547607
-644.135925
-336.990723
298.112061
-37.151367
-265.521729
-859.826294
-990.040161
-430.973145
-1220.045410
-2791.195557
-794.371948
-532.377930
437.936035
-322.174805
803.309570
-482.865234
-945.847534
11.672424
451.436157
-870.748779
-196.442932
652.937988
1150.211914
3518.261719
2108.455566
-373.881104
403.260986
1224.562012
13.458008
-613.183594
352.247559
-288.528931
683.041748
592.942871
142.937988
813.564941
-1811.578613
-680.364746
1030.534668
874.055176
-1115.338867
-165.441406
975.128906
3408.833984
3771.768555
137.838867
-2250.606445
-5315.134766
-3552.034912
200.187012
-791.257812
-2166.857910
255.083008
941.579834
534.216064
-1260.574829
-1711.158569
-1010.665649
-237.045898
598.318848
-247.018066
-920.615479
507.568359
-81.010742
-1176.554199
918.207031
2077.886230
1762.796875
230.784180
340.937988
-483.817871
-801.752441
520.049072
453.862671
-144.852783
33.696411
-889.974854
-310.135498
1387.256104
219.359863
119.911194
-261.041504
-434.288574
-68.373047
54.648926
1039.993652
242.609375
885.536133
685.131592
3007.980469
4520.919922
-699.429199
168.468018
-2317.739746
-1710.466797
-2240.667480
-2393.916504
-1899.292969
877.699219
1490.147949
-605.634827
78.378662
-93.356201
-565.588867
1426.198975
1561.244873
-211.836914
-87.270996
-1361.778809
-413.626953
444.214844
160.216797
896.297852
-994.191650
1267.468750
711.793945
1043.125977
157.177734
-185.178955
-65.437012
-498.354980
12.786133
-59.403320
-1658.340820
-1200.722168
976.852295
535.187988
2227.319336
-734.023438
36.470459
1179.372070
-644.878906
-284.762207
777.375732
3145.401855
4367.080078
2037.602539
377.186096
1440.858398
692.801514
3104.617188
3310.586914
-456.184570
-396.967529
755.044556
702.495911
2992.269043
2457.820068
-1673.928223
-164.865601
-372.558167
287.818115
113.101929
-61.148926
100.728516
11.516602
354.126953
139.739746
-1380.100464
-1519.641357
-658.493164
575.800171
-710.072754
-3445.982422
220.082031
3108.197754
264.253906
1962.962891
741.414062
347.339844
-188.385742
77.737305
1383.663696
-1255.707520
371.623535
-962.553223
114.309570
-717.758789
-2096.901855
-1289.121826
994.878784
728.922302
904.635620
-526.348145
-2937.208496
-1375.958008
-766.422852
-467.560059
1066.101074
1163.909424
-456.771667
-1253.956909
-633.294067
-1554.418091
-505.946564
2037.087524
-269.853180
-2958.936768
-5467.817383
-3906.684082
82.376953
-458.236511
-594.812500
470.443848
-3929.971191
-2214.965576
733.558350
1772.887207
2239.538574
-79.936768
-1350.879150
155.475464
144.503906
-307.830078
456.374573
928.717773
1102.599609
3381.571289
1956.224243
-49.505615
122.630371
1418.079102
1016.390625
63.961426
-2585.134766
-4206.281250
-4879.448730
-2902.726562
-239.935547
1042.624023
-1301.836914
394.021973
569.508179
-594.088623
-381.052734
-628.987793
-456.422974
-201.171875
924.810791
223.913574
-1522.141602
-338.096924
4220.040527
5824.058594
1111.038574
-620.349609
87.342285
-297.836639
2979.975098
2107.126953
1091.708008
-1374.205566
-1468.108887
154.776367
991.693359
377.430664
-1832.375488
-2386.207031
-2719.475586
-2085.668945
-1508.639160
289.312500
154.823242
333.454102
1465.644531
2029.637695
-132.058105
-298.886230
-587.217773
-431.744141
649.488770
714.668213
5.243896
-481.565918
-747.450073
699.591064
1841.548828
556.690918
-254.039062
139.911133
252.218506
-154.161621
-918.878418
-610.708252
164.499023
567.394531
-1385.578613
-1886.935059
-1145.958984
-950.523438
-137.949402
-455.947021
466.699219
1308.097656
980.307007
548.197754
1108.730469
-109.013672
-1283.157715
-103.564453
-836.864502
479.166016
2084.208008
2014.708008
21.960449
-393.881348
-733.267822
-103.345703
1066.293945
650.125122
989.260498
292.321777
267.621582
-386.124023
464.069824
-506.476440
179.660980
1082.593506
1078.510742
560.604004
557.578613
-758.037354
-902.028931
270.717285
-2853.771729
-2788.580078
293.103516
386.704590
-154.649414
260.420654
1633.815674
79.828613
1473.572754
6919.369141
3870.158203
-362.912842
563.866821
986.668213
685.265015
-143.902588
671.942505
1469.484863
421.238281
1540.770996
1744.136230
859.675049
677.081177
321.304718
272.762207
-52.076172
144.845215
-965.686523
-290.178223
839.623047
292.003906
311.377228
524.296265
356.881592
187.093262
22.708740
536.372559
323.825439
-111.501953
389.094238
175.195801
-110.684814
-776.472656
-409.112305
704.057129
1051.642578
-153.367676
161.867859
694.142822
-42.754517
-24.664307
787.670166
237.739929
377.103027
1775.502686
2125.463867
1042.315430
306.993164
546.833252
275.268555
189.426758
2426.298584
1845.372559
46.781250
9.107056
527.960449
312.441895
705.238403
267.733398
415.233398
406.350464
429.266602
203.944336
76.097656
-186.035767
-730.084229
-908.482056
-528.228516
356.227539
1389.400024
349.736816
1529.921875
1179.065186
-1164.897583
-398.037964
-65.768311
-57.122559
603.644531
2547.816895
818.604492
-811.997559
-179.041504
668.640137
372.133789
-77.073730
-958.581055
-493.859131
398.425293
314.455566
125.202637
302.252930
53.421265
-655.278625
-328.660400
-333.949219
221.382324
512.299805
634.777710
688.986572
77.377357
492.546875
1054.293457
-263.040039
281.034180
95.307129
-2070.990234
1500.763672
-1131.936523
343.321289
210.513672
-1188.506836
1725.999512
249.034180
-602.513428
407.356201
-211.358398
293.147217
707.833618
750.659912
772.475464
552.715576
-213.320068
370.856445
1076.863281
1189.684570
1123.447998
848.207520
-369.888275
257.762695
-54.481445
-162.436523
-876.058594
-624.604004
-554.417969
744.126953
499.569580
-1226.607788
-1214.057983
-4089.249023
-3028.239258
1268.338257
366.164062
-364.274414
601.103271
-2048.213379
-2124.621094
-1128.405518
-1000.935303
-699.771484
-216.811523
-1298.304688
891.293213
1287.858887
625.403320
698.294006
-575.767090
-475.475586
-120.485962
-259.944336
-2999.049805
-2748.958984
5.515869
-530.672607
-2758.629883
-505.631836
-98.772949
464.334961
343.717773
-1008.952148
-2588.278076
-1314.328125
-322.974609
1504.718018
-1587.905762
-1404.663086
415.485565
1528.532227
422.544922
415.071777
803.005371
37.591309
999.728516
5166.869141
3772.366699
-474.338867
-808.857788
-547.022583
3525.783691
7663.720703
4040.090332
-402.772461
-77.267822
997.589844
3.871338
-469.817627
357.909912
-621.954590
368.524414
-1616.394531
-1165.648438
1575.229492
-1172.531006
-591.750122
645.005188
-1426.145020
-1922.966309
490.960938
706.294067
110.671143
231.260010
637.804199
-91.340332
-240.241211
963.462891
-283.082031
-680.460449
-290.738525
-602.121094
-921.572632
536.409546
-33.879395
-1823.283936
-1533.291748
-300.240479
662.382446
1052.190674
-135.461426
73.996582
735.500000
496.896484
1764.241211
1718.591797
2335.835938
1724.934082
-669.774170
-75.338379
177.555298
-835.239258
811.083374
2209.310547
730.812500
912.824219
813.120117
534.689819
1369.674561
-665.401733
-1077.262207
-547.591797
413.269531
-882.994202
180.966553
442.024658
-226.501709
48.451416
-70.950073
-447.234619
-3382.858398
-3623.596680
954.921875
-104.118408
-859.647217
123.349609
-463.278320
-141.133301
638.357788
-321.825867
269.867554
614.114563
983.214844
715.843018
747.896729
553.160156
259.047852
168.394043
-233.560059
-1449.462891
-432.630615
830.279785
616.410156
1638.062012
493.884766
-247.302734
-296.096680
814.791504
738.969360
534.402832
484.144531
-1376.909912
1906.538574
4916.511230
1224.686035
43.731201
-236.948242
-890.373535
963.051514
-395.588135
-776.500122
826.069824
112.278809
538.995361
-52.719727
-172.702637
150.787598
232.267090
369.458740
-477.574707
-1283.741699
562.533691
6168.406250
9029.583984
5438.687012
440.676514
-280.729004
-193.017181
-566.989258
378.250977
-228.720215
-128.338867
1258.321533
1093.721924
977.906250
907.348145
772.771240
667.833008
-460.650391
-126.659180
-359.957275
169.478638
1081.135132
949.050293
-97.963379
-750.771729
-680.713257
1115.756836
2828.388672
849.000244
-406.326172
95.521652
254.264404
-636.157471
-672.506653
1010.231445
2165.776367
-1333.154297
-1332.372925
-1476.098633
-27.770020
458.425659
-300.429688
-673.604980
-510.350952
1207.785767
514.283081
-806.420166
1050.793579
776.157959
644.714355
-1947.545166
-4724.277344
-2138.895020
792.142578
683.756958
762.722168
19.536133
-1342.627930
-264.322266
-1082.789062
-1482.448364
-475.354004
-713.499023
-182.307617
-331.283691
1800.790894
3585.559326
1130.686157
-1033.887939
368.230957
1029.203857
569.020996
1004.860352
-94.423828
-1403.461670
-129.540039
23.979980
-579.263184
488.141602
-2233.378906
-564.280273
-361.986847
-406.355957
277.687744
215.232300
-1846.253906
-1478.918457
174.635742
890.427246
-89.069824
134.258545
311.684570
1545.674805
-1025.499023
-587.937988
-769.600830
-5470.857910
906.647461
-1294.062256
-1790.703125
-721.752930
1365.286743
3879.521973
2778.171875
-359.874512
892.777344
981.257996
-557.654663
1117.316895
-157.020264
-2483.588867
-1511.692871
-104.582764
10.735107
822.019531
1068.573730
830.964233
-76.524536
1046.214722
-801.824341
-3344.334229
-1865.962402
615.556641
669.388672
122.387451
-691.309082
-1380.061523
-822.567627
-199.147461
-321.390137
-116.233398
-49.127441
1237.746216
1824.837402
1008.623047
657.935547
691.332397
678.538330
-923.868652
-109.365234
2318.716309
1430.198242
-859.630859
-203.326172
1339.045166
729.960693
-851.216064
-436.631104
596.474121
96.190918
437.170654
516.480957
660.481445
-251.575195
-1251.207764
-1968.849609
-264.186768
2510.470703
2654.554199
589.766113
-3539.508301
-5436.830078
-2167.864746
1668.489258
1064.165039
-324.782715
1012.785645
197.167358
3140.140625
4026.132324
-244.524536
-1957.740479
-2109.559814
-1073.594971
533.901855
-1228.688965
-47.522461
926.914551
439.822754
46.005859
-13.975586
-1581.134766
-242.199951
672.882324
1145.802734
-1314.130493
-309.524536
849.758484
390.391602
1599.219727
445.322266
-217.386475
-126.722168
-337.699219
-24.826904
621.514648
310.082031
-410.839844
-901.544800
-355.113281
-1253.213013
-1096.976562
-485.683350
79.175781
464.911865
-710.779663
722.353394
1182.530518
1965.157715
1095.389648
20.666016
573.328613
2612.315430
-995.041992
-779.385010
577.617188
26.654297
1011.851562
207.265381
296.158447
-501.773438
-1501.959961
-609.524048
281.877441
2588.736084
231.496155
303.695557
332.689453
167.979980
-347.194824
27.535156
661.402100
-170.055908
-62.547363
14.358643
-644.507446
845.562500
-172.847900
-443.030426
854.139282
376.142151
-138.935547
56.330078
590.844238
-504.775024
49.806396
187.293457
-1288.103027
-540.379883
1906.408203
1718.237305
650.614258
316.713379
-914.377441
-1606.857788
330.864258
-1184.814453
-890.834961
-869.333740
-628.053223
-94.090088
-168.499146
-50.645996
2108.139160
301.827515
-184.736816
889.526855
329.213379
357.806885
185.385254
-717.188721
-809.501282
-672.581299
-1493.175049
-703.692139
1106.088379
1206.211304
-1021.717163
-930.777222
255.063965
1772.182861
7032.442383
6771.475098
1216.621094
-451.119141
-78.596191
16.486816
154.447266
-241.336426
-50.325684
1008.191284
1429.954346
678.078857
562.132324
371.502441
-285.323730
1938.142090
1994.962402
928.599365
-111.684937
-35.069336
585.159668
-98.227051
-275.511902
-462.398926
391.325195
-524.850281
-474.042725
477.740234
-1062.281860
-797.604980
-232.920898
-1115.170654
100.825195
1269.594238
976.295898
69.649902
517.069336
702.065674
-114.996582
-198.723145
-727.016602
23.182373
67.880371
0.768555
467.843750
1289.824219
-984.776855
305.000488
746.533691
973.876953
-429.356323
-45.275879
1081.956055
-985.256836
215.906006
306.638672
-78.665527
-442.856079
633.285706
-1627.326904
-3758.039062
-1323.826172
865.113159
1134.208008
72.209961
606.718506
-7.794678
-93.089844
556.444824
-92.913086
-751.198853
-1113.392334
-240.805420
514.636719
1797.556152
4851.197754
5013.775879
1360.552246
-328.490723
1384.931152
-282.754883
-903.075684
-256.688965
356.808594
550.841553
858.365723
1241.860352
275.936523
-478.503906
177.064209
745.160645
407.091309
-742.636841
-1045.563965
-374.672852
1215.968018
-137.962402
-624.430664
786.026367
258.239990
-416.204102
226.184326
1052.901611
1188.183838
470.106689
329.735352
547.669312
472.663818
-1446.902832
-1457.845703
152.280273
1372.396973
1933.626465
-472.735352
-2038.059082
-659.318848
-36.726746
115.107422
-447.375977
-512.925781
-89.247925
-428.385742
517.091797
1665.880371
-187.926270
-302.806152
732.851562
847.223633
846.689941
99.207520
-3064.810547
-868.478760
-477.818848
593.648621
-43.191406
-570.822021
1280.027222
-152.935425
-888.921448
-631.292236
-1117.243164
-199.212402
654.518433
-76.543335
-704.579529
-131.577148
-550.711426
-863.959961
-849.538086
-306.633789
-839.134277
-882.423706
-307.996460
136.159592
2153.344727
1194.389160
702.631104
843.760254
313.480469
-212.517822
-70.235352
-29.366211
-312.274414
-3563.406006
-2289.378418
-476.496826
705.758057
2000.043213
-27.323883
-602.477539
1117.281494
379.906250
644.098145
1128.304688
442.641602
-288.633789
-1130.408569
-1520.524536
344.180908
809.080078
1158.949097
1591.733032
398.997070
-83.396484
-129.858398
1116.814697
762.509277
-920.765625
1562.472656
2366.853516
-116.139160
-1133.582397
-993.928711
536.672485
86.334000
-549.285645
-303.910156
-1740.839844
-3990.505859
-3734.293945
-559.270508
792.944824
-194.924805
-383.064453
431.878418
-674.075989
-715.287720
-37.044922
969.551514
-263.724365
-784.956055
166.197998
1404.261963
1498.162354
-923.291748
-787.081055
-486.592285
647.476562
-1418.472168
1504.315918
706.598145
1717.361328
2239.654297
51.768555
-1601.171143
-229.650879
-18.901855
-806.347168
-1201.857788
-1313.402954
-700.097168
-216.858398
225.851318
1087.842285
-21.620117
897.160889
-9.746704
-680.888977
-405.383545
-242.984863
-353.301758
2395.678711
3685.840332
1033.435791
-875.035522
332.555664
-1357.708740
-1079.580200
70.394531
171.333008
710.486816
295.477051
-182.833496
697.943359
372.257324
-1390.488281
-1723.771729
-46.757446
1430.083740
518.357666
583.695862
1249.660645
318.843262
-34.546387
-271.109131
-455.251465
-395.911255
-538.378296
-894.231384
-1167.131348
368.229492
-924.274902
-2321.189941
-22.390625
549.156494
2355.945557
4294.846191
977.688232
-615.934326
2187.174805
1208.406250
1176.163574
-356.688110
-203.519287
703.329590
-495.358643
-1020.391724
401.347900
470.265137
238.382324
474.566406
-929.091797
542.297852
-1.537109
546.758789
-237.142822
-949.996338
-952.524536
-636.439331
-82.190506
-362.830566
1457.395508
349.255859
-684.563538
766.278809
237.765137
-1642.306152
-457.105957
-1157.022949
-237.597961
675.117432
-1524.371338
-358.922852
1350.258423
-25.994629
-876.953613
169.980713
888.324585
1063.297607
1591.701538
1770.240723
796.750488
-886.898193
-2088.685059
-853.916016
500.880371
-346.359863
-234.388672
-405.694824
-741.820801
-141.125854
-229.914062
601.000977
-1315.786133
-608.535156
780.088379
388.947754
-196.733398
645.192383
1107.955200
1581.722656
-121.937988
-2009.250000
-800.909668
-2024.298218
1968.184570
-30.830078
725.110352
-1668.228760
-2525.397461
308.921387
3297.062012
5653.246094
3744.801758
-989.401855
-734.568115
745.685547
8.513672
387.097168
-718.524475
-354.661621
1338.450195
1079.836914
1169.071533
630.755127
-2423.763184
-1372.083008
980.013916
-768.083984
-1481.748535
41.225098
-326.104980
-328.432129
-1338.899658
710.528931
1821.859497
3685.236328
3699.162109
-288.426270
-191.322266
728.396729
582.947754
86.363281
705.783447
432.239746
-15.174316
-889.067383
1708.403076
3913.411865
2385.872803
19.436523
-845.422852
1855.540039
2024.924805
676.639893
-24.027100
-81.915527
-1053.857788
439.680908
-3068.060303
-7806.731934
-5486.187500
-482.492188
677.182617
-646.507812
652.717773
-506.535645
-483.575806
350.303467
-872.557190
-769.744629
1558.485352
2199.605469
3100.705078
4369.571777
2001.655762
728.351562
-597.554688
-1178.908569
-804.486084
702.695374
1453.061768
679.955139
403.495117
-544.779297
-1192.774536
-444.210693
509.248779
751.772339
1290.832520
-119.077148
80.645508
306.717041
-1700.937500
-236.393188
609.179749
-1082.252563
-631.946045
-355.553711
776.911133
1610.425781
-402.953125
307.000244
1073.850342
-237.096436
-372.763428
-986.604553
-948.524414
-1243.379883
-2571.073730
585.666016
1087.361328
212.142166
6.790039
-1031.428467
-1178.940552
-254.152344
460.604980
-361.641113
551.350586
817.939697
120.195557
-277.524414
-1281.378662
-794.252930
-295.445312
283.547119
-1524.577881
-2764.606934
-380.637329
26.699280
-1073.534302
656.504883
-435.857849
-857.473389
-560.510498
-734.416748
360.569702
1263.116699
314.205444
494.401611
-205.084717
-953.175659
-647.283508
-692.644043
249.833008
-988.305176
-182.569336
994.996582
-557.674805
-1028.151367
-358.219971
271.551758
847.214600
939.251404
162.641174
-676.937805
-140.443359
804.442871
355.356445
-303.735840
478.366943
101.007324
2334.404297
596.653320
-851.218628
-374.324707
169.659180
332.542480
-183.534424
-758.106262
-879.694519
-790.888916
397.323242
1561.878540
1352.126221
1428.399780
497.583252
-725.978516
-408.281250
661.135254
2834.320801
3850.231445
1299.058105
-96.412598
224.381348
-250.083984
-370.649170
464.237305
-269.646118
57.497314
945.462646
995.329224
824.323242
175.010986
1720.344604
207.849518
-528.055969
872.103821
-377.161621
-144.559570
-973.505127
-2749.924316
-162.748779
145.430176
244.415527
1010.625000
1333.056274
460.271057
-795.624023
434.989258
1309.394531
286.916992
1129.625977
608.079102
-1082.736328
-444.387695
-374.722656
-628.531006
-1913.328125
-3355.045898
-3829.651123
-4751.726562
-7171.477539
-6508.277344
-2671.506348
880.822021
-714.752930
568.018799
116.412109
-418.846191
-240.812378
-637.607422
452.861328
2779.148438
530.697266
-244.165527
-417.253418
432.199951
1308.130737
33.707031
-686.198608
-399.983887
156.452148
87.517578
-2852.379395
518.171265
-193.255447
-1240.761475
1150.232422
79.729980
412.912598
149.846924
-428.401733
3354.670898
5049.022461
2477.386230
73.560547
-407.451660
-67.837402
-1040.731201
-173.016602
629.033203
242.139648
29.548828
-1033.141846
-1772.824219
-954.141602
-225.584961
-2008.805176
804.213867
1870.309570
2196.792969
5425.038086
1519.542969
486.139648
610.447754
292.144531
-221.764648
-510.923340
-350.158203
1885.029785
318.307129
-150.014648
-382.168701
-447.484375
961.338867
2244.500000
2245.783936
457.793945
-1163.901855
-4635.175781
-1166.372437
707.503174
-933.444214
-700.375610
1110.281250
-1609.849609
-2864.326172
-219.987183
-331.496094
539.461914
2321.816406
1175.742188
-906.394531
-4796.330078
-3037.776855
672.696777
812.726074
735.295532
-177.857834
-759.728210
-1721.796387
-1940.232788
852.222656
-1191.053711
-587.201172
145.687500
1513.237793
166.338501
1198.724976
161.749756
-233.857834
948.613098
1273.722412
-564.713135
-269.747803
-486.748230
-54.807495
762.642456
740.112915
410.890869
496.860352
374.425537
833.334351
693.548950
-613.827881
433.960327
998.326477
-834.654785
-562.021729
14.343994
107.181274
597.407593
-784.789795
-689.057373
356.303955
-631.000488
42.920898
436.521484
643.992004
-108.560059
-508.291748
928.918518
-221.485474
-583.359497
519.872803
-446.546387
-808.227051
-254.461670
883.236938
121.833740
-927.592529
1363.962158
1873.580811
-467.001526
-466.740967
-123.411865
-1149.724854
527.560547
722.636719
-723.750244
966.575195
1046.070801
-316.606445
591.897949
-33.942871
525.421387
289.691315
1065.732666
2328.003174
189.674683
-110.603271
637.877686
-128.653076
-1411.996094
-3958.823486
-2373.745117
1700.252930
1902.393555
-157.305908
212.349472
-110.430115
-144.034317
-329.041565
-1186.545166
-912.809082
-688.077515
-487.087891
268.340820
-385.209473
-880.039307
-510.404785
164.208618
717.899414
2732.836914
328.630859
-20.612793
13.873047
983.239746
961.338501
1014.142090
1210.098877
972.847656
-380.987305
-1082.574707
-1218.427734
-1326.240234
23.954590
-693.125671
-1291.650635
-658.254639
1200.244141
1928.247559
571.502930
-262.623047
-503.353516
-697.483398
-1108.434570
0.501953
491.947266
-115.547852
-12.645996
-423.666504
-2494.943359
-2697.285645
330.281250
734.103516
-1901.662598
2307.842041
22.915527
533.852295
-255.418945
-1272.823242
-605.714844
-453.430176
-577.010254
263.212891
185.851807
-711.123535
-245.117432
145.462463
696.029785
16.059082
-398.792603
-763.291504
-65.890625
1204.563477
1278.842041
140.954590
-1436.755371
-4317.595703
-2611.507080
997.142151
-950.692993
-410.512207
-530.553650
-646.822754
476.248047
138.532227
-64.517700
1.046875
1038.641602
185.988281
462.806641
2793.497559
205.651855
-562.068359
-900.485352
-920.769531
725.679199
1707.395508
1704.247070
-2288.513672
-6319.459473
-1747.538574
720.062988
1770.058594
825.091797
-3775.069336
63.380859
-1041.662109
-1122.807129
645.200684
341.754395
1177.479980
1114.050781
-23.296875
607.756836
473.434814
1304.880127
1027.305908
2724.482910
2785.623535
284.730225
1325.649170
1299.359985
-725.314087
2853.475586
3072.208740
-546.657776
-557.762939
858.865234
-732.720215
-563.175415
-594.075317
-1921.246338
-1531.950439
118.185791
624.098145
-80.198730
-663.579590
-971.329163
-559.098145
-398.120361
377.619507
-407.478516
532.941406
598.885193
913.095459
-249.935059
-1031.102051
-148.350586
-125.964355
-2298.562012
-1146.118164
-79.508789
942.882324
2856.998047
1177.513672
258.274506
-552.960205
-1233.980835
179.522217
655.270386
266.940918
183.682617
1034.655273
797.326172
-847.339111
-1251.109863
1798.760742
308.144531
1984.002930
2769.391846
1963.157715
1430.120117
730.465820
-387.107666
-1078.642822
1474.657471
789.026611
-696.880859
-369.867920
87.262695
-93.586182
-1508.081055
-2214.560791
-381.430664
577.221680
248.216797
-1534.611328
-1139.233887
-1148.807129
-410.715576
576.286377
977.183655
227.739258
-91.897705
-495.413086
-359.253906
-1907.884766
-237.245605
1844.082031
6156.417969
5591.599609
-288.290161
-817.567383
-724.293274
-67.593750
-116.390625
19.310547
-522.976807
-1894.265625
-259.928467
514.146484
-259.752930
28.070801
499.009277
-319.565918
1056.026855
270.152832
864.181641
-728.800781
648.569153
1280.218994
-81.999268
389.475464
-727.842773
-1171.912476
-1946.159058
-3466.476807
-808.210938
1602.144897
969.290039
421.000488
2892.563477
784.122070
-145.448242
1161.427490
1089.658569
300.215027
-364.875977
197.863037
156.344360
-1386.945068
-213.930176
78.987549
-9.872406
-870.175781
-589.577637
-1167.524414
-615.071838
747.226562
504.233154
-929.637451
-1947.351318
-534.718750
-368.046387
-495.114136
28.017456
-164.329102
-1578.238281
-1856.529297
-251.756104
345.312988
418.573730
5681.837891
9879.739258
7839.736328
4027.641602
158.214355
-929.911621
-25.998169
779.715332
449.927979
-514.534424
-151.332031
538.900635
812.041748
1226.956055
-199.517822
599.469727
1203.524414
122.387695
100.429016
-1760.358398
-1538.541992
-66.998535
-1231.038574
-1122.957275
-1205.831665
-1332.778076
-189.314331
955.367798
61.291260
104.020020
0.877930
-2428.044434
277.067566
1198.834473
-1632.457031
-126.916992
712.698730
721.878418
3301.131348
4783.504395
2252.979492
990.263672
727.697266
-217.866211
2249.334961
1335.923340
1225.486816
1380.885742
-911.661133
-5112.752930
-1449.547119
1378.646973
1673.936035
1071.507568
2472.099609
-579.642578
848.461914
411.726807
-2173.574219
-3122.208008
-1921.927734
-3166.439209
-4033.768311
-626.588379
1489.591309
762.584717
1432.399414
1437.779297
-36.825195
2234.476074
1976.226074
73.534180
973.814209
-1397.113281
-747.017090
-53.329155
625.258301
1412.877441
174.405746
-28.627441
1271.825195
578.399170
180.417480
323.362427
210.452393
35.566895
925.446777
-33.229980
8.414551
-147.593750
-600.203613
-514.835938
302.123535
-1273.973633
-2480.836914
-553.108154
-2037.058960
-642.934082
1966.638672
505.850586
2874.447754
3488.799805
661.720215
-4812.831543
-7713.536621
-2441.817871
364.703735
-227.294922
102.574463
-1239.167358
-291.012695
-209.727051
-333.527344
634.400879
-1700.305420
-4434.870605
-2691.229980
-159.524536
275.581543
332.843262
-1131.784668
-1609.714844
-1148.855347
-485.879639
17.161133
477.239258
682.174805
246.390625
-853.245605
172.177490
589.154297
-171.647461
-1274.825684
-1652.457764
-796.854736
-1180.004517
-295.646240
248.282852
973.844116
651.945312
302.039062
178.140625
864.029785
-1427.608398
-3045.881836
-2260.013672
-162.575195
490.916504
1452.652344
1509.099609
-914.914551
1260.660156
577.774902
300.950684
894.097290
310.644043
-132.437012
1198.213379
82.489258
-466.695312
-137.914795
362.773193
-340.080078
470.472168
-218.608154
-1648.770630
-722.549377
-1367.518066
-1145.364258
-820.666992
625.301758
6801.165527
2949.836914
-1279.762695
1027.345459
523.475586
1677.135254
2445.994141
817.546387
-262.442627
2064.816162
-825.020935
-1500.542725
2014.774902
737.847656
1197.259277
347.633057
1016.693237
1689.780396
-137.027344
-937.857178
-1326.466919
-936.065430
468.183716
481.233398
405.846191
-709.146729
2164.717773
1087.668945
-544.464844
-169.089600
-570.566650
-1933.880127
-1465.413086
250.372986
253.898926
-315.625549
-1663.642090
-1799.499023
-1037.336914
745.694336
-667.577637
-254.279785
-586.463379
-2011.084473
-1324.003418
1601.773438
1181.166504
-627.877930
-533.890747
126.034790
397.856201
95.916016
131.422852
-503.120972
-654.631348
-952.848267
-994.780762
28.041138
-977.208618
-846.451355
709.244629
2957.495117
469.678711
993.886719
560.933350
919.178955
1248.749268
117.639648
-430.534180
27.814453
-1765.347168
-3373.643066
-1505.385254
165.837891
276.629761
-904.836670
-282.237793
1181.142212
645.858643
355.794434
-1514.389771
-2320.784912
-348.997314
-454.451233
932.031738
2253.037598
566.283203
36.594604
-2650.102783
-1306.665771
668.808838
52.650391
1714.170410
-164.582031
689.388123
847.175293
94.052734
1022.799072
945.350647
508.944031
-375.073853
406.888153
694.196167
-449.468994
427.855957
977.487793
1735.370605
1249.808105
-538.155518
1031.394043
849.917480
257.908691
90.529541
-981.564209
-227.780273
-233.525879
-404.037598
1147.951904
679.593506
-647.138428
-2217.199463
-2135.701172
546.826660
574.296875
654.181885
671.141113
433.389160
1928.714844
3747.315430
1563.177734
279.804688
-742.853516
-849.710449
1011.092896
1404.041382
931.414185
-2359.775391
-2476.370361
321.568359
702.949707
80.746338
-118.551758
-598.668945
-1994.105225
-1042.079102
-522.251953
-1007.736816
50.287598
257.663574
-344.677734
193.158203
90.348511
823.333252
169.148926
1199.716797
1479.818359
-347.595947
-270.723633
-981.643555
-748.380859
546.687988
186.891846
-686.528320
319.813232
2191.856445
2274.147949
945.620789
411.167480
-503.130859
37.223389
11.599365
-2540.510742
-1450.250977
-1426.720215
145.371582
416.941406
-887.260742
274.079590
-8.919636
-825.857849
-392.192139
2416.024902
1428.325195
188.872559
-319.190430
-1347.960938
-865.990479
-259.556091
3527.002930
-1447.187744
4142.209961
-353.859741
-437.562988
207.212891
905.416504
1877.124023
1549.039062
381.742188
469.669922
193.845215
-1144.775024
-1178.403809
-379.227051
421.778687
103.956421
-514.857849
-277.850586
-928.960938
-1174.105469
-3001.054688
-405.021484
-1350.179688
-399.649719
529.032593
923.991333
777.886475
-460.402344
-2024.962402
-903.935181
-335.747559
544.816895
-412.314453
628.153564
1249.475464
179.155762
-48.267578
-430.329102
-976.416504
-536.012207
-627.622559
902.219727
3853.432129
2205.559814
-558.274902
-661.071289
-443.441406
336.614258
-376.318604
-902.381348
-481.980713
-1056.605591
-1107.348633
-1002.063721
0.781738
853.654846
418.783691
299.136719
576.137207
-431.436768
-563.196289
-44.474609
-317.789795
-705.707397
-610.891357
262.700684
801.170044
499.044922
-636.942383
832.317017
-592.438965
-1888.942627
-299.940674
-495.571289
2960.019531
1133.537354
-1268.581543
-3404.070312
-5333.383789
-1657.674072
193.131592
21.327148
-703.265625
-945.990234
-312.447754
-425.414307
-285.783691
631.703613
915.065674
263.173035
230.939331
2208.379883
848.917236
-507.016602
-671.819580
732.495850
4466.530273
2099.841797
-1191.673706
-772.666992
-2173.152344
636.952148
2688.108398
513.236328
1221.713867
-2679.770508
-4052.334473
752.188477
1096.652832
4179.719727
4420.771484
845.363403
-415.991211
-1757.783691
-2858.475586
-1.068848
1108.639160
-349.185547
-41.882568
3116.969727
2456.883301
1947.068604
-136.257812
-87.701172
-362.977051
664.067383
394.315918
-843.085205
-243.198242
-547.364502
381.895264
274.433594
-534.820557
-669.565186
-1446.787598
-522.209473
602.440552
635.048340
350.503418
634.139648
567.086670
-307.864563
733.127197
365.537689
-1081.416504
-1779.529785
-244.506104
5523.918457
6372.956543
2249.071777
-730.368652
279.414551
467.537109
1478.192383
1196.452759
-1084.078125
-33.561523
419.310425
1603.599609
96.830078
1815.219727
-466.306519
363.445679
988.447388
51.528809
1596.976807
2038.417969
-3.227783
530.199219
-2256.406250
-4410.197754
-1332.838867
288.705078
-847.725098
668.146484
-166.850098
-10.857834
501.415161
-1122.862183
-770.370361
275.794189
-681.083984
-1514.842773
-2531.704590
-298.019043
971.374023
761.622559
1830.559082
214.171509
-222.695801
-1098.809082
-227.382812
203.849121
-66.235962
-196.712158
312.214600
647.094238
-38.413574
-2461.550781
-963.760254
-108.022461
1558.367188
2358.710938
-363.916016
31.712646
-751.524536
-442.549927
1268.145264
-133.280029
384.013916
1573.815308
-82.961060
507.154724
-325.797607
530.548828
842.571289
-627.104492
682.569214
381.753662
521.609375
812.005859
-927.166016
-148.934570
-1769.302246
-1549.566040
688.567017
15.394043
-1112.642212
440.583008
210.074707
-1495.870239
-1120.957031
328.002075
944.084839
680.738770
377.431641
-486.956543
-403.324707
-27.248047
-591.490479
-871.171936
-908.411133
-954.870117
-947.205078
-896.487549
-23.448242
-302.678223
-315.554688
-640.405762
-703.378906
265.569824
65.856934
-748.587158
250.107422
-552.704102
143.961792
200.476074
-251.255859
-479.223145
-43.776855
1455.902344
588.702637
-968.133911
113.138672
242.202637
-44.280762
-721.317505
-1631.857788
-475.285889
311.737305
20.672852
-2196.018799
-373.672119
1373.412109
1264.061523
2988.373047
1861.032227
-82.375488
-141.152740
1384.133057
-210.918213
-1020.913818
-470.081421
-83.589355
307.895020
-838.305176
-693.288574
-644.216797
-693.627441
-1226.620605
-1465.047729
-559.503784
-269.124512
451.361816
-6.876465
-121.092896
69.137451
215.406738
-173.593750
-843.774658
-602.927734
-56.018066
-1164.626587
-1274.526245
715.093018
2042.637329
2641.483887
2221.948730
591.785156
-493.370605
-697.499023
-586.252197
-973.767090
107.875610
1863.370972
1518.980469
874.390381
-241.828125
-1457.744141
-1570.050781
807.135498
-99.829895
-1040.934570
-495.282227
-406.666016
110.231903
-363.188477
-772.830078
508.382812
-97.161194
-317.413086
-1011.173828
249.709961
-1158.020508
1115.472656
350.679199
31.050781
-97.364258
284.722168
-1253.586914
-219.179199
-490.027832
712.486816
447.578369
392.599609
3646.072266
2186.748047
1774.539062
11.626709
-216.924316
-716.543213
-2594.629150
-45.788086
69.142578
1056.278564
-427.252930
107.097656
-394.230469
-673.280762
1949.607422
-44.120560
-276.157349
-370.888184
-1830.274414
806.367310
1192.979492
1336.187988
1699.458252
1463.407959
-274.801636
132.241455
-1873.822754
-1060.709717
1154.740234
-500.301758
789.656738
1660.324951
-1329.254639
-829.363770
-1011.407715
732.931885
1763.483154
3585.142090
-915.524902
675.831055
1076.417725
-909.127930
-143.655273
-1101.786133
-287.332397
693.739014
2366.783203
2598.822266
854.470032
-444.045898
-787.196289
-954.578857
449.676758
-113.909668
-1252.857910
-279.496094
212.277832
-101.838104
112.293457
1218.314697
1242.762207
750.947266
991.325195
511.351562
-135.038147
-2794.041504
-1483.667969
-1849.403320
-88.884277
-559.693604
132.669800
-282.399719
-224.607910
1365.891113
1512.270874
-255.902344
-256.089844
-387.104492
-1491.726074
1139.142212
209.373047
-152.435547
1250.521973
1586.405029
785.457886
47.587402
968.819336
-1214.843750
-756.375000
-539.233887
75.038086
3160.341797
4556.449219
4905.366699
5837.425781
962.629883
-1319.430664
-1401.076660
-977.414062
-123.989197
-95.387939
-7.742188
636.820801
-572.108887
40.973267
-1043.683594
446.384277
569.883789
-1391.443848
-313.001709
629.475464
-838.901917
-169.944336
14.759705
-51.857834
448.584717
-1371.024048
129.483276
80.086670
-1616.172974
-1419.953125
217.543213
1466.705566
1152.322266
547.728516
-1277.934570
197.145752
131.427612
997.461914
1879.409668
1239.862183
6.386230
-668.392822
-960.337646
188.055664
-205.265625
508.483398
3119.136963
3555.182617
-337.765869
-941.070312
-354.053040
391.563721
-486.977783
-307.215332
487.990723
117.804352
-980.708496
-2111.683594
741.348633
1022.938171
1661.093506
-1007.595215
-895.824219
473.453125
2577.151367
4716.142090
5750.574707
70.475586
456.307129
473.944092
-761.821045
-1.216309
1003.726074
1658.825195
1950.795532
589.781555
-326.005371
-595.992188
-412.771973
-591.394531
-1488.137695
364.129395
57.167480
944.521484
299.974609
1019.519775
765.688477
946.305420
223.824951
-968.604980
-295.361816
-1056.075195
117.227539
574.135254
621.145630
510.661621
-1475.838867
-1501.590332
-825.614258
-3006.788086
-619.086914
-3774.852539
577.667969
-669.730957
-333.311279
1168.617554
1355.722290
599.367554
344.420776
1930.833130
1368.180176
-389.281036
-1570.533691
-563.613647
160.513672
-203.279541
-641.235840
-880.583496
10.272461
236.318359
-348.089111
877.041870
262.320435
-2129.612549
-1293.257324
441.437500
864.298340
2120.284668
5915.228516
2172.649902
-667.692871
-2141.664062
-885.392761
943.491211
393.150391
516.544434
-437.056641
-2750.504639
-2332.074219
309.206055
1301.470459
767.846924
-793.126831
-1376.987549
-1409.049805
253.451416
610.033691
-654.464111
1722.531982
4576.219238
2286.034180
1341.777832
-503.754517
-2643.333008
-3361.144043
-1453.444824
-318.435547
1374.107422
1745.217773
746.948975
1478.927734
1345.763672
1323.336914
-804.618652
-1400.504883
-1777.302734
-2313.293457
255.598877
-1229.747314
-313.667969
88.367188
-2357.786133
-32.626465
523.360596
1706.760010
1627.142212
568.645752
-252.735352
-1000.947510
-951.490967
-1732.777344
-1260.742676
958.906006
55.499023
433.079590
-975.232056
-1121.145020
114.979004
-995.067993
2369.486328
4971.316406
1733.166016
-1238.494141
37.469727
377.747559
-67.666504
903.142151
2132.463867
1888.526367
917.380371
-886.583130
-814.664062
-533.087402
-396.427734
-486.196960
793.844482
562.907715
582.647949
426.142151
522.052490
642.372070
-538.865234
-1281.785156
265.959961
263.481201
-1007.723145
-1612.903320
-779.458191
383.814331
-124.196777
-496.029053
-425.067627
220.199707
-91.248535
811.259888
156.802490
-623.840088
-312.857849
-348.622559
665.315186
1485.475464
971.145264
30.255371
120.966309
-9.846252
158.403320
269.174805
393.759766
367.812500
-31.535645
-976.184570
-1277.657715
-421.352783
8.521973
249.015381
624.950562
-65.772461
1215.400879
-186.415527
80.388428
243.899734
-504.827881
692.580688
-1660.165527
-1809.801880
-1177.214233
-387.588623
118.226562
-481.730469
-2039.784180
893.942383
-2563.342285
1184.329102
1584.226318
643.333008
72.091797
1940.549805
1252.214844
1773.283203
-940.630371
-612.985352
-991.188965
-1199.524536
-1311.030762
49.517822
1102.385498
832.123291
365.461914
343.738770
-571.368164
1182.299683
1391.000732
-1192.030518
-481.810303
-7.766113
628.364075
12.946075
133.529053
-1196.989258
-1350.080200
-479.896484
-1506.670898
-931.169434
63.693176
-384.750732
250.426025
-358.065430
-581.026367
-208.161865
-1766.984497
-40.022949
-1313.058105
-4131.880371
-1511.769287
1056.698975
1219.488770
1419.359619
-200.557861
-1264.187012
-31.964844
1494.109863
417.264648
-1388.122070
473.121582
494.334229
2338.819336
2954.324219
1708.043945
1038.808594
945.514893
614.520203
1914.635376
906.759521
-1263.556641
-335.929688
358.820312
76.828369
-255.966309
282.243652
-801.247559
-224.998535
-853.688660
-1489.253418
95.920410
587.158691
138.742676
-361.631348
-1291.060547
-788.633972
53.274902
951.850098
214.071777
-84.057129
1497.751465
150.703156
-1069.802246
853.020630
1573.448853
-564.531250
-347.275879
-107.807617
-523.508179
-754.661194
-316.000977
-271.870117
-1709.107422
-21.033203
288.852051
531.937988
545.755859
872.794434
1586.017090
818.066162
92.679291
-118.791931
111.760742
-452.706055
-1216.177734
-337.810547
509.030273
-324.406433
-1181.362305
-588.421387
-438.064331
-590.398193
1116.877441
1751.414551
756.410156
116.410156
558.263428
-570.723633
386.192871
1153.202637
-907.650085
-922.079590
-46.343750
-961.759766
-4610.357910
-4656.246094
-445.069580
678.451172
-380.153320
-767.580078
-265.355957
385.198242
-678.191895
-720.526245
946.821106
1491.286255
1478.257324
275.703552
-662.175049
133.409668
-1604.029053
-1950.125977
780.149902
-247.970459
384.446289
573.032227
-126.751953
17.446503
-1441.235107
-1073.100342
338.634644
1303.945312
4758.683105
4670.938477
648.170410
-4121.719727
-8493.066406
-4616.443359
422.222656
2319.815430
3615.178955
1677.475342
413.447571
-621.341309
-878.008667
-209.381226
1111.962036
367.112579
151.475464
1089.858765
1081.789429
641.425781
86.629150
-1694.663086
-2263.336914
-1194.115234
-609.484375
757.154297
211.475464
742.372070
734.495117
1386.403320
1102.650146
1387.860840
1301.469727
3469.702148
1124.967773
-1202.245850
-149.969971
241.922852
300.482422
642.720032
1379.129395
200.777710
-140.928711
-163.811523
400.145020
-225.903809
-2351.205078
-3222.385254
-2208.942139
311.378906
1767.597168
3709.316406
3425.305664
-529.558105
-1257.013184
-522.540039
-313.027344
2267.312744
1281.600586
18.890137
-597.937988
893.235840
534.612549
436.686523
1018.997559
674.483398
835.859741
1765.023926
1595.171143
252.200439
317.050537
2032.474365
975.727783
1210.238037
1307.879028
744.778076
1446.400879
239.678223
528.093262
509.552307
-3133.466797
-3761.227783
-1505.767578
948.027588
170.021729
-226.887207
477.920898
2345.255859
1244.984375
492.136719
-483.269043
-1814.154297
-1112.352539
1467.897461
56.096191
-879.963867
789.826172
233.509033
240.659668
3460.427002
1363.645996
50.031738
107.075928
-877.847046
-811.678711
578.467285
159.217773
-907.524536
-766.984863
1132.813477
890.322998
-376.548462
-1066.524536
-756.349365
763.257812
1770.228027
424.567383
1092.576660
643.978027
207.991699
-35.580078
1534.702637
-152.524536
160.922119
637.461060
94.915527
-489.966797
-1051.207275
153.582031
-2784.754395
-161.023438
332.389648
775.132812
718.355957
284.797852
-28.217773
124.924805
751.602905
436.142151
-145.408264
-1348.415161
-1877.599731
-690.341980
-208.380554
-352.353790
-246.211426
1394.333008
1242.224609
496.933105
1549.163330
466.409424
-707.811523
-8.836914
-145.580566
-540.642090
414.551758
312.071289
-335.157227
-1291.656250
-2643.273682
-2359.244873
-14.672156
627.563721
1070.913086
1008.293457
875.311035
86.141602
-1090.234131
-1155.536499
286.571045
375.568115
-852.610779
879.739746
1436.641602
647.653320
-49.343994
1084.572266
-72.911133
-226.455078
4.475464
-404.949219
-242.173340
-738.161133
357.193359
-1566.509766
-1289.792480
-1154.928223
2745.528320
5207.786621
1849.539062
98.551514
281.142151
432.516602
2006.518555
1367.645508
144.008789
-200.730713
829.712402
-89.888916
486.799927
159.633301
1138.888672
477.705078
456.921143
1477.215088
-227.781250
-304.809326
-2102.468750
-3772.958984
-766.615723
739.622070
-487.203613
-713.277832
287.477173
497.185791
-421.932129
445.886108
-1290.187744
-442.383301
54.384766
-332.593018
-1507.169922
-470.122192
-2103.793213
448.520142
870.599609
-895.152588
-892.734375
-113.628906
-1596.071289
-1393.252930
472.038086
541.643188
288.213379
-606.367188
716.428223
314.237061
576.479004
3802.699707
1534.669678
-282.514648
-1328.099365
-3759.813477
-1391.630737
2268.477295
1530.688477
13.274902
-902.073730
51.489746
407.403442
805.632080
-878.032471
-392.616211
23.059570
363.210815
1694.600098
1729.264648
-792.140381
-3319.224609
-2820.306152
732.498047
745.203125
554.227173
-912.293945
-3226.399414
-650.049561
1013.925903
260.786621
-506.448730
-4621.524902
-3819.744141
-1500.639160
927.645508
54.820312
282.718262
-336.339600
118.888672
442.336914
-10.953125
45.677246
250.023438
512.423828
148.702148
-247.725098
1239.079590
1488.620728
782.071289
1344.678711
-214.893555
330.504639
477.060669
-350.852844
1479.427490
2649.919434
-56.702637
-842.022949
656.675781
336.162109
-664.901367
-137.146484
471.465820
-232.383911
-1406.293457
-1737.562134
-1322.824707
-1806.552246
-1204.992188
3436.479004
787.403809
-2086.306885
-5296.653809
-3274.580566
937.954834
-1099.063965
-1677.468384
-885.112549
-1061.922119
515.889648
1076.548340
801.899902
-320.671143
-1951.839111
258.142151
209.700439
2133.916016
3664.786133
832.753662
21.719727
239.202148
-778.132080
-201.305176
269.069824
-815.929199
-1007.086914
-579.134766
1199.088013
1021.486572
286.436035
1588.864502
3256.113281
1049.239746
-1328.113525
858.443359
1530.780762
794.272827
548.232422
326.166504
35.925293
-433.857849
-457.486084
-853.524536
-411.138184
331.531982
1575.736572
1047.351318
-603.857849
130.436890
1665.393555
1072.181396
-189.008545
1426.530273
1988.182617
1635.518555
9.326172
398.471375
-483.592773
304.016113
147.289062
-157.481689
-538.935486
-3185.180908
-2967.321777
-30.119629
88.971191
-229.299316
292.138672
66.349609
711.454834
1228.625488
90.976318
-1238.684814
-812.902588
533.862549
-637.190918
-1190.110352
334.383545
-656.629883
-876.343750
16.376953
998.563965
1343.427734
957.461792
1033.175537
603.350342
228.614502
1548.335205
392.413574
49.189453
409.067383
-186.078613
584.973267
-550.979492
-691.675781
-2286.359375
-2169.584961
-142.832520
1068.983398
2596.496094
1296.142212
-749.164307
327.855469
-798.647705
92.634277
-84.641846
-227.373047
-327.322754
-76.728027
-951.492676
-1124.207153
770.104004
1340.625244
343.018799
181.912598
-289.446289
-852.343506
-300.433594
1042.770386
1140.533569
-434.562866
-1699.116455
-1968.095215
-1545.671875
-782.474121
386.595703
1059.087891
714.437500
823.185547
-374.231445
53.861267
1147.764160
430.497620
135.827118
713.877197
589.693604
-2995.889160
-5520.458008
-1366.181152
348.633301
2034.366577
4235.111328
1050.143799
284.680664
-396.062622
314.839844
-1149.820312
-831.671875
-104.946899
411.311035
-164.345703
1958.556885
2083.799316
-49.070312
-989.439941
246.323730
-453.356934
-74.578613
327.188477
-664.082031
-362.191406
519.058289
-1455.089355
499.789551
70.890381
116.427612
4068.263428
6235.189453
6723.369141
4986.246582
784.107971
-722.544434
-1059.946289
-108.275391
160.172363
124.848877
367.945801
918.594238
931.682617
1999.824219
2716.358887
1204.043945
-1084.888184
-670.647949
-608.347778
703.529785
3691.315430
2957.718262
-583.609619
-543.308838
124.126221
-555.900269
-93.729980
-177.314453
179.151367
6240.768555
7668.036133
-2698.586426
-1026.958984
-1544.789795
-1433.091553
-11.862305
3157.421631
2849.616943
-1049.507080
1289.940430
-1.613281
196.105469
583.510742
-321.643555
-1125.414795
1118.480469
182.921875
-2247.915039
-727.006348
-83.524536
48.096191
752.850586
-921.587524
-1276.433594
-170.540771
2443.668213
2550.550049
45.352783
-4385.544434
-7638.934570
-2817.625732
186.401855
453.386719
-888.830322
169.054199
569.582031
3655.758789
1698.519531
-425.988281
292.573730
966.011963
342.471191
788.148926
784.235352
-103.747925
195.884766
102.879883
-392.293457
883.809082
752.403809
-18.528076
2185.254639
1107.068359
1000.805664
1293.483887
-877.234131
-215.640381
1024.746826
-307.494385
-780.755859
1298.291016
3621.554199
4574.141602
-618.853027
2394.261719
532.160767
403.717285
652.900879
-947.306274
917.877930
765.023438
370.919189
-898.153931
-5904.797363
-6806.551758
-1035.498047
622.796387
2316.784180
1391.552734
-1521.506348
-2747.490234
-30.127930
213.839691
-243.453125
1427.212891
-859.162720
-2302.481445
841.888672
-22.094727
421.353638
349.588501
-10.993164
214.055420
353.637726
25.385132
1697.460693
651.937012
-1349.820435
1786.381348
-1926.639160
-1904.883789
-707.686340
-122.772949
-1330.286133
1013.918945
-3903.321777
-4593.013672
-4591.003418
-1909.898315
241.935059
1799.219727
345.978516
234.243652
831.275879
763.391846
-941.121582
-1519.794189
-1663.000000
-154.297363
186.314941
161.070312
1073.552734
2265.255371
-337.927734
-216.939941
865.168518
-106.636963
-561.472168
466.638184
-44.768341
-642.958496
-2275.008301
1943.757568
2669.774658
2794.466553
3928.825684
5049.047852
2296.114258
-808.291504
1277.613525
1696.272461
-644.261475
118.151123
-47.093994
-153.649170
-2734.154785
-5362.338867
-1884.138184
459.610718
1540.842773
3864.905762
426.037842
-1380.181274
733.948975
273.306641
-365.444336
-331.390137
281.150391
882.074829
649.747314
-605.589111
-1227.147827
-346.273926
-2997.210449
-3645.568848
-2393.731934
505.634155
619.132202
-694.538086
-3340.450684
-2398.612549
921.515564
545.995605
-18.699951
912.385254
-1237.456543
-2386.984863
-506.636230
1233.701416
384.594727
-410.727539
291.541016
2648.836426
2229.416992
541.396973
70.109619
-658.761963
-1343.411377
-814.090454
1233.038574
4077.795898
4007.591797
1530.188477
-383.612305
-1085.269531
-1923.821777
1089.596313
1544.980713
895.089844
648.462402
899.479492
1432.260620
1153.863770
190.156250
638.061523
220.890137
167.024902
761.458008
854.505737
155.647461
-827.656311
245.209961
812.169434
939.747070
-404.843262
-591.057434
1929.404297
3597.868164
433.002441
167.869141
1119.732910
1181.789062
1197.543945
1300.979492
-333.153931
33.475098
399.187958
421.386719
-3229.048828
-180.810547
52.676514
338.666016
298.758301
-25.466309
-242.241089
1.230331
1526.821411
-44.316650
-25.257812
-999.464844
156.175537
694.896484
-287.962891
2359.983887
3020.811768
3163.613281
959.325195
-233.456299
603.824219
2753.878906
1171.160645
-618.915283
-341.209717
248.095703
41.194336
2146.890625
137.701050
9.513916
-683.788086
-2858.696777
562.761719
4064.237793
4470.466309
829.323730
-485.796143
1059.149414
1298.899902
1121.958740
309.172119
-2029.524536
-3630.576904
355.228577
557.669189
-614.819336
1055.958252
588.069092
-1888.770508
-1228.200195
120.010742
-143.224854
306.965576
110.526123
526.251343
663.516235
1897.603149
1805.419434
765.032715
-465.435547
-178.340820
926.329590
-623.100342
-1122.987793
-424.049805
-210.360840
-693.765503
-519.911133
-138.823242
4176.693848
4373.637695
1124.068848
-316.428223
-2692.755859
-4941.820312
-1266.813965
-249.676514
1776.777344
3124.251465
-774.256775
-538.640625
-263.153320
-484.297607
567.668945
-104.229004
-1446.953613
766.898926
2162.590820
1907.044678
136.593140
-197.552246
-1237.084961
-1499.550293
1168.231689
1361.262451
-21.452393
-100.287109
-1496.863525
2202.281738
4496.679199
2248.189941
-687.073486
-534.840332
-241.970703
240.019531
-319.752930
149.695557
-1941.898804
-3613.581543
-1020.717773
597.893066
116.781342
1076.465454
-149.557129
-592.585938
601.116150
-930.493652
-2764.651855
434.589478
-600.371460
-1829.413208
-29.238281
469.818359
102.755219
1608.932129
435.958008
-430.717773
-446.014648
382.493896
327.534912
1001.547852
815.409424
-688.484741
-511.590820
-683.877441
-136.233398
180.568848
290.626953
210.096680
796.061523
-475.254639
286.167480
416.646973
499.184082
-747.573242
1839.243530
4951.504883
1842.126709
-1.067383
841.679688
2843.441406
2387.173828
-246.518066
1417.943115
-593.777161
-846.697021
-450.695312
997.354492
370.494629
-717.468628
-1559.619263
-711.323242
-417.327148
749.644531
203.457520
-332.307373
257.026855
-584.350464
197.670898
-264.840881
-281.415039
2999.507812
-229.705078
642.063965
312.114929
357.493896
1058.951660
-716.006348
-2403.553711
-1105.087891
-375.524536
-1365.158203
-725.971680
-794.996582
239.428467
1746.929199
748.359863
-275.026611
-202.737549
1204.653320
1058.754272
859.553711
310.657227
414.213867
1262.857422
324.096191
-167.378906
-728.498047
-136.587402
1924.072510
3584.768555
3856.015137
627.642090
437.937012
231.094971
-45.189877
408.372162
-605.522949
1042.918701
1507.630371
-238.887085
-1577.670898
-1141.041992
-71.814453
298.821045
-982.271606
-726.063049
845.216675
743.413757
-956.345703
22.105957
433.093018
449.032227
-59.012207
1261.731445
15.698242
-465.743164
-1368.868164
-623.513672
-1535.730225
-60.260498
1057.559448
1043.361816
-325.019043
435.678589
767.961426
-138.776367
-80.969238
-240.044815
-957.908203
-1032.348633
-393.111023
674.324646
2357.885254
1414.837646
862.188477
953.375000
-591.383789
260.458008
1497.941895
367.608765
118.689209
-707.953613
-593.493896
-425.749634
-1591.834717
442.984863
1900.334961
800.628418
522.139893
578.008850
-180.275391
384.840332
-1349.473999
-852.249146
1827.538330
1078.920898
-23.694336
701.715820
428.786865
3225.288086
4379.153809
598.895508
-270.244629
877.999268
-408.297363
64.139648
820.129395
177.052246
178.983154
-224.468506
-1092.642090
-1701.721802
-149.862305
790.383301
-261.792969
-755.158691
173.640625
398.723267
-1368.154541
-82.697266
890.867676
805.953613
703.394104
-521.047852
-145.016602
130.734863
-118.637207
-176.539062
-1247.104492
-910.126953
-92.597656
-661.100830
911.374023
716.340576
865.693359
-302.313477
594.102539
614.359863
1373.065918
-45.534058
-2272.863281
-402.505371
-265.159302
-1299.269775
-576.068359
-421.659912
-738.126831
-380.865234
-1644.016602
-636.169434
129.268066
-895.562378
-575.791992
-649.320312
748.577148
626.476685
586.493164
-78.918945
439.192383
1339.562988
-556.952148
838.826660
852.792480
-518.704590
1210.074951
3291.667969
678.485352
277.895996
-1557.142700
-3548.069824
-143.980957
96.026855
1638.114136
3725.758301
3111.156738
2261.287842
2781.098389
2096.680664
898.320312
9.092285
152.139404
-1117.823730
-509.451660
906.396484
1135.797852
732.227051
-188.009766
-241.308716
1763.989746
1615.386230
-471.585938
369.688477
1108.520996
28.625000
843.142151
513.078979
-1407.095093
-774.121338
574.337402
-238.652344
-1225.848633
-2342.774414
-2646.137207
-1033.727539
974.470703
2169.882812
316.824585
-550.735596
-1130.081543
756.091797
225.781006
-866.233032
-592.649414
998.186890
2748.228516
2494.856445
618.043945
782.073730
635.650391
724.803711
-1333.993042
530.629883
921.257324
723.312012
703.378296
-972.619324
-432.791748
302.635254
-280.223145
-1049.825317
-930.405762
489.258301
-658.695557
-1332.286133
-408.599121
111.477295
1001.524414
2005.208008
-158.499512
860.002197
407.358154
1615.350586
2363.211426
-68.939453
-1158.598145
386.450684
614.395813
424.827515
398.482422
-1270.561523
516.158203
-552.920837
-1271.693848
252.902588
265.780273
-163.906250
1130.582520
771.903503
944.027344
201.825684
420.172363
-769.573486
-1593.046143
1297.486816
43.355438
-1237.170532
-644.715820
-4464.810059
-7162.237793
-2020.504272
713.940430
-223.224609
-239.813232
-3664.524414
-7756.208008
-5338.338379
-1610.847656
90.000977
-761.494507
-654.476074
-32.476074
-839.956055
854.402344
285.839111
-1117.456665
-292.221924
253.822632
294.429199
304.598358
78.998047
134.701172
1871.141602
595.644531
-1153.314941
-1323.416016
-704.731445
-300.979248
115.531250
-1702.907715
-1192.905762
9.007202
327.383789
-228.112305
-703.574585
-1139.495239
-1633.034424
-434.083008
304.209961
960.355469
-166.777710
203.867554
-193.718872
-429.942078
1263.988037
3552.078125
428.901367
-102.896973
244.637939
-1397.448853
840.005188
3250.826172
656.264526
-376.478912
-3193.865723
-6480.027344
-3561.409912
-331.533447
732.604004
201.466797
2078.239746
4598.520508
3146.711914
742.130127
-250.226074
651.691650
75.678955
-7.236450
1045.889648
13.653320
-571.691772
623.196045
310.492188
1002.456543
1417.709473
460.448486
-588.387939
-110.029053
1351.828735
787.770508
4.764893
-678.336914
-234.980957
671.902344
-789.231445
-739.668457
2370.237793
2765.130371
417.315918
-556.912598
17.829590
-357.168457
291.172852
1235.439087
1834.397827
1306.774780
514.844116
970.862793
-1248.792969
1032.273438
-1314.639648
-930.743164
370.014648
-152.720703
-929.967773
287.833008
-540.972534
-267.779785
308.911621
-4.093262
929.206543
352.606476
-835.524536
569.119385
943.235107
355.598633
-306.266479
358.303162
2400.172363
-108.524536
-500.466125
738.184204
-459.855347
-452.046875
83.995850
-1894.107666
-596.313477
1212.831055
636.817383
629.913086
-318.363037
-2284.664062
-1002.298828
518.816895
426.123596
2425.384277
3363.034668
354.227295
159.389038
597.372192
-1489.794922
-537.910156
-1082.193848
-564.510376
-763.296753
-266.733215
290.473389
-453.794678
-271.891968
806.398682
64.008057
-305.327515
-676.201416
-304.177734
930.010254
777.773438
-280.119629
-911.704102
-514.066101
-742.167480
-667.638672
477.259521
-161.233398
-458.822083
-249.781006
387.182617
351.676514
-1106.442383
-4706.862305
-733.874268
721.473389
889.425232
248.472656
2580.258057
5391.276367
2703.105469
321.953613
1014.200073
85.383545
175.260254
1543.107666
1367.315430
954.091980
-17.079346
489.198120
1173.267334
587.605835
761.711060
84.808228
-1410.202759
-244.963013
782.338013
1082.838135
291.231201
572.785278
2101.346191
385.703003
-1140.772949
-889.554443
-1227.263672
-670.346680
533.522156
400.924561
-139.989258
846.036682
2857.939453
1546.712402
-584.590820
-231.171875
-297.132599
-159.731445
1500.187500
1617.840820
-88.455566
222.577148
751.005676
1334.570068
7.581299
-929.100891
-235.978760
49.525391
188.590820
305.585938
-822.824524
-1393.444580
-1400.114746
-538.074463
-0.602539
765.012207
3585.094238
3318.327881
1.294678
-358.628418
-1489.931396
-1838.593628
918.196533
934.304932
829.358154
1177.386475
1243.494141
279.183105
-1755.517578
-823.869141
848.032715
-241.826370
-218.971313
434.830078
23.711914
675.856445
4277.587402
4660.122070
1823.436035
296.653809
-2119.260010
-673.803223
574.973389
-1436.798584
-417.618774
370.602173
-2215.108398
-3963.361816
-2730.358643
441.616943
578.796875
1052.428467
1638.072754
454.939941
-1134.958984
-2308.104004
-928.852783
1344.560791
1446.262695
-1052.544067
-1769.051758
248.313232
1675.514160
923.423828
499.572754
95.926270
-302.577393
-708.696777
-1674.900879
-2406.821777
-848.450195
-299.394043
3078.516357
5564.833984
1824.406738
-167.391602
603.815674
15.134766
-258.688477
614.270508
-801.425659
-2040.949951
-481.794281
1801.997559
3375.444336
2029.240234
-655.210205
-1593.025879
-347.279297
42.807129
-380.348816
372.066895
1185.258789
1680.591675
447.495361
-720.113770
336.242920
521.001221
-634.447083
739.652832
720.858032
2707.575684
6520.324219
2888.815430
899.554688
719.783997
1529.865234
-505.708984
-138.936523
-736.386841
-242.513306
626.622253
-552.982178
163.524902
2865.440674
2523.437988
432.629883
-32.324707
456.203613
246.739746
-300.029785
-719.936401
-216.858276
153.712891
229.260620
652.203857
-514.547852
282.920654
738.348145
90.473633
436.969727
386.936035
958.478760
1.880005
299.034424
2024.383545
-82.327637
-1154.886963
-2304.472656
-1994.423828
228.747314
-1045.857788
-804.615723
586.156250
185.338867
-507.482788
-458.888672
1822.505371
761.570801
531.865723
330.221680
-1784.847656
54.855957
-1384.732544
-2059.072998
69.803711
903.208984
67.488770
-1890.430298
-3432.335693
-1094.671631
547.911133
1127.475342
710.415283
192.614746
432.024658
545.744873
1175.182373
69.224121
-1148.855957
-633.932373
-156.078613
760.828125
1302.709961
-645.817871
-104.986618
-876.625977
166.539062
-76.518738
-3446.625244
-971.086304
1396.584717
1395.807617
1621.824219
-451.715820
-688.561523
-83.274902
50.827515
552.151123
-438.410889
340.864502
238.665527
-1444.851318
-435.605225
-321.469238
-2948.696289
-1189.550293
1313.926758
1847.113037
1003.138184
577.446289
914.815186
65.881836
-2.634277
7.752441
363.306396
1217.368286
241.249634
83.846924
1298.483887
144.832031
-847.373047
305.691406
47.056152
-35.857819
150.485352
-577.092773
446.382324
546.709106
3064.049805
5208.052246
2157.237305
-269.272461
219.931091
-826.705688
-1179.803223
-1696.589844
1171.794189
2320.346924
-839.434082
39.505310
-519.837891
-31.141602
1843.070312
-593.620605
-789.017822
618.397705
51.598633
-482.365723
361.567627
-629.157104
509.380249
976.915527
945.058594
872.795410
1027.082520
1602.638672
-301.985352
-828.483154
364.327148
885.174316
1032.088623
344.690552
-1818.112793
-1715.210693
-1302.944946
-320.693848
825.785156
2015.290039
837.142151
772.590820
185.794922
2005.748535
208.404663
-373.732422
76.296875
-1903.367920
-1544.882080
323.177856
585.162598
692.842529
473.571289
-771.752930
-410.079102
-636.535278
-3129.812988
-1366.915039
429.657227
412.144043
1595.240234
1737.675781
-857.784180
1308.187744
-367.932861
595.475464
-1894.733398
-6595.700195
-5343.023438
56.117920
-404.968262
235.683838
726.490234
253.270996
456.457214
-537.742676
386.836426
1532.511230
-374.557617
-1134.008301
-223.331787
-1156.976318
-844.013672
-655.809082
-427.766113
-802.122070
-71.188477
-245.987305
-5.863770
328.831543
-896.143860
-60.431030
1197.470337
1046.727539
-9.773926
-1647.432495
-1358.524414
-752.230347
-5514.022461
-5520.580078
-2022.681641
-805.236328
1146.311035
832.462646
359.229492
-1868.029785
-4219.823242
216.391418
255.072876
-1085.871216
854.119629
-407.271973
-357.471680
896.535522
174.776123
840.914307
4055.710449
6716.828613
5132.994141
1447.857666
-299.964844
-673.314941
-876.062500
492.475098
1006.910645
127.072266
1018.053955
1038.484131
-741.796509
1706.404053
5118.280273
4523.840820
2320.876709
218.876312
-1155.807495
-1279.746704
-674.466553
544.611816
1094.988281
522.101562
-374.102112
58.138428
1352.621582
2803.753906
2016.059570
-267.879883
-156.054688
-33.115723
263.204102
130.198242
-181.231445
-54.936279
-210.716858
-725.470581
-12.846191
223.838867
516.544434
510.044067
560.883789
22.924316
168.046265
-477.125366
-1167.861694
739.690918
83.794922
-1226.803955
264.608643
62.814636
-78.666138
-366.346985
-168.183350
997.434570
-11.809326
423.094238
1903.551514
289.668945
-509.672852
-52.652344
-84.057617
-328.442932
391.373901
1131.140991
1267.479004
683.660645
-59.642151
-616.845215
-333.139160
-485.814453
-360.116699
-512.056152
213.459961
351.297607
-576.435791
-153.076660
-698.888672
-1315.705933
-1135.247803
253.834717
437.279541
567.881836
-113.360352
57.564941
-854.246155
-1112.583130
-1161.870850
-174.928192
653.970703
216.037598
-958.254272
-323.128418
496.683105
-234.494629
186.281372
1788.060547
739.645935
1050.825684
550.753418
-195.584961
317.225098
-2352.747314
-3967.418457
-1039.432129
1238.036377
2935.428223
1883.442871
-417.087646
779.310059
807.514893
-452.307861
304.089355
-1499.208618
-782.477539
906.899658
229.633789
1174.622070
2006.975586
-200.348877
-762.990967
-1033.512695
-721.745605
497.483398
-623.254883
665.286133
-565.173340
-751.370117
273.248047
-683.857788
501.537598
1034.830566
-1546.169678
-1494.531494
594.056152
829.253906
1165.550781
-4870.464844
-5297.164551
-2270.869141
336.330811
1404.759277
1161.241211
208.210449
-4563.903809
-4949.842773
-458.169434
154.142166
-920.578613
-124.442383
243.022461
1000.164185
-466.730713
-1344.265991
-57.341064
602.320923
386.102539
-3.965088
-30.218994
-338.223877
-126.840820
260.031616
-1271.561035
-870.659912
698.206055
-587.669678
-659.763672
-199.222351
92.854736
-422.636230
-1520.787964
-632.799072
1032.922241
-290.508667
-93.317871
-3.879395
315.173828
1680.525635
870.443604
-122.446777
-2668.826660
-4607.955566
-2757.381592
535.753662
68.308289
823.754395
1128.909180
-1044.677734
326.684814
646.949463
-1016.591980
680.273071
416.769165
-595.407959
-204.910156
-1365.053711
-1027.383789
-140.103027
-325.997498
-1174.411255
-36.261047
1476.683838
310.257202
-304.712891
28.791016
-40.663818
310.659180
1535.091919
1759.405273
589.996216
-593.844238
-701.947754
-399.472900
440.091888
877.251465
-150.040039
-783.051025
-211.357422
921.368164
1077.489258
1941.077881
1889.784180
267.370117
2079.964844
1335.000977
-2313.758545
1566.750000
798.300781
549.355469
1483.532227
-91.911621
-2038.148193
-1603.181641
-471.048340
1611.672852
3961.567383
3479.233398
977.474609
-1040.947266
508.645508
-47.531250
-2935.988770
-1318.550049
877.788330
253.292480
1528.475464
1113.714478
-645.399414
1341.614258
265.952148
139.559570
-576.270020
737.880920
827.506714
546.030762
901.137207
-1827.808105
-1128.625000
1547.247437
605.132812
1068.818359
2255.545898
1679.128906
3065.155273
589.669922
-298.768066
275.749756
-1207.415161
-1981.722900
386.519531
-1639.857788
-1529.857788
-679.974426
1345.402832
889.903809
768.782227
1158.536621
750.559082
-925.927246
153.844238
451.009827
73.356995
1640.239746
-1026.735596
-2516.582520
1182.566895
333.232910
-499.170166
648.500488
10.299988
-390.614990
1040.638672
490.073730
-1256.594116
-1142.783203
-1327.032349
266.963623
4305.929688
4591.697266
-159.965820
-98.343262
209.111816
148.152344
-805.430298
-560.985840
925.720703
-204.397705
-628.571167
966.961914
1746.506836
271.297852
132.140625
1254.725586
536.582031
-835.539551
-113.062958
-317.167480
367.438965
10.618408
371.885254
2149.673828
1553.993164
-1650.458984
232.554932
-953.093384
944.123535
1441.221680
-177.953033
-300.316406
30.373047
-326.524506
640.011719
1487.422363
407.104370
-380.349121
221.862793
-548.190918
-954.584656
-169.528564
-536.414307
-24.573608
900.402344
-63.308411
-988.673279
-339.030762
242.221191
-209.108398
-982.756836
-669.224121
-436.176025
-247.625244
171.949829
-292.242432
-607.445312
229.294922
-7.948242
316.665527
223.683472
3237.215332
3536.676758
2292.187500
299.311523
-1165.464600
261.473389
492.055664
1077.586548
3316.556885
2106.622559
1683.168945
-45.876953
226.787109
-1611.426758
-3497.756836
825.634827
-492.595459
-1815.768066
-42.009277
-775.955566
-250.543213
919.619385
758.019043
157.486450
-144.546387
-180.185303
-1105.227295
-2799.091797
-686.163574
922.316895
837.736694
836.614502
310.054199
-314.198730
100.894531
166.682617
-173.367920
506.652832
-235.302124
-1449.409424
-1485.669434
332.420410
-293.332031
536.011475
526.577759
-785.257751
-1065.279785
341.066895
-836.949951
-5291.425781
-4134.805176
-1714.558594
0.426270
-363.141602
-784.083984
-2027.135742
-890.969238
577.162842
249.807495
591.481934
110.203613
-695.562988
459.306152
648.219727
431.204102
-125.040039
841.411011
-165.580322
549.837891
1476.920898
-668.863770
-312.753052
822.762939
703.075928
69.066650
-896.485107
-1262.748535
-1796.419922
-1673.124023
279.244629
1369.287842
1469.994141
286.758789
302.457031
1533.077637
112.934814
-1221.795166
-1344.431641
-3293.879883
-1259.693481
86.459473
8.869629
222.661438
-365.086182
-16.252350
135.822021
1272.096313
1325.556641
-1701.190186
-1692.916260
-649.011230
-568.098328
-2378.640625
-1017.755859
-876.502441
-930.866882
-1097.729980
-586.144775
-1634.679688
3.354980
744.555176
2636.366211
1830.783447
1651.376465
1275.040527
332.453247
747.329102
-950.751953
-1397.953125
-786.805664
203.393555
2037.684692
4493.971680
2722.493164
364.872070
100.141113
283.380615
758.264160
-347.773926
622.537109
-317.976562
-663.681274
1398.940918
-206.616211
-2390.196777
-1401.456299
1143.192139
3615.997559
2725.298828
556.193970
-3012.472168
-3772.243408
-1186.706421
-540.313843
-498.981934
529.468750
-2101.291016
182.976562
355.174438
304.892273
-270.178772
105.128418
465.424805
601.706177
2405.302734
1420.781250
-2557.941406
-506.409180
1037.531494
14.502197
-1448.862793
-1538.524536
-955.524536
415.539062
555.302246
-650.614258
-198.195557
301.460693
-1504.865234
-214.192383
67.573730
326.852783
-357.859558
290.950684
1875.646484
2616.729004
847.406067
-699.066650
636.344482
355.142151
16.758301
2431.350098
218.952332
-206.915039
1904.717529
1304.183105
779.362305
1493.301270
-390.685791
-1504.850464
311.009155
281.737305
2205.897217
4543.917969
3595.333008
1834.000000
756.814697
1566.152344
911.206055
-1315.260254
389.274170
4517.045898
4628.295898
-84.129639
-857.179932
-386.490234
-1467.308594
-589.761230
314.351074
23.110352
-497.969238
1094.940918
3926.931885
4109.173828
-160.704102
-986.003906
1271.025391
-533.861328
-586.368286
1282.423828
1697.740723
1139.330078
730.329102
21.166992
-664.528320
-720.653564
3.294556
427.221924
2058.223633
1785.291260
-1724.324707
225.668457
530.496826
-262.633667
333.838867
217.072266
1140.386719
535.791260
-549.890137
197.310547
-362.700684
-1504.764038
-1809.427856
-1640.875977
724.374023
1547.874023
74.434570
990.477844
655.738037
-300.118164
464.248535
1071.167480
286.756348
1460.427002
266.142151
-644.506348
-331.462402
-67.628418
-1868.046875
-245.796875
955.877930
1033.153931
808.180664
1080.598022
-37.960083
-1399.041138
160.573120
-638.251831
52.073242
-772.370117
-785.536133
450.841309
-767.005615
-789.321411
-1375.949219
-4280.096191
-1255.909790
1847.910645
2719.774414
1123.739258
1257.014160
-766.910156
229.488770
108.030273
-255.342773
-1396.004395
-580.600098
-285.406677
-822.156982
180.600830
965.442871
122.343506
881.741943
74.468781
-817.711670
-919.157227
-1293.119019
-1498.056274
-753.248535
875.528809
1574.603516
304.293945
-1406.033203
-1743.579834
-742.741455
646.441162
957.736694
1247.057129
-612.968262
-1296.558594
873.094543
503.584473
-1129.524536
-1701.746826
-202.017578
-270.697754
-958.033691
-2519.914062
-2384.490723
683.078735
507.731750
-1130.560791
-635.950928
138.801758
269.728760
-154.489014
-1106.560425
-48.700684
-91.326172
-3559.032227
-2697.485352
-111.261719
1092.916870
1270.958618
477.080322
-84.485352
-949.884033
-1174.445801
1095.243530
628.617188
96.570801
154.100586
340.955322
149.969971
914.845276
-804.870361
1106.850342
4179.170898
2472.036865
-324.943359
-744.581665
674.606445
607.056641
808.645508
1362.533936
404.968140
1396.895020
1446.676758
80.095581
-1849.086914
-1036.221680
-1491.268555
477.375000
1308.496460
567.645081
173.686890
-1359.466797
-1395.996582
557.858887
597.907715
-1025.055176
-182.399902
-48.595581
416.210449
398.880127
671.450195
1049.573853
319.605957
-883.053589
-779.907227
39.339844
-138.820312
-467.579590
-1251.261963
-557.142090
-357.464844
-991.674194
960.657959
487.955078
-1891.501953
-1278.244629
-206.003662
-1016.840454
-925.299438
934.169434
-717.579956
-1594.666016
332.290527
-153.563843
1746.108398
2511.720703
-1322.252441
-1074.011597
-786.841309
-1199.567627
-500.696289
-662.580078
-996.545898
348.327148
865.653076
1042.955688
-416.288971
-99.545410
2792.891113
3913.196289
52.594238
-684.773438
-1430.603516
-2236.565430
569.978516
-1083.552368
-854.488525
1071.264160
1275.412476
1192.012695
1090.664551
-3.059448
-1018.596680
-102.431152
-1610.370117
7.031250
82.924316
-110.533447
875.111816
94.112793
464.233154
2468.559082
1028.988770
448.873535
918.730469
-471.960938
2395.122070
2199.277832
1284.494141
335.125244
-1222.395264
-908.896484
1094.372803
2023.282715
2485.059326
143.003662
669.196045
725.330811
953.634277
913.881348
761.357422
824.540527
1833.725098
2067.862793
301.475464
-1012.179199
-1844.529297
-2337.329102
-1148.045898
-76.073425
-466.407501
-347.341919
-216.998535
1171.085449
626.968384
-193.206299
748.277100
205.245239
124.958252
769.339966
-457.057129
-835.462646
-110.230713
-1306.759155
434.385742
862.390869
284.101562
-217.003052
-1145.825195
345.827148
-831.865234
1028.705566
-955.545898
-1741.513672
-565.333984
-242.483887
1920.302734
1301.916016
-538.342773
-511.098145
-336.124023
-474.690704
348.111572
-422.737549
-821.967529
-272.270630
562.202637
-352.896118
-1035.614136
-1228.593872
91.570557
1085.911621
183.091309
541.270996
-369.590820
19.475464
-676.635498
-65.191803
-80.013184
-517.600586
-1202.205078
-2096.511719
-2977.613770
-3754.416992
-462.842590
942.647217
671.461426
1315.387695
1483.977539
715.824219
1442.923584
142.915039
-1753.831543
-3471.301758
-1773.536133
-349.053711
897.482422
1626.740234
-483.292725
-1310.200439
73.868652
-399.319824
80.142166
167.030762
470.401367
-181.956543
-148.973633
746.110840
-262.555664
64.720459
-412.971191
-249.282715
370.766388
499.715332
792.116699
434.244141
47.153076
-2196.789062
47.229980
-410.949158
312.852539
1062.527832
143.271484
-1677.227539
-1676.792969
-1731.875488
-27.864258
782.151733
733.774658
-80.702393
914.484863
1204.859375
829.605957
827.493103
85.383820
-818.857849
-778.876953
-1926.375732
-1240.383789
-991.811523
282.652527
2578.740234
1037.016968
-1182.144775
182.869629
-506.047852
588.345703
3225.991699
1774.848145
-354.148926
548.296997
580.124023
-409.918945
-799.898682
-512.700928
928.853516
-153.098877
-567.555664
-755.068848
-3383.525391
-4509.912109
-2162.502930
514.235352
613.467773
-1133.496338
-269.572266
435.244141
1127.323486
1061.340088
-354.359131
695.130371
894.084473
-479.655762
-3477.508545
-8548.080078
-6200.283691
92.721558
228.281250
-209.849609
482.788818
799.784790
1026.730103
683.704346
59.217285
-84.572266
-312.160156
-1245.581543
-905.444336
890.579590
-438.371948
-1165.309814
-982.877075
-615.602844
375.123291
-245.009521
-86.891724
1221.563354
631.914307
757.101562
169.221436
-2338.330078
-2492.799805
-491.001465
-705.363831
-1338.438843
368.793945
1802.092651
620.358154
1116.225586
3411.974609
1236.094727
1334.351318
-156.171875
173.065796
4273.618164
4139.598633
1046.292969
-1517.968018
-2422.346191
45.371094
1007.358398
177.854492
487.319214
621.626953
603.043945
616.074707
-661.395020
-1011.061523
25.509277
967.069336
2151.995117
2244.606934
-839.161011
281.076355
334.813721
369.602783
128.676758
926.433960
425.371094
-2426.651367
-977.087402
563.885742
1073.169678
5177.279785
5478.264648
2366.534912
-476.636230
178.322754
1662.148926
1443.123901
1213.375244
-203.533447
-1247.524536
-501.902588
166.516479
-299.602173
-441.576538
973.535217
534.363770
112.799805
192.910156
-1247.480469
194.618652
-1258.151855
-877.323242
-365.271484
-890.872681
-203.317383
66.491211
526.679688
-941.820068
-3997.161621
-883.385742
818.918945
203.808228
-109.500488
-706.134277
-1253.595703
120.233154
2123.810547
2777.869141
4361.440430
-142.614624
-549.755615
380.552246
877.785339
795.282959
-92.192871
-752.256348
-1158.072754
-860.229858
337.138672
-2301.891602
-1099.763672
256.066406
1190.646729
2172.694092
-404.728760
-3144.950928
-2121.944336
325.242676
-20.471924
-372.179230
554.378174
-312.863403
-1515.474609
-1334.434570
482.037964
529.676025
-599.195068
-351.515137
595.475464
670.597656
-178.605469
-878.211914
191.096924
1165.357666
1091.293457
525.386719
1388.241089
857.322632
-240.191284
-330.469238
-621.856934
-1090.502197
-1142.843750
418.172974
1716.543335
390.552246
-519.710449
624.714844
-1419.142090
-2593.157471
-2963.606689
-1885.964355
-608.107422
-230.575684
-512.720886
-695.857849
-694.214722
-659.147461
-892.474121
-637.112305
1030.597656
1406.229858
3291.516846
2128.220459
387.004395
470.552734
758.669189
897.515137
753.422852
-244.852539
684.914795
441.520020
-545.558350
-841.962280
-96.518066
790.603271
385.000000
-920.851685
-783.500122
318.320557
-2901.554199
-2925.993652
457.888184
-742.605774
-1082.970215
558.872925
901.559570
478.951172
-498.679565
646.333496
-671.795898
-512.593262
-736.585693
99.310425
2720.492432
778.952393
-744.921509
333.516113
5.816406
-974.513184
-226.465088
-1090.460449
-4380.225586
-3564.872803
-1916.587891
-1091.602295
658.567139
-496.533936
-745.069092
178.554688
-423.571289
-479.196289
-1541.019531
246.583984
1154.395508
-443.240234
-414.166992
761.362122
808.972168
190.133545
2085.019531
3489.036621
343.165771
-1805.595215
-860.318848
-244.726074
871.732300
2277.405762
2379.489258
163.467773
317.643799
202.534912
81.257324
52.962891
-599.416321
-1094.280518
-1311.311523
684.488037
576.751038
-1013.308350
45.843750
247.809570
-81.331055
-55.936523
-422.766846
947.143738
272.126953
-541.554199
351.968262
125.465088
-352.012695
228.162109
-434.304321
-359.442749
87.499023
-1923.944336
-985.759277
900.092285
503.701172
897.798828
-3264.426758
-2611.669189
-76.598877
1662.573975
4280.620117
1786.688232
-234.494995
-1546.241455
-3790.407227
-1814.024414
-1359.236816
-1459.853760
1017.061523
2840.007324
962.730469
-391.594727
551.405273
200.037109
328.066406
-396.806641
166.614746
-157.803467
-41.236328
426.463623
1180.239990
618.559814
90.929688
1035.614258
980.266602
894.456055
135.761719
-465.736145
541.577148
373.477539
-142.464600
-296.812744
-1019.363403
-553.783691
280.508423
-1125.799316
1806.383789
1799.548828
549.843750
-148.526855
-423.653564
-389.529541
543.017334
1034.142212
1533.304688
645.257812
1514.156250
301.495605
216.088623
691.959717
268.053223
887.167847
383.404541
859.073975
528.476318
-109.592285
62.010498
428.090332
110.961182
-542.158447
-619.418457
-450.881348
909.327637
168.689941
1052.500732
746.316528
-89.844238
1018.586426
1300.620117
-120.529785
202.891113
730.462891
325.750488
-261.474121
-728.543945
-2289.823242
-2699.920898
-752.957275
1197.176147
809.030396
1439.385254
1291.795166
-67.337646
-855.880859
2205.988281
735.375977
3681.072998
5148.954590
2705.471680
-356.279785
1075.297852
1235.563721
61.030762
1695.674805
1692.594727
-159.120117
933.108521
-102.792480
790.956543
2254.116211
1948.155762
620.556885
944.191895
116.388672
-797.857849
-558.479492
450.730469
833.511719
41.524902
-361.212158
253.439941
566.920898
504.177368
246.139648
165.193848
1510.170044
331.637695
-1401.896729
-909.504395
-201.046875
146.992035
-403.251953
811.272461
809.003540
-182.518311
-1293.799072
-1512.225708
443.346802
909.158203
827.584229
1344.598389
1361.636230
163.882812
1483.761719
513.098633
992.660156
-83.293457
-920.056274
-1109.177979
-971.816650
-256.616211
-735.313354
-684.575928
-100.350098
-22.009277
-351.974609
115.437500
1093.168457
46.658203
798.139404
681.054199
-417.641113
-226.842285
194.793945
664.030273
-782.328125
955.759766
-917.868408
-930.595947
-2801.342285
-1934.770630
746.159119
2208.020264
596.532959
-1551.460938
-1457.734863
-311.676819
-443.602539
-1871.548828
-2204.579102
-4817.871094
-2393.097656
199.462402
850.508057
-265.347656
902.638672
-1550.214844
-1143.809570
-1309.185181
-1016.796875
-35.546875
472.474854
448.239258
483.282227
-868.858398
-955.363037
134.992432
626.497314
-669.197021
-1697.068359
-2229.861816
-420.517822
1165.725220
767.732422
2134.719727
2608.985107
1393.802612
-376.397705
-365.280273
-92.510498
12.439209
-639.396973
340.639893
1259.697266
-818.119141
-538.531250
-166.962402
-222.923828
343.838867
0.537109
37.105469
-1397.857788
-2572.990723
-643.973389
1255.780273
204.580811
-1134.881470
-683.729980
-1117.252441
-1565.285889
-964.459473
-654.608887
-185.042480
-213.696289
1607.419434
4756.634277
5522.751953
1446.331787
926.020508
2199.648438
148.993164
-381.568848
-102.468262
-683.167969
898.519531
257.335938
-583.878235
665.516296
-1409.389160
-937.914062
842.930542
-53.562317
732.112671
1205.676514
751.787354
610.734863
-759.582153
-1846.777344
-6.545410
-58.524902
-337.677368
485.896484
154.385254
-272.075195
751.700928
-150.243652
-509.981445
355.161621
-1960.026245
-2264.210938
956.475464
158.003906
-294.688232
1153.923950
587.706299
262.199432
88.465820
-317.293945
-803.096680
-1261.057007
-175.609863
-1004.943115
-252.564941
1003.980469
485.696289
440.209717
138.807617
266.296753
810.281006
433.226074
24.288574
-525.731140
482.981445
274.408447
-657.861816
705.918945
2806.020508
4310.313965
1964.497314
-237.463379
757.497559
913.140137
2660.833984
3417.843750
319.341553
-826.233887
535.712891
427.908203
1424.944092
599.561523
182.968262
1797.468750
2407.628418
1354.635742
-8.856445
-852.264832
-306.274414
-566.164307
-982.461304
223.567139
585.363525
723.228516
-2204.406250
-1619.722656
-3854.802734
-971.929688
1911.525879
193.794556
-501.793945
157.657715
-645.957764
419.475464
971.138428
1071.221436
-17.274414
404.329102
154.625977
-230.807617
594.691528
-167.771851
611.044922
1315.381348
108.854004
-1070.206787
-787.335449
736.107422
-394.096191
-405.655884
533.142151
-1285.183594
685.257446
52.902832
-280.625244
-638.039062
-1624.905273
-1133.832520
475.285889
645.584473
503.688477
-1637.010254
-533.392090
-983.507568
-1188.604980
746.039062
57.460938
-2909.277344
-2090.515137
-509.056641
-922.480042
-83.086365
-723.050049
-679.262451
-402.579834
-264.825195
-570.479736
-605.800293
-205.736328
810.590820
2539.799805
2742.698730
951.195312
-455.239746
14.297852
283.587280
384.266113
-5.123291
818.429810
21.908203
-100.022217
188.475464
-179.322021
221.557861
1330.249878
977.220520
1008.108154
621.744629
-2159.041992
422.537109
1567.803711
2485.283203
1621.983887
-139.403809
364.948242
342.465332
1957.662598
2944.271484
705.125977
1374.029419
407.221924
-984.883789
911.422363
333.939697
816.880737
1243.073975
144.675293
2449.599854
1386.437622
-441.452026
1044.359619
35.606934
-754.315918
-780.069092
-299.725830
1278.879150
1064.143555
158.690430
-424.601196
-209.133301
515.193359
941.598145
829.016785
38.319214
-1260.951172
-2947.208008
-5346.138184
-2730.524170
-997.159912
-348.744751
83.062012
-491.904785
570.019531
-29.153320
707.022461
-209.169922
-461.996094
-910.108398
-197.137451
258.651855
1419.950684
976.445801
71.095215
-1042.362915
-923.894409
716.818604
1624.598145
2423.168945
2117.951660
-660.999329
-332.733887
-307.022705
2615.975098
7162.701172
4345.690430
-78.537109
-1973.113281
-1519.402344
512.620605
225.885254
189.149414
954.374512
758.463379
-91.658691
222.060547
371.632812
952.430176
1311.852295
1556.099365
389.947754
246.562500
-337.167480
-691.313477
-1578.805664
-2369.177734
-962.977539
-869.191650
366.893066
-1521.154297
1567.294434
450.388672
-484.250122
666.424805
243.349854
-21.615234
985.384766
-1482.766602
-1324.857788
913.029297
-18.267578
882.818115
859.826904
1472.942017
1620.907593
-719.374390
-1054.786133
-588.857849
1047.623779
78.734375
-547.316162
-776.401367
-3999.819336
-4459.112793
-142.032471
76.559326
1914.292480
1181.382812
488.839355
-131.323730
-15.488770
673.163330
34.588379
-1113.671387
-1428.178223
-666.335449
-1126.111328
-806.184570
62.420898
-1905.567993
-1041.918213
497.914307
-455.704224
155.290283
507.418945
95.550781
544.752930
-289.024902
1175.988281
2048.671387
-990.124390
-689.511230
-2071.541992
-1207.325684
1378.560181
80.743164
1105.994019
409.696533
-502.692627
292.403381
2263.271484
3572.147461
2782.017578
1210.385742
1422.761719
-878.230957
-1164.676514
-1371.799561
-1480.800293
394.849609
1161.177734
-857.428711
-2160.768555
-1273.720703
-307.154419
1081.484985
4.047607
-1190.328369
230.895508
935.279785
-434.903809
-1028.007080
525.063965
-312.172363
166.192383
-70.626953
-1025.503906
-581.743164
-503.296143
-235.506592
-986.217407
-1373.202148
270.588867
-184.803223
1245.891113
2135.475586
2532.372314
595.787598
-255.052979
272.385742
-1054.710449
-711.131836
518.085449
-471.689087
-186.037598
919.636719
2222.168457
680.416504
-895.533691
-685.930664
75.296875
1158.763306
987.179688
1140.990479
-1020.858521
-1091.778076
151.308594
-1067.595337
-1037.649414
521.836182
1039.231934
-3797.918457
81.251953
-791.356934
-57.065063
-62.605957
519.856689
-1572.104126
-1790.375000
421.002930
-380.117676
573.471191
666.060303
178.846832
660.138184
177.460938
-541.509644
-163.176514
1635.163574
2240.339844
2290.314453
232.417725
-285.043457
-4063.296875
-2037.634888
821.101929
115.210449
174.648438
-1442.021484
-609.545410
668.080078
1126.119629
4041.043945
2857.875000
-112.710938
275.107910
-757.400879
-1346.480835
800.699707
-839.878906
-1678.197876
195.818604
1327.651001
863.316406
72.739258
-329.863617
137.369873
1790.877930
1042.288574
-830.252930
-859.920898
-29.961426
116.632812
1081.164551
355.685425
-731.805420
-727.186523
-702.301758
-1262.550781
-1539.350586
-501.813965
1332.897949
246.446777
-271.240234
26.270508
-362.976074
272.756592
-253.424255
235.846191
1758.899658
417.802734
-709.295898
-1133.967163
-510.686279
1486.528320
546.813477
1098.526733
600.467896
-688.427734
1494.675537
2316.694092
615.505859
-935.944153
-2018.984009
-1215.220703
-26.625488
400.270996
551.202393
1447.106445
391.082031
1461.262695
-464.974609
496.154785
199.071289
-126.001953
-2849.671631
-1572.879761
3.585815
-485.940826
1012.223755
1864.972656
553.154785
108.953369
1055.938232
1503.417480
570.942017
308.846649
377.783325
-1653.330811
179.889160
1275.841309
-170.808594
333.119141
-1680.605469
-2214.078125
-2783.684570
-938.007812
295.691406
785.901855
1255.635986
554.673828
296.823608
-750.130615
-523.374512
-535.091309
-2197.229980
-780.129883
-801.405762
205.152100
1164.841797
2535.483398
1127.050293
-1291.916748
-103.931152
-28.343750
341.745117
1147.919922
-1302.161621
-1239.240112
-266.581055
-433.988770
-356.536804
490.950195
226.951172
-1194.951172
-475.616211
-2214.817871
55.295898
-699.640137
3501.161621
3656.156738
-180.128662
-233.511230
104.497070
-16.199585
108.384277
-668.048828
-782.478516
22.475464
-145.488281
-93.936279
-1254.284424
-265.270020
1841.961914
1042.431641
-1330.409668
-1071.067261
233.822021
259.667725
1125.724976
1377.905273
-779.385742
-59.517242
225.904785
-834.843750
-1414.887695
-639.589783
1059.367310
989.459473
456.273682
-1219.867432
-1266.184082
681.023438
975.754883
204.415405
988.870117
1425.575684
420.266602
527.283691
444.135742
-1924.799316
-1683.543335
720.454834
781.721191
672.258301
-812.556396
-1172.758301
-151.435181
5608.406250
9971.927734
4346.079102
-1615.148926
-4607.745117
-2305.741699
1475.970703
908.147461
538.712158
-1645.295898
-1715.690918
392.213379
-1138.671753
-306.036621
628.163330
-579.795898
538.596924
294.825439
541.290344
-496.712402
-1370.118652
412.495117
21.815430
154.500488
-365.003174
-950.756592
1256.281250
2067.774658
-679.845947
-258.805908
556.411621
99.994141
772.067383
1502.268799
871.815918
-784.964722
-1659.268799
-460.937256
47.927246
269.761719
-1321.835938
468.790039
824.338989
87.436523
-287.988281
-125.580566
1289.853516
1156.220459
-661.524536
-833.190430
-434.464661
-342.054199
187.677734
-785.467041
-310.582001
1066.987793
-378.764954
-175.478455
857.709290
-787.656982
-1081.994629
38.121826
646.080078
1595.770264
1468.291138
1731.597290
1691.451172
916.669434
-820.473633
-1631.619141
-1092.997070
-191.305176
-74.600098
-876.779297
-946.532349
635.199219
2156.875000
3095.026367
1554.199707
243.280762
-1519.820801
1639.289062
311.221680
-504.901062
-259.723389
417.755127
-1148.348755
-1431.055176
417.999512
220.522949
-586.856140
317.503418
109.699036
-1045.788086
-1172.920654
-713.808105
-1039.191650
477.997314
4286.535156
7115.605469
4543.438965
999.336670
-341.333496
437.071289
764.335449
-557.822754
5.558594
305.353516
753.563965
1227.893555
-282.615234
-628.642090
189.801758
-2584.340332
-58.869629
-116.394226
386.345581
401.313477
181.738037
357.604980
1294.388672
-958.032715
-1046.619141
-295.799805
-996.021484
489.662109
1068.804688
-13.555176
-757.051514
1044.087891
1818.142090
1290.317871
1637.313721
1956.510254
-519.889160
-738.140991
-4.328613
-46.060547
-973.677734
2189.386719
1559.786255
-564.746582
-85.846924
-1533.071899
-12.229980
434.273438
-1271.354614
841.487793
34.174561
-788.444336
-230.035156
-792.732971
-1290.869141
-2321.431641
-4027.284180
-2959.599854
-1440.031250
-1531.994141
-1405.563477
291.872070
277.639648
-629.795044
-652.738770
-2791.669678
-5026.939941
-3399.320068
21.005859
354.999512
-674.622070
-957.248047
-1275.770508
-1987.297119
-719.194092
-584.779297
487.722809
-653.968079
-285.337036
316.589600
-559.655518
-813.331055
184.969910
791.691772
-455.226074
-1825.355469
-442.150208
25.176758
-184.156494
-299.302612
-122.226074
447.441406
769.671997
-327.522461
1456.126953
1517.470703
-1075.037109
335.647461
-720.622925
941.539673
-189.365570
-1265.326050
1162.388672
-871.226562
343.459473
1918.662598
2065.032227
-1472.916016
-3519.426758
365.993286
1201.771240
530.894531
1142.175781
-536.694824
330.526855
541.165039
-132.216797
-577.268311
356.394531
1845.318359
744.508301
-728.291748
-95.215332
-85.481445
-2132.734375
-897.839111
1670.948242
2462.543945
1551.193359
892.826172
-447.233398
505.297852
982.837402
3042.322510
2413.694824
49.838623
774.463257
1269.513428
-5.180420
823.596313
185.697998
-948.741577
1021.895874
1057.736450
-463.292236
-105.361084
1056.542480
288.737793
-171.908813
-1152.194336
-3691.414551
-2660.815430
-1017.023499
-34.788574
-1136.235352
446.394958
-303.347656
-1263.602539
575.942383
-303.782959
-629.599487
-291.424561
149.327148
-177.265137
-71.043457
874.553955
330.532227
206.933350
2434.661377
379.427734
-2641.269531
-865.852539
866.071960
820.108154
407.294922
-391.552490
-1501.381104
-63.351074
565.885742
1072.968872
-208.182007
-2475.570801
-658.770508
1670.138672
3624.556396
2006.287109
-588.590393
273.072266
-1227.625488
-398.845459
357.367676
-1419.506836
1817.939453
-349.289551
-1265.301636
-812.007202
987.855347
1206.475464
751.674316
628.187988
655.202148
-1060.647705
-1906.296875
-770.615479
-889.361084
794.603638
1079.142212
560.590454
1490.197998
1222.995361
351.157715
142.393311
850.915161
-869.654785
-548.270508
443.246582
324.499512
-484.089355
-169.697998
-766.909912
-1383.760498
-1338.928955
-1280.938599
61.568115
993.914551
-750.846680
-1203.139160
-3005.767578
-2628.979004
297.696533
1672.206055
2321.112793
2752.165527
-728.688965
38.876953
531.814453
-373.794922
457.661377
195.645264
-389.881348
-204.915527
-749.009277
-1471.614502
-1093.069336
-432.220673
353.010498
-410.827637
-955.918213
231.836731
1025.196289
518.055786
179.241943
-332.051147
935.492188
1869.273438
-686.833984
98.041016
1631.073242
-813.076172
359.204987
225.273438
-323.433105
1203.978271
1657.229126
15.347168
264.309570
842.517822
-572.956055
-485.266602
174.111328
-272.557617
-1960.018555
298.047852
1551.578125
29.311920
857.336182
773.062500
1386.955078
2703.898926
1276.148560
-38.256836
445.165039
498.803223
-210.705811
244.870850
919.929871
691.273682
321.263672
24.789062
-413.770813
-1036.847656
-4422.461914
-3040.832520
1219.257812
-80.710938
971.505249
412.403320
-956.757812
230.870728
268.705200
-803.914307
-976.833496
383.619141
2382.595703
1470.433594
437.672363
-458.722168
-376.808594
-449.644531
-1088.788696
-1437.626709
-535.400146
289.033691
2101.996582
1750.504395
1804.585938
-1394.612793
-593.277222
-855.191650
-421.372070
703.067871
-447.497070
-674.318726
-413.372314
-668.070068
-379.593994
-220.309082
-905.994873
716.892578
842.163757
242.985962
349.660400
-2239.359863
-2474.025879
230.444153
-447.157776
-159.831543
717.977051
173.742188
258.196289
-917.909912
-871.487793
538.594238
-1190.285156
-1149.912598
1327.381592
1117.891602
500.381836
-223.888916
-1091.784546
669.142151
1801.465210
-91.000366
624.231323
1335.825195
694.308105
582.499878
1038.912964
572.481567
-600.017822
-887.088379
-608.625000
516.720703
1267.354492
779.339233
-210.787109
136.129883
369.485840
-405.648438
-147.878906
-2088.221680
-940.195374
409.575684
1238.320312
2559.423828
739.304688
1118.585938
1833.114258
3602.734375
4210.226562
2475.942139
1292.497559
549.882324
-1168.188232
-1399.552490
-382.325439
739.379150
792.180176
749.368652
1417.830811
-390.702637
-510.847168
-26.154297
454.232178
1358.322754
-928.335693
1597.737305
-162.805420
-1740.131714
227.440674
26.594971
920.657349
1.186768
-1189.065186
-762.796631
94.137207
-705.876953
-910.514648
-1524.328613
-325.329346
988.659912
-1216.421143
-919.046875
-57.970703
-1812.772949
-514.109375
17.585009
-62.347168
1091.241699
-8.893311
-785.728882
461.066650
-870.671631
-334.969727
307.630371
-6.276367
-812.534912
-921.478760
-307.384766
-277.415894
-379.951965
791.911743
1605.873047
732.049805
617.223145
-412.626953
-1099.085205
-1185.450195
-983.783020
228.623535
205.805176
-111.282715
400.495972
342.160156
-655.058594
568.932922
1155.670410
-322.465820
-314.336304
1023.015625
1365.128906
1086.608398
-779.680176
62.558228
1361.911377
224.793945
-1035.286133
-340.771240
516.723145
695.140625
1919.365234
2436.016113
354.944824
-70.756348
-26.787598
78.701660
425.196289
-861.191650
-278.837891
-498.653320
-1339.608643
-2206.617676
-2163.940430
360.176270
710.194580
4187.146484
5060.457031
295.669922
-1525.808350
-989.259766
2.658936
290.157745
72.563599
443.198730
-2234.292725
-2088.380371
972.771240
80.858231
-416.522949
668.490234
-172.089844
-591.920410
-1299.067627
-372.102295
72.675537
-302.271973
1717.573486
4066.884277
1525.104980
-826.432617
-3448.431641
-2435.669434
87.111633
103.039001
-194.138855
-369.178162
-290.960449
233.034668
-1209.888672
-1147.279297
-1090.146973
70.407471
1077.230713
1364.475464
-284.464142
-118.474976
690.810303
-270.495361
-73.256104
-1782.620850
-1748.097168
771.336914
695.726440
1081.993896
-153.439087
-1047.130493
521.854370
173.370850
-42.840820
279.272461
-2490.432129
-3419.617920
-167.218140
158.691650
-1874.597656
-766.647583
-493.632080
-8.555908
1196.750000
133.287598
-729.924377
-97.784180
401.703613
903.680847
389.891357
475.702637
1013.634033
4308.367188
5513.816406
3385.735352
1606.523926
-439.716431
-429.461731
-669.045288
-1315.524414
-317.702148
104.278320
-405.427246
950.467285
31.137863
-107.543442
1018.325562
1305.679443
762.769287
-494.379883
214.748291
-478.005371
-1599.791016
-978.803711
3224.562500
6390.810059
6259.174316
1777.436523
480.795410
490.331177
300.725098
-851.324219
288.061035
807.251099
152.316895
1893.813477
3239.661621
43.059082
663.399048
1273.036133
-50.219971
151.816162
-456.105957
-1022.196289
-1248.929688
1475.215332
3380.917725
1575.942871
-2000.137329
-5010.927734
-3558.662109
1093.012573
241.662842
40.656738
703.962402
77.751129
833.202637
-420.405029
-313.757324
-19.406982
930.304443
617.969482
513.732178
3612.731201
3805.827881
832.569336
-555.756714
-1162.749634
-739.364624
-252.406006
149.537109
57.767090
-145.787354
400.467041
201.346680
66.003906
795.402344
223.796875
-436.432861
106.154053
1136.683105
436.148682
13.574219
-244.484375
298.508301
-198.806885
-2152.922607
-417.931030
151.874756
2229.678711
3937.389160
811.551270
-983.680176
-1528.369141
-2715.912598
-936.843994
-527.318359
-763.523438
-109.852539
3.998535
-305.184082
-360.438477
734.109863
-1246.327148
-836.821289
617.152344
-383.604980
306.821899
437.253174
-714.376953
-1093.705322
-595.978699
917.153564
556.001221
-126.219727
1698.628662
2743.161865
-551.038330
-1142.925415
-1319.551758
-56.436340
1326.857300
-238.226807
-246.813477
561.896240
-501.739990
-692.730835
579.838135
38.566406
659.995117
-931.075684
-595.557617
-242.285156
-1941.434082
-1869.247070
44.667969
-515.588867
-661.621094
-2054.848145
-1049.573730
1105.078613
1126.847900
897.085693
-3925.020752
-7931.803223
-4172.456055
657.609985
1574.230713
430.726074
-264.657959
-1348.562012
616.157471
1005.909851
-89.136963
-66.446167
359.090820
-1111.060059
237.355469
120.313721
-2960.664307
-2655.122314
353.122437
275.731873
-1385.849609
-622.107666
-1262.407227
-1019.991272
661.005249
-475.816162
-892.328613
609.796753
544.064819
98.478821
-705.211914
-908.189453
-4499.121094
-6677.164062
-2871.332520
552.593262
-357.187256
-611.050293
1329.613892
210.650391
-922.764648
-40.995117
343.440552
661.071777
1689.213867
1897.828491
505.577148
476.032715
3032.112793
3840.901855
1917.778809
1658.323242
1489.084961
-727.132324
-838.756104
-411.758301
-504.973633
-215.135254
591.219727
991.323730
-364.704590
-1425.340942
-970.939819
54.466064
548.984009
370.143799
155.808594
-607.477051
-1295.253784
-537.737061
-256.552734
930.916992
2591.487549
2077.334717
225.274414
-996.583984
-1540.388672
542.758057
1307.112305
1323.026611
-165.265381
-1388.383789
656.479370
-367.272705
490.433350
784.691650
-923.622070
-4731.600098
-5307.606445
-2452.455078
-369.221680
515.978516
-1234.303711
-552.302734
-277.469238
62.701294
1232.550537
2745.457520
23.142166
-210.385498
640.062500
-894.918213
291.407471
2174.848633
-114.594360
192.747559
-1018.388672
467.232178
762.019287
841.756104
408.149841
-2096.204834
-2872.223633
-1327.835449
234.630371
865.149414
1348.409424
1197.613770
837.629883
1366.485352
-463.494141
-858.988281
0.637695
-221.595215
143.106445
3323.409180
964.728516
-767.075195
-389.154144
62.654785
-194.492920
-45.989578
272.900635
-803.597595
435.751709
1265.614746
-816.912109
-551.336914
-97.108765
-411.564453
764.428223
557.636719
115.627930
444.060547
775.546875
555.503906
-286.719727
-802.959473
-108.425537
1076.053711
271.828613
1426.043945
2074.044434
4.755371
-1323.236816
-163.100586
-166.129883
-278.521973
563.770508
600.878418
326.475464
-1426.480469
-3644.143799
-3673.244629
-1538.640869
501.260742
797.598816
1786.828125
1175.288330
328.331299
-317.954102
-678.618652
-1922.288330
-883.319092
-180.697266
233.914062
-997.405273
171.298615
4870.035156
7211.090332
2350.002441
-653.313599
619.361816
552.117065
756.815430
461.577637
-34.985840
-1052.409790
859.214355
771.279297
740.959961
97.038940
-932.027100
-450.041504
1427.139893
1003.810059
20.248535
724.243042
3069.778320
3970.992432
1528.952637
1393.691406
1.739258
-521.946289
848.271973
-55.601807
1301.184570
850.478027
-570.847656
1946.552734
-713.829102
-456.396240
-490.880371
-865.804199
-276.685547
857.354675
1035.192871
820.296509
614.009277
373.062500
239.812744
-65.959961
-710.459961
-246.159180
285.333252
66.836914
1364.442383
804.130127
-709.302612
-673.203857
163.251465
132.504395
-1331.909302
-746.552979
-932.836182
105.666016
-784.705566
-379.225342
218.566406
-147.469727
151.114502
429.383301
1325.749023
1343.955078
-553.209229
15.972900
1501.559570
1020.475403
-24.871338
-1606.856201
-198.378418
1098.905762
-503.245117
-661.388672
-660.338867
1219.931641
1456.884888
312.373657
-2723.337402
-3416.276367
-154.845215
-45.478027
1207.785156
1250.330078
-698.304688
473.265381
708.691040
-1047.748535
-117.345215
-358.411621
-5759.068359
-5343.870605
-407.985352
1665.622559
1354.869385
475.727051
-92.578125
-2596.541016
-2471.414307
-179.988892
-751.085327
8.448730
1252.395508
-520.833984
-847.846191
207.526855
-509.633789
2989.257812
2307.279053
956.787354
-203.231201
-1701.918701
-126.335571
563.620850
-915.854980
298.852539
1281.080566
644.026367
-487.683105
-2419.589844
-299.131348
386.491821
-80.980469
-1464.238037
-2880.585938
-2523.498535
-935.571289
-239.994232
-296.327759
43.140137
-1075.519043
144.163086
-14.861572
317.556702
290.504883
-122.712402
564.836426
3724.155273
2711.736328
-44.492065
-3618.482910
-5231.639648
-1394.786865
168.651978
-345.441406
535.555664
210.009277
2506.649902
2342.787109
450.110840
490.495361
-631.495361
-151.288330
110.599976
-1108.975342
-891.122070
-446.706543
-259.541992
342.957031
400.648682
-26.798843
-371.493042
1903.550293
4360.439453
2696.012207
61.755859
-825.456543
-357.322266
1111.554688
-32.606201
-1355.613403
-860.053223
-1213.368408
343.621826
811.654358
-1247.265137
-1075.857788
291.581146
1702.708496
1569.963135
-674.432983
1400.067871
1101.052734
2103.162109
4543.451172
2458.465820
1195.339355
-125.005371
-1558.330322
129.558594
-316.919922
-701.874512
503.257202
-65.617676
-675.625244
231.114258
691.175781
-276.041992
-253.656250
134.956543
-233.101562
-255.840332
78.083984
-696.666138
-889.770264
222.585449
-802.951660
-1150.718018
1806.804199
3596.428711
4123.531250
2769.754883
359.789917
76.075684
372.516113
-319.495605
-153.281738
-181.971436
19.148193
354.060547
2878.757812
3253.939453
932.550781
1835.798828
-1513.745117
-700.395508
577.293213
-108.215698
432.705566
534.760742
462.735840
-5498.157715
-4693.857910
664.364868
-810.369507
399.839844
890.550781
-1014.104492
-6656.436035
-3588.679688
-1222.998047
819.221191
-1014.630981
-2619.563477
-1815.684570
67.921387
-504.506836
-980.695801
489.207397
1100.753906
1361.463867
806.414062
409.605225
-637.277832
1227.596069
1229.480957
1160.955078
-4381.329102
-894.551758
1016.620605
259.852051
-190.381165
1853.520020
328.826172
1718.907715
1309.298096
775.611816
378.035156
-66.326660
-519.846802
-1364.214966
-22.475220
1273.287109
777.588013
363.597168
228.656738
-165.524414
-105.881836
1061.554688
906.534180
2806.541504
1043.963867
-274.389160
275.055908
-773.736938
2019.381348
1431.396606
437.827271
689.018677
886.038574
-44.456055
767.652344
-623.593018
-3906.207520
-4060.770508
132.711914
1236.411377
161.475464
269.173340
109.888672
-178.337891
-153.076660
-610.276367
-2219.979492
-301.168945
-332.371582
-1071.857788
-1393.114258
1491.395020
917.764648
-680.249023
1061.531738
-277.864258
45.716797
-129.480957
-227.130371
-527.339844
-19.740234
-1452.468750
-3835.497070
-974.224670
579.838867
1889.109375
2769.149170
-51.119446
-1708.914551
-1237.921265
-836.423828
-722.570679
-286.922119
-138.088867
-458.556641
358.921387
966.667969
853.823730
660.119629
64.588867
-550.369141
-1119.068604
-607.390625
-301.309082
-213.962402
-148.045410
-561.104248
-459.570557
-1085.014648
-219.427246
-296.307129
-254.471191
513.475464
386.780762
-136.372559
734.770020
-537.106689
-1198.871460
554.492432
1655.112061
82.197754
601.642334
1795.811523
616.492676
318.305176
1926.188110
1433.189453
806.126831
10.507324
-225.546875
384.110840
-585.029175
-89.590698
52.233643
-965.624573
-587.270264
285.257324
736.493530
1285.401001
904.672852
997.309082
1389.082642
143.074951
-275.661865
1249.096680
675.244141
473.014648
-1591.901367
-1443.752441
169.234009
1066.301758
3422.343750
4683.223633
3709.412109
2466.631836
254.723633
56.620972
497.571289
-175.051758
507.130859
2361.421875
-127.042969
101.650391
950.734985
-1226.907593
4215.721191
5717.416992
1074.918945
-280.100220
-1234.826904
-753.287354
-798.551270
-1379.408569
478.888977
-2623.014160
-3944.147461
-597.445312
-373.989746
1138.710938
1379.399414
600.922852
-1030.152832
-182.257446
-912.426514
-4073.420898
-4842.964844
-1414.874023
-503.188965
-204.240234
-728.729370
1094.149902
1119.369385
-444.441406
610.599609
-157.358398
-1144.223145
-427.887695
953.279785
1162.926758
773.907227
386.012695
1051.393555
633.686279
-481.288574
179.089111
128.231445
830.121094
-530.059570
506.616211
905.250000
2913.693359
394.103760
-864.237305
352.981934
-247.578125
737.923096
862.562378
127.564453
609.826660
-1173.345215
-704.425293
153.374512
-840.733398
-648.420410
-1448.159180
-1511.619385
464.537598
731.653809
996.063599
1014.447998
286.983398
492.453613
-878.389404
-648.951721
-835.188232
-66.458252
-484.574707
-603.304932
150.993286
-418.866699
3256.593262
5573.191406
1450.263184
-1879.668457
-96.696777
507.570312
992.709473
485.400391
-2111.209473
-6657.770508
-3255.157715
-237.784180
296.809875
728.609619
-949.859375
-2743.910156
-1639.648682
37.239258
-1168.010254
-1263.249268
-539.129883
-478.507812
1775.731445
-2273.132812
1671.291992
3027.473633
3605.885254
1728.450928
188.279053
202.645508
-308.136719
-610.587402
-461.396973
-591.661621
-466.469727
676.192871
-69.533936
-729.286804
236.797119
1149.923096
889.246582
552.455078
594.414795
-880.933105
-107.967285
710.280029
1226.557739
-392.347046
-1114.043457
-410.886597
-1224.592773
-556.879395
453.502686
-349.370605
954.928223
1728.182617
-556.250366
-947.908447
-2621.331055
-2057.994141
1766.966797
2109.403809
1543.282227
-527.202148
430.152100
333.745483
606.116211
1072.461304
199.040039
732.962891
-330.230469
509.865967
3377.470703
690.813477
-1238.600586
-697.697754
-183.184082
821.667969
158.193848
1123.506836
1219.774414
-205.292603
801.793945
-867.055664
-845.381836
641.339600
292.077087
-277.928101
-262.604614
-635.755371
-231.057617
-5.720215
-156.942566
-254.860840
-1095.715820
-271.196777
-754.995117
51.279663
1031.217529
903.679199
63.998901
-1575.647949
1068.998535
2734.823730
326.846436
154.922363
1431.902588
1359.660400
822.371094
758.757324
844.942871
67.116211
-463.654785
-301.241699
211.334961
944.196289
1568.311523
3745.047852
4601.943359
2152.724365
607.270996
1419.550537
2341.398926
1124.312012
830.479980
-2587.285156
-5656.613281
-828.566406
1466.867432
777.102783
674.183350
-257.454834
-577.000183
91.118652
845.645508
98.390625
344.114746
1218.981445
859.806885
-62.392090
-133.895996
340.725342
805.685242
-843.284912
-518.718018
279.112549
-762.697510
-333.008301
367.624023
741.543945
-523.092285
-3321.813232
-1036.243652
2515.586914
4026.374512
2629.818848
-1428.562988
-3518.317383
-1266.317627
159.839966
1281.539795
890.624512
-1017.633301
387.422485
1787.193848
998.625000
-210.524536
-80.548340
749.816406
427.363281
-28.824951
256.036987
-20.375000
-648.929199
548.209473
728.900391
178.194824
431.649414
-1133.699219
-557.358887
763.359375
636.875977
2481.300781
1683.352051
5337.593262
3629.853271
1261.614502
-763.750183
-534.245300
-257.297852
-256.055420
-99.496948
-435.601929
-1042.495605
-1285.033691
-1193.666138
343.467041
-70.920898
-982.521973
-804.260315
-593.678711
128.197754
-218.279297
-873.502197
-361.139648
-921.022217
-187.684570
391.769531
-362.872559
-449.572754
284.916016
2478.582031
-893.853760
-910.752930
-809.371826
-948.151367
-1893.096680
-424.791992
-204.984863
-762.204102
-587.566406
-1784.291260
434.122528
867.553345
544.644287
932.939941
-515.017822
4.706299
28.246582
-70.407227
235.045410
225.068848
-240.445618
-411.566895
-1643.999756
-244.460938
174.726562
-1213.491211
-1023.229980
444.355103
900.436768
183.351074
-843.223145
-560.305664
81.679321
216.236816
-454.663086
12.603516
364.437988
62.739258
346.897461
1277.293945
708.315430
694.986206
694.744507
353.267090
-183.303711
-1225.995605
-1512.099609
1968.650879
1914.817383
393.858398
636.784851
1003.827881
-348.060791
171.845703
1621.886719
-444.140137
346.220215
-1684.128906
-1341.641602
613.667480
779.690430
-478.841797
-412.304688
852.606445
1193.903320
-555.825684
-2025.156738
-746.629150
442.791260
699.477539
1063.516113
1136.618896
337.666016
-1116.130493
909.451477
875.367188
470.723389
904.659851
-467.924805
-899.568726
-311.025391
147.320312
203.827148
-652.379150
-91.177917
208.084961
-45.617676
-192.044434
-213.820190
-342.194824
1092.407227
35.452148
43.139160
1542.487549
637.853088
1067.323486
103.179932
-549.966797
825.836426
901.133301
220.763916
375.906738
542.729004
279.430176
1073.379395
851.407227
-540.481934
-229.839355
1517.727539
1883.926758
3495.092529
3545.441895
1533.144043
-395.699646
-753.323730
41.394043
-556.637207
-1554.302002
46.028320
698.689941
-379.247559
-699.180908
-918.482178
-563.702637
273.884277
260.167480
363.088379
-710.588379
-1191.204102
-1374.076904
-400.307861
190.017578
-755.079468
-259.695618
257.286621
-32.149139
369.032104
1225.933960
1445.434814
926.685791
-461.543701
143.715820
-60.309570
691.864746
1531.880249
1503.740234
966.445190
121.235840
-158.195312
-1025.046387
-1718.762695
-3430.476318
-4048.859863
-1284.320312
645.105591
-322.986328
1505.824219
574.047852
-365.261230
-220.804932
-961.489014
-507.635010
534.357178
837.174194
149.306213
-722.755615
2134.511230
4194.998047
0.569092
-772.577515
1520.102051
1021.206299
322.929199
399.377930
445.198608
213.199463
-716.462402
-421.111908
537.848633
1858.306641
3267.613281
3833.837891
1220.161377
-880.400635
89.587891
719.818115
812.653687
783.007385
1189.645630
421.768066
-2462.524414
-2951.287109
-1562.200928
-587.277954
38.525146
-587.710449
-189.516357
2057.091797
1196.738281
1022.306641
-285.566406
-138.768799
-1606.600952
-2735.142334
-682.308350
2433.939209
6588.750488
3369.929443
-396.181641
450.003601
-201.552246
633.749023
1777.772705
1237.773438
1703.606445
1879.620117
-232.397705
-1212.332031
6.313721
267.112305
-1231.504883
108.919434
2170.874512
731.498047
-133.470947
222.649414
-97.675781
-199.854584
-712.712891
-864.548828
835.360840
-164.212708
-337.201904
496.284180
1481.473267
-356.079346
238.341919
53.418335
-176.997803
906.024902
229.593262
1709.594727
6626.485352
1587.553101
-362.749878
212.373413
-237.476562
1304.808105
362.583862
-306.744141
-51.669922
-732.882812
-925.841797
-628.617188
278.951904
862.411621
969.420410
-1626.519165
-1680.468506
525.132568
299.581543
-891.148071
-1354.293457
-1417.025879
-876.510742
607.036621
762.342041
-699.142151
-253.230225
226.586914
-234.847168
854.734375
2617.996094
2023.700195
-110.782959
314.951599
153.577881
-1003.711914
417.748535
-1104.964844
-3093.529297
-783.258301
558.212158
-789.739929
-179.245605
-420.474609
-998.895264
1010.485352
1456.693115
-98.138428
510.589355
1285.980469
933.001221
523.261719
-596.226562
-1040.148926
84.590820
-176.341583
-162.356445
-221.173828
-263.018555
416.169312
979.771240
4388.805664
3538.960449
332.336731
-530.551025
8.034424
-13.791443
46.340332
-3773.475098
-6344.583984
-3451.742676
22.188477
705.136230
-107.792969
390.085938
1416.750732
1164.005005
-104.685303
-325.183594
849.283203
1829.301270
2172.295898
1819.041382
1007.354248
-793.962646
-1141.503052
-584.356445
-1045.979370
226.370605
571.886780
-341.754395
457.180664
-189.062012
129.542725
348.850098
-1058.986328
577.747070
650.382812
263.769531
150.172607
-847.819031
365.231201
-1946.091187
-5068.001953
-43.637207
1439.646973
269.003174
230.831055
-479.946777
-877.225586
213.256592
-477.704590
-747.254395
-925.724365
-2171.360107
-683.498535
804.743652
-368.918457
183.423828
-45.083130
-558.807861
-664.059326
-944.681274
192.937500
951.566406
722.791260
-192.000977
566.577148
720.938965
-314.789062
-591.000000
1094.471680
-1307.527344
124.080200
2924.753906
2299.467773
3046.335938
1896.471680
1830.619141
-32.642090
685.763428
804.866699
596.482178
-160.049072
-1046.935547
127.061523
-1480.663574
1284.004883
3936.671387
1915.540527
-25.458618
223.549316
-2555.516113
-1228.090820
3076.561523
2222.143066
482.466309
-2227.687500
-2749.306152
-82.466187
1411.886719
4147.198730
1811.991699
432.143066
35.771729
-120.570801
-26.831116
1205.237793
-1494.663818
112.142166
1131.548950
798.644409
980.189453
1496.755859
-826.546875
-683.695801
552.456543
-221.438660
-556.229980
-931.898926
-768.617676
-1420.939941
-1061.134644
-545.022827
78.441406
-145.430176
-700.534668
-28.030273
473.175232
726.974365
315.933105
1020.327271
574.839355
29.166016
-339.212158
-2498.330811
-1890.290039
-228.875000
-973.741028
-589.223145
166.880859
-1974.458008
-5601.302734
-3020.307129
-30.946411
297.108459
-51.307129
809.690918
-482.126770
-696.250000
627.208008
518.427246
509.057617
-1738.768921
-4439.771973
-1098.556641
-735.762939
-87.158203
2308.575195
-1998.475098
531.384277
123.209473
-178.408447
525.650879
12.269043
1588.520508
1826.862793
779.548828
86.008301
-506.560059
103.489746
-621.538818
-731.233887
95.749023
-2050.939453
-795.091553
722.767090
-708.199219
1001.148315
2700.908691
-703.064697
-410.838867
-37.344727
2488.972656
2302.008301
1536.953735
-242.707520
-706.372559
-707.305664
-1158.732910
17.883301
242.765625
-848.737305
1300.846680
2560.734863
-59.459473
297.165283
-50.590088
1146.852295
919.333130
-61.189453
-915.636719
-320.499512
509.089966
321.128662
-958.612305
-50.473633
663.534668
-1545.606934
-1406.581055
1756.603027
1245.893555
1286.751709
89.607422
-531.333740
1086.207031
3124.786133
1773.252197
-1208.923828
-2193.903320
-1253.055664
1053.522949
3398.077637
2501.446777
2603.444336
2338.081055
-302.628906
-509.951111
-1202.766602
491.236084
-64.772217
-2691.426758
-2381.857910
-1712.726074
-1781.754395
601.217773
-1302.482178
-850.880371
-345.916992
-1482.747681
-488.816162
262.340820
187.687012
1026.117676
1790.609375
1425.062744
523.351074
521.162598
539.142090
293.976074
757.523438
453.475464
-627.401855
-1664.001953
-2579.386719
-1903.883789
-794.833496
-155.785156
663.009766
221.653809
453.568634
630.047607
826.742676
809.996582
443.621582
94.176758
370.362305
1244.708496
447.057617
331.838867
-1223.092285
-16.564941
429.734375
990.010742
-229.094727
-2463.499512
-2126.837891
470.640137
2274.205566
2784.437012
440.530762
-1123.920410
-205.903320
-915.736816
1315.832031
1431.352539
1504.144043
1308.515991
538.747070
987.050781
143.062012
-1063.175293
1995.819214
207.460205
-39.061035
-1125.475098
-1423.175903
2779.276367
2021.145508
-165.969727
943.933594
662.805176
-567.504883
137.600098
439.145264
27.169922
1915.532837
-377.555664
-2265.290527
-618.289062
130.297607
-587.403320
-745.740234
516.501465
916.983276
574.173340
1076.529297
1090.529541
393.261719
761.300537
-297.516846
666.784668
-202.621094
-1044.921387
85.204590
654.987305
-701.644043
1416.140625
672.963379
1153.191650
1074.603516
1862.632812
-198.416016
555.401855
1063.109863
1269.469849
427.032227
38.367676
-1515.759033
-869.770020
479.724121
1697.587646
1446.221924
93.837891
-38.121094
1385.041992
1216.049805
167.251953
-713.645996
-1326.919189
-656.356201
-183.267578
-895.625244
-363.010498
-617.320557
-734.556152
-211.477539
-459.691895
377.609009
1432.387817
1378.222656
1170.223633
-243.756653
-1004.885864
-885.219482
-848.504883
-558.315918
-388.799316
288.062988
109.739502
-104.486877
726.492859
1019.952454
-74.813110
-496.165771
507.992676
-237.537598
-1808.108398
-362.151123
948.296875
792.038574
239.653503
1001.457764
-584.201172
1324.923828
3873.709961
567.669312
-702.970703
283.572021
-1145.051758
-686.168457
-781.307434
-2388.249268
-711.632690
849.029053
-37.156738
-1118.865601
156.190918
209.870605
52.268311
3920.643555
1496.368164
-399.185669
-996.428711
-1082.298828
-1008.491211
419.064453
644.731445
-155.567627
-1328.892334
80.615723
701.579346
-741.317993
522.804199
142.553711
392.793457
2165.604492
3752.585938
267.375000
-1633.859619
758.830566
-455.669617
-887.078003
61.228027
852.134766
41.680176
-182.495850
598.241211
-1102.837646
-478.517700
591.402344
-434.060547
-1761.066162
-1600.819336
-923.052612
-1058.856445
-501.164062
-2546.607910
-1442.586426
1498.298828
176.146057
46.278320
352.760254
59.875000
-807.701904
-662.969604
469.274536
1411.608643
-522.910156
480.391113
101.243164
-1175.228027
1137.812988
1400.109375
510.689941
657.837158
-308.401367
-257.131104
-119.322754
-292.337891
1913.954102
1991.643555
1344.789307
1493.718750
1376.923828
902.592773
-751.625000
428.217773
976.616821
20.808105
257.799316
-1022.494629
-1415.107422
640.267334
1841.556274
2023.593262
-497.930664
450.334473
-1289.701782
-1159.289551
-390.720215
-38.882324
-1059.370361
-345.632202
-1771.524414
210.582520
1147.679688
545.217773
-638.098389
771.824219
786.539062
158.577148
1428.355469
437.167480
1618.948242
1962.324219
445.891602
-331.524536
-1056.639648
787.233398
523.655273
-813.524536
233.396729
-375.524536
-695.524536
459.456787
42.973633
357.892090
150.555908
-785.938965
-40.695312
-600.513916
-897.341797
-601.165527
-574.349609
417.931641
-202.265625
60.908203
1562.422852
596.321777
1292.827637
95.561768
1300.312744
-8.060059
81.178223
3086.513184
1530.343750
456.574707
-2378.862305
-2089.576416
-19.841064
-88.933105
-2377.692871
531.321777
2925.473145
1238.295898
478.142151
-335.167969
-1439.802246
378.960938
720.098145
522.142151
631.504211
380.895996
2201.007324
-238.064453
-677.409668
-929.369751
-265.524536
-772.448792
1048.504150
325.934814
-3436.445312
-3697.228027
-1444.933350
-5.594238
-199.631348
1225.131348
1126.406738
856.280579
-266.192383
414.695312
247.084229
-1366.478760
-583.561768
181.167725
-198.945801
-859.410767
-158.072388
1202.874268
-183.414551
-560.560547
392.889160
-373.234375
-70.548584
106.420166
-109.237984
847.393066
-117.873291
-382.446533
503.058838
220.666565
3577.291748
5973.849609
2397.851562
514.306152
-534.841309
-295.355499
24.060547
-73.126953
430.062988
781.263672
1444.700195
1447.036133
2911.690186
2914.823242
614.841309
-962.968506
-88.122559
-1224.592773
-1234.516846
-939.845215
-4466.411133
-5510.093262
-4102.512695
-2413.702637
287.292694
1582.088867
2791.044922
3762.523438
1080.822266
2725.824219
3.791992
313.321655
428.696289
785.625977
1075.777344
-742.571533
-320.835052
703.315918
-681.189697
-32.455566
-192.141846
284.910156
639.920898
-92.029297
516.267578
52.016113
335.163452
1897.142212
-2941.032471
-2813.132080
437.513123
965.142151
1989.699951
1366.026855
-335.450439
37.475464
-372.910156
-493.363770
454.800781
231.486572
204.425537
389.311035
194.970703
-439.708008
241.402344
-358.551422
418.986328
-583.769775
568.377441
527.870117
-441.705078
1664.517578
2027.682617
2014.768555
119.354248
-1008.155762
-519.550781
1166.945068
3323.244629
337.938477
1385.056396
539.107422
1033.035156
677.798096
563.791138
-232.435791
-681.271301
-295.741333
-343.923767
1191.392578
442.895020
-1458.431152
-1823.220459
-1634.831421
-835.708008
-37.495117
-1257.094727
-809.588867
814.718323
-1.889648
-1332.496948
-580.770752
-241.376465
-29.122314
865.970215
786.542969
-1804.042725
-441.769531
149.368408
-828.853027
-949.019043
153.584473
511.351074
600.360168
313.087891
-206.652832
320.654053
392.964844
-309.788086
334.504639
1361.482422
97.173828
591.557800
915.222656
2169.084961
64.472328
-301.977539
-3613.720703
-4432.354004
-970.966553
2828.772949
8028.351074
9667.398438
2810.888916
286.399902
48.061035
-1654.161133
-1597.947998
-2556.898926
-3320.759033
-334.107300
927.150757
4186.059570
7324.839844
1939.617188
238.769791
-414.863525
-1570.956055
782.513672
1331.612305
-220.946289
-98.620850
313.998779
1238.714233
1155.103271
423.468689
-671.534180
-1527.122803
545.235352
341.553467
-941.051575
-243.799805
978.945312
-118.206543
-1229.413696
-961.247314
-985.682861
-218.301270
-250.466553
-620.502930
-934.802246
197.241943
89.529175
-1552.100586
-43.087891
2952.742188
993.530273
596.098145
31.401367
1856.457520
1349.230469
1911.918945
241.396484
-645.902588
-351.524536
239.873413
-272.512451
-751.780273
-1351.125488
-304.916992
174.014160
1108.299072
296.409454
-419.700195
-1785.226074
-1149.850098
-527.695801
-465.088867
-1438.440552
4.868652
309.123169
-1340.881714
-85.435547
-106.455566
-1218.451172
-215.571594
563.020020
551.739746
575.757324
-901.255371
-2065.663330
-1034.524536
-1173.941162
868.605957
597.899902
-1448.145508
230.801270
471.233398
4.241699
996.100098
-248.835205
-810.972168
-19.560547
165.811523
-751.446777
-970.150391
233.546509
617.472168
-353.971191
-625.167480
162.127686
-583.681641
-656.950195
852.430664
1214.740723
2737.505615
3110.177246
156.522949
-546.092773
-3572.452148
-2852.676758
-1824.335938
269.885254
-363.241821
-326.291016
-215.404785
-618.316162
576.273926
2881.588867
3754.155518
1025.833984
270.007324
-280.629578
-440.767334
326.574707
404.769287
-316.728516
229.158691
914.759277
609.221680
-204.866211
-359.672852
-1415.678223
-3583.052490
-2808.051758
-706.562500
119.918945
1378.918945
12.462524
355.098633
479.837891
-293.841309
-1790.801270
-853.800659
1073.712891
833.594727
1740.526367
1047.144531
263.725098
-314.591797
716.419434
-1460.092773
315.660156
469.983398
-295.937683
1017.375610
1180.504150
1206.930786
399.800537
-350.281250
66.030609
-119.641602
591.666016
369.535156
862.704956
381.560059
283.359863
131.461426
118.406738
1176.391357
1332.927246
47.465088
-602.592041
-2424.066406
644.130371
1172.155273
-436.588501
-6.862793
378.604980
-1305.865234
-756.008789
832.148438
383.142151
45.509705
-192.154785
633.775391
59.147949
-1000.742188
1011.821289
1162.620117
-1090.585449
-1043.316895
292.128418
-1171.294189
493.408691
1394.838501
354.510834
-1174.858032
391.734619
77.683716
-159.622681
1823.411621
2342.609375
714.098633
-473.684326
-3078.850830
-2497.390625
348.809204
-1155.759399
-1210.718262
115.886719
795.201172
-798.770508
516.251343
741.071594
960.273926
-337.328125
-353.804565
153.897461
-554.492676
75.459473
229.775635
2500.792969
3314.142090
1162.933105
-1378.204102
-3610.933594
-901.010254
1457.613281
2878.350586
1017.365234
16.885742
261.542480
-637.247375
-1249.384766
280.679443
820.452148
863.183594
1503.597656
1241.734863
470.016602
434.565918
-333.256836
-646.833008
-979.575195
1446.901367
2312.472168
1039.747070
-225.300537
-61.138184
410.680420
1182.131104
397.113403
1260.426025
-408.168701
-2423.906250
-1693.475098
-655.415588
-272.825684
-1293.934570
-2171.924805
752.878418
-637.259644
-92.455811
-884.814453
-304.346191
-516.413879
-1924.496582
1101.845703
1479.049805
-35.522949
-1018.325684
5.997559
85.760010
-358.529297
7.301758
1421.410645
688.073975
1591.099365
2488.028564
331.564941
-146.589355
-804.523438
-2619.770508
-748.290527
933.644531
5184.272461
3971.076660
564.934570
-450.798340
-1967.047363
329.046875
4319.827148
4998.048828
917.939941
-2723.375977
-3994.868652
-1278.722656
1184.291992
2490.623291
1345.151855
1366.587280
1432.342773
983.815430
-223.960449
-1258.214111
-1032.566406
1013.708862
921.724487
-120.742950
-470.206543
-1829.638672
411.800781
1520.475464
328.930908
-238.313965
313.778809
207.422852
-485.594238
871.744141
336.877197
-997.533081
-1899.277222
-493.396240
1394.840820
90.268555
-7.047363
-245.614746
-14.985840
-596.332275
-121.857422
-594.002930
-794.952148
450.310547
29.678223
-1304.082275
-1307.157959
70.268311
288.794189
1190.319824
23.784180
-220.998535
-757.026001
-590.211914
-470.100098
-2735.083496
-1597.967773
772.817871
63.084473
429.919434
-1330.083984
-4339.748535
-3049.195068
-188.834229
653.960938
201.000977
637.400391
613.696289
-543.726685
-1162.952393
787.726196
-861.286560
-4330.454590
-3010.977295
-237.036133
1496.359253
803.749329
-220.071045
76.804199
-64.444336
343.995361
404.829590
1931.002441
236.121216
581.033203
181.559570
212.576660
-1353.643311
-1843.537964
493.500977
888.263672
-1174.953735
438.987061
1763.382324
-565.149292
-326.968506
171.130859
-530.914307
1403.871582
1938.605469
-142.668945
244.350922
483.021973
714.802246
2290.257324
4434.187988
2437.932617
2842.775391
1448.970703
-194.629883
-1661.930176
-7696.785645
-9740.288086
-3606.318115
748.656250
934.546631
3810.855469
834.886475
-571.428711
164.206299
455.934570
-681.584961
2749.955078
840.693359
-1596.226562
-2683.964355
-1256.429443
330.440430
879.674805
207.281250
619.032227
939.087402
-262.092773
-1096.450684
-1131.430298
-1071.028809
-152.701904
2029.544189
5280.937012
5179.365234
2514.959961
1291.981934
-458.179199
-1141.443359
-1027.894531
-602.072266
-434.734375
-1504.354248
-1132.781738
-1680.711426
-1906.458984
-629.758789
-363.886230
-921.857849
989.708801
-2883.740479
-3767.652832
1040.877197
959.669189
328.355469
-173.715576
-513.947266
896.698486
1428.475464
89.478027
-415.615967
-578.203247
-306.069336
-625.427002
1331.018066
-473.639648
525.099609
937.233398
-1025.937256
1118.131836
1109.552734
73.728027
90.120850
454.086426
-449.828369
-625.054688
100.615723
-537.928223
-205.222778
669.337646
48.895020
189.782715
1105.651245
1672.142212
-323.552246
-3061.818359
-5142.505859
-6339.085449
-3726.913330
-682.269531
-6.561523
-92.112549
-161.566406
1020.704102
283.177002
-344.630859
1534.978027
2437.251953
-420.315918
-1300.168701
-533.594727
-336.739258
207.212219
527.522461
-1027.442383
-632.819336
-254.955566
1175.097656
999.632812
764.202148
266.031738
-367.931641
-1290.838623
297.164795
1756.806885
750.388916
150.802734
630.601318
622.659668
-141.734863
1153.387695
1472.552734
-1033.242676
-1435.074463
485.546387
37.131348
-541.501587
-740.518188
-804.235718
268.807617
71.949707
-761.187012
-259.857788
1263.079224
358.639648
0.915039
0.412598
-1711.636719
742.170532
1008.016846
-1406.478394
105.475464
382.258057
762.182861
2426.516113
1824.536133
2586.751465
2132.572754
1202.583984
-236.105957
-921.074463
-928.475464
-149.921387
545.250977
-403.079834
-1563.203125
-1275.064087
70.975586
1070.599121
268.882324
-940.951660
608.143066
-449.143066
757.688049
-666.188477
-12.904297
123.407715
1083.484131
1642.981934
841.325195
-116.593750
78.331299
1040.312012
1011.158203
912.728027
-945.335938
238.024536
1479.363770
283.068359
156.549805
-796.174561
-1430.680664
-252.574219
546.757812
272.424805
-220.586670
-1391.357422
-533.195801
-1354.340820
-990.930664
138.624268
755.294922
619.347656
881.845459
-154.381104
-520.693359
462.835449
456.879150
782.497437
976.478027
281.197266
-371.258789
639.986328
-428.429688
-524.175293
25.065918
-400.649902
-638.385742
293.213379
-121.278320
-604.329590
-1189.298462
-246.731445
1387.821777
1263.856689
-404.957764
-812.147217
-189.296631
1050.142334
2783.151367
416.475586
863.791504
-885.680054
-695.519531
-1078.225098
-1759.150879
-860.555176
179.709473
-330.671875
-1136.569580
-1028.786011
102.155029
714.466309
-569.750244
495.408691
1353.875000
-1.082520
-969.306885
333.121094
-181.012207
322.475464
1119.159424
-114.571655
-349.029327
839.715332
224.573242
-442.830322
1430.554688
-64.808594
145.425781
312.000488
-1496.916016
-781.958496
187.867188
-435.948730
391.504395
-301.846436
-577.475098
-800.398926
-1072.051636
-6.181641
-291.891602
-1676.356323
-2130.289551
-1626.871094
-26.222656
997.511719
919.871094
1199.801758
-93.114258
173.148926
214.545898
-456.020508
-796.960571
320.818359
258.217285
-1198.068359
-666.919922
170.790771
-860.352295
-1363.124268
-145.965088
18.804443
-143.935059
633.593018
258.889282
-729.441895
728.837891
-196.218750
181.411133
495.213867
2017.289795
-1103.531860
-955.195557
-507.680298
250.804688
1240.362671
70.713257
-813.739990
1976.740723
2009.879883
1168.670898
2248.031738
29.699524
-497.304810
102.479980
-2336.331543
-970.409668
352.258789
-313.562012
-583.609375
-248.759766
358.798828
-244.989075
476.815430
2445.782227
946.893555
206.673096
-3550.774902
-5457.881836
-820.193359
310.050293
252.076660
587.227783
-24.890137
240.502686
421.434326
985.379028
571.759277
-295.271973
725.528809
1322.132446
-217.851685
-679.253906
-600.314941
-1826.838379
-475.528564
-82.076660
249.972321
-33.248047
-532.882812
-597.607910
736.885254
3002.990723
3424.680664
700.907471
-1327.328979
72.560364
417.270020
271.621094
-1559.206177
-5523.333984
-3018.028809
1959.459961
1944.142090
1173.853516
-717.623047
-1041.735840
813.012573
2527.475586
2959.796143
-262.832031
-530.125000
475.254639
178.800781
-134.593262
-524.107178
-298.762207
607.180176
94.250000
365.423340
384.980469
-695.524658
-1511.875244
-360.915039
-217.104004
351.053711
-475.906738
344.939087
-198.944336
1459.220703
2395.671875
305.542358
-938.693481
-58.785645
221.284668
-45.018555
422.679199
-1267.378784
-622.203125
-260.600586
392.264160
950.772217
1857.865234
2838.606445
275.038086
576.325195
-39.740540
771.982910
-664.001465
105.457642
1860.168213
-519.398438
-412.347168
-223.475098
268.294434
-926.612061
-1646.840454
-408.159668
181.259766
-261.639160
250.124023
-314.135254
-1040.100586
-50.940918
-91.368408
-151.961792
-829.454468
-924.827148
-886.067383
-1131.324219
-996.379395
727.821777
922.377441
-809.751953
-273.304688
2247.254883
2635.571777
1385.443970
-351.393433
598.523560
699.783203
41.652344
1026.474609
166.089691
-452.106201
-941.904297
-527.477051
2731.990723
1995.005615
3041.113525
-761.871094
-1455.558594
-1510.023926
261.688721
1350.194092
-96.575195
634.875488
1058.883789
-860.524536
-1837.697021
-380.608398
-321.666016
46.460693
-178.490585
289.305664
56.459473
629.842773
-526.524536
-968.768555
-352.287109
-809.359863
-1775.872559
-243.972168
-234.228027
-1403.573242
-627.358398
-136.737061
-600.909180
1456.805176
4127.045898
1846.611450
-471.019287
1090.374268
1300.388428
525.490967
-368.819824
-908.857849
18.936523
-1843.017578
-4142.118164
-3350.863037
-278.784180
203.242432
453.922272
1118.229614
-485.838135
-755.122559
519.111328
677.593750
-560.836182
-400.835083
-1249.861328
-2153.994141
129.263672
-60.875122
-1670.631592
18.427246
638.306030
-537.710083
533.487915
-318.400452
-2567.506104
-1404.691406
512.881348
1247.576172
-181.779297
-1654.410645
-240.468262
-467.375000
-2206.231689
-223.807129
-189.529297
1259.360352
-287.806641
-167.279541
-1298.400146
-1158.174927
61.707458
-238.720947
-418.283447
-649.667725
-1007.549194
361.568115
563.399902
-2368.541504
-3868.147949
-4493.534180
-1306.464600
1378.766235
2140.519043
3287.660156
4149.921875
181.026367
378.501953
-301.479492
-843.429199
353.006104
-4.455322
-560.889160
-68.285645
1013.069336
498.939941
-569.790527
70.759033
-454.454102
-1088.337158
120.261230
7.583740
-578.805664
-891.757812
-61.345581
816.278503
-311.044128
-1326.413940
-992.618164
685.810303
330.080719
39.364029
1158.758301
99.284180
-258.287109
291.529297
-714.829590
328.879395
3872.742188
6043.564941
1507.500000
-571.260986
-3.224609
740.774414
2549.888672
2929.664062
1489.752930
558.438721
781.173828
-121.135254
-1098.442383
-3203.328857
-3585.521484
-1400.318848
-399.475098
284.942139
583.197754
-393.345703
-670.126465
73.102051
1493.803711
5484.307617
6024.507812
2621.993164
563.459351
118.702148
126.895020
360.690430
-1128.581055
106.334961
533.566895
143.604370
314.566895
216.369141
-1289.996582
-74.609375
605.106934
-994.794250
-432.027344
306.765137
751.770996
-738.570557
-783.318848
672.969727
355.403320
342.416016
-1392.315918
-345.259033
1564.000244
-330.593750
299.301758
42.546875
121.576660
-556.300171
-232.551117
103.119629
1586.591797
788.351562
-732.363281
-1278.814941
-636.515625
-295.124512
482.208252
1564.008301
574.609375
170.734863
512.947754
1415.198486
698.349854
-113.003906
5311.190430
4889.661133
897.098633
12.369873
766.717896
786.654053
2969.579102
2223.363770
-1856.878418
-3892.586426
-1755.321777
569.007080
-444.105652
-791.076782
-246.514893
1110.345703
2188.872070
665.315002
-2245.531494
-4169.474121
-2999.984619
1057.632324
3367.292480
2469.011719
598.938721
-2976.757080
-4253.732422
-2642.497070
-118.440552
-375.447388
-2468.524414
-1430.961304
929.276367
963.576660
974.853516
1153.496094
133.302246
713.973267
514.003906
785.327148
1192.880859
736.649780
-55.332764
-701.645264
961.396240
856.913086
453.590088
822.860840
-133.623291
684.023438
1263.419922
180.319336
1631.415527
73.722412
-638.034790
-1332.945801
-151.118408
1904.906250
-497.601562
156.144531
-78.451904
-1125.561768
840.532227
1250.895508
-942.226562
-609.140625
586.676819
-245.639282
-1441.050415
1670.905273
2734.573242
1012.620117
-577.328064
-437.053467
-59.518555
543.581055
325.921143
267.555908
488.395508
1073.783203
788.767578
714.258057
710.607117
324.615234
-553.017090
1152.626343
1126.567017
1491.142212
1400.780029
248.494141
1553.103516
3061.318359
2945.238281
-2053.841797
-2710.973633
-1798.134766
-273.132812
-350.198242
338.734863
26.562531
-433.584473
-522.484863
-41.734863
808.160889
-1243.821289
334.384277
101.871582
801.888550
-30.199219
310.009766
401.008789
1438.690674
667.529785
632.440674
1140.601074
419.412109
1997.439453
-1149.655273
662.244141
-336.500000
662.969238
2108.118164
2217.138672
-1224.910645
-1912.960327
-1664.210205
-392.929199
-380.231445
-1966.934570
-2279.111328
-1207.263672
-539.299805
-697.783081
-632.826904
-3752.616943
-2862.225586
585.475464
-1076.906738
77.341019
-939.480957
-2356.342285
-420.516541
537.538086
922.062500
1139.441406
-553.412109
410.743408
576.550720
1619.440918
493.650391
-901.159180
-557.121460
-277.954102
672.145996
736.964233
-361.463867
-1001.138672
2495.328125
2531.043945
-867.060059
-639.156738
-680.217773
267.154297
-67.689941
826.077637
918.973633
409.499512
1190.326172
2900.257812
1464.837402
577.064331
-1126.854004
-186.524536
74.903320
643.302368
-1617.583252
-4377.682129
-1682.012817
682.456543
552.500488
-631.194580
-1035.842285
-1363.995117
590.730957
-1462.977905
-424.527832
-319.114746
127.309570
-667.881104
-928.804199
-122.268555
577.998047
-494.620117
402.734375
873.864502
3112.227783
577.549072
-653.771973
-77.866272
-1817.083008
-574.339722
-249.689209
-610.036133
-1782.493408
28.806396
272.618652
320.375977
1075.795532
56.935059
-232.996094
417.066406
2769.992188
74.359375
-1551.388672
-902.663574
644.717773
2767.998047
3030.085449
-122.875610
-828.525391
663.706299
-1068.149170
-885.860596
-1706.867432
-534.827271
485.455566
825.284180
1278.145508
117.504883
1599.513794
1731.901611
297.254883
1581.546875
1721.701660
-584.843750
660.088135
757.816895
-1041.420654
-541.377930
547.965942
68.715820
46.751465
-1114.301514
-709.639160
40.645020
-514.312988
-653.257324
-74.848145
410.173584
-3647.685059
-3251.386719
427.638184
3773.821289
3434.496094
2274.048828
-623.493408
391.193848
92.813965
-193.238892
-334.644287
-772.446289
-243.365234
62.823730
1447.404785
4026.372070
1904.177734
-26.885254
-405.751099
-359.877686
318.773071
1177.030151
-346.718262
-588.784180
408.256348
-296.998230
405.854492
636.591797
-1126.827148
-118.594238
-231.979462
2181.538330
2157.955078
-509.600098
443.531250
-1175.360107
-832.823608
785.305176
540.238281
1338.219482
789.276855
197.408203
962.461670
607.583984
528.531250
130.870117
-513.821045
-381.050781
452.636230
-88.276855
318.360840
786.475464
-1308.241211
-493.702148
504.678711
-48.092773
25.508301
1098.366333
1151.645508
666.493469
-295.992554
687.965576
-107.518799
-472.161499
3908.142090
5697.311523
1317.480103
-489.408203
198.341797
-802.754150
-1788.184692
-1498.622070
-328.243652
170.446777
1347.952637
1743.538086
2060.112305
-1054.045898
-999.423828
-361.176270
-595.081543
-618.162109
-44.950684
791.975098
1735.738281
1940.307129
-250.893311
-598.330322
-943.677246
-2585.476807
186.281982
565.570312
188.540527
738.778076
-2154.438721
-4922.835938
-2943.715332
-1297.270020
-1083.305664
2152.413086
2002.006470
584.493896
481.920898
565.790527
-782.543213
-980.952148
-628.409180
-390.901123
-1419.248779
-989.977051
-441.080811
-628.834229
-584.175415
534.328979
313.769531
997.295410
785.090881
612.371094
1304.187500
-329.567139
-534.776855
-3670.808594
-5577.505371
-2377.088379
102.745361
1916.605225
2171.946777
196.247070
-1747.479004
-721.770996
619.212891
-220.293701
136.046143
424.523926
-791.146973
-46.166016
763.967285
252.241577
-404.267334
264.344910
37.458496
643.879883
1002.128906
542.699463
504.584930
910.524109
845.509766
-221.069336
-181.093628
-1030.479492
155.421875
1366.475464
140.014404
-3063.601074
-2407.589600
378.094971
549.268555
-1365.867798
926.665771
-579.770508
-1459.100586
-121.233398
165.174805
884.796387
732.682129
204.483154
629.000366
-558.366272
-1280.648315
-1063.345215
-1085.511475
-814.579834
-800.399536
-1071.601685
-1066.361328
109.319336
583.351562
642.208252
1447.238525
494.991699
-100.822266
-681.405518
-854.037964
-140.802673
904.905029
557.234619
-1144.524536
-342.007324
2463.551025
2258.904541
-277.479492
-13.262817
1471.592773
2827.330078
4055.083984
5738.912598
4557.537109
-463.984375
-724.932129
-700.556885
-1023.825684
-553.047485
1346.892578
432.398438
467.771484
758.493042
-1309.027832
-1977.564453
-823.867249
-670.379883
-2735.830078
-855.623047
476.973877
-27.446533
-830.497070
1169.819702
497.355652
696.574829
2560.294678
1301.379395
-944.172119
-642.524536
444.219482
971.639160
-3050.445801
-5932.291992
-3492.611816
388.236084
1203.484375
1589.204590
449.705688
167.517578
-271.230957
372.788696
362.431152
-447.114746
224.377930
-140.582520
356.892822
1902.953125
408.970215
-603.731689
-713.583374
-2132.893555
-529.354980
1533.510620
1311.040527
535.169434
207.429810
772.755615
1186.782837
1177.460571
207.567383
-764.602905
43.162598
1308.675781
11.117920
-303.076660
347.102051
-313.138916
1434.143555
1356.128906
199.144531
753.281738
85.972168
-1709.999512
-1595.125977
382.212646
470.221680
1520.792969
39.677734
-554.151733
-1433.474121
-411.487305
1067.472656
274.454102
593.374756
918.367126
-410.845947
-717.297119
1196.944336
-668.620361
587.616821
624.219727
-484.896912
-643.753662
143.660522
2207.173340
455.458008
941.023438
41.462891
938.713867
-423.367188
-819.126953
-131.423828
-1309.027344
553.112305
-132.907715
458.426270
400.400879
-441.879639
-396.975403
-709.890259
389.287231
596.838867
1360.265137
564.215454
-210.673340
-985.899902
-4611.912598
-561.253296
813.666992
-896.975586
-279.538086
-37.165527
-122.857834
354.439453
911.366699
1144.920410
-73.890137
-0.085938
757.247559
685.088013
-81.270020
-725.315918
-1411.075928
-1875.212646
-1251.167969
-2986.416016
-5.886719
-1548.486328
916.473633
404.766113
-513.693115
-1405.804199
-3180.020996
265.460846
589.142151
1705.955322
3285.341553
1076.020020
-1112.817261
-211.982666
1222.685059
-2194.375000
-1063.604492
-753.716797
-472.926392
1176.475342
956.784668
290.488281
2300.153809
2538.517578
1728.508789
1290.018066
488.098022
-536.580078
-921.717285
-623.535156
-2166.854980
-1647.470703
-319.089355
-689.651855
-1170.857788
-1804.524414
-69.075195
607.319336
-488.208984
-5811.549316
-6522.793457
-3142.455566
483.079590
159.232910
-282.111816
-581.973633
-709.372070
134.592773
-2581.188965
-1344.012451
-831.301758
-28.713623
-401.468506
-589.757446
1150.612427
2031.669312
986.588623
1331.174805
1162.788086
3398.340820
531.025391
1681.338867
1819.378906
-95.343994
-999.476440
-549.821655
-1036.444336
-1128.134766
-238.526672
202.255005
1689.841553
1209.318848
1414.405273
2654.963867
1808.393555
758.224976
-1220.055176
-3515.130371
-2403.481689
-614.687500
-682.007568
-31.341797
448.935059
614.817627
239.347412
2604.584229
771.228760
615.070801
2121.590820
657.504883
617.603027
789.676270
-456.007324
-961.753479
-366.656250
-174.328125
250.597168
-1692.328125
453.746094
1235.794678
-1825.617188
-1423.249023
1229.203735
-448.998291
-851.524536
527.440430
-102.444336
109.331596
804.479187
-842.488281
-939.745117
198.759766
592.073730
-719.364258
-1871.386719
-3236.667969
-1684.945923
129.425781
306.940430
-537.996460
1279.359863
2792.223633
-637.679688
-646.563477
-2220.777344
-479.247559
167.101562
373.684448
-92.155273
-63.000977
-5.903442
-273.692139
1008.034180
-156.104980
-158.776367
3207.180664
1528.072754
590.106445
183.342285
769.008301
1346.422363
900.227051
-321.896606
-2165.573730
-925.712158
195.945557
23.398926
3276.890869
5744.639160
2184.036133
-387.526611
-670.142090
-1153.979980
1460.288940
1156.918945
-504.630859
1311.069336
767.043701
-911.405762
-49.106445
856.927246
-172.847046
2735.448242
-605.108887
310.412476
1065.323486
538.718201
-1481.656616
-466.158203
-376.882568
184.510422
725.790771
558.956543
571.973633
-488.929199
-3.766113
314.335571
-180.458008
-601.258789
-721.806885
-167.457031
-1039.632812
-1087.585938
538.149414
257.466797
-569.508789
-795.893555
887.377686
1561.489258
1489.077148
-69.004395
-1480.281738
-1834.197998
-924.551758
-158.684082
969.417969
758.247070
594.506836
1123.341064
1679.371094
1666.144531
1090.148438
3700.416016
2343.987305
-1778.799805
-1303.051758
-1357.653320
-772.762695
-1154.473633
-1133.493896
-2514.604492
-2767.029053
743.470703
-1318.343750
316.570801
985.217773
869.869629
-178.067383
-1384.562744
-1653.180908
445.184845
1152.859375
-2117.168945
633.209961
-5.670898
53.821777
-2113.930176
-1378.342651
639.445374
409.580566
-952.180908
447.024414
1565.475464
1385.166748
-2190.029053
-1764.613770
415.918945
-1640.524536
-581.820312
953.997070
1791.510742
3048.071289
-246.857834
-359.857849
-593.204956
4088.662598
737.996094
-605.828125
3112.911133
2147.148438
174.212280
-1857.688721
-1460.855469
960.520508
458.818359
356.228760
-592.363281
656.103027
713.621826
1203.787109
172.339355
-18.451599
-766.349609
1141.970703
2506.602295
-481.445557
-85.524521
1392.061035
784.851440
-729.617432
-1704.166992
-198.062378
954.889038
184.569336
1060.442139
434.053711
1072.254883
-295.150391
-2106.607910
-1343.747681
-155.903809
563.818115
1052.012329
-822.484375
-1699.553711
-1203.391724
-364.433594
1519.493164
2275.799316
778.097168
-502.112549
411.877563
-532.228271
-727.470703
463.785156
2427.446777
762.710449
99.192871
438.794037
1440.598145
980.937866
540.387939
1196.992188
794.959961
-403.405273
-655.236328
196.843018
72.353027
914.600952
979.951416
824.549316
256.864746
-339.529297
-199.829590
1005.857422
1035.624023
1490.698242
2322.533203
1886.472900
1085.590698
-560.222961
-1254.282959
-381.386719
-229.060303
32.890137
362.329224
-269.261841
-482.442383
-1165.098877
-604.973633
-929.511230
-3180.705811
-3562.486816
-846.676270
735.349976
3488.300781
3219.441406
-32.496948
-664.098633
-1217.034668
829.545898
7403.744629
9184.848633
3979.984863
-101.141602
-137.458496
1777.407227
612.496094
979.312500
463.767578
-440.495117
-2249.762207
-3774.768555
-714.178711
-4.552734
-800.281433
56.265137
488.634277
12.491943
1016.434448
1169.513428
-141.743652
-2818.104736
-2555.754395
-170.372070
-59.376709
-472.920410
-104.686523
-745.948059
-107.791992
-290.439941
-296.173218
-189.251221
614.620605
502.627686
-131.460815
376.894043
758.291504
-206.069336
-1115.727783
-846.864258
1659.719727
1328.114746
207.666016
1486.274658
751.282715
216.436523
1996.202637
4257.646973
1519.483398
-1108.582642
-782.095215
-1475.104492
-699.957031
-227.573975
22.875000
-650.888672
844.841797
279.684082
1371.377441
3207.721680
1627.700195
-1112.769531
623.338135
670.626099
-740.983765
378.550293
941.746094
916.814941
1284.424805
1771.784668
1091.965332
-755.448730
-2325.176270
-1133.855591
172.203613
-20.374268
-267.891113
480.142151
213.862793
-460.351105
-589.479492
975.441406
31.574219
43.984375
210.216309
1739.708130
3255.839355
1397.349609
352.975586
-772.677246
394.193390
1002.875732
-1004.084351
55.227051
953.748291
-239.675537
416.373047
2112.513672
-353.741211
-53.611328
-823.646118
-218.368164
298.926270
-1811.493896
-1702.477051
-1128.252930
-824.646484
-486.381348
-1188.924072
-247.130371
-375.003662
-1789.045654
181.221924
-1054.626953
11.405273
63.237793
37.094749
188.373047
770.996948
-381.876831
281.518677
681.979248
1077.553223
137.865234
-1545.122070
-508.388672
-1079.857788
-709.588867
-144.760742
-412.379639
842.943115
944.369873
538.432617
91.586914
-1490.678467
-627.893555
-780.725830
113.162598
1545.492188
1260.954102
637.678162
1316.093262
-767.737305
-1218.182129
-16.028946
570.131348
1144.356934
912.871094
-1119.713989
-819.116211
159.224243
430.987305
695.212891
1164.411133
308.178040
50.450684
-44.098633
697.821167
99.443115
-465.639648
920.599121
-278.441406
930.143066
948.259705
1407.711060
-110.940674
-553.508789
408.447754
1041.767334
-915.053711
-1302.891602
-680.483887
1385.475586
891.819336
-912.087769
-1017.665771
-566.538574
-1796.685059
-3039.007324
-1816.511230
-585.557129
1723.317383
1038.255371
-1355.333984
-2322.610352
-1093.302734
759.890381
655.962891
317.239746
-388.667236
-1207.477295
613.122070
1286.452637
1216.646240
-465.648560
-558.779663
291.957275
-98.109375
140.979004
348.326233
-2324.261475
-1608.375000
1280.190674
1155.224365
-133.042969
-170.659180
-412.465210
628.111389
1602.937134
-310.895691
-1248.553101
-545.770386
-738.175781
-35.555176
-345.885010
-3870.115234
-3604.155762
-626.396729
-728.182495
1484.027832
5928.226074
3947.152832
231.726013
119.547852
1489.599609
20.603516
178.613525
393.332642
-1261.271729
-1228.692749
646.997131
176.112793
129.393066
847.619873
1165.701416
12.706299
-1196.808838
-413.956055
680.464844
979.374023
598.413757
-676.256104
-239.218140
1001.371094
901.665283
-251.612305
-505.137207
-94.213379
539.670410
1469.417236
1621.641846
1644.562500
1087.810547
1126.809082
1092.978516
-85.175781
-1027.707275
-1252.060059
-2120.612549
-1988.356689
-863.077393
1292.957031
3695.361328
2936.445312
1045.054199
877.192383
425.551270
-184.822266
751.039062
451.955322
-616.810547
-3136.739258
-1178.787109
1756.161133
81.955811
40.454590
-352.087402
-2436.485596
-721.475586
1140.063477
-365.439453
101.819946
-1008.843994
-196.011230
3814.630859
3146.693848
1508.779785
979.047852
1164.747070
898.150879
330.461914
737.545654
214.084961
-1880.638672
-904.001953
241.921875
1218.093384
-1801.912109
-2341.014160
506.594421
-933.291504
-1193.288330
-2.719727
-1798.568848
-1551.884766
-2068.065918
-1875.374634
-374.770508
2208.384766
1076.595703
-133.852051
-252.648438
-117.235352
-159.341553
-404.250458
-1495.070312
57.008545
-1104.239258
-1240.581055
-1176.295044
748.026367
-268.305664
100.103516
1355.582764
1009.947266
370.890259
-13.724121
-3204.724121
-2347.374512
-1077.941895
117.761719
2819.253906
1354.921387
830.431396
485.319092
206.610840
1502.750977
1999.503418
141.778320
-541.332031
-1347.368164
1398.164062
3188.569336
1810.249268
901.062012
-675.294128
-352.019531
68.325195
-143.791992
462.752930
3175.386719
1799.000977
938.901123
3477.190918
2296.568604
-1101.707886
1213.492554
-127.333008
-448.196533
1158.666992
-556.133057
-1131.768799
649.084595
598.131348
1495.105957
511.153320
908.727844
-224.637695
-492.137573
1121.698608
-404.676758
217.893555
-482.508789
-15.014526
-1315.845825
-1949.393555
139.051514
-306.445068
-1860.468872
888.523438
-1433.439453
-3477.308594
-5025.465820
-1991.648926
308.931641
1318.014648
560.907715
-295.775146
-1555.205566
572.475464
1704.284668
-882.339844
-1413.798828
-672.887329
1221.989746
-2068.986328
3271.859863
-2120.003174
-2915.772949
-2801.078857
1735.598145
6487.636719
4889.228027
-783.390137
-3820.524414
-2297.524414
258.126099
1685.285889
1253.679443
-397.853027
-1130.460938
-606.842285
-746.102783
874.235352
904.477539
67.688721
1841.165039
585.155273
44.324707
874.043457
712.900391
345.271973
472.973663
-65.205566
167.791504
969.402100
1906.440674
3873.830078
3785.957031
207.525391
-855.036621
-626.010254
-560.587891
-815.387695
1757.977539
877.648926
258.297241
-1184.068481
-276.074463
766.399902
-683.637695
390.096802
-1268.203369
-2310.396973
-68.790039
292.046875
-227.267578
-74.555664
1157.245117
292.150391
-705.573242
613.479492
1108.389160
780.614624
-614.317139
-354.570557
537.061035
492.060059
-97.936279
-852.140137
-359.611816
745.403564
733.370117
206.452148
401.561096
986.369873
172.135986
374.766113
220.443848
314.998657
1142.541260
1022.444092
-244.194824
226.469727
879.124023
-216.385620
-1929.007690
-493.722412
931.719971
-339.605225
-3277.667969
-3472.571289
-1149.804932
684.626831
429.590576
-107.183105
218.870117
369.742676
-484.185547
-338.412598
249.405518
881.566895
1195.506836
1709.541992
1444.314453
-890.713135
280.306641
-2313.936523
-524.436523
-765.867676
746.863770
-167.799744
729.697266
340.561523
804.233398
682.269531
-1801.042603
-183.828857
-1547.288574
-266.793488
-774.347778
-1109.690796
-958.820923
348.354980
669.935547
1308.817627
281.661133
587.839355
2123.182129
481.922211
799.714294
-261.994629
-1188.102539
-1020.241943
-935.158691
1235.059082
5733.749023
6963.256348
1209.670410
-283.371094
351.076660
-166.913574
247.650879
309.947266
1564.813965
-86.552734
-658.026367
434.096191
-557.846191
-1181.421387
-458.912109
209.475464
733.511719
316.742188
206.475464
449.595703
14.238037
-460.481934
-118.596680
-438.145508
-913.462158
655.913208
1402.026611
109.190918
326.588379
2972.924805
2353.670410
222.142578
-889.875671
186.066162
450.999268
829.873230
983.426025
-774.136230
-2142.697266
-258.549683
574.954102
-509.088989
346.799072
-416.770020
-2089.311523
-1694.559082
-1710.703369
-993.127136
-211.410156
-251.924316
662.140625
12.358643
-1291.560547
-819.832275
-839.125000
-1137.177612
-822.852051
-734.663696
-1261.266479
345.152588
-696.946045
-6199.687988
-5414.649414
-294.069092
1336.576172
2852.567871
1327.243164
-542.411621
-487.627441
1507.111328
1178.083008
579.782715
-954.695435
26.909912
113.331299
-366.918457
-89.368652
437.367188
787.778564
284.585449
1155.575195
1694.385254
564.106934
-1799.309570
-3628.898193
-704.432373
-222.161621
-1063.357422
1658.791992
-815.010742
-503.179688
-764.542236
90.749023
524.249512
1115.587402
1183.004883
-1332.462646
-2183.948242
-1055.678223
-534.206055
789.297852
1200.870117
-136.983398
-1105.510742
748.814453
-520.026001
-488.609497
1300.270386
820.950562
2209.519531
1819.198242
16.613281
-1009.772583
-628.370117
-422.828125
607.319336
251.207275
285.659424
411.152588
-96.449417
-172.544678
-2118.750977
-457.813721
204.554688
1374.607910
4070.781982
2679.585449
-915.807129
1099.766846
323.005005
-1149.597168
-720.539062
346.456055
-558.644043
-829.007080
-276.889648
-53.794434
-450.835449
-380.927734
384.097992
6232.852539
9214.652344
1583.145752
-1396.472656
-775.001953
-404.225098
-590.350342
-1093.748047
-757.311035
-2417.959473
-4889.395508
-1212.103271
-437.784912
-1175.831543
-927.465820
61.735840
698.689636
3.501953
-355.907349
1489.375122
1683.310059
1855.337891
100.527832
-1014.594482
-1490.457520
-1530.000732
786.573486
1095.549805
149.135742
-9.703369
-619.857849
-803.282715
415.528320
1046.689941
-1055.134766
913.387695
-231.141113
644.957031
-1037.350586
-186.465820
247.529297
-581.008545
-1601.392334
-285.968628
275.824097
1790.016357
1215.355347
228.994629
-578.234863
-1888.947266
-1824.281982
-139.002563
-496.867676
-108.334717
309.927368
-129.379395
656.138184
-31.938232
280.661377
1427.724609
40.749756
-1139.456055
-551.244629
-804.330688
-737.781006
-270.191681
869.611084
961.849854
1616.836182
472.355347
906.227661
1249.001953
454.435547
1467.979492
1233.203125
-432.485352
713.244629
585.418701
11.459290
802.739258
30.480957
90.865723
1465.450806
648.188843
84.596436
2415.689453
3391.593750
2064.369629
-572.886230
-1812.651367
-3695.296387
-1457.702637
115.953125
96.970459
1840.375977
1300.208984
-652.105469
1245.156250
773.381958
123.718262
-180.625366
334.929688
689.034668
-444.387939
238.103027
681.885742
-789.524536
-527.806641
33.657227
2315.316406
-1099.306152
-879.459961
-413.267578
-65.672363
1292.947510
894.193359
669.900391
738.804688
-823.409668
-324.990479
919.692139
364.794434
1384.274170
-1223.092773
-3385.615234
-5058.707031
-3093.966553
-841.776367
649.368164
2369.973145
4374.612793
3184.488281
1448.568359
1141.934082
1720.740723
2587.535645
573.279053
49.682327
1049.943970
385.285522
127.713013
-1084.040527
470.784180
1067.535156
-824.315430
-335.135742
269.298340
1015.796448
935.252197
-1675.759277
-735.700195
2135.444336
339.063477
-97.111298
-894.091797
81.460449
-161.054199
-1094.653320
399.221191
-154.074707
-958.704102
-736.795898
2144.507812
-658.542969
-726.184570
-1594.306641
188.412109
-136.777344
277.808319
-959.233398
-240.801514
-271.175537
-1398.278320
2336.955078
1763.872559
-764.095337
-800.023438
83.757446
-1111.211304
-3.438721
-304.094238
-756.922363
-904.943359
-853.737427
-1.692993
566.596252
901.864014
-196.862305
-82.768555
-25.926758
198.776855
953.861084
-200.622803
-1437.110596
-1628.269531
-1575.603760
-200.897339
-55.923096
-268.562256
1299.041870
1198.782227
-237.993652
1224.437012
-294.153809
-204.714844
-290.356934
-1066.973389
-276.903809
-597.544189
-811.903076
-352.134033
328.984375
-6.428223
-555.500000
-1220.205444
-604.052612
-307.467773
612.083984
2225.275391
1792.388184
427.616211
-1091.926636
-1091.336914
-1240.367676
-407.023438
606.642822
1053.857422
-373.509521
3243.003418
-1363.377319
-689.374512
669.476074
-778.616211
-1451.792480
-2953.731201
-541.441895
313.858398
2228.283203
2483.774414
418.520996
-507.706055
-403.742188
-516.813477
449.970215
719.465820
1373.581055
-683.917969
652.324829
270.336426
-1533.096191
-843.377686
-877.176025
-677.909180
-2351.507812
-8267.321289
-8264.076172
-2373.899414
851.000977
1966.800293
2156.672852
-1143.447754
-754.502930
204.562256
-475.902832
-319.779785
1090.921143
936.414001
35.038391
238.149414
1101.863525
731.793701
867.461670
-321.001709
-542.781128
-534.337280
-872.598389
-264.497559
-5.799240
101.616211
-270.534180
842.895020
-520.771484
190.591309
750.159668
-110.632935
-91.884155
1097.747559
2438.799316
726.188477
-2027.859375
-796.989380
1909.101562
2281.871094
2885.609375
-521.781738
-650.894409
510.226562
-213.517578
1155.009521
571.416504
-936.555176
-343.751953
918.264648
1768.367676
1760.256836
-1072.019287
-3693.681641
-1572.448242
692.910767
-1364.708130
93.662476
-136.853394
-1789.023804
790.198242
3.666870
-382.691437
327.340027
1122.833496
994.872314
270.514648
312.106934
-986.206665
-907.655273
362.688965
-326.007812
-760.434631
-199.780762
440.970703
181.384033
690.949951
1700.650391
219.350342
-1271.261230
-922.698120
448.478027
1737.789917
1133.491455
-1720.209961
-2496.936035
-1139.039551
306.108887
-910.361328
-182.294434
-195.928467
-646.267090
732.233643
640.313293
667.651611
550.200195
-292.725098
300.481445
-1313.913818
-2701.070557
-2196.882812
-2101.219727
307.211914
-1499.416992
-2087.974609
56.926514
529.118164
1912.450195
2136.519043
59.845032
-707.197266
327.809570
822.475464
677.586914
99.900146
1408.532959
413.779297
-407.835938
208.298096
-334.834229
3.248047
1298.855469
-65.330078
327.966553
999.402588
3358.870117
-561.237793
-2012.674805
-1400.700806
789.150513
1040.617676
7.884277
69.071289
94.097229
595.838867
863.154297
124.223511
590.637451
221.786133
452.061279
-975.078308
-898.390503
-798.590332
-117.714355
897.229492
781.187256
212.539795
556.265625
-1167.689453
-1177.701172
-3.052734
692.790039
1.571777
-1313.469116
-1716.446167
1613.708130
1959.770996
1583.736328
459.332153
337.224609
404.569397
2664.825684
3552.100098
1478.587524
177.460205
-677.524292
-985.848633
-351.584961
1683.748047
853.754883
-677.863831
-1255.075928
-978.856934
-1527.422363
-400.354736
-584.520508
-176.996094
838.219727
637.531982
-51.960938
503.165039
-129.261719
-1101.308594
213.911377
-676.903564
734.619995
413.935059
-923.401367
284.227783
-734.345947
-2511.672852
-2979.207031
-2383.126465
-2597.494629
-1584.854492
86.937500
705.239258
-342.029541
-558.524536
506.111450
1051.492065
682.711548
-252.613770
-192.736328
1148.015259
2390.601562
2670.920410
9.443604
-287.205566
1492.810547
841.941040
-36.451660
-709.852539
328.605225
-130.559570
-76.857422
872.659424
-882.440430
-238.203613
228.269531
730.763428
3347.169678
3314.968750
513.601562
1106.337402
-363.724121
-971.375000
341.435547
1245.890991
229.135986
-1525.236328
-2337.694824
-2814.079590
207.565918
1335.962524
141.916016
-285.496338
178.465820
-1741.526855
-1039.719727
20.478516
350.452423
-835.429688
-151.542969
-321.754639
465.049072
-714.923096
-445.127533
-1602.857788
-1213.072266
24.282715
284.800781
474.699219
-76.792725
-3667.296143
-3661.853271
-166.351318
455.459961
628.821777
902.236572
1271.986328
589.411133
2176.184570
2299.383789
-233.850403
-87.734619
-539.412109
-623.839355
751.939941
-225.797119
201.571869
956.997437
1321.070801
1018.573730
125.167480
-582.804321
131.702148
940.593750
996.817383
166.747803
-447.655151
-1454.791260
-1332.373779
-651.974731
-881.678101
-1030.670776
-685.620361
-243.307617
-919.195312
-1153.166504
-835.258301
-1132.282227
-736.198242
-723.550781
2062.214844
1702.742188
-1190.453125
740.878906
-2159.036621
-2098.889648
-1014.862793
209.740845
2207.149414
5398.788574
1473.126709
-826.499268
315.259277
-883.055176
-227.125977
778.333984
-612.213867
-974.932739
-650.838379
402.609375
-417.497070
527.804199
549.020996
370.534302
1312.142212
-689.326660
-751.903442
997.480408
721.055420
-164.476562
-191.274414
-185.607422
372.714355
-999.979004
-4.490723
1407.145996
600.849976
1061.768066
429.615723
-524.678894
-833.072021
43.386719
118.975586
55.832031
-1001.620544
-348.345459
-878.171387
-2863.961914
-1751.724609
817.191406
854.234070
1428.395752
360.910645
-1919.874023
-606.485596
139.013306
674.554688
435.525879
-560.787048
-10.607483
-309.262939
-44.832031
34.263672
-183.049072
172.489746
1656.496094
1923.997070
1455.474609
-525.449097
-1491.003906
2818.865234
3922.574219
2804.663330
91.011719
-225.138184
-434.191986
-206.840332
1081.846191
324.242676
-717.104004
363.207764
-1896.773926
-1252.873779
985.459595
857.747559
168.979492
912.041016
-109.258545
-2733.554688
-743.809448
142.528320
-524.787598
310.315674
776.998047
-246.702393
-27.805908
-928.841553
-1205.789062
873.237305
-985.217773
-2576.541016
-864.321289
109.532715
2133.939453
-195.558594
-65.711914
-151.153748
127.575073
704.614014
473.824707
-234.610352
-304.577515
85.732910
-1318.524414
-656.540283
-461.047607
946.484131
1781.903809
1785.780640
984.392090
-1371.553711
111.388184
56.010254
691.633789
2209.215820
1547.265869
1913.000977
260.023926
-107.982178
893.783936
136.380127
607.330994
1555.284790
916.926514
638.214172
-360.175293
-1067.788086
-410.440674
394.701294
-57.906582
-1168.157227
1452.039062
1858.060791
474.677856
14.000488
-863.315186
-1569.763184
736.556641
-747.797852
-0.225708
-508.206055
-586.050781
485.272217
137.376709
-689.952148
216.355469
298.477783
-187.453125
1175.697266
-2391.535156
-1673.483398
-1673.524902
469.924805
37.137207
108.193115
18.470703
822.305664
137.938232
-504.395142
-925.585205
-18.492065
589.468445
632.464111
932.270996
686.634766
863.448242
1305.571411
828.936646
-510.242767
-660.692932
148.016602
580.417480
-466.619629
-1036.375977
-96.056152
-378.330078
-1156.097656
790.506470
-575.238220
-1537.637939
572.255615
1613.340332
1538.219849
-37.967339
-707.344971
-1111.357422
-70.569824
1010.177246
82.786133
-945.149658
-114.437500
247.094238
-5.306335
520.175049
445.006348
-1446.858154
-228.407715
657.166992
-830.147583
-594.897461
1218.935547
386.937988
1036.368164
2342.438965
716.332031
-404.239502
652.525879
918.173096
177.278320
-452.134766
-110.641113
563.918945
-46.648926
-374.876953
-53.559570
-1280.586426
-2165.704102
157.220703
3222.240234
850.921875
380.071289
363.344482
-284.646484
-83.714355
-472.193604
-555.528076
1412.568359
726.442871
1116.773926
3647.464844
1584.874023
-473.388672
-2351.105957
-4346.876953
-785.151855
343.676270
1995.732666
5056.886719
4484.947266
1840.585938
1982.249023
-411.186218
129.388428
767.378418
494.276855
-1168.206055
-2747.839844
-1040.405273
241.021973
1182.623535
1744.522461
465.004883
-749.589233
-695.857849
-944.242920
972.886719
256.342285
-42.346436
789.148560
-167.645752
242.241516
-88.012512
460.583252
638.887695
656.735352
3478.744629
2976.920166
-1019.195312
57.241211
867.766113
234.355957
1426.248047
-44.145752
-1309.835327
365.494141
82.769531
-329.683105
18.270996
595.522461
476.613770
482.377930
781.966309
436.100708
245.764160
-313.934570
-319.027893
-897.433838
-372.868652
-822.833008
-221.008514
-1093.186646
-1041.165771
820.167480
-1052.231445
-4305.117188
-1637.976685
197.979065
-895.950928
43.608398
470.093628
-31.833008
-837.390137
-95.378304
896.447754
-379.791016
-921.343750
-230.922485
1299.087891
1663.012207
708.652344
-921.799805
-1132.805176
497.598755
-280.061279
-1992.811890
10.080566
586.436523
440.305664
265.593506
274.389648
-362.619385
-3837.792969
-2509.228516
303.372559
793.171875
-938.798828
75.795410
-202.265869
364.629303
419.407959
1318.116943
-694.513184
-1197.181152
-1347.011963
306.838135
778.829102
-2546.497559
-236.857834
1324.856445
-1048.443726
-1047.056885
482.056274
-1523.479004
975.790039
185.663086
1148.608887
335.169922
914.801880
916.757568
-116.179199
-208.168701
-1199.732666
-983.261719
-587.342041
189.586670
1414.039062
292.281250
-438.124023
154.481934
788.851562
1091.013672
-1470.700195
-2976.001953
-2170.754395
-292.313599
1709.779663
175.284302
-709.334961
-596.528809
1589.470215
4335.926270
2752.791992
-902.028320
-3414.725098
-3175.787598
103.475464
627.914551
-459.850098
1239.582031
477.971924
-655.162109
-184.084961
87.622559
382.090820
329.932373
-107.699219
-1002.403503
-1109.857788
-421.411163
416.390869
687.923828
1139.470703
1058.148926
760.305176
805.834961
-756.981445
181.701172
464.579102
538.265869
783.904175
-487.448486
-136.910889
1604.216309
-123.504028
-1552.091187
-726.670288
1145.232178
1282.707275
190.544434
1548.401367
1084.165527
-696.043945
-346.416016
-2012.979492
-594.970703
399.676758
1299.663330
1287.732666
278.229980
160.829834
-1692.676025
-1486.468994
-716.669922
-730.110352
-1136.704102
-31.001465
-7.734375
-1535.940430
-1102.995850
2159.254883
664.125000
-2877.377930
-1285.758789
-908.850342
907.881836
1243.532227
-101.347107
-655.021484
-1266.044922
-854.292969
-759.349182
-106.121460
1182.422852
-643.925293
-897.255554
835.206543
528.260742
-269.365784
869.409424
1586.019287
1711.286499
689.442383
357.913086
-421.563477
-255.613281
-1238.607910
-2459.796387
-1356.199219
-112.802979
227.625732
179.572769
-1392.724976
-43.524536
378.817932
530.679688
2058.137451
846.333740
-691.020020
413.995361
881.301636
-1179.153809
-1484.628906
-248.390137
1242.734375
1316.777100
-20.844238
-872.247070
-467.415527
544.380859
1281.618652
1472.669434
-1024.932617
-160.062744
-222.049072
-583.453125
-1083.188477
109.152344
-150.017090
-2020.941284
-5632.819336
-3704.390137
494.014771
1007.640137
-651.616943
-392.586426
804.454102
1159.094238
227.775879
154.963867
173.421387
367.129639
161.081543
1207.269531
405.980469
1019.218750
852.980042
816.719971
-113.418091
757.661621
-527.128906
1882.944336
1511.854492
1567.350342
-1348.166748
-412.068848
-493.527344
-366.732422
-1126.140625
-1815.471680
-594.286133
-1417.245850
-2744.240723
67.812500
43.475471
-784.721924
-469.691650
-554.295776
3584.916504
-396.853027
3181.309570
1698.175781
619.922852
198.732910
74.096191
1196.880127
1449.166382
979.598633
-260.963379
932.076660
-336.031250
-1053.743408
-256.803223
-1826.350586
-1756.743652
-1006.453369
-1491.753540
-1944.184937
-222.070496
-587.066895
-384.432129
-462.396606
-170.824951
1343.462036
122.643311
-311.738281
642.793457
615.881226
1035.475464
392.221191
620.295410
2226.013672
3291.991211
2666.272461
269.862305
-169.032227
-78.655518
-1967.069824
-595.811829
-279.055420
275.932617
-260.056641
-68.649292
177.301636
-2165.780762
-975.748352
1084.777100
177.080902
325.006348
-463.598633
-1856.233398
159.082520
1751.557617
2511.525391
1484.076172
-260.102905
1927.324707
758.475464
130.571289
1120.882812
-251.373047
-361.884766
482.175781
-267.276123
-1468.255249
-432.591309
-101.167480
1071.563110
2646.924316
3395.626221
2577.037109
655.267578
-34.995117
15.356201
-1372.289551
-338.413452
-101.221680
-241.176392
1086.415894
-110.412354
-744.053711
1788.570312
1621.782227
1437.560059
2469.772461
-317.290527
-1651.219971
-1419.587402
263.920654
-18.591797
-1290.017578
-5816.163086
-2213.980469
-1026.369873
69.792236
-1029.873047
887.339844
-675.787598
828.825195
3587.224121
543.236328
159.577637
265.114258
42.846924
1189.277344
115.678711
-26.661865
-1418.202393
-813.123779
2058.928955
3230.719727
3105.265625
700.774414
-129.039795
635.062012
204.275635
1177.094727
556.238281
649.147461
1011.795532
-719.894043
695.144043
703.570557
-1106.528809
-364.957031
-279.705933
669.967773
2293.802734
413.174805
-161.597656
-2140.524414
485.220459
3190.574707
2537.791504
-1327.831055
-815.519531
-1153.296631
347.121338
-1476.524536
-1005.111572
922.649902
-445.664062
-1496.148193
-2078.065186
-2410.685547
189.262756
708.598877
-437.034912
1007.912598
1139.945801
1409.606201
2119.325195
1705.617188
200.697266
-2096.227051
-873.970703
170.517090
597.578369
167.486450
-321.129150
38.000000
175.929443
-219.017670
812.373047
-1180.722168
-2846.001465
-2085.257812
-108.055222
729.172363
406.518555
208.688232
41.522461
-345.324219
547.336426
-240.812378
192.226562
604.520508
836.981323
686.106934
-1339.239258
184.739746
938.839539
-143.432434
2684.388184
5491.826172
2965.952393
-783.115723
-637.773315
80.844971
-878.621094
-697.489929
-823.083984
-2979.971191
-2263.366699
107.187500
-259.004150
409.938477
-516.646484
-1847.496094
-1794.299072
-1056.776367
-1218.268555
-734.780273
-1157.580078
-912.579102
-505.088379
-194.785156
281.312012
3663.329834
4462.994629
2515.274902
1228.863281
457.934570
330.011230
232.539551
-754.469482
488.463013
1876.517090
511.115234
43.992065
-817.030823
546.008911
-517.782471
-3115.239746
-1040.363770
-669.249512
97.785156
152.420410
81.391602
-472.603271
-255.372925
1009.014587
-39.938721
-37.290283
781.484863
-249.341125
-58.992920
539.383423
931.114014
-200.919922
-382.473145
3.994141
565.635742
593.162109
445.913086
2604.942383
2830.481445
396.443359
67.818359
273.388672
1333.266602
1407.324707
-967.148193
-287.657471
1277.131470
729.031494
1381.558594
2065.651367
397.079102
452.256348
2282.898438
809.828125
-907.245117
-1408.049438
-1594.354858
-485.117188
183.726562
-1278.404297
-3373.419434
-3615.102539
-2157.067383
-866.396973
177.737839
-48.055176
-610.104492
63.475464
1006.850098
-322.510742
440.185059
-246.709473
157.380707
1188.849365
-1006.298401
-1328.673218
-909.589355
-1724.856689
-242.708008
1473.708008
-1098.931641
-132.840332
504.685059
-36.319336
-51.344849
-859.783203
3014.443359
3704.284180
974.789307
565.367676
599.891602
-712.662109
-740.008301
-2046.708496
-5028.578125
-5287.067383
-4803.891602
-1910.015381
810.129395
-1043.429688
-1043.183350
909.264648
-668.777344
152.484863
1516.891724
1158.573730
278.332031
182.790527
-1095.939941
-2949.873779
-1580.770020
508.519043
288.087891
412.960938
1215.272583
436.824951
-522.947266
-4.676971
-325.830078
413.656250
-191.183594
1152.304932
495.838867
459.142151
1296.496582
-258.045898
155.681641
-318.649658
-13.945068
1094.745117
851.196289
-194.904785
-933.096436
286.117188
-614.782349
-36.623718
38.006348
882.879883
635.657227
-1106.222656
504.586914
274.220337
1177.761719
51.865173
592.759766
20.712402
1034.681030
1011.420410
365.650635
-167.051270
-948.853516
-1238.633301
-171.762695
597.818359
1092.981445
611.478516
-601.059570
-1109.106201
723.898926
1227.283691
-288.140503
-1497.641357
-121.147339
-849.721436
-93.867188
576.658203
-591.796875
2066.481445
-536.431152
-696.515137
275.172363
401.909180
-249.626953
1040.534180
-767.476562
-816.467773
-418.117676
185.947998
150.851807
803.021484
-31.169922
1312.378906
-738.911621
-1972.370605
-3019.988281
-1181.995117
-634.186523
2095.156250
-601.283936
3206.337891
-444.642578
-818.594971
-864.860840
-811.295654
-618.188477
-205.014648
-583.005859
-367.931152
218.405029
366.090576
475.122559
-536.954102
-2450.157959
-140.569672
769.429810
-1604.857666
211.296387
1023.143066
318.345215
408.475464
-278.266357
-823.605957
681.101074
151.922363
31.401245
508.534180
1738.216797
637.187012
-129.852783
621.739258
2721.713379
1591.906006
-318.271484
-892.019775
-395.044922
1589.577515
1463.160156
391.130371
778.242432
154.364380
-9.930176
712.520996
979.920532
-510.435608
-1438.757568
-1460.990723
-761.143433
-238.389893
622.561035
560.586914
-537.074219
-845.653687
-206.712402
481.649414
886.879883
539.169922
687.421631
247.413879
-886.445679
1215.505127
2015.859375
81.455811
-159.746338
-398.100647
-92.866943
-139.357117
-493.593750
807.929443
-303.020264
-871.857849
-425.267456
306.397980
-818.393066
285.956543
968.979980
-93.282959
-547.010193
-4026.067627
-5453.169434
-1067.905273
51.534180
413.324463
719.406860
496.644531
1149.701172
991.154297
288.420898
-2719.798096
-1130.040527
-268.210938
2393.774414
702.649597
1752.660156
842.388184
627.926880
-2749.782715
-16.937500
-1332.314941
-502.013428
274.870605
476.162598
425.416016
48.465820
428.129883
-3036.823730
-409.616211
-1374.357422
-344.898926
368.565216
703.891113
-292.480957
-638.496094
-784.899902
-603.927979
-1679.300293
-722.797852
912.949219
-235.158569
112.569336
2190.971680
1735.255859
745.197266
-500.027832
-971.360107
-296.755127
-157.743652
1869.188477
4211.123535
3200.137207
752.120239
-1299.374268
-865.906250
-3121.677734
-2437.176025
-84.045532
1257.908936
-319.802246
503.761719
1741.190430
-1536.643555
-1319.881836
1609.322266
750.431641
-762.704346
1562.831055
852.483398
2471.634277
574.832520
-426.371094
-2543.135742
-6135.695312
-2230.589355
695.569336
1842.555664
4044.113770
3029.299316
542.810303
847.337769
-670.663086
-1616.552246
-522.336670
1373.862793
85.675659
-625.260254
-95.020020
20.157227
186.078613
3151.533203
3769.568848
1536.635498
-1099.117676
-177.027100
323.381836
-533.993164
1114.186890
613.192383
-264.905762
1663.690430
-781.523804
-505.250671
-996.618530
-729.857849
431.351074
285.946289
-620.968750
-1582.841553
-236.054688
14.145508
855.031250
1317.537476
-395.625488
-1073.697144
47.685303
547.082764
-903.728027
-216.739258
-1767.291992
-67.413086
-224.898193
1041.581543
1090.212891
-66.292236
389.771606
-33.079590
-280.309265
703.551758
-187.695801
1104.131104
383.245117
-134.046875
2627.481445
2135.241211
302.521973
-1513.373779
-1593.816528
-32.120605
3190.481689
3890.587402
340.411072
443.142151
1450.638672
-188.996582
1109.067383
-1028.079102
-5086.786133
-1924.500732
1771.382324
2944.809570
1748.909180
-585.900146
-305.285156
725.728516
-610.509766
732.296875
595.655151
-903.329102
-683.225098
655.934570
898.615234
148.683472
-2439.440186
-3001.820557
-1732.546875
-2038.996582
-3283.762695
-1176.449585
178.841797
-420.592773
-280.300720
-3.071045
205.529785
326.724609
394.491699
32.196777
-972.625122
-535.778320
749.627930
593.948242
-351.880493
-700.669678
8.002197
1638.680542
2567.966797
-102.853271
-271.837646
1458.148193
829.267090
-863.480225
-107.942871
41.863281
-245.305176
235.163818
234.328613
783.298828
1776.749023
-3281.990723
-135.033936
-16.231812
-915.657227
177.973877
-2431.923340
-2348.203125
1350.558594
1528.756836
2573.295410
-267.616211
-811.648926
-101.627197
3279.803467
4608.366211
-214.814331
747.195312
1829.290771
139.677734
-1404.165039
-965.559082
-1097.693848
908.082520
-236.262451
-408.443359
-55.205078
-2399.202148
-3098.110840
-1144.300293
831.193115
806.491455
295.745605
1379.917969
2783.101074
1501.478516
-487.469727
328.846191
675.580078
-655.218750
-1305.897461
-1023.244629
493.673828
-1496.920410
-776.646973
973.995605
1508.802734
-251.441406
594.045410
857.945496
-95.959717
-934.773010
-227.528809
-999.712036
-1046.118652
1101.131836
2572.337891
5382.169434
3937.464355
948.075195
636.359497
158.860352
4549.504883
7112.778809
1929.140381
-1287.509277
-2593.006836
-862.718750
795.477539
-979.784424
-1163.009766
-80.465820
1372.708984
159.508301
2005.118652
46.967041
-1811.822266
-2177.200684
-132.118164
5444.277832
6623.261719
1777.581543
528.546875
-187.591797
-881.188965
230.519531
-381.655762
710.279297
2467.076416
2371.636719
870.179688
-610.593262
-3991.524902
-868.088867
1581.442383
304.280701
614.849609
682.744141
1005.213867
587.855835
-250.506348
1947.818359
1728.520020
1860.685547
803.799805
187.832031
216.493164
389.126587
-852.677979
-565.385498
-1153.802979
-443.797119
1798.432129
379.097656
-42.352051
-134.353516
759.764160
-1477.810547
-1610.673828
-1124.390137
819.288452
15.140137
544.300293
1044.534424
-1927.726562
-255.083008
-288.556641
776.976135
-647.995605
715.700195
-190.603271
-160.518066
-270.128906
-593.506592
-546.199463
217.561768
-203.821289
-1367.130005
-399.755493
533.173828
1719.350098
3505.945312
1436.922852
-578.681396
289.060303
-24.766602
331.040527
757.584961
605.437500
625.440918
704.414062
-545.724854
-550.713623
303.158203
244.400391
-438.435059
467.618164
-397.640869
396.487732
3600.778076
-277.139404
-829.606689
-391.599609
-863.672852
5.487305
404.707031
1262.462769
377.205200
1091.510254
1057.098633
446.251465
1729.569458
371.452637
-826.940063
-602.171997
-1590.409912
-1620.759277
-2460.550293
-4100.527832
-2846.162598
-1373.569824
87.736328
-605.089844
273.988037
97.627686
-60.863098
384.836914
643.990234
-821.205078
770.369019
174.284424
-1023.827637
297.806183
77.515022
-540.823120
416.760742
735.260254
1144.180664
-623.007812
260.310547
499.551758
186.492188
-461.635742
609.145264
1583.750488
1472.759277
1232.229492
139.982910
-974.123047
238.982422
-61.716187
350.160645
369.010742
-24.901215
374.758301
163.348633
289.539551
-402.305664
595.778809
1121.670898
713.835815
1047.955078
1432.166992
1873.431274
1264.198853
5.100098
920.359863
260.708984
264.716064
1191.375732
1001.053711
2557.308105
2751.729004
115.027588
-1109.305298
-1132.098633
-36.207031
-211.142578
1367.821777
783.549805
-289.584473
323.800781
503.037109
-93.833008
-662.504639
-331.709229
273.842926
595.311768
523.745117
37.703613
-320.359375
316.592773
1204.119995
1418.843018
1610.749878
2032.078003
1008.944275
-692.709229
-2131.648926
-1552.857788
-142.523926
50.396484
279.047852
-54.324707
-982.089478
-1287.383057
-144.705811
1109.931396
-2397.490234
-2639.969238
911.274658
762.715820
461.038574
89.062256
691.797363
1664.650146
308.664124
959.143921
3154.409668
-419.693359
-1249.819336
-870.698730
-1269.228027
-106.514648
-1882.763672
174.133057
748.340820
532.628418
733.710388
-1562.792480
-3593.876953
-2183.409180
-189.209229
-639.587891
251.301270
1018.282715
-286.237549
25.519287
4910.639648
4279.514648
-235.441589
1002.860718
1725.876709
100.305176
439.798340
-118.608521
68.303467
-375.769775
-293.795319
2649.007324
2788.995605
-99.249512
513.961426
-401.524536
-411.034180
2112.733154
925.571045
-690.477783
-784.246094
-83.680786
346.414551
19.319336
1423.390381
225.948730
634.267578
1680.004883
-286.980225
-862.367188
171.304688
-2008.107422
-427.103027
582.146973
4291.036133
4374.921387
521.108398
-485.790527
504.579590
430.766602
-589.933594
12.137695
-488.198730
165.786194
642.540161
62.929688
-1062.630371
-353.811523
-1628.029297
-1621.300781
163.900879
732.776367
558.832031
-1119.477051
-3226.964355
-3453.886719
273.596191
1048.621582
-469.633301
474.943848
2.875000
-435.769531
-237.301132
44.902344
-345.115234
760.524170
328.102478
-1313.586426
134.971191
-548.294067
-955.289551
-51.359375
704.759766
459.909668
467.114258
-33.200195
36.148438
369.691895
440.533813
-396.916992
-1435.074219
-1243.767578
147.021484
-331.580078
411.074219
502.251953
-875.524536
2830.572998
131.161133
29.190430
393.295410
-555.767212
-841.525146
120.815918
-422.157715
-119.968506
432.953064
911.989746
527.364502
-876.085449
297.645020
704.463989
805.402588
207.159607
158.199707
-526.364929
496.421875
272.716797
-407.145996
-736.896240
762.142151
600.068970
-1166.015381
-782.839600
-111.083008
-257.377930
-1291.163086
-228.088135
131.365265
1509.895752
1499.631958
1010.571350
894.125305
-570.864014
-1084.398926
274.216309
-1818.618896
-3798.277344
-1517.113281
-36.902344
-737.515625
-1714.338623
-856.746094
-353.022461
-590.707764
-156.480804
643.869873
419.094727
205.326294
193.778320
788.932373
874.669189
-374.685303
-1327.409912
-1654.257324
322.883545
-578.693726
-337.177429
1332.254028
-746.251709
59.652100
980.418457
1104.373047
2147.747070
385.202148
-1320.892090
-54.450684
-895.548584
-34.416504
2702.660645
2961.552490
477.876587
-751.872070
-593.090332
-213.661621
835.918945
890.647461
214.658936
173.162720
-1096.355591
-381.341064
398.718262
-333.581055
690.032715
746.925903
-1061.577393
-1885.887451
-518.106445
-1846.882324
-3240.222656
-567.567383
-10.299316
270.138184
-956.131104
-5214.887207
-2246.895264
1099.709473
2512.463379
2765.847656
-39.425537
857.500854
1452.199219
-566.470947
-211.476440
684.021484
1188.692383
11.376221
569.265991
3140.243652
2657.093750
221.187500
100.891602
250.475464
614.125977
495.915039
-479.709229
-915.128174
-575.145996
476.548584
73.277481
-3194.825195
-3547.701660
-19.187805
1359.678223
667.135742
-119.072266
-641.090820
-495.458496
512.061035
-706.905273
-1085.813721
517.896179
431.468262
2605.652588
1402.795410
-1610.810425
-78.879150
-258.090942
-987.123047
2117.541016
-280.919922
-253.279785
387.822998
99.542480
111.353027
240.639160
-837.835938
121.847168
-211.932129
558.155273
80.197754
-4674.680664
-1228.718750
-79.800781
695.353027
341.341309
1148.637207
-892.633057
-815.037842
-174.928955
-1097.164795
-462.610352
623.756470
392.501099
-415.373535
1624.923828
1827.936035
0.521973
-1109.524536
-188.606934
205.492676
-139.641846
190.739502
792.226562
184.022461
-632.247009
-417.048828
-244.118652
974.445801
1293.126709
396.054321
-723.212402
-2382.922363
-598.816895
806.150696
1825.287598
1558.875488
-844.045410
-1589.836670
-2074.039062
-37.815552
929.759277
393.964355
1122.675415
808.889648
203.747559
51.130859
-1496.276123
-1113.957397
-1530.049805
105.746857
822.926147
623.742065
535.250610
63.286865
-438.979248
-998.867249
-169.951172
1240.947388
871.304932
-240.023438
-892.114502
-41.521484
-748.544434
-2257.662109
-694.867371
294.142181
106.364258
1107.970703
137.811768
-476.699219
178.821289
696.472656
167.817505
-758.009521
-473.435059
-1722.987305
-787.552246
82.787903
2036.036133
3898.826172
2330.575684
-514.840088
709.265625
744.872559
-413.714844
-712.524536
-846.190186
-474.198242
-1024.362549
-1001.131348
-574.999512
-84.220703
31.088867
506.928711
-528.548828
-396.579102
-1720.608887
-2009.262695
251.548828
159.709473
779.279053
-444.016602
-494.565674
-369.154694
-271.166748
844.007996
306.646484
-52.283203
63.889648
-2492.790039
406.429688
-300.543579
-121.725098
1678.065430
1043.901367
435.229858
576.392578
53.004883
287.433105
-726.078125
726.856201
879.799072
558.120361
-438.855225
-38.172852
430.947266
311.321289
201.468262
-1310.220703
-395.528809
-563.030762
155.123047
1463.178467
1195.489380
353.259277
-332.975098
-575.311279
-16.645020
1250.651367
-969.700684
-1536.221680
-392.460938
108.617554
438.642090
347.324219
-845.950073
747.374817
476.014282
-27.261742
1011.451111
143.414307
-332.846680
-973.174805
-99.308105
-13.318115
41.856934
-1000.227905
59.230957
608.684082
826.642822
-1666.169434
-4616.844238
-169.034180
660.481934
-361.416382
326.988770
3058.204590
2782.477539
59.202881
-4.964844
-4376.386719
-7309.039062
-2321.725586
-891.857849
-821.333496
1104.656250
2687.310547
1883.705566
510.033508
418.667969
-1426.038086
-350.562012
-606.511108
-242.765625
1312.916504
199.475464
-3010.599121
-1376.107422
1161.516602
1345.001465
243.208252
572.447754
1558.905151
1488.992676
65.995605
-639.344238
-300.918457
100.186523
413.054688
-1024.692871
220.002197
-261.857849
-252.002930
197.425293
194.366211
-1949.938232
-2274.871338
-788.400696
1621.597168
-2449.550781
1051.938477
-740.445190
-122.278809
-910.854736
1235.663574
898.087402
-748.527344
-675.471802
-1186.859985
239.403076
505.610840
-1126.758789
215.142166
-717.845459
-652.312744
780.187500
915.460449
386.325439
976.574219
-494.739258
214.025391
498.522705
447.793945
1735.222656
474.524414
465.447998
1088.538818
-235.363281
-112.626221
1891.286377
761.533203
155.762695
-159.956543
-522.133301
156.083984
1099.969727
1351.352539
470.089355
-261.875732
3.601807
688.272461
-1124.944336
269.968018
484.778442
-109.043457
2427.098877
2175.774414
2128.330566
1337.250977
240.766113
901.344482
414.937988
507.420776
-1259.653320
310.298828
393.415039
391.168213
531.764648
-1258.721680
196.311768
515.519531
-403.053223
-70.998047
944.304199
341.640320
-1236.520264
-576.894165
607.687500
217.899414
1449.359375
854.240234
-512.479858
-1352.364624
-1747.673828
-1787.209595
-349.425049
1109.612427
285.499146
-1656.759277
-1133.006836
-442.530273
525.916504
688.499268
283.431763
-1075.548950
-950.419556
634.827759
1655.396973
-306.450684
-276.160156
187.105469
698.910645
1917.844360
1481.562012
830.523926
1574.479492
681.337891
1740.404297
245.854980
2585.719727
125.572266
-994.019043
-819.621094
-345.490234
34.157532
1865.920898
1257.600586
1540.111816
546.452148
1784.057617
445.331787
-1044.958252
712.040283
656.669556
698.874268
928.218079
493.637878
-579.524658
-844.363770
3086.547852
841.399414
370.197266
-318.103516
-778.397705
196.617188
-865.875977
-1096.621582
289.286865
-778.774292
-1197.166992
243.788086
-680.809082
-1377.122070
-712.453613
103.178711
601.609863
-1344.391602
-916.932617
106.552734
2352.591797
1744.008545
-737.465332
20.422363
1029.834229
346.386719
377.189209
631.936279
-699.926758
-700.805176
105.756836
619.929688
-208.857834
-17.187988
-893.559570
376.085938
2416.564941
2736.008789
766.511719
-364.112793
13.402283
-591.061768
796.701538
-1733.994385
-2199.925781
1983.505859
2153.184082
247.745850
-202.533447
278.215820
-566.601562
518.743835
-32.166138
1394.344727
517.660706
-270.526123
-1687.279175
-2733.775146
-2002.973633
-1742.272949
1025.451660
-419.972656
-453.065918
-453.999512
-857.258423
-629.024292
-291.946289
1260.073486
1314.404541
-710.672363
-119.184570
826.095703
-1039.048462
-442.192078
592.064453
-1095.917969
154.122314
660.487549
-501.162598
-433.974121
1157.997803
-546.283203
106.936035
-462.977661
-1634.161621
470.795227
-160.058228
-1085.196289
-1252.670166
-1459.882202
452.225433
789.963379
477.124268
-23.082397
-491.372070
-1267.566772
-570.041809
128.445801
0.432861
-1198.377930
42.182983
982.165283
736.989746
450.230469
853.093018
830.057617
202.382324
150.609619
1519.018555
1066.152588
-451.898682
-372.909668
1869.914062
1243.372070
1376.895020
708.590088
-419.918945
-33.355957
-1184.814453
-4066.088379
-1350.332031
-490.583008
800.052734
288.351562
747.492676
1243.930176
-271.026123
-755.871094
136.624634
290.357422
-650.890625
-340.635742
1242.372925
2105.640137
1757.668945
-131.553711
24.379883
-1042.183105
369.713135
94.495239
-845.111084
255.971436
711.451416
556.688965
214.471191
-204.229004
-1284.688354
-755.912354
-606.869751
-1249.220459
-969.042969
-1384.247559
-355.516602
598.416016
1195.933594
752.500488
-131.093201
231.244385
927.406738
-9.825226
-206.829102
-248.038086
-33.376221
767.554199
496.275391
-258.008545
-557.521973
128.928223
597.463867
635.597656
521.240234
-716.686523
-1724.965820
1844.802734
3011.220215
7034.410645
5094.367188
724.274292
-662.608154
519.185059
927.651367
-8.928223
-1343.828125
-1737.679688
-255.669678
1581.453369
158.293213
-919.171509
-154.555664
5.833740
-270.923828
-392.174255
937.563965
140.761230
-1139.909546
44.232666
802.305969
-427.812500
-759.559082
-1240.768433
-249.852051
423.589844
545.316650
1160.760498
764.294556
-704.861816
-1231.303345
1216.408203
1630.204590
633.568115
421.016968
-997.272827
-574.156616
-374.060547
191.280518
2395.115723
3000.645020
524.774414
-1167.491455
-161.373047
3071.704102
2372.167969
-459.613892
706.872070
49.453979
1422.334473
2610.337891
415.429443
-1543.970703
102.622803
415.479980
3038.814453
61.741211
-687.365234
-371.163269
-288.818176
-760.908447
187.720154
-221.878906
1088.425293
47.347656
743.408447
1059.547485
-367.940674
-1187.615723
-121.937012
-1697.865234
-475.285156
-2262.449219
36.372070
87.484802
-332.764648
8.131348
-470.026367
92.277832
-108.669434
739.431641
1652.106812
1272.560059
1404.008789
1949.821289
563.724609
936.815613
-654.075195
-3186.363281
-1404.637695
1004.142578
-587.520508
57.230469
109.510254
322.868164
303.181641
-1141.416504
-604.201172
1079.694824
1042.201172
-602.329102
-830.284668
-1137.367676
-3511.004395
-2319.369141
764.509033
889.027161
-288.248413
-277.850830
-290.587891
264.736938
92.874023
-446.981445
-79.863525
1073.594116
-408.656677
99.940430
-1663.069336
-5984.187500
-6936.163086
-976.630859
1361.181641
3374.656006
856.104980
-877.909424
-54.084473
675.841797
692.430908
185.142166
797.215942
326.072754
879.906738
71.475464
-2143.229004
-1162.674805
1534.246094
294.556641
-400.405762
558.986816
-1542.768311
276.502930
5402.676758
2534.031250
-766.980957
-3004.754395
-2948.021729
-167.536438
598.739258
-2692.627441
-3164.775879
-3243.934082
-1513.894409
-121.848755
918.921875
-214.263672
142.561035
-996.334290
-1376.486084
-111.881592
-1587.187012
-846.009766
114.170898
1188.181641
2830.405273
-239.758057
369.432129
492.537598
-35.311279
2003.961914
61.819824
-1699.377197
-263.086914
521.129272
-1345.819824
306.973633
1486.139648
896.629639
-628.348511
-399.256592
281.932251
573.080566
1418.215820
562.112793
280.807251
-966.546387
-1933.361084
-1407.515137
-348.303284
-260.982056
180.702057
-695.371094
-758.118164
-42.909180
1832.573975
947.105957
28.995483
382.560547
1260.762695
1479.487549
2784.371582
3282.397461
2001.631836
-584.306641
-1509.883789
505.833496
-195.983398
-496.184082
456.013184
74.644287
641.887207
895.670105
842.718262
1386.792603
1399.475464
-614.863525
-695.805176
-1247.777832
6.702881
2363.544189
1302.027832
-387.648926
1265.503174
572.448730
367.766602
565.088867
205.670410
-96.033989
257.757446
667.128418
2849.090820
-380.831055
396.329590
-282.992188
32.946289
479.255859
965.801758
-438.663940
598.886230
845.132324
436.398926
-223.854492
-3106.699219
-1770.703613
677.816406
-793.089844
348.670898
104.205078
-538.628906
328.638672
-1570.863281
-3293.158203
-1026.952637
676.104980
1609.960938
550.791260
-365.172119
-10.847656
262.649414
2690.945801
2665.870117
2102.532715
-314.134033
-1552.348633
613.234375
2350.363281
930.646484
1164.351929
667.575684
-250.265137
892.720459
1266.125122
-654.270264
-58.794556
469.627686
1260.920898
-408.220703
-281.373291
-528.934326
-158.948730
1633.520264
1194.615601
-487.018066
-369.404297
1737.056152
745.931396
1735.398560
159.759521
-166.912598
-2336.262695
-361.234863
1050.239380
1012.841858
1797.847046
122.219727
-462.891113
-336.578125
-1058.021973
903.614868
743.359741
2502.044189
6693.248535
4121.247559
1712.896484
164.196899
-458.911743
85.604980
64.589600
-407.948730
-598.941895
-1355.526855
-372.605743
649.354492
-590.301758
-713.075195
-475.609863
1041.998291
-1163.328613
-5215.821289
-3364.839355
-145.820312
370.643311
2686.378906
115.594727
-2347.430664
-1053.676758
303.861328
-1000.715637
-909.666992
803.814270
259.294434
-1247.172363
-1252.587402
-824.606934
-780.787109
-328.732910
-623.350586
-961.807129
-1942.395264
-1215.474487
70.260742
786.513672
369.827637
961.796265
5.433350
-4.087158
504.183594
113.235352
266.268066
352.356934
-308.679688
-1958.344116
-4779.695801
-2708.206787
322.671143
-318.308350
-1354.016602
-195.935547
-1227.613770
-1789.265625
-121.652344
1054.831543
-481.814941
530.771240
934.590088
501.896973
1883.401123
1024.190186
182.529785
675.005859
2981.128906
2361.152832
468.640137
-114.086914
1197.122070
1309.401489
292.831543
-2030.048096
-1158.836670
-794.939453
1034.805664
35.115601
-86.204102
-189.445801
30.395996
-56.045898
18.956421
731.918213
218.959473
-2289.023438
-2895.580322
-615.034668
1223.622559
-137.370605
-234.991699
-124.875977
-1040.386475
175.445724
1062.068604
886.342773
-304.732422
-1316.306152
143.156250
846.941162
690.349731
-101.426270
347.416016
227.127930
-2501.895508
-2833.106201
-466.169189
385.697754
1151.578125
51.801025
-387.625488
774.312012
-949.029053
-889.883911
92.283936
-437.955811
-96.966309
-286.119141
-524.432434
409.404297
-825.084473
-666.547180
525.912598
1129.285156
175.876221
388.732910
1248.700195
1840.985840
2503.864258
1174.415527
-82.238281
789.562134
1036.108643
1072.288818
1646.921631
1650.256836
1068.331055
1717.484375
769.722656
0.335938
52.435669
699.337402
-132.689453
71.886719
323.741211
202.000000
-2055.184570
457.374023
1225.252197
1229.864502
-1897.323975
-5448.444336
-2161.219727
1379.936035
3269.483398
4629.707031
1064.029785
-1389.853027
431.659180
-23.223877
-858.429932
763.239258
1383.744141
1228.763672
2197.822266
-158.433594
196.273438
-459.844238
-1310.672119
221.723633
-1236.369385
-1299.001587
-1609.216797
-1462.038086
135.567383
660.755371
-1093.018921
763.000977
2541.123535
-359.271484
-838.545654
-1022.634277
-658.752930
-1607.147949
-946.468750
-52.994873
144.404053
-1015.606445
-1012.253906
-280.123047
333.919189
282.058105
193.431702
990.059814
798.005615
127.111938
814.322266
492.446045
491.582336
-1221.938110
-4044.713867
-2463.059326
1680.848511
476.475464
-571.742004
-536.830505
-460.598969
56.914795
-107.792480
-571.562256
-353.699646
1126.152832
-546.487976
1036.535645
3324.359375
1623.421387
160.354980
-413.063965
-717.785156
764.062256
284.260742
419.006348
633.276367
-856.094116
-225.427612
959.859863
1239.647461
1129.513672
1221.896606
2623.192383
2206.840088
676.341309
-272.957520
418.991211
328.096680
679.554688
1022.133545
2641.728027
1298.154541
-89.172852
-1575.646484
-1784.346191
229.202637
71.199219
-524.516846
150.074585
1289.150635
1185.080322
92.092041
607.662598
1241.788574
-515.996094
-47.364258
422.753418
381.311523
203.737305
758.319092
480.447754
569.642090
-112.354492
-567.624023
-444.202881
-3384.762207
-5129.832031
-1835.270020
-754.077393
-501.833862
2628.098633
498.396698
-402.755371
1200.734375
-176.567383
568.598633
-482.086426
-1336.919678
-1826.836914
207.675293
1807.479004
2571.785156
2241.429688
873.914062
-776.886719
-2568.192871
-1035.524536
1028.621094
1301.808960
3229.194336
1545.262207
1547.058594
-410.131836
1248.445557
3379.642090
2271.819824
-713.086670
-1694.769043
-4502.132812
-709.040039
-77.124512
483.271973
362.624634
453.491211
1352.608643
813.013672
608.385254
-144.747070
-25.343750
111.406982
-439.575195
-1086.688477
-267.344727
314.944580
873.722046
482.223755
1524.198853
404.106812
-542.136963
1394.200195
147.754150
102.727600
174.819824
-81.014648
-818.171143
-599.494629
-558.203369
395.368164
477.747559
951.379883
214.715088
1504.655273
1831.049316
-442.073975
-724.098389
-299.257568
-570.574463
-856.599731
-1137.105591
480.209076
346.907349
-1601.710449
622.525024
800.960571
-817.868530
396.720367
368.690674
-311.772461
-238.913574
-387.979004
-1087.373657
-678.394714
-487.007080
-988.407471
-29.879395
262.428223
631.667236
-753.346191
-4918.995117
-3288.167969
-271.417358
-603.807129
-1064.859863
356.483276
-216.673340
-433.123047
626.247559
1040.879395
366.142151
664.086182
1331.153564
1591.631592
1670.033936
1125.211548
315.442871
-838.528076
-1084.110229
-290.726318
-20.596191
-123.037109
-561.226379
-952.818970
601.398926
-1108.913574
-1081.671875
-272.686401
3910.380371
5169.156250
2777.406494
287.582520
2055.831055
863.420898
-1076.324341
-227.988037
-217.060059
383.592285
1214.971191
3961.541504
1715.573242
-433.250000
618.248108
1624.206299
92.138672
-120.518555
-292.389648
399.824707
71.069824
-201.445557
394.793945
273.354858
776.798828
-246.978516
-2521.567383
156.463867
159.866211
545.176147
629.774414
-581.415039
38.348145
171.611816
297.667969
592.930664
514.697754
-651.025391
13.106934
-87.670654
1025.832764
768.501709
-544.280884
2853.839844
1631.830078
379.501953
741.328735
852.118408
-282.366211
223.667969
3.643311
-197.704102
1751.886719
24.597656
115.322266
-2441.841797
-3022.933350
-2709.280273
-1736.095703
-1554.704590
-197.507812
172.546875
177.849121
-94.791748
-736.646667
-3024.033691
-2315.974609
941.404785
1170.917236
314.664551
-438.438477
868.928711
-632.296143
-1005.237061
-77.583984
101.849609
1568.010376
1833.199829
322.983154
576.440918
1529.884766
540.808105
-744.114258
-1978.845215
10.712708
2278.865234
2737.588867
929.605469
-68.187805
-1045.196777
-1239.375244
-1056.948364
-1075.972900
-2112.088867
1143.788086
71.106384
1882.186523
1476.123047
3980.020020
2191.030762
654.837891
188.422363
423.525879
-972.465820
-241.907959
711.059570
303.726562
-477.795898
-634.185913
416.312988
1253.912109
1359.487305
63.181641
231.870605
-466.580078
310.791992
3133.968750
4142.157227
1227.215820
-863.615601
24.827637
-310.632812
-734.650879
89.667969
-138.632812
522.606689
866.472595
1949.507324
-55.179199
-327.857849
-1769.676270
-2605.719971
-897.085327
587.955078
1128.872070
-85.016113
-568.727783
752.619141
-1151.912842
-4110.827148
-1700.054932
622.937744
1756.181641
4685.932617
4677.056152
981.420898
133.664307
781.506592
366.571777
-280.957275
-386.092285
-649.526367
645.862305
725.345703
-4.453125
590.559570
-201.425537
324.917938
799.536621
380.568359
826.510742
-130.724731
-161.729492
-1807.613281
-759.251465
294.339233
3778.021484
6544.832031
3968.486572
2367.136230
959.460632
348.063171
-747.464478
373.052734
288.127563
-1735.530518
-698.699707
1062.624512
578.125610
1223.394775
275.602783
-640.855469
412.415039
254.063965
-67.000977
570.091797
-515.524536
-728.174316
546.260742
576.202148
-409.480957
-403.692871
-506.968750
497.505859
3899.612305
7601.570312
4446.610352
1026.664062
-1537.395508
500.949219
738.313965
-269.270996
308.897705
1272.493164
-92.892090
449.040039
-1642.218018
-539.114502
910.495728
1069.775391
1764.938477
2267.558594
618.265625
-1683.852783
-1063.746338
638.746582
1541.457520
1811.757080
542.112549
92.314941
1366.046631
1562.426270
-482.235352
-1240.794800
-303.729736
-342.700012
2208.170898
2253.250977
1461.328857
-1179.355713
158.108398
39.211914
-171.761719
-515.524536
-485.459839
1379.443848
1203.256836
-12.747375
-466.934692
-864.968506
52.425049
1528.156738
48.945312
157.289062
-394.408203
126.069336
-481.549805
-964.660522
2368.581055
1500.955078
303.801270
887.168091
-387.220825
-241.580322
-104.736450
155.754883
-297.250977
53.373047
57.619629
327.957275
582.495117
762.296387
-158.354004
278.524658
657.480469
654.447754
-195.694824
-2530.582520
-756.732178
1334.953735
968.723145
323.784668
-219.257324
-743.555908
-597.582031
527.189453
411.018555
-59.176270
-658.983643
-322.936035
-315.504395
486.142151
-384.000000
-2184.835938
42.280273
717.525391
-494.857422
253.842285
356.308105
880.968262
1118.546387
-108.259705
-1393.629639
-4770.389648
-2411.087402
1336.104492
-971.413452
-786.264404
-2200.277344
-1965.684082
-472.479492
-1366.385986
-818.136108
-1278.919922
-595.839355
807.792969
494.116211
-1266.589355
-1333.552856
-1426.624023
1579.173828
834.305664
-175.138641
-1166.415527
722.958984
-155.596802
101.958496
902.629028
-2269.925537
-4093.175537
-1355.345215
512.103271
-471.896484
-760.375000
1155.745117
322.332031
-87.592636
466.215332
188.128723
-736.520996
40.065826
88.243164
458.063965
-218.582764
-62.669434
470.367188
-729.101318
-595.075195
-26.518066
335.689941
1652.655029
826.488037
268.004883
666.250000
-406.543823
-1753.799072
-815.796875
946.960815
-10.857834
-337.885498
1191.948242
488.475464
372.681519
311.093079
707.535645
-601.220703
186.240234
-268.544434
-653.018066
-242.864258
-16.952148
525.823486
843.507690
-56.059937
1019.864258
1024.924072
-438.816406
247.776733
1469.105591
733.848389
846.126465
-461.774902
-658.500977
-129.020020
674.468750
5461.731934
7779.686035
2479.559326
72.555176
568.342285
1265.114258
-217.378906
80.423340
657.877197
601.023926
822.330078
159.762207
67.496094
-183.479980
-1801.536133
100.576172
429.165039
-149.626465
1203.407227
-660.238281
-504.121338
1943.320801
1686.490967
-64.845215
156.215820
-168.045410
411.207031
739.271484
160.038086
-1111.591309
-930.831055
-350.382812
-1104.991211
-1338.367798
-849.573364
635.092773
949.994141
-249.651245
-778.021973
-935.256470
-1042.427002
1492.440430
1112.633789
2239.192383
1646.175293
-897.284424
-1013.402344
458.020508
1052.021484
-281.689453
725.721680
907.363770
-113.760742
-833.493164
-998.108154
34.469601
561.117188
966.049072
257.455811
1042.106445
346.645508
-457.665771
225.190033
-748.100098
-3671.296875
-2158.953369
-677.755859
807.435547
201.854004
384.699707
1196.398438
841.196289
1986.622192
3257.735352
3891.786133
311.818787
-753.847168
-436.472656
-3326.193359
-1819.785034
-582.191650
173.385254
-832.562134
320.295441
-517.195190
-1177.693726
795.050537
150.677490
-1256.859131
-663.429565
609.519653
62.880371
1000.804199
-42.511475
-869.854980
-207.200195
-617.692383
-659.114014
-92.800293
489.928223
41.315186
-184.121582
279.185547
986.290405
812.494629
-395.564117
-702.061768
402.332886
821.828125
1528.766602
611.215332
663.560059
-343.008301
-1114.743652
-206.088135
-154.176758
-2712.857910
-4986.429688
-3478.979004
-2581.517090
-1519.660400
-224.936890
421.512573
-714.812500
-791.690430
28.881836
149.015869
371.824219
1176.953125
-43.976562
531.710266
144.737793
-680.938293
105.400238
-1325.187988
254.842285
1149.356079
-211.207031
164.011719
-854.362305
-1281.695801
406.619385
1928.039307
329.169434
102.848633
176.686523
-896.613892
-1273.030884
31.868164
849.993164
1497.306641
306.515625
198.490723
395.449707
-183.841309
-1516.557373
-245.649414
265.768555
671.371582
2093.382812
114.307251
292.756104
1322.526611
5763.862793
5681.105957
191.707520
386.642090
109.435791
898.277832
1089.608887
701.367676
-670.895020
912.025146
131.467896
413.408203
1898.514648
-762.448975
483.072754
27.588379
475.606567
1834.557129
2245.433594
112.978760
-246.524414
-2606.951660
-816.025391
331.413086
622.499512
2961.415039
-438.946167
710.746582
-162.562744
2235.869141
3030.777832
918.494507
-743.506836
-1718.538574
-1520.933350
641.371094
2471.089844
301.113281
-557.002930
1115.528320
1439.959473
1359.179688
1976.687500
1295.931641
809.625488
-5001.873535
-4412.524902
164.408691
673.909180
714.500977
146.369263
563.161133
-3952.816406
-3598.568848
-1830.502686
-1657.142090
-875.997925
81.186401
959.092773
555.983276
1486.578125
196.222168
-391.878906
-2324.656738
-387.219727
-101.928589
28.382324
98.265137
305.476562
34.454102
-1456.824707
-2623.323730
-1243.436401
215.304199
-1757.605469
656.608398
-117.509766
-836.444336
1810.829102
581.616699
322.936768
-310.974609
-1567.268555
-1256.229492
-1034.312988
-542.779785
-1064.204102
-194.259277
857.007324
436.881287
1016.627441
279.600586
107.686523
284.399963
435.136230
767.564209
882.282227
151.163452
-359.680786
788.532959
563.010254
1298.446289
658.202148
-959.343994
407.949219
309.150391
144.807129
410.088745
413.638672
261.396240
1822.283447
-450.310791
-1006.927490
1661.291992
3638.606934
582.623047
-812.810913
788.569336
392.211426
521.504883
820.644287
-937.427979
-818.611816
-133.022705
-996.509949
-51.119629
-532.599121
-341.921753
-882.506836
-857.149414
99.267456
708.288086
4475.951172
4402.981445
-47.889709
2.980347
801.332153
-376.166992
886.892578
1010.639648
811.856934
521.983398
154.697754
-1285.767578
-1466.147461
-178.796875
563.285645
416.299805
-1458.538086
-1859.110840
-599.187622
1148.550049
3886.901123
3870.871826
2689.991699
2018.209961
483.250977
-1260.564209
830.687500
1113.008789
1454.885742
3231.204102
2099.416016
1080.027344
-356.904541
-2086.516846
-124.052734
496.884277
-1029.861816
-1663.060303
204.223877
710.170166
1111.685059
1862.816040
2763.482178
1309.279053
1696.124023
1752.442383
2692.637695
-327.948242
-1492.291504
-543.649414
-153.181152
188.914429
-1247.820801
-35.986084
-482.293335
293.825439
1190.475464
1680.310059
1435.703735
-12.494141
573.816406
-1635.217773
63.857422
-1394.235474
-1114.109375
-1714.918945
-260.011475
795.765137
-86.950195
502.394226
222.476074
1129.985352
822.042725
495.540527
-827.143311
-936.524536
597.578369
1386.717773
2334.548340
-395.383301
-2242.524414
-690.984863
-10.920898
14.007812
1644.953125
1046.739258
237.006836
267.141113
-583.058105
731.814941
1848.906738
1108.727539
-439.372559
-641.141113
-1236.526123
-1060.933594
-2046.557129
-624.386719
318.198242
1037.850586
2560.024414
1135.685059
106.572266
621.363281
-589.012695
898.279297
-819.804932
-960.408997
1025.107910
-405.453857
-241.697998
2312.387695
795.075562
-115.914062
523.673340
-959.301758
640.837891
762.291016
2233.519531
3523.560547
2508.414062
2173.285645
852.100586
-127.210205
14.003906
-397.432129
-693.948486
563.838379
1178.323120
1343.295166
164.311035
1487.411133
2352.389648
-786.854980
-696.182434
-588.849609
-96.834473
1036.863403
1140.880371
-930.269043
-335.881104
-1829.304688
-4149.211914
-776.709961
1055.987305
653.626709
2871.488281
2411.005859
2664.167969
892.069336
-2039.703125
287.081665
696.994629
180.430664
-3473.307617
-4109.570801
-3193.803467
-2909.565674
-3287.346680
-3514.862305
342.846313
607.395142
117.009766
2636.548828
-369.245850
-836.723999
291.109375
186.714844
-87.085693
-137.537842
850.275635
407.262451
-776.626709
155.690674
-107.451416
-389.584961
2497.001465
-431.635254
-56.314697
1393.194092
246.622803
692.134766
-204.307983
-1156.757935
-170.857544
201.029297
1803.445312
1140.236328
-909.541504
-1659.946167
-1293.303711
593.434937
1448.566040
-479.253418
-253.265137
1001.415039
1337.971191
426.801758
798.925720
956.210205
-152.330200
312.696777
1614.031250
2229.657227
-366.369141
-34.948975
232.679993
902.657227
272.801270
-520.542480
-268.753540
-480.642578
1429.049805
195.718262
727.117676
-223.622070
-1072.947998
-1041.005615
-450.675415
-597.093262
-1297.343750
-1126.179688
381.475464
-997.771973
-1688.294922
105.392090
-1417.734375
-1550.116699
800.432983
-84.277832
2582.359863
4481.550293
529.062012
-648.555176
-1261.020020
-2242.191895
450.020874
734.338013
936.512329
151.863281
-430.708984
1986.349121
3229.247559
1064.163818
-268.112305
-873.091309
199.125244
535.794678
1646.926758
5173.065430
2506.702881
-1098.480469
-446.280273
511.984375
-3160.416992
8.864258
1340.743164
3163.958984
-2010.724609
2517.508301
984.135010
-412.935760
-1082.351074
-1014.853516
217.557617
2976.082520
4058.335449
1309.506836
885.392578
-196.027344
-60.130371
61.136719
884.389893
1322.266602
175.973633
-532.988281
-143.179688
-1744.597168
-872.776367
1716.795898
-750.535400
1999.424805
-25.857819
2332.053223
2483.916504
1027.867676
-435.800781
167.959961
-452.947754
1988.198242
918.747070
312.787842
1695.050293
2277.028809
-67.677368
-610.126953
449.322754
632.189209
521.510986
-585.542480
675.216919
175.083435
-492.816528
1613.325684
1412.090332
268.725586
18.289062
683.043457
557.975586
-85.469849
698.205688
413.699707
419.516113
-75.284790
-1169.862549
-135.859009
1194.869629
728.087158
505.018066
338.458740
939.385254
-592.801270
-2420.920898
-2449.184570
-2604.481445
-1727.082520
34.649902
646.630066
-133.794189
-561.650391
-953.898804
112.739258
616.080566
274.687500
-897.865234
-988.808594
20.078491
-622.529297
-684.757568
-1949.935913
-666.713379
-126.206543
170.621582
-65.633545
2047.966797
1191.895508
-476.383789
-1755.186523
466.584717
791.921875
-119.299805
-122.847656
-419.516602
-326.817383
750.222656
342.491211
-815.305664
-4369.612305
-3048.641602
88.611572
-597.085938
274.074219
1432.814575
910.637695
416.543457
518.013672
-266.570068
-924.211670
-898.282227
-1036.524536
974.475464
1403.666992
1137.662598
396.817871
-460.358032
327.604492
195.219971
-1231.409790
164.020508
153.794922
932.821350
54.943359
650.020508
-160.817871
-85.957520
3509.219727
2826.114258
428.368164
-684.830566
-51.833984
-1573.059082
-954.259766
1779.219727
415.512695
-194.053711
-1684.671387
-1256.725464
419.892090
668.659668
-1057.279297
106.090851
-2085.301270
-176.689453
283.909180
-757.895386
-798.952637
-365.869629
87.795166
-199.923828
620.388672
1388.791504
-483.980835
-1520.316895
-1332.979980
837.400391
502.531372
798.781860
-831.590942
-4297.323242
-4132.461426
-1903.146851
-534.604004
-1239.696777
-93.729980
1032.575562
163.841019
-58.320801
-677.795410
-275.857849
576.996094
-228.170898
25.741943
-1629.294922
-1343.680664
968.965332
1699.718994
269.893555
-1.214722
788.210327
-204.418457
-213.016113
548.402344
87.912842
-122.846191
493.686890
148.984879
1403.637451
394.693359
1214.266602
4068.117432
3236.041992
1310.022461
1334.278809
78.259773
-541.863525
-834.703613
-1065.042114
-708.702637
397.787598
-162.116455
-1049.134277
-421.102051
-3053.691895
-5698.998047
-2146.328857
688.591431
948.444824
252.083984
-884.957031
-712.706055
3872.459961
2092.952148
3000.612305
789.299316
-1377.481812
-1173.742310
-257.193848
1028.450928
1446.168457
854.618164
1497.583862
1674.085938
-348.174988
729.017639
-923.520996
-1784.306641
246.864746
735.885132
2183.007324
1832.980469
-299.500977
419.765625
917.549805
-382.682129
226.638184
-143.995117
-159.305237
517.134399
-454.806641
380.215820
-936.733154
-1894.939453
-293.822021
-180.935303
162.994568
18.750000
454.455322
457.669556
-1304.479736
-174.097656
419.165039
-705.835938
-371.363770
-22.741699
107.486816
181.125000
361.836426
561.732422
948.561523
431.472473
-2079.094971
-1213.966187
596.617188
329.388184
-151.227173
-357.222168
-661.075195
-1379.834961
-4361.666992
-2104.376221
61.796875
-907.786377
-100.900879
-488.366699
-944.254883
47.458496
-216.014160
191.530273
-585.052979
-954.440796
557.623535
-325.439697
874.638733
2037.289062
1360.697266
391.893555
-1174.019043
432.135132
-365.289795
-2084.852783
190.379028
797.897949
978.803711
1357.485840
79.237305
758.496094
-259.295898
222.611572
329.304688
-1046.888428
-891.098145
143.034180
771.057617
-501.053284
-1019.574219
-246.714600
-820.509766
1012.464844
471.912354
1722.158203
147.605469
270.187500
872.835938
-210.079102
531.507568
4071.564941
1043.552979
-1513.003906
875.674561
74.769531
426.349121
2528.637695
483.142151
277.180786
641.714844
682.231445
-98.194336
-1073.989380
-1121.588867
-101.046875
870.462158
-665.941528
466.714966
336.201660
404.246094
908.966797
1433.554199
190.101074
501.582153
-657.133789
213.764160
573.528564
961.416748
-1551.352539
-369.420898
-422.797729
722.745117
-366.028320
677.128906
680.891113
-39.503418
-170.179688
-319.948730
326.154297
176.794922
-2.661865
462.103516
401.613281
588.352295
-1354.401855
-2066.886719
-1094.760986
-1275.027100
-1067.102905
-629.527344
40.615234
-224.939453
156.222168
1105.656738
1513.343750
-112.649658
765.806519
675.813110
-237.988281
-57.865723
-224.064941
-1123.857788
-4.312988
992.053711
200.806641
1085.382812
1460.373291
2004.720703
1745.597656
3183.160156
1653.946289
622.179688
-82.176758
-138.444336
-1626.163086
-2416.040039
-354.847656
1082.057617
2553.120117
181.851562
2640.283447
447.579102
-889.674805
-801.946533
40.345703
986.355469
-306.473633
-708.843628
339.822754
964.738953
1402.379395
371.985352
-565.306641
225.305664
1274.111816
-6164.151367
930.066406
274.740234
304.171387
495.392578
199.528809
5.641113
-2457.437988
-5478.927246
-3118.406982
-94.590576
-886.159302
256.847961
554.381348
-84.517090
-857.751465
-204.768311
-822.975098
-2650.311035
1332.383789
878.706055
609.420410
1750.234375
-483.933594
-231.870728
2074.698730
612.594727
-13.453247
-879.373291
-2967.728760
-1284.986572
1326.242188
1001.168457
-600.554688
-324.217773
532.232422
161.168884
-877.254639
-190.044678
924.755798
792.308838
-1282.117676
-1268.336426
-46.436523
201.378906
-383.954102
78.542969
133.068359
-1252.790527
428.140869
977.360779
1472.773926
991.606445
-513.036133
1018.445312
3557.751465
2082.158203
1448.692505
27.327148
-496.546875
1167.257324
1863.684082
-445.377930
-398.398926
329.220703
2187.042969
955.247803
287.180908
-666.148193
-1015.925781
-85.532227
601.669067
-146.389160
-1431.943359
-28.395996
-656.019287
-1904.650269
544.306946
391.320557
-2408.947998
336.244141
821.728271
1093.755127
261.929199
-727.149414
-1254.117188
202.084961
800.627075
-263.978516
344.387695
713.419189
767.903931
-172.077148
-178.738281
50.861816
-34.758209
1581.235107
-36.011475
-488.063477
707.927246
547.652710
375.993164
1084.989258
-1183.569092
-1691.330688
-1669.482178
-628.788086
-186.671143
-885.582031
-749.305664
-795.869141
-1096.146973
-399.543945
435.932129
478.959717
-394.160156
-878.708008
1008.788574
257.136963
-1346.782227
-1169.040039
-3.603516
370.302246
550.560913
485.280029
-859.013550
-304.357422
1351.700195
1160.939941
1385.878540
209.521973
-516.755859
373.985596
19.247070
-1633.271484
-2044.225586
-646.640625
-1159.304932
-1364.729126
-566.749023
396.869629
581.548828
1101.650879
340.962891
238.365723
230.078369
-336.429688
484.593506
720.954834
-356.686401
218.079102
1255.784180
1481.312500
985.049805
681.832275
-1195.997559
43.835449
-537.877563
-313.237183
729.300049
410.904053
194.081055
-1695.500000
-2943.932129
32.712524
766.107605
1811.887451
2746.549072
718.950195
-391.047852
1425.189087
-414.779297
126.475342
-164.242889
534.869141
881.426758
1020.892578
-170.189453
1319.626953
965.224121
559.288574
3854.984375
1066.622070
-418.424561
1743.969727
-3352.776367
-1135.502197
1599.877441
763.407959
1744.335938
1273.941772
1373.642578
595.078125
1008.989258
737.764160
-1895.969238
-4842.107910
-2156.314453
1186.204590
152.072266
434.342529
939.581055
-1435.817383
244.185547
-290.772461
-482.610352
136.723633
-922.161377
-121.564453
-327.312012
-423.227051
1845.398438
868.625000
-198.967484
-2123.128906
-521.915039
-204.677734
197.019043
2.832764
1895.327637
-119.362793
76.436035
918.491211
-795.857849
2276.722168
-173.553711
-494.758789
685.752441
-571.288574
-718.257812
-668.982910
245.964111
1310.142212
766.766113
-375.948242
924.314453
1555.933594
645.099121
410.688232
1340.312988
-272.028564
-223.128662
536.125244
720.137207
-153.500854
-1101.857788
-40.693146
-574.337952
-670.297729
2434.483398
1572.461914
291.723145
116.810303
-1024.636230
-630.241638
956.195068
982.593750
-299.768799
-795.810791
1450.516602
881.599609
-755.446533
881.447876
1008.583008
-70.029297
-60.299805
411.915039
1416.334717
679.665283
-218.889648
1876.613037
1827.028320
661.811523
-282.887207
292.589355
333.304688
136.700073
292.825684
-1054.904053
-2239.090820
-119.478516
224.513428
-1510.139282
-268.395020
2.066895
332.864014
973.885132
1524.962280
792.347412
-384.702393
-709.702148
-638.432678
402.666992
-566.954468
-630.287109
2007.008789
1468.274414
41.913086
1129.785400
637.135498
-637.925781
1569.413086
496.186035
-487.004395
-384.489258
-707.841797
-389.008301
-581.971191
-1051.009155
212.224609
733.259766
-3061.755859
-2644.497314
-500.884521
-281.757324
489.296387
817.109863
324.499512
-411.750488
-1281.254395
-3008.485352
-4108.524902
-3350.460449
-560.484497
928.523926
346.999023
-258.229004
-119.483521
-256.966187
127.086212
834.694336
352.688965
660.565186
909.729492
2072.220703
1962.675293
580.821289
127.227051
322.717773
-736.697266
720.446045
2329.849121
588.301514
-492.275391
-197.381348
59.665283
-325.697021
130.317627
1543.653076
532.378906
121.223145
1258.372803
-350.680176
-749.555969
530.846680
120.346191
-875.855713
988.416870
454.185669
572.025879
-181.196777
-917.428711
-651.527344
-625.625488
-107.648926
889.937744
101.009766
-295.692871
-1193.645508
120.192139
242.802002
1299.108398
913.866211
-3506.057129
-6192.894531
-3843.585449
389.914062
720.155273
-636.926270
241.129883
26.983398
468.636108
-183.997070
24.622070
-423.042725
-693.422729
-293.594727
-313.844299
1151.485596
1275.256958
301.840088
962.438599
-399.875000
-3207.086914
-2814.410156
603.044434
1182.288086
1699.322998
-403.287628
-1682.903320
-175.243164
-836.507324
628.322754
468.030273
485.116211
-504.961426
-466.852539
702.463867
1415.751221
383.280029
-1178.997803
-1567.895874
449.235413
639.475464
-1080.747192
-1069.061035
-1017.118652
-327.342773
414.349060
-309.928833
-1156.384155
179.697754
239.302734
-557.111938
1774.086914
2955.081055
352.298096
-691.927734
-1255.017090
-480.144165
617.357910
1046.183838
1616.363037
741.308594
643.414062
1764.066406
1334.125977
3020.298828
1188.477539
-462.587646
-1040.653809
182.543213
337.210449
-530.888184
550.297607
552.337158
1022.213867
327.940918
108.142166
-1174.712891
-1440.126953
-1145.400391
2638.873047
154.438477
54.659668
-261.808105
471.802795
-607.541504
-2286.856445
-773.812378
435.563599
-926.438477
-1498.537109
161.343506
776.131348
121.244141
249.024658
860.646484
1176.144043
1295.292603
420.754395
-1486.237793
-949.865601
774.917236
782.281006
181.383789
-3044.926758
-3715.571289
172.788635
682.295898
958.128052
810.872803
434.186279
758.835938
-223.399414
2008.231445
1745.281738
-1164.788696
837.951294
781.049805
80.395020
627.149963
63.645508
-557.239746
-567.497559
-701.881775
-979.179199
369.860840
1067.863281
156.520996
32.556152
695.528320
-607.850586
-449.477051
-16.360352
389.814941
940.207520
-482.212036
-1431.547729
-402.941040
46.431152
264.179199
-549.327759
-326.079102
21.710938
-350.448730
426.948242
-680.053223
-310.679688
1044.887695
1246.908203
-1471.446777
580.026855
357.014404
-696.198242
116.020752
-417.933258
451.214355
1043.753418
-44.065918
716.131348
495.729980
201.756348
767.444214
-94.234100
-343.776062
-830.699585
-609.921387
-343.269897
-181.367676
1061.600098
1414.561523
-488.855469
-103.747559
497.633301
437.073486
-203.689819
424.731934
980.897949
588.580811
1269.167969
1081.745117
595.994629
531.044434
309.791992
-827.842407
1962.843750
2665.217773
-474.358337
-154.113770
-616.104492
169.843750
1125.708984
-260.023071
-3965.269531
-2462.383789
1267.088867
1511.623535
1490.677734
355.518555
858.866577
1418.127563
1091.845215
643.421387
358.481934
-779.955566
-2891.524414
-2699.557617
656.758789
1430.155029
-426.876953
-198.531250
349.972168
-238.390381
703.783447
185.557861
167.865112
90.826050
-399.768066
1733.141846
1539.892822
-1005.670776
-965.888428
649.694336
-131.886719
568.443604
1429.087646
-355.761719
-463.524536
1199.654663
504.814331
-479.387695
-1743.026611
-1509.701904
408.956543
291.921570
149.799316
62.751221
281.867310
1093.158447
-837.292114
-593.699280
417.261719
-2530.375000
-1281.202637
98.591431
221.095825
353.246338
-173.859619
859.600525
886.516113
1582.411133
2405.883789
1596.369141
-610.219971
-36.559570
-269.064697
163.463135
340.263184
554.797363
1474.079102
1095.130371
1821.668945
529.277344
494.959961
321.853516
-1719.931152
-405.367676
-556.114990
-1569.713379
-508.942383
-83.583496
-860.611328
-1209.266113
-205.115723
-135.424805
-1601.097656
-1621.505127
-325.955811
-594.995117
270.492432
804.153320
-270.858398
-1215.622070
-421.637695
-3079.941650
-2571.269531
-917.403809
287.743988
1215.838867
2190.902344
998.117188
52.570068
993.434570
-361.388672
-25.915955
452.327881
259.545410
-771.947266
-1554.165649
-765.966919
368.178711
1196.381348
175.033691
-374.659180
-444.411499
-932.557861
-200.129883
1899.944336
1687.990967
83.738037
-383.939941
-1044.807617
-1435.517090
-387.266357
1029.288330
143.937988
-211.842529
1895.979736
-317.624390
-1025.681030
90.640625
-453.485229
814.117065
1661.829834
167.078125
-693.034180
-773.121582
-6.559570
432.608337
-807.929443
493.077881
3192.962402
2636.526611
1231.282227
455.020996
-1638.165527
-2011.344116
-372.319519
-21.282806
2131.941162
1060.142090
-179.814941
1251.354736
723.610352
2509.789551
7544.135254
4950.000488
-509.692871
-246.800781
247.455078
975.516602
273.614258
-1409.193848
-1315.174683
539.935547
2311.613281
2652.962891
-1007.816406
-1825.422852
-2828.190430
-2944.221680
318.163086
361.527344
221.055176
-212.373169
454.045990
695.555908
100.774170
367.475586
489.394531
334.778076
903.855957
451.470947
-753.818237
-1296.510742
52.555664
-204.660156
-303.192200
240.280029
869.404175
31.139160
-243.824951
299.639648
672.128418
635.657471
1495.191895
-162.820801
-1676.939697
-1143.992188
-52.792725
-413.632019
-334.252197
727.870850
1190.882812
1220.707520
-119.508789
-1024.507812
-1454.175781
0.144531
-34.722961
-232.705078
3643.945312
5292.504883
1108.380615
-477.426270
-1604.849609
-2287.385254
285.552490
-140.437988
-1322.703979
-585.330078
110.341187
-495.124023
-1026.010742
406.095215
-174.758972
177.117188
3076.681152
6032.138672
5719.391113
2321.819336
506.034180
1433.874023
479.068359
-604.391968
109.851074
-343.950684
-1176.942383
-240.187561
705.658936
3021.905518
2565.259521
-1129.572632
-1024.369629
-1572.494141
-902.068359
1854.744141
913.675415
761.237793
241.485840
1039.187988
2096.999512
2164.737549
193.728271
466.772217
538.848633
-244.972656
553.203613
811.891357
1069.066895
-359.155273
-1017.979004
221.118652
128.489014
925.576172
3286.983398
1090.864502
-831.076904
575.008789
620.790039
-2207.506592
-411.341309
-89.595703
-725.849365
-754.292969
-466.154297
17.412109
-1189.361328
-3.815430
512.054199
-829.769409
229.055664
519.475464
-1856.483887
-1963.685547
-775.376953
725.996582
430.199219
1824.406250
-919.946777
-1075.951416
-369.102783
-274.331055
-550.508789
983.809570
281.820801
-324.552002
-894.248535
-884.666016
-107.562012
583.231750
915.746582
1119.098877
608.688965
1069.743896
757.309082
1468.091797
1210.389648
-379.905273
-398.730438
103.039734
2193.802002
3730.817139
2387.834473
1306.547363
626.652832
860.589844
613.526733
-316.497559
-735.131836
-7.821289
-439.389221
-749.848816
325.331543
-1923.790039
-2390.925781
-1994.637451
-134.358521
570.505615
1142.458252
1066.331299
-554.376221
-937.308350
-775.297119
-411.721191
-200.753418
372.333496
145.373169
-848.929443
-440.144653
850.009521
830.491150
1064.852661
650.855774
-841.647888
-1643.054932
-250.637451
899.070801
-1414.376953
-3840.465820
-2339.954590
319.426788
1295.074219
1251.915405
1749.845825
501.324097
-591.583496
788.288574
-825.621582
-297.261719
-1380.204102
-484.847656
319.581085
1424.995117
986.607422
3021.619141
4435.976562
3053.435059
1013.625977
496.999023
-910.639038
535.840332
5038.104492
4210.452148
-583.617065
185.399170
515.449951
-70.633636
844.928711
281.907227
752.900391
-445.942383
281.292236
-550.713867
-310.709961
727.649048
1013.819824
460.163086
-1216.888428
-1479.857788
-98.467957
-921.042847
-259.919250
634.050232
-882.296204
-9.031006
818.825684
689.616699
774.061768
-320.394531
54.777588
548.349365
-26.287964
1190.920654
199.323730
-1166.497559
31.395996
-719.093750
1369.149414
2856.003418
459.615723
-899.245117
444.083496
255.778809
-782.269897
-1729.012085
-435.909912
1234.532959
827.925537
24.469971
-578.510498
-358.808289
-2.286621
341.604492
1099.704590
1913.717529
1160.017822
-355.298096
578.064453
2418.052734
339.810547
1473.434082
1228.576660
217.413818
465.002930
95.935547
-582.996216
-3743.643799
-3267.354980
-1422.245605
486.988281
333.088867
-491.668335
276.231201
501.924316
484.606445
556.750977
506.019531
-522.919189
-149.808838
-214.051758
165.900391
-484.744141
-1170.211182
-727.157471
-214.478516
435.604492
186.926636
-255.853516
-537.928711
-390.644775
-622.619629
391.407227
93.210938
1633.557129
616.712097
-415.984619
924.933105
222.147339
203.932495
528.054932
-236.775879
-1257.345215
-374.001465
50.267822
-1092.553711
-1435.077637
-66.366455
-236.881348
2239.586182
1316.802246
-44.270020
369.290710
-352.590820
-973.031250
334.205566
1109.505737
888.574707
247.838379
-232.967285
-1173.603271
-389.343018
-80.654785
-1434.627686
-979.152100
-37.060547
-358.995117
-465.007202
-1222.670532
-715.886230
824.847473
-500.629517
-319.831238
1249.582153
247.010254
-350.794556
-156.625977
-1081.499023
-166.179199
-894.675049
-184.992676
53.930176
453.955444
572.816650
17.038086
-284.192993
-327.352783
632.503662
933.318115
497.306152
-132.370361
-60.179688
178.701416
694.003540
2054.567383
414.123962
-1067.739502
-2633.931641
-4025.393555
-3181.597656
-1814.050415
-151.403809
-532.209961
-508.163818
-156.138672
405.212891
-137.790527
547.481445
535.248535
434.955566
30.273438
-657.851807
-1752.838867
53.455017
748.567139
26.220215
-517.343018
425.546875
219.387451
-304.979736
-1221.306274
-317.987701
-836.029663
956.708984
4147.592285
5067.967285
1441.969482
-745.918945
-669.779297
-27.756836
-1197.182373
385.295715
1511.423340
712.188965
15.053711
1182.331543
2909.815430
2046.448242
570.918945
1274.875244
-67.076416
-71.102295
295.858643
439.981689
-531.004395
-597.828125
94.897461
538.982422
840.291504
1646.585571
1273.975098
-569.386353
-603.075928
-208.016113
-554.131836
440.974579
-1436.354980
-1128.556641
-223.963135
-3025.930176
-2594.998535
30.197510
1427.610840
249.589844
804.888184
-452.815857
-1052.475586
-1143.348633
-6.663086
-270.353027
1340.031494
942.681152
-739.917969
123.245117
-64.226074
-800.108704
-402.839355
-82.899902
-1149.447632
-658.008667
900.872192
2462.187500
2487.806152
445.030273
-607.099121
-651.065186
-177.382812
-1023.127563
-533.956787
-256.524536
-243.556396
-752.958984
-1632.581055
54.475464
-654.179443
-1854.816406
-44.873413
535.259277
606.484375
-202.623047
954.745605
393.585693
195.972656
1236.210327
-223.130371
-1052.937500
-1190.874146
-184.551270
1912.996826
-9.568359
215.853760
-49.308105
-1373.522949
-919.918457
-2365.031738
-4245.567383
-4039.661377
-82.529541
741.340332
-106.401367
158.810059
-1041.105225
-318.348633
315.743164
1818.153809
1117.224854
327.706543
632.756836
-83.888000
-329.499023
1747.290039
299.420898
-608.946655
-894.910400
-258.100647
-890.818848
-1170.482422
-731.127441
262.550110
993.172607
-967.506836
488.070435
2334.742188
171.179688
471.475464
1025.550049
-590.927734
204.320801
401.716309
-483.515991
40.851982
-2543.430176
-1828.333984
584.372559
-101.077515
545.418274
502.364624
268.635742
1975.617188
1107.526367
270.239258
385.418945
1351.078125
2594.881836
2991.314453
1099.185547
-134.175537
-236.273926
444.378906
-50.351562
-1665.931641
122.336914
-49.698242
161.264404
168.689453
-613.203125
223.410889
1190.759277
259.864258
237.284668
-312.961914
-1747.547852
-1178.027832
464.990479
1098.516602
-563.628906
-605.022461
-794.265137
-309.399414
-682.386230
1060.983887
1508.787354
1138.808594
1875.180664
47.062988
-49.520752
-52.473633
441.951935
-175.250000
-121.340820
-326.060547
2013.250000
-409.787109
-1031.946533
-1551.749023
1462.629883
1208.578735
3715.927734
978.170410
697.740356
-467.009827
-860.802002
615.059082
588.826660
250.280579
-925.516235
-77.209839
169.760254
-778.034485
-443.857910
-1800.895508
-671.584717
371.441040
28.504761
407.205078
-43.054688
-4491.939453
-1908.030273
489.270508
883.938477
-7.635254
479.402100
-244.055725
145.404297
3221.024414
744.050598
-851.894653
1196.050293
1262.088867
1293.997070
2768.467773
221.016602
691.207031
1532.664062
312.907227
-51.788086
-577.481934
1728.129883
3509.051758
543.884888
444.817322
189.117920
-807.461670
179.081543
507.639893
980.228516
491.987793
-561.452515
-113.537109
-57.830078
292.010742
484.623169
745.451416
105.673340
-58.171387
-1447.295776
-1995.334717
-56.052307
292.935059
-281.888184
308.063965
54.426758
2002.869751
3392.863281
78.649658
-284.897827
1729.525513
-9.497803
-138.652832
423.095947
395.142151
-2480.708740
-3325.095215
-235.896973
-372.986572
-972.524536
1390.713745
69.142174
-1174.524536
1384.260376
841.168457
-1007.835693
-1063.432739
-261.150391
-87.263672
559.480957
-362.026001
-1861.790771
-1127.248779
1190.898438
681.171631
50.812256
933.830078
645.967285
-304.627930
-177.971680
41.364746
1941.949219
2299.261719
-60.145508
428.956299
-5.599854
745.522461
4435.035645
1999.795410
-962.644165
-1953.686768
-1155.445557
258.258789
322.717163
866.948486
173.452759
-1507.256592
33.465820
98.758301
-259.371094
484.988281
-775.676270
497.427734
4895.397461
4972.138184
1059.016602
-229.911133
-412.792114
170.233643
1634.706055
1334.649414
765.465820
-865.876221
-2688.016113
-540.240479
-241.496552
-1398.338135
-411.972656
-1335.534668
-516.572998
-200.872070
-625.576172
521.171875
-2906.553711
-3674.664795
-267.178894
376.997803
739.858643
208.016113
-1742.786133
-2794.629883
-646.486328
880.829102
-307.112305
472.411621
1135.592773
318.660156
1537.265625
2284.123047
-293.079102
-562.504883
-1264.001465
-917.435547
-1734.864014
-853.497620
-306.484863
-584.776367
1111.263672
-559.072266
-744.676270
166.646973
-467.001953
495.438965
777.057556
-804.429260
-161.737366
955.103516
237.303955
-914.936035
-449.775391
-635.352356
-938.963867
-262.356445
451.500977
505.321289
584.206543
146.482422
-926.057983
480.894165
244.069092
-1216.968262
-518.097961
1780.336914
1517.426758
1904.189453
1084.377930
-740.646484
-482.990723
-835.184082
-27.216797
-746.652344
245.528320
1185.457520
169.825928
-765.346680
-415.283203
-1563.048828
398.349609
1322.467285
-1141.882812
-1590.997070
-67.524536
-1182.078613
-383.186890
305.716949
216.593262
1575.361816
1605.201660
-554.448730
1253.614624
1499.830444
-124.522705
-828.327637
-1634.343872
-1301.788086
11.136230
-889.091187
-1445.927002
223.539551
-457.997528
-1782.766357
1300.475464
58.358841
-520.416992
1670.102051
2658.743164
914.257812
207.854904
774.795898
-1290.013672
-26.961426
743.509277
548.819092
931.314331
-500.021759
1331.685303
4377.573730
1443.758789
-1372.549316
-611.802734
-331.612305
1015.538086
413.721680
-5.190430
-120.879883
440.954834
430.082764
285.334961
728.476562
221.084229
-507.577881
624.388672
86.220215
149.317383
1347.883057
512.151123
487.986084
764.067749
-1449.350342
-222.148438
1134.827515
-178.170837
128.245911
563.575073
81.924438
-455.538513
-146.497803
-587.266235
-4820.648926
-5074.940918
237.972656
1973.615723
1134.942383
132.958740
-2602.367188
-2617.053711
-585.435547
1124.049805
2372.230469
-35.688477
-1185.598145
594.855835
223.230408
-459.467041
374.439941
-573.360596
-805.821777
-607.100586
-1538.252930
81.512329
173.436920
-310.084595
532.083496
1117.165771
523.139404
736.470459
1162.749756
2127.958008
1820.404785
161.754578
97.440430
-278.587891
-791.449829
-1413.692627
271.655396
-450.109375
-1593.930664
895.178711
373.072876
1322.462402
1961.929688
1600.756836
80.958984
198.897461
-1119.931152
-996.179688
158.588257
85.332642
450.265137
-930.306152
383.227539
1238.113037
796.837402
874.958496
580.714355
89.988281
354.982422
1464.922119
214.756714
355.586914
-1943.776489
-237.333008
560.178955
229.736755
812.411865
-119.975098
-90.067871
-699.723633
-833.849304
-418.897949
450.079102
63.004395
-324.582031
-1037.640015
-368.678955
-803.425293
-156.184570
-355.347656
-127.551270
-615.537598
1.896973
-45.139160
487.787598
1624.052979
1181.322754
-505.958008
205.297852
-798.695312
-561.483887
454.957520
-438.883301
-2122.856934
311.021362
170.680176
-508.548584
-77.099243
-429.443115
-103.953125
854.397461
1894.797852
744.948730
121.669724
1596.097656
1994.581055
-154.120117
372.163086
4.070923
-450.731934
675.097656
1664.747070
-641.296875
-2445.200195
-3244.857666
-2104.680664
-989.909668
84.793701
404.575439
-339.740967
767.825439
516.680115
229.668823
366.992798
-166.372559
143.406250
810.645264
1395.912720
662.291016
-259.899170
240.268555
2348.533203
4249.837891
3458.098389
-174.005005
-845.202148
816.988770
1407.254028
1080.995728
77.784912
-353.162659
729.326172
868.112061
66.596680
69.202637
327.002197
4217.245117
4819.567871
675.687561
-352.885254
-89.584473
-699.524536
-4.241699
-130.086426
386.828583
1046.474854
522.607910
626.618164
474.692383
-130.403198
528.967041
403.882202
113.208496
-178.708984
-485.217285
636.534058
351.559326
71.940872
370.586182
438.261719
1343.389404
-2303.270020
-261.267578
2656.874023
2096.282959
-79.603882
-1071.817627
-505.440430
-489.459198
1746.392578
1478.137695
-1786.083984
-158.890381
1063.488770
239.977051
-212.300537
-164.323242
482.930420
-579.582031
-1744.768311
-696.060547
-28.846191
1052.485352
-134.811523
482.867188
-80.201660
2.650879
1468.397461
87.694336
1078.380859
477.867920
376.673340
1506.929688
599.080078
-1524.853516
-1516.739746
-2530.045898
2144.408203
-818.605957
-1265.338867
-580.347656
-666.026733
-1831.747925
-1887.863525
-240.503418
323.511719
447.841797
2.538086
-193.586914
-979.797363
184.184570
-2364.165039
-630.994141
-477.651215
-39.468750
584.794922
-88.219971
810.087585
535.851074
-317.941925
-439.802490
-593.852539
388.887695
-603.666016
323.164062
978.559570
54.959961
1497.766602
800.674805
-434.579956
925.377930
1647.005859
570.827148
113.112305
-1217.189453
803.021484
802.004639
-821.935608
-2020.144043
-1024.868408
772.699219
2102.843262
1246.006348
734.879883
-925.598145
-268.226074
706.873413
512.059814
1379.413574
1162.666504
595.988708
-190.725586
731.346680
586.400879
538.531616
-418.827881
-1055.350586
556.815918
554.826172
-1352.857788
-856.097900
1687.933105
882.743652
604.306396
552.618469
-79.962189
378.878754
425.246582
399.705078
881.987915
246.206543
-458.304199
-656.411621
-803.696594
-1075.961792
-386.108521
484.333008
362.297363
-466.404785
-582.116821
-263.318359
626.250488
950.871216
702.899414
196.990234
53.729492
-1571.971191
329.417236
1353.775391
-399.524536
-1203.026123
675.801758
-1218.140137
-6195.139648
-5470.592773
-775.260986
659.814453
998.480469
997.980469
-136.335938
438.953369
-270.007202
-500.355255
1227.475464
1121.621338
-1194.808594
1996.405029
2938.614746
1255.930176
-370.690186
-1141.632812
-1097.363281
1122.579346
2002.463623
2685.405273
1497.819336
380.800781
-772.607910
-755.582397
920.269653
-145.562500
-903.843262
521.560059
-416.898682
1386.294922
1947.766113
-768.101562
1.637207
-167.570312
-957.664062
84.987793
-916.456055
-41.906250
-415.575439
-1589.238281
-2288.036377
-192.263672
-105.043457
-642.534546
-834.834839
636.615051
-357.064453
-2449.851562
-1606.395996
261.466309
68.875488
-629.520020
-234.513855
2135.958984
1677.062256
-567.019531
-870.475342
-887.602051
-353.516846
185.841614
1030.220215
-215.948975
555.681152
453.204590
-960.473389
-2843.089844
-193.963379
-153.621216
166.230713
1882.537109
2957.749512
2642.588135
752.411621
35.613281
-2219.739990
-5532.616699
-1709.760132
458.188538
-1901.392944
-154.810303
82.696899
-1485.792725
-620.878906
229.277344
-1153.281738
-82.813477
970.538818
474.299805
-193.958984
-465.709473
-238.652084
399.638672
399.174805
1165.491211
766.854980
-110.966797
794.572021
232.936035
1264.868652
2233.236816
613.129883
756.967041
1546.344727
664.449341
515.262695
395.409546
801.036621
607.726318
677.485840
-153.652832
-792.765503
130.795410
-423.452637
-1112.306641
-669.501831
-685.027832
276.900391
-324.505371
-783.892578
-261.368164
1026.005859
-18.766602
-244.937988
1027.512695
1346.547729
927.687500
-180.691406
168.476074
735.763062
-274.776123
965.919922
2696.770264
704.587158
-1372.821533
-1007.146240
-863.584961
-736.125977
-1456.074707
-475.177734
457.961182
515.991455
-654.060547
598.866211
271.992432
-2073.413086
770.243164
2257.082520
334.640137
391.614746
1165.614380
838.475464
-535.086182
-558.422852
1571.142212
799.406616
-331.946777
478.814453
1171.303711
-56.607422
-633.138672
542.520752
-761.858398
-449.563477
179.054688
-2222.999512
-1236.975464
-128.234863
921.401367
2480.178711
2421.657959
-1741.976074
385.977539
248.317871
-818.870117
1500.573730
2023.979492
695.262695
-473.805420
-15.524536
-320.077148
-1053.568359
-693.093018
-793.722656
-525.599121
-493.504395
-645.070557
1387.771973
1693.380859
444.645020
-1077.901855
-1574.902832
-798.071289
-832.331055
-52.890625
-768.585938
-425.199707
-1185.743164
-910.208008
234.405273
-394.129639
495.239746
1334.790527
1049.240479
653.194092
-150.008789
-966.980957
-1570.833008
-1363.957031
862.471680
-129.968140
-1498.656738
-949.007812
476.826172
1785.036865
4060.077881
1608.825684
-1364.277832
736.944824
-427.439209
-622.013672
596.137939
270.860596
286.358643
751.723938
67.341064
-396.595459
766.279297
-674.218262
261.542480
-103.828125
-137.193848
-544.821289
-33.182617
399.820801
472.267090
527.404419
436.142151
-195.783356
-871.926514
997.757507
1652.836426
549.843750
1924.949219
1288.898926
-393.544556
933.349243
409.346924
-126.136475
826.049072
1284.569092
443.650391
1053.387207
348.392578
887.519043
160.230957
-1001.052490
-926.259277
-2964.532715
-2649.311035
-140.312866
764.083008
-964.382812
-382.271484
-643.575195
-1235.909668
24.063965
243.600220
825.924072
4940.453125
4142.232910
580.267578
-800.232422
-2199.189453
559.305176
-44.319580
-15.537354
97.778809
-809.137695
362.833130
491.624023
-232.709961
-408.580566
853.225586
1227.498047
919.697021
1630.180664
1125.289062
16.678223
-40.613281
467.859863
-519.385498
-915.251953
746.353516
-2159.259766
-92.936646
-343.545898
-423.204224
-71.193359
103.068359
746.539062
-437.834106
-281.107910
1435.091675
991.315063
-530.746582
1109.165527
-886.355957
-1338.275879
-1028.222168
-448.623779
481.813965
160.491699
-1033.038574
1533.027832
13.662354
260.049316
-897.260376
1526.838501
1104.498291
516.734253
1611.130737
-465.857849
-470.671814
282.272949
526.351562
241.178223
522.306152
-450.583740
-867.407959
1096.115112
5706.484375
5047.635742
792.032166
-938.789429
-696.415405
369.582031
4198.071777
4407.842773
816.663818
335.124023
12.271484
-55.894531
732.777832
56.087891
-2246.973633
-3172.647949
-1092.039551
-122.275391
897.211670
999.437378
-1908.688965
-4637.344727
-2188.045410
99.288086
1937.039551
1594.888672
-137.884277
-473.036011
44.933105
1073.522949
1725.092285
2436.467773
2835.823730
1022.967773
2148.258789
-100.537109
-1557.351196
-704.918579
-280.755371
-773.716248
46.686035
-2255.785156
894.883789
-8205.524414
-1917.947876
1002.070862
247.831299
1055.808350
-186.279297
-908.393066
561.709473
-17.170166
-1258.882324
406.145996
-415.874756
-782.477173
-845.454102
-819.913574
-157.207520
-48.190918
594.745605
1141.943359
757.216309
-524.284912
-1992.481445
-351.795898
461.499023
725.351562
1068.442383
-60.615234
-856.608765
715.525879
-342.232239
-757.525879
-419.320801
-1256.095215
323.971313
-49.874046
-1242.830078
1223.872437
-516.759399
-707.661987
490.037598
-61.699707
-831.614014
-898.969116
-289.507568
10.894775
312.752441
11.368408
-1117.396484
-677.105225
1464.017090
482.272949
-200.908936
607.272217
266.914062
-64.562988
107.400635
-742.023438
-96.599854
894.109070
-775.938599
-2819.963379
-1003.350342
871.797363
607.692871
916.869141
259.896484
-976.314941
-2099.433105
-1183.798340
63.783203
-535.957520
-1317.124023
-1154.347656
-118.004395
138.292480
468.429688
1526.779297
687.684570
-93.777344
-1499.440430
-250.740723
-222.486816
-883.206665
-972.241211
-517.866211
-507.581055
-702.733643
907.161377
2981.708496
1338.922852
401.133301
-943.264038
-765.856445
69.027344
-719.069824
291.647461
609.651367
-105.063965
-1002.021179
275.499023
332.348633
-25.695801
583.469238
62.638184
313.388672
-581.946289
238.679932
385.431519
697.774658
489.093994
962.631836
305.253906
259.752319
-1107.288574
1387.474609
-44.948730
-490.412964
-66.832352
637.646973
-183.342773
-544.962158
690.475952
757.056885
-273.068359
-404.365601
933.429565
147.194336
-255.755859
-442.721436
-931.276611
-1479.921631
133.309814
-378.244812
543.519043
-101.641602
-1701.783203
86.916260
351.921387
399.909180
1897.478516
347.625977
-151.383789
161.189148
1074.093994
-267.558105
242.920654
826.917053
-607.609741
-301.795258
1646.185059
767.877441
354.996094
-485.804504
2097.840332
-481.260742
-235.321777
521.684570
72.274414
2068.522461
-1474.962036
-2981.271484
-978.483398
1388.918579
1660.631348
2692.951660
-567.865967
-360.016602
1331.316406
-719.893555
-572.322144
-2128.973877
-6719.355469
-4709.436035
646.721375
-1.876709
1.671875
-1014.941895
-853.774902
27.295410
135.016113
106.765137
-359.184570
365.695312
-882.198242
102.059326
823.224365
-1208.898193
-677.622314
1173.053467
738.057617
839.655273
764.118103
438.421387
2631.929688
-573.189453
-468.828613
1500.042114
1323.507080
1498.927246
993.379883
-180.537109
-528.506348
-430.455322
670.948486
-0.865234
869.490723
137.215820
-977.720703
-1013.693848
-3176.252930
-3896.666992
-2765.582520
-366.162842
1740.165894
2357.920654
275.192871
-751.009521
-800.084106
37.521545
-545.320312
-722.285034
214.479553
-91.538818
207.252197
-163.712097
-197.079590
680.379883
587.051025
878.971924
693.981934
-343.666504
-642.130432
-177.275879
686.013672
424.744629
941.889282
593.029297
-239.548340
-7.796387
187.265594
-234.699707
579.634766
1391.530029
-136.583008
1706.419434
2512.492188
397.753906
-691.753418
-1375.416992
422.634766
2089.828613
960.179810
333.341309
5.524414
-257.845703
461.419434
1041.939453
137.407715
28.995361
30.969238
816.300293
1830.028320
492.278320
2326.775391
3038.734375
2970.457031
2692.941895
959.542969
177.279297
574.656250
-190.527832
-755.131592
-383.284912
-727.910645
-459.050293
1205.580933
142.226562
-818.463135
78.680908
-555.949707
-1267.776123
-597.480713
1509.709473
-22.392578
-575.157227
385.266113
-587.527710
622.721191
746.061035
719.373047
-874.037109
1441.069336
623.343750
277.941772
905.439941
67.077637
-1133.058594
-416.315918
-1355.868652
-1634.644531
489.382812
-1606.160400
-1454.150391
-247.248047
657.449707
313.674805
-605.789062
-404.793823
-767.394043
-2688.211914
-1413.740601
1290.107300
780.150879
128.552734
-397.341553
-623.918152
-948.090576
276.038086
1404.762695
-982.986572
294.188232
-123.557365
-147.305664
279.927246
-770.372559
-896.737732
1585.288330
2187.373047
1219.682617
-659.013672
-42.662109
1286.137695
924.998047
-90.869019
97.011230
-2261.145508
-983.452637
585.501953
1468.378662
204.251846
-799.669434
-541.270935
1347.444824
2185.405273
1871.043945
345.172852
-663.573914
-1446.415527
-1725.815918
1621.375000
3280.474609
-1576.551758
-1769.738770
1024.756348
257.070801
1133.584961
804.849609
845.508301
892.062012
-667.122070
-993.000000
-418.919922
324.458740
-703.886230
-1035.252930
594.677490
-51.563477
-323.115662
-607.078491
5.200684
689.465088
1798.603516
1730.303711
1450.030884
739.761841
-1728.151733
-1542.380981
-992.228638
-1401.854858
-1644.112305
-1407.937378
413.272949
-120.004883
-608.737305
-1375.144531
-925.876953
-77.294189
836.999146
-553.832642
-1005.945312
-657.567383
-1210.644043
-592.952393
-369.532715
331.836914
-1697.606445
-1290.465820
-2228.114502
-498.770996
63.167969
1490.567383
-1049.481445
-607.088379
-1156.232422
-140.121094
175.218506
-35.017334
-422.677185
168.618652
-865.628906
6.284668
775.511963
-229.312012
-598.639648
-125.460365
-1082.328491
1503.924072
2632.815430
838.834961
-856.960327
237.239746
1959.944336
2611.217773
-153.048431
-749.037842
1376.667236
-1144.433716
-146.070557
1931.337646
-159.729736
735.776489
1759.857666
-1017.905273
-847.723389
294.707275
1137.531372
-742.145813
631.582825
5082.172363
3581.898438
-224.774414
-2656.057617
-3759.940186
-454.354431
1794.068604
-125.634277
-875.600586
-97.407227
-113.047333
49.134766
2588.414795
771.363525
-926.692871
331.082275
562.203857
940.845581
324.752136
-1183.584717
691.960815
-457.469482
-3806.468018
-423.626038
1098.246094
-48.277344
261.553223
506.581665
562.172241
-430.591797
2379.587402
4388.550781
672.950195
-1272.129883
-578.600586
-1172.727295
615.649475
874.545044
69.596191
2.870605
-856.792847
1469.895020
843.378662
-1254.140503
-2653.334473
-2258.464844
-484.257568
-350.110535
-80.893021
528.406372
-1488.876709
-640.263916
1623.787598
2845.419922
1292.073730
-461.618652
63.315109
-1496.437744
-3206.160889
-1882.657227
-1348.654785
-410.450439
622.679504
1238.534180
952.598022
-762.108582
-1008.574707
-530.395508
578.056396
873.916077
-147.408203
865.621948
214.330566
-352.091797
1142.515869
-323.359375
-35.333984
951.449707
10.615967
2408.864746
4100.353027
772.924622
-1479.212402
-4650.507812
-7527.642578
-4666.332520
-1436.212646
676.493347
498.042480
-439.605469
672.039307
277.193359
-263.574707
-354.300293
529.960571
957.554932
-131.237305
1060.717773
-11.166016
33.028320
863.982422
1843.916992
112.187988
-2658.078613
-4093.520508
-1435.525391
1126.700073
4635.267090
4295.389160
-387.992188
34.790039
703.553711
-216.686279
-704.002930
-826.765625
302.375488
-705.728271
-940.714233
1007.515015
1050.061523
858.015625
641.655273
1535.928711
266.655273
-730.361328
-2145.799072
-2448.180176
-1387.023926
244.389160
-725.341431
1010.175781
1167.604980
-892.562500
-2541.258301
-1301.935059
-179.972656
650.388916
107.475464
-655.495667
-293.003906
310.390625
34.573242
1519.411133
522.166016
263.642334
258.745605
-724.506836
-750.328613
783.803955
1228.965820
1648.472656
-74.279053
1317.107422
-1409.300781
-30.089844
770.806091
450.251953
-1063.197021
1234.206543
2943.232910
-130.484375
-469.819336
729.901123
851.751831
150.924438
254.825317
1492.148315
808.386169
-276.791748
1110.324219
-268.693359
-1379.470215
-633.114502
-662.437012
-1593.913818
-1975.663086
-2040.724609
-230.774414
-248.343262
-977.154053
-280.161621
658.455078
-2461.196289
-2663.077881
-2.607666
1432.088989
5193.959961
5150.254395
974.469238
-1050.126221
1260.977539
280.293457
-955.604309
-157.297852
273.406494
-950.204224
-205.492188
-495.145020
630.677246
1016.842957
-1274.236084
-3329.457031
-3577.606934
-2288.617188
288.889404
780.768555
1888.322266
3957.049316
4362.146484
4019.826172
1891.195557
-1115.904541
287.582520
872.095947
-351.469727
17.370605
395.093262
408.270020
675.484009
-225.152832
-733.542969
-1072.740723
-778.741211
-2232.219727
-1133.416748
-405.252686
-0.477051
2786.712891
3363.945801
2134.597656
-922.513672
-1604.945557
-1313.940674
-30.177490
-171.125000
-1515.500000
446.153076
1423.891602
2079.770508
400.494385
-614.995117
-2739.766602
-2035.857788
362.116455
795.142151
-527.962891
-1088.357666
-1586.267944
-582.047852
-528.283997
-485.790039
275.426270
183.142166
949.718262
1451.508789
908.315186
-1653.476562
-5449.737793
-2244.905518
1014.853516
1685.184082
344.283691
-964.929199
-3733.793945
-3149.645020
-543.208984
398.594727
-1188.453125
-723.938477
704.506226
1174.462524
483.575195
-703.872070
305.648010
-196.961426
-1099.486328
53.913574
574.413818
415.458862
153.894287
1025.229736
864.123047
262.353027
1748.225830
1943.470459
463.117676
429.205078
135.935181
-509.895020
1367.919922
381.265259
907.932129
646.428711
-778.990234
-1535.217041
852.418945
379.000977
64.708008
-1039.528564
-642.670410
-42.613770
569.592529
1010.100708
1986.430664
462.270020
562.476562
1343.432129
1725.808350
1691.131836
-1062.363281
-4194.871582
-2396.042480
-294.026367
2365.416992
1134.153809
1423.811523
431.843750
936.527832
-781.903320
-303.351807
37.883972
2240.814209
664.200500
-845.289551
-367.687012
-296.132324
-1610.648926
-719.284180
181.921875
1741.931885
6964.120605
4525.973145
-3278.109375
-937.720703
-42.513672
640.510132
192.714844
-297.521973
424.614746
392.475464
-1653.884766
-3438.489746
-1853.751709
-1617.130859
-1198.219727
-1142.837646
-1218.600586
-907.465820
1851.869385
1089.108398
1311.717773
740.531250
845.758789
1081.708984
331.157715
1133.625977
537.968750
1017.013672
2396.593750
2055.604492
92.985382
-862.410400
-279.916748
-155.581543
73.397461
734.539551
376.121582
873.573730
728.060181
636.228882
260.022339
-160.431396
1483.953247
99.925781
357.990051
226.037354
-748.369141
-685.738281
-15.092285
-578.800781
556.704590
1301.793945
715.572266
397.898315
26.064697
926.781250
2099.304199
689.960449
-193.009033
-383.722534
-537.714844
-884.778320
278.450195
-697.423340
-443.614990
-1153.464111
2663.304688
3887.530273
965.781250
5.217773
148.995117
583.937012
737.898438
82.436523
-1572.083740
-934.948975
67.517212
114.640625
941.614258
-483.564453
-1457.312500
285.403809
407.036499
1612.873535
2596.895020
455.229980
-218.683105
637.219727
2241.294922
-934.518555
-95.960205
-542.647461
-768.282227
860.455566
-422.467773
-559.363281
15.853516
-440.857849
-214.375732
-211.944092
-855.384521
-2188.596924
-2657.726318
324.082031
275.556152
505.217773
-284.998047
-570.153076
1349.792969
981.718750
489.974121
272.244629
-479.094727
-1806.144165
-1800.977661
-1363.431152
-3182.712402
-949.290894
560.435791
1474.142212
1779.198486
991.014648
-1526.307617
1015.877441
568.466064
832.316650
3274.242188
3932.033936
1587.249023
-873.219971
-1030.634521
-954.741455
-32.233398
549.531250
42.675781
379.907104
1861.535034
3387.601562
1205.530273
10.187500
812.915527
904.350464
-25.904419
-566.002014
-412.930908
1228.114380
454.964966
-1081.342773
-204.198059
-943.298096
159.693237
360.722168
-85.524521
1601.551880
682.833252
-395.395020
184.433105
-326.331055
-772.871094
859.692383
1787.358398
717.561035
-878.395081
-542.875244
-499.033691
-741.995239
-667.030273
666.487793
1030.414062
-513.288086
-1537.182617
-4825.427734
-4740.763184
-866.285767
71.531311
267.210876
2295.434814
3236.980957
2279.758789
626.849121
-1001.142334
-1581.666016
-2873.905273
-845.589111
1283.864868
904.390625
1655.213013
1267.664062
658.273071
696.951538
1234.176636
-811.371582
-1199.358398
460.211182
326.278076
-561.291504
-4.539673
86.801392
-217.184570
-627.701172
218.219238
2042.354492
2636.103027
228.226807
554.570312
162.464844
-818.834961
912.740845
1433.716309
1263.015625
570.720093
-792.700684
-1878.203857
-676.219727
947.544434
-577.604736
624.169434
467.463867
-561.585938
281.441650
155.869141
-317.150146
426.817993
-208.616699
176.450928
-845.182007
-525.839355
201.819824
-362.016357
-712.203613
-923.335693
-695.524536
222.940430
-1472.559814
-1908.066406
555.166992
855.903809
-13.525635
-1370.420898
-590.317383
134.566406
-585.911377
-1329.761230
908.444702
522.119690
-512.755615
64.183105
-623.332520
-810.522949
755.227539
-154.005859
-163.473145
735.205566
1962.847656
1264.260254
60.918869
-727.648438
485.284912
563.878174
-198.840332
-104.929199
60.437012
-266.821289
-335.235107
-13.745239
4967.604004
5713.125977
281.661133
-1008.156982
1386.784790
135.451660
401.865234
662.148438
56.576172
-2330.264648
-493.183228
551.422546
-1249.069458
-601.501160
1040.040161
1122.181030
602.234253
275.585693
434.266510
-2720.510986
-4388.279297
-1607.149414
513.480469
1419.793945
198.253906
155.649902
1442.606689
341.423340
755.684570
1000.732422
131.768799
1004.534912
-113.895355
-396.567688
-598.053223
-1081.148438
-523.755859
-516.010742
-1642.410645
525.324219
-174.687988
301.932617
2719.772461
1583.571777
73.935303
-1506.633911
-1888.267822
-224.961182
-818.268555
-3166.380371
-3090.552246
-3.885254
131.497070
-599.432617
341.236572
332.982422
-1689.872559
-1635.158936
293.618408
679.729004
2000.943359
872.343262
16.742432
29.053711
771.176758
882.357422
204.635498
299.026123
1451.056274
445.079590
282.944336
-48.937988
-862.888916
636.886963
146.698730
-188.838989
2791.173828
2066.910645
-666.001465
2048.315430
-1490.959473
-747.354004
290.596680
-449.250732
1279.941406
1145.521484
144.292969
-323.730591
430.364746
1580.640625
1370.865479
-585.329590
90.293945
-493.928711
512.476318
1303.976562
-189.435547
-30.608887
-828.901611
-819.496582
-1742.641602
161.652344
507.142151
-233.046875
-407.910156
-835.943115
105.879883
-758.815430
316.064453
604.600098
1752.142212
2019.711426
694.832031
-559.125916
-1913.682129
244.772705
-191.781250
1646.285156
1960.307617
-1314.401611
-3376.863037
-444.091797
-328.579102
-366.721680
-318.841064
-672.298828
-1089.208252
1398.573120
1868.502930
512.561035
318.180664
-733.167236
30.117188
-870.515869
-795.624512
1865.320312
-458.803223
-84.477539
216.108887
65.764648
1064.210083
1776.448120
248.514648
-330.734375
-1651.408203
-1207.904053
-1172.749512
113.566772
993.242615
-183.574951
-677.657715
453.608643
-2352.295410
-1647.002197
1317.541016
-268.448242
-1010.501709
-348.483887
-101.381348
650.835938
-69.127197
-915.993408
-1069.953369
563.315918
-3395.593750
-9146.613281
-4905.871582
384.675781
485.979919
2110.548828
-448.626953
-624.630859
-298.686768
698.596680
438.061035
422.314453
-454.153809
-439.995361
-423.736755
-410.096802
-102.669922
1279.859375
346.652832
1400.129883
683.716797
878.301758
111.812439
-2946.646729
-3659.174805
110.830811
10.241699
-973.578674
-1316.567383
-830.908752
1306.845825
-374.811768
-2683.392090
-2824.974609
-70.024414
275.367798
-1325.644531
-584.231079
-1428.695312
-2350.860352
-1701.673828
3028.796875
2935.497070
789.739258
89.237671
85.406250
678.592529
1142.003540
775.245117
2811.558594
2749.081055
169.845703
-942.702881
-794.684082
-344.627441
744.549805
817.791016
2585.479980
3472.634277
2289.541992
-482.261719
2591.723633
1003.142578
1377.096680
-146.427734
-295.062500
-537.595703
698.592651
1072.038574
977.898438
1698.085938
63.909180
-74.561035
-317.169617
-1906.986328
353.252441
2287.420898
693.344727
4345.946289
-13.186035
1019.329102
1167.752808
844.461914
-70.317993
487.781006
353.812500
-754.718506
-1147.144531
-967.506592
-422.877197
-751.692444
-227.252563
-308.971069
-1332.204834
-478.524536
1187.621948
1670.435059
581.783997
-168.654419
-209.395996
121.266602
307.953125
908.862610
-607.926270
-1245.768555
-638.971436
-183.542236
-305.067627
682.968506
1245.158081
550.215820
-958.081055
-2138.905762
-928.585449
-342.395508
-1455.881226
-1307.965576
-632.591309
-1497.639648
-65.905273
393.902588
1652.247314
1278.728027
974.052063
812.325378
40.947754
749.638184
-774.201904
-637.013672
203.496094
240.702148
644.308838
708.561523
-39.457031
893.314941
75.523438
823.787598
824.357300
-33.436523
-233.030273
-93.780640
-151.950195
-198.260742
-2132.165039
-439.517578
381.195312
1642.671875
3915.971680
3476.475098
1589.891113
-274.877930
-706.317383
584.636719
-1260.742188
704.722656
905.101318
73.253418
-954.007324
106.213867
1165.665039
400.904297
677.233887
314.649414
1173.132812
876.351807
-337.977539
-423.200195
171.093506
104.360352
-791.007812
1378.876953
1986.714844
1202.700317
1165.851562
1310.224121
1285.225830
701.321533
-492.898193
-1498.795410
-1811.008057
-1689.565308
-1762.003906
-1316.423828
-330.558838
-25.278320
-622.135742
307.670166
-582.911865
1227.714355
473.845947
143.559570
-710.812012
372.199219
-1492.212646
-786.079346
510.830078
-421.255859
-1296.875366
389.750000
1412.111328
-519.922791
-1523.893066
-956.867188
-1062.677734
1484.216797
320.694336
-8.294739
952.653320
3234.440430
1265.786133
-454.418335
-385.938965
-904.208984
66.524902
673.119873
-345.766602
-515.456543
359.135742
239.313477
71.240234
975.294678
163.052734
-120.212402
1059.672485
107.593262
-796.191284
452.754883
378.187500
215.592285
836.683350
7.298584
-487.980225
-888.384277
-124.703613
447.821533
341.809692
-98.946411
142.205078
-514.759766
1436.323975
1199.310303
1939.547852
1531.426514
1322.497070
346.359863
-47.894531
-163.499512
-260.170898
286.100098
-19.217773
-833.676758
-2578.097656
678.763184
-459.597656
-1919.962891
-636.328369
-216.727783
385.329590
444.081055
1178.642578
1170.843506
472.356689
593.160400
-1183.740234
-842.072021
-786.857849
-983.395020
-595.449707
210.879395
1197.442383
4189.823242
5736.315430
5772.668945
2468.016602
125.304199
1111.873291
1235.863281
60.725586
2252.807617
1246.248047
146.062500
334.856445
-437.601807
-938.107910
-8.235971
668.844971
-539.574036
-1448.270508
-212.387207
-698.528809
329.969238
-610.261719
903.807617
71.676025
874.344971
452.437866
1164.142212
1342.778320
-2122.764648
-3847.552246
-1060.804688
36.652588
-694.275391
2035.894531
-333.784180
-604.287354
571.293091
243.367188
-640.130371
-1873.565430
208.511719
-138.846191
928.245605
139.582275
915.575562
547.208008
96.849609
345.202026
-2013.884033
-2404.065430
-466.153320
-420.710938
-1598.779541
-94.519897
551.107910
1589.982910
1657.158203
5367.672852
6458.612305
3418.318115
-300.093506
-971.485718
-1417.926636
696.725281
-385.837036
-1380.187134
0.041016
1176.773682
-705.957520
-106.389648
1213.818848
887.240967
96.136963
-274.313110
1022.343689
1052.190430
1054.438232
861.579346
-834.257751
-538.208252
439.848389
-562.369141
648.568848
456.688965
300.714111
1311.483887
740.810059
947.806152
-276.336426
-332.107910
-1557.241211
590.039062
1555.555176
1355.475464
-319.345459
-1423.341919
-1303.051270
-102.832520
-455.784424
-496.551147
-328.836914
-978.432617
12.410645
792.130005
447.602905
82.321533
-310.295898
611.574219
-135.422363
-1251.802002
-1033.276245
-653.783813
-384.971313
211.220459
-540.081543
-555.824707
-335.812500
-602.558594
1547.338135
2799.041992
613.068359
108.206665
306.025879
-1364.354370
-1859.709473
-534.483398
-336.862793
-717.035645
-1935.730469
164.777344
117.708984
-2202.020508
-1746.764160
499.193359
-439.063354
685.973633
1012.252441
314.919434
4451.467773
4108.650391
890.189453
-3260.322754
-7989.576172
-4286.084961
424.173340
290.222168
130.115723
-578.247559
-32.498779
959.813965
102.155273
-934.499512
-1551.715210
-1035.711182
-387.819946
-531.145020
1555.937256
1654.416504
659.618652
-440.168457
-1203.383789
-1048.503418
441.166016
-646.369263
-483.836182
2218.142090
786.954590
736.504395
2099.990234
1703.874146
-756.095825
-3898.164062
-2548.906250
885.852783
1769.582153
1419.299316
-232.225342
754.880981
160.229980
427.535553
1591.658081
-357.585205
-45.356201
848.632812
-857.119080
-819.799316
-385.863281
345.090088
890.755371
181.902832
1229.730469
815.405273
-794.411987
196.679443
1227.958984
1189.304565
774.667725
-1089.343628
-200.078369
1382.174316
323.961426
232.808105
84.260010
-235.375488
-721.762329
122.308594
609.041992
-95.559570
-486.131104
742.305664
707.769043
387.518066
203.201416
-243.666992
-329.288818
-99.406250
-4597.840332
-5539.225586
-2520.354004
167.059570
478.538086
1108.446289
344.290527
-157.447037
21.489014
-1022.278320
-2821.460205
-2375.252930
-155.170044
764.316406
854.103516
9.868896
403.450439
514.076660
797.578125
1377.788086
4.507202
-790.033203
415.663269
722.096924
313.013184
-1103.549805
-844.872070
498.190918
-802.720825
-1395.812256
234.027588
1226.067871
123.187744
478.756348
1295.210938
291.491211
178.979248
-293.554932
773.475098
2071.714844
830.969727
-303.018799
778.503418
894.747559
1855.620117
1663.828125
870.180664
-480.241943
522.253418
872.406006
-933.742798
-326.192627
-2000.572754
-4690.552734
-2527.646973
-1429.052002
71.931152
1535.141113
888.514099
-646.707520
50.434326
620.779602
-163.524536
-468.333252
-242.687012
926.621094
-4480.489746
-9769.275391
-5514.437988
-191.270508
938.075195
2438.235352
3131.313477
-215.159668
224.520508
1610.885254
48.648438
179.810303
838.819336
-287.607910
709.274170
173.699463
-777.026489
-534.375488
-19.287842
690.142151
-50.348633
685.925293
-413.348145
-1369.895142
-857.116516
364.906738
1390.212402
-1738.389648
-6054.229980
-4409.292480
-419.117676
-58.015137
-401.524536
-335.316895
47.578613
-782.844971
-1299.862549
224.166992
1242.984619
425.025208
-216.245850
-1154.127686
-1276.206665
-818.282227
-115.819580
803.323975
1045.051025
506.243164
1437.064453
2898.945312
1669.703125
393.729004
967.369629
587.475464
-48.656250
-549.458008
-470.283813
-14.079102
507.517578
1441.837891
646.479492
-1080.489746
-291.404297
107.870605
-3123.584473
-1608.247192
1545.002686
-232.916992
31.241211
336.132568
814.176514
1760.492676
890.519531
240.041504
-185.817383
1518.483398
3739.974609
4823.045898
2343.213867
1169.950195
274.884766
-802.833496
-449.224121
-1548.084961
-2857.628418
-1775.715576
-274.817383
1183.805176
1227.387207
-310.895508
-448.263062
-51.429810
-3.617920
1627.639648
1853.349609
-68.964600
-998.191650
-1145.514160
802.133057
1094.798584
647.880371
-69.283691
807.322266
1538.544800
-640.158264
-993.438965
884.222168
-347.796387
-516.112976
-918.122803
-352.758545
978.924194
415.980103
276.219971
-92.793457
-430.774414
706.713135
-749.485840
-499.874817
1254.376953
608.346680
4040.315918
724.115723
-800.021240
574.443359
297.510742
-164.711914
-1110.902832
-71.705322
911.125977
-621.413086
476.738281
1138.752441
-586.430176
-133.492676
949.640564
-383.356201
-884.617798
142.575928
-905.225098
-517.850037
201.855469
1052.988281
1789.176270
-754.150635
-2695.131836
-899.506348
174.542236
-687.279785
969.002930
1160.667480
-914.837036
-903.953613
-68.033203
-604.952148
-1144.003662
762.983398
1713.676270
1118.970581
-698.684326
269.685303
873.131836
80.475586
179.853027
1091.144531
1626.886719
-166.533203
-14.046387
1002.890625
-891.485840
-653.763428
-647.731934
-120.583496
657.748169
1768.871948
952.803650
1332.217773
1362.365234
1260.171875
366.743164
-78.277344
630.441162
-952.524536
-350.883545
437.377930
672.820312
327.322998
256.819824
809.894531
-984.552490
370.517090
-364.730469
1263.459717
4011.975098
1816.542236
-649.421387
-37.885742
-1539.482910
-809.524536
-255.589844
169.793457
502.121094
-286.542847
-708.539062
-984.272949
-292.909912
1441.588867
1501.455566
211.551941
-1136.130371
-148.340088
1040.887451
488.558594
935.935547
3477.433594
236.260742
510.459961
503.475464
-125.921875
-634.165039
-402.814453
-224.031738
1490.342285
671.817505
-187.856445
625.951172
-342.086182
-724.871460
-780.389404
-2189.939209
-496.279297
2310.822266
-868.857422
1589.587524
3269.311035
307.343994
-929.299438
130.112061
656.156860
1192.682373
65.035767
687.966309
3.092285
357.911865
1050.569336
813.734375
335.562500
-797.159668
-767.345215
-1417.574829
-4652.438965
-1849.907227
-2890.930176
-598.009277
982.553955
2303.507324
3924.425781
-737.576172
-309.817505
725.601562
-176.826172
1061.475464
297.722168
-1120.859131
-194.857834
874.386230
1365.148926
954.870117
117.686523
-1284.145142
83.773926
453.843750
787.610840
2016.753662
-7.148438
-4375.144043
-7738.284180
-7035.204102
-2273.838379
589.976074
-184.386475
-451.869690
176.425293
-264.417480
-798.665527
258.553955
-227.691467
425.923950
957.942688
-1051.744629
-410.197754
-455.452148
-25.567383
-476.598633
-1824.618408
-581.161865
-1856.978027
-1658.236816
-105.631836
-557.641602
-35.665527
895.894043
583.196533
1628.202026
616.422729
236.763672
847.116455
775.279541
132.321289
-70.788574
998.019287
-23.069702
-901.325745
807.287354
1316.677734
-2037.579590
-5464.392090
-6581.764160
-1905.633301
756.509033
738.491943
38.053345
-1925.249268
-1466.882812
-503.165039
1555.750977
-690.435547
-870.038574
-523.513428
-862.240723
325.461182
-1232.754517
-1333.475586
708.333008
501.826172
2026.218750
336.618652
-380.331177
1214.392822
-507.710724
-293.374512
1692.880859
1148.761719
282.298340
-221.171143
-492.544922
1605.060547
1261.789551
-1045.575684
-642.972168
-899.087280
-1188.661133
33.869141
-263.855469
-411.709961
1138.061523
-355.239746
189.238770
187.662598
-483.272461
201.663300
237.956055
-2521.565430
-2102.991211
-587.231445
-610.695435
-461.793884
-77.181885
507.409180
-243.408691
-184.760010
68.847656
-253.886475
563.018555
691.034180
1044.873047
1140.669434
787.978027
-167.472656
-942.188477
2496.492188
412.929443
-1187.895752
59.345093
1103.177246
135.016113
756.489868
1654.475464
745.754150
-194.829102
1469.472656
324.588379
-428.293945
-317.117554
-2033.782959
-323.381073
165.636230
556.490723
438.135254
-901.241699
-505.357422
318.406738
-246.757446
-2810.416504
2055.192383
2310.514160
-711.670166
-460.360840
902.945312
512.369141
162.568848
-320.498779
694.750000
1101.082031
114.098145
1571.425537
889.299072
124.732422
166.599609
644.022949
-642.552002
-511.395020
-376.880127
400.731934
1340.428711
177.773438
-1890.903320
-1279.634766
-602.494141
-108.488770
1509.707031
2255.468750
-829.414551
-2620.152344
-1916.322021
-525.201172
84.225525
1724.290039
-254.764648
-1165.365723
-162.470703
982.427734
1987.101562
-773.786865
111.142166
296.652100
-264.255615
193.475464
387.728516
-537.593994
-278.723633
938.016602
1468.160645
10.158691
-924.064697
419.717041
1022.695618
835.039795
1252.543701
177.268311
-333.895508
-394.359619
1161.744141
1401.599854
-236.765625
-704.759033
-388.866211
-706.302246
-101.390625
-281.594238
-723.215942
-772.665161
823.293701
-527.205322
281.860199
897.378906
156.364258
152.958984
-639.352417
-1009.054626
1147.707764
2345.899658
2584.318359
-333.201172
-699.340820
-649.820801
-2175.197266
-571.013672
965.226013
-696.221680
-440.943359
-657.705566
-1113.182251
-1244.524536
550.572754
2221.688477
2137.195312
847.703857
-531.386353
-688.234863
119.771973
1161.991455
-77.303833
244.089355
363.798828
-304.348145
-210.750977
-370.900391
-3104.602051
-2927.238525
-536.069336
2303.257812
4345.829590
1608.852539
-1448.429199
-1459.165527
-347.557129
668.305664
1072.114502
-1048.491943
-176.735352
224.981445
982.963867
555.783203
-1237.505005
-1817.049561
-3.459961
-547.189575
236.225342
-1326.591675
-3517.343994
-374.145050
1133.684814
-255.947754
-944.436279
2809.081543
279.292480
145.264160
45.218781
-929.766602
-3855.885254
-949.734375
694.637939
1097.930176
1180.924805
-3397.894531
-1266.832275
-778.954102
1929.684570
1174.682617
-787.253906
24.678223
580.267334
1166.512695
1155.137817
129.535034
-40.628098
-422.412354
-333.213379
482.685059
824.306641
903.758179
905.992310
-738.419434
-355.868164
-1056.265381
-1342.288696
924.560791
-316.681641
-304.306641
970.863770
790.380859
340.162109
-798.060059
-938.221680
215.825684
-409.874512
-515.698730
-614.684814
-773.561768
-2.611816
-98.710938
1250.239258
2283.076904
1727.591797
793.868164
709.133301
535.504395
1144.928711
-82.377319
-1391.330933
401.865448
-874.672424
-668.866699
-179.355225
-2367.333496
-1289.679688
380.170898
1865.258789
1472.580078
975.939941
957.930176
-380.626648
-54.151855
-714.650635
-1930.598145
-410.416748
901.994751
918.210205
3.142166
-362.620178
912.060608
611.900391
196.388428
1073.610596
-21.683655
-1514.635986
-37.271729
585.340088
-621.541870
-879.216797
-2771.011719
-389.768555
-379.983887
581.083740
529.825928
241.458984
282.137695
655.274902
-123.669678
-1136.537598
-587.653809
-1128.848755
-92.988770
2458.664551
353.600586
-1330.754639
-2819.435303
-2714.428711
-78.013184
259.271973
389.608398
879.796875
803.553284
-405.925781
232.125000
-68.857819
213.771484
1119.225586
730.519531
-190.282715
-3183.268066
-3770.649902
-1027.583496
318.327148
2934.939941
3684.963379
885.857910
-561.896973
334.806641
916.935913
374.376038
520.805908
-452.192871
-3387.229248
-1037.751465
153.626465
-984.857849
243.435059
-292.747070
-104.467285
1209.409668
1577.458008
3504.480225
434.193359
-509.906250
-51.893555
-963.443848
2564.713867
2342.916504
-863.218750
-486.434570
-414.783203
241.794678
49.786133
104.607910
-1011.415039
-669.070312
-3.061523
-882.329468
515.345703
1684.264648
368.619995
907.732910
-739.653809
-1928.361450
1292.215820
5903.841797
4245.698242
141.419678
-1070.498535
-1143.654541
-1170.124268
-1242.226807
-500.053925
-1219.267822
-671.095703
-456.473633
765.794922
642.778564
-418.450928
-1122.199219
-1248.272949
-734.366943
-437.812805
81.510010
819.317139
-578.563232
886.501953
1961.063477
-967.036621
-1223.520020
-466.460938
1202.268066
1708.884277
828.628906
380.279297
-1265.120605
-758.272949
762.218262
-641.303894
-250.921875
1490.196045
1395.834717
-236.203125
1125.419922
191.919922
-1950.903809
-3509.902832
-2414.815430
286.714355
-196.938965
-1004.640320
-1102.479492
-1053.465332
-2152.650879
-1863.899414
-349.273438
-160.596680
215.397949
799.156250
-263.099243
-723.650391
-568.624512
893.903809
-2004.423828
-677.044922
-367.780273
-405.681152
-941.255127
-30.677490
1470.339600
-339.015137
-1366.746216
102.066162
979.689514
1175.075684
1149.332764
-1162.591797
-130.597656
538.372803
414.954590
-459.054199
-562.291992
-1181.311646
-2491.331299
-2745.415283
-3897.709961
-2819.955566
364.335938
655.945312
638.030273
1695.766602
537.560547
-91.385742
1210.483398
-17.045410
1114.479858
549.609375
654.908203
1873.077637
1515.105469
-58.736572
-2288.858398
-1558.660645
1334.077148
3688.931641
2729.389648
313.588989
811.837402
864.643066
-841.391357
-76.041748
2491.359619
1325.791504
-306.269775
1154.426514
2179.769775
-431.732239
-606.028076
1967.127441
960.210938
-587.154297
-426.059509
804.229004
4063.074219
3441.398438
334.357422
-1237.794800
-89.721191
100.512207
-1445.338867
-2427.761719
148.029785
-85.195312
-525.869141
1379.880371
-138.203613
-908.440918
-400.943359
-959.768555
1746.833496
-1859.137695
-2866.742188
-2324.428223
-822.233398
-213.335205
501.176758
-819.131836
-1136.727051
-523.493164
247.075195
940.234863
-510.616699
-0.162842
-182.670532
-1749.545898
-453.114502
-50.524521
-1383.121704
-1200.711426
-1210.825195
-317.270508
544.128906
902.967773
272.788818
187.613281
258.134338
1234.050781
935.493164
1387.756836
1417.346680
955.500000
-1665.421143
-616.950806
1283.396729
1416.050781
484.034912
925.987427
-1950.945435
292.202148
4346.507812
561.208008
2638.617188
628.505127
-639.968384
754.299316
-748.617126
-334.584961
968.295898
646.347168
693.208252
1747.565674
832.860596
64.357422
-1048.768555
47.049805
-502.994141
601.101562
-799.035156
55.659668
1779.874023
1364.392578
1044.323242
-9.245605
-1869.635742
123.199463
167.561523
-1572.494873
-2483.682617
-1355.564331
-737.723145
-373.892090
-379.787842
-75.357849
369.525879
-1676.965576
-2768.074219
-274.329102
284.093262
-344.771484
-1327.079102
-5482.830078
-7866.612305
-1824.345215
1405.545898
546.974121
-273.456055
676.796875
-576.255371
-799.852661
1921.301758
2227.163574
-230.810059
-783.271729
-278.868408
-664.585449
84.896240
381.624512
148.029785
1438.501221
1059.365479
-299.804199
-570.443481
-684.265137
334.440918
670.627197
1178.953369
4554.347656
3613.420898
506.933838
-776.768555
-81.595337
235.179199
2345.586426
2861.485352
2954.079102
2345.653809
781.483521
1394.089966
-182.653809
-1953.361328
-302.006836
1349.214844
581.163574
433.080566
517.725586
-746.106934
-633.439880
930.606812
-20.917969
190.002930
1916.599365
111.678711
-109.796875
-1094.079102
-427.628479
172.413574
889.786133
1052.478027
-1068.635254
-550.492188
658.454102
185.018799
-349.054688
153.805664
110.173340
308.645264
-155.200195
-280.984375
1400.349121
-1645.524536
-965.043457
-1136.702881
778.995728
2909.910645
4915.741211
1239.627930
-302.478516
-2074.183105
-4296.980469
-3263.048828
-80.854980
1385.569336
1076.432617
-405.364746
1281.842773
-432.806213
-512.794922
-1148.317383
-2023.791016
382.227539
197.281799
-557.339844
-2207.199463
-1322.248047
240.394043
-86.733887
-883.856201
-8.752441
658.009277
1149.537354
716.826172
-255.862793
-673.913086
-2574.521484
-3970.094238
280.574219
194.912598
-347.280212
1025.093506
-1053.083252
-946.750000
227.929199
-378.479492
1028.556396
1022.498047
43.955322
849.695190
616.643311
-243.524536
464.217468
-1596.199219
-1383.024414
-1394.015625
-119.929199
-255.378174
-456.735840
-497.479248
-567.815430
-19.277832
433.873047
-704.447754
-3228.431152
-1637.775391
936.539551
1138.597168
47.986816
-234.764893
482.358276
-116.005127
-1041.997070
807.915161
371.004639
395.387207
-487.616211
-1169.720093
-287.503906
-1096.919434
1029.226074
760.639526
1317.066895
1449.121094
-109.401367
-188.117676
216.951172
232.334473
-3.955322
1604.686646
3491.939453
2330.048828
-223.211914
-67.047119
-1431.534180
-3194.279785
-1363.312500
325.548828
1186.931152
282.279297
105.392822
-102.424072
-911.570923
-1485.591797
479.030273
-830.528320
-665.351562
657.642090
1387.901733
616.551514
-708.328735
369.642883
580.417969
1462.109375
748.294922
-315.155273
-399.799805
551.179443
-1205.691650
-1223.645630
-1480.046753
-1385.568726
-1261.055420
-629.609619
194.326904
1372.217529
425.301758
-2404.640381
-717.000000
672.604553
-453.322388
-648.687500
588.002441
649.847900
1369.896484
1565.805420
639.029175
83.194336
1508.447266
624.887695
-1286.612305
462.758789
-479.748413
-844.233887
-471.603760
-609.006470
-1489.766235
-612.833252
-519.501587
-1113.561523
338.032959
1175.460449
-126.950684
-369.295898
732.167969
1190.200684
1168.675537
-1772.940552
-1654.209473
-1682.343750
-256.053711
911.337891
598.457031
-1308.909668
643.130249
1042.448975
357.546387
1441.275879
1287.702637
-423.665771
279.677124
650.894531
-1024.194824
47.140625
3914.807617
4380.555664
1921.420654
189.464600
1109.322632
1094.293823
-251.406006
-290.000000
373.779785
-1372.603027
-2119.896240
-1023.646240
167.246338
135.905518
-0.622070
-348.939941
-723.989075
482.907227
479.224121
-1972.156738
99.977539
991.758789
-831.959229
184.074707
1347.450195
628.700195
-163.655823
-203.276367
-486.787109
-451.741547
1418.591797
1801.118652
57.729004
-839.019897
-196.714844
305.322998
364.694458
2822.359131
1219.755859
1303.931641
159.886719
197.082520
395.373535
674.703613
720.634888
323.808350
-398.459900
-698.028809
-180.656006
-390.796143
430.547852
30.455322
-742.988281
-2249.109375
-52.715820
1194.395996
1493.530273
1406.990234
402.155762
-458.231964
2.134521
326.735840
-207.062744
-1629.497559
-1670.382202
321.565918
2322.934570
3398.330078
612.069092
-1236.409912
1582.521851
1026.682373
1835.865234
3782.326660
1574.352539
-151.353027
-1030.862305
97.349365
408.100098
1282.947266
-2354.737305
-1993.178711
-2390.234863
-1138.824951
416.239136
1075.464722
-314.754395
2148.801758
1129.422852
-493.019043
231.024902
-765.931641
215.803101
493.456055
-211.039551
408.899414
1581.253174
1372.486328
1243.374512
727.478271
-384.026917
-1346.263184
-14.022583
832.493774
420.250000
285.180176
239.692383
764.789062
1633.406250
-257.079102
-496.455322
-538.042480
198.552246
-729.570435
-288.482666
522.333252
852.895508
1746.550781
-2744.330078
783.315918
-1662.582031
-5796.408203
-4252.473145
139.235962
1172.963623
1607.779785
-207.604980
94.101074
1064.010254
-168.892334
109.978027
613.558838
103.586914
548.436768
-1312.382812
-1366.244141
-691.674316
-126.559570
-463.243164
701.462769
529.127441
-646.723389
-2332.299805
-2533.246582
-997.251465
180.378662
-1467.732666
-1376.149292
-926.457031
-33.691895
469.166504
-325.616943
177.285156
-711.163086
262.768555
1527.142212
2728.858887
1368.564941
-1157.733276
-114.406281
610.885132
-59.270264
-195.538574
290.085449
412.990234
156.650146
-979.568359
457.964844
574.845703
890.846680
524.971802
1049.743652
287.076660
-1112.628418
-316.825317
776.026611
-561.961426
-2341.120605
-2321.768555
-1476.115234
205.927246
-280.678833
-401.603271
994.349609
102.253418
428.721924
1241.353394
-611.249512
-248.679688
-797.190369
-6158.487305
-5240.067871
370.990967
611.584961
-393.159668
1190.817139
857.061401
108.085938
622.154785
-711.391235
-317.844727
-116.243530
-169.564209
4384.256836
7000.979492
3485.631104
1285.625977
-1493.564453
-2445.049316
-2001.439941
-962.981201
100.522949
74.502197
-95.523438
1347.444336
722.053223
-281.698242
-1647.155273
-1549.167969
-202.458008
1648.442383
5903.673828
6261.088379
2486.554199
79.737305
380.527100
784.700684
253.001709
336.256836
0.199707
-235.725586
22.092285
209.164795
834.909180
262.515015
-205.424805
719.699707
507.283691
-890.863281
-3018.913086
395.571289
-42.030640
-959.837402
269.177002
-563.365723
312.715088
579.303711
-1717.657227
-2653.821289
-1789.524414
-797.117188
682.489258
-24.849609
-569.750977
322.457031
1131.803711
-665.857788
365.980469
476.470703
640.219299
-197.958496
-459.547302
365.449707
1056.462891
1540.493652
52.366333
-942.385254
-527.524414
-1588.160645
-1475.340088
1193.190674
2383.196777
1419.834473
709.255371
1690.624023
2748.643555
2214.833984
873.597656
434.102539
898.211426
438.391602
-639.261963
-830.623047
-258.715332
-431.974121
-120.307617
362.573730
1122.763672
367.251953
-592.003906
-1409.077148
-168.867676
861.912842
-1250.372803
497.710938
1471.791748
506.313232
647.801758
1800.241699
655.967773
-211.237793
532.438965
-179.952637
88.332520
1232.509277
-251.857834
143.613770
-1469.617676
-2303.469727
-403.255371
160.814758
718.950684
253.396973
-341.313354
2055.286133
1403.937500
-229.024902
497.068268
-329.902832
1063.638672
26.169922
482.349365
750.384277
215.891113
414.959229
-207.260956
-942.221436
-867.233032
-1085.559814
1000.224609
1278.680908
-691.671143
-237.529114
-261.790527
-1076.803223
2669.693848
3275.475098
636.524902
488.930359
-652.599121
-1358.784180
805.304688
2174.992676
2505.151611
370.446899
148.563965
1410.563965
752.914795
532.938965
8.569458
-550.441895
-1176.564453
-407.132324
-275.192871
-635.248047
-385.118408
-263.408447
-571.809570
-299.970215
-2189.696289
-1922.765625
904.478516
2646.176758
3359.156250
897.450684
-1004.055176
-222.006104
-75.723633
-1304.317871
-721.358887
-2231.057617
-2635.985840
542.073120
1205.429199
-513.093994
-717.728516
30.489746
404.898438
-107.078613
-489.369629
1370.835938
743.679688
496.660156
-9.156319
-391.019043
-396.568359
-315.446899
1144.490234
1636.665283
1437.949097
-80.801270
-450.580566
1264.859375
-555.924194
-713.644348
-511.368408
-715.058838
-59.094299
1903.435669
882.643799
-54.875000
465.994141
-510.912598
1046.459839
4552.578125
3241.580566
40.616455
-1069.073120
-444.485352
627.676270
-712.524536
-1528.239502
-1711.990967
-2029.614258
917.637695
706.482910
-1226.643311
-1462.133423
-1805.581787
-603.111572
234.569824
954.632812
-768.256348
-149.212646
792.308594
173.327637
330.482422
756.644043
-465.289917
-1460.547852
1503.534180
139.033691
173.710449
-295.745605
141.301758
285.798767
-571.130798
323.160645
-209.511230
-541.681824
135.799316
1878.948242
-329.556763
-1129.208130
1099.920410
62.883545
-497.682617
101.027832
101.893066
83.835205
34.566650
246.248413
975.471191
-1750.892090
31.771973
-1458.190674
-841.969238
742.744751
290.549805
1652.945312
2638.722656
-779.380249
-166.394531
-502.270996
-765.831543
404.816895
-883.236389
0.110352
1887.245117
1413.368652
327.171387
-49.516602
381.873413
1111.027832
511.173096
-436.410889
270.485596
-273.517761
-1894.344971
-261.712769
423.989014
2486.461914
2722.207520
-761.612793
-292.477173
-1048.151123
-321.995239
1764.930176
918.288330
688.190857
677.191650
-162.929688
-1355.231567
-831.737976
1179.629028
118.988403
112.482056
1392.397217
-641.486816
127.363037
1228.160400
552.336792
-654.442627
324.286163
-9.266754
-3135.497559
-2964.744141
168.853027
889.740234
-383.984131
-305.790039
-1609.501953
-3480.557617
-1665.709961
619.243408
-530.582520
963.744385
1517.416626
1774.015747
749.599365
668.596191
1676.754883
100.996338
-1001.647461
-332.774414
-2275.208008
-1093.128906
559.106445
-31.830078
-578.340332
584.525330
1112.034790
-905.621338
229.839844
2776.824219
1264.634766
580.788086
1012.317871
-470.408447
431.368164
177.770996
-122.971924
863.042725
1423.246338
1270.142212
1068.358887
848.951416
1221.207886
1285.640991
1406.813232
984.306641
-655.495117
-971.052734
-260.143066
-107.132568
372.225586
613.540527
-246.681152
-648.185547
115.638306
-300.179688
881.859863
1251.279297
606.236328
333.078857
-197.807617
-22.599121
1671.693359
-1894.502441
-1192.875244
-112.186523
606.738281
156.375977
-1641.158691
-2131.657227
-738.650146
-118.019852
-1329.846924
1633.313477
-185.082764
-606.243896
2724.752441
2329.405273
140.264893
486.628174
-241.439453
-703.619141
-631.033081
-1024.265259
-134.508301
1254.565063
345.126099
-157.945312
98.986694
382.408203
-716.615723
-700.819580
83.019043
-105.527832
714.416992
129.268250
-1511.646118
-1457.696533
791.144531
1812.416016
1585.180176
363.117188
-647.627197
-746.970215
520.206055
929.881958
1217.960938
933.011719
-1355.072266
-366.293945
-2697.070312
-3637.927734
-313.363525
608.743042
-801.871826
36.149536
-121.898193
-1883.415161
-1490.994629
-1580.885254
-291.034180
1115.787109
475.333862
-658.556824
651.780518
805.737305
1384.486328
872.673828
759.157227
537.349121
-221.617188
-1498.442383
-699.989258
-100.376953
673.756836
373.520020
1062.240112
2732.143799
2821.181641
1465.096680
522.777100
644.497070
899.523438
546.807617
-86.903198
-558.516968
-1768.572998
-909.446228
1287.109131
1163.647705
-250.563965
393.027588
742.277161
-820.697571
-912.360229
281.832764
825.442932
207.421082
333.473145
1280.801270
591.700073
-78.705231
127.372559
267.130371
2899.191895
3361.040039
-28.050598
-1652.040771
-5659.164551
-4018.900391
658.141602
-501.294250
-100.185791
1101.823730
87.502441
-233.507446
-994.603027
416.943848
2215.374023
1240.191895
292.062500
-975.307678
321.477539
1068.347656
982.168945
969.376953
2739.703369
1972.805176
51.197998
-245.690430
1518.269775
787.893433
-1059.287476
-550.635498
429.419434
593.169189
-621.818359
-1357.488281
-2079.093262
-51.386108
164.161621
720.348145
-304.410156
145.161133
-273.269531
-389.813721
194.092285
355.357300
-179.661133
-2091.345215
-3289.918701
-1373.263184
-4.071045
616.679688
310.665527
981.926270
3631.555176
6416.390625
3930.846680
270.021973
-968.132324
-675.132324
937.826660
2001.084961
417.881348
-1022.989990
1414.665039
454.615234
1169.565430
246.645996
124.096191
-1041.231445
100.085640
187.169434
-2647.284424
-1348.789551
-4418.590820
-1415.441895
1013.214844
1648.322998
1873.619629
450.060059
-330.169678
-702.499023
-732.766113
-1301.896729
-3524.166504
-4497.620117
-810.803101
448.689453
385.788086
524.189697
147.405670
999.365234
-505.220703
-664.763184
-1512.744263
-415.916992
1835.005859
2473.080566
19.159180
-2328.639648
-1495.455811
70.534668
2336.349609
3377.333008
1739.715088
-329.965820
168.714355
-569.152344
-32.308594
1293.673828
-1567.570068
-1913.334473
-398.307129
1118.772949
-1783.041138
582.253174
996.221924
-1011.246094
-555.624023
-518.962402
-2051.898682
556.780273
-81.960938
-1582.646484
-3.388672
705.653320
-125.082520
577.324463
-369.309570
287.553223
749.760010
1204.513062
890.736084
770.188477
841.952637
1411.117920
1125.708130
-568.853027
5.408203
669.588379
-501.425110
434.030762
195.833984
-379.578979
1385.726074
95.174316
86.729187
1330.438232
22.146973
-259.296875
-124.092896
-1259.396362
-1767.565674
-1893.700195
-496.342529
212.747070
-1081.207031
-71.241211
-282.960449
-275.909424
-895.184082
-772.614136
-1667.711182
-1294.306641
-196.698242
790.942383
1117.796875
-54.958984
-2200.393066
-92.561783
75.245850
-98.341797
811.984863
132.001221
-1330.174805
-1109.567383
-444.077637
-190.167480
-237.505371
-446.493164
724.866699
158.015808
-597.586426
1104.200195
-1734.177734
-5536.328613
-3440.279785
-178.606934
-952.481079
-763.794922
-475.808105
-16.734375
226.092285
1245.858398
1050.929688
-985.570801
117.606445
-290.211670
663.793213
646.655762
803.460449
875.564941
43.899170
-460.940430
-152.691895
1832.582764
229.488525
438.639648
828.630859
1240.045898
1724.091797
467.920898
783.865234
-1187.898926
-878.025146
-483.109863
-2312.471191
-3008.887207
-1185.949219
519.083008
-587.678467
-1213.385376
-562.235840
288.413025
1303.452148
1086.474854
107.022461
110.727539
-652.313477
-1154.150146
-193.142090
-666.087891
309.558105
1826.803223
3488.825195
1504.045898
-1137.670410
-117.956055
-1769.846191
-2941.059814
-765.636719
1081.907715
1026.839355
274.601562
-3462.009521
-6419.177246
-6358.430664
-3445.500488
-42.109467
600.343384
-781.461182
-222.686890
1124.363159
324.415527
-720.031982
-630.912231
-584.496094
1285.599609
695.690430
-101.551758
-277.357666
645.301270
1219.480957
778.166992
38.544434
341.994141
512.511353
-16.574219
35.741211
1710.251953
683.041260
225.914093
1605.863892
733.368408
362.989746
-387.215088
1473.736084
4216.187012
2195.281250
-683.444092
305.580078
214.558594
-624.660645
413.270264
-1608.366211
-4295.333008
-1895.466675
-40.988770
589.850586
-293.105713
-6081.840332
-7435.017090
-1580.116211
590.239746
58.442139
-878.254761
448.435791
1745.920410
-393.609375
555.511719
329.960449
-1047.906250
-400.472168
-488.093994
1452.948242
3907.197266
-123.666870
-655.993164
-1004.183594
-662.004395
379.475342
-1013.133362
-1092.344971
-270.185303
-1215.363037
1437.762695
1945.581055
-38.487305
-81.896484
19.750977
1267.817383
2437.841309
426.837891
-521.037598
1006.444214
789.197205
1117.537476
-186.954712
-588.085449
-10.667480
-358.466064
947.487732
3912.766113
2022.447754
-188.316010
869.943359
60.250000
611.802734
365.321289
-27.991943
1153.094360
1412.605103
-109.438477
728.280762
946.280762
762.916504
-665.555664
-358.641846
1011.213379
631.049805
636.478516
556.105957
1420.516602
562.713135
-766.467041
1385.549316
895.544678
-1264.255493
1748.656982
707.195679
376.119781
4041.813232
5502.627441
2122.606445
-671.716980
-461.655273
-35.130859
315.977783
829.268066
-354.209961
-802.560181
605.237793
418.790039
-223.774414
54.862549
1289.756348
610.193359
447.158936
-1006.328613
-734.628174
204.548340
-195.547363
-504.700195
-118.825684
-335.956787
838.513794
1031.929688
-126.634766
-415.786743
-583.250000
684.044434
721.167969
321.027710
-679.021973
-573.812317
-11.072021
-421.785309
-2975.767578
-1910.354980
586.979370
790.187012
2410.948730
108.815552
-1753.594238
104.851532
1066.920288
705.783813
172.505127
-199.630371
294.315308
-110.787598
-156.234375
-905.664001
-1027.356445
44.280884
470.042480
-105.849609
-826.314453
1094.831055
1737.291992
120.932617
5.928223
746.217529
-414.011230
-554.297607
-322.015137
135.551270
757.005981
-374.398682
-557.863281
-1219.126953
-1165.365234
9.511719
1758.860352
1296.750977
394.365234
1103.685059
-3004.637207
-4731.999023
-1636.371826
-127.767578
4118.724121
-54.948242
-650.561035
-2086.260498
-5095.419922
-1494.149414
-333.850098
-985.388123
1651.838379
572.915039
303.878906
1381.475464
562.476562
-273.049805
-402.729492
-58.412354
-0.725098
-1047.184570
-1412.937500
-1619.100830
-1532.287476
-907.906494
265.532471
1386.214355
211.997681
-712.536621
335.868164
80.023438
157.674072
40.095215
1807.455322
1023.165161
-539.166016
536.573242
-577.802979
-1981.720703
165.898315
824.501953
798.901367
-15.657227
-615.314941
1104.912598
404.830078
863.276611
85.515625
-3630.826172
-3475.188477
-140.243042
-477.661682
-1293.893433
-708.296692
398.235840
118.840332
876.189453
-523.013672
1724.273438
-726.406250
-687.991211
-611.763184
472.437500
150.263306
1746.803711
4833.226562
3746.319336
320.211670
-1334.596191
497.062012
159.122559
-277.016113
1003.666016
-122.491211
-212.788086
1629.990479
1887.859131
882.156738
1860.157715
3221.961426
1439.939697
-767.017212
-975.553711
47.418457
1166.379883
932.323242
452.543457
-212.705322
1457.455078
472.129883
26.467285
-126.757568
-2316.014648
-2903.985352
-196.113281
1006.872559
-551.857788
8.769531
-338.605591
-467.350586
218.745117
-401.294922
1729.836182
-419.969727
-113.720703
1011.196045
-603.918457
400.352783
515.880005
-1333.278076
1055.236816
1625.889648
704.581055
-979.181213
-1103.936035
143.256836
862.699829
810.634277
726.156250
-129.645020
1167.344482
1345.582642
195.944092
201.756470
799.492676
444.392578
137.410156
205.920410
162.154785
-1873.184082
-3388.154785
-2195.320557
-410.547363
1354.475464
344.458008
25.848389
-388.573792
-222.874512
337.962402
-381.848145
-838.313477
1081.340820
694.424316
273.471191
-105.658081
-1226.261963
-1191.349365
428.479736
1951.651123
1140.190674
-32.670410
133.353516
-1161.015137
-1615.777710
303.733398
298.069580
403.891113
1007.475464
-516.570679
-1246.329956
382.477783
757.483398
2037.592285
4613.712402
3148.109131
-125.437256
-377.554199
893.348999
47.309204
-674.291077
-1017.784241
-2875.695801
-2712.680908
-180.006241
126.213135
542.370117
956.568359
945.923828
802.902344
-111.108643
697.797119
-476.419434
2145.033203
4279.789062
4313.863281
3818.828857
2006.074707
-502.598755
-1490.270508
-496.634277
866.315430
325.464355
-1370.260254
-78.410156
942.744507
-226.779541
-362.672363
572.990967
583.915771
1213.811279
1632.212891
612.273193
-530.527832
-168.248535
-484.977539
-307.526367
453.812012
-170.737305
-829.351562
-1861.055298
-1083.318848
991.111816
-491.509521
-560.654297
572.825684
-752.538086
577.050049
1623.177734
-112.055176
-803.415039
-779.857666
231.420044
-202.615601
2019.372559
3955.500488
67.058838
-494.782471
529.260742
-147.860840
-461.473389
196.105774
970.501465
534.341309
867.601074
709.458984
406.926025
1376.100098
961.754883
-370.916016
801.741699
1857.863281
1255.459473
465.540527
-489.314453
108.582031
1092.152588
1199.731445
-194.104248
1696.801514
2435.812500
968.513672
757.133789
1960.563965
1936.639771
278.291016
-585.169922
-1206.639160
-93.367188
487.410645
5.297852
-89.528320
-1581.370605
-3289.035156
-1232.154785
863.807617
1364.029297
760.337402
-835.716675
-722.323242
-515.143066
1968.229492
915.261719
-785.439453
199.063110
1534.375732
12.269043
1046.471680
2045.026367
719.594727
83.885498
1383.142700
1114.103638
-29.257324
-1236.394165
-1030.193359
515.142151
382.006104
-235.568359
726.810547
-785.724121
-247.754059
611.486145
-1935.129639
-1616.105957
-604.738159
891.652344
189.422852
-183.634766
1554.167969
1164.992188
-892.824707
-611.774536
-2135.524414
-1237.475098
-162.704102
-1520.211426
562.142151
-236.233887
1048.840820
1721.755859
2981.778320
862.585449
493.807617
119.306641
105.737305
-2144.738281
2351.977295
3675.159424
-1081.712769
-503.524536
-39.216064
34.097168
730.329102
262.864990
370.002930
1016.760254
271.883789
927.841797
207.473145
162.910156
-1435.535156
-577.344727
-638.025757
605.178711
2453.270996
1345.069824
-164.270020
-35.915039
-878.083984
-604.226562
-658.315735
1054.631836
1931.959961
889.792969
848.008789
1051.009766
-1109.461914
-86.572754
1500.055664
-21.277832
-205.449219
739.197754
-882.998901
-468.187500
1059.991089
696.585205
-796.632812
61.589844
538.929382
-707.542969
217.595703
1871.150879
1807.291016
1749.033203
-830.511353
-1196.704102
721.533203
28.322510
-828.358398
797.708984
890.627930
-77.472412
-17.982178
-1089.857788
-1815.444336
-162.191162
1023.922119
477.064453
823.716309
52.895508
-29.987793
-824.698730
-1725.956909
-497.439209
802.183594
-1337.688477
518.718750
-1669.573242
-1537.914795
1019.650146
-777.172363
-3550.117676
-3281.766602
-610.152588
452.093750
336.041748
-36.204102
-183.773926
174.990112
1651.029541
299.611511
-1542.293701
-903.273682
-457.228271
-353.380127
-852.166260
173.484268
552.887207
-718.665039
19.840576
588.226562
134.376953
-590.321289
-486.516724
-1152.524414
-848.509399
189.142166
-693.379333
-1869.636841
300.497070
701.019531
-239.303711
474.519043
301.176514
-92.250351
217.819214
226.740967
18.155518
-1115.886719
-2272.506836
1400.198242
1117.354004
509.706787
1226.949097
241.097412
142.067383
-416.657959
-699.536621
228.722168
825.937683
435.599121
-48.930664
140.912109
726.576660
565.875000
214.627441
914.109863
-557.624023
-1573.822388
2017.744629
3426.305664
2894.166016
292.323242
-119.918457
472.820801
1254.383911
1341.546631
1559.160889
524.496582
-588.068726
22.365723
1654.259766
418.185059
-621.333008
-833.630859
-700.420410
422.100098
989.831604
-588.143921
-167.491440
1373.475464
1192.725342
686.963379
583.572754
-1244.663574
-665.463867
-2344.378906
-4583.406250
-5409.065430
-3582.582275
-1270.886230
-286.329590
92.908691
838.427979
640.992493
989.194336
784.991211
-769.546143
466.020630
-992.769043
-667.142883
-1152.821777
455.199371
147.826538
5115.626953
4781.650391
269.139648
-1108.518311
-364.677246
-467.105469
46.306885
-791.539307
491.508057
1126.109009
-14.596924
-525.710449
-321.530518
101.475586
-1043.259277
-1431.847656
376.841797
1045.424316
-188.176514
-357.235840
110.211426
682.233398
686.531372
907.557739
1685.561523
60.532959
-1092.546143
536.943115
233.292847
1620.734619
1179.475464
-927.739197
-85.378357
-87.795731
-421.067627
514.480957
187.318359
-124.335449
-734.985352
95.005371
-1260.926025
-513.054077
541.062012
-216.154907
1256.017090
750.653564
-797.854980
222.309570
-344.671387
493.248108
290.724121
-365.816895
-483.488770
-971.101807
786.307129
322.441650
-1072.052002
-508.646484
163.029785
1541.902344
1760.446777
1352.879395
-1074.815186
684.291016
1219.849854
382.688477
210.893555
-609.790100
-720.780273
454.260742
-186.736572
-781.650391
-410.841797
-242.077393
-425.584961
191.534241
957.402344
516.539062
566.774414
-1364.147461
215.743164
-577.937988
-757.790527
1529.068848
3946.602295
4588.126953
3023.028320
637.146973
-23.518921
672.014893
282.564026
-213.025757
-1394.011963
-868.872070
2774.524414
87.256348
-154.459229
104.062988
-688.912842
574.314697
781.487488
1015.530029
1727.837402
-6.840820
-1685.747803
-713.897705
333.092773
-127.343750
272.994629
241.486328
478.053223
487.391235
495.764893
-712.072754
-2915.164307
-665.466064
1426.147461
834.341309
582.683105
-559.059326
-6.789551
447.372070
708.646973
-29.150391
-2648.850098
-1056.489136
602.664551
-489.739502
967.346802
1759.080078
717.024414
3142.019531
3380.533203
1259.824219
-2716.677734
-3769.116699
451.203369
1772.539062
761.961914
-900.558289
-3520.915039
-1558.468750
-211.322266
-471.124756
185.574951
-1946.257812
-263.069336
-77.283691
-500.895264
-269.124512
1077.881348
-89.854492
848.191406
1124.666504
-718.156006
-751.955811
-830.721924
-1500.517090
282.627930
1909.669678
645.800781
755.046387
626.138672
440.838013
-321.442017
-488.479462
-281.653809
221.741211
-222.572266
204.259766
-265.315918
-902.518555
674.913574
-862.897278
1465.181152
560.775391
286.111481
274.760254
524.244385
-334.011963
744.243408
847.989746
591.790771
844.603027
169.818604
-366.313232
-463.377441
-114.040527
539.113281
60.589355
1698.310547
-907.789062
206.430664
1008.530273
1997.812500
-717.990234
-1043.857788
-177.991211
391.446289
4473.163086
-231.470703
-550.480469
-514.778320
-439.846680
154.757324
1183.327881
985.416016
536.667969
-918.728271
-130.418213
380.210938
-931.045898
79.466797
-305.107910
-883.890869
736.278320
1396.581543
-578.465088
-179.244873
128.823730
576.221680
1128.216797
1020.401855
238.215332
252.465332
-81.151367
579.734375
-680.191528
-336.088867
-664.557617
717.473145
639.916199
433.804688
533.453125
-149.831055
-432.964600
1227.890625
4769.554199
4192.818359
33.706055
307.201172
1866.519043
-278.862549
-395.647217
28.279785
1077.150024
2304.778320
1348.379883
215.376953
-1241.300293
-1365.110229
-296.128662
1045.405762
155.732910
1044.509277
-672.606689
-2507.183838
-610.053711
-630.370483
-688.108276
-451.874268
-956.134766
-2093.324219
-710.509277
532.626465
-614.083740
439.026611
583.067627
656.571289
-700.929199
-1363.907227
-1100.143799
166.976196
347.771729
-852.439453
112.302979
1087.932617
451.237793
672.135742
-906.587891
-235.628906
1464.815918
1156.536499
-2410.153809
-4983.517090
-2774.659668
-951.110352
206.262695
1388.625732
211.096680
218.061279
1039.571777
985.464355
691.164551
547.036133
685.978027
-525.160156
251.437744
-579.820312
-955.524536
-977.380371
-598.838623
130.324219
-353.244141
-638.162476
558.354736
-450.824707
-266.312012
1013.417480
1555.746338
99.286621
-1566.552246
21.156860
52.057373
-37.179688
216.869873
-1131.484375
15.001953
2221.277344
951.182129
-1163.946045
-1964.878174
-208.805664
-53.514893
-637.970886
-545.303467
623.992188
1587.926514
62.894348
-513.759521
504.774902
-91.461426
-166.591431
150.148193
111.776611
-1047.133301
-1408.361328
-364.765350
2044.894531
1695.357178
-27.627930
-980.263672
-2221.948730
-101.886230
284.961914
-559.891357
612.198242
-1040.800781
-2305.790527
-505.510010
-480.481934
47.760254
928.530273
-1727.890625
333.601562
715.513428
1143.318848
261.294922
-192.111404
593.883789
2360.514404
2283.452393
1306.770020
-236.981934
-1489.863281
-1599.201904
-791.616699
-100.087402
-91.784180
-679.977295
-251.868408
1438.830078
304.057129
-375.704102
353.778809
-294.705688
-943.506714
-531.251709
-560.005371
233.615723
1177.510010
2789.206543
2277.340820
1351.386719
287.965332
3.305176
966.664062
409.678345
648.146729
-278.700317
-2854.862061
-4012.084717
-3315.826416
-700.900879
1123.770508
-464.918640
-1695.050659
-791.488281
982.924316
-199.534668
-44.073242
-209.396484
877.729248
2673.443359
2071.154297
1903.220703
-589.221191
-1527.834229
-2121.371338
314.488281
71.721680
-1473.581055
279.080200
843.540100
-1032.023926
-611.127930
-535.812500
-657.345215
-317.271484
1869.727051
5369.376953
4284.489746
1597.059570
-210.109375
-321.320068
227.790771
-348.025391
-394.567871
-181.810059
1052.210938
321.809448
-19.678467
-414.663086
-1982.165039
-1267.524414
267.353638
-581.972412
-1021.575867
-730.042114
267.672607
671.974121
784.507141
751.430176
98.442383
-85.415039
-489.876465
-1076.140869
-272.670166
-2442.577148
-2647.383789
-836.736328
1458.604980
919.473145
344.239868
-265.378540
535.931152
-841.629150
-407.632874
485.585449
-300.666016
1356.094971
289.262695
-1676.525391
-3388.326172
-3175.532227
-82.132080
648.046875
1847.604004
475.887177
-1081.639648
-1040.606445
-275.683105
-85.892578
221.427734
-45.231781
1502.186035
2787.399414
753.475464
-813.145996
-1546.960938
-707.873535
-368.442871
150.866333
695.224609
337.074707
579.397705
-158.524536
-825.796143
905.756042
-1663.659180
-4578.182617
-1045.104492
2265.958984
4433.026855
2748.380859
538.827148
-271.254639
-1344.066406
-1315.660278
316.782593
430.949219
1139.040039
1283.653442
549.516113
-353.375977
-195.139893
614.583496
916.698242
866.883789
-163.309937
417.319336
-219.950928
-1192.569092
687.846680
3601.952148
320.524414
384.438232
132.228516
426.539062
1174.338867
-669.012451
-1263.611816
198.018555
-93.165527
-259.419434
-105.123535
462.668945
178.309570
-669.902222
226.895020
-1171.703613
-4147.185059
-2647.790527
-196.101074
101.248535
-909.205566
1190.744629
3973.758301
-209.771973
-1048.129639
845.385742
283.953613
1071.719116
2729.721680
1865.113281
-1021.711182
901.798828
492.293945
-569.185059
-1153.599121
-665.898438
-1682.860107
345.489502
-18.665161
-137.780029
394.142151
1097.489868
975.388794
549.640564
-1146.633789
-1102.460938
212.652344
-209.910645
-1947.780762
-537.825195
-985.201172
-5150.696289
-1963.274414
-461.204590
86.401855
540.467773
-1007.730469
180.548828
-1103.014160
411.787567
117.522461
-603.358398
-722.855469
227.237305
-468.065857
577.789551
-72.885254
147.447754
-127.641113
-331.413574
956.270508
331.562866
1219.859619
520.957520
-2079.658691
-2667.918945
-3250.285156
-1420.473633
-452.180664
-351.294922
2844.700195
1832.595703
446.310059
-492.208984
-263.538696
914.506958
-384.323242
557.769226
2439.863770
1650.272461
-759.337646
-1282.459473
-407.280518
87.339478
1649.847412
4882.834961
2731.957275
-352.379517
-287.563965
-1784.319336
-1196.822510
463.481445
4483.953125
3251.599609
-611.841309
-1134.623291
451.534912
-159.866699
977.495117
-196.926758
-1414.981812
741.780029
2196.357178
-292.392090
270.890625
-591.237305
281.495605
1099.675537
1419.142212
111.930786
334.566772
-2227.412842
-3272.201416
-1748.051270
-1155.947266
596.641602
733.596680
-61.523102
652.236816
-868.088928
-29.747070
1276.671875
-108.959961
-17.736145
-647.676758
1063.957031
1484.067383
-31.989014
1022.806641
338.337402
539.015991
-230.998047
-467.529846
1367.548828
281.198730
-330.159912
528.428833
76.187866
591.129761
1111.837402
1415.374023
1778.586914
1284.178711
-1906.772461
-1290.541992
-1096.618042
-126.967773
75.112305
-482.638062
188.022705
756.114258
808.587341
513.650879
-6.157227
198.060059
408.180664
270.841797
-1143.389648
-432.903076
222.863770
535.465820
491.153320
797.344482
496.336426
1212.505859
3187.730469
4624.659180
3265.140137
855.495117
-334.223633
-1028.964600
886.043945
1350.336914
-176.999817
505.934082
-1822.975586
-253.601562
713.193115
139.570923
415.854248
-487.926758
-1524.249512
-646.218750
-1455.127563
-1471.929321
-957.497070
387.171875
1124.115234
1145.988281
-369.367188
-251.004822
601.718750
-358.849854
-1113.417480
-372.552734
810.785278
604.433838
645.547852
-112.212402
-1273.124023
-1927.843750
-540.477539
657.726013
-106.073486
4694.279297
4868.480469
173.988770
169.851074
-234.318848
-675.337891
-316.206665
-1339.954834
-86.896790
-740.433105
-312.960449
3049.425293
6166.464355
5307.355469
1538.374756
-281.056152
630.777283
845.787354
-152.003418
-404.968018
-365.632080
-338.371094
-96.186523
-1462.795898
-1100.424316
-38.094727
1336.954102
2324.014160
2310.107422
2231.554688
229.038086
-303.185059
441.812622
13.072510
3353.613037
3436.521973
101.133789
751.113647
1444.997314
357.518311
990.137695
-692.779297
-335.700439
-168.125977
171.410156
76.460022
42.018555
-643.629395
-478.314209
-500.149902
-845.246094
-731.186829
-897.740845
-240.642578
411.840820
-27.945312
-784.004395
100.589661
-2180.224121
-1153.060547
1903.263672
483.581787
461.934570
946.807617
-866.860840
-1249.187012
-782.717773
92.693115
38.668457
-2856.932129
-4461.746094
-331.301514
1197.297852
2483.646484
-1295.472656
160.799316
-1188.437256
434.510742
273.095947
300.777344
162.376465
212.475098
151.399170
70.743408
303.628815
758.574951
141.196777
1.225098
-1510.498291
-2029.953613
-860.863281
-629.199219
144.626953
1641.155273
-137.927582
-499.776367
838.184570
-630.351074
-963.857849
22.625000
-528.577393
-180.571777
-443.480957
76.953613
-269.282471
-24.261963
-612.708740
-180.434082
658.402100
1657.723389
-1356.853027
674.867676
2211.228027
4465.906250
2748.792969
396.870117
-314.302734
110.383789
1603.184326
1256.588745
399.562500
-136.577393
560.587036
834.401367
299.280029
-343.093567
-1169.279785
108.942871
828.507324
845.867432
542.093994
1078.062378
557.225342
621.747070
344.768799
-648.447998
-400.244141
-827.133789
-1971.057617
-1576.509766
-355.338867
1399.308472
463.523438
-24.812500
891.044922
504.063477
-524.945557
500.616211
-836.245483
-1579.555664
-133.226562
578.371704
102.423340
536.003906
744.507080
475.881348
-322.229492
-15.612305
1601.738281
1439.952148
-241.102448
-439.261963
305.695770
419.297363
-496.785645
203.396057
-224.544434
-196.569336
-1160.129150
-342.915527
846.895508
197.594727
-1333.682617
47.790894
713.668213
-1418.581421
-33.535889
2193.447266
1025.645020
1515.791016
-743.864258
1908.729004
448.885254
-341.748535
-1629.161621
-833.939087
165.142212
-1260.272217
-606.731689
-533.197083
-1054.338989
-811.211914
-828.871094
1622.761230
-289.653809
326.583313
1069.179199
-388.775879
-3181.748047
-1643.360352
442.815918
-1016.754639
650.781250
-2047.549805
-3699.507324
-893.387329
391.769592
-163.443359
135.756836
-685.086914
-797.388428
-642.841553
1450.275391
4745.012695
2734.940918
-548.392334
-135.358643
-178.490234
-1058.195312
-808.322266
-383.006104
1218.025391
2039.181641
1267.466797
-602.972656
750.523926
355.423340
28.910553
165.324707
371.010254
210.955811
57.776855
1390.228027
724.256897
464.736938
960.881836
715.594971
-613.270508
-557.821533
-462.266724
-2866.203613
-154.033691
-400.907227
0.362549
880.683289
891.586670
870.681885
545.327942
300.267822
359.574493
-234.225098
1237.718262
3325.151855
1189.127197
-1098.659546
-256.772949
11.883545
-829.720215
-1226.884033
463.312500
-548.095703
-198.391602
-1079.859375
553.834412
2399.590332
2679.457764
1036.453979
-1197.630371
541.539734
4.350830
-2571.921631
-2048.212891
-1021.511230
-772.410156
457.005859
79.331787
-684.614685
-1388.592041
-182.716217
1231.057861
-1315.180908
-1782.212769
253.218750
-21.893066
-1110.971802
188.738525
-360.776855
-1858.933594
822.133911
582.079041
-907.260498
1762.319092
3631.253418
4521.288086
3727.528809
725.244141
365.963928
-454.306152
-1897.916748
-692.787598
-533.750000
824.629883
-1066.078857
-237.214355
162.884827
-3196.709473
-2275.208496
380.902344
658.069336
552.930420
1340.397461
132.594727
86.307129
-34.965820
-809.254883
-479.809082
897.338379
1464.290039
672.178589
-367.311890
-947.790527
-874.522461
767.051270
809.571777
109.041992
1178.206543
210.511597
1558.734375
1057.620605
-296.925476
30.129150
122.339844
-460.126953
116.997559
70.702148
355.678741
-227.108643
-701.023376
-100.985596
-10.596191
-418.407227
-1282.345215
-505.747559
899.195312
1418.114746
1852.622070
2071.671875
-813.637939
-573.849121
-217.944336
542.938477
1718.861816
958.892822
-471.717529
-912.086182
-264.586914
2206.526855
672.340637
275.965820
-1859.396973
-1281.488281
1943.300781
635.186523
-588.619141
104.730103
-1681.190430
-3625.815918
-416.278320
962.240967
260.294647
661.475464
986.281982
-2368.450928
-1542.174316
-1548.271240
170.435394
-1070.250244
-584.476807
-187.001953
314.806641
1592.982422
-641.492188
-1462.170410
135.174377
-713.046875
-1745.330078
509.845215
569.274170
-1269.078613
-1985.258789
94.027344
-323.958496
548.411377
1300.689941
-585.055298
-1197.019775
279.038086
-66.984375
20.777344
-1348.142578
505.317383
227.543213
144.116699
-340.722656
-134.394043
775.957275
3414.150879
1739.122803
-1004.904297
-1758.736816
-5060.351562
-2285.425049
1815.043701
388.730469
-182.286133
-1422.098633
-1340.534180
332.860840
680.162598
-547.964355
-1109.259277
-652.062500
-480.318604
-222.785645
1556.157715
1814.494141
1207.621460
1181.322266
598.498291
-572.037598
1215.569824
1384.854736
37.458984
383.522461
-256.638184
949.111084
1183.661865
-546.399170
-508.848633
991.164795
554.640442
839.565308
1395.057129
1148.852051
625.732666
584.255615
701.668945
768.088379
1596.004883
319.915527
-466.703125
-2339.131836
1098.842285
139.912827
970.734375
670.693359
-1689.903809
-3800.324219
-2025.279541
-32.280777
570.760742
54.181641
591.320312
511.431152
-216.369507
263.039795
758.588379
447.486084
-786.969482
-616.788086
-964.718628
-1078.903809
66.608887
197.462402
-564.899170
-757.185791
-600.450684
-462.169922
-117.863281
1143.707031
1108.687500
1103.596436
1090.905151
780.762695
147.414551
138.256104
-1366.679321
-165.136475
-17.340332
-924.434692
-374.166504
159.943359
441.713867
862.408325
1046.136230
188.187744
153.190186
99.134399
-1273.943115
-62.047852
856.714966
-330.067993
-137.703125
-394.249512
5.256836
10.846436
-838.214600
-1843.341797
-763.684082
529.258789
652.355957
1218.216553
-251.191895
-259.075500
397.995117
-670.553467
586.221558
908.614258
-592.017944
-1171.033203
-1078.460205
218.556396
-1319.385742
-3525.989258
-1068.727051
311.448730
-1368.553223
-178.810059
976.239258
-128.084961
210.451172
-53.253906
-177.157715
212.840332
85.442139
709.982910
1205.419922
1872.968262
-736.973633
-2097.268555
-410.166504
952.689941
3902.656738
3282.606445
215.059814
-1287.956543
-845.416016
-183.134033
1348.699829
-156.857834
27.893188
-1541.912354
-4218.647461
-1129.548584
1229.201904
477.249756
1857.656006
1549.956299
-165.003174
1660.491821
3162.969727
2406.164062
-402.045654
-1478.341797
-862.517578
73.409180
1011.580566
2123.021484
646.743774
-1156.982422
2318.548828
-1771.492188
33.103516
-982.196533
-2273.524414
-524.600586
404.046722
1170.768433
51.960449
1408.658447
1160.712769
-374.714844
-203.095215
-475.335938
-385.791260
-492.961670
-1386.969482
322.081635
1515.520264
1167.898804
797.784668
249.462891
943.741211
-1252.673340
-1021.006104
-435.703125
-1581.728516
-71.085693
96.022217
-755.297546
-278.338867
-404.905273
-281.624023
9.264893
-635.879883
-73.196777
804.744141
-512.524536
-289.690186
-299.823486
-1276.232300
552.832031
3249.273926
3649.923340
1940.160156
37.137817
-1264.156006
-551.798950
-1508.036743
201.973450
1172.757324
133.225098
280.748535
1096.530029
-344.807129
-656.897156
709.179199
-510.204102
818.096191
-1375.068359
174.928223
-1102.109375
-887.794556
695.633423
-1674.047363
-630.796875
727.660156
776.496094
369.284180
-2008.028809
-1868.202637
503.029297
128.683594
1175.380859
688.155273
236.739197
-1039.601562
-313.900879
1216.266113
1043.908569
820.606445
1014.206055
1568.334839
-624.541016
-2311.037109
-2774.748779
-2523.749512
-1049.386230
346.611572
711.738770
2063.840820
975.143066
-309.715332
-173.878906
-1841.677002
-1535.473389
-2097.971680
-650.187012
-143.276367
-914.857849
-25.567139
1489.873291
242.475464
-470.763672
26.169922
-972.221069
-108.515015
431.835205
-659.503418
-178.156250
-338.354492
-275.737183
846.910889
-29.265747
434.242188
319.362305
1124.046631
-78.217773
180.742188
913.634766
3194.495605
3138.458252
485.152344
-468.305664
-274.978516
-259.208984
-53.006836
50.007324
-527.127930
1319.438477
-212.223145
305.981689
-3293.170166
-1282.469727
-666.434082
-164.698975
2876.695312
750.289795
-1298.381958
-512.230713
-943.581055
1331.283203
-773.162109
-699.857849
-1064.158203
-1280.974976
-1040.313477
315.327148
-674.022217
-1912.221680
370.817749
-154.097168
-133.136719
-358.988831
218.937012
-565.844727
365.622681
118.078125
-76.416992
294.754639
86.927734
-674.539734
-1599.256836
217.733887
700.875977
1476.538330
1009.774414
451.740234
-209.576172
-1391.740234
-1995.775391
111.860352
-1244.017334
-908.218750
621.674805
143.247559
744.735840
1238.324219
-204.224121
-464.792969
1003.462891
138.599609
823.320312
588.618652
-1311.423340
-543.093506
80.025879
-22.287109
214.536133
954.351562
2525.185547
1399.307617
219.219727
943.965088
235.169678
-476.615967
-1762.570312
-1405.221558
1507.626709
715.790283
831.905762
172.786133
-1139.087891
-936.904297
196.814941
207.189453
2.584839
-805.167908
-790.916626
652.808105
-951.721680
572.871704
1060.145264
-419.075195
186.875488
1227.260498
-1.433350
-578.600098
202.740723
637.251953
719.116211
699.917480
587.044861
719.005310
686.656311
1196.695557
524.912598
-511.247070
-866.081055
-340.949219
-1043.709961
-206.000000
-2865.495117
189.575195
608.531738
353.624146
-285.621582
-369.451172
1335.505859
-584.375244
-1428.642578
-9.728516
86.928223
88.017578
609.963867
-510.064453
-102.783203
-3733.685547
5790.520020
3219.320557
658.366699
603.783752
856.907043
-33.219482
179.424805
1002.722656
835.982422
2159.916016
-282.571777
-2301.664551
-4870.857910
-348.421143
808.326172
1924.617920
1803.475586
-1289.594238
-3209.251221
-530.048584
1145.434082
1163.763184
-13.508789
142.586914
-271.250122
360.388672
-460.325684
-239.931274
-878.668030
-1377.698242
-685.398926
53.793625
-561.956299
245.392578
-389.850830
1657.313965
3115.713623
530.017822
-700.126953
1809.048584
-360.298340
-1964.944824
-4583.392090
-4198.114746
-2100.873535
282.275391
586.088867
178.931519
345.110840
-655.226074
351.135132
2739.925537
878.322754
-373.922363
368.879517
-38.339111
2352.240723
3086.476562
-469.633301
-1630.241943
-4859.177734
-5687.103516
-2341.617676
-2191.992188
-688.756348
131.967651
-322.568604
325.018066
202.018066
-862.115967
-329.304688
-3522.252686
-315.530518
73.731689
-6.627441
2984.662109
3111.763672
1509.155273
-3843.478027
-4649.820312
-3899.125000
389.915527
607.176270
690.831543
-979.731445
-4164.335449
-106.161377
504.611816
1633.641846
1162.878052
-1112.289062
446.971436
686.792480
-483.129883
536.194580
249.965988
-999.360840
-1388.522705
-223.211792
-482.440674
-111.360107
391.846497
1109.707031
330.427734
-538.854004
-825.408325
-70.866699
1575.458984
-296.237793
402.127930
-398.111816
-1333.061401
-172.973389
731.722412
1330.126953
3876.583008
1944.488770
-1027.551758
50.500488
232.142166
32.045898
853.705078
-597.778809
-1282.083252
-814.712646
84.203735
433.883514
446.330078
-731.048340
358.422607
114.947754
-2247.604492
-1576.013672
-1194.885010
-105.415039
1118.669434
733.375000
-159.012253
37.561523
986.140625
817.231689
799.484375
1082.417480
533.113159
1377.936035
2766.685547
846.023376
-315.028320
1524.877441
-120.735718
428.012207
2161.362793
425.461914
-23.056152
669.448975
696.865356
1065.275391
219.832520
-1357.889648
-968.122559
-275.670898
-1.139587
329.321777
914.336426
-2543.700195
-1758.776367
-1025.244141
833.977539
863.179199
-1136.482178
-2211.221191
-597.941895
151.397461
525.925903
179.607910
259.416992
906.608154
306.296021
391.791870
80.947021
515.615967
-540.756592
-1067.407104
-14.128418
-977.788086
-1875.883789
1332.266113
1573.893799
833.507324
-532.755371
-1602.295410
-843.461914
-934.016602
-2102.055664
100.291504
-986.857666
331.998840
-366.198486
-387.294434
413.622559
68.562500
-511.932861
-1412.610107
-147.368103
706.623901
-306.708008
759.919434
403.210938
1241.367676
-396.966309
-270.457031
456.697510
297.811768
-33.116699
-726.775024
310.874512
400.362305
-2495.577148
249.781250
1022.920898
348.741699
-990.828979
-598.144531
393.699219
1460.134766
2314.964844
1658.085449
1754.312500
-380.645752
-1134.028076
-2688.835449
-1695.185547
-423.766602
-3307.777832
332.760742
222.704102
-1103.175781
-1401.197021
1200.895264
439.879150
-1804.399536
-962.566650
-2118.976074
-7050.889648
-6826.997559
480.476440
1461.166016
316.347656
-714.108887
-676.800293
-401.822266
96.244385
1184.938965
1126.596191
824.908203
355.445312
-1111.785645
1213.362793
845.700928
850.923340
-383.718445
379.467529
5616.897949
7602.520508
498.152832
676.745117
-195.203979
-101.447754
-483.852539
-922.808594
-1843.061035
469.553711
651.642578
828.130066
609.801270
-110.660645
79.875000
165.041367
573.882812
-774.115234
1505.994141
-123.312012
-588.416626
-1440.946289
-107.040894
-984.181152
1015.674805
390.086914
-1184.578125
-646.012207
-997.941650
-779.817871
-1104.084961
-5103.854004
-2214.705811
1895.958008
1245.541992
1540.904785
-1293.944580
-3929.456055
-2545.463135
418.978027
-672.578186
-100.058716
405.954102
972.614746
1065.197754
-1226.942139
-1234.183105
-530.436523
-312.869141
-388.026855
112.936768
-714.516602
-860.861084
-668.047852
-18.298828
-280.137451
-8.529785
975.041382
307.478027
-126.241211
589.080078
1730.645508
951.785645
559.245850
799.635742
458.876709
-240.857803
-262.367432
330.343262
-250.834473
-1101.332520
150.074707
561.344727
-376.686523
553.936523
-699.586548
-105.491699
623.857422
-1577.785278
-663.006470
-590.379700
-580.945923
978.964355
236.759460
-248.984131
-819.233154
-569.781006
99.908157
-922.850952
244.378662
417.637451
392.851929
-391.917480
-1597.952148
-867.896484
1609.541992
2868.659912
1885.314453
-1119.242432
-655.816406
-155.284393
1368.226562
4539.129395
1128.323242
-1192.586304
1141.063232
1092.340332
280.833984
639.915039
616.148438
940.213867
704.352051
211.859253
-227.079346
-23.847656
469.971191
1142.057373
1065.403809
-25.147949
-377.708008
737.424805
600.686035
-57.356445
-955.133789
-2624.210938
-1898.845215
-1333.973511
-1798.788574
-1604.014771
1096.799316
598.625000
1147.600830
469.658203
-3338.501465
-3860.455078
-111.471191
590.993164
-671.861450
-586.524536
-1454.545898
134.935303
66.058350
-1145.085693
-736.399902
-1654.609375
-433.182129
-9.925659
-1904.790527
92.392761
-930.738281
-2991.369629
-109.682945
27.345703
-2053.342529
-1635.435059
-329.062988
341.159180
-15.566406
-883.851074
45.566895
1036.314453
87.801758
566.981934
585.152832
-33.521851
-482.633026
1242.769287
967.468994
-57.801025
-599.524536
-1373.600586
-1004.746094
-229.027344
275.681641
-1671.747070
-6149.820312
-5551.337891
-1351.036133
638.312012
316.586914
-88.058105
-200.593750
154.937500
420.509888
-1460.386963
-1575.093750
424.090027
305.592529
29.964478
-196.469482
-1087.372559
403.476074
-292.866699
1131.607422
681.485840
-284.784180
793.982422
-23.950073
-999.456177
13.582611
518.465088
397.864746
-1097.956055
1107.590820
1786.892090
-98.042023
-146.865723
2444.739746
477.626953
147.588867
1218.970703
-70.189453
8.953125
-194.347900
-35.666992
153.915039
532.442383
998.605469
-2477.198730
-2883.819824
-230.040039
2008.475464
4132.953613
1822.652344
-211.681885
128.166016
1395.639038
1596.834839
-567.610229
-1174.837646
550.015869
603.616455
191.510620
-336.253174
40.013184
-360.517029
364.990234
881.692871
559.730347
839.842285
-117.316650
1907.857056
1739.294922
-1173.122559
-794.726685
708.335449
-313.680176
788.464844
-42.728516
747.666870
644.475464
1949.248047
3876.583984
4020.362305
-38.527527
-4013.530273
-5289.702637
-1449.687744
1444.757080
704.515625
368.926758
582.795166
1361.986328
-396.352539
-130.169922
-519.464478
-293.629395
352.803711
-1030.013916
-355.546875
189.016602
-943.293457
306.348877
1560.856079
1249.765137
1157.277954
675.175049
326.764160
-510.266357
143.267578
-366.583984
-207.223145
-582.066528
104.790527
-23.383057
-390.853271
-877.378174
-781.057373
302.245850
69.195557
269.812744
199.504150
2011.714844
4899.400879
2644.574951
-462.268677
730.347900
176.835938
-827.866211
-493.064209
-435.209351
887.586182
224.250488
-1082.021240
-989.227539
-2514.777832
-3212.883789
-532.178467
-248.428467
-1703.049316
-271.851562
196.562988
-258.449707
259.404816
485.873779
-727.879883
-791.258911
685.135254
1677.734375
1654.223633
219.027588
-1936.561523
-1567.096191
356.001953
749.813965
-446.908447
-890.026855
-1110.628784
-1356.683350
4.362061
216.621948
-218.524536
-151.004150
-1494.630371
-279.772461
-369.245117
-183.907959
-338.546082
-1746.311035
-1808.801025
-1024.147705
-95.833252
531.953613
-566.847656
-130.743164
883.260864
-369.747070
-613.144043
-133.487061
524.879395
-1144.485840
-170.272461
767.661865
-1636.950195
-2099.672852
-2039.524536
1022.725098
-138.082031
179.184082
463.893555
-595.867188
-3716.400391
-476.800537
-766.588135
-1509.013306
-1180.733887
137.071289
628.185547
-308.028809
47.840820
-304.956543
-145.400253
149.899414
-1109.113281
-677.462036
-818.536987
-1400.847168
1008.182922
175.332031
881.201172
472.642578
-123.907471
-134.034180
636.328125
-58.844727
215.294922
1110.993896
117.607788
736.707520
1061.266113
-747.702393
-1675.289551
165.296875
-284.735352
1168.564209
-369.962402
-224.425537
-393.896240
-130.994141
1890.142578
269.308105
-677.650391
884.004150
33.107910
-890.839355
510.665527
-447.863037
-3148.751709
-2911.621582
104.770020
-231.534180
65.380859
-284.463379
-766.255127
-356.029785
470.771362
569.580566
130.930664
-31.986938
248.830566
-90.954102
413.617920
949.466309
642.998535
415.967285
1396.569824
741.351562
1875.807617
-681.284668
-1356.454346
-136.577148
1163.776367
1355.626953
652.787598
3200.545410
2132.868408
-24.755127
92.252441
770.982422
1950.973389
1304.641846
543.846436
-379.361816
-877.730530
-232.442871
1384.668945
639.460693
-796.212891
-326.812500
605.893555
610.683716
1257.410156
-509.322754
285.291016
2202.325439
809.912109
410.799561
-1448.510742
1076.882812
-471.706909
-671.344238
-327.772461
-2069.770020
-1015.060059
1133.364990
261.380859
1546.384766
-541.569824
-1131.804688
-1719.526367
-903.857849
154.916016
-1044.237305
-186.649902
-1305.723145
-237.956543
2308.518066
1407.115601
4206.305664
1947.447998
753.615479
644.638672
-3411.493164
1320.468750
587.961426
402.452576
-423.389160
-1350.618164
364.589844
199.572266
-224.913086
-178.147461
-404.652344
216.822021
2392.243652
79.555664
-284.994141
-54.982849
322.782227
494.604004
840.155029
506.368164
150.187012
135.879883
-612.637695
743.831787
193.813721
219.372925
688.823303
-288.095703
281.100098
569.045898
811.350098
1276.136719
-678.501099
2704.508301
206.707031
-1102.300781
-1338.783203
-341.300598
1610.748657
976.382568
-212.648926
1055.340576
906.897217
940.187988
-197.631592
-898.177246
-321.843262
769.306641
1839.385986
1687.913818
301.979492
350.003906
466.424805
-834.260742
-597.871094
90.590820
1237.201172
952.971680
-1348.454590
193.329102
406.405884
-1280.281250
1471.213867
-278.111328
186.207031
-1239.432129
-1179.727783
393.363281
1470.817383
-274.344727
-626.538574
-2051.796143
-1433.889160
-145.610840
461.059570
-21.678223
-503.183350
-1537.259766
-2219.830078
-121.607910
612.865540
-57.236328
746.302734
734.986206
-1914.494141
-3634.990234
-377.553833
915.546143
76.908203
1187.654785
-85.857834
-222.690796
-429.289307
-150.795410
-768.036621
746.418701
856.679199
684.957520
791.410645
1024.140625
-1366.466797
421.840332
-680.310791
256.896973
1978.689209
510.700195
1336.547852
1217.602539
272.678711
-228.478516
504.475464
1908.557373
846.342163
1563.550781
4523.169434
340.220215
997.880249
827.143738
62.839905
389.924805
-606.290039
4.165039
437.554932
951.707275
286.377930
-1779.181030
1867.271484
2696.413574
5133.303711
1450.430664
-23.653320
-162.194580
223.361328
-95.696289
434.186279
-235.131348
1510.531494
897.640137
-577.763184
-1049.704834
-1432.088623
-119.065430
1258.357300
407.963867
-200.925537
-711.939331
-70.865479
763.575684
-541.503906
-2731.899414
-1912.943359
-762.608398
-1024.857788
670.268311
932.633545
886.131348
67.469727
-897.422852
-1120.193848
-335.255981
825.123657
668.704834
409.751465
342.417603
-240.334961
100.865234
1068.280273
-596.146729
711.130554
1983.146851
275.998779
-400.938477
-1683.925781
-61.500000
1272.071289
-23.669434
-133.276855
-2004.811523
-1975.635742
-1090.136719
-122.317139
794.642334
3109.629395
1530.245117
1134.553711
363.761719
-719.136475
1358.535400
672.852051
-712.404297
582.612793
875.142151
-310.128906
3113.312500
266.090088
-1400.501709
-1215.746338
-721.145935
606.364258
-103.851746
-415.157227
546.935059
466.183105
-632.525879
-346.474609
760.212891
1241.692505
285.904053
-1170.343994
-413.174805
75.809570
-461.200195
144.979492
-413.427734
-1763.494995
-1758.631348
-91.549072
601.838867
1965.675781
1356.079102
-312.059448
222.240234
-221.763672
516.903687
1619.855957
-1032.972046
-1642.257812
-2398.447266
4422.743164
2756.224854
2045.278320
-671.205078
-1336.340942
-2036.217773
-132.389893
767.984375
1098.197266
169.840698
2078.122070
1750.134766
14.993164
-1314.796631
-834.381836
-681.241211
118.532715
691.941284
-539.369385
674.796631
1135.819092
707.782715
2040.901367
1822.032471
1069.585938
-1210.764404
-2198.242188
-51.189941
720.602295
284.198242
-2739.920898
-1295.907227
-1143.750488
1161.142212
-1290.646240
-959.115234
161.216125
-420.335205
-713.774414
-1.704102
-1884.147949
-1142.545898
-1321.876953
-154.974609
-179.171387
-1404.412231
166.216309
630.909668
-543.898926
-690.328125
253.198242
156.345947
414.130859
-4163.444824
-5995.699707
-1892.539185
-747.419800
-85.251221
-1438.966309
145.294434
313.464722
-1158.750244
1191.818359
1610.886719
-110.857910
-437.942383
-503.486328
-357.305664
-135.698730
-819.917236
-60.243652
797.324463
768.141968
365.030762
-23.741699
-973.352844
-1215.126831
-758.797852
100.566406
-900.527954
-102.670166
-272.966797
989.910645
1721.989258
1288.409180
-648.524536
-908.524536
-260.480957
-479.625488
-646.612305
-1628.154663
-381.144287
-895.030273
831.879395
701.463867
927.431885
806.171143
365.395020
-185.370605
481.566895
658.790527
-1002.195557
-99.121094
-724.951172
-852.877930
-497.630127
1273.985840
5201.843750
5012.731445
-51.038696
543.652588
902.548462
-422.375000
2001.718750
4110.081055
2746.266113
89.068848
744.919434
978.396362
636.259277
-112.025146
-969.305298
127.932556
963.192017
875.073242
543.945068
-25.067871
36.417480
-50.627686
654.062988
1201.469849
335.233887
807.825439
213.343262
711.631836
1350.511719
-670.425293
376.988770
1907.893555
3044.553223
3484.369629
147.967896
-301.292969
-2262.420898
-4831.245605
-2212.679199
90.375000
57.005127
-2331.919434
-3256.834961
-215.566895
-48.225586
-439.708008
376.006348
-988.228638
-372.052734
14.729004
601.632690
354.237793
-910.049805
871.977600
1248.228760
514.814453
175.524780
25.748779
3572.922607
8508.975586
7061.879395
2100.413086
-731.582153
-356.705078
-309.983398
294.310303
-730.713013
214.480957
782.653320
748.498047
-124.318359
353.054199
-2286.147949
-2839.308105
32.836426
682.824707
721.136963
-43.298340
-3850.736572
-3501.790039
589.711304
-132.279785
-807.328369
-435.311646
-740.244873
-498.610718
1859.703613
1314.895020
-291.294800
-576.797363
-2519.663574
-2497.315430
263.515625
724.691406
-516.331787
-1327.951050
-37.236084
-415.008789
-1232.959961
803.793945
827.391602
1442.156494
423.141602
-1265.980469
-657.045898
889.957031
429.440918
862.475464
-6.718750
-1015.515381
-1708.719482
-483.610840
798.336426
-1265.658203
-932.396973
-364.121094
187.722656
-7.693359
14.729736
-3.832031
413.373718
1860.213867
2231.043457
-28.147461
989.585999
879.708801
-201.703857
92.923340
1714.500000
1474.841797
2137.769043
1458.370117
370.732666
503.700684
1137.107910
-1717.935059
-307.912842
807.148438
-1852.996094
313.056641
880.199219
-610.897461
1027.740723
1302.497070
77.944824
908.226562
758.947510
908.416016
-220.374268
-1764.304565
-107.805176
1217.844604
1027.475464
347.517273
-1238.133545
-1591.480347
-112.483154
1733.577881
-108.676758
-2334.255859
232.097900
859.020020
568.945312
2105.374512
1746.479614
939.958008
-508.938477
-914.103271
-450.502197
-743.895142
-937.656738
-729.748047
-1338.934082
-409.307617
1109.250244
-112.462341
-164.265503
-165.866211
-516.549316
744.709473
-388.208496
662.764160
189.590576
508.070312
533.654297
-556.431396
-324.287842
-244.507812
-808.441467
703.240967
-118.654175
703.347656
366.851562
2426.177734
-1043.266724
830.262695
-79.244629
-1156.924316
39.495117
-418.362061
-1102.661133
-1476.100586
-552.723633
932.853027
632.948730
1384.539062
2157.070312
-979.973145
333.709473
571.414062
948.437500
-1204.561523
220.559570
-332.839844
-135.112061
535.314453
1081.081421
653.831909
-155.529297
-1484.143799
-1009.058350
174.362793
-778.830078
-1600.852051
-262.018555
-650.340393
431.796753
390.590820
-233.559326
348.264526
1057.522705
1487.698730
-78.654297
-1667.030762
403.858398
-63.462891
-581.054688
69.771912
-1772.018066
-668.639160
586.272949
753.142151
1981.356934
-269.702881
498.806396
72.257202
-124.955078
-442.859375
-933.674927
-680.589233
644.875000
387.143066
1828.590820
3501.661133
-1069.232910
-2594.854980
-1321.902832
-528.497314
388.341187
3778.036621
3440.914062
814.858887
-282.914062
242.315430
239.479980
-950.578979
-347.295410
-606.134277
-156.565521
865.592773
537.455566
-1013.857849
672.105713
1041.905273
-759.557495
774.458740
868.412842
129.926453
1474.196411
1171.170898
-1050.296875
-1066.305664
-85.254883
498.923340
310.096680
188.398438
965.561035
415.267090
-1048.885254
364.145508
-1733.994141
-688.460449
102.569763
-406.491699
106.500977
16.566162
549.299316
-625.581055
-707.200195
-1349.806152
-856.862183
-827.332153
-917.289429
-796.611450
494.475586
1238.166504
-27.235840
932.767578
-1120.445312
-43.015137
-964.222412
142.155273
-239.247559
934.458984
791.250122
-684.402100
-629.981689
-404.486328
167.311523
926.670654
1030.616089
1282.422974
1258.543579
811.606934
590.145142
978.765869
1093.061035
430.843018
-463.319336
145.340576
1496.904053
1081.268555
1522.677490
-1288.989014
-2063.907715
129.180176
-92.494141
728.454102
1342.307007
-420.851074
-199.884766
455.133057
340.867310
623.705566
673.032715
932.715942
-1408.156006
-749.219971
425.761230
-91.386963
58.341011
461.055237
-631.586060
913.129395
511.036621
440.299316
1094.562500
245.258301
940.620117
1129.243896
676.195190
821.566772
943.734497
801.386963
158.870361
-520.676270
110.791992
709.504395
534.503418
1340.597656
-36.280182
-315.583984
-426.194824
-580.233887
-163.770508
-106.503418
-47.441895
-964.672791
-1057.122559
1257.191406
2514.379883
154.956543
1036.644165
-123.033203
-1444.454102
-792.832764
947.445740
272.107910
-986.874512
-1940.016113
-3510.695312
-2717.599609
-242.048828
1061.727661
1137.898438
1960.183594
2768.064941
1463.151123
2278.387695
-2326.153320
-6150.862305
-4044.208008
188.343018
1558.139160
2070.087402
2132.822754
1937.832031
3729.183594
-146.927734
1445.770020
907.124023
1522.491699
2680.971680
2430.537842
504.142151
253.164307
651.831177
2165.205811
543.375854
2336.163330
-808.427002
451.843750
834.456543
1343.659424
5425.038086
4536.178711
425.671875
400.030579
-1852.694336
-511.653320
1174.475342
345.577637
6.480469
-72.128418
-861.104248
1020.158447
1707.350098
1078.554688
772.787354
248.383789
323.430054
-2626.616943
-3358.512939
-473.524536
-594.263672
-409.182617
-12.295410
-408.962524
-807.598877
-43.655518
29.212402
-645.846069
-15.112854
-48.179932
154.309570
1143.715820
1152.800781
-2806.291992
-1834.797119
683.462769
991.119629
2749.430664
3884.580078
1508.066162
845.597656
19.706543
-1830.857788
-561.783936
-325.998962
161.371094
-221.408203
778.547363
1324.861816
-173.193848
670.093750
255.575439
446.052734
-392.118042
-1061.886108
-750.800903
-493.079041
325.137939
2712.950195
1258.097656
864.902344
-1414.052246
-1690.157349
-36.052246
1841.665649
1298.452637
1767.470703
2689.993164
3655.105469
3548.918457
1008.854126
2461.659180
-1179.448975
-515.033936
-72.388672
364.507141
-2242.518066
11.859375
-1163.565430
-442.244629
-297.568359
1469.892090
6.883789
-2501.065430
-1063.219727
-355.662842
930.458984
1725.414307
-817.984985
-1023.524536
88.166229
-454.897217
-1376.302246
-1399.342773
-74.320312
639.027100
412.197998
-200.128540
-1055.265747
-998.702637
-812.614014
-674.830688
1243.961914
426.284180
-698.861816
1389.475464
1083.420654
425.439453
95.839600
-146.595703
-681.391602
99.300293
182.914062
-746.651367
-850.137207
538.339600
548.475464
443.498047
-82.844727
-1598.638184
-256.554352
509.869141
348.274414
1067.725586
233.411133
381.326050
-108.441162
-1351.725342
-1303.955566
-2168.941895
-1410.586426
190.861572
-371.835876
-710.122559
606.974121
1605.707275
622.055908
542.737305
302.306641
-697.379395
-688.797363
562.516602
1729.067383
3154.756348
3319.784668
2315.775391
2219.053711
1041.952148
780.024414
-158.053833
-5260.892578
-4566.166504
77.046387
969.128601
746.479492
1076.330811
1106.182861
300.357910
-740.282715
76.215881
-772.362793
-3138.035400
-1075.358887
947.946289
753.713501
1239.781250
-1670.572266
-2348.284668
-53.737640
300.245117
36.437988
391.201904
-1488.345703
-3246.574219
-650.518555
1680.817383
1018.742188
1789.388184
572.312988
110.104492
816.123535
689.196533
-1252.893555
-60.644043
492.514252
-1406.826782
-353.343018
-134.816895
-575.502930
-1116.003906
566.804688
213.237732
-397.394043
-645.236328
-626.526978
-926.192627
397.716187
209.514648
2845.720703
2108.789062
-48.928223
445.848999
-2451.671631
-3626.822510
48.464355
795.361328
361.248016
757.887695
232.828125
617.221680
-671.506897
-1345.698853
-1161.653564
-867.659912
-405.629150
-1195.838745
-464.544922
-485.849609
-1074.823242
-3213.011719
-804.817383
-223.344238
-135.087219
-381.444794
2128.840820
2587.957275
1305.994263
735.662476
-704.944336
-935.880310
-1632.799072
-105.583496
215.438965
-1479.703125
-920.013672
338.317383
-642.430664
-135.068359
-541.364258
-229.328125
-496.309082
350.969086
-571.524414
-1283.560547
627.570312
-360.888489
-699.607422
805.741211
-73.939331
-2124.267090
45.825195
306.071777
1060.315430
801.607178
105.980835
732.716309
-365.697266
-290.603516
-342.349121
165.027344
-283.328125
-1381.625977
-101.856445
106.622070
100.580078
498.237305
424.050781
262.302734
398.971680
-1010.966553
50.126953
702.194824
-13.264160
488.915833
305.482178
69.058350
-122.035645
82.898438
757.161865
1504.397949
-341.785156
622.340820
-1337.471191
2233.260742
1467.753906
-2679.336426
-460.352539
-253.728516
-220.606934
580.661133
-335.946167
-330.838135
676.668213
314.250244
1292.060547
2413.706055
2044.968750
1465.758545
-314.826660
-3690.352051
-5030.606445
-2341.673828
121.126953
406.003845
899.947266
1027.800293
-336.689209
-473.805664
2247.372070
1639.493896
1774.276367
-1156.345703
-1820.830078
-959.972656
-490.618652
957.334961
2759.476562
198.947754
489.142151
-33.563965
79.963867
-735.785156
434.550537
849.982056
-753.491211
744.798523
-835.613281
-3924.037109
-2088.345703
702.780884
4657.686035
2296.469727
1037.465576
-598.359985
-2115.010010
-810.155518
-121.911133
-822.070312
-1892.950195
-103.970215
2633.797607
4203.555664
1576.967285
-171.778198
1423.843750
1473.306641
1725.585449
728.173828
178.564453
790.196777
1228.182617
2016.142212
-580.984863
-647.690430
-501.574707
-100.269958
501.024170
210.203125
-1284.010498
-868.240356
-1275.738525
-320.159424
1078.218994
690.144287
-458.349182
2433.996338
2874.029053
50.475471
-1150.878662
-2805.766602
-986.368652
1377.247803
-734.739868
-348.480927
383.217773
-131.501953
18.380859
1056.884521
-427.718262
-140.929688
634.949219
430.913086
-2195.927734
-2590.344727
259.709320
204.116455
-640.299805
-298.383301
-1065.608154
-1107.200684
-379.300293
212.955078
386.104980
171.645355
-2080.958984
-2071.694336
223.742188
1100.171997
1145.182861
-121.795898
1238.545898
3623.456787
2235.875488
-367.449219
1278.914673
664.771484
-1194.636230
-1531.436646
-1187.524536
-1945.176758
-3327.090820
-2251.393555
64.604492
-481.545898
-1070.950439
736.089478
1844.467407
1264.925659
15.196533
-631.019775
-1175.573608
-1543.769287
-681.560547
-454.427734
-1585.314453
-2133.680664
-289.343506
-516.578369
-107.238281
1145.797363
399.605225
-220.868530
858.481445
-173.168457
-677.509460
708.145142
432.487640
-653.277588
-414.554565
90.785645
-487.466797
-833.102051
224.916748
509.098511
648.293945
2197.916016
1213.122070
1279.856934
608.391602
-151.779297
-1234.840332
-1217.752319
-2596.517578
-1222.246094
-591.538086
55.112793
300.264893
-906.438110
-405.106445
1816.360840
163.836914
1981.019531
2795.013672
2056.541016
1509.009277
329.558105
408.179688
1030.715820
-1057.285645
175.513184
-1674.340820
-2413.186035
-6.698242
688.112061
52.194336
152.917480
520.668457
4.593750
389.831543
1068.738525
-631.536133
-1202.189941
-752.207153
-751.793701
621.526489
472.818970
468.510620
-236.240723
344.470581
-283.528320
-830.396484
-312.944336
433.515076
-250.662598
-1162.280273
-298.965820
972.760986
320.607422
389.143555
2347.123047
2982.994141
-243.726196
499.929565
371.014648
-640.896973
-492.613281
-384.222412
1901.173828
-1349.334961
-2.968750
-721.512939
-497.429321
904.809326
1090.281128
1955.887451
1559.475464
213.830078
693.555176
-522.754395
244.831543
-45.282227
-478.552734
-1184.182861
37.737061
346.856445
-1245.134766
-455.314941
792.424927
23.167969
759.517578
696.077148
-1450.357422
200.305176
1074.548462
-839.717773
-1506.584106
-1025.695190
-761.684082
-707.172852
-123.818848
-413.676880
-947.145508
138.897461
-10.408447
-515.250488
703.950928
1098.090820
256.278320
281.063477
338.475464
-332.581055
-345.275391
-1406.574585
-2004.205688
-1554.392212
-549.050293
-2474.460449
-4543.126953
-2094.443604
847.417236
945.607910
1180.997070
1226.494385
812.919678
-47.765381
-371.992432
-324.860107
643.261719
341.230469
-574.636719
-139.647461
-357.660522
-330.801025
1000.768066
-31.554932
-949.808105
-552.452637
-207.480469
-1236.301758
-2746.638672
-1624.857422
-494.831055
-501.969727
-929.129456
-1081.924194
-570.550781
-1854.475586
-1028.969727
-27.121094
-798.155273
1632.855469
-43.684570
-1632.671875
-121.756836
-139.601562
223.269379
-252.365234
-1872.652100
-1147.848633
-810.611328
453.077148
-176.266602
277.268555
1912.389160
2452.544434
1386.844727
-51.183105
-785.809448
-1176.801270
-29.035156
-44.497070
-1244.989746
-544.214417
-425.826904
483.645874
1269.038574
-172.938965
514.702148
178.029907
425.361328
298.486328
1997.642578
2563.832031
1127.216064
-442.718262
-32.338867
-1037.095947
-480.345703
760.269531
1087.036133
942.568359
1216.990234
-233.798340
-229.270081
285.407715
997.208984
827.703979
80.014404
-587.005371
3202.213867
2424.781250
-279.524506
1280.065674
-323.795898
-301.400391
-173.625488
-440.087738
974.475464
383.569092
445.270264
1539.516602
1452.221680
-547.446289
-11.179932
89.418457
1725.407227
2221.303223
97.613770
-2177.887207
-247.603516
-2503.104492
-1377.371582
-588.566650
-1694.601562
407.439209
-167.945923
-813.282837
-918.771729
427.611816
667.162109
2983.635742
5308.938477
3611.664551
158.112549
-676.015869
649.397461
-38.274414
-75.531738
948.031738
865.304688
11.240723
861.334961
797.787659
946.794800
14.189453
-211.856445
458.001221
-332.232910
14.663818
408.671875
-530.550781
-479.433594
-240.843750
2283.829102
2511.828369
-347.554199
659.106323
1281.172119
89.713379
392.444336
175.161621
189.672852
487.381348
220.100586
332.851929
2523.874512
891.190430
-1196.119629
-2844.201172
-2812.201172
-129.925293
251.942871
-980.263672
-1239.043945
-3014.579590
-2931.488281
-2424.868896
-624.210449
-912.674316
1250.029297
186.070801
-327.376709
-1878.174072
-5095.582520
-1784.578125
1241.506592
708.145508
2518.259277
27.506104
833.558594
466.424316
199.812988
-1261.531494
-1395.336914
-1782.908447
-2521.680664
-487.429688
-1884.960938
-1154.357422
1297.235352
1810.914551
-558.471436
-323.598633
361.186523
356.152222
367.366699
-1696.435059
-435.248779
-255.379333
-288.252441
1525.682617
-229.059448
-965.679199
-1994.748535
113.763184
1280.310425
1919.196777
389.773438
153.566895
205.496643
643.072998
247.155884
-379.917969
1445.819824
1252.953125
1139.358765
-273.610352
-236.627075
372.661133
229.145020
487.590820
1208.961914
-1592.860840
-677.349609
177.254395
-876.811768
-1182.505859
528.941895
1295.340576
224.757324
2338.582275
2592.074463
-435.878174
-116.817749
583.303772
-433.148773
462.131836
778.481689
372.684265
-178.169922
421.473877
59.309937
-862.242920
34.515137
1272.944824
-175.543213
1505.910156
2291.604492
523.711914
-2909.266602
-3716.441406
-451.048828
-288.172852
-800.720337
416.486084
119.110840
-0.917480
-853.405762
62.680664
-233.605469
-3428.726074
-2357.114258
769.838135
1140.428467
116.529785
-526.101196
260.146973
-1034.416016
-307.953125
582.423767
368.147461
591.410156
-350.704834
-518.701904
1196.946777
158.371094
707.555664
1092.719482
2483.208008
1025.271729
-456.538208
207.787842
-1006.866455
167.228577
1621.249268
-693.677490
-581.228271
937.847656
769.608337
-114.195435
-616.132446
25.018066
71.011719
181.907715
-882.677734
241.805664
5.383301
-932.063965
-120.287109
534.210938
-95.418945
-795.758362
-435.408203
-467.628906
7.204590
-109.665527
-103.931763
1891.930664
3476.398438
1202.993164
408.737305
-602.581421
-269.509766
1029.078613
332.561035
888.219238
689.415527
783.220703
1598.923828
735.242920
-659.524536
-2895.248047
-2423.746826
-632.408569
-1385.482422
-1156.084961
-877.709473
229.088409
1944.333984
1500.271484
441.809814
-2790.399414
-4810.045898
-204.989990
1236.179443
-6.304688
395.265381
-44.766357
909.996582
-728.093750
-191.616211
-1938.764893
-498.524536
245.225525
-952.857849
11.519531
968.389648
35.408203
532.184814
794.992676
-483.373779
478.890625
-454.231445
-1762.730469
97.556641
6.516357
-447.844238
-2435.070312
-3546.515137
-410.948730
244.621094
-576.505371
163.538574
-645.586548
214.111816
974.633789
-19.029541
-506.789795
127.490723
-663.509155
-431.384766
-952.098389
-13.654541
-891.569824
-2280.288330
-1091.819092
-461.709229
-905.490234
-1449.974609
-715.200928
1067.288574
1837.142212
1159.729492
-135.642578
-1907.293457
889.435913
-519.068848
-635.702637
-214.286591
164.119873
-272.974854
-420.886536
-80.882324
489.582520
-816.269531
-163.204712
443.238770
-194.207520
-541.933960
449.865723
293.749023
95.241699
-224.711670
-650.054688
275.783447
-1349.885620
-721.081055
891.437500
-616.517578
-1699.451904
-1425.928955
-1034.901855
-404.172119
-370.588867
-704.151367
-109.525391
232.117188
-1126.192383
-1558.138672
-58.365234
-381.273926
-542.810547
381.391846
-106.039062
-1801.133789
-477.026855
-492.442627
-584.237183
256.496094
-688.165771
-307.948486
303.544434
308.515869
463.612061
604.482910
-270.967773
-370.682007
476.614380
-557.373291
383.351074
345.204102
-302.397949
-775.407043
-549.568848
-458.667725
-355.345703
-2258.420410
-3660.648438
-2794.854980
397.564697
1704.452148
397.263184
931.458496
-98.061523
-1304.414185
-1441.073975
-694.798828
251.829102
233.740479
275.142151
188.835449
548.325195
523.167480
1608.699707
1161.559082
-672.369629
-1311.509766
-1360.416992
536.203003
1035.967285
734.530518
-297.102051
-229.271973
609.427734
-902.812988
-221.224609
210.173828
368.703369
578.838867
-938.788574
-706.094849
751.878662
-465.607422
-561.059082
501.999512
203.717529
313.951904
-280.897583
80.759537
2012.861572
565.115173
-645.254944
-1087.406372
260.413696
299.894043
-2948.049805
-2592.403320
763.065552
200.548828
-654.099854
62.310303
344.297607
-696.794922
2376.775635
4685.368164
776.480347
-138.718628
-861.924683
-2224.241943
535.308228
1930.007568
1471.509033
445.773438
-797.464844
-931.654297
1352.453125
470.264954
758.902832
45.316895
1558.920410
336.088867
925.818359
548.996704
-478.263672
-1576.384766
-176.240967
-639.587524
1756.649658
5021.645508
3967.588867
908.579590
-858.560120
-167.456055
2871.837402
2315.869141
-1018.801025
-1463.022949
-4465.283203
-4195.375977
185.097412
73.788330
-1187.192139
14.182861
-170.032593
34.537109
572.340332
-1696.149658
-1640.011719
-813.817871
-312.879395
659.725098
-306.969727
-442.895020
573.799805
1086.161377
35.157593
-626.742676
1683.734863
-310.601746
-254.223633
-686.469727
-892.074890
1728.784180
93.578125
778.698181
496.911621
114.206055
-1526.450806
-2443.233887
631.104004
1170.658691
-246.869385
300.977051
-291.026367
-779.436768
-1207.638916
-1511.951172
-1239.656128
-715.769531
-308.721680
-665.281616
-47.155518
445.119995
1139.305786
1037.889893
1567.264282
1310.519897
-606.501343
-1449.136963
-1181.770264
-438.311768
1178.610229
-1386.716553
-1139.731934
1253.051514
2177.109863
2223.450195
1906.197266
-24.482422
72.882446
-2241.691895
-3633.894531
-3878.721191
-2150.053711
-319.670898
1917.487305
605.233154
-80.363525
219.124023
733.493652
-714.303711
314.058105
230.820068
258.848145
-130.083496
603.538574
1100.467041
1054.571777
406.144531
-1335.123779
-111.731934
2092.281250
4087.622314
3761.769531
606.484375
557.717773
559.856689
-474.589478
-92.392090
761.596680
-207.490234
1334.239258
741.035645
481.879395
2332.362305
1110.657227
1333.344727
83.494019
81.681152
-2387.731445
-590.181274
-645.050293
-632.634766
272.046875
178.147949
1025.086426
989.015503
-1072.961426
941.320312
683.214355
-1425.359375
-363.303345
-382.595947
-246.439941
283.554688
-1265.366821
-1686.195312
-2514.607910
-3371.332031
-1831.862305
-1793.484863
66.902039
-159.450562
-121.965820
374.670898
410.393555
-2205.886230
-5368.481445
-3463.704102
-1122.949219
-117.109375
-707.285645
-2086.520996
-2597.050781
211.383423
1566.924561
111.425781
1905.934570
-879.824463
324.746094
719.620117
951.984375
644.504883
-152.801758
193.865234
-100.180664
9.567383
-1732.842773
-1731.250977
-1962.886230
-1443.977539
837.542969
723.866211
-1011.406250
-635.011719
1260.359375
-559.947021
76.701660
-197.463867
-1063.702637
-655.156494
-879.408875
446.892090
1141.621094
-2189.147461
-1444.333008
-982.549316
57.320557
-826.857849
-508.407471
-157.551514
794.662109
1233.917236
1209.079346
-628.529785
-1149.995117
880.187012
1277.776855
627.562988
-101.985840
681.152344
537.798340
-1152.031738
596.441406
-290.560547
185.757507
526.837891
435.806152
316.212402
2120.993164
4204.019043
3572.774902
300.716064
-1411.107422
-218.356934
-614.300781
-950.920410
-45.496826
1193.208496
-109.262573
-1078.540283
-133.018799
837.367920
709.558594
-399.241455
-1031.506348
-132.871582
1183.231689
1443.183960
-3.787231
343.859009
1438.330322
578.818359
-1011.125366
-5618.170898
-4732.505859
-749.529297
415.951172
548.159912
1165.898438
423.492676
1438.496582
2187.978516
468.576172
107.872803
641.270264
208.110840
-6.567383
794.333496
-578.500488
-942.671997
70.385254
-270.066406
-930.671631
659.984680
935.167542
319.142151
1634.142212
88.389893
-1134.915161
-1154.781860
-1337.035522
-1213.536133
-977.049072
-170.748047
-511.941284
-1235.609619
-1405.392578
-1540.563843
413.399414
478.826416
-1652.295898
-1962.273438
-374.651855
244.618164
-801.199768
-154.447815
1512.478516
450.352539
199.297363
490.347168
513.779541
334.382935
435.126465
373.714844
301.234375
401.001465
908.752136
1695.894043
590.451172
-695.702148
-175.603027
-190.112305
-336.242676
239.926758
-70.266113
356.689941
-246.514404
-740.004150
-714.602722
-116.916260
-356.811523
-18.142578
-662.046387
-370.976196
-870.721680
699.575195
-1358.731445
-2257.348145
-435.934570
-963.805664
-2175.308594
-522.967285
1568.193726
209.166992
-428.338867
-3.168945
983.030151
66.716309
-28.368164
2612.897705
694.861816
-1140.188965
-432.088379
417.192383
-393.167480
-826.989868
-855.167969
-1250.093994
-1381.037964
-179.956055
184.458984
-1214.204102
-2251.064209
-6000.047852
-7222.627441
-1354.970703
-18.781250
-572.727539
390.569824
261.601410
-1151.807251
731.244385
701.174316
1448.732422
-852.399414
-529.631348
130.307617
-1120.000977
-202.151367
-775.462402
1150.343750
3400.152344
1385.017578
-1109.120361
-1690.568848
-736.840332
77.995728
294.349609
164.491211
404.270996
-364.969177
1178.381836
2064.829590
1058.645508
-1005.372070
-410.963135
-314.882629
-506.783447
335.456665
557.965332
-1194.534180
-1314.016602
-216.346680
-1509.847656
-2081.227539
-1606.774902
781.062744
830.449341
1007.624390
-88.737000
-1163.598145
-441.462891
627.449219
251.329346
1496.891113
824.739990
3766.687012
6409.481445
2529.522949
-266.292480
-46.857834
-117.279297
1765.305664
1169.483398
-719.604492
63.307129
1023.263916
1480.750977
308.816650
-252.257568
-92.811890
127.322998
1199.248291
-949.191650
-555.732056
-702.157959
2537.720703
5496.929688
1767.081543
-619.838257
871.601562
-185.195801
1318.137695
3076.112793
-238.295410
-747.912598
865.039062
-1758.062988
-686.602051
277.555969
-666.946533
9.468506
736.475464
201.320068
453.614990
93.304199
278.263184
676.449463
157.538330
82.730896
-1213.116943
-644.984131
590.960693
-1512.917480
-148.494736
-251.179260
-2399.589600
-1235.895996
-127.055176
-476.914062
-42.477051
-1015.375244
-732.502686
-769.036377
-1380.996704
-1189.982666
-1609.612549
-683.364319
-1272.749512
-927.638306
999.066162
722.483643
598.928711
1756.639160
236.880371
-693.616699
-2082.670898
-965.787598
234.150391
-734.039062
-1150.443115
-217.360352
401.276611
276.225098
-788.747314
-1052.157471
751.087402
1597.479980
114.423828
-516.384277
-2001.693848
-2709.857910
-1123.361084
345.208649
121.156250
-747.046875
-283.078125
461.782288
1059.774902
872.269592
964.117188
-151.274414
300.689453
1627.850586
751.808105
-1258.594238
-187.073242
-35.094727
-475.181763
-27.499756
-957.693848
-1894.237061
-1758.940918
-1501.648438
-523.874268
1556.506836
1858.051758
1038.591309
755.609375
1239.683594
1394.485352
-373.540161
544.183838
-927.027588
-2282.299072
-269.937744
764.413086
-879.279297
-921.883301
-4860.154297
-5228.415527
-606.751221
733.169922
541.730835
1327.877686
864.383301
-406.283203
-767.211914
-230.366211
254.298340
-317.960693
199.686035
-665.166992
1154.278320
-418.691162
-560.879883
14.297363
-1451.121704
-2348.383545
-1415.922363
-396.385742
499.788574
-466.666260
-393.539551
-523.053650
51.537842
354.772705
59.012695
-978.492188
-123.831451
1388.610962
-321.442078
-1752.427246
-1331.602417
-1508.754517
-58.125488
783.256348
292.433594
-861.544922
258.546021
757.811768
150.865601
458.812256
-968.780762
-1629.970337
-310.517578
-652.135864
-505.577393
600.602539
230.244049
1040.736450
841.812683
1064.968750
-153.890625
-411.614319
1069.204590
1275.859375
466.012207
-32.284668
232.563477
604.735352
694.290527
-535.228516
-1240.459961
-362.131836
181.163086
112.509277
-871.232422
-1710.992188
-1623.534546
-614.073486
139.577209
629.649902
-218.774414
1161.843750
398.715332
836.306152
655.601074
536.040771
-959.777832
211.590820
596.618164
285.351562
44.226562
-635.307312
577.666992
3740.172363
1569.164795
-863.655762
-2590.778320
-4938.251465
-1911.758545
811.169922
933.298340
496.489258
604.257812
-324.881836
-246.608398
339.287109
848.117432
1191.110840
1276.974854
285.855957
-1470.018066
-2015.820312
580.759155
546.834961
403.038086
17.940430
-532.088867
-4217.756836
-1048.971680
-546.333496
529.130005
-322.190918
-18.940430
-551.212158
-2321.678223
-750.933594
-400.703613
-195.571289
-144.454102
384.969238
-2034.515137
-2709.355469
353.860229
136.617157
-459.787598
691.614746
638.433105
-261.620117
271.228516
1626.787109
4912.572754
1182.456543
-742.444336
-613.176270
-1200.611694
-1725.829346
417.174805
-7.174512
1421.647217
3309.727539
719.634277
242.373047
487.176758
921.887695
1697.791504
1241.644531
-1678.601685
529.759399
-331.863892
448.942871
2144.306641
483.022217
608.190430
802.381836
-912.776367
49.923828
-464.613770
-202.135254
2038.459961
1704.770020
1148.206665
-833.485352
-3677.544434
-2721.265625
-687.025635
571.273560
631.645020
239.508301
153.963867
-248.751953
-68.030273
672.453125
996.790039
-36.360352
-1871.934814
-1564.953003
-118.763672
-322.785156
-1302.325195
-616.207275
-343.254395
1388.098145
1164.862549
-346.298828
297.553711
-310.816406
324.737061
-12.687012
114.737793
-998.191650
-605.708252
-370.889893
842.011475
644.757812
877.848145
-763.454224
-555.655640
824.145508
829.769531
-103.238647
521.439636
905.976318
1570.297363
-818.319824
1766.305176
3570.615967
97.299072
-783.949707
-623.279785
-739.288330
459.416870
40.780273
-361.114014
550.347290
710.470337
-57.359863
-456.235596
-1171.498291
-414.107422
-401.564941
-254.269043
1021.869080
1125.466309
702.701660
-13.295654
-1431.351196
-549.920898
-449.956055
-1108.198975
-1126.922852
105.865479
930.161621
1350.059570
116.145020
459.118164
-264.178223
-990.246826
-1026.164795
-732.842041
1186.003662
788.442749
-1097.150391
459.290039
577.238037
1445.246094
2422.830566
-659.958130
-583.841309
981.418457
774.253418
1443.318359
-971.115234
-1429.735840
-605.333496
109.518677
2256.833008
920.130859
-764.006348
1256.926270
176.079102
2152.742188
1591.730225
-994.547363
660.096069
1156.802734
160.277466
-610.679199
-1433.083130
-1734.664551
684.043945
-1438.917969
349.138428
1759.649414
-737.006836
632.144897
1338.928223
7.568848
-234.912842
-1462.107056
-403.258606
2585.482910
1323.313965
497.976318
389.332275
-133.346191
-62.437012
2396.113037
2762.441895
-755.811523
-966.728638
699.646484
1153.505859
523.837891
-12.604004
256.817383
-307.072266
-657.852539
226.168457
-840.684570
-885.012207
868.501709
881.179565
-22.005371
-1534.691895
14.682617
1025.733398
1087.831787
-402.053223
652.427246
499.090698
643.710815
417.955933
-162.437500
-379.778320
182.498871
1234.074463
934.307983
774.736816
1250.544189
-1864.986572
-1653.124023
4.764923
663.438110
1157.022949
1000.316895
-62.390137
-616.790527
144.363037
-653.982666
-1085.962036
-1703.250488
-3936.648926
-3603.088867
-165.732422
-404.500854
-1342.466797
298.090576
1035.161621
-1918.568848
-3459.518555
-3133.746582
-1001.428711
-173.124023
-817.673340
2094.181152
2787.184570
-255.984863
136.729858
-2330.985352
-5895.089355
-4088.941895
22.497070
663.035645
4174.255859
6740.255859
2664.058594
-48.491455
1854.415283
1497.990723
238.920959
511.226318
-786.231934
-142.879639
683.715942
201.568115
346.017822
-158.190674
-30.827148
-7.743164
106.499023
561.568848
527.504883
1602.515137
3407.200684
2770.968750
577.750488
-263.803711
-992.941406
-189.939209
715.287842
-2563.246094
-752.702637
-32.004883
145.543945
2148.833008
142.402817
-390.376953
-166.227051
928.747559
1235.143555
-402.368286
-1842.926880
-551.765991
-95.696045
-1388.394409
-883.521484
-119.833252
-597.459473
549.639160
767.266724
1377.485840
1005.774658
48.196533
-97.133423
1500.807861
3241.956543
967.041748
-1320.990967
71.718018
440.874512
529.579102
1071.585938
-239.012695
-513.104614
1404.398315
1180.338867
993.765503
442.862671
-248.895996
-1009.577759
-245.381104
74.168945
-2581.368164
-2135.521484
116.009766
65.817383
-214.233398
708.200195
-132.772461
1148.451416
66.300507
138.070312
-267.999023
276.885254
12.857910
-349.876953
197.524292
3109.603027
3199.285156
565.104248
-186.556152
46.408691
-45.387207
500.634155
90.883545
1262.660034
872.246094
1721.536133
2321.732422
852.079590
182.593506
1251.038574
-423.212891
731.952271
-140.968262
-245.017090
506.499512
-143.078735
745.069946
-1959.752930
55.133057
2818.598633
4710.319336
5333.304688
3373.728760
974.215942
-318.904541
701.234863
-272.144531
-27.742188
412.804688
145.337891
40.777405
157.137939
-877.488037
130.081543
350.139771
-463.849609
956.375977
2049.500977
914.270264
700.164551
806.078125
617.018066
-886.102783
321.420898
1692.475464
1463.223145
1670.829102
-1159.583008
-698.944580
1087.419556
328.081421
-525.285095
-1577.810303
-608.387695
593.436646
982.246094
-488.285645
-757.193848
-76.632812
-112.368164
-1185.132324
-1817.677124
-403.089264
-558.524536
626.271118
595.544922
1623.471069
-164.036865
-2735.211426
-2624.821289
-92.448364
-1011.186523
-584.520508
-1544.324951
-615.935730
-0.641327
-894.179199
150.979004
842.344727
66.159180
201.444550
449.900879
-886.501709
-662.516724
101.007324
1715.443359
1548.119141
-922.914062
-103.589844
-1919.623047
-4496.811523
-5536.430176
-2091.167480
-98.022949
615.141113
213.956055
881.786865
1053.918213
1518.572754
1211.370850
1593.753662
1141.212158
551.768066
-272.218750
1522.399414
1137.463379
-1131.399780
-432.828857
-93.096924
-1241.578613
-932.464600
2711.431641
2223.810547
1495.658203
-435.267578
565.293945
875.936035
415.392090
33.260033
784.986328
456.461182
13.453735
1506.717041
1727.047363
826.942383
1311.651855
952.121094
-584.800476
-1152.524536
-140.346436
-384.227539
3297.439941
4046.518555
1630.658691
448.762085
388.084625
1366.807129
1101.841797
529.871582
-526.666504
-2751.123291
-2029.265137
-409.637695
513.186523
1336.467529
713.663574
-755.046387
-1765.303223
-974.689453
1034.098145
736.080688
-107.045654
212.625488
-1356.953613
-1138.454956
-295.370117
1121.950195
242.375977
-599.088135
-166.560669
606.147217
498.980469
-814.668091
-696.364746
751.920166
-354.989136
-664.319092
-265.778320
-1427.138916
874.109375
1714.044922
-342.903900
-1052.456055
-784.957520
-2044.851807
-2329.787109
176.909668
497.217651
-211.712402
-615.041748
-355.626953
325.523926
25.095581
-133.298828
-1128.228516
99.078613
789.357910
-20.391113
-79.620361
-144.224121
-188.190430
669.977173
-478.845581
178.249512
594.439026
-87.243164
-526.543945
-173.253418
386.669434
-2134.154297
-3529.050293
-1198.385254
478.066406
112.741211
-8.000732
621.092285
807.882324
34.111328
125.943848
-656.325684
242.082184
1175.703857
-269.657227
1567.464355
3072.529541
2614.378662
1327.504639
1325.162476
158.401855
-265.696045
262.636230
114.674316
-2687.772949
-920.899902
274.362305
384.008789
1067.503906
-535.911133
-1594.883301
-1031.661133
-1402.630981
-435.263428
-14.940430
-113.237549
-807.385559
-1841.008057
113.937256
-938.306396
-161.895996
-100.346680
-158.780273
-140.480469
1244.929688
-193.173340
-307.735840
819.944702
280.718994
284.754883
-746.453613
-140.193359
76.057861
-391.822266
-389.917969
397.469238
1034.879883
420.509766
-301.979248
58.036621
-455.513672
-941.695557
562.266113
554.142151
148.827148
-242.974609
112.860840
26.319092
364.944092
388.242432
256.294434
214.733032
-55.715820
-246.020508
37.300537
84.363281
-747.817383
-91.905273
-714.241211
-832.433105
-463.192383
-18.859436
247.628174
239.120605
-1013.888916
-1148.211304
1607.318115
643.699219
-410.576172
177.816406
339.062012
949.698242
1107.138062
897.597900
-1439.513184
-2032.591064
-813.492065
750.505859
1646.483398
1147.249512
-272.694214
-1862.297852
-846.820312
43.103027
20.818604
-204.313965
515.028564
416.270996
-952.194336
-1510.407959
41.702148
481.127930
-1335.092773
-389.315918
-195.191681
660.707275
483.801880
81.559082
1163.013428
916.920532
-429.016357
-231.345459
-506.956970
497.810638
886.587769
-507.636475
463.252441
207.354004
-728.876953
-255.455566
1363.372070
690.927734
-149.050293
-1248.180908
-1685.384155
-945.410889
62.962891
402.997070
-310.571289
348.939453
2130.416992
2519.343262
1207.817871
-586.731445
-73.524536
575.642151
-1804.003540
-1163.901733
-985.482666
-200.455078
1192.988281
-256.440430
119.712646
732.272461
-423.109863
164.023926
-790.241699
772.524902
-19.967285
623.804077
1333.248047
670.891113
813.004395
734.188721
113.467773
-107.239258
-1259.192383
2921.961670
2521.272461
-556.740234
-833.417969
-560.412354
982.644043
1586.558105
-637.600342
-24.099365
1107.730713
-103.224609
219.697754
-109.750000
-1415.255127
362.074707
470.725098
-466.555176
921.581055
-436.258789
468.490234
1267.113525
-315.262695
-290.210205
352.760986
-865.292969
-606.865234
1180.065918
4241.227051
4863.297852
2923.336914
-516.361816
611.687012
-681.857849
-1787.442139
319.563965
1600.421143
235.329376
1224.822510
103.454102
-116.583496
302.115234
230.479492
-81.011963
-1068.059082
67.909424
1070.378052
-542.865479
-222.539062
3185.524902
-4760.381836
-1128.411621
569.099121
-833.668457
-513.444336
149.632324
-1564.656250
-401.029419
905.112061
298.624023
1545.798828
-482.833008
-980.433594
274.302246
-861.840454
-597.732422
-586.565674
-347.834717
951.232788
-256.749023
-663.894043
964.418457
1368.367676
863.915527
-124.806641
-412.739746
36.115723
392.048828
-1462.179199
-2967.894287
-4789.905273
-6195.057129
-2469.890137
-32.054077
-904.343750
255.583984
-640.422363
6.790527
435.218262
244.599609
70.297852
2256.679199
549.034180
-1202.084961
437.866211
-89.255859
-1549.933105
-219.912384
1009.327637
-595.213379
94.483398
1647.480957
-421.093262
-751.007507
198.417801
831.802124
611.836914
1025.375000
568.878906
247.807617
446.442383
1162.685791
-292.019409
-913.026733
-91.294189
1152.111084
397.478516
-10.820740
1489.686523
1369.139648
-1174.229004
-2700.644043
-3732.387695
-366.530762
839.885742
-1786.524414
-1010.362183
753.287842
925.166992
-312.881348
-641.021729
967.123779
-270.079224
-547.708252
136.169434
-642.646484
-1036.805420
-1018.497559
705.455566
853.989014
252.987793
-483.395020
30.727051
2205.242188
340.209473
-1158.281738
100.334961
252.299805
121.900391
-714.436401
-1465.157227
-557.582764
-205.852539
1178.187256
977.975830
360.772461
1306.775391
182.159912
-404.051270
629.878906
417.236938
558.093994
3248.091309
947.706543
-204.060303
-356.286377
-879.535645
-1154.609131
61.988525
1044.783203
69.600586
-1704.389160
-585.281616
22.874390
-235.161377
1288.417236
623.302246
-134.035645
283.616852
-3229.482910
-3729.406250
-2374.170898
-496.898438
808.253357
428.039795
1057.849609
-2046.110352
480.092773
166.837646
-228.580566
690.319092
-145.512695
11.753418
779.908203
-929.765625
-354.316895
-554.518860
-1711.565918
-1510.312988
1474.292236
1475.142212
349.385254
-279.302246
-780.226685
-435.269043
30.477783
-972.706299
-537.025879
-788.328125
-752.564331
-714.021729
-1479.844482
-1080.154785
184.390137
-2126.818115
-6212.457031
-6739.929199
-3330.852539
-2142.737305
-90.710693
-776.382812
90.941406
422.368164
86.170654
1344.052246
140.615173
-1750.236084
409.441162
-1506.430420
-1548.902588
260.604767
1824.786865
3983.305908
2532.208008
-1502.688477
-2486.910156
-1030.365234
579.666016
-966.382935
-680.393311
-109.384277
-636.709961
1729.729492
993.931641
496.250549
-627.006592
-1663.484131
197.808838
574.839844
1840.668945
-289.477051
12.677734
3396.231445
5553.447266
1987.471069
-333.833496
-518.435059
-2633.647949
-874.929932
637.820801
-9.958984
82.660889
-124.844727
34.998047
1678.996216
1146.196533
566.913574
2059.797852
1295.639648
1430.206543
313.521973
286.860596
-136.371338
-441.637695
-7.772949
-1215.558350
-1353.004150
1386.412109
246.237305
535.453125
819.110352
285.413818
648.420166
-152.952881
2481.963867
1278.166992
413.375000
876.942383
-360.523926
-876.387451
116.318970
-865.396301
-1536.441528
-128.896484
773.114990
401.112305
105.243378
4033.000977
2475.482910
-1146.939209
871.214722
835.404541
1229.283447
2679.845703
1274.928711
-108.062012
289.261230
-214.896484
1320.053467
4213.846680
3768.741211
-24.658447
-37.170654
455.010742
-441.253174
-745.295166
219.639160
974.884033
-238.362885
633.408691
384.143982
-3785.734375
-4328.097168
-13.735718
1268.794922
-215.424805
759.032715
-2415.839844
-3970.512695
-181.229492
-4.806152
-634.206299
529.574219
-146.098145
240.281982
-333.879517
1505.867920
2386.741699
-692.131836
-698.931396
373.772949
-24.982910
-56.358643
-812.406494
-4.786621
-420.667480
-219.495605
661.685547
1059.037842
-55.787598
331.524902
5529.328613
6155.441406
1647.436523
-154.173340
-410.399658
-1717.766724
-451.587524
892.528809
1070.101562
614.017090
912.917358
-299.757324
-924.462891
-50.964844
134.511719
334.365662
-671.001099
-379.963257
582.000977
428.582153
768.012329
1092.203735
1614.963745
807.142151
874.475464
501.713409
275.968811
2553.353516
2733.025635
-372.415283
-430.267334
837.480469
-168.854492
-57.377548
4087.613525
3354.447266
194.698975
-715.809082
-2337.485352
-3557.489258
-202.611328
531.226074
139.120483
1557.365723
273.660156
-318.382324
-618.677246
-40.994141
-436.372803
-802.786621
-338.536621
414.791748
929.883789
-250.061035
-556.260742
-354.697052
-1176.731445
-3205.396973
-2433.670410
-3033.087402
-229.858887
826.833008
-1088.610107
-335.616913
283.474854
-3002.466064
-2975.153076
488.082153
1286.377930
3.809143
178.241043
632.979004
-427.458984
249.854980
2187.152344
540.743164
549.682129
858.986816
274.706787
970.376587
588.883301
-424.402100
-1200.173950
-1249.302490
-72.705566
1316.449219
1386.336182
1172.387695
1099.513672
-557.596680
-1582.923096
-148.954346
-210.331055
459.058594
-2.913818
-883.451904
615.204590
2613.917969
2522.828125
615.355103
-162.933594
-492.611328
-14.212402
2288.381104
6010.433594
2668.496094
-923.901062
170.656982
-1331.799805
-1231.503906
-414.727539
-1576.713867
-1170.634766
-125.527283
363.004761
1953.596802
441.905029
-263.677734
500.578125
-338.312500
-1061.365479
-638.207886
910.250732
681.421265
-379.506470
-1176.669678
-1113.069580
-428.995605
-155.051758
1251.299805
754.268066
300.558105
1320.364258
1113.593750
779.938477
190.450195
1045.743408
1252.172119
-97.662109
64.195068
959.033569
284.445312
-669.137207
-1450.634277
389.972321
643.435974
-11.116211
1344.429688
1000.891602
-672.876953
-1021.231140
-264.749390
-375.000916
-113.145142
1651.917969
657.969727
-600.652344
-131.053711
67.888428
-416.167480
679.819336
460.046143
599.155518
411.071655
-896.925903
-836.794434
-316.852539
-662.661621
824.314209
871.464600
73.755127
-67.743408
180.893555
-1999.982910
-5243.371094
-3233.586914
-128.762360
-9.384277
-1328.819946
976.362427
1917.316650
617.514648
176.699707
-81.498535
59.571045
365.882599
1141.451904
1306.386963
621.552734
958.195801
79.574219
-540.807617
-1047.680908
-1710.331909
-779.804199
-588.482056
386.765991
-682.906250
-3712.091309
-989.916992
1278.847656
874.800537
632.576660
-2362.503662
-2611.822754
476.525391
983.254395
1050.653564
-445.400269
-67.113037
701.567871
154.977539
1089.333984
-134.263000
-1493.924072
194.116577
1161.960571
-857.862183
-1468.224487
-642.496094
-1397.913818
-222.920898
1256.734375
-343.663330
-674.107910
-2109.763672
-2799.327637
-1714.215820
-323.424072
181.743896
-2019.152344
-4341.201660
-4247.085938
-1208.386230
-102.005859
-527.142578
1125.782227
1000.778320
268.640869
1260.196289
564.493896
-139.662109
-267.295898
-3955.510742
-362.450195
1330.604492
35.420410
-716.681641
-3859.207031
-3197.208984
110.841492
3133.141602
2467.617676
4731.500000
-682.076660
1548.294678
1278.508789
-672.840332
1763.649414
2000.828369
-745.072266
-1096.336182
-832.128906
-1481.230713
-1066.585938
886.548340
1820.905029
-1266.870117
-871.739258
156.812622
-208.271973
566.946289
-381.000977
-1592.625977
2003.908203
830.369873
1122.202637
622.303711
-1176.635742
-808.795410
99.413025
1410.352051
-483.837891
-471.185547
-2026.587402
-238.692993
1768.381348
-26.500000
-167.601562
-101.524536
-148.471191
2096.756836
1926.594482
-386.117676
-4622.812012
-6534.637695
-2861.810303
616.499023
100.699707
468.232422
433.307434
88.666992
172.074219
861.778442
2045.200928
2366.805664
2080.781250
1074.536133
-22.849609
-364.764893
473.047852
-322.187500
857.594727
246.660645
-45.238281
880.765991
1225.954346
-1202.368408
-852.777771
62.160645
-2633.963867
-4834.756348
-1168.507812
-540.600098
-1080.530273
-452.248779
41.242188
219.585938
296.538574
1839.635376
811.052246
816.510498
-540.483154
-2430.498047
-1091.554443
-349.480743
390.373962
-145.795166
-710.991211
246.866211
407.723267
1348.831055
883.293945
-404.199341
-513.428711
-1500.034180
669.312988
-927.077515
-2391.115234
-467.195801
-3050.756836
564.098755
1214.142212
-1568.486938
334.864990
-1475.842773
-3115.325684
734.937988
-906.686646
-777.280273
692.931641
248.559570
-826.453125
669.712891
484.855713
633.414062
927.045898
-188.620361
-629.280762
-1811.553345
-192.087646
1286.301514
1453.528809
1375.690430
-553.942993
963.157227
2572.791016
2371.814941
3.575195
-70.816406
62.218750
1313.525391
2072.098633
2455.484375
1323.473389
-644.641113
1458.130859
117.535156
374.221191
3434.508301
3568.846191
139.321899
75.666504
293.287598
-347.878906
1034.453125
33.612549
1510.150879
784.477539
-1039.871094
-1109.854980
-1298.352783
49.009033
178.224365
-341.533691
1080.353760
-2198.393066
-1656.053467
1390.805176
1489.657227
2085.535156
1813.382812
-575.716797
-543.229614
-462.931641
-182.398438
-266.878418
-652.706604
-1341.072266
196.867310
553.820312
-153.518005
-159.415527
459.899902
2944.393555
5243.424805
7088.990723
2975.534424
1971.486328
-12.904297
-4483.790527
-3627.062256
-364.973389
1174.310547
2081.977051
-859.099121
-2258.943359
-1677.102661
-357.118042
1735.761230
4033.957520
1766.060547
-1040.860962
516.894287
184.496094
292.527344
1298.298096
130.605469
281.020508
-975.621582
-451.758545
1333.551758
-211.289062
-1816.000000
-1626.269287
-2717.804688
-461.350098
-543.707764
-87.121582
577.388428
128.245605
89.446777
-575.821289
231.412109
-225.521973
-178.545166
1938.415283
293.047241
-229.453857
-218.218262
-81.524658
-444.096680
-459.901855
176.525391
248.225586
1244.674805
682.699219
-222.723633
901.329590
-200.547119
-570.224121
-603.801514
-1114.848145
70.918457
-695.145508
651.193359
1350.811401
996.731445
360.674805
-25.629883
-701.121094
154.173264
196.784180
1007.987305
-807.514648
-1214.044434
-707.524475
62.933594
-627.181641
-1864.177246
-3688.218994
-2607.121094
-2347.969727
-854.063965
-452.693390
446.508301
1364.689697
1068.061035
-686.678772
-806.477051
-455.470703
546.988770
378.461121
-426.874512
-630.491699
-398.071899
-392.639404
1163.322998
186.767334
132.642578
344.988281
1419.699707
2231.904297
-165.795105
-1466.784912
-1560.609985
-930.376831
-356.793701
309.928955
1069.969971
-1147.295410
421.724609
-597.177734
-461.520996
217.365234
588.507324
-3444.825684
-807.970703
1168.837402
-321.503906
-1051.347656
-1476.738281
-163.187744
122.577881
-410.842163
667.301758
2472.543457
1068.519043
2161.059570
574.716797
-1969.712891
-162.702637
-7.524536
1200.485352
2173.416992
1169.529297
-625.220581
282.839844
-89.519043
-206.329712
725.430176
3009.205566
769.056641
445.919678
827.015625
-256.380127
-449.505371
-944.000000
-552.031250
3262.296875
2136.363770
717.618164
745.865112
-503.522705
36.233154
-707.180908
-904.500549
-1137.779297
-522.830139
118.078247
410.490234
68.793945
558.631287
146.937988
-543.164062
483.968536
151.683594
-1529.036133
281.604492
69.355713
-370.618408
584.003540
550.752930
-658.066406
2061.602539
4014.161621
1832.813477
294.317139
-922.467285
940.647461
718.140137
1770.220947
842.318665
2.165405
-1201.842041
-712.456299
92.490723
442.065918
-63.402832
121.601562
1302.475464
1372.740967
388.485474
144.814941
370.783447
710.839600
828.314453
6.779297
-29.359375
614.842163
789.846069
-298.350586
-1020.373047
-394.908203
1341.333008
684.522217
-246.735352
-842.253418
-619.094971
697.795288
424.503784
323.270996
860.305908
-328.364746
485.770630
18.407959
-603.879150
-1763.662354
747.669922
2355.080078
557.518555
-1002.658936
-2159.312012
-891.775391
232.523438
1643.804199
4168.680664
1149.493408
-226.574707
641.868164
1361.659180
156.109375
596.073242
1351.156250
619.415405
-553.206543
-523.996460
-769.524536
-591.601074
-227.786133
380.222168
-108.174805
-299.677490
16.885010
-244.538086
-571.273926
5.642090
663.699219
1323.777100
1376.526367
254.611145
141.301270
2827.134277
1655.769531
-1123.218018
-627.951904
-196.839844
714.046875
-5.922852
-1674.508789
-2333.286377
-235.324707
241.775879
932.185303
335.555420
-3852.876953
-4999.012695
-2798.446777
-537.824463
-267.307617
-62.224609
-78.094498
-599.561523
-43.121094
1901.673828
-924.952148
-2809.499023
51.490234
-823.331543
388.652344
1402.142212
867.311523
-49.362305
-238.835938
-797.718750
-1752.875000
-895.379883
-690.149963
-10.755127
-112.333618
74.439697
1822.819824
1440.723633
2042.198242
-651.224121
-503.826660
1136.889648
1079.676758
3067.673340
517.769531
-176.140625
-724.366211
132.883301
-27.187744
45.869141
547.005615
-388.363892
-1264.267334
1462.142212
-213.301025
168.807617
-2246.792480
1158.917236
431.211914
45.585388
352.413025
642.953613
645.565796
860.222961
-519.716431
489.748291
2209.277588
-612.326172
-703.774902
162.594238
-511.236572
334.747070
2193.788086
1348.489014
1530.229004
1306.966187
-1234.974609
1264.317383
2316.544922
2703.068604
377.034180
788.386719
-1956.814209
-5118.113770
-3352.782227
-706.723633
-71.819916
-1057.525391
-857.156128
-224.045410
-171.455078
534.357422
-1171.771484
-544.155273
520.006836
-162.268555
-678.081543
379.070801
54.879395
1837.181641
1127.303711
-156.659180
-23.605713
-2370.248535
-1650.904785
1273.651611
2121.765869
807.592529
-498.294922
468.948242
2922.746582
3695.091797
1830.418945
30.771729
-188.470703
-547.722412
-266.933105
3.992188
-346.348633
-222.389160
-834.175781
379.777100
-356.367065
-185.798340
1189.488037
1325.803467
1106.343750
2536.181641
1622.518555
475.836914
12.164062
473.135498
-960.524536
-612.510742
-1464.794312
-674.817505
-989.909180
-142.210938
359.672363
248.203369
-838.505493
-4056.641113
-1910.378418
1305.182983
-6.104492
-721.291260
160.592056
198.849365
88.138184
-192.409180
1073.745972
489.592041
1769.687988
6152.611816
5213.601074
1013.454102
681.059082
1505.236694
830.417480
-574.212402
264.087891
1532.966797
2516.669434
1144.787842
-543.190430
270.907227
441.009766
215.847229
755.362061
3604.896484
3396.825195
1970.563232
1097.955566
1739.297852
351.562988
-338.201172
862.616211
-328.902405
-638.677734
912.999023
-2424.197266
-4919.771973
-2580.593750
353.051758
-861.336426
690.664795
-603.606628
-2147.804199
-134.524536
784.927917
-116.792847
-1528.136597
-1362.797974
23.968018
127.471191
46.644531
830.919189
1378.142212
1015.424561
187.354980
-2577.515137
-6985.695801
4812.899414
1891.368164
2321.053711
2735.770508
447.643372
-1385.821777
-1502.331055
-500.538086
1540.735352
242.430054
-2901.387695
-2669.642578
45.843994
244.666260
1074.232422
423.916992
-925.968689
-975.632751
137.748535
138.548828
21.990234
664.109131
1280.868164
-822.902344
230.744141
-876.603516
-3440.562012
-1577.270264
-1464.783203
-1022.492188
403.879639
-322.425781
1155.917969
2651.456055
-292.433105
-531.055298
-207.735352
563.633789
1536.185547
3343.916992
1830.201782
65.458679
-1044.148193
-116.230713
1617.802979
2208.854980
-72.752930
500.896118
3028.416504
343.073486
-844.989746
-129.955688
1340.829102
527.369141
670.900879
-506.010742
-1539.665405
-395.437195
693.617676
23.105469
1265.779419
-470.114502
-2098.437988
224.821777
82.462769
543.190918
1046.413330
754.265198
371.204102
125.371094
978.460693
247.935303
-382.360352
49.816406
669.047852
3376.953125
1681.859375
584.225830
1704.190918
-327.835388
-1790.417480
-1287.960449
103.151367
342.391235
-482.326172
-425.243530
979.476807
930.500061
463.198730
303.537109
82.586365
172.329102
-72.658691
405.240906
1997.912109
1866.132324
-398.692871
-1667.490723
-2420.475586
-664.483887
1161.237793
2144.246094
662.924805
51.368408
6.337402
446.238770
231.208038
644.347168
296.354492
-1908.062012
-37.714600
515.358398
483.483398
4293.541016
4056.079102
2094.167969
578.951660
687.970459
-241.857834
1066.431396
803.321411
-1974.121826
-1421.250000
501.409149
-495.398682
-368.707764
110.190765
-514.276367
-115.387451
7.402100
2484.847656
2217.214355
-715.857849
-314.453125
-1183.906250
-732.573730
487.456299
6.124634
-279.691345
751.765930
1245.933472
314.409424
-371.905762
388.013916
1464.175049
1245.911987
204.238541
229.108398
-850.111816
-1144.219727
771.680176
305.273987
908.653320
2995.120117
816.073242
-1063.229980
-1497.458984
-1759.287598
-859.261719
1332.211914
2550.978516
252.324219
46.980957
660.574219
-421.453552
824.127563
4852.894043
5265.184082
1768.672852
-799.527100
-630.939697
505.835449
97.204590
194.728516
663.745117
416.774658
1149.247925
1326.979980
122.218262
-1056.146240
-543.497803
-497.454346
-1548.428223
-1554.331055
-418.803711
373.915039
1051.169434
852.053040
120.996094
-243.604004
-202.691406
262.636963
1688.142090
104.970459
497.260254
2619.094727
582.085938
-1263.105347
-2113.282227
-3313.475586
-1163.896973
845.325195
362.540527
-1077.434814
-268.193848
531.105469
1129.542969
464.180176
187.048096
607.384033
214.725098
-119.473877
1166.630249
1781.546753
393.916229
-251.323242
178.558594
2327.970703
990.088623
1097.786133
182.445312
325.283203
959.152344
28.876953
-407.800781
-259.098633
1012.236450
-554.191650
429.604492
-564.858398
-360.400879
568.713867
800.951172
324.973633
66.660156
2052.833008
1485.154785
-159.524536
2140.566895
1011.500488
202.163086
2233.617188
119.388672
162.939697
-15.737305
-1096.621094
-2386.358887
-971.137695
-269.155273
152.744141
-834.599121
-188.995605
-211.500610
-779.775146
-524.317505
139.259766
682.909912
438.057983
748.733887
-427.792358
-553.921875
1031.015625
364.669434
1571.040405
1039.585449
1386.323730
2084.354980
-414.544434
-834.045349
-376.635254
1163.881836
-257.484863
-310.971924
1642.690430
1187.797852
-605.372314
-719.441406
-1675.344727
-1195.961914
673.151855
391.142151
-49.663574
-202.759277
-864.342041
-218.178833
-111.829712
134.975098
1004.379883
971.742676
1913.369385
363.722168
-82.208496
342.830078
848.394531
2266.244141
1488.763184
100.374512
886.599365
-122.967621
-181.468994
-85.481689
-1832.734619
-39.384766
1292.478149
663.671570
-113.857834
62.721069
-821.524475
-7188.289062
-5386.858398
-1321.000732
2854.237793
5091.269531
4026.418457
1451.499023
1481.148438
-1071.818359
733.137695
-1593.875977
-3256.343750
138.626099
716.885742
-448.001617
360.905762
-3301.081055
-3998.358887
42.766602
-600.383301
-1715.386719
-1447.677734
-297.323242
-466.190430
1748.673828
2715.567383
422.261719
-910.947266
-796.845947
-16.041641
121.562256
-746.251465
-2512.089600
-956.766968
842.373779
-422.891968
-1952.568604
-1382.144287
-1396.587158
-744.352966
926.037415
-618.927246
-853.773193
955.391052
642.327148
-318.024933
-501.198975
-148.232849
557.961914
1991.413086
302.094727
149.202637
644.251343
208.698608
-164.728027
-1197.064453
-3182.899414
-1984.110352
66.917969
-660.719727
-962.065430
166.324219
-703.686523
-695.307617
2501.854980
1079.038940
2168.124512
271.817383
2.012207
-540.322266
-2313.535156
-1343.785889
421.630127
-795.387695
-1046.869629
1144.753418
1138.050781
413.137207
783.064941
1453.598633
912.090332
947.529785
-255.881836
-202.866211
3055.082031
112.846558
-584.597778
-174.742920
809.521973
168.053711
-745.648682
-960.102417
-973.090332
-521.845703
670.142151
1196.971191
510.218262
-191.515137
-790.703613
-1190.606934
-1304.972046
-1160.248657
-1084.524536
434.475464
-1137.600220
-1881.432251
-18.807617
-130.994141
-42.168091
585.004211
-501.869995
-246.364746
1188.818359
236.274902
1977.142212
1552.654785
456.388672
-1313.757324
221.616730
1043.585449
-281.646484
-903.953857
-351.481079
849.859863
127.142990
209.612305
267.525391
-353.089478
231.719727
787.059570
-367.574585
110.172852
821.408203
-543.798950
1024.289062
6054.779297
3944.280029
10.200439
-1704.549072
-3805.620605
-2815.176270
514.688477
-238.400391
-935.239502
-274.808594
-238.246094
714.147461
-505.500824
-704.594971
-657.607300
-206.544922
245.607422
-224.682373
-306.112793
-122.012695
-214.499512
-491.680176
-584.605713
852.213867
92.096680
289.436523
-82.231201
723.669800
-639.257690
871.932861
243.843750
-323.215576
275.379883
440.525879
1987.595703
2962.019043
179.114258
-1376.220703
-3596.428711
-1270.097900
717.040771
42.555420
-41.182617
-299.870117
-170.255127
-148.369873
422.128906
3902.492676
166.157593
-949.528564
-39.325195
-750.875977
747.576660
1165.889648
56.825195
-63.958252
1576.171387
5455.426758
3094.692383
-115.792969
-1237.811768
-2193.624512
-225.524902
249.160889
-1037.210327
-811.252930
997.467285
1350.531738
1018.525635
1083.390991
428.035156
-1530.110352
-656.265137
70.540527
-884.566406
1312.763672
-882.727539
-1721.835693
-162.659180
603.147949
-404.994141
739.410645
734.814941
83.144531
120.894531
-425.620605
-477.560547
245.474609
-2893.122070
-117.627197
-475.619385
-1573.877319
1006.706787
-2414.964844
-3291.958496
174.109863
162.461914
465.339355
20.641113
228.146973
148.257812
2119.613281
2846.230957
4672.955078
2449.283203
1122.433594
1770.388672
184.119629
-720.830444
-1140.959473
404.906982
491.263428
1265.785767
180.347534
-393.708252
273.713257
-908.007690
-482.241211
954.646484
87.332947
513.188965
-259.389160
-1299.355469
118.390869
-86.880127
125.800293
-1633.944824
1297.005859
816.813843
1410.179688
2012.829590
1311.751709
-536.818481
36.513184
605.866211
-1066.101562
-730.008301
-198.108154
-852.656616
385.894806
2043.393433
920.093994
678.288574
969.202148
916.861572
221.284180
428.367676
-270.925232
-1631.381104
-314.544434
202.924194
-651.338867
-713.842285
-2016.006836
98.006836
1396.198730
-374.144470
392.329590
-62.377197
-120.906006
479.242920
-765.900757
-1137.053467
-723.061218
-34.893433
881.711182
-385.636230
41.902832
941.506348
-617.376709
-387.988770
71.367188
-571.780029
-584.407227
2408.829102
1716.343750
-439.971924
706.920898
640.335938
-7.624390
1294.510498
328.921326
-1371.067749
1151.565430
-472.987305
-1876.801270
-1697.341309
-2652.569824
-2119.014160
-89.696289
180.714355
546.611328
-23.460938
-1174.679688
-488.422852
799.244141
1468.766113
473.365479
438.415527
206.560547
-91.070312
1231.768555
-1153.619385
-68.262939
131.345947
-546.803467
1146.855347
131.636475
-493.048523
-1782.227295
-1977.573730
500.012939
365.705811
445.542480
-939.866455
-5714.760254
-1761.696533
1271.295898
2448.201172
1676.314453
385.682129
-2101.090332
-739.625000
559.744141
-970.839844
1056.142212
-132.176147
-1099.183350
-723.404297
522.449707
608.192383
117.881470
-6.082458
20.806885
-804.088379
-160.526367
765.416016
1266.093262
467.379150
-626.908203
1015.268555
2184.995117
911.022949
1139.360107
258.142151
174.951416
-140.423340
96.673706
861.558594
443.733398
278.135986
246.549561
-1990.188965
-425.969971
-945.344971
-475.231445
2256.914307
1433.998047
502.026855
458.325592
65.762695
-95.319336
-140.397461
-985.420044
659.413574
935.922363
485.327148
534.599121
170.021484
-370.005371
-442.334473
495.937256
1246.298340
2157.266602
1101.229614
554.404297
1397.842285
1601.893066
660.316650
-658.752686
747.150391
-179.125977
-112.526367
838.408203
285.004761
790.343506
966.114502
4748.089844
3288.939697
160.804214
701.684937
-285.098145
896.149902
140.697266
-254.536621
927.691895
602.419922
1105.702148
373.125977
106.554749
-713.695801
1409.905273
1379.220215
137.368164
-1036.897461
-690.301758
-39.239746
-241.198730
-877.821777
66.209961
943.797363
436.008057
1150.250488
1014.648193
801.339600
-559.002563
-1233.772949
3356.374756
2922.860840
-213.691895
-536.254883
-239.346207
477.945801
313.918701
-296.352295
431.542480
280.025635
33.571777
3174.765625
1174.854736
2063.329590
86.007324
704.494873
283.188477
594.369629
-87.816406
-665.998779
1191.646973
1089.816895
266.025940
-1161.031250
-3194.208496
-230.777832
233.154785
-722.569336
150.356445
-291.510742
-2043.553955
472.569336
-280.591797
144.507812
-65.894531
-91.335938
247.520264
436.914062
-1209.288330
-1944.506836
-919.992188
-79.003906
1173.674561
358.437622
2041.240234
563.005859
-78.053223
217.718750
-1474.489258
-1454.247070
-1204.983887
302.757568
2.326660
18.157593
92.062500
237.729980
276.724121
-876.972656
-2544.012207
-2270.464844
-416.580505
171.442383
-565.622925
-2474.131836
-2814.996094
-2413.898438
-33.953613
1933.768066
1722.000488
-333.075439
-1743.045166
-1544.978027
-737.534180
620.415771
284.289917
-128.448486
1536.273926
4000.641602
2944.021484
1382.747070
574.678223
-1004.725464
632.612183
598.213867
-1787.459473
-2861.784424
270.311035
765.018677
2307.564941
82.486877
-463.825684
1332.819824
1931.670654
1026.326782
172.578339
-946.885742
-1184.866211
-441.776367
1669.577637
893.044189
331.949585
154.015015
11.105225
320.723755
-272.849609
712.958008
1143.710449
559.138184
1156.779297
-1330.189941
-4876.985352
-2952.426270
44.345703
-719.412048
-1355.885986
160.594727
-1068.425781
905.630493
4447.465820
1941.248657
-553.389282
-192.286804
-303.158173
-62.074097
-191.720703
635.169434
-78.077637
-383.094971
-226.176178
529.067993
843.692749
36.248779
-1052.647095
-529.510620
-391.881836
-89.945312
468.574219
76.043945
-876.858887
-1049.652588
-350.640656
724.848145
-497.734375
-136.443237
2354.183594
620.480957
-670.761108
-145.383301
16.369141
848.820068
555.718750
342.227539
796.852661
-544.777588
-237.969238
800.678467
399.957947
1067.369873
1656.083008
535.969116
-1411.329590
-1455.762695
335.487305
-1613.824219
-2584.010498
-3237.797607
-3034.524414
-512.513428
215.986816
-846.145264
-374.952148
-291.091309
854.359619
722.651611
56.323242
-244.529541
630.089844
1000.526855
379.968201
373.347656
-19.480957
-947.763428
-908.731934
-274.482666
-344.907593
-647.973511
-350.568848
-767.610107
-1930.377197
-769.425537
129.598999
706.751465
250.776367
777.851562
-2102.537354
-3429.882324
-1211.222168
245.739258
18.532227
1333.514648
-652.146973
128.855713
849.592285
-836.600098
-41.172852
-198.478516
-875.970703
-181.006348
556.631348
-48.920898
170.160645
88.785889
-944.976074
161.591675
876.804688
-13.743774
995.978516
2614.666992
1913.879883
1850.282471
-770.977783
-59.641968
291.427246
-744.494141
-963.308228
-805.343262
878.818115
326.879883
-321.471436
-611.757507
-1475.795288
318.528595
304.398438
-198.503662
-14.940796
518.020264
-510.082031
-826.392090
-762.532715
-311.823486
1263.859375
256.378906
-223.279297
-641.941406
382.105957
2267.501465
1420.468750
326.819092
-1512.564209
-1030.760742
100.974365
2452.926514
4499.601074
3206.620605
-130.542236
-680.034180
-2343.024414
-3571.681641
-469.818115
1492.869385
289.086914
-24.097168
35.992676
-2171.249512
-1848.190186
325.777832
-909.118652
293.749023
-1020.832520
-1104.899414
-650.928711
2022.741211
2309.002930
-17.120483
-1046.415405
907.665955
523.228027
334.902832
-1251.200684
1171.167236
707.928711
441.215332
266.164062
1568.177734
774.374756
33.393311
-1086.933960
-233.963623
826.990723
1252.729004
238.528473
-212.075439
-775.153687
-251.558533
1321.129883
1370.268311
739.050781
-46.207031
-164.210938
-435.102539
857.621033
144.897949
-842.155273
-515.771973
-970.373413
-689.574890
-628.772217
-171.406250
-17.003418
-785.256714
-410.186523
83.149414
94.955566
-202.872803
-1402.192383
-1832.863770
-1158.218750
-132.157227
-617.787109
2184.101074
2538.101562
299.492188
736.349609
1361.340576
134.309814
2600.592529
4078.389648
-233.711548
-1149.595215
-1955.368164
-1177.344727
-650.501465
106.613403
-349.457397
-963.080566
830.778809
1277.287109
269.377441
-295.205078
-3706.022461
-2851.045166
180.659668
121.400940
-226.182129
1010.932861
712.321045
-286.094452
-322.595703
234.076660
-1489.221680
-1847.445557
-3003.516113
-199.471680
-229.492188
-741.603516
-735.163086
-1430.339844
95.677979
348.252197
820.587402
1235.338867
1112.475464
918.475464
-1091.008301
-1244.135010
882.331482
1053.475464
-593.948608
-873.374023
-83.062012
122.797363
1674.974121
2877.974609
2521.441162
905.885742
-21.511719
-1532.405273
-3053.236328
-470.800110
474.105713
-967.168884
19.292725
-349.008301
-3052.914551
-3966.964355
-2367.857910
-305.024841
391.733154
635.772949
1391.536621
1118.586426
-541.337036
-113.994141
350.549805
883.539062
2068.581055
2163.267578
-101.647461
411.250000
-441.633301
-35.276611
1193.442871
-130.816650
558.357666
1817.610107
-277.583008
1733.145508
1259.966797
116.610596
428.799561
553.466309
556.114624
938.530029
959.884766
337.331299
-707.721069
-165.747559
718.149414
639.575195
801.390625
-1003.876953
-405.841797
-861.291870
45.986328
1139.300537
1696.618774
615.317627
858.893188
165.558350
-1425.023438
-1182.936279
-685.975098
917.865723
4589.435547
5544.937988
1198.604980
-553.875977
-954.547852
641.406250
885.919922
-234.749268
-946.144043
-884.498047
-1371.935547
-1379.592285
-1516.518555
-509.524536
411.696289
1215.587402
3079.088135
1003.711914
-1432.348389
-1048.861816
-662.855957
543.011719
879.438477
962.341553
-1052.520020
-631.155762
2012.256836
197.692871
-378.191101
1269.545288
927.499390
-225.388184
-596.602295
-900.305908
-898.651978
-1196.958252
130.510742
1528.828857
112.229736
-494.770020
339.002930
471.712769
970.089355
739.444824
403.435303
-85.731689
-1727.678467
-524.294922
-136.857834
-2288.577148
-626.534668
241.609863
2589.691406
1830.177979
1423.132080
-200.363037
279.980774
286.208008
-299.230957
-259.826660
-1417.784546
-456.218506
509.373383
-2136.540039
-1588.263184
291.631348
413.302734
463.930664
-290.466797
638.653381
683.822876
-54.939087
1547.738770
-64.728516
-894.761719
-83.783691
1075.483398
2563.634277
1166.254395
-1122.770630
130.048340
692.476990
1420.634277
1979.628906
418.684814
-231.536133
-2658.019531
-3198.833008
-2336.694580
-1252.158203
-771.099121
2052.563477
2715.752930
914.684570
154.274307
947.132812
1594.302979
-1432.483398
332.983887
-272.236084
-883.528809
-57.765747
579.274414
-488.887085
-1214.971680
691.704590
246.741699
378.099121
235.755432
-1351.461914
-1450.747070
-1787.416016
221.548340
625.227539
28.355469
1872.986206
-2314.496094
-1589.828125
636.875244
-687.236816
-1677.259277
-68.893066
-793.224609
-210.026611
746.711914
-1003.698730
-1591.417480
-256.850586
1397.501953
-85.750488
763.504272
419.351074
-7.361328
-706.177734
450.059570
773.298279
25.168213
-931.473877
1092.711182
-85.827393
165.809814
1195.832764
91.093262
165.026123
303.209473
199.040039
-419.892090
-583.464355
1428.463379
497.092285
264.944336
-1590.347656
-2694.924805
-4418.458496
-3525.544434
494.923828
537.051575
1573.703369
2257.755615
365.891602
-134.929199
13.927490
-1163.171387
-783.484863
-602.947754
480.145264
-337.500427
-645.968262
1621.343750
-7.374023
174.137161
1409.468750
112.065674
-335.417908
-727.384766
-26.108032
441.592773
1716.757812
1086.866211
-263.933594
-641.876465
-789.967285
-981.606445
1310.748291
3417.754395
3087.679688
-64.614258
335.014648
-228.610352
1422.914551
4692.689453
3852.582275
-284.761719
185.636719
140.535156
137.996826
-782.857849
1308.295898
795.280762
91.271973
484.910400
220.405273
-832.508789
648.194336
3.017090
-301.143555
-174.196289
-225.531738
595.975586
331.057617
376.869873
484.991455
-91.263184
-386.902344
-2.926758
219.378418
795.397461
1541.121094
2414.623047
23.779785
4929.506836
3166.127686
124.851074
-308.913574
1811.102051
2002.846313
833.958008
613.425781
2522.884766
-194.015137
-1089.256836
-39.907227
-418.419922
874.886841
-202.581055
-688.274902
1461.817871
365.986328
-184.358887
-64.446289
301.662109
-237.346680
1004.609375
923.970703
477.794922
45.686279
11.114990
-1435.813232
-551.958496
-757.089905
-1092.372070
-503.894043
-824.289062
-762.158203
-1683.394531
855.853516
842.146973
714.304199
987.865967
-989.684570
-50.176270
-32.046387
-51.619141
-350.536133
-275.804199
133.480469
-116.977051
195.009033
1026.030273
-1245.271484
-1789.512695
-832.451599
757.458008
-873.853760
-143.048340
768.362305
354.923340
13.553223
506.764648
-64.335938
-524.158081
-963.374512
-1248.621094
-256.005859
1135.057373
1791.938477
1474.947754
863.575195
812.129883
-628.222656
-398.010986
-100.622559
2152.724365
1179.692017
1253.864014
607.177002
1380.612061
1207.475464
-201.615479
3464.458984
4059.997070
1700.388184
1205.950195
-744.875977
-2266.509766
-1023.377441
346.086060
196.898193
485.941650
620.260376
694.268066
-254.083008
-702.474487
246.475464
-1017.524536
-1171.159912
376.169312
-47.499146
353.010559
2175.883057
-328.885498
-444.261230
310.435547
649.940186
1403.400146
-513.453613
-1971.229248
-1375.966064
370.790283
716.709717
-664.974609
-1900.758789
-5068.364746
-5466.125000
-1319.266357
935.718750
4478.750000
4969.250488
1358.966309
-768.739258
-307.791016
-711.839600
669.555664
1616.715820
3693.181152
-121.939453
139.608887
733.465698
-626.535645
108.968994
-761.828125
228.470703
2670.872070
-394.283936
1485.827148
1050.958008
-899.018066
387.267578
-355.647461
613.324219
901.946289
-123.366211
-782.881104
983.598145
-408.850586
-56.361572
203.535156
-749.726074
559.740723
1570.061523
1551.183105
531.790039
984.500122
1120.984253
779.936768
418.578613
1069.300293
1028.570312
-173.213379
-491.179688
-1279.794434
-2597.267090
-738.745117
902.074097
927.828613
299.255859
-158.331543
-13.607788
1009.452148
-97.769531
373.118652
-348.612305
91.069336
943.055664
354.371094
1179.655762
-556.189941
-2526.091064
-4154.265625
-783.600830
463.525635
520.846802
-829.749512
-1000.152344
849.744141
215.248047
676.143677
1854.501831
374.274414
1196.259766
1600.008789
-422.593750
213.222656
-1103.568359
699.326660
-506.399902
-2425.255371
-1600.442871
-867.673584
-46.857834
1232.009521
289.390747
-432.341431
-591.897217
-140.694046
2744.081787
3995.916992
1968.841797
-1245.108398
445.738770
-819.190430
514.352051
47.291992
371.953613
-384.558105
-1437.231445
-740.827637
-87.109985
549.751953
311.861816
1794.699219
5335.544922
3544.141846
590.609070
-82.375122
-849.201172
-254.102051
307.001953
421.845215
-202.101074
836.872803
130.236267
-1104.133911
-674.036377
-713.680664
-898.598022
59.461426
1232.025391
848.516602
197.428711
432.564209
573.892578
-348.526367
-490.650879
268.183105
1088.748047
1035.369141
169.156250
-787.474609
-500.307861
540.205078
-3297.924316
-6177.428711
-3097.178955
74.840332
482.174316
689.867920
-167.051514
-840.799561
-1586.660156
-603.857849
1240.647217
-56.840088
-700.380615
393.385742
-1087.606201
-2414.889404
-1331.802734
-1078.529541
-248.478027
1373.022461
851.001465
11.276077
1419.755371
234.702148
-229.020508
931.537598
-955.751709
-1394.709106
822.770264
80.661499
-1213.004883
695.467773
-1207.047852
-108.870056
434.258789
461.048828
-1248.485352
-1499.247559
-1598.237549
178.366699
378.730957
-1809.363281
-1653.108643
-766.062988
-696.317383
-338.197998
-510.135742
-844.756836
-1132.075195
808.798340
1455.282104
-146.256104
-319.940552
-853.262329
1299.835449
1211.119141
-274.815430
-936.622437
-11.689941
-548.238770
371.984009
495.922363
-1429.336548
-162.476990
985.792480
180.647949
417.685547
577.517090
-251.241211
314.529297
-743.580811
-244.100342
170.461426
-452.825195
664.686890
720.652832
-1317.374512
314.077148
77.325439
-199.988525
2230.583740
1899.484375
400.840332
312.945557
-804.703247
-1160.621338
-1050.461060
4.305908
-51.591064
-1676.078125
-626.158691
-856.967041
-1448.677002
352.647614
379.645508
-1271.783203
331.515625
-660.271973
-539.694824
100.522461
217.463715
325.013428
-762.444458
-2317.773682
-522.947266
291.475464
90.598145
421.949219
1318.791016
1546.772339
1987.923340
986.178589
-1137.017578
-871.184448
833.646179
1834.979004
-404.584961
533.695312
430.834961
-978.687500
1222.138672
1252.855469
296.398682
-1468.926270
-140.737793
999.824219
1.761108
107.165039
2267.092529
713.747070
-702.478027
-1003.267822
591.308594
155.125244
-704.794800
-17.140137
334.528320
194.446289
-420.507812
-351.440613
975.868164
-321.914062
-1055.308105
-781.639160
840.874756
664.877686
411.750977
-1333.228027
-788.138672
85.864990
-691.623657
-559.050049
-532.849121
-1008.774414
-2004.421875
1081.493164
1062.512939
-782.676880
-945.009277
-291.493713
-889.837402
323.632202
-777.730469
-2190.239258
154.982422
892.213989
-306.121094
-1107.355591
-888.770752
-493.523926
-236.773438
-1015.681030
-776.942627
-148.822754
518.268066
825.714600
1164.013428
-561.977783
-385.716064
678.351257
-363.300537
-327.112305
653.393677
402.178223
341.194336
691.788330
-928.574219
608.335938
123.430176
873.720215
573.360962
-1253.918945
-717.014648
-647.668457
-568.598633
287.652344
346.460449
-123.680786
-95.457764
2403.495117
2080.829346
1936.014771
1598.667480
1840.547852
3137.355469
1808.621582
-388.857422
596.783630
1622.212280
1829.314941
384.225098
-148.228516
302.801758
-446.566895
335.335815
52.496704
-987.187378
246.492188
-3380.804688
-122.923828
1375.075195
-42.894531
421.602539
2367.133789
2449.247070
416.753906
-462.050293
-2748.469727
-2321.709473
84.649902
-1770.394043
-564.912598
349.787964
105.311035
34.600098
-245.125000
-1077.417603
875.539062
616.151855
2420.342773
-522.894836
20.510254
-2251.943115
-5482.934570
-2177.103027
574.797852
1999.437012
1028.325317
95.041504
-734.980469
-1307.868896
-96.870605
1118.366211
308.619385
405.083740
560.918945
176.149902
-1013.999268
-1201.045166
-463.589722
1071.954102
2722.086426
33.808151
444.358887
-347.530762
524.925293
182.665649
-1304.501709
-805.329590
-164.596069
-1139.430908
-366.346191
-458.905273
362.060547
1361.198242
2015.565430
816.838867
-2276.816895
820.619141
1884.232422
1812.630371
-349.477905
-1072.484863
338.912109
662.851562
-160.416016
114.098633
1115.509766
-2534.837891
-4862.579590
-3301.427734
95.613220
369.147949
144.226440
46.536621
-158.531250
3045.842285
1694.416260
81.142174
1167.629395
-945.316895
-393.457031
289.345215
-197.671387
427.875977
-264.559082
-1186.652344
60.085449
-174.512207
242.713379
1158.955811
1350.148438
-790.012451
-1044.747803
608.755371
-65.081543
-903.300659
-1307.931641
-1257.817139
-802.753906
1995.409668
4067.031006
1233.246826
-1193.470215
-9.760498
401.843262
231.992920
694.544556
1576.606445
622.178223
865.101807
439.319336
-336.295898
515.677490
315.906982
-18.351074
-907.857849
-671.859619
-866.755859
-3481.779785
-1989.118164
972.805664
-469.460205
307.014160
474.227539
-290.156250
1162.496582
1656.354980
1329.629639
969.155457
384.883057
-1232.616699
-795.410278
-1296.482910
-1300.908203
521.278381
523.766113
2733.570312
2423.743164
-638.411499
-406.772339
-2187.162109
-2152.579590
589.208008
282.690918
295.809570
185.724365
-572.651367
-1.094727
-2561.674805
-6843.775879
-5202.844727
-510.916504
320.488495
-514.030273
838.543945
-2957.145996
-3086.960938
157.146118
1150.858398
-375.857849
337.229248
44.206543
375.731934
1124.475464
-570.969238
-183.471619
896.266113
-51.577637
1761.235840
3974.342529
1107.511719
-751.119995
672.822021
584.667480
214.837402
-670.564209
-521.447266
1238.261719
936.072510
1521.207520
516.885254
658.636169
78.000000
-359.781738
-242.934448
-639.284180
296.959717
1328.952759
664.480469
1304.858398
186.331055
-1458.880127
-189.100830
-303.252441
55.798828
-703.799316
-764.606934
-628.368408
2443.958984
-1259.422852
-2661.298340
-579.273438
-821.143311
-125.836914
1264.718262
3951.437500
-1017.156250
-236.827148
-89.197266
-623.921875
-47.327148
368.531494
-699.669922
2559.214355
2064.365723
311.035156
-821.750000
-1074.601074
-1638.910156
-2362.802734
-400.582520
-649.147461
-3700.130859
-5346.050781
-829.926270
1229.575195
214.815430
-7.436523
-2409.285645
-3834.367188
-1977.398438
-1136.257812
98.743652
1078.242676
-865.854980
95.376953
104.652344
-1440.883789
-1653.111572
526.721680
486.828125
-54.739258
285.028809
121.943359
-1067.222168
-1.216797
1057.828735
570.909424
98.061035
1062.197998
-410.489380
973.062134
-440.913757
-954.468018
-640.522949
82.814941
-406.103516
103.008301
-1228.116943
-1505.537598
14.355469
-356.601318
-930.606201
893.812988
301.379883
109.367188
49.014404
-1734.750244
-2078.541016
-608.516602
1650.531250
931.097656
-1410.785156
-353.393555
-656.435547
-240.971680
147.279297
187.324829
296.592285
45.820557
671.533691
770.819336
762.552734
533.945435
-776.788086
295.754150
964.956055
631.382324
1439.880493
1356.940796
-415.679932
-923.092529
381.033691
1230.851318
-10.562012
226.378662
1020.335205
3456.253906
8619.115234
6049.504883
1363.477051
-550.714355
-543.628906
1524.080078
2745.779297
649.665527
-529.772949
182.418457
316.142151
274.599121
-1596.596191
-3063.855713
-2032.505859
1006.689453
449.783691
-1283.876709
-1527.168701
-1100.458984
-927.332520
259.904297
554.394104
62.227539
565.706055
-115.218262
-615.947510
-821.954346
-1324.828735
771.277283
1553.800049
-7.169922
-399.427490
194.813477
-91.798462
1486.545166
284.738953
-783.185059
958.883301
1094.822266
3250.114746
2799.749023
-21.510132
8.145752
-1575.314697
-1783.437988
-362.133789
2.231445
1647.718750
635.229492
-566.010742
1298.695435
401.117676
1025.767090
851.284668
-344.918457
-1435.186523
-205.179688
-638.309570
552.398865
-499.310547
-711.107910
-269.884155
-794.148804
-139.338501
-234.182983
1725.076538
3595.141846
42.337814
372.207520
-1149.588867
-2920.196289
471.159180
1092.001465
1231.646973
76.475830
-1079.144287
-268.916504
-678.576172
-13.536133
-487.256073
-1642.626953
-1036.574707
-1220.196045
330.461426
799.716309
-294.771973
-619.370117
462.991699
389.801270
2195.999756
1291.364746
-504.096313
698.594238
185.061035
-1889.032471
-1665.826172
-3056.886719
-202.846680
-19.698730
1358.359619
-1365.708740
44.724609
400.905884
1156.142090
778.313232
1470.988770
-175.535156
517.116272
1247.111816
817.106445
86.659180
-322.783691
145.850830
-3013.676758
-1261.459961
1266.598145
604.579346
914.163147
-454.037354
782.138672
-449.732910
-803.524475
1969.406250
505.677429
-87.541748
1452.434570
826.661621
161.755127
-718.961670
-848.839600
-510.625854
142.272949
-461.161041
-607.529785
1077.819336
-457.055664
-1070.220215
-1512.333984
811.432129
-80.183105
-1528.983887
-141.096680
-346.650146
-55.958511
130.111145
-97.290405
696.142151
-569.718262
374.511230
1302.198242
189.228027
317.240479
-1178.803711
-664.681641
-109.662109
-147.025635
662.423340
-1479.533691
-1317.346191
-145.971756
1577.030029
842.062500
2428.075684
-1695.495605
-1665.062256
-3565.244629
-173.963135
-265.181641
-1366.997070
103.090088
439.536133
-487.155273
1038.880859
-743.206055
-326.879883
486.609375
284.572998
7.328125
1673.798828
449.058594
1027.081543
1050.943604
-661.635254
-1433.390625
-854.679199
121.624023
1020.747559
986.884766
717.859863
-45.066650
-1114.365967
-0.405762
1314.487793
70.015869
-540.904785
-481.708008
-846.156250
-549.938965
-939.903320
-221.272461
262.430023
937.335449
-3155.566162
-7566.711914
-3880.731201
-16.520935
1442.341431
2028.857422
152.126709
-264.481934
677.814819
-31.692139
46.639648
667.195557
-307.764648
-1241.820068
-528.178711
339.607422
846.270752
389.614197
37.103287
-2235.781982
-212.424850
-324.842529
-1058.698486
-390.985107
-685.115967
-658.710571
-724.411133
-383.226074
337.753662
-371.434814
1192.616211
3850.313965
1803.133789
-841.413574
-111.569763
173.228516
-36.899414
749.389404
1216.148438
-1071.075195
-1582.125977
-1402.910156
1042.877319
1360.996582
-201.504395
-346.972656
435.282227
186.925781
-1336.451172
381.586914
1047.200195
703.996094
-398.192383
-998.541016
245.271973
676.395508
583.667725
644.502930
340.050781
-1939.005859
-4252.545898
-2575.267578
-174.678711
-408.888672
-501.932373
417.517822
966.952515
521.859619
-477.341553
-661.485107
-292.759277
-115.234375
-425.687744
-1604.943359
-88.049408
606.350098
721.785156
665.019531
-285.931152
-330.682617
-60.234741
1008.149414
-1020.963867
-198.187500
-1164.283936
-1598.108887
192.244141
431.611450
624.166626
1277.112793
-469.783691
646.757812
341.191406
800.970703
2061.158203
-177.066162
-264.936646
701.210510
311.164856
-508.005615
-307.518311
508.494629
-51.256348
-242.102539
544.445801
-473.902954
-553.372925
-962.821777
-913.001343
-1173.842773
-1155.377930
-531.391113
-172.251602
171.439331
-351.175781
-366.542480
813.214600
712.526123
-147.188965
920.844482
3574.389160
2094.113281
-443.263428
-364.000244
-148.680176
8.505859
-258.048340
-1186.243652
-214.253418
-34.314453
-133.762451
132.070801
90.028320
602.098633
-320.061035
1219.640625
2469.818359
1676.599121
-1327.417480
-1683.045898
-298.655273
1244.701172
252.629395
-892.660889
253.406372
226.487793
-556.768311
-443.266846
-649.910767
-276.450562
757.528320
-78.792603
-1133.959717
-545.388794
473.811279
3.807617
-66.346680
1446.442383
2015.837402
-694.921143
-1100.642578
221.691406
-483.371582
-929.405151
266.806641
-327.249512
251.500000
-314.409180
652.244873
1062.462769
1013.669922
-324.542236
-979.002563
85.457764
1387.936890
1137.765259
392.504883
-1433.634277
265.466064
-1220.657715
-4350.226562
-1996.152832
451.176758
-915.532471
-264.454346
325.433350
1005.882324
516.138916
-608.420410
501.105469
-2954.249023
-7470.160156
-4522.966309
-479.844727
1418.944336
3588.574219
2927.441406
2700.428711
748.712891
2571.351074
53.180786
-188.146484
202.045898
131.703613
-370.880249
314.731934
-149.328735
-84.501953
-23.708496
-1102.027466
-765.020508
-807.948303
232.802734
255.736816
-567.242188
-824.254395
305.868164
25.335083
-244.285645
-166.175781
-786.693726
-148.290283
1530.010498
1408.609253
126.729248
-255.130615
285.698486
1818.603027
3445.217041
2494.475586
18.991455
386.083984
937.255371
-17.760620
151.695312
309.783691
-3564.802490
-4517.154297
-1215.686523
912.925903
1048.687256
-709.412109
-1068.916016
-2670.632568
-251.557373
1239.772705
-303.048340
-464.172852
-353.470703
342.696777
-23.258789
1738.387695
-279.143433
-874.097656
-1611.910156
-1134.177246
1465.137695
1113.824463
185.757019
868.771484
25.854248
-1381.245239
-334.877197
700.030273
-341.963135
533.507507
539.019043
567.776855
2615.530762
1860.445312
751.563965
-409.770569
-3634.645020
-1955.367920
884.593750
-303.532715
761.736328
42.656250
339.019043
858.215332
191.905762
205.870117
-250.875000
-3039.442871
-2041.805664
-226.136963
935.464722
-132.838135
-1715.126953
-1486.912598
-1450.798340
2039.967773
1403.365234
310.525269
633.205933
-1711.524536
142.764648
16.688965
215.207031
1230.365845
-140.787598
-712.941895
-447.617920
-1406.354492
-889.140381
452.795898
334.599609
1136.197754
846.230225
-1343.218994
-855.871826
630.455322
567.494629
-163.673096
-96.552734
421.137695
-403.723877
-1029.596191
-588.377441
470.074707
428.568939
-478.742188
-2078.664551
-1001.899414
452.950684
-24.001953
601.268066
88.547852
496.813599
717.886597
-46.857834
-1240.573730
-883.207397
300.548340
635.861816
-331.761719
318.965820
-513.794922
-1349.319336
776.678223
847.188477
274.225586
-404.799316
-832.714294
493.194092
531.376221
-390.595093
485.064941
338.789062
-355.793793
-438.764526
-430.975281
-949.589722
-2375.998047
-1120.545044
789.695312
596.575195
847.451904
-1604.839844
-3322.406738
-5.266602
479.321289
108.405273
-220.808105
-2155.938965
-1149.872559
495.003906
674.913086
3337.569336
396.932129
-191.622070
-1321.557129
-1895.548828
-1454.823730
299.292480
548.102844
-753.997314
-1017.873657
-1226.003662
477.361084
-626.262207
-1793.500977
-145.311279
1716.874512
1393.347656
731.645020
935.216797
534.056763
-822.703125
-562.079468
106.693604
-543.261475
652.635254
107.396027
-496.208496
1233.294434
455.922852
295.311401
396.845703
1271.306641
1213.874023
857.115234
-1234.799805
291.331543
-433.325195
-455.176758
-507.003906
164.804718
317.072266
-877.094971
828.889160
4229.259277
1963.310547
386.423828
-3017.179688
-2735.387939
350.953857
38.986038
2945.126465
4200.494141
4006.525879
2870.785156
37.879639
-588.598633
-789.025391
-3830.796387
-1799.786621
-2177.071289
-1965.379395
-384.358887
-75.666992
-399.553711
100.015625
-1373.857422
508.155762
-255.919800
-1316.664551
-617.542358
-901.788879
-7358.825684
-6054.858398
-398.209137
1721.378174
-265.263672
552.154297
-1216.135010
-190.116211
14.941895
3145.291260
3352.651123
-420.602051
-2173.555664
-1428.244629
615.987305
3367.581055
2117.683594
-286.334473
-165.650146
-1255.133789
-26.170898
329.198242
-165.536621
943.670654
-160.823242
-267.317871
878.525513
794.667908
1265.635132
914.673828
1030.949707
975.447754
-201.861816
-1615.447510
-1038.596191
1000.599609
1907.446777
-121.629395
-218.831787
-405.873291
-1273.599365
-365.859375
1010.918945
862.717529
-307.416992
-178.499023
-711.584961
3713.959717
2453.521729
574.428223
-1388.451294
-1025.988892
279.856689
1270.106445
1334.176270
-396.620483
-496.626465
591.854980
837.261963
719.287354
1293.864746
389.817383
210.803223
-205.429688
623.900818
1085.169434
361.142151
-419.578674
138.775208
545.602905
1651.720703
3234.562744
2436.272461
4039.001221
2437.048096
326.601013
340.837402
379.354248
917.792908
956.890625
1103.047607
1128.843384
172.475464
-557.937500
147.656250
740.266357
396.714600
-955.463379
2061.402832
-22.818787
-482.415039
227.016602
-232.171875
-111.113770
572.223877
-19.767822
-400.897644
114.547852
412.214844
-759.738770
158.021973
-38.625000
-59.488281
1218.424316
432.765869
-868.183411
-308.426880
921.223022
1458.669434
-122.116150
-1370.468750
529.530273
123.567871
590.908447
753.612793
-2193.310059
-998.250732
1150.305298
-178.520508
-595.671936
-695.788818
-354.645020
314.441406
912.456055
912.235474
32.160156
-471.188477
-524.942505
2266.810547
3395.381836
-482.465332
-1126.015625
-1146.115234
-1009.809082
1202.172974
1000.622314
456.659180
1086.488281
-429.421875
1826.761719
1578.874023
511.850830
614.138855
271.787842
62.750488
-319.854980
-507.171143
543.842041
-25.960449
-21.128418
495.843140
140.943848
-93.552734
-341.875000
-660.489502
-669.399902
-8.698303
705.059082
159.704102
50.591797
-374.889404
-226.742676
-771.455688
-1935.846191
-1091.349609
1021.672119
1180.547607
3910.586182
859.040527
-269.039551
309.923035
-1049.485596
-394.973877
-177.026123
-717.291992
-758.179688
-155.358887
1461.558350
386.458496
-93.209229
-108.822266
914.374023
-11.563477
-574.610962
-308.972656
1461.625000
-444.683594
-156.998657
-312.458008
-396.128418
496.455811
73.729614
-1083.930420
-1704.819336
94.327148
656.262939
168.702148
-1950.999512
-3506.318359
-2733.946777
797.087158
1.444092
-397.814453
513.852539
-2070.929688
-1366.181030
-716.162598
1385.315430
783.979492
-945.029785
405.599121
1476.287354
-458.435059
-745.343872
-785.208496
-2021.148926
-3116.109619
457.662109
359.520508
2716.143066
2445.013672
1247.214844
802.358887
-474.737732
-382.177979
-305.767090
222.720459
744.786621
194.322266
939.523560
1821.349121
896.806152
-111.034180
1119.617920
788.173706
-540.364258
-1111.050781
-583.864868
1145.141113
-364.094727
-587.198730
386.324219
-896.533142
-826.123047
769.445312
-128.860352
-1070.895264
-788.665039
46.324219
550.718750
578.369141
75.104004
741.070801
-454.751953
-78.234863
-29.857834
35.684204
1402.475464
1618.884521
-313.965820
304.480469
2091.635742
777.750977
85.343994
-1401.746094
-684.924805
-822.143555
-576.822754
-655.236572
928.141602
-621.740234
-1234.980957
-281.711792
642.068359
228.514160
-298.194336
-964.511230
-425.101562
-1241.117188
-1294.682495
-1445.416504
131.311523
37.043701
1881.458252
2322.622070
-302.877197
-2351.692383
658.924744
1959.894531
905.151611
1116.488525
451.466553
-311.165527
-203.791260
-52.408936
1339.093750
877.812500
-448.009521
524.410156
-1705.396484
-408.482422
-233.272949
-1477.664673
-1337.567139
-771.906372
-277.549561
-111.967773
-532.080811
879.805176
641.604980
-856.574158
-759.622070
-672.230957
95.154785
1198.403931
404.629639
-2184.912598
-1184.050049
1532.016479
2354.475586
877.388916
-618.887695
-447.842773
-223.892578
320.276367
-76.696289
942.606445
688.354492
-1403.384766
296.139771
-147.625000
2384.964844
3661.020508
3341.278809
573.619629
778.392578
286.344238
581.891602
848.109375
492.794922
209.227539
-456.717346
59.850586
-802.256836
178.319092
-299.479980
-1238.954590
1095.419434
1837.097168
-27.128662
-196.494141
-90.677734
1365.828613
2610.426758
2732.815918
565.255371
-844.308594
-1386.039307
-426.327026
-214.486328
533.415039
1281.350098
397.391602
711.142151
916.142151
233.172058
536.179443
-1482.918457
-740.164062
1601.300781
-600.631592
16.852295
-448.622437
-455.575439
2048.380371
424.123535
-980.395203
25.500610
643.485840
1410.223999
347.450317
-1074.362061
-666.798706
138.360596
606.684326
1022.990234
169.384766
-1554.422363
-2115.766113
-584.870117
-812.321289
-1249.664185
-47.651123
-874.256348
290.203613
1220.747559
-513.642517
55.880981
-140.904297
-1305.775635
935.097412
657.627441
-809.011963
-694.423828
-450.234131
-61.723633
-449.765625
-842.908203
373.304871
-307.054688
-40.251953
2015.092285
767.768555
-1719.399414
-4184.049805
-558.941406
878.304688
-21.942627
-148.977783
-555.207031
-593.263184
-548.416870
-903.081299
-1338.404297
-3615.560059
-1976.101807
858.466309
893.479004
924.624023
1837.937500
25.694336
762.241821
-395.710205
256.035645
1394.938599
94.215820
-1435.363770
-1028.701660
-1489.764160
-882.810791
957.548462
84.973389
1580.951904
1798.211914
-527.915039
-504.498047
-14.862549
-167.462402
1787.686768
1038.266602
-2047.670898
-134.042969
298.045898
-562.117920
-806.948486
-158.106201
-132.776855
327.458984
54.337402
-584.289307
-1876.732666
-3840.857910
-1863.167480
-3941.490723
-261.890625
-639.361816
-431.373047
-409.452148
-538.772949
-220.858154
1651.210327
3427.957031
759.211426
-211.742188
-2381.741943
-3983.143555
-690.175781
-357.938721
1073.039062
-37.326172
-1683.804688
-2305.125977
42.545898
3.723389
-596.456299
-713.579346
-304.193359
-227.530273
665.153076
-903.485352
-1713.758789
-953.857849
167.268555
1636.503906
1956.896484
665.053223
-1374.051758
-1274.629639
785.576782
1163.871460
-532.545654
-311.557800
1071.176270
1568.815918
1847.725830
774.187012
292.350586
-936.046387
-700.057861
307.167725
-733.743286
-1330.125977
-2576.003906
-1856.720703
1154.734375
440.029297
-703.527588
836.071716
998.396973
2249.656250
1431.995117
-399.435547
257.064453
-3028.833496
-4076.248291
-1161.438232
-716.857788
317.442383
-482.778809
-1243.364258
-612.390015
-21.018066
-241.721680
-399.020142
397.851196
-67.772461
600.520508
-339.589355
-381.335693
444.795654
-180.659180
-31.712402
-149.655762
-1400.548340
-1132.534180
1038.937012
-728.288086
-874.747070
1679.934570
3578.391113
1674.096558
958.474609
973.157227
-137.047852
-861.811584
-1370.524536
-888.190918
738.593506
809.794373
216.238037
141.736572
894.445679
1207.900146
1080.647705
32.850098
-843.854980
-908.202637
-321.375366
-390.942627
661.617676
-119.011719
25.850098
830.738525
-317.433777
-1162.976807
220.611328
1356.098145
1125.245605
-521.449585
-197.355469
710.751709
1340.077148
-236.652344
-1664.394531
-3379.849121
-3805.127441
-528.972656
214.209229
392.055511
1184.466797
288.192017
388.850952
730.497559
-928.407104
-784.179321
-1079.989258
-1126.680786
226.927063
1073.978271
21.706055
-859.877930
194.929810
717.486572
-606.472900
159.580078
1670.215210
286.406555
-1634.389404
-603.032715
42.933594
-252.521729
548.318481
398.470215
-56.694580
217.534058
621.139160
-147.997559
173.864258
1747.526367
869.068848
-558.743164
-798.730957
291.113281
-405.843994
247.718262
463.455078
308.246094
1027.645996
984.156860
-142.476074
104.950928
769.613770
138.306396
4632.512695
-346.738281
-1934.148438
-3431.358398
-1778.413330
1915.138794
260.006348
-274.526367
-369.901367
-402.503662
-366.819824
-241.221191
61.630371
-973.554199
-1725.351074
-1258.722656
465.165771
-350.747803
-442.772705
920.661133
1070.797852
601.234375
-2712.355469
-2665.773926
1494.003906
1558.423828
3521.043945
3759.223633
-133.789062
-1207.299194
-733.726074
-29.468750
537.847656
-1131.965820
-1687.966797
-622.362305
2737.828613
1023.979004
1442.847168
-193.297363
-1576.077637
326.738770
-252.303711
-1121.279053
-692.963379
-44.208008
-127.254150
-430.463867
281.635742
-296.979492
-441.689453
1379.333984
449.008789
-1478.946777
-2631.183594
506.908203
1703.594482
1571.523804
536.496521
152.790283
1046.292236
504.007111
-1208.042969
922.926758
-588.098633
97.095703
-413.516235
1741.869629
-2613.219727
-465.740479
251.410889
1299.146973
3292.097656
1706.475342
-1591.693848
-317.221924
582.451660
-634.948730
-551.961182
-459.491699
-147.086670
-47.134033
-336.478516
-479.188965
-1656.628662
-3487.586426
-2393.430664
-774.692383
-11.667480
-145.676758
241.608398
91.742676
1340.057373
460.636475
-627.604004
-471.954590
-155.133545
-363.416504
1004.080322
593.354248
73.991211
358.615967
-1209.254150
-952.482300
-209.509766
-1276.272461
-64.488525
252.546387
1577.010010
972.428650
-1321.004883
-633.000122
570.346924
622.506836
1253.579102
-453.715698
97.252930
171.641602
-444.260681
345.461670
-474.570801
-53.802734
1180.533203
665.730469
741.631348
-1095.229492
-2394.106934
468.247559
1358.412842
432.698730
880.507324
-289.805054
-1208.029541
-1280.247070
-758.386719
-531.284180
-2707.558594
-1235.202637
630.696411
91.177734
-848.494629
-2225.077148
-1911.857788
858.736084
-272.793945
-1449.989380
-15.795059
489.364258
146.395508
-773.306641
-815.515503
384.275635
-284.029297
-1472.558350
-413.517212
992.279541
775.117981
132.650879
61.278564
74.478760
402.555664
211.025391
708.095215
858.917725
-143.552246
-2249.375488
-2364.589844
-472.740234
369.159424
-461.034790
350.743408
741.103027
190.537598
-981.982910
-1590.646362
-242.240234
239.793457
-336.621338
-773.672485
1211.946777
1239.870605
-539.396484
-1182.553711
-1338.585938
3099.386719
1071.936523
3296.636719
5986.230469
1637.609497
-562.309326
928.207275
1448.688965
926.656250
3227.434570
434.107544
-1570.796875
-495.858398
-452.973389
567.065674
684.444580
-655.530273
1549.494141
5529.097656
3636.663086
95.584473
-386.021729
387.284973
31.458496
-1941.584106
-982.142700
-552.120361
-96.156738
-485.645020
-383.525391
62.569824
-2057.320801
-2388.225098
36.233398
2194.260254
4694.935059
2892.032715
955.522888
1734.104004
1118.957520
2876.251465
3355.859863
-1072.866089
-296.082520
524.056641
-689.489502
-1086.775879
-156.834961
1536.749756
1163.372559
631.418457
-1008.706360
-4166.437500
-3508.580566
601.794434
418.901367
-371.166260
78.614502
-1525.104004
-4268.041992
-2299.945557
-1079.032715
1369.052246
2137.940430
2329.938965
470.972656
-968.200562
-72.280029
990.695557
387.752197
212.736816
2272.830078
4308.277832
2415.374268
247.329102
1063.969238
-341.496338
-1362.170654
-1070.464600
-1746.806763
-3379.248047
-4453.479492
-3178.183105
-813.352783
204.626465
382.796387
513.347900
908.246216
771.118408
-543.948730
167.047363
-277.380493
-717.802368
-1446.275513
-1706.629395
-1590.788086
-371.908203
479.468140
-350.163086
780.379883
-1434.225586
-784.807251
795.826660
2502.676758
901.144104
1134.895996
-881.050781
712.965332
-666.783508
1387.426758
-1221.838867
112.220703
-883.802734
-1103.724487
-303.986328
-1821.398438
-62.924805
-2087.574219
-590.823242
1171.980957
259.834473
639.191895
-381.195312
-1313.730469
419.504883
-2.012939
61.585739
-817.919006
-571.310791
-2512.988770
-292.476562
-469.488037
303.450195
797.848389
105.900391
-1905.871094
-2498.143555
-1519.189453
385.267578
-1512.119141
416.103027
565.972412
3551.164062
4042.947754
1891.442383
1013.884766
70.849121
1638.798828
1274.902832
737.323853
469.599609
-365.041992
202.241699
3610.207031
-510.422607
-580.206055
-521.972412
980.812134
1953.430420
-52.979156
703.918945
-35.209473
355.864258
2965.289062
1744.568359
642.294922
-541.232910
395.615082
-115.049805
-40.321777
180.815186
-774.159668
-1227.173340
546.942383
312.462646
356.079102
1176.094727
-39.169922
-649.600586
18.554199
-165.420929
-356.644531
-509.679688
210.442627
-1127.703857
-419.080566
-396.825317
-227.798096
-733.538574
-950.531799
-979.695312
-26.361328
-484.423340
-799.685547
-864.571106
327.798584
-98.125488
304.033203
-460.027344
-645.736816
-314.068359
1065.139648
816.677612
1014.825439
392.262451
328.784180
-210.232910
-167.518311
447.001465
-2207.268066
-1880.068359
352.293701
710.288086
2336.297363
2168.848633
-189.713379
1951.475464
235.854492
-61.786133
470.969238
1061.872070
1225.475464
1082.856934
-483.688660
-2799.886230
-1989.925293
703.288574
-426.351074
-1426.381836
-0.965820
-1093.113892
-3072.279785
-180.644531
173.228271
-1666.441162
-410.967529
-932.343262
-70.213379
3043.244141
813.602783
-426.937622
-329.231964
-901.692627
136.238281
-1072.186035
60.994141
147.310059
-971.938477
-416.999512
502.663086
-66.004395
456.011475
288.483276
563.740479
474.632812
-769.976074
-46.602539
-205.118408
-147.456482
687.777771
338.999268
257.044922
1675.931641
-55.381836
-1041.639648
46.493164
-1378.876465
-1902.749512
508.881042
248.213379
-605.498047
130.169678
702.409912
768.550293
-495.598389
-310.770020
776.433105
627.042480
388.007812
299.115234
-991.560547
-834.800293
-894.037842
-479.049805
138.055176
361.309082
-276.195312
-1035.570801
388.664307
-938.771301
766.034180
818.244507
1315.050049
-233.790161
-900.692383
-318.695801
-192.539062
-421.159180
-758.694702
209.915283
2638.392090
1330.973633
-110.356201
419.817139
211.637207
-161.914062
-397.854004
675.422363
1545.255737
1334.946167
379.484375
310.201172
-367.740723
482.448242
448.273804
-2057.661133
-1263.005859
-881.198242
689.475464
1229.817749
1054.434814
320.579224
-1163.265503
737.411621
312.770508
-1958.646362
-1037.347656
1103.401367
437.500977
203.032227
-1137.833862
290.063965
137.218262
-208.200073
1632.611816
861.559448
586.699951
1150.590332
1270.645508
1508.964844
558.658203
-420.899658
521.803345
-353.095215
158.016113
627.153564
-650.280518
-341.751526
-583.671387
-1162.664795
633.327209
2025.473633
1063.611572
299.633789
1033.390625
732.602539
-1856.341309
-3049.181641
-3913.329102
-754.029114
624.440674
-365.748169
-157.488281
-1047.244751
-564.377686
693.795410
-170.581543
-136.056885
1316.448730
745.275635
2058.076172
2157.029297
-677.732422
266.518066
963.253906
3123.801758
3602.736328
3839.393311
2679.881592
217.287354
-952.511475
-455.488281
256.618896
-348.310547
380.343750
-135.023926
1002.857178
728.271973
-805.175293
-1854.537598
-1605.695068
-479.655273
290.917969
-208.750488
-596.745789
1153.467285
1581.291016
729.293457
1122.062500
1476.538086
1332.583496
-69.452026
-1104.144775
-1162.022949
651.087891
704.682617
-267.410645
134.432617
-200.855835
-51.506592
636.732544
-1184.495728
-851.871826
-101.501953
-457.455078
-357.664795
-141.194092
649.338379
1673.573242
1367.174805
-197.056641
-510.040039
-229.113525
182.813354
-460.784515
-909.781006
616.946106
1105.596436
136.815918
968.025391
917.230164
-575.339111
-500.941895
-1639.305664
-41.695312
959.554199
-351.990601
651.953369
-1035.702148
-1313.256348
682.660645
-225.202087
-1348.172119
-1209.343994
-832.878418
-626.268066
-627.004883
-330.063477
1188.771973
954.601074
1089.402832
1668.578125
178.655273
693.790771
-81.849609
-397.066406
-683.781982
987.977661
116.660400
411.605042
300.886719
205.675293
807.477234
-1109.477539
-769.414062
475.629883
1016.228271
2293.017578
6458.679199
2969.006348
-599.186584
750.228027
783.636963
-724.049316
-1584.333618
-311.078430
-820.281250
-1112.136719
-444.846191
1430.741821
-717.518066
-1704.098511
-1587.748901
355.527344
861.631836
177.657227
-1093.541992
301.240479
787.662964
916.658203
273.884521
66.015320
374.223633
-2067.942871
-2470.498047
286.096497
876.295837
128.162109
2058.949707
3469.273438
1669.860596
-499.893127
-826.080017
-506.693604
538.333374
1281.516113
435.221924
-244.742676
856.267822
433.358551
-134.325439
2912.313477
4171.245117
406.594604
-750.594971
-368.073730
405.280762
2095.995117
1156.462402
-262.903076
-785.669922
-117.611511
1121.200562
-575.097656
-772.775635
252.374268
423.974792
676.960205
-284.375000
536.065186
-1071.088379
-5111.302246
-2857.746094
195.823242
198.839233
212.199707
174.477539
115.364258
274.089355
438.241699
25.688477
-944.402344
-1318.028320
-71.287109
-420.600830
-973.965820
241.884277
644.953674
218.989258
1900.811523
769.281738
161.746826
-37.931152
-165.569336
551.103271
1255.560059
1352.834595
1065.136230
2485.959961
1765.364502
-287.440674
1014.030090
295.661133
-977.347168
589.642090
-781.289917
-357.657227
1418.777588
1134.954590
-200.848633
-509.829834
144.313416
-313.932312
311.016846
1297.737061
1558.747070
849.372803
-314.883057
-162.845215
-89.126953
1259.763550
409.972168
-458.031250
-828.348877
-1283.857788
-991.840088
-604.541016
-747.505615
-869.727295
81.106445
378.617188
-603.826904
-2278.291016
-156.662109
1059.419922
641.308838
-7.910156
-1913.610840
-1767.084473
1147.538330
7739.998047
8532.954102
2906.134766
-810.174316
-2444.501953
-2332.470703
742.454590
349.769653
520.411621
-4047.216309
-7293.865723
-3157.755859
11.283691
-47.964355
-293.495117
1950.139648
-1824.294434
-2615.951416
-583.126465
216.454590
-618.694946
-250.104492
-463.415497
-39.157227
-698.089355
-1845.602051
-1120.774658
391.162598
-442.983398
-102.540649
-553.931641
-2939.930664
-3483.962891
1103.464722
1702.665039
3339.431641
893.205566
-1357.986328
-1397.451294
-824.061646
-73.061768
490.188477
320.763672
525.616028
535.037109
309.300049
-1173.824463
-355.634277
733.676758
196.759766
1008.525696
819.639893
-796.299377
-1963.079834
-631.395752
547.955078
-2996.509766
-5376.197754
-1196.583008
14.230957
14.740234
-2060.467773
-122.642578
-316.396973
-772.008667
604.402344
191.425659
-261.387207
1022.562500
-1145.916992
-131.563721
-1.997070
-863.441895
-1409.598633
213.882812
701.325684
-384.292572
-954.945190
-321.240234
-133.377930
440.968750
-78.327881
751.995117
91.107910
190.875000
177.521973
226.735352
2803.955078
1201.636719
-1051.277588
811.110535
1681.209229
225.580200
1389.857422
1197.829102
1500.048828
213.784180
2999.887695
4337.565430
1901.475342
-455.321289
-2944.433594
-2246.049805
-9.731201
1685.909668
4097.781738
1973.093262
-954.800293
-434.423584
-93.446777
1125.610840
-1159.857788
-1817.305664
1000.108154
-11.495544
531.104980
-731.786133
217.559570
1033.958008
297.665527
-549.306885
-1783.625732
-972.861328
106.238281
-620.507324
715.063965
123.998047
-962.489258
-245.706543
-133.026367
876.539551
1352.326294
173.527832
306.662598
-1066.918213
852.680664
224.959961
-275.394043
1868.200317
1028.093872
252.728271
45.508301
-301.531250
985.253418
1831.365234
-845.575195
-1557.540039
-646.700195
-249.752441
445.583252
522.551636
-1310.356934
-303.537720
-828.553467
-1654.615601
-888.299072
-1492.240723
-283.376953
182.872559
918.771729
2273.875977
406.762695
-1348.413086
38.525635
-1433.913208
-2041.330200
-2555.255615
-2630.759766
-672.683838
140.185303
1281.885498
142.130371
-467.683838
849.619263
-596.069275
-1941.249023
-1788.299683
-1030.312500
491.886230
1095.151367
-424.062500
336.069336
840.150391
547.533752
147.546387
1085.544434
209.896484
-579.416992
501.209961
-26.802002
-531.010498
160.473877
512.713440
1555.512695
-999.115234
2214.421875
862.606445
111.347168
-337.282379
-1023.493774
-829.369385
75.857513
317.566711
315.133545
937.958984
-681.238281
3591.851562
-354.157349
-1073.554199
159.657227
-1347.729492
916.427612
1013.158447
151.965332
385.562256
201.569336
1350.281250
-111.719238
-1847.890625
191.653427
-519.615906
138.142166
1138.562866
-688.524536
-1937.283691
-4061.862305
-3360.632812
131.855469
-375.675476
-1379.664673
-1035.623535
760.542969
1019.012207
298.842773
-237.165283
-186.341797
784.406250
879.825684
227.067627
365.155609
-519.069092
775.998535
-1050.537598
401.250244
1021.412048
952.282471
-31.004639
839.594482
-804.263916
-892.558594
-674.201660
-405.750732
939.005371
659.266846
-735.655396
-713.962402
-241.949707
-1533.276733
-820.291016
529.828125
641.350586
601.551758
692.199219
665.230469
439.534180
518.905762
803.633057
934.146301
564.379395
76.273926
814.114258
-3477.356445
-5097.677246
-1331.204102
197.807617
-64.928635
703.872559
-573.825684
-471.416504
46.417480
-116.589355
509.117676
-719.914795
-1555.920776
-178.647705
-267.631836
-755.722656
1135.043457
1244.722656
-152.370605
-979.483582
-1956.959717
-1667.330566
-1073.857788
-161.610107
752.611328
1194.873413
-1135.254883
-2814.622559
-854.058594
1002.849609
-441.852539
-251.146973
498.552246
407.431152
-275.955078
-109.957520
-639.025391
-1097.544922
-892.368164
321.905884
191.064209
1670.104004
822.127930
-1070.110840
-772.193604
-842.792725
249.247437
368.965973
-278.426270
940.557617
324.882690
-1244.009766
-559.399658
-365.465332
1535.869385
795.680664
810.552734
58.281250
-1222.151733
-1416.211548
-1226.790161
-934.047852
166.954590
-80.866211
-215.622192
3073.319824
3514.024902
1261.506348
-192.474609
-987.037109
-3135.311523
272.009521
-675.183105
734.029297
466.472656
-2530.205078
-775.924805
317.950684
180.579590
87.970459
624.059143
1652.901123
498.242188
-276.843750
-988.485107
-1240.407471
-1645.113281
-794.173340
848.579102
1269.621094
1179.107666
1603.269043
601.602539
287.218933
497.846436
-1381.625488
-913.358887
-266.141846
101.231812
580.620972
-2121.122803
-4075.729004
-151.758545
592.889160
60.327148
202.378906
343.688232
649.697754
784.018555
1466.833984
515.634766
110.261230
-1106.130371
120.409180
1243.286499
-335.929688
505.759766
2248.446777
3039.858643
1937.025146
-0.697266
-184.383545
-252.252563
-5823.122070
-6573.671875
-3842.985596
-1381.362305
-18.990234
-437.568359
-3203.635254
-4778.894531
-3438.264648
-57.535400
658.878418
-1471.107422
-1076.149414
729.520508
1699.070312
2136.212402
496.243896
145.506836
58.274414
-286.229004
688.499939
1580.308594
329.987305
-1227.756836
-711.427734
407.265625
-475.857849
2109.231445
3167.786133
156.364807
746.945801
1189.307617
-1220.171387
738.907227
1331.207031
-292.162354
-722.467102
222.858521
199.149414
544.271423
300.456543
916.701172
1500.960938
-555.620117
-1568.331299
256.160645
-529.170166
-393.821533
2009.607666
1328.706055
279.130859
-46.824707
604.292969
666.041748
1045.652954
-119.005615
-1190.945801
13.719727
3401.388184
4475.540039
2090.119141
-624.439697
-396.843506
961.029785
1185.379883
1399.933716
1114.010254
-1486.307617
-1751.333984
-1182.467285
248.290039
43.097656
2177.467773
980.839844
-178.904236
-1140.021851
-687.430420
864.028809
1251.202148
-45.375488
442.501465
1545.244141
240.002441
219.271973
45.869629
-4307.591797
-5280.906250
-87.994598
-1.008057
-873.840698
218.710449
-403.886230
-1369.393066
-258.986328
-2.545288
186.172363
111.987305
770.770752
570.924805
558.401855
487.867188
644.316162
1073.987183
869.074219
49.702393
607.897949
954.173828
307.534180
-1749.281738
-403.315674
845.600098
317.611328
1386.143066
38.836426
-884.850159
-2823.596436
-2137.368652
1116.555176
1077.059570
2071.755859
18.229980
-1688.578613
714.658691
6.125977
179.470581
375.681152
-720.524536
-810.128174
-405.707520
-162.146729
3340.339600
5045.465820
4597.584961
1753.700928
-910.183411
-1565.824463
-1244.487061
-268.176270
1508.899414
613.316406
1157.826172
97.812988
-260.928223
-1200.846924
-468.432617
-998.833984
-1758.277832
-137.497559
-345.934570
-892.812622
-16.719299
251.370361
668.487305
573.824707
-1004.105347
-669.239868
484.177643
1163.571167
466.424744
361.118408
2808.666992
2201.774414
-65.634277
248.000610
410.080078
-872.362305
-1384.380737
-96.609375
-229.052246
-337.591553
468.378418
569.106934
1001.430664
800.074219
-412.957031
-352.574219
602.628296
644.871094
-479.593262
-811.965942
-1416.869141
135.261230
165.930908
-1006.954590
-2042.564453
112.216797
504.946045
-11.772949
1916.506348
2473.629395
-461.478271
34.120117
-628.540039
-1109.790039
21.274902
-1317.789307
61.737305
305.079102
-498.273438
156.313965
66.407715
-144.769043
594.251465
250.298828
-81.182861
-718.694824
-754.545410
-1038.204590
-68.962158
45.358643
108.372070
-146.223145
-1216.886475
219.142166
121.411377
43.753418
-820.484863
-1008.002441
-513.708496
484.411621
819.142151
-2720.023438
-5021.359375
-526.574951
1296.611450
637.993896
607.694092
173.334473
-113.790283
1115.439453
-176.749023
198.675781
-334.575195
-187.722168
637.475464
4.355225
676.766113
178.136230
-1269.944580
-2799.337402
-2516.568848
-1042.555176
-172.737793
-1630.250000
-1081.604492
-2313.789062
-4974.301270
-2790.705078
-326.827148
-470.785645
-583.115845
-1219.466797
-886.255371
647.104492
-88.457031
335.419617
-3062.110352
-5883.447266
-3159.522949
-422.969727
-533.481323
747.451172
336.603516
444.086060
-461.868164
923.165039
587.382080
1905.652344
1199.917969
407.980225
-178.777344
-1437.548828
-114.358887
1772.860107
1222.146973
-1183.840820
-221.553223
-226.820312
-976.846680
434.956055
801.211426
393.142151
-447.365601
-566.313721
46.149414
-331.779785
-545.342773
237.884277
731.270508
1479.181641
660.078857
234.776855
-171.673828
-320.553711
-1205.852905
-583.299316
773.844727
-701.485107
-1543.263062
-1097.919189
-1044.499512
-223.886719
208.689697
-78.421387
-395.926514
572.357422
775.149414
462.444214
1047.102051
-531.909180
-366.614258
-1142.184570
110.387695
-36.699493
-47.205856
907.271973
-154.919922
-1928.431152
-395.713989
428.285889
-1518.705200
553.390137
52.471680
-158.401367
1666.680664
786.600098
-893.272949
-608.080078
-1092.877930
584.131836
2094.284180
1149.582031
-1419.486328
-481.186523
2474.439941
1386.997559
364.693359
-598.798828
989.864258
-832.195312
-2751.361816
-1343.373047
356.578125
1949.868652
2081.614746
-362.470703
-1765.560425
-2148.399902
-577.464844
1061.041504
1534.505737
1011.057251
-654.524536
-2087.267578
200.080078
-0.236816
-786.117310
1207.540283
198.855545
-976.154053
33.731934
344.897461
17.978680
976.788330
843.574219
-88.906555
-372.550781
93.057251
-424.645447
1636.964600
1337.119629
-1049.978027
-452.982483
2510.579346
3871.666504
939.755859
-805.059570
429.734131
114.979492
515.438477
1241.384277
-108.205566
-400.280273
-92.403320
477.368652
-870.562988
-30.220703
279.583008
-215.909180
-123.736816
-488.565918
-1071.762939
134.674713
294.879395
253.960693
1363.565308
976.117981
-403.167358
350.812256
-99.308105
-1411.267334
-583.122803
-352.461914
-1105.132812
-594.857605
-851.473633
-1094.859375
929.715820
1146.359375
109.024902
-78.630371
1286.723389
-11.665405
-1515.387695
-121.659180
316.679688
-1290.635742
-1347.521484
299.337891
-764.744812
-407.018311
400.973389
1058.981445
-334.313965
2941.110840
248.999023
-1529.985107
280.826904
-412.783447
-139.137756
819.291931
683.800476
1207.725586
579.066895
1123.285156
2506.600586
1189.440918
-29.774261
995.320801
-941.217041
-261.237366
243.319336
-2018.297119
-928.988403
2120.569580
379.020996
-916.012695
-642.334961
189.185425
562.670898
203.218750
-667.433411
-988.374512
-126.772705
-1013.642334
-219.033203
806.956055
-1769.736084
-1435.455811
530.142151
892.657837
3152.541504
2492.999512
-1581.791016
-231.200195
2038.600586
1507.724609
-237.626953
-1928.820679
-3636.611816
-1227.045410
780.371826
839.787354
267.353027
-602.614624
-138.189209
344.081787
82.875488
-661.566406
-2990.801025
-2621.169678
496.954529
-935.814636
-260.219360
1566.654053
1081.906494
-631.153564
-1447.819824
-1780.326660
-1577.419800
-606.569580
658.895020
2102.825684
819.431396
-703.269043
-3461.559082
-1250.535889
821.109009
-107.763672
424.542725
831.476807
-462.878418
-1000.543213
1251.182373
721.530273
-407.736328
363.316406
656.853516
939.998047
2122.339355
2122.173828
814.844238
-3013.790527
-3730.633057
-1288.338867
-339.892578
399.528198
2393.162109
1461.208496
-98.272217
-561.927490
-661.360840
-385.368652
989.480469
1807.000854
289.859131
-209.991425
967.549316
-221.701172
509.274414
677.968262
2033.560303
2344.440430
729.024414
-1147.415039
-1285.524536
-772.783203
25.666016
1497.683594
1218.567383
-143.573975
-334.432617
515.866699
471.547852
-912.698975
-1231.489258
7.888184
-424.752930
-125.106201
-164.021484
761.504883
800.284180
838.924316
644.797363
701.135498
1542.714844
-101.353516
-732.066650
-502.557800
-1129.186768
-1016.770020
512.328125
-500.629395
-852.071533
-368.742188
-1205.741699
-1198.006592
-803.318359
1201.817383
867.423828
-954.413818
-47.854492
-577.142090
-1629.710449
1206.518555
1565.642822
594.291992
-1389.005371
137.020264
1066.333496
1522.119629
588.188965
456.329590
2252.059082
2056.660156
1361.435547
122.659180
1389.097656
-307.742432
-465.651611
72.973511
-549.112000
488.077393
1024.799316
-60.758301
-877.705811
97.300415
358.075439
207.304932
31.631126
216.064941
-639.598145
515.183594
2169.352539
1415.142212
105.183594
148.566406
1034.487305
1619.094238
668.945984
-693.560181
-1641.390137
-2503.992432
-392.617920
202.255371
958.366699
826.562012
-1543.313965
-439.314697
154.933838
-338.338867
766.863281
418.281250
118.374268
327.060425
-2312.043701
-949.608154
-357.817871
-557.759766
-130.746582
-420.524536
-270.682129
161.309082
440.786621
769.182617
-1517.650391
-2879.113281
-4184.022949
-5169.152344
-2282.835449
56.407425
-703.507690
674.288940
393.784058
74.530762
1206.166260
-1634.659180
-2191.235352
-37.583984
-194.544434
-812.125244
376.358398
956.704773
384.766602
202.719727
-476.231110
-353.485840
31.933105
-787.129517
807.169678
2543.985840
369.006836
-727.674072
-524.296143
-948.268677
270.401489
-285.077087
-1028.986816
697.611328
141.087402
888.266357
970.668030
-619.492432
-1573.360962
-1245.597412
-1437.312744
-403.422852
608.067383
275.397461
-324.519775
218.675293
294.759766
-485.865234
74.262520
747.087280
1282.977051
1150.755859
2114.136719
2442.531006
1385.727417
380.962158
-348.575684
584.515137
-181.289917
-1462.894775
-1066.827148
130.259766
786.766663
741.797363
-198.730957
474.225830
301.066895
-1246.648438
-1596.182129
-302.965149
83.749084
-23.374023
-698.796875
1281.622559
191.719482
391.945312
-810.262207
-1182.754395
-468.047852
1666.695312
2015.877686
-463.158203
-660.655029
508.373535
-519.838379
369.005371
395.602051
173.362549
-1070.071777
224.391602
706.662354
1148.964355
863.986084
-552.846680
216.775391
1470.502930
-354.833618
1607.097656
964.138672
-554.559082
-737.686523
459.892090
246.828369
-24.650391
-232.664062
-962.412109
163.555664
-516.287415
-860.167480
-333.486328
1317.792969
-743.188599
-1250.987793
282.963867
746.992188
972.813477
1511.400879
931.473145
-605.867676
-429.841797
-78.932617
398.605957
445.255127
232.871948
280.812622
-717.989868
310.125000
-159.511230
388.888916
1428.039062
258.646240
-625.958008
-602.487732
218.600647
1151.862793
474.410645
443.129395
-151.573975
405.347046
297.158813
1617.914551
2954.306641
2860.920410
-359.570557
730.925049
1433.062500
269.081299
2691.192383
6113.204102
4027.919434
-257.074707
-463.873047
1044.921875
721.281250
125.755371
-843.801758
710.553467
4537.658203
5787.848633
2491.795410
373.326172
100.517090
665.444824
2106.174072
1663.881104
99.055664
-542.396118
-2283.560791
-668.108154
456.481445
-77.069580
621.252258
2.260254
279.856934
-734.827637
-182.111816
1542.200806
739.297119
-603.039062
-623.146484
-428.362305
125.660156
-709.748535
-893.652527
853.586426
789.569336
279.844238
264.224121
-410.952637
-18.890381
54.053711
23.295410
341.029785
-1116.117676
-1709.898438
-943.725098
411.823242
868.696289
-600.430664
-1646.625977
1170.572266
172.833984
312.943848
153.227417
-1350.663574
-596.725586
366.588135
-1367.365723
-815.255981
-526.854980
-1517.189453
-1270.464355
-1283.907227
866.655762
1247.588379
-324.960938
-2154.851074
-3187.853760
77.865723
-2309.768066
-1713.237793
-1379.144043
600.435791
-562.666382
-403.727539
2066.809570
-190.305664
-1270.930908
-2720.279541
-899.524536
630.992737
-133.688232
1089.879883
1044.979492
68.939697
-1219.782227
-2267.621582
177.652710
381.355713
-674.495605
270.614990
473.959045
698.465820
-461.588501
-1804.726562
-614.378174
-1551.564087
-1549.352173
-1144.070190
571.520020
-343.742188
-3349.369629
-2645.967773
-2210.599609
402.652344
1236.181641
-372.579102
-1225.989746
-195.857834
642.580566
1423.111328
1779.625000
-493.079102
1760.279785
-222.246033
-1372.717285
-1234.106934
-1645.805176
-329.174866
1378.475464
807.913208
236.259644
-79.540161
-1481.927734
-1924.945312
-2332.703613
478.346191
-1022.583008
280.101562
232.931641
-735.883545
-213.018066
1290.332031
855.750000
1374.891602
-5.287109
-3802.569336
-1562.368652
1750.252808
1814.964111
1932.882812
-341.869141
-1439.166016
-1043.615234
-1172.643799
-469.062500
-858.829102
-220.818359
206.096924
205.028488
-370.927368
-380.273438
489.602295
907.872803
729.051270
151.425293
551.089844
-3968.265625
-2916.195801
34.541748
915.986816
1098.161621
-769.192627
-788.234375
-1973.672852
-1431.400879
469.129883
2695.474609
3116.227539
2181.560547
213.503418
-149.518677
908.475403
369.019287
2129.320801
2438.339844
1459.106934
1962.727051
3321.637207
3625.476562
1241.902588
-236.570557
-119.175781
-280.232422
1320.263428
2569.719727
262.043945
876.541504
554.272461
1312.415283
1422.766846
85.432983
279.142151
-605.581543
-574.857849
-274.477905
-273.150391
-761.752930
-722.681641
-339.583008
1115.683105
520.544312
181.519043
284.308105
1215.800781
970.691406
1653.832520
1564.794067
906.514648
557.068848
1107.127930
78.233643
1284.029541
564.176758
68.360229
-588.915527
-225.430664
765.282959
-486.284180
-230.815918
657.740723
-941.401123
1007.830566
1207.799561
-2335.475830
-695.434326
124.859863
-182.232422
-84.947754
-63.845703
723.571716
932.058594
-316.813477
2.619629
-643.205933
-579.425293
369.579071
-16.452148
238.887207
565.759277
-374.263306
591.538818
2765.889404
3081.948242
-695.011719
868.658203
1394.934448
1310.126953
61.482788
111.198364
-36.671387
-1014.273438
-1241.364258
48.742432
677.346313
214.157471
-1155.381836
-952.824219
-515.526367
-904.010193
621.408264
1417.984253
-708.049683
-877.962952
565.137207
-1099.085205
-1384.521362
657.288940
1087.245972
3811.098633
3698.993652
-270.678223
-304.540771
-853.551758
-1351.557373
-140.671082
-2421.522217
-676.456055
-210.851562
-342.537109
-744.082153
-1307.527344
946.111572
1403.753296
1516.152344
792.740967
39.313477
-673.152344
-424.078613
-981.404541
-417.247070
136.121582
448.038574
188.937500
-483.719727
323.779785
445.614502
570.668457
-233.935547
285.817383
-25.608887
204.341309
868.663574
-61.477539
-955.050537
-801.194824
-1303.610352
-785.854980
529.629395
3351.951660
4064.099609
1974.726074
-747.161987
-1172.675537
-104.857834
490.955078
-290.483887
-16.483887
6.628601
-728.009277
210.518555
-186.565674
822.848145
-144.772827
1827.634766
-216.570312
-917.105469
-2508.734863
-743.386108
968.925293
1539.992188
218.449707
-90.229736
840.937500
978.600098
1236.142822
1794.112305
1159.918945
504.852051
29.922958
-318.644043
-1207.188965
1313.475464
1225.312256
-877.325195
-1554.151123
-800.222168
-1090.296143
-1113.984863
-815.832520
-514.536621
618.421387
1547.207520
1463.482910
740.271484
375.768555
1129.281250
-90.507324
1470.118164
1290.220703
411.030762
1453.835938
48.546875
1138.307617
1590.164551
-422.013428
1252.498535
-96.163086
-4003.951172
-2260.818359
355.000122
964.780762
971.594360
584.680542
-755.514038
50.473145
797.245117
1689.569214
187.142166
-3616.000488
-2754.663818
455.749146
3875.968262
7386.103027
2901.263184
353.834473
1541.703125
-282.658081
-134.775635
-1314.396240
-5271.589355
-5467.387207
-124.388672
-89.108398
-650.011719
-95.339966
389.440430
-482.087036
628.182129
2447.761719
468.264404
-575.346191
505.248535
64.049927
602.875000
480.438477
51.065918
939.532593
651.600586
152.775879
1059.732422
-2531.150879
-5223.522461
-1543.136230
431.149414
-550.399414
960.114746
-797.695801
-3155.672119
-2046.978271
70.575684
220.727539
1080.267456
671.828308
-90.079102
-415.753418
-124.448242
262.606506
388.051636
538.897766
27.023682
-215.163208
457.941406
100.890381
536.660400
535.630249
765.936035
860.618408
234.586121
-509.712158
-1135.912598
-354.066284
265.773438
-188.585449
-54.979248
-1114.968262
-204.469482
761.787231
-456.206055
-386.888184
-654.594238
-801.259277
2102.604492
1067.335938
-1562.240234
-832.248047
-1939.714111
-1148.705566
692.108398
551.322266
1001.748047
574.958496
126.341797
2599.744141
3807.440918
2987.921387
1718.866699
364.322998
-1071.735107
-809.631836
-313.250732
46.781616
1164.625000
632.724609
10.524902
1044.571167
1145.761230
-138.471252
318.529327
-249.556335
-2082.968018
-3075.209717
-1024.621094
444.255859
693.025879
-92.204529
-1256.524536
-709.699951
557.098633
1083.185303
559.291992
-764.659668
-1476.895996
365.260254
-143.285767
-121.447266
151.356445
-334.307983
1368.862305
-725.467773
-1482.379150
553.373047
-92.034058
904.087891
3072.218750
1752.453125
-297.244629
-1557.265991
-2559.843506
223.618164
184.616699
276.643066
950.727051
-559.101807
583.079224
350.116455
-882.930908
305.245117
-770.028625
-102.742065
671.892334
-2823.828125
-1629.523438
1300.378174
590.002441
-407.132812
-39.048828
-158.762939
1312.633301
-16.611755
-1300.592163
-233.030762
179.857422
619.562012
-626.386230
-107.684326
-290.425781
-1216.044434
394.023926
315.779297
-48.722656
765.255371
68.093506
-1376.706787
-1815.886719
347.687988
-326.253662
-1205.725830
-186.311646
425.768799
-200.817871
-853.558594
-3947.926758
-3099.640381
-282.835449
593.469971
226.232544
691.244629
4367.930176
5666.651855
-94.221924
-535.751831
-1247.653564
-2137.512207
-491.002930
394.601318
1746.759766
1957.006348
217.296875
800.524048
1605.367310
123.088623
1420.013672
-77.223633
631.179199
2133.930664
2076.278320
927.219971
-132.502930
-291.428223
-1523.843994
-2645.137207
-409.654785
-352.910400
-515.418945
574.851868
547.464355
-2356.137695
-3921.214355
-682.120117
321.934814
1488.851562
950.243164
-217.525635
426.445312
-210.389648
-675.739258
253.262939
-2133.402344
1308.077148
1092.587158
-608.669922
416.995605
972.320374
-575.700195
-448.263916
975.664551
560.489014
150.318359
177.542969
-564.842773
1854.366333
1440.311035
17.605957
-1777.141357
-1831.177734
-1012.631836
386.696777
841.087158
-56.382690
-619.339844
142.414307
-450.857544
-2280.730957
-1059.611328
992.564941
1129.826660
874.516602
930.445312
2308.790527
-216.398804
2077.705566
1017.200195
356.814453
-571.078613
-1565.830566
0.237793
1208.647949
-907.813416
-1077.977783
-383.599121
-2223.594482
-3884.201660
-1136.464355
-762.700195
-37.811523
734.032471
2216.159668
450.780762
457.007080
750.091919
330.822998
-1399.857788
-218.306915
310.128052
-890.190552
180.815979
409.500488
-1107.472656
1002.638672
-473.755371
-1378.769409
-3.093140
454.120483
256.718689
-68.248779
594.495117
955.316895
1019.490234
974.661133
236.376953
-122.504883
-408.511597
-274.168213
76.757324
1021.347168
-23.749512
-1261.252441
-20.144043
-603.743896
-191.203247
1875.669434
1040.539551
-140.298584
210.927002
1192.869141
593.766602
-802.617676
692.681885
1011.195801
920.359009
-2428.674316
-4527.898438
-1608.524414
1584.102539
1958.521484
1470.863281
404.183838
-34.681641
-1240.451172
1040.379639
2034.168701
116.947266
833.363037
-48.492920
1131.089355
2728.218262
1021.830078
284.248535
911.539062
237.143066
-853.228271
-594.004883
-275.095825
-1072.434814
1039.980469
218.772949
368.553711
-198.126953
39.988281
1298.186523
151.208984
-583.499023
-2.083496
889.932861
1102.137817
1094.332031
4356.023438
825.416992
-754.104980
-847.989258
606.923584
297.080566
-234.099121
1736.000000
-322.513550
357.520508
505.786133
-265.997070
-569.304688
778.079102
-1315.932861
-1683.133789
-2394.020020
-97.802002
1350.473389
-127.864746
815.632080
885.475464
-859.510254
-780.805664
891.896973
-255.027832
-1539.341797
-1485.787354
-924.058838
640.474609
1518.648926
1288.721191
938.525879
217.199707
297.604980
681.587891
274.396240
-1517.896973
-816.245605
406.500000
-213.704834
715.192871
4464.910156
2365.248047
1293.654297
-784.060547
-193.148438
-697.669434
-656.083252
-226.095459
-11.866699
-710.207275
-444.901215
-780.456055
549.704834
137.341553
-1620.113281
481.427734
1920.948242
-276.388672
496.390625
1842.967773
-274.602051
-15.633789
-1063.810547
-197.959473
1579.440430
2038.976562
2512.219238
3709.137207
1437.827637
-80.283936
118.041992
-922.474731
-2021.232910
-450.453613
353.625977
145.232422
169.460938
-268.538086
258.751953
-697.334961
-449.289062
-374.472168
1226.783203
427.209473
-23.728760
281.671387
-267.498413
-2345.810547
-463.854004
1326.206543
955.478027
653.472900
823.390381
107.795898
86.778809
145.925781
-235.759827
-1568.573242
-4167.866211
-3134.115234
-271.646484
371.476074
580.902344
684.442383
-149.630859
80.266602
1497.187500
-42.495117
-2868.502441
-6793.944336
-2827.735840
664.541138
1182.145386
1100.091309
-302.002594
1001.948120
820.918701
-72.455078
485.184082
-934.611816
-691.085693
1860.095703
3066.045166
1748.318115
-454.139648
-124.452637
516.185547
-2416.578369
-6247.340820
-2488.432617
-31.620300
-421.998047
1690.875977
-1230.963867
-3578.543457
-1844.752441
469.491211
2401.957031
2365.603516
573.421631
-154.522186
-865.476196
877.465820
688.060791
-298.529541
754.326904
-112.280762
-560.938477
-927.071655
-1683.619385
-909.620850
1116.466309
656.595215
-1508.828369
70.392334
-373.728760
-625.524536
515.610840
306.153809
1393.203857
1241.094971
123.360352
-877.149414
391.599609
657.181885
1701.867432
1568.741577
-255.104492
-394.780273
546.543457
-30.242676
-861.953430
-1425.469849
-700.029419
169.078125
-1530.419922
-1016.278320
1157.045898
740.506836
-388.127930
39.239258
111.799316
69.185547
807.008423
2643.018555
1456.565918
67.943848
1103.918945
406.262207
331.475464
-820.263184
-1289.741699
2836.132812
-715.747192
374.537842
375.076660
-789.318359
-119.606201
-252.524536
-1337.682129
-1658.200073
-243.524536
243.945923
2317.102539
2430.706055
2819.599121
1734.890991
1042.789185
-351.308594
-401.562988
409.064941
243.381348
51.142166
-1157.593994
276.475464
1317.070068
240.806717
-788.697754
471.066162
371.529785
-802.736816
-1628.853516
251.333984
793.189697
-434.155273
1589.639648
196.070801
-1301.704590
-331.347473
817.302490
-205.781494
1191.627441
3134.564941
30.770401
-339.799194
840.333740
-294.631836
-686.462769
-45.602783
404.095703
-1169.921631
-1051.614990
501.528320
220.271484
75.165527
-501.329102
512.883545
1871.642090
225.010742
-216.798645
211.631836
-240.569336
146.241211
1461.273926
1047.835205
-824.525513
-40.496826
904.511230
322.560547
477.465332
-33.314941
6.275635
-351.811646
-1178.601074
-267.063477
-1337.376343
-523.271118
1135.893311
72.554688
344.003906
1070.401245
401.709473
-303.880371
95.308701
1597.151367
694.800781
315.183594
-275.782196
-857.568604
-684.083496
378.611450
1506.617920
839.450684
-960.994873
-1517.121460
-1239.679077
-1051.375610
-607.890625
-506.074005
-589.431519
-585.698242
-751.796875
-750.872559
-1007.611938
518.996582
929.405273
-851.635010
-532.804688
260.873047
-568.683716
-1058.184326
616.498047
1450.434326
-125.714478
376.403564
-817.714355
-2350.143799
368.952637
-243.536133
-838.699158
1423.173828
723.929688
-190.481445
510.581055
-826.430176
-1777.490723
-247.705078
719.499878
735.241943
-518.921875
-1850.210327
-546.851074
-1727.580078
-795.000488
9.688583
-262.520996
718.020020
2132.251221
864.408691
-3.327148
243.109131
92.682617
1395.332031
1941.511719
1018.443604
-1721.579834
-3324.089355
-282.386475
1072.310547
100.358154
-1071.006348
-449.835632
504.477539
-1119.689941
462.794678
-2438.648438
-2724.304688
-2394.999512
553.716187
922.509277
1245.945312
-1016.506104
-317.857788
735.418579
716.051025
1207.733887
312.851074
-30.602539
9.764771
931.007812
461.511719
-408.973389
-787.850098
1465.090332
2055.938477
1028.653320
662.457275
-1259.812500
-795.483765
47.491699
315.060059
232.500488
-578.897461
265.035156
600.985352
-196.749023
-158.158981
-789.177734
-1377.369141
518.357422
1213.647705
-129.426758
-472.721680
699.025879
-167.999756
-767.484131
-317.203857
37.060547
152.231445
-81.235352
-777.758545
-1205.323242
-8.870850
744.470825
131.763672
-285.182129
581.283386
4446.541992
6275.411621
2450.398926
413.494629
278.184570
-410.155762
-559.332031
-121.370850
-391.554504
168.958496
248.818848
88.254883
-264.130371
-1081.864014
-363.942596
1463.695435
-374.240845
199.495605
874.807739
202.700195
-1164.764282
-1955.959961
-1696.507812
-720.785156
-306.877686
659.436218
4028.534180
3503.218506
-31.917969
-483.068359
836.833984
-360.625488
302.145508
2101.540039
1228.903320
830.077148
1444.217285
1016.311462
-409.954590
-1602.727051
-1062.343506
-573.413574
-1664.334473
90.281738
-457.842285
134.013672
754.074219
1262.223389
1233.498779
1454.806763
1001.089600
419.335571
-1240.642212
203.573486
-648.615234
-1839.227539
-746.595703
1055.866211
2348.798828
4073.222168
3551.575928
1179.155518
-245.623047
1019.941895
2002.129639
1689.870972
442.992432
-2518.755859
-2146.520996
-790.190430
551.253906
1142.892578
728.594727
579.257141
-515.631592
204.241699
707.292480
1501.551025
-28.361694
-2320.657715
-3568.017090
264.909180
345.903076
521.571777
-356.857849
-1097.764160
1496.128418
2946.726562
1702.650391
653.008789
-2484.055176
-227.177246
905.255371
-887.578613
-466.081787
419.555420
430.912598
518.136597
870.199951
763.481201
126.644043
989.057617
1496.783203
216.800537
-818.864258
-632.931152
-90.493652
681.495850
57.602539
-266.277344
120.829102
-512.188965
328.148438
579.840088
1727.660889
2025.578125
183.102051
251.492676
1108.976562
-938.857849
578.587402
621.356934
-31.673828
-37.295898
-1311.524414
-648.622070
1163.184570
1828.302612
178.054932
-81.755371
838.057617
218.595215
2685.012695
3541.402344
-142.936676
-696.459717
1591.317017
530.708740
-611.731689
2198.474365
2601.745117
143.864258
348.607422
888.001221
1617.057373
1658.454102
457.943848
-923.318970
68.087158
1180.393066
-532.172852
-546.543457
-1038.398071
-1483.363281
58.929199
-292.750122
-773.091797
-136.237305
-2239.734375
-1914.717041
763.835938
183.250000
579.264648
1521.850098
2170.849121
2891.347168
3501.359863
2398.620117
149.420441
293.178619
942.076965
879.694824
72.254883
-364.587891
17.768555
-340.581787
842.527344
2999.671875
511.737793
-374.998047
-1798.205566
-1748.193359
415.752930
95.139160
2730.777344
1415.729980
-1473.423828
-2429.326172
-4116.837891
-2625.381836
-2177.280273
-2221.098633
-1164.649414
645.437988
1944.507202
655.237427
-165.456055
-466.416260
219.001831
818.302734
468.142151
281.437988
325.245605
519.307617
494.802979
-1468.184082
-1186.307373
503.419922
318.353271
-268.418945
-668.041992
1207.996094
1300.803223
687.008423
-836.600708
-736.193970
702.932007
294.112793
269.552734
355.754395
180.197693
286.103027
-363.206604
2735.804688
6554.171875
5557.898438
565.708984
823.112061
1409.906738
595.497437
-840.672852
218.835693
-192.883301
-650.625000
702.783203
332.678711
116.472656
1137.851562
95.319580
324.371094
-395.076660
107.519287
-585.141602
-911.256836
-1178.368164
-312.196289
-569.706055
1115.915527
889.142517
1279.431152
568.283691
637.435547
-123.593750
802.529785
-423.853516
6.121750
-266.829102
535.682617
1991.344971
17.121094
-914.844971
-609.184570
1851.446289
-1602.224121
905.094116
151.063477
-761.776367
-120.964600
-877.389771
-563.941406
-118.697754
-194.291504
159.460449
-2461.524414
-3138.077881
-4940.741211
-573.832520
-931.073181
776.160889
-287.399902
-1140.780884
379.397217
627.851318
-772.652588
-1254.078125
-909.449219
1052.622070
1319.901855
1154.420898
501.804688
865.575195
452.921875
-735.306152
-1031.625732
388.429688
801.417480
568.189453
880.650757
-34.438721
495.029785
1590.173828
486.739746
-708.958435
523.107666
577.196899
-352.524902
-943.131836
-391.121094
-37.520508
-330.204102
-384.679688
633.966797
590.124512
576.645020
696.514648
146.429688
456.583984
561.928223
737.743164
575.112061
588.305908
1357.898315
-88.348633
738.553711
2649.395020
1071.734863
-596.486328
-778.452148
-590.416748
376.025879
-192.852539
399.098145
64.258545
-822.746399
-510.196777
-296.773438
-1652.162109
-986.746582
506.940918
263.509216
-230.627686
533.264648
-2093.145020
-1655.439941
893.565918
-505.984070
-765.516602
-2770.028809
-4164.350586
-388.281494
-31.878143
-32.643555
1213.191406
436.439941
334.116180
1387.583008
-315.873047
-2424.058594
-3801.876953
-2908.772705
-1188.330078
19.093994
-833.266846
385.014648
-240.486816
-156.929199
-154.898438
-1497.165039
-193.612549
1303.420898
1600.345703
1339.158203
491.807861
-612.130859
-748.671387
-26.364349
1496.442871
152.851562
-413.340820
453.343262
679.515381
1721.258789
334.406738
-897.285889
-492.251465
-389.910645
-812.144531
1365.104248
340.803223
2445.988770
2270.420410
1077.479004
-196.407959
-1150.352539
-1189.735352
-155.509277
2576.172852
4596.147461
1917.354492
-324.371094
-140.456543
-685.451294
105.312012
906.717285
-4314.806641
-3838.809570
-3574.653320
-249.513367
1342.053955
2652.584473
3428.701172
426.354950
-658.988464
-772.269287
-967.031860
-356.242920
-395.744629
-663.029053
1021.268555
33.803467
-109.299805
-673.567749
915.624023
591.766602
1146.041016
600.767822
-1267.723511
-11.857819
1355.473511
698.782227
-904.904663
-995.808594
-500.832275
-1035.839478
-229.057617
778.142151
643.766235
718.836792
203.175537
-547.052490
-628.568359
-225.047852
-718.058594
-407.308594
1628.499023
1652.386719
-443.665680
-448.249207
-1072.227783
-70.560120
-600.943359
55.457031
1309.125000
532.175781
656.431641
834.167969
2080.114258
-57.882812
-311.130371
1392.721191
302.851562
-1039.930298
-175.562012
-579.768799
-370.799561
-1375.280273
-586.102051
-42.541504
888.706055
1025.421875
994.557617
120.703247
578.681885
193.629150
-4.763062
292.162109
-1482.017090
-6249.696777
-6842.251953
-2792.371582
-1052.207275
642.475464
-141.861893
59.826061
167.087219
-704.819702
-813.093140
254.766602
-293.360352
1171.185303
-942.636475
367.021973
677.600586
-364.081909
649.453369
649.335938
-108.130798
-255.964111
-920.195068
668.453125
-789.616699
-340.199707
-1294.188965
-1051.254883
50.545410
-1.618164
-1144.054443
1974.142090
1922.007080
596.934814
-830.054199
-110.674805
1097.667358
-2.495117
1204.212891
-1000.095703
1661.034180
107.342773
-742.038574
-213.263184
-1088.084961
-1181.616699
-208.740234
30.121094
200.140137
767.058594
-14.754883
-1011.892578
-1236.349487
-22.851562
-784.554871
917.728516
-12.487061
-3792.562012
-1318.734375
887.499023
423.094727
-496.583496
-945.839844
-1579.995605
-256.200195
183.910645
1085.230957
25.203125
-143.289062
153.464844
3946.745605
1561.134033
554.937500
118.108887
-377.434814
905.057861
1119.388184
983.559326
-107.203125
-700.618164
-19.105469
-822.753052
-391.997803
-138.252686
-312.349609
-1481.060059
-264.973633
108.618652
-80.884521
764.911560
953.543091
-782.135254
-621.236816
799.142151
-569.588013
-1497.425781
-971.248962
-916.562500
-622.480957
-998.180664
-1402.723511
-932.560547
-1148.830566
-104.087891
443.366760
-291.646851
-277.776733
848.410400
-198.958862
-2583.527344
-1518.617065
782.884827
399.561401
-1192.949829
-320.707764
574.110107
1595.166992
963.094238
-539.203369
-139.686523
-15.254150
-613.654053
-905.827637
223.153320
-408.861816
562.484131
1649.961670
461.998535
-177.954590
-1499.782715
-170.257324
1909.543945
1552.327637
687.109375
-744.704590
127.457092
312.564697
-247.786621
-50.857819
-321.337158
760.570557
1520.212402
1434.040527
3354.507812
4494.114258
2373.846436
230.843719
1538.987061
1555.396484
-1067.490601
279.759766
784.331055
38.625244
1498.610229
530.832031
-899.298096
-1018.284790
168.639893
-94.118652
-3033.886719
-2200.721680
230.902344
269.834595
800.555176
120.093506
-6.964844
3185.574707
588.996094
-1041.774780
1199.340576
584.182861
-661.323486
2092.220703
1549.697266
1167.921387
1410.820923
673.906616
-149.270752
297.039062
-108.281738
-4.963379
-968.682617
162.814453
-744.443848
-94.562012
-1153.690918
-584.911621
-1243.660400
-325.477661
-1375.721191
-301.018555
-130.803711
448.628906
-1328.524536
275.007324
984.651978
782.346191
-385.543091
-908.089600
-137.897949
750.089844
1843.714844
1644.608398
561.643555
850.185547
308.854492
696.823730
553.197754
-3490.885742
-3755.704346
-381.288330
1060.847168
2155.171387
2997.272949
30.740234
-487.416016
363.607300
-953.230469
-323.622559
38.327637
-2192.123535
-1193.460083
-304.456665
2330.321777
6429.703125
-7017.078613
-1244.906738
-810.525635
441.010376
1272.592651
-469.625977
282.033691
-1174.392090
-1162.836914
541.380371
1549.778320
1028.162109
1268.393799
84.639648
-1614.707031
-73.952148
-335.242676
-242.524536
-1214.032349
-327.253906
-95.562744
-522.391846
873.206543
807.165039
-97.994385
-752.525024
-1203.741943
-1902.002197
233.063965
-618.442383
-623.372559
-133.076660
224.823730
51.921387
216.551025
475.106934
60.838867
-487.666748
1053.142090
1650.622070
-758.857849
-268.752197
342.542480
775.539307
1112.967773
344.563477
-2142.967773
-464.969727
21.686279
-299.096680
115.242676
785.757812
669.651123
-674.862915
-2588.506348
-391.902100
50.384277
-559.723145
-466.607910
128.911621
601.808350
95.122070
-372.583008
-211.016113
-630.097900
1399.046387
339.766602
393.775391
-1308.997070
-1412.556641
-200.595703
98.568848
-1055.191650
299.411621
-356.891357
-1383.014160
314.006104
568.787598
-824.492920
-956.629395
-695.487305
-216.611816
19.518799
-894.489746
175.556641
626.555908
-1033.857788
-1612.028320
-1304.952148
-1356.223511
-1367.817749
-290.048828
843.821289
508.361816
237.461182
87.204590
224.272461
82.041504
749.643127
721.554688
436.990723
1325.620361
1451.733398
-171.087891
-442.094727
1516.196655
653.630371
1421.940674
1755.111450
-688.623047
-589.668457
-62.613281
699.289185
675.379761
-925.132080
-1288.914551
710.274780
892.944824
110.207520
303.667969
998.530029
-1375.960205
-1896.686279
229.350830
-890.363647
362.897461
2215.129883
1562.024414
-301.744873
-1581.276123
-1112.124023
-943.568359
-624.971924
477.540039
1330.514648
-108.382812
-679.230469
-694.662842
-61.759277
145.318359
451.498047
199.741211
1678.791016
2198.204590
-1480.151367
-1038.124512
78.537109
559.881836
-1010.524536
-1325.811523
-640.709229
1041.590088
-97.250061
-1969.158691
-2088.090820
-670.976440
-731.734131
506.320312
2593.222656
952.836914
-313.845703
305.528320
1103.960693
-323.855225
-1327.490723
596.319336
1021.261719
61.553223
526.250000
450.318359
859.425781
50.841064
-703.359375
-222.602051
401.448975
-432.037598
-992.384766
742.672852
252.767090
1076.432129
1092.076660
-394.227295
-520.649902
-311.280762
-804.555786
97.202515
1631.683228
1272.580933
-970.396118
853.897827
677.737183
124.280762
635.118408
1122.873535
604.031006
445.808105
729.347656
3133.598633
1829.256348
-382.884033
-925.886719
-642.493286
439.846191
724.559082
1228.866699
-18.897461
-88.866577
317.717773
655.691406
-242.600098
-969.299316
825.952148
5.835449
-581.643738
154.475464
-948.551758
-2727.880859
685.373779
1813.945801
2193.339355
882.585693
153.347168
-153.631836
799.958984
2181.418945
1031.084473
-1461.643555
-625.439819
811.549316
792.405762
1009.702637
89.885986
233.516602
603.439941
644.434082
781.163330
1254.703979
1558.549316
-230.367676
-911.099609
1561.107666
-2169.154297
-298.111328
1374.918945
338.823242
860.756348
891.638489
695.506348
-111.880371
1014.447266
340.415039
-327.133545
-635.707764
439.242676
1080.705322
-387.342529
-1381.594727
-1323.639160
-705.114746
-1298.428467
-1086.667480
-63.738281
209.053711
917.289062
-65.640137
54.563721
-1034.995117
-24.794189
218.383911
421.806763
-29.429688
674.132812
-293.267578
419.326172
378.763672
-226.329102
361.321045
1318.442505
280.415283
93.264160
3825.489258
-336.118652
-818.762695
-317.460449
1459.238281
1239.690918
577.174011
-206.834412
1168.578613
-816.633545
-3428.500488
-852.949707
678.317383
-251.592285
-1324.985718
-1168.222046
-962.071411
-827.085815
65.538330
4287.876953
2017.961670
4831.859375
911.436035
-251.993164
1651.813599
858.145996
-902.528076
119.113281
239.298340
-1140.524536
339.773438
881.724609
-1256.612305
-1261.881348
-788.786621
-942.819336
757.642578
2018.753906
-43.056641
-250.227539
356.582031
-60.254883
-556.038330
-744.500488
-526.817871
565.842407
-1070.306641
-2279.977539
43.071930
1192.313232
110.691162
901.210571
273.133972
-146.211182
-667.874023
-22.524521
951.077026
-1844.827637
-876.040039
-1433.031250
738.154785
4173.651367
4742.269531
256.514648
830.807251
262.870972
-72.699768
-446.962891
222.419922
10.078369
732.220825
1716.947266
2164.903564
993.976807
-2301.487793
-1519.745605
-306.271729
1901.210205
690.755371
-1017.331543
-598.703125
-49.792480
251.633301
1254.504883
623.820801
-1427.524414
595.728882
1469.320679
840.331055
1914.397461
1365.332031
1415.580811
-235.292480
349.541504
-2303.369629
-5203.767578
-3163.268066
-859.607910
-446.276855
-1103.712402
595.356445
1532.661133
-116.541260
-626.396362
665.634338
-362.531250
-843.019043
-345.792664
701.749023
3611.335449
486.940430
-1347.423584
-484.338623
-844.893127
-1023.281555
935.576660
1213.732910
-1166.102539
-741.390625
412.472351
219.735840
577.017090
178.808838
116.661133
-955.751465
47.491699
3775.441406
2871.319092
97.160156
-1894.781738
-1924.857788
923.032227
626.935181
1413.374268
309.530762
-667.912598
-3.833008
524.102051
1010.291992
-510.508057
-487.681152
890.181641
-750.191040
240.255859
-9.839844
-560.229492
536.393188
1862.172852
1129.341187
-745.179688
-933.060547
-925.458984
218.275879
14.041992
-860.672119
-591.634766
-90.032715
275.142334
-604.258179
-625.650391
748.661621
669.176880
92.872681
-360.430328
-1805.624756
-1631.651611
1474.027344
3968.169922
2313.302734
-573.635498
-2115.083008
-1995.893555
373.913086
320.232178
453.543945
953.425781
981.307861
-432.348633
-549.551758
440.342773
178.023926
1037.974243
-212.256348
-1913.915527
-359.159424
-1090.995361
-4015.239746
-2081.441895
553.611328
950.554688
-1019.910278
-355.293945
-802.182739
-599.420898
1389.814453
-572.053711
-51.447266
-493.914795
-3446.554688
-4264.470703
-990.195312
-625.940430
655.251465
-949.935425
-737.196411
491.836548
292.633362
520.884277
966.133789
-820.501953
539.052734
72.126953
1342.302246
778.640625
-7.304688
-760.211914
-2626.317871
-892.802246
126.474609
525.181641
-148.107910
-1842.229492
-374.202148
3081.491211
1225.721802
728.194336
582.937988
1352.691406
2192.771484
1327.640625
-313.682129
-1396.719238
1111.541504
104.321533
-642.560547
655.329224
-589.592773
-1211.868896
687.704590
-922.837891
1643.029297
712.290039
-807.114014
-11.015625
460.720703
525.578369
39.249023
41.367188
-102.009949
465.937012
1373.667725
379.652710
142.884155
1451.529907
1136.642090
530.303345
-476.025146
1662.733398
823.097656
453.679932
237.291260
1635.783081
499.142151
307.481445
-381.748779
-2006.962402
-988.662109
252.760986
900.263672
972.725586
822.268555
282.875305
369.253174
-138.857834
-3.768555
541.040405
121.374023
660.281250
1454.593262
1265.506104
1046.633057
-870.463745
-366.669739
-559.588501
-1057.052368
-9.452393
-262.541504
-874.038086
575.273438
1619.208496
2909.123779
116.283264
-1626.096436
-806.357178
-1297.352295
-1460.481323
-755.164734
61.834717
-98.038086
-2.675293
-117.866211
-1400.295044
-739.063477
381.122620
192.854736
961.279297
828.147461
768.553711
-873.823486
-363.662598
138.153809
-76.270020
528.966797
795.686523
702.289551
611.724121
472.205078
118.230957
315.586426
1490.460327
1356.639893
409.524658
873.754639
5.328125
-597.109009
-206.904541
-544.644043
-229.388672
212.163086
514.103027
-524.743164
178.887695
2419.224121
1395.085205
-624.177490
-1012.749756
-908.189270
-405.739258
-233.757812
711.236206
1291.841797
23.143555
-373.308594
336.535645
661.054932
-521.811035
694.631348
1239.382568
-572.253662
-934.365234
-1808.980469
-764.348145
149.385742
-993.656494
835.686829
1636.738037
487.960266
-920.617615
-1272.241455
451.705566
899.358337
203.214844
144.246582
-203.509766
-573.612305
856.913696
1135.464600
-409.484436
1477.227783
2333.428955
-844.305298
-642.673340
576.253906
-877.743042
-414.842346
317.825684
78.166748
387.419189
-76.015259
-250.208740
83.569336
87.301270
37.981934
58.659668
-107.082275
-667.901123
609.794922
1007.698730
451.838379
-482.247375
-600.417969
-82.954590
238.367676
-1123.080566
-356.266846
743.156860
-296.248291
245.932129
1139.743164
-451.746582
-1122.107910
-706.380859
-1787.875000
-514.279297
-1012.799072
-504.414795
1150.344727
115.493408
525.447754
-3435.772461
-6100.943848
-1575.638916
579.664307
2112.607422
1866.588379
-672.157227
-1050.124268
-887.908081
-239.184326
-3378.893555
-6416.016113
-752.330078
561.182556
-1125.248291
-1038.810303
-277.343994
-490.245117
2521.155762
4002.802734
-70.041016
-1191.724609
-901.615479
402.954224
1409.584106
1404.900879
-580.402588
-1097.275879
-451.257568
539.406250
1996.232178
482.070923
-1103.177734
-514.588135
-166.512817
-971.597900
281.835938
86.157593
-235.544617
1216.335327
1338.442993
163.401978
-111.739990
979.550781
2554.721680
847.065918
-972.334595
206.290161
382.933594
2209.053711
1766.132812
77.490845
410.909668
126.642090
-1047.242554
130.111450
740.996338
-1813.408691
1452.716797
1454.740723
-238.532227
-481.371094
-1963.970825
-2083.324707
638.004883
997.524414
154.692139
-519.967773
-1396.269287
643.117432
380.905273
467.492188
-928.254883
408.314941
589.862061
-110.363281
-724.937256
-471.185547
-11.649414
1952.937500
840.023438
456.458954
1514.114258
284.631348
828.053467
-40.839844
813.771484
-21.431641
30.483398
389.243896
-778.377930
-317.397217
-3897.027100
-1793.194336
-3456.593750
-738.303711
1425.051270
718.498047
-966.278442
56.772461
316.246338
-435.478516
333.510742
-463.460815
-391.924316
919.704102
139.475586
-997.161621
-477.762695
535.541992
-47.680908
-801.929932
-321.921631
-883.214844
-1368.853516
-154.159912
-749.986084
-3037.958008
-1425.762451
1644.822754
451.475464
173.212524
-176.695190
-1278.574463
-3401.963867
-1398.581055
1084.732422
-74.719727
-367.905151
-46.026367
448.206299
816.470215
166.142166
1066.835938
2001.910156
1379.894043
-296.466309
-1643.774414
-571.986572
50.573757
218.412354
3005.262207
2697.769531
493.204590
2055.423584
1443.031738
-865.404907
430.314453
-893.402100
-511.588135
-1031.247559
-481.648193
2146.642578
34.874023
-483.689209
-888.001465
254.916992
281.801880
-382.236572
-351.660156
-3445.249512
-4742.987305
-732.972412
975.821289
1567.751465
544.525879
464.388184
1130.355469
249.241699
1675.128418
1419.311035
315.797729
176.198730
1307.586914
-626.261719
-405.172852
-1300.033691
-2714.828125
-875.632812
857.892090
826.978516
1684.809570
349.133789
-97.089355
-1162.608643
-84.343201
1231.509277
549.583984
167.324219
261.839050
1055.395020
-221.740234
79.156250
3040.984375
1376.984375
341.834961
-604.088623
-238.703735
172.465118
613.917847
3406.625488
2023.303955
-595.206543
-1032.660645
180.086426
1145.542847
158.746094
-19.477539
-256.301758
-935.509766
-1495.084961
741.109375
-47.522461
-29.735352
240.173340
-722.419312
-1190.288574
-1001.989258
-790.705078
-690.798828
300.911377
-300.328735
1819.531250
1314.899414
-462.082031
-315.637207
-1611.921265
-155.702637
1620.172974
-334.974121
-361.115967
813.113281
948.624512
683.145203
-802.832275
377.896484
826.411621
-780.620667
827.943848
-209.150391
24.967049
-2057.910156
-4836.774414
-3088.385742
-713.618164
73.442871
548.304932
44.562012
167.420410
-140.885742
-423.375977
-1323.315186
1163.329102
1063.017578
143.455566
514.250000
120.399902
-761.628540
23.527832
-351.052002
-750.160400
776.016113
1112.842773
1655.064453
-832.850708
591.464844
1263.206055
-29.232422
-901.091125
169.944336
882.638794
1809.820557
1874.395020
1361.323730
-1.159180
2007.267090
6159.716309
5687.539062
2566.422363
-126.160645
93.197754
774.591797
-652.498047
-93.774078
-646.616211
-1078.551758
-1529.879150
-193.730469
669.773926
2557.221680
1966.672852
388.320801
-606.078613
-783.376953
1911.828125
7565.786621
4923.722656
2312.832520
-1220.818359
-4828.863281
-2376.442383
68.931152
-354.891602
1872.696777
38.895020
898.358398
1404.873047
810.650391
1193.914551
296.085938
2178.138672
-790.225586
-553.669434
-381.899353
-452.251465
1869.927734
1320.938965
2368.258789
650.827637
-543.520508
-70.816223
53.451172
393.883789
645.346680
-7.811768
-3771.658691
-1533.324707
-790.826660
360.098877
-6.524536
398.954468
405.394257
1970.146973
2163.151367
1287.799316
179.104980
-1720.362305
-803.857788
-145.676758
2925.970215
1480.129639
1175.520508
-1104.405273
403.393311
883.007812
842.943115
-570.857849
-813.625488
687.896484
2627.467773
606.853516
1220.070312
-117.024414
-1211.803955
-746.857849
-1945.189697
-1205.842773
-67.460449
-959.812500
23.360840
-122.637695
111.510498
793.301758
-1159.217773
-2892.458496
-751.117676
-76.794189
575.748535
116.598145
-1349.689453
-840.959595
-1214.823242
-527.460693
-1565.874268
-3521.558105
-2632.211426
-41.514160
2284.468750
2035.845215
489.149170
758.062134
-292.480957
-331.590820
-142.112793
547.540527
-624.524536
200.520508
3160.440430
1947.067139
-1121.005859
1046.345703
111.705566
1242.285889
3568.575195
1122.436523
-147.499023
-1145.840088
-2192.000732
6.454346
1244.663330
506.931763
776.093262
-1388.618652
-779.188477
-925.547363
-1309.108398
-514.724609
1836.774414
2591.457031
-463.053223
-213.592773
628.967224
385.197266
767.734375
212.791504
365.107666
837.083679
377.142151
-941.727722
-3505.896973
-2209.856689
474.163208
-719.681396
-1691.046143
450.424316
-2555.373291
-3843.828613
-319.210938
93.410919
-180.139648
1842.055664
-935.256348
811.989868
531.805176
-0.625000
621.724121
178.890823
461.916473
-914.342407
1156.683716
-258.111816
-934.273254
1210.754639
1217.674316
12.071777
-1425.455566
-984.886719
343.557373
171.571777
-252.680145
1995.851074
2171.844727
985.558960
480.393799
558.826660
468.553711
979.832520
-131.839355
988.441406
819.427734
194.501953
340.497559
-39.898438
-630.740967
-1314.475952
-1405.298340
95.900391
-209.823242
1392.200195
678.590820
1180.839600
504.114746
-228.334961
-410.956055
641.253906
450.661621
942.648865
1158.432373
135.058105
-263.338379
612.819580
440.142151
1694.393555
-39.930542
1183.162598
5846.372070
-17432.343750
5089.119141
5173.991699
2603.564453
850.990723
285.073364
901.832031
916.620239
-240.457520
-399.266602
-968.110352
-644.666016
-33.864258
-1524.471191
0.913086
-503.953125
-509.266113
406.891968
183.883789
-1260.857422
-397.360870
874.114502
-739.572021
258.583252
1654.284180
147.969727
2311.829102
-470.415039
1382.537476
-623.884766
-501.958252
1769.438965
733.448242
-528.229492
-1094.140381
-1360.644287
461.092285
272.719482
-114.123779
-79.432617
1962.427246
-239.056641
662.559570
992.463257
-62.003906
-87.107422
663.026367
-8.809570
842.594482
-192.298950
-728.356934
-1324.807129
-717.194214
-407.650879
1090.740723
-162.028442
570.574219
886.785645
550.555176
291.419983
569.483398
165.611176
840.424805
-122.364258
-745.187988
-4385.601074
-5713.494141
-1607.678223
1483.753418
-244.952881
292.604004
164.650391
-1368.584961
-48.383789
1042.702148
-202.785889
-503.270508
816.134766
-167.452637
-1478.573120
-168.761230
445.597168
166.773438
569.184814
-1978.492676
-2808.951660
-902.469238
22.030762
387.880859
286.493164
-286.630615
867.261963
528.365723
-1208.064819
-1277.696289
-922.892456
49.601318
844.107178
1289.721924
794.070801
-72.927734
444.090576
5.294434
154.784424
100.443359
187.286621
423.917725
13.434387
-1097.309937
602.895752
1496.289551
779.187500
2094.955566
2335.902344
121.302002
-821.270996
-326.154785
246.605957
405.464844
1112.428711
2866.919922
2160.895020
-134.945068
-472.758301
821.753418
-391.827148
133.074219
-302.059570
1374.517090
579.870117
467.636719
558.703125
161.069336
564.843445
218.789551
102.381348
778.875488
-275.268555
-2488.983887
-1952.157715
108.919434
858.877441
-595.631348
-243.894043
-102.894531
-1270.268311
-883.114075
412.171631
1060.232910
-478.836914
-838.672607
-957.801758
-608.896973
707.958496
1202.112305
1186.475464
248.140625
-1137.127930
-616.354492
-274.938599
368.695312
821.920410
1136.887207
599.303223
431.739746
2413.262207
765.618164
-1166.467773
807.857422
811.879395
1305.318115
479.403564
-988.221680
-485.463135
979.661133
1009.476562
-939.119141
-5.721497
330.485229
-1266.150024
-19.844238
307.105469
995.421509
-314.008301
-1683.827148
-589.465820
1803.918945
1333.757690
-1988.511963
580.978516
-201.378906
-278.139160
-1135.125732
1026.157227
441.210938
-247.622314
683.224609
-161.769531
364.404297
1792.598633
886.140137
-339.652832
-322.166992
119.089355
-1134.056641
-901.228516
575.506592
538.192871
1594.402344
3364.207031
1657.648926
-441.868408
-1139.768066
824.977539
-408.070312
-821.965820
-1740.453125
463.852051
-670.817566
122.059082
-855.973877
-563.855225
-328.605957
1043.556152
1082.159424
-159.784912
271.456055
-1706.864258
-448.249756
1572.288818
2863.973389
3727.273438
2319.444336
-202.314453
762.962036
12.205078
479.544922
634.881348
285.950806
748.783447
457.598633
-603.310547
-252.645996
-953.960205
-691.518066
-467.679199
1027.699463
547.375000
-1896.425781
-300.007446
-900.857849
303.657471
3567.113281
1625.886597
-1181.515137
-447.980957
89.756836
-1040.105957
217.298828
412.419678
-2024.571289
-2536.707520
-716.966064
987.954956
930.420532
1045.529175
572.902832
1083.322754
1613.215332
14.631348
221.520020
551.280029
679.841309
712.416992
-25.504395
225.131348
11.611328
-322.177246
447.887695
370.196289
464.740234
2220.243408
790.377930
-83.838379
-1185.477539
-1264.021729
-543.578613
-676.378906
-561.055664
-606.311523
-1385.086914
-86.190430
94.909180
359.820801
316.920898
999.098145
1164.741211
544.886963
-375.153076
654.798340
-537.176758
1133.857422
1669.987061
2218.458008
-225.915039
291.431641
-2738.302979
-623.910156
1234.671631
1050.136719
1007.912109
945.164551
48.587402
-996.695862
-1324.045410
-619.607422
-1336.408203
105.159180
-409.663910
-842.579773
-118.766724
-257.635925
-1718.691040
-311.050293
1445.122070
203.440430
-37.416504
731.154297
2707.203125
934.044922
302.465820
-865.493164
1029.871094
-1721.960327
181.669922
-790.283691
-1387.359131
-11.497559
359.192383
-17.789062
1347.701172
-150.407227
362.333008
-1684.469727
72.831100
-190.656494
-88.753418
-465.630859
225.528137
1088.602051
245.465820
1461.110352
989.793945
-394.192871
-620.577148
-249.382568
120.561401
128.644531
-863.197021
583.853882
1187.096680
-694.960449
-644.227539
1808.810791
1083.662109
940.109863
1314.185547
1188.035645
956.909119
-1482.992432
-133.885498
2534.774414
1402.245605
-268.524506
505.716675
947.426758
-1090.111328
2087.612793
4985.022949
3445.857422
1839.464844
-429.695312
80.600586
1256.626953
-886.959961
-1022.574707
946.362793
-44.127441
-732.250488
202.645508
-179.883789
22.773926
-107.524536
1154.829590
862.754883
-1176.121094
673.490540
-203.729111
294.796387
3454.294189
1878.352783
-517.178223
-34.191406
-505.345703
1307.869141
1733.440430
-87.072266
-984.323242
288.062500
-1343.820557
-282.165771
-99.769531
-65.521973
44.439941
-778.101807
180.635620
1017.101318
-21.536377
553.048706
738.523438
1069.988770
-1901.628418
1207.478516
88.035156
503.901855
-327.663574
-1020.553589
235.494629
-478.376709
-1549.602417
-30.642578
389.070801
-1041.037109
2060.019775
3666.833008
64.118164
-652.117676
848.665771
55.510254
1220.523438
2340.277344
1418.029541
1230.898926
-932.945801
337.715210
-1441.474121
289.683594
-127.717667
547.770020
-479.880371
-2071.480957
479.010986
836.036133
-20.749512
551.645020
1838.320068
2958.132568
134.128662
-930.150391
-1174.002441
-3464.028320
-570.334473
1089.084473
-1463.678711
770.330566
-252.906250
-1107.162598
-463.756348
-964.051270
-911.744812
-489.801636
1007.048340
1447.264282
-58.365967
-731.571777
888.332764
3049.397705
3136.229736
1444.429443
807.991699
121.326660
-793.860840
898.832031
-272.338867
576.322449
170.694824
1138.686768
115.934570
-615.982910
244.638916
-286.699707
-53.579590
804.000977
-22.916992
1309.400391
137.815430
186.119141
1439.924316
1101.673950
1125.984131
32.349518
164.488647
623.391846
1055.713867
42.929199
445.419434
98.862061
-615.680786
172.785645
684.508423
1805.142212
1019.368164
518.607910
280.740234
-239.498962
-1596.259766
-887.520996
-809.797424
219.347656
2547.749023
3097.643555
894.388672
-154.936523
1735.370605
-279.242188
580.398438
358.920654
557.944458
-509.586914
358.745117
18.755859
-77.375488
344.748535
784.198730
265.741699
1209.348877
981.491333
-228.738770
-574.027344
1243.181641
3066.315918
264.590820
376.465820
-1636.602783
-1310.973389
571.854492
485.154297
-103.666382
773.816772
1544.473999
1165.558472
20.998291
-884.670654
-1571.427979
279.873535
2960.559570
193.583984
309.907593
-11.865234
1073.097168
891.322266
698.371094
876.402344
-72.370605
-30.784546
-2246.571777
-4522.418457
-979.403564
277.948242
-558.352051
-146.706543
1522.432617
1020.693848
5284.554688
4231.022949
1659.767578
-2496.238281
-4450.630859
-1499.708008
541.217041
-103.190735
936.988037
876.252319
-916.524536
-145.963135
352.106812
-978.925171
-1508.921875
-325.567017
3514.862793
4286.495117
841.057373
-1423.004272
-2198.524414
-709.422668
371.809937
-1125.398438
317.660156
820.057129
-150.424316
-436.171387
-768.884766
-15.260254
-10.797607
485.742188
199.368652
139.228516
-381.272003
360.719482
-167.168701
-829.663818
-61.501953
-216.101562
1375.919922
1037.240479
2362.820801
1572.795898
-506.498779
-251.728027
-253.475098
304.168945
901.265381
1125.151855
1189.605347
1120.657959
544.437256
521.761719
1184.295898
-79.945190
-1426.364136
628.425659
1595.671021
-349.288574
-610.847900
513.296631
686.512207
581.911133
860.751953
744.535156
528.522949
1541.292969
1803.728516
1540.958984
-226.603516
45.499268
339.329590
-175.653320
-108.958008
-956.760254
-322.623779
-129.771973
485.823242
442.858398
-512.144531
-1194.228027
-770.400146
336.464844
264.504395
-616.249268
835.870605
1377.457031
611.270020
-30.599365
-2458.854980
-2367.349609
807.679443
941.484131
-400.617188
-363.320312
-222.230957
1951.933594
2341.619141
1793.846191
64.149414
-289.247192
-740.497070
-390.738281
338.665039
894.824707
638.850586
763.098633
522.392090
602.569580
-273.762451
412.896484
522.450195
-408.533752
-2203.885498
-2845.476318
537.063477
892.441406
1225.127930
747.122559
-151.042969
-1500.294922
-3233.633301
-2203.678223
1308.142212
4126.166992
4844.510742
2365.406250
10.107422
-72.844727
-697.430420
-815.148315
-651.792908
120.016479
-1280.289062
-816.301941
1603.896851
40.507080
374.688629
-768.372437
299.934570
-464.063110
-1653.344727
-339.965576
229.700684
-461.175781
242.735352
661.751953
-874.494507
1171.176758
1508.285156
-259.714355
350.574707
-401.639648
-62.022461
-631.383057
206.684082
-109.025391
-316.348663
1271.639038
1242.543945
1291.229980
810.350098
-417.648926
-1537.938721
475.824585
868.812256
-5.524536
-282.465332
-1841.219727
-228.848145
-234.150681
1982.756836
1506.708008
-708.546875
-687.228271
1178.967773
1698.974609
93.743164
-272.890137
374.980957
-122.203064
1514.318604
-430.696777
-3522.066406
-5616.485352
-3751.910156
423.009033
791.836670
-923.352051
-1253.575195
-777.074707
823.286255
1625.029785
130.927979
-159.471558
-1152.153320
1057.666992
1500.781128
-994.269531
-429.485352
-220.784546
473.306396
-106.750000
-3402.146973
-1936.377197
785.124268
3055.840820
5240.712402
856.837280
-678.249023
327.307983
-791.572205
1663.632568
1379.625488
-284.975342
1059.959473
609.291260
339.271240
121.979431
38.145020
153.258301
375.065308
-479.335815
-204.532974
466.825195
53.744080
1024.316406
1270.036133
740.764648
-561.841797
-2089.553711
-1918.359375
34.518799
347.293091
-1004.472778
-2346.667725
-185.597046
560.612793
-153.857910
329.148438
-145.427002
102.848389
-340.010986
547.611328
797.408203
-260.785400
-830.408691
255.550049
561.206543
1030.409668
704.883179
-356.821777
-254.603516
1143.304199
2146.212891
740.412598
-6.173828
190.615234
-230.898926
344.296143
1185.169678
62.363953
-1068.654663
1620.024902
2594.420898
1113.825195
1470.134277
786.997559
-67.698242
-402.731934
2564.024902
543.760742
-201.372559
831.518921
833.749023
804.683838
1023.575806
-61.554688
701.057129
722.899414
-767.756348
618.259033
485.258545
490.394531
1063.994629
600.792969
343.131714
-1360.185791
-713.434326
304.530273
-911.682129
625.937500
-188.682617
-1085.900269
66.644043
1385.926758
-289.655518
-1603.692383
-912.920654
-86.750977
-1748.714844
-3465.859375
-1435.719727
671.142212
870.075439
-834.200195
-1829.406738
412.564453
1006.273926
710.886658
549.090820
-891.428223
-874.835449
-85.132324
-572.105957
-8.073486
84.981445
19.184326
761.029785
2925.087891
4586.447266
1021.566406
-659.108521
-1537.228516
-1766.743652
83.655273
2434.647949
1527.299438
-884.257324
-1008.007812
-106.730804
693.925781
553.462891
552.817627
-1067.787354
-357.213623
163.854492
-43.531738
365.263428
588.133118
-384.520691
646.461182
-78.539062
-1028.625000
62.519531
-161.640137
-991.309082
453.298157
1669.603516
2393.727539
1886.720703
-345.766602
836.680664
-895.489258
565.751343
2444.409180
-146.748047
-284.886963
1079.412109
231.408203
-227.489014
-253.284180
-86.577148
-279.070007
587.218750
1457.714844
1582.524414
-759.122681
-24.776855
482.849365
-1164.732178
-1090.416260
-70.465332
350.924805
813.311279
1710.239136
436.878113
-452.045532
535.197998
1203.693848
1192.501221
1381.913086
820.866211
-460.935547
998.886719
2206.396729
1140.475464
-157.524536
-3035.149902
-4041.706543
-606.286377
1341.826660
-71.149414
401.638672
-359.545410
608.430664
361.942139
901.087402
-1074.312744
-1523.321655
-74.165039
62.784668
-441.507568
-1016.558105
-220.156250
684.802002
1292.674805
494.864258
531.741333
-48.928467
1514.582642
1289.932617
782.270508
1494.127319
-731.992676
-1209.960449
1152.886353
464.059570
-1657.546875
-1124.596924
-622.551270
663.931152
538.625000
645.486816
-147.741211
-743.626465
-1380.030029
-1558.181519
-84.645996
-1803.224609
-1523.550781
-738.911621
79.274658
695.983887
385.288574
-541.223572
-419.739624
954.228760
5075.202637
5810.906250
691.584961
816.323242
-1220.924316
-478.808594
-430.373047
-744.756348
-32.504883
628.105408
1576.665771
1655.837402
621.916748
-1057.995361
-213.320801
35.961914
-1477.429565
1427.979492
1643.327148
-354.192383
1355.459595
127.239746
-458.914551
-768.468994
-388.523010
1354.027344
1451.667236
377.284912
35.193359
-310.265137
324.357422
443.301758
-1090.190430
-2924.805908
-5008.694336
-312.777832
42.024414
-391.015625
-110.365601
539.664551
1548.584229
1333.118774
-261.014038
723.422546
1279.133789
290.890137
-228.884033
-64.195801
1170.196289
-607.929199
188.739258
762.274414
1089.629883
1183.584473
206.425781
173.367676
278.059021
-807.422852
-981.560547
-653.030273
-158.847656
-3244.375977
-4092.085938
-574.484863
279.701538
2454.372070
4037.138184
2085.935547
1270.979492
-566.273438
-232.941406
-593.156738
829.815918
775.023926
725.886719
29.438477
70.708008
-413.756836
-505.028320
450.547363
868.553467
2148.923828
993.291992
-130.203125
65.192627
974.538208
226.722412
-161.031738
-504.513672
212.711914
66.951172
-350.149414
-690.363770
-1340.549072
-1231.809570
-1047.676025
-746.991943
-331.680420
-3262.472656
-2684.246094
154.202881
56.305298
500.560303
508.198059
71.355225
1198.492676
678.366211
-172.524536
-1446.409180
354.672607
1205.881104
-526.524536
280.320312
589.896484
-572.730469
-231.176758
1818.881836
840.478760
-692.162842
-602.908691
189.144043
-360.239014
2358.817383
684.120117
-590.479492
595.381409
1665.747803
1146.794922
328.427979
-140.220215
207.063782
263.159668
-1058.632324
-737.779053
-1061.288086
1239.682129
-462.054688
732.546387
1387.802490
-911.264343
447.115906
1594.700562
-306.794434
-268.789307
-298.498657
95.014893
586.434570
454.616699
254.273926
-404.771240
-521.203857
-238.290039
-1014.080078
-322.176270
-327.667969
-4379.334473
-4432.655762
672.584229
-545.348999
-989.220825
672.637207
-336.825745
270.634644
1030.844238
564.722168
-408.922058
1199.959473
1066.062500
-21.275879
-256.292480
237.086914
-1793.618164
112.802246
1361.546997
1141.683350
1185.107910
723.629395
698.847412
1430.623413
714.302612
59.062988
-785.678467
-37.104614
1165.592773
981.466309
-854.868408
334.996826
575.517334
2133.524902
1787.860352
-650.195801
-1655.625854
-214.768463
1132.692139
5059.127930
3784.743164
-140.425293
-60.881226
-1107.176147
-46.201660
-395.437012
-3785.148438
-1840.954102
858.795654
907.165527
946.446777
-613.525818
-42.493164
2284.247803
1337.859741
-692.007751
62.766541
1845.965332
865.581299
999.830566
1072.981445
-907.779541
-1137.200195
-630.904297
620.756836
-732.758057
-2397.505371
-1362.076660
426.928467
29.527100
326.042603
-1581.249268
-6128.433105
-6350.857910
-2045.846436
447.510742
243.025391
-740.989990
-249.613281
1036.038574
-476.008789
-150.607422
413.928619
-962.646240
-253.314636
392.399414
-1047.714600
-1342.166016
-99.844971
4462.441406
7213.763672
1747.878174
-1492.068359
-493.064453
-625.664429
2927.596680
3672.011719
1450.781738
-525.139648
-1828.449219
-3.861328
119.462891
-325.633789
-642.279297
198.574707
-1024.698120
356.594971
1007.496582
-311.380127
291.232910
-1.741211
798.005859
290.847168
-1414.547729
-1559.988647
-877.762085
-432.438965
25.815430
-943.464844
806.433594
-794.979248
-1566.814087
-437.701233
251.203125
723.773438
722.232666
1520.720703
1610.212891
460.517090
-64.217285
-567.813354
-77.495117
-2143.227539
-1240.059570
398.028564
-3098.639648
-1056.827515
-1111.311890
393.258057
-2519.959229
-3237.920898
-329.977539
2601.772461
3850.818848
4466.728027
87.042236
-7.794647
-998.324707
-1869.985352
-1.028809
684.348633
786.829346
-1722.330078
-2921.510986
-217.223206
676.215820
641.287598
503.271729
-1083.738647
-361.795898
134.438965
-1949.168213
-1000.401855
342.155273
-398.671875
-302.432373
1140.852051
1091.038086
664.746582
768.839844
926.699585
556.523438
1705.373047
425.358887
-1514.765015
-1688.524414
-1172.524536
-776.204346
-691.730957
-200.549805
-422.382507
-2656.263184
-472.907440
1786.869873
481.572510
-12.950928
457.916016
-585.936035
-566.587646
620.490479
667.256714
-1126.936035
-942.917969
-600.821289
-1160.296875
-1120.702637
1106.713257
353.395142
136.363281
1036.998535
-34.791260
-620.337891
263.979492
-51.158813
1166.980469
32.973633
-636.053711
958.609375
-158.060547
-495.301758
-568.714111
-711.623779
684.919067
32.827148
-1058.900391
-46.055176
351.732910
737.287598
-5.397949
-146.884277
405.475830
-1526.065186
-1111.953125
-390.978882
-31.006836
1171.552246
193.459961
-683.968018
6.447754
-370.428955
339.644287
3772.495361
2549.488770
-104.078491
-63.890869
-1517.933594
-553.074219
107.298981
-586.355469
143.023438
119.119629
392.740356
4570.165527
4875.022949
1673.091553
175.701828
-4014.824707
-3945.078125
1302.302734
4102.484375
7282.547852
4948.502930
875.318115
-603.205811
-4481.174805
-6429.498047
-4108.555176
-2871.690918
-291.482422
423.444824
-150.388428
1673.304321
2282.914551
-436.121460
-683.952881
342.962646
-1011.050537
-904.465332
532.128906
111.606445
206.370850
-463.087891
-3186.399902
-2633.904297
71.959473
558.263916
-690.363159
-891.696045
164.461700
632.510986
-21.235840
27.493164
-1507.874756
168.604065
-30.763916
-4262.856445
-2313.537598
434.322144
-1085.626221
1365.647949
421.240417
-1751.949463
-1070.989380
37.397949
656.181519
-670.962524
-394.487305
1131.333984
520.464355
-220.020020
-43.400391
680.048340
-299.665405
-1258.458496
65.380737
-596.728027
-1291.811523
-768.010864
-3.459717
1119.943604
232.175354
-285.150146
1365.600830
1023.040405
597.389404
-2694.149902
-4566.784180
-1051.721802
1034.988281
2284.238281
2598.429443
678.571777
10.356445
543.860840
-432.827515
-336.832764
-1257.653320
-1587.998657
-891.921997
283.101562
857.617676
683.831055
1353.895020
795.756836
-1241.197998
-569.958252
981.565918
-1357.747070
-453.004883
379.868652
-296.320801
-66.271484
343.439453
-679.094727
-1143.954102
245.485840
-2639.954590
-7183.435547
-3039.916016
1257.302856
1938.902344
4478.783203
3050.513672
226.979980
-387.403320
1475.241211
1062.853516
-1524.283813
1316.142212
1069.918701
356.031219
-168.190674
442.861328
-1499.833496
-3636.551758
-2118.787598
-554.254395
670.653320
-258.443359
871.681641
1621.198242
4658.837891
1269.556885
138.060547
-966.872070
-1327.827637
-1578.687256
-581.188232
-242.919434
1120.649902
-1035.772339
-2384.491211
-633.061523
374.170898
472.179688
-709.332031
417.809814
1102.647095
456.992676
4484.827148
2866.116211
1008.773682
-1738.152344
-1964.537109
-1675.448730
831.580566
-522.368164
379.441895
-629.262268
1538.106934
304.089111
-142.514893
331.839111
126.921021
686.928711
535.396973
751.406250
-1446.513916
-2750.821777
178.475464
1577.576172
3859.374756
3462.408203
2722.115234
1643.032227
1763.736572
1286.102417
850.983276
94.677002
2451.093750
2522.103027
249.021729
758.447754
1614.091187
709.549561
481.936523
601.659180
-966.586670
224.651855
544.967773
604.006714
210.550049
-631.119141
-1580.791016
-1479.120239
2182.532471
3001.401855
-4.363647
-879.609375
-1463.145996
-76.278809
1713.903320
1826.768555
592.045898
-1919.615723
-1591.256348
767.728271
1298.150391
238.352295
-251.310059
-1759.398438
524.255981
1452.180664
451.134766
-705.480469
357.406250
1316.864868
878.207031
376.417480
133.573242
-164.329102
-265.524536
186.578125
-953.104980
41.092773
-991.307129
-397.384521
-927.737549
-268.020996
808.839111
-824.764648
-2609.869629
-2031.287109
724.080566
653.403381
550.086792
894.035278
-884.702515
-1450.835205
-1127.033691
478.339844
1313.162109
1032.647339
1048.983398
-819.164062
-394.432129
-385.155273
-522.578979
548.367676
921.852051
-1290.694092
-966.488037
73.277039
563.170898
-1812.228516
478.903320
371.018555
-594.281250
-732.264648
-765.233093
1447.741699
1289.516602
1192.609863
-371.576172
-311.077393
-563.315063
1427.956543
2561.289551
876.583984
-241.624268
-114.435547
-1412.897461
-1335.441284
-492.707764
-294.054688
-98.971436
278.031494
-1247.095825
-516.213989
527.318359
-1612.303711
-859.577148
-357.484375
1045.966797
964.734375
868.626465
-428.651855
-334.070801
-450.992188
321.824585
1709.109131
1152.881348
-519.490845
-617.093994
382.189453
47.699219
1990.917969
-430.744141
246.989502
-37.260498
-660.232910
-1805.084717
-1916.834717
690.732422
738.589844
187.011230
384.793427
955.626465
-609.486816
120.618286
323.257812
307.557129
-500.176025
-611.382812
935.926147
-614.703125
-2047.299805
183.829102
-133.755859
1151.074219
188.828125
-569.487793
939.116211
-44.518311
1054.831543
-19.914551
-313.435791
-479.807129
-3172.118164
-2970.905518
-233.488281
875.516113
875.371338
2166.400391
1264.435059
635.575195
670.289307
805.441406
-934.256836
580.143555
486.608887
679.154785
863.559875
-83.449951
645.827820
252.660156
121.793945
-149.449707
-144.537598
1517.845093
-455.109619
-975.283447
-355.437134
-1132.618774
2063.802734
950.710571
-683.607117
901.186523
571.855957
-439.184692
-473.746704
305.222656
-1072.001953
-794.426758
960.943359
2246.429199
1300.139648
-4.476074
-320.111328
112.114990
-301.714844
1189.313477
3031.606445
887.462402
348.487427
1601.699463
1267.310059
-838.215332
-1106.895996
1359.427246
-904.842773
-167.722656
146.688965
-582.818359
932.400391
2354.609863
1383.687500
1142.681641
75.459961
-878.472168
-130.387451
1213.435059
1103.214722
1286.475464
118.995605
-666.885742
201.922852
-911.282959
-1288.412354
-749.965820
-1616.666992
-1851.937988
84.835938
2579.041016
1108.718262
23.088745
-1286.014648
-975.216797
-549.159546
168.978516
98.178223
-232.902100
-1218.899414
-642.953613
-1319.445312
-2032.659302
-2046.093506
430.172852
1681.061035
967.174805
489.738281
411.570312
-266.919922
-366.940979
526.635742
-74.928223
-1072.908447
483.882812
1718.771484
-97.868164
-1498.053955
-873.261963
-367.624695
-15.668701
600.363525
773.950195
-360.294922
1197.149414
1793.715332
481.291992
514.689453
-497.650391
-758.196899
-236.213867
3027.222168
832.641602
74.098633
196.197754
-1905.708008
559.006836
345.143555
1184.519531
2154.284668
1863.085938
791.475464
-750.251221
-2165.980957
-1685.534668
-1245.384766
-48.687500
205.855469
68.872559
1018.147339
13.957092
-884.789917
-338.146729
-324.350098
-785.857849
-775.668457
-535.406006
226.067749
-865.823242
-3456.627930
-2567.024902
-467.657715
-30.565430
-325.078247
13.427490
-1573.245117
-774.819702
1727.754395
1458.314697
655.672852
19.687988
850.624023
724.612305
-1349.968750
-46.232910
-583.689941
-1053.354980
245.208496
-1105.935059
-932.863770
-654.948242
-1742.027344
229.132324
138.375000
343.139648
11.379883
-78.990479
1091.108154
-637.340027
-534.064148
716.384766
-274.516357
-240.269531
996.628418
751.651123
161.851318
934.030762
-363.193451
-2181.531250
-503.250000
581.914307
719.121582
1382.654297
267.328857
-458.089844
-1071.095215
50.253174
-243.477310
280.968262
2562.465820
150.118896
-158.832764
826.139526
-689.279297
-427.174316
-254.922363
-924.579346
351.036621
115.233887
-1083.819336
894.376465
2374.787598
2271.533691
736.152649
-887.339783
-415.866455
443.728027
1162.522461
198.012695
-1204.411621
-995.017334
-759.648193
98.953369
172.323486
-2505.807861
-1736.522217
1284.195923
-153.970703
-119.944824
1616.769165
783.585449
-507.240234
-1114.158203
-863.552490
-1374.092041
412.733887
-55.243164
1775.358887
3852.296875
1912.807617
282.634766
-2066.733154
-3600.248535
-1128.261475
373.637207
461.206055
836.760742
-194.883545
382.484070
638.531494
-655.490479
447.115814
-1080.885010
-6103.551758
-4801.537109
704.062988
46.734375
-907.948853
-928.492188
-1438.349609
-167.837891
-345.707642
-1611.241943
-123.056885
-155.176514
-66.524536
4783.772949
3975.595215
-470.463867
767.939087
606.963501
447.900208
2496.468750
316.285645
-2770.708496
-5303.294922
-4798.183594
-570.632324
39.892090
130.296875
149.360352
125.652344
-316.959961
-461.854980
-614.371094
-1230.767334
-154.991516
639.197021
666.726562
1.356934
135.228516
188.043945
408.851562
914.041992
200.258301
863.429810
1502.583252
600.815674
942.683044
123.280853
-3581.489990
-3785.763916
-398.636963
-165.134125
-1250.458984
-913.693237
-786.989502
-60.769775
437.288574
-554.098877
-211.974121
1205.855469
-495.831055
-393.342773
618.191162
-225.605225
-424.208740
-259.517334
-282.630798
-1760.059326
-1851.248779
599.030762
108.694763
-481.402588
993.959473
967.448120
1144.997559
467.443115
80.622559
428.564941
59.198120
-1068.017578
-843.937988
885.145264
-444.261353
-811.612000
-65.167358
1000.479675
2482.524414
537.200684
-968.754395
-27.079102
-420.421021
159.545837
296.310791
-815.800781
-619.981445
-117.479248
-880.065796
-521.564453
-142.683792
334.850586
-173.094727
-2297.214844
-1222.588379
-46.667480
1312.736572
1610.170166
820.301758
545.878906
-431.599304
-1145.487793
-596.604370
895.944031
-2984.355469
-5491.640625
-2448.863281
1043.635742
488.290039
-398.517822
-751.539307
323.604004
4441.640137
3218.423340
-546.171387
-202.962585
955.660645
210.206543
1153.544434
727.945496
-375.543945
18.352783
1040.120117
4296.207520
4370.533691
1031.184326
-320.787109
-257.062622
-615.662109
-202.864258
1534.492188
-304.427734
3797.921875
898.012695
563.589355
-1666.713867
-774.508789
-583.623047
1052.967773
106.821411
443.760986
-1252.898438
1312.412109
1634.238770
138.160889
-657.700195
-243.382812
-548.748047
671.358154
-346.959961
-599.067871
-1055.213379
-1050.366211
-121.881348
90.555237
-193.297119
-296.857788
-198.034180
-704.188477
1123.459961
265.896484
174.919434
662.045898
-308.124023
112.411987
661.814453
-410.952148
171.504883
-1148.427002
-89.554932
1422.381348
559.734863
1561.421875
2358.660156
1310.454590
1596.171875
1149.572266
1748.885742
-474.539307
-698.062134
-151.513550
1502.825684
1456.953613
520.062988
844.253052
352.710419
1772.503174
275.016113
659.492920
-522.996338
-1385.936646
-553.513672
-460.389160
152.633057
-654.428711
-1268.535156
-421.018066
1630.779053
1241.484497
49.605652
-545.539307
841.141113
172.658997
-1074.360352
259.868164
-122.224121
-862.480713
983.947266
491.907715
-142.759033
-19.698242
-294.654053
669.198120
1584.853760
907.893555
638.106567
257.311279
-694.227539
-162.749023
1241.376709
1204.019287
796.475464
334.973145
-2364.732422
-2123.815430
-187.550537
1303.801758
1135.965332
1013.556641
-1833.355469
-1797.145508
-291.274902
-920.973389
-779.523193
-7.028809
728.316406
-195.611328
227.854980
378.879150
88.212158
99.750000
244.954834
1708.979736
947.634277
48.180664
-488.971680
-216.958435
1204.039551
1710.654541
-905.549500
-861.894287
-30.252930
1982.742188
1131.309570
265.085449
532.715820
249.690674
-536.510376
-760.686035
154.945557
881.880615
-16.973755
893.481445
-137.953125
291.171875
-1623.796387
-100.913330
-232.788574
795.551270
1170.459961
893.563721
1570.553711
174.027344
-862.919617
-1016.077148
106.346680
-1013.081299
-1502.012207
259.706055
314.411133
-335.595703
213.092529
713.602661
329.952148
217.258789
144.655762
291.538818
-452.133057
-1125.618408
-1138.136597
-592.419189
667.106445
1442.257935
260.298645
-1238.034058
-1580.022461
-1151.857788
-524.089355
129.239258
536.511719
-1282.085938
746.499939
854.073242
470.805664
-2237.690430
-2799.951660
242.939941
-138.861328
-1171.599121
-134.316711
155.142166
846.809998
772.039307
-405.793213
-74.739990
493.525391
732.274414
338.865234
-1.673828
-736.090820
-1095.918457
-1225.580566
882.910400
109.719238
140.073486
-319.387634
-459.524414
437.949219
1133.416992
989.434570
-427.191406
-411.680664
192.419434
2015.713867
3075.410645
710.835449
-1013.728760
460.889160
455.062500
1062.914062
478.437988
26.253418
-325.734863
117.763184
702.150391
1155.947754
-3309.989502
-5865.351074
-1304.635498
1805.651855
3094.609863
1812.574097
338.457428
1789.233398
624.390381
-385.768555
-269.553711
-878.402344
-258.006104
598.502197
140.423828
218.140869
-504.013672
-1306.094727
-1169.531738
-4268.030273
-2725.758301
657.983398
188.213135
2947.102051
5487.128906
5271.916992
3620.139648
356.869629
-632.341797
83.986816
-540.211426
-337.127930
1815.777466
1921.847900
59.475464
-217.210938
-474.657227
55.901581
490.115967
-692.513916
-132.834717
-1173.081055
-5264.595703
-5100.618164
-2386.679688
-1854.318359
289.476562
-292.229736
-1520.897705
-690.364502
-215.090088
36.683350
1050.834473
1262.318359
382.749756
-543.315918
685.506836
107.778870
-1138.428833
850.385254
1003.494141
25.912109
-231.041992
-433.507568
-375.712402
-321.640869
94.229309
-364.397644
-1272.877075
-155.739502
273.080811
956.108887
-493.200073
-848.791016
43.239746
-881.484131
384.967773
385.070801
-828.904785
908.990356
-258.847900
996.093262
822.121338
-784.053467
719.061768
1266.404663
-573.863953
-424.628479
449.592041
-3338.199707
-6634.937012
-1424.508301
2174.790039
4664.594727
3436.465820
-679.814270
871.192993
1283.954102
-471.406250
231.743530
647.931885
755.450684
586.316406
474.649414
-407.084595
-572.470093
136.125244
670.150146
813.008423
652.359680
-376.965942
-1145.360718
226.242371
110.266052
-301.056091
-963.973022
1375.516113
3194.003906
2559.193359
-655.238281
-4117.717773
-2573.175293
1212.563965
-139.700439
-787.410889
-680.925781
-3142.926270
-1476.300781
620.218994
-1140.081909
148.349487
585.631714
684.906250
525.783203
51.912598
312.882141
247.616211
321.945801
797.202820
-538.168091
-162.586182
957.755371
-272.147705
423.217529
1420.506226
-793.430969
-140.343369
492.466064
-1401.046387
-957.514893
223.691650
-2234.767090
-3359.053223
-529.931152
1226.337402
36.781250
608.466309
-9.196960
711.493652
4398.154297
3463.775879
-1003.237000
344.538147
1027.201416
-317.748535
-373.552490
-290.954102
46.672852
496.521484
956.898071
322.368225
-1500.578369
-1036.440430
-1262.693115
-1478.636841
-1483.388062
-627.215332
2052.042480
2660.506836
1112.321289
-1008.196289
-1061.289062
-2523.336426
-286.031250
344.221191
-1115.895874
630.730957
114.862946
-1608.010498
-332.512451
1007.752808
-150.109619
-2353.309082
-4099.562500
-3054.231445
-2471.431885
-866.602539
-378.688232
1020.879883
1110.259277
127.957031
-924.354065
-941.361084
-343.698486
-2282.952637
-3254.216064
-224.781372
323.142151
-312.497681
933.162537
1307.128662
825.006836
195.913086
1977.584717
2222.417480
-491.760376
-321.730469
968.428223
609.639648
3194.707520
3357.974121
1708.589844
265.705078
353.085938
-60.781982
1364.035522
2622.199951
2081.225586
3005.810547
2572.865723
1293.532227
-439.343750
-2149.199219
-820.026367
1142.381592
423.294434
-156.608887
756.242920
592.268555
-645.490234
-132.981445
-281.437256
-610.451294
457.500244
597.621582
404.714111
-265.575684
566.948975
-777.083008
-2208.365234
-421.670654
40.200195
-1547.640869
-900.794922
-431.608398
-2326.480469
-752.691406
-1132.344238
947.362793
4113.073242
1646.597656
-420.710449
1129.349609
960.169922
869.833374
-503.316406
-452.232422
403.046875
-662.755859
24.869141
-1524.247803
764.208191
-103.577637
-2361.399414
839.162598
103.622650
65.691895
250.679688
464.577881
-516.683594
643.142151
1176.213379
221.651855
312.299927
-824.874512
-1827.631104
51.887695
-1005.880859
69.741211
201.547852
-674.105469
327.975098
1130.837646
-420.758301
-1147.664917
1568.128174
-158.094482
1208.778320
621.944214
425.490479
1350.950928
78.109863
-1820.708496
-3130.536621
-1955.806274
-140.524536
-238.686218
1933.632202
2499.321533
-746.350464
-203.231079
254.297852
-9.983643
-431.492981
-1184.533936
145.729980
1251.391113
998.061707
938.930664
-317.934570
215.795898
-271.397949
-1686.410889
-62.812500
626.466797
128.421631
365.729980
-776.657227
-1134.602051
980.695312
223.943451
-1106.348633
-387.902588
-293.084961
-946.419067
-1023.434570
100.431885
-408.959961
346.457520
327.063721
169.863647
678.794922
799.179199
548.176270
691.957031
-762.822021
-161.149658
-57.082275
-198.723633
1373.792969
2879.410156
1834.390137
-191.272461
-1977.662231
-1102.618896
983.561768
4498.546875
4196.551758
977.446289
-617.028809
41.262695
-88.315918
296.408447
100.468262
-1117.010986
270.304413
1355.700806
623.806396
1048.477905
-94.531616
-895.411743
501.058594
2128.250977
1305.177734
225.623047
500.310547
-1273.549805
-437.774902
1496.516602
2567.240234
440.035400
-375.476562
-126.611084
458.187256
612.262207
397.114441
-996.992676
-383.288086
180.395508
-154.017822
1394.705322
1516.927490
-2955.828369
96.548340
1004.826660
6.582520
-83.415771
230.982178
-1293.219727
504.040527
-248.895996
-1504.674561
80.103333
-198.596191
-487.722656
365.009277
-21.479004
-155.804199
-1074.134277
-137.902344
371.692383
1283.219238
325.770264
-820.593018
236.735352
937.211914
-663.965881
-769.234863
-181.187500
-353.652344
158.458008
-1930.108276
-27.118652
-55.725098
409.273438
-693.949219
68.519043
-115.415039
107.142578
-89.442139
1563.300537
868.125488
387.942383
-18.397461
284.265137
550.511719
1182.523438
1244.483643
1037.819946
-886.137207
-659.686523
742.615723
-228.223633
-390.079590
849.924316
492.215576
1989.661133
44.352539
176.120850
912.805542
1418.308472
1439.372070
1043.497070
1111.495117
739.092285
-1559.526611
-767.524536
-544.471558
-432.863037
411.878693
533.772217
1160.677490
722.369507
-629.242188
-537.530762
481.556885
-168.671021
-2429.462158
-2232.064453
635.866699
835.721924
737.587524
-276.718994
-3843.961182
-4803.685059
-474.177246
-209.274902
864.903564
2135.618164
629.431641
-483.818237
632.517578
214.438477
429.050781
-215.881592
-454.488037
-845.549316
-889.663086
-189.340088
71.362793
971.771973
-2170.477539
-1207.530273
-407.986328
615.167725
209.059082
-262.293945
-768.415527
-334.011475
133.719238
-243.645996
981.275879
489.411987
1637.246094
2725.135742
1223.691406
-883.978516
-1149.866699
-2314.795898
-1006.376587
-192.045410
-1180.021973
-70.210449
717.367188
-734.312500
93.572754
-1827.917725
-1223.099121
-407.171875
-210.673248
-496.778564
-789.888184
-650.451172
-877.880615
1706.381836
13.215820
522.892578
-1892.054199
-2925.441162
-2273.035645
190.834229
1403.007935
1573.711914
670.545349
-234.112305
-1382.845459
-1666.244141
-2.038330
-1104.467773
-1196.625732
300.574341
-294.857849
385.243408
-549.053711
-258.987793
773.024780
-1139.698486
-903.169556
333.083313
1741.612305
1076.471191
29.224609
-402.512695
-202.673828
878.088074
803.553955
-754.207764
-1416.524902
-1085.316406
558.544678
863.321655
507.740967
262.515625
542.532715
303.365234
-716.480713
-492.214844
-68.727051
-2.775879
426.004883
-436.107056
-1326.988037
-713.666016
-127.903809
-802.221375
-324.783447
578.060547
-555.614502
177.220947
528.301758
-167.066406
740.435059
1422.085938
1358.851562
1124.347656
-1018.342773
1590.714844
322.926758
-1098.041992
-927.656250
-508.828125
68.140991
-400.398926
1588.422852
2142.648926
-221.510010
-323.560059
397.374023
-849.679688
94.296875
705.084717
841.044434
377.103516
-88.966797
446.705566
46.803223
378.084717
6.678955
-3635.011719
-2627.556396
214.879883
1628.491699
323.837158
-969.256836
2026.191406
1371.711182
128.563477
3076.711914
4856.842773
1989.732910
1582.075195
507.635742
-1302.727539
-195.946289
38.190918
-260.679688
376.256226
781.264648
-381.741943
-1554.501953
-291.133911
766.721924
978.332031
324.099609
-48.999023
-1884.606934
-320.860840
470.756042
-345.923340
-1680.199219
-1914.486328
77.133789
-307.298340
-56.775879
554.550293
80.290527
-371.034302
18.815186
-929.437012
3.036133
341.147461
729.584717
1646.482422
137.751953
444.843750
-2031.732910
-627.112915
2806.520996
268.722656
290.545410
-674.854980
-16.532227
1786.020752
1282.644775
316.078613
33.083984
-858.451172
-342.998260
108.758301
-1161.026978
852.852539
249.614258
1100.191406
835.860107
730.095703
-671.823730
-373.558716
-90.451172
1644.098633
235.477783
-972.838379
-562.130127
1148.799194
-707.082520
-953.765381
528.688477
-2462.194336
-1112.418945
-298.485840
1006.105713
1121.490845
1204.774414
335.959961
328.801758
-569.041992
-2075.805664
-4168.510742
-1941.386230
222.585938
1581.322021
1826.881104
684.112305
1101.887207
371.706543
1411.329590
1125.763184
-913.477539
-688.750488
488.775391
1281.806152
619.885010
250.860352
-427.437500
-247.778809
47.226318
1544.848145
1099.385132
-519.686768
26.226807
618.230469
-680.793091
-198.119873
1869.142090
15.242432
-488.533691
-364.087158
-750.719604
-279.912842
-984.535217
-576.312012
-282.947998
-456.925049
-138.909180
47.369385
1092.646606
71.207031
-2218.088379
-1283.658447
338.475464
304.616699
-626.802246
-105.327637
186.447266
986.365723
639.999023
-1248.698242
286.518555
975.240234
196.138184
327.960205
-167.524536
-555.125977
145.933350
942.590210
-164.531494
-80.838318
421.031250
-440.564697
746.653381
2284.583496
440.797363
5.630859
1169.269531
2.108398
1407.688477
414.782959
724.228516
129.939453
-1189.781616
-1206.633667
-150.190918
-455.932617
-1471.601562
-530.514160
588.841064
429.757324
-1522.498047
-761.923706
566.137085
-115.523193
1159.162109
1618.509766
-858.173828
-1055.028320
953.518799
-348.695923
-161.201416
-433.621094
-1487.032471
-520.833740
-153.187500
-751.686523
487.064453
920.177429
745.293457
1248.009277
985.314941
697.842163
3324.577393
3437.038086
637.693359
-903.303711
425.032227
42.874023
864.387085
1329.632324
1366.696289
434.265137
-843.643066
-214.850342
53.142761
-818.681763
63.607117
2556.402100
868.354858
-1028.260010
506.871582
-929.876709
584.093018
962.436646
-1527.727539
-1223.020264
-2258.555664
946.911133
225.468750
-374.482910
299.588135
137.748535
485.338501
413.015259
-119.716797
1520.326660
1155.325195
-1705.190674
-1313.232178
-929.415039
-1426.744141
121.632324
172.702393
1453.776245
2530.982910
2333.455078
508.837402
-967.213379
-583.430908
869.047119
534.964844
726.731445
-942.980469
-366.032715
1131.586304
578.273438
688.004089
802.153809
-353.585815
-1061.064941
-506.140137
843.443481
752.976929
888.146851
631.656494
218.253174
2232.670898
1683.127930
1088.423828
1183.376953
-696.771973
258.475464
25.739746
-2162.473145
-2648.596924
-1057.364258
664.735352
2133.592773
2108.440430
1337.511963
290.416016
-927.842285
-781.855957
-513.993652
1341.851074
602.475586
-1855.812500
-3311.600586
-213.537354
734.034180
453.958008
-253.892578
-977.727539
-694.798584
847.504883
-479.973633
-1101.727539
-206.152832
-753.339355
-1028.857788
-1518.575684
-468.887207
-379.598145
73.644287
1571.353027
17.379883
-632.095703
-1486.113037
-714.835938
488.209961
-93.351074
284.170410
-613.849609
-673.853516
-891.790039
-454.290100
280.421844
555.739258
-869.555664
-1345.894043
-1576.828125
-1871.477051
-1380.961914
576.367676
-873.922607
-267.137207
20.398926
-566.896973
-251.591553
-42.913086
1072.278320
-193.648438
-1296.383301
-101.379395
542.746155
902.700684
-533.189453
-5422.347656
-5915.832031
-914.153809
972.678223
-869.704407
591.814148
1115.845947
136.764648
2194.759766
1495.569336
-938.439209
-304.868164
554.742676
1244.013916
2180.376465
881.821411
-818.609131
229.960144
134.344971
946.603027
1623.705078
-1079.516602
-1396.130859
388.564453
-309.518311
-437.750977
-1754.243408
2064.519043
606.841980
239.329102
2000.995117
993.956543
678.491150
953.723633
998.401367
-229.384277
-392.232910
511.814453
-163.918945
-710.976562
-1054.502686
-780.467407
-475.524048
804.040405
843.359375
263.142151
-1143.139893
-245.895874
-34.524536
-753.108398
-674.746155
1164.596191
618.104736
-656.752930
-98.770508
72.319336
378.137695
-28.038086
1048.461426
-610.605957
-1703.605469
-2105.181152
703.432129
6758.907227
9017.293945
4324.950684
245.616211
3.347656
798.877747
-1016.216309
-972.248779
-583.617920
390.080444
302.119629
-16.325195
535.336060
523.100342
-631.370605
949.347473
1576.899048
1145.349609
380.967285
-1631.280029
-293.598633
1044.728516
755.906250
-298.893311
-51.400879
48.910889
-635.420654
-641.770569
-698.593262
-1330.347168
-355.822632
666.734863
809.336426
244.069092
-545.089844
-226.954834
38.471191
2363.165527
2067.293213
-938.705933
-778.084229
-544.447876
-717.151611
-243.811035
-657.539307
-1433.952393
-579.399292
-437.305176
-668.774658
843.207031
84.587402
-3228.781738
-4031.207764
-2461.187500
214.573975
1184.080322
802.986328
250.987305
300.902832
-501.154785
-3845.745117
-3574.437988
331.271912
516.378906
-1967.327637
-460.243042
-1477.080566
-3385.332031
-3321.068359
-1057.925781
-1265.974609
-2844.873535
-2772.109131
-699.493164
963.402588
688.451111
-401.813477
-2999.799316
-1093.881836
-199.798828
1331.316895
2264.838623
3807.893311
637.839111
-444.733276
1185.807495
1291.171387
70.825928
524.328857
1563.192871
-380.791260
-1143.438721
-877.212402
644.573242
924.015625
113.993652
-896.166016
-118.077148
-332.605347
-386.436523
468.849609
980.013672
-1016.396729
426.258789
988.295410
2712.548828
3499.880127
1211.826172
-148.321289
-989.993164
-971.203125
-267.534912
607.117676
1170.224609
-873.011719
-451.545898
199.518066
415.461182
-102.718262
1946.542969
1697.561035
1439.480957
1094.680420
994.149658
482.625977
-502.813477
672.783203
30.138672
-963.002686
-1156.924072
-880.499756
-570.588379
268.582764
1154.477295
651.049072
-143.298584
160.644409
1006.445801
1177.417480
459.992676
-582.143311
-435.967773
555.480957
1074.918579
1257.087891
1402.076538
-665.773438
40.624512
-527.593994
1012.367432
5052.921387
3273.924316
-1189.139160
477.399170
-131.140869
541.160828
3614.658203
1395.908691
-601.346680
-2265.245605
-1762.554077
687.396484
-133.255615
361.838715
2888.870361
3674.897461
2854.655762
1112.886719
135.581299
558.149902
412.611816
-459.512695
-485.660278
-1672.065918
-910.270752
-779.375488
75.587891
28.661621
1674.227295
1221.840088
-890.260254
610.118164
-461.396484
748.953613
5067.002441
3200.228516
376.029297
-3689.443359
-8866.616211
-2926.357422
824.527344
-948.535767
501.250244
-3678.899902
-5686.454102
-708.935303
580.234863
-397.766357
69.020996
-95.586426
-480.907715
-928.338379
2321.532227
6849.455566
5069.800781
-415.822876
-993.843872
-1400.182129
-1459.503906
-758.836426
-1117.118164
-1483.876953
-2918.946289
-822.892029
1282.861450
-520.593994
-744.909912
296.650879
-248.969727
1738.521484
-116.202393
-171.995605
17.127930
220.922363
2611.378174
3592.658203
305.481812
-2072.492676
-3341.131348
-2449.965332
957.214844
137.022461
-723.980957
-323.564941
540.824219
1128.594238
3205.633789
2164.384766
-1001.889160
-961.627441
-2170.927246
-879.865845
1058.125488
-1070.904297
-486.309570
-683.393555
723.091797
-1267.857056
458.358887
1228.372070
1451.295898
-108.682587
-586.511719
533.931641
-840.979309
-2963.669678
-997.025757
1019.597168
-886.963135
106.193970
709.831299
-652.945801
698.492981
285.009888
-2496.004639
-2099.307129
-1151.112305
423.278076
891.309326
941.606934
-755.255615
-1063.129639
-16.516602
-1648.250000
-1811.425415
-53.763550
1458.537720
124.875977
-369.057617
-595.333008
-510.379761
-647.086914
-428.263672
487.834473
-695.832275
-2360.822998
-761.723145
-17.306396
1221.237061
2541.143555
998.352783
-313.219238
-758.663574
-3252.051270
-2771.908691
933.873535
939.159607
-961.089233
347.808105
-471.209961
-1349.494141
-128.591309
697.289551
115.538086
-36.579102
577.694336
621.044189
-2191.663574
-4423.320312
-2273.968262
-77.830078
-126.165039
-832.132751
-13.755859
791.461914
-112.170410
528.617432
918.363403
435.992798
-337.652161
-654.023743
562.538330
2916.328613
1364.123047
935.407227
-141.128906
-16.242676
63.318359
-869.747070
-950.599609
-939.251953
-822.528809
-463.298828
-542.816162
-32.964355
29.317871
38.719727
-563.094971
-2297.249512
-2435.459473
-928.905762
286.513184
-708.170044
-167.063232
146.789062
-593.145264
-1049.381104
1938.265381
1871.865845
-96.740601
1033.002197
-573.520020
-675.079590
1384.324707
4412.575195
4225.766113
3031.787598
1597.978027
748.329956
10.626587
-1637.358398
208.705139
832.503296
-535.696289
-452.032471
455.233887
355.816895
843.124268
-488.421234
-164.236816
83.372803
-1080.308105
450.475464
1653.595825
731.798828
657.431641
54.493652
209.336182
1506.454102
1897.770508
1293.058594
-892.796387
329.330566
787.141968
1015.548828
1019.796387
71.952148
621.484131
1101.071777
1890.406250
3938.846680
6139.738281
1550.995605
219.700317
649.626465
1377.907227
564.254883
1134.020020
-208.510010
787.235352
695.946777
-653.956299
-334.449219
-91.867188
-897.191650
-254.381836
-347.258789
-2031.030273
-1401.773193
179.493164
-928.333374
-902.622559
-139.299805
-1883.189453
-1232.442505
573.957764
619.518066
-1029.941650
-672.648560
317.801270
983.708191
-550.305664
-266.602539
-728.523804
1398.760742
1669.722656
672.194824
-1876.046021
-810.087891
-531.809570
-88.803223
-1247.590576
-1083.680176
520.160950
125.782227
199.665039
670.460449
722.200195
1830.979614
-633.812012
361.780029
203.050293
-2276.467773
-959.633789
-93.524536
1473.662109
3167.964844
152.560120
-461.083008
2377.831787
-666.217285
-1771.615601
-380.021698
-1297.334106
-1711.580933
635.762695
1846.450195
-889.397949
-4771.983398
-3065.131836
1039.118652
2833.664551
1498.990967
273.468811
-201.325073
1146.405640
174.142166
614.961548
884.974121
746.459961
648.335205
257.778564
268.231445
204.988281
-1627.125000
-3731.779297
-379.184326
154.365723
-559.690186
-317.568115
-491.519531
-1563.923828
-553.720215
-260.968750
1622.937500
306.688477
-973.524536
-918.106934
-1283.909790
-726.861572
1602.631348
1489.714844
1052.034424
1510.621338
-636.493164
-959.559570
-466.263672
-1045.357300
-691.562378
-1187.430298
298.588257
541.910461
-1221.472168
567.609253
674.969238
-499.490234
-268.215332
4.110931
-723.426819
809.083008
-307.339355
227.763916
1483.015991
452.541626
-343.331055
-302.005859
-219.783691
-981.606201
774.015625
-196.698242
-428.262695
-262.974182
-299.506836
-488.528809
-381.091797
-330.121338
350.529175
1073.674561
-201.759766
-667.814453
-1010.732422
-1787.877686
-1117.377930
-1843.181641
-476.207031
636.482422
583.435791
747.170532
112.369141
40.347656
-1445.910889
-1160.683594
-63.812012
-1115.492188
658.295898
81.652832
-595.446045
-1474.256348
-830.277344
681.273071
1598.557129
48.156494
686.946777
710.436523
-1095.821289
704.302246
122.762085
125.800049
-346.661133
-1098.531494
-1283.903442
-1478.497925
-309.123260
896.482666
-106.323486
-207.286133
751.188477
-959.023376
-340.304077
991.050781
-1029.655884
-512.857849
-1003.527954
682.912964
72.945862
-1029.911377
-154.797241
1497.860840
1503.991821
1041.560791
230.950684
-472.098145
-1019.745605
-45.902588
-169.717285
-57.861816
-1.803955
-569.030273
209.286133
581.896973
-392.718994
-36.731323
-392.796387
-344.213379
986.164795
870.125977
1807.751953
797.270264
-224.699219
1046.473877
-43.027344
-1953.636108
-3064.508301
-3215.319824
-16.169922
119.856323
-707.960693
915.865967
-320.046143
-4008.275391
-1556.825562
837.520264
-1136.640869
988.491211
1048.580078
338.827148
2257.395264
1027.778320
1253.593750
-34.338379
-938.042480
950.843750
-117.579102
-1464.733398
-2553.723633
-3240.754395
-1308.724609
501.063965
1719.357910
569.774902
-202.133026
-270.415283
-2248.246582
-1180.386719
223.766846
248.086670
424.488525
149.132324
-741.317383
892.805420
910.060547
946.686035
795.817383
1131.822266
-123.749512
-1049.141113
-631.430420
-280.353271
486.937500
-154.606445
341.144043
276.970215
-1342.316162
461.003906
593.270508
1431.188477
2297.421875
1575.205078
1278.456787
-136.038574
-195.757812
-1253.252441
581.935181
871.917725
632.905518
593.765503
-1156.098145
115.500000
491.514648
-30.339844
-404.218750
-404.338379
1013.093750
-172.904785
798.381836
1043.959473
-1588.975708
-1418.965332
-1537.811523
244.861572
450.334961
-359.427734
501.472656
-220.756348
249.204590
1087.922974
444.164062
228.143555
-262.627930
-967.792969
-1442.814453
-117.806152
-578.768311
71.495605
223.322266
-341.417603
-1304.926514
-944.524536
-644.654724
-773.164185
-1086.012207
-565.337280
1376.842651
225.579834
-304.619141
1286.041260
857.341492
-848.697876
-1854.710083
-2213.602051
-384.111084
3722.239746
5780.255859
1684.883545
-2148.064697
-4090.034180
-3655.303223
-717.913086
-163.347656
-487.058594
-1968.762695
-1440.546753
225.047852
-1242.577148
173.645508
324.296875
-677.249878
-289.188965
1290.972168
1588.888672
317.577148
-779.395020
2380.929688
1041.361816
-1053.793213
-1385.617188
-1798.749023
-411.609375
793.620117
-439.076660
-1225.902344
-1491.793457
482.670898
-1125.126587
-1335.937256
-716.500610
491.912109
240.830566
548.785522
463.923340
-693.942871
-294.297363
-1135.092285
-109.221680
-1.284668
113.977051
-50.757324
-863.116821
691.864136
601.019653
-226.211853
999.439697
1470.170898
1433.314209
671.260742
987.151855
-169.540039
224.376465
-99.758789
319.658203
79.802246
610.205444
1259.475464
-192.518494
-1231.773926
500.618774
846.596619
-317.463257
398.808319
1362.240967
296.866211
-613.093872
-749.953613
-3650.577148
-2278.916992
32.154297
505.984985
294.939941
149.549316
2164.142090
3099.556396
1955.481689
31.125488
-1150.848633
-1298.233887
-1554.474854
29.525146
467.059082
1155.383301
1802.424927
1144.838867
1494.865234
371.121094
246.104492
1210.588135
487.393066
-890.086914
418.816162
-1617.186523
-2962.481445
-128.595322
-363.814331
261.715820
598.315430
251.137817
298.223267
530.376465
1404.358521
1278.142578
-84.771484
-852.882324
-306.173340
-229.477600
456.251953
632.581055
-964.104492
-1958.108398
-4272.629395
-2076.526123
-68.006836
76.538574
652.975586
2176.597168
248.912109
-617.536377
-1282.157471
-1501.338135
-594.982422
-1075.801758
1142.899414
1730.458740
1205.328613
-221.456055
-561.539062
-1257.073975
-3336.948975
-4354.815918
-1877.903564
-301.575928
-329.395020
154.831543
-652.655701
1065.973999
1309.853027
235.613281
968.318359
-697.065918
-421.229736
1181.099121
-84.563477
17.591797
-618.166992
110.345703
869.549316
-70.537270
-889.841187
1184.203857
1174.496582
-38.222656
942.432617
3209.686523
240.493652
-560.622070
255.446289
259.745605
974.943359
423.269043
706.733887
409.040039
647.130859
1457.790527
2444.348633
1548.174072
-10.655884
-275.784668
-1391.727051
-209.499756
408.770996
3.504883
-1749.507812
722.034180
-683.563477
-241.052246
2.488770
345.851318
1467.415527
-163.129395
-236.359863
649.911987
-761.928345
-115.911133
1900.507812
37.712402
1100.444580
2108.565918
513.680176
-112.693848
-425.524536
869.494141
265.710449
-538.951172
-1226.916016
-889.681641
-905.839539
-807.380127
-175.737305
1799.869385
-23.070068
-1289.499512
-865.620605
-102.000977
-398.508789
1154.745605
1000.504883
739.168945
1135.666016
750.930664
-218.878906
-628.175049
83.340820
-890.923096
893.487793
334.312500
12.676697
1344.853516
954.177246
744.665039
457.334961
284.200928
-631.113342
-4672.245117
-4109.402344
-38.919922
1220.991211
2943.718506
3070.252686
1941.013184
1078.466309
-653.312988
-2190.367676
-1528.826782
-406.648438
412.595703
-20.562500
842.001465
119.997314
1305.763672
605.348145
253.807373
-945.445068
229.794922
95.936523
350.435547
10.392578
-209.974121
239.614258
-853.506104
-2759.979004
-829.703552
1111.043091
9.763916
-105.298340
-1641.364746
-3207.936768
-1645.344971
-707.428223
298.539551
929.740234
-888.727661
-1423.857666
-1382.076172
1337.801758
62.411133
-311.229858
-1104.535645
-1792.384277
-312.307373
-1055.973389
-105.384277
-53.586914
-1072.680664
-871.201660
-754.615845
-3055.505859
-1073.314209
-174.931641
190.339355
532.528076
-377.471436
-1393.578613
-2896.300293
-655.950195
-1395.979736
-2187.043213
-262.132324
-28.077148
-1043.281250
253.592041
87.687256
514.515991
-1.978516
1111.443359
-129.408203
-176.416077
138.400391
-781.719727
450.818848
350.972168
77.354736
960.225098
-111.388672
-233.028564
655.351562
-382.361328
1693.859375
921.055908
-218.010010
2041.434082
3971.088867
1287.761963
4486.369141
1279.939941
68.940674
45.941162
746.703369
-2778.185547
-2770.298828
-636.824219
-11.827209
-37.981445
956.073242
187.379395
-1049.420410
-1319.233643
-968.120972
1116.270020
497.267090
-817.804688
-173.337402
-405.958069
-1064.817627
-386.858643
248.597290
1115.679077
-706.686401
712.741821
2457.069336
-1581.828125
-200.122559
-303.426025
3076.297852
1499.718750
1874.942383
-361.809082
-353.710938
-178.155273
-544.443237
-275.525879
488.229492
-91.757324
-1370.031860
110.518555
-306.472168
204.355957
216.674316
-811.769897
1640.718628
1290.475464
203.146973
-150.338379
-1232.053711
-986.875244
-459.596191
-1645.288086
-459.906738
-11.217773
1739.806641
315.124023
649.702637
-1001.700195
-882.148438
-2701.910156
779.324219
-666.282959
-3059.105469
4736.368164
1473.574463
1979.101562
1039.478516
622.979492
326.963623
-2037.298462
479.523438
-807.626953
-154.132812
253.095154
1134.436035
1143.718750
1960.924805
3221.127197
-548.766357
433.732910
-941.649414
-1227.334229
-572.096680
-489.602539
-2868.442383
-510.983887
2285.754883
1742.849609
1323.716797
-2729.002441
-4316.042480
-4275.022461
378.288391
370.070801
1694.796265
600.026367
-498.082031
176.186523
-67.263916
170.984619
-601.103882
-710.042236
-511.641968
842.097595
2111.954834
440.180176
-1495.279053
-924.069824
1634.693359
3815.797363
2684.793213
221.677460
-827.770020
-1585.493164
-1350.706055
1225.928345
735.240723
-441.412109
-866.037109
-1548.044434
-331.863129
536.281250
363.131836
36.263672
158.508301
-576.805176
-577.155151
520.441406
-389.059082
-857.881104
365.666016
264.986328
772.189148
-253.414795
-827.914307
-175.364258
-262.456055
550.956543
1593.878906
226.198242
-269.508545
611.860840
3893.319824
3270.634277
33.287109
328.221680
503.114258
-170.788086
825.892090
1124.396484
18.038574
-519.541016
802.484375
378.779785
1761.763916
789.882812
-443.968079
181.639160
-1584.154297
-3585.685547
-3956.242676
-2010.351074
-123.297852
-204.154297
436.376465
-2082.506836
-3937.685791
-507.283203
105.007812
-76.227264
-276.355957
-407.579102
120.676758
851.631592
1157.884277
242.843018
-2606.088867
-4577.692871
-179.403320
540.714111
1037.011963
685.526367
-1148.448486
2724.812012
1887.159180
-554.968750
-87.088867
-44.897705
-700.825195
556.030273
864.006226
-405.592773
-83.176758
-1573.477661
-382.805664
286.999023
-947.422852
-1795.433716
-568.327759
174.952393
-376.837524
881.677124
-338.631866
-154.782227
3033.540039
1752.462891
-143.961624
-901.143555
-492.666016
-556.781494
210.735840
-950.691895
-3270.468262
-1817.063477
-534.326172
-748.857849
-219.777832
-309.524536
-9.169922
-2327.169922
-1038.029297
-1214.781738
262.082275
-1433.220703
-852.401367
-82.584717
-629.609619
506.982544
404.227173
-951.161621
-970.698486
-1499.014893
-1169.733643
106.226562
-579.259277
-354.778809
-510.718140
-81.494141
-26.416992
671.407715
130.891602
820.225586
667.701172
182.733887
594.232239
1188.693115
327.412598
308.665527
522.835938
764.708008
211.468262
-512.536377
815.619629
1549.063477
1297.949219
283.475464
323.650879
1162.812500
-1158.350586
106.333008
646.589844
68.902832
506.148926
1059.644043
1315.444336
864.481934
-875.335938
-1763.119019
-1713.428955
685.401367
1928.511719
1637.719971
1437.711182
-1023.134521
-976.938171
-167.811218
-143.833374
1814.515381
158.055176
-543.785156
603.091736
591.734375
315.854218
-979.976074
842.914795
65.371582
-1079.784180
-431.996826
-97.703491
1614.622559
1150.731201
-19.662109
889.874023
1108.581055
300.958984
791.261902
-1263.703613
-1184.510742
-351.358887
-1140.971680
-3240.415039
-2289.800293
-893.937439
-309.370117
-572.341309
-588.629639
1298.212891
1723.008301
843.206055
-261.605469
2411.890625
729.444824
-612.385132
-1054.090332
-1671.517578
-1120.211426
-347.963623
168.667969
-1641.379395
218.028320
1025.866699
971.864014
737.556641
1594.070312
279.121338
-28.121094
-374.124023
600.583984
806.185059
-1899.723633
6.989258
-212.179932
97.558594
-277.280273
1048.695068
2207.193115
2631.591309
849.270508
-204.400879
13.926758
-1031.866211
-3169.952148
203.506348
528.883545
982.449097
456.760193
1284.441162
793.992188
-71.014648
933.759644
3968.006348
3060.317139
1272.967773
1251.925781
1472.281250
1384.196289
-29.656250
682.790039
770.016846
264.497986
-52.682129
-196.501953
179.694336
-313.524536
-419.400269
802.622314
280.578125
73.789062
-633.414551
-565.430664
134.546875
1515.584717
-205.065186
-748.100586
-764.475586
1530.373535
4877.372559
-1733.094727
4188.159180
2082.273926
1073.195801
1370.459961
1747.478516
6.362305
701.801758
1193.108643
1364.682495
-500.126587
-395.369629
1716.598633
-599.377930
651.554688
-531.764404
-214.082520
822.907715
536.717773
-1025.531982
-124.365112
203.742752
-87.507568
-1897.499023
-3382.583984
-1063.872559
272.926392
12.499512
58.318237
-687.220459
-2062.561523
-4088.696533
-4163.280273
-2731.376465
-1713.539062
160.922852
807.849060
94.050293
-250.996628
-2217.104004
-624.201660
-204.328430
197.973145
1783.612305
1564.541260
-964.394592
-1140.404785
-684.228516
220.892822
-403.679443
-888.440063
-1279.137695
-728.355286
515.420654
-338.692871
-28.713379
-984.192383
370.742432
1348.504883
890.276123
390.123779
-2373.425537
-2525.896729
641.007568
1127.475586
788.060547
-43.563477
-360.100098
-99.461426
100.111328
552.711914
-298.773438
-295.221680
-244.076172
-1464.429688
-1092.480713
-1350.792236
561.692871
1555.349854
447.459961
370.977539
-956.587891
-1610.420898
-1285.128906
-75.937012
2547.627930
1594.292969
-445.462891
604.988281
374.219727
717.191406
1592.020752
1215.342773
-201.309570
-585.208496
942.592285
134.162476
-565.135254
305.103760
-101.076660
-1614.278687
-1245.122559
452.417480
-336.224487
872.954102
1286.495117
-304.499268
-1089.844727
-1294.662842
763.019287
363.497070
-77.694336
-1096.642090
-48.935059
491.087402
129.938477
-439.525879
116.896637
1031.502808
623.342529
-710.041992
-711.666992
832.459961
262.451172
-360.831543
521.130981
647.977783
988.009155
207.201904
153.142166
234.016663
-992.705444
133.603516
-87.241943
352.475464
-687.745605
-327.597168
-652.078613
-984.050476
-703.113525
40.511475
232.308105
-38.972656
169.820801
-1796.157959
-2926.027832
493.286011
436.311157
1572.919189
1747.336914
-279.912109
462.678955
685.268311
167.330200
585.675537
-655.915039
-3026.374023
-337.727051
360.633911
-849.556519
482.239502
289.187744
-824.884644
97.067383
-177.214844
-961.385742
-1288.524536
11.256348
672.718506
663.539062
293.247223
509.040527
-804.302734
282.584961
192.525879
-1084.815552
-136.216064
766.757141
-1570.128662
-2249.933105
-1954.772461
-2548.503906
-2411.333984
-1091.093750
-1200.912598
578.273926
-346.748779
-324.899414
454.761902
325.893829
-328.413940
303.455566
961.807129
-465.375000
-479.684814
-993.916748
-1287.320312
361.602539
-287.297852
7.702209
-234.667603
-772.092041
277.684570
1755.273438
461.869873
629.523926
-717.467773
112.370117
-1111.059570
-1278.918701
-155.815918
632.723633
-1206.925781
255.229980
-248.310791
933.489746
1407.814453
-106.746094
1055.670898
1803.387207
47.836426
484.025146
1110.810181
-71.883789
973.346191
1400.805054
667.627930
260.191895
761.088623
949.946533
356.778809
1055.721680
-702.869141
-2294.534424
-1880.839600
-175.453003
-288.761688
-594.006897
1348.812012
190.203125
-14.049316
32.547607
-3154.865234
-4845.506348
-1497.420044
1026.393555
-181.875000
1238.723389
1395.523926
1740.854980
1093.313477
226.588379
286.509766
-58.016113
416.975830
216.001465
619.672119
2526.475586
2905.640625
69.441406
-924.319336
-878.395508
-1260.119141
2271.846680
81.090820
-1373.464355
-3352.327148
-3899.226318
-701.422852
2231.152344
-533.991943
508.816406
757.102051
-1106.900513
-1207.102539
162.355957
-585.341309
-1245.382202
635.721680
-504.969727
-154.601562
761.119141
4752.509766
1532.221436
-485.486328
-1991.796875
72.833496
1178.289551
1483.994141
-985.244873
-3300.430176
-2449.865234
-1637.208008
682.285156
1558.357544
843.239746
372.360352
-444.066406
1745.794434
3098.233398
574.138794
-42.344727
463.737305
-453.965088
-1606.857788
355.142151
-1232.689575
-1080.645508
22.112305
1284.305664
1079.698730
1326.673340
431.475464
-701.986816
-323.118164
816.648926
2115.664795
797.181641
1464.062500
1229.328125
-405.537354
169.452148
280.779297
-1355.109375
-308.706055
-243.464600
-284.515625
1140.171631
880.429810
56.700195
-325.741211
283.288086
-1156.038574
1363.941406
1198.205566
-394.037109
-1797.089844
-1129.547852
-3744.941406
-405.908203
-1659.916992
2507.772949
47.264893
182.013306
340.244141
-495.754272
-1049.625977
163.776245
77.651611
-712.708740
89.934082
227.526855
143.156738
24.364746
-216.045898
1257.097168
-179.929199
358.831787
1635.234863
960.099365
10.369141
-384.741455
-66.552246
-534.170898
-177.234741
843.699219
1256.726807
211.019287
-2132.969727
2603.603027
-1958.638672
336.107178
-267.143799
-1294.381592
-368.276123
857.167358
-2412.008789
-3285.403809
21.745361
-220.857803
-996.857849
1617.033691
-144.895294
-1119.911377
-679.708374
-428.010559
-58.536133
-197.354980
502.443848
-119.537598
109.081055
3377.965820
3272.805176
-91.522339
-1790.848633
-3974.592773
-5187.812988
-3484.738037
-1081.749023
-823.171875
-787.302734
994.781311
1154.923340
624.000000
1682.047363
-60.807922
-334.249512
926.954956
-1884.636230
-2242.327637
-460.035156
-446.220703
1242.097656
746.060547
581.026367
655.997314
-649.562988
334.387695
797.740356
-512.096680
-328.134033
-535.414551
1394.291016
1451.025391
-1581.344727
-1737.240723
-53.618469
3032.774902
2764.108154
-1009.273193
-1449.155762
-763.881836
261.111938
-506.611938
-822.510803
-2330.251953
-1971.611328
-1677.340332
197.612549
1729.317383
2223.941406
-1100.537231
-402.410156
72.064453
318.762207
813.791748
427.902344
-1295.065918
-4883.778320
-8965.358398
-5431.394531
-882.415894
817.206543
445.291504
558.841309
58.731445
685.585449
450.697266
-828.466797
545.513672
-523.294922
491.570801
1222.785645
2478.587891
1237.569336
-370.379150
-37.485352
-1085.651367
-883.197754
-430.771851
-727.250977
-323.922852
341.131226
-488.026367
856.686523
31.260498
396.012695
77.220215
284.228760
1164.222046
1070.755615
-247.481689
-589.993774
-182.582520
139.532227
-257.868164
-615.603027
2816.842285
3606.576660
51.655762
-831.803467
1419.078003
915.436523
2082.102539
2173.016602
1353.830078
-284.581055
-342.987305
4508.096191
498.062378
-474.219482
-745.119385
-231.531494
672.530518
1188.563965
840.995850
144.068604
-1048.799561
-243.830811
-118.215820
-1167.892578
-39.531494
169.427490
-908.796387
-9.330566
263.131592
41.419922
181.019043
2094.682861
2296.797119
1001.107666
183.678406
267.331543
1485.138184
-396.620117
-143.860840
1314.818604
736.676270
1921.403809
3045.183594
522.891602
-389.500366
-640.446533
-1500.957764
-829.923096
-141.726074
1124.303711
299.914429
-459.121094
-594.836914
163.765869
-379.994873
126.484375
29.684570
1669.526855
1303.442871
-920.548828
1502.387695
62.235107
1126.235840
-2136.544434
584.230957
-199.834717
-1289.718750
-506.919678
-958.240234
-360.230957
681.799805
951.381592
176.752930
404.597656
887.766602
555.064697
-467.848267
-1545.949097
-1464.030884
-1067.095337
-569.336426
342.225220
744.006226
493.544800
-163.557129
-130.193359
2209.415039
405.541992
308.010742
-148.146484
320.328125
687.953125
-1207.597168
-934.932373
-818.284302
-1029.637451
356.139404
-1670.650513
43.030029
1281.540894
-28.122803
-2012.825562
-41.357178
-479.291016
744.246338
765.378174
291.571167
-1809.853516
151.163086
-371.970215
-537.748474
1534.638184
2036.820801
-727.750000
-1682.095215
-419.888184
-275.858765
-1776.524536
624.861572
1002.382263
1319.884644
235.999512
927.411621
2044.259521
-294.623047
138.464478
-1216.557617
-2685.949463
-434.160583
888.190186
2214.106934
1087.754883
-1401.854614
398.141602
344.646484
214.053955
1464.446289
906.891602
-399.741638
-2708.510254
-2254.916504
946.161011
216.514648
-289.132324
929.171387
607.613770
497.085449
-640.890625
-3497.236572
-5699.837891
-2941.064453
732.131836
-849.967896
-1513.657471
-118.034912
1238.013062
1542.319214
1153.587402
375.788330
454.361328
3155.661133
636.999023
-71.143066
-363.664062
-4995.495605
-6433.899414
-1838.673340
1348.451904
4077.659180
6889.278320
5482.011719
1813.898438
-533.582275
112.518990
454.530273
-571.625977
-394.080688
-306.391113
-605.671387
895.202637
1487.231445
202.095215
-652.699463
1143.556274
723.047852
-1179.736450
-573.097656
207.118164
-425.783936
-360.012939
727.672363
2367.072754
381.183594
362.100586
604.908203
-406.751465
-3611.981934
-1815.875488
1022.256470
364.360352
-220.282227
-1003.061035
1465.023560
1088.828125
-114.000015
-497.272461
801.157715
-2772.083496
-7721.396973
-4461.645508
626.140625
-124.199905
-223.658447
-293.681641
-645.312012
883.735596
39.392090
80.388184
1477.509277
377.460938
322.757324
859.339355
-186.044922
156.697266
1349.331421
-152.056396
-1028.561279
-2405.314453
-633.123047
-140.372070
1213.920410
2511.076172
2693.663330
1324.337769
-711.917480
-1034.426514
-1240.568848
-741.297852
-1046.179688
-1016.582031
-1215.666016
570.018555
565.430664
-1398.917480
2238.982422
466.704590
-603.259766
-1705.152344
-348.286865
1248.563721
499.689697
-651.034668
-457.886230
-1523.874512
-751.836914
889.708496
-917.357178
-275.596191
1035.281250
748.102539
497.043945
-146.275879
823.703125
124.659424
1305.672363
1054.231201
752.435059
472.335205
-551.999268
585.653564
-1316.883789
-2834.360840
-3622.841553
-3526.305664
-1649.378662
1137.218384
1337.218750
538.691406
1130.909180
-1204.282227
-497.374023
1435.398438
-590.023682
545.456360
468.422760
533.318176
120.529785
586.811035
-526.668457
-308.281250
301.412598
1375.031250
4448.923340
3927.359863
901.879883
-417.510742
78.305176
-602.477173
-2129.788574
-1523.351074
-2302.974365
456.506836
870.246582
635.142151
9.142166
-670.510132
-1203.479858
-143.588867
-133.101562
637.582764
314.105469
-334.719727
-116.099609
768.500488
481.391602
648.950439
2227.122070
316.080078
2979.720703
-1001.281982
763.264160
840.169434
212.860352
3833.010254
5794.010254
3081.156982
168.557129
749.282654
-106.400146
273.747803
-685.574219
-1238.790039
-1772.742188
-2303.215088
-311.283691
426.482910
369.741577
1732.225586
759.424805
107.893677
468.242676
874.247314
511.557861
663.387817
278.297974
-784.837646
-890.847046
-874.988281
572.321289
1888.866211
1162.319824
2.775879
-1500.586426
-3290.436035
-826.618164
653.701660
1006.707520
446.103516
269.291504
97.113281
-1258.057129
-230.934326
-1048.242920
-3259.530762
-1048.214844
659.598145
-273.954834
15.466309
-277.746582
-736.965332
2288.795898
-58.056641
-252.678711
-206.006348
-1097.844727
-115.182617
904.947998
-500.895508
-1591.084717
-209.009766
875.277832
1774.999023
1473.011719
58.690430
-653.880859
-1267.273926
-664.436890
-1074.407715
-620.225586
-1830.011719
-391.489502
-173.283203
932.440918
-709.716797
325.083984
-30.317902
249.279053
-521.496338
-724.356445
-2213.732422
-471.687256
2254.911133
2538.924805
1802.096680
-515.659180
-1025.531006
401.791260
23.475464
-438.145020
-912.500000
-2482.209961
-523.218750
-812.010132
1143.046631
-639.002441
392.303711
-341.424316
-388.249023
-442.150879
-2560.515625
-3774.090332
-759.673340
441.978516
2043.015137
2657.831055
229.595215
243.814453
-420.188110
-652.364258
-175.348633
-933.292480
-905.309814
452.355469
1006.073242
1343.498535
1865.826172
219.442871
-189.247314
-169.524536
185.808594
-16.879395
-1758.415283
-1074.527588
-1377.524536
-431.616455
-59.600098
460.342773
-77.672363
-349.546631
2169.026367
1747.756836
404.751465
843.625366
1288.652588
-869.250427
-1581.181396
-701.441406
39.995117
-1630.234375
-1248.013672
178.092773
-898.168701
861.142151
2186.862549
2576.141602
2060.200195
1370.331665
-1387.943115
-685.650391
593.423340
-597.761230
-1238.801880
-1074.986084
124.659485
1642.083496
2084.766357
19.213623
-770.747559
-0.101074
258.636719
405.080078
938.165771
622.025146
705.348633
1259.745117
513.668945
281.000244
-86.115723
-1173.777344
-895.743164
-1499.340088
-1999.860840
-761.961426
289.108643
-47.394531
-34.714722
-117.776367
131.928955
-56.805298
-305.018066
-311.095215
124.592773
114.546875
-903.766724
-463.562988
749.509277
-539.382812
75.043579
-638.394043
-2228.403320
-171.403198
1925.345703
1726.126709
1361.635742
-457.466797
-206.592773
141.681396
152.979004
-1146.324707
1214.662109
853.250854
537.546448
1064.989990
301.247070
-1000.880859
-774.885986
-456.174316
478.448242
1583.193359
80.071777
1151.080078
2590.227295
380.355591
-1436.923584
1077.118042
-66.334717
360.878418
992.493652
-1339.190430
-434.464844
-1150.893066
-244.479004
806.913330
144.384277
-885.675049
-1152.451172
25.118164
-879.714111
680.659668
718.268555
521.443359
99.811066
411.233398
-557.293945
-833.876831
-605.857849
-133.193176
1744.600952
640.066406
-1498.862305
-1021.013062
-351.542969
-756.817871
365.408203
-821.937256
-301.546143
-57.481934
1005.943359
137.823242
-329.876526
432.250732
720.813477
8.172333
547.682861
477.953369
-415.130249
1465.395996
1701.120972
1243.158203
98.313477
163.986328
215.624023
-1101.907715
-267.257812
1467.293335
107.178406
-550.571777
-371.140137
549.971680
-96.547852
-962.206421
255.589020
-409.522461
-1030.572876
-175.286621
-1352.803711
-3394.526367
-955.383301
1163.593994
1534.738281
-1437.981689
-1822.526367
107.103027
240.735352
1777.279541
902.544434
-763.571899
-905.263672
-1045.640625
76.536621
805.606934
-2519.204102
-132.755859
-245.817871
347.611816
1024.471680
-100.219360
157.775116
1111.753418
-465.868042
-439.064880
186.549622
-817.763306
453.349182
1034.997803
1758.842773
-1791.980957
-6356.559082
-5137.892578
-70.035278
1945.679565
1647.325806
817.959473
-489.343262
-742.410645
-190.602539
1020.271973
-581.317017
-1526.533569
-780.087524
-938.966797
-366.278076
16.555420
-34.250977
2786.896484
4584.499023
1709.551270
652.294922
4.778320
-198.999023
-15.079102
-315.447754
-968.561035
550.308960
-64.056641
-296.521484
1589.669434
85.472412
8.639648
-0.155029
356.094238
-120.428711
-97.458862
194.165039
-146.883789
-558.390137
-278.152161
1086.939941
1077.754150
501.156738
-534.936768
-1088.264160
-245.451172
-268.919434
-404.860840
-233.864746
-511.993042
-1715.052612
-108.139282
2180.687012
1498.976318
213.690674
-1400.265625
-797.797363
-56.524521
-1656.743164
-1040.366211
-28.299194
810.491211
925.394531
4134.065430
1147.770142
998.864746
785.245117
-41.532715
-1759.171143
232.790344
1172.142212
1152.999023
1504.896240
843.694946
-693.792480
-1301.669678
-890.410889
304.808167
-106.772461
-254.869141
-1606.361328
-1596.559326
81.188721
440.560547
-96.252930
1684.785156
3254.456543
3536.243164
391.314941
-1904.116211
-1462.797852
-54.614258
265.612305
-174.928711
-96.800781
-1553.705078
-963.794922
323.442871
101.666504
-496.529785
-451.857849
-1371.698975
260.669189
1456.012695
-190.255859
-1444.915771
-537.190918
597.506592
-1386.868164
-2137.797363
316.421387
471.497009
-368.191406
-91.099609
165.771851
1174.235352
831.936890
-1386.805664
-446.321289
-1499.025879
843.504883
-374.766479
-939.729980
91.625854
-1232.786621
276.009766
-66.493652
-9.737305
-717.077637
-93.828857
-480.619141
-416.761902
716.968750
-292.491699
770.331055
175.877197
107.467041
-151.208740
163.499023
-1062.370117
-2129.701660
-1469.261230
77.214844
1073.889160
928.296387
957.319580
-152.468750
-2815.637207
-2411.649414
581.889221
374.274414
-185.738770
293.483398
722.684570
365.130859
657.211914
696.878662
653.142151
1710.607422
613.879150
-409.436035
-816.366211
-1116.004272
-150.489746
151.440918
-264.817627
1067.152832
197.165039
-308.852051
885.850830
1991.641479
1310.671631
1468.313477
-167.551025
-389.316895
2360.256592
2962.114746
895.880371
796.438660
560.293457
-1317.362671
-683.686279
575.708740
-2462.941650
-3560.522949
670.464600
3086.027344
3054.667969
523.775391
-695.102051
588.679810
-257.630493
-1392.398926
-367.992676
587.616211
-594.114258
105.366211
914.392578
188.252441
54.526855
-173.008301
-570.225098
153.766846
102.652832
252.204590
-479.196960
-703.159668
135.831055
1010.094727
-25.658691
222.617432
1365.074219
2686.818359
2987.772461
1463.768066
-1076.524536
31.381226
-68.560059
-129.348633
-594.771973
-1342.065552
-968.502930
346.261719
464.153137
81.796387
1064.208496
719.457031
1572.736816
119.921875
-2043.484863
-972.429688
-24.606934
-389.618164
1131.197266
-445.325684
502.644653
-308.716797
-1471.903809
-623.857849
-319.159912
807.158386
-112.524536
-2160.644531
-1206.068848
-1236.965820
57.168945
-984.639648
384.983887
70.506836
945.711914
1579.427734
678.368652
1137.729370
903.507812
-550.162109
556.976440
-786.890137
263.808319
1465.486816
468.332031
-470.653076
-33.070801
-847.019043
310.367188
549.349609
-340.524536
431.035645
-723.782227
-1823.959473
144.153809
83.820312
-1348.654297
-161.145508
-589.518799
303.519775
1086.942383
253.629883
-337.723145
214.965332
1109.332764
1683.658813
795.771973
-214.622070
568.129883
-354.846924
-1728.597656
-218.133789
-612.114502
1161.440430
288.881836
881.175781
-380.816406
106.896973
415.455078
172.877686
449.167114
203.672607
408.218262
679.230469
-70.531250
530.510986
226.204102
374.984863
598.409424
577.583496
738.928711
39.476318
-841.125000
860.216064
1530.559570
200.326660
180.840332
-275.448730
-229.509766
184.268555
1962.478271
2869.801758
2614.649658
188.721436
673.657227
1359.583740
1133.811157
-564.633789
-3377.208496
-1008.973877
-390.455078
-1125.426025
535.110352
-2370.128906
-5110.748535
-1126.696289
4422.179688
9801.336914
7598.559570
109.394775
-495.633057
686.283020
118.475464
69.064392
746.563843
625.095886
1326.240845
-668.997803
-1317.321655
174.353516
-931.931641
-242.149902
-323.892822
-1755.256348
352.002197
186.413086
-646.304688
722.235596
723.602539
675.143799
330.374908
-408.899658
-509.443115
-436.900085
647.933594
1116.690430
1351.428711
651.705078
236.645020
-742.007568
22.912079
1156.559448
-137.584473
-566.615723
1073.917969
-239.288208
245.528442
2166.698242
727.863281
285.688477
407.818848
73.204102
-10.691406
-1187.854248
-794.605957
-738.603516
-1903.693359
60.374023
418.336365
1117.110229
-1363.651367
-2730.668945
649.263672
-1179.553711
-470.092529
-1127.995239
-2193.209473
-1676.949219
-796.874023
1173.193359
234.261719
-237.795410
-4.101318
-300.748047
-3781.619141
-2442.625488
393.324707
123.588623
-154.665283
-261.630127
-91.633789
-297.613281
1445.253906
261.873047
-318.907227
437.120514
-393.953369
-387.055664
663.779419
2335.686035
2027.086914
11.024414
-844.929810
266.658691
596.528809
-565.034180
-703.534668
-386.082764
-4.970947
178.164673
-170.245850
-564.760742
-294.939453
-1122.956055
1000.065430
3549.184570
797.229492
613.918945
1389.673828
-53.705566
783.587402
3178.695801
1295.198242
-1.665527
911.555664
-129.835938
-781.437012
-111.524536
-257.987061
-175.300171
325.957581
557.562012
1642.166992
557.622559
-145.013672
-1721.656250
582.255371
409.874512
-200.628952
-1158.467773
-607.465820
-1094.211914
-2714.008545
-2976.401123
-864.136719
271.251953
474.679932
3125.953125
1710.323242
-399.028076
380.867432
614.278809
869.912598
-371.050293
-2553.976807
-467.230743
-765.816406
-1458.675293
176.816406
-85.110352
1979.096680
818.676758
-293.951904
1136.911499
473.395752
-1113.591309
-3.304443
-823.676758
-175.756348
559.910889
-39.542358
125.207764
1048.467773
1493.576172
657.703613
-16.930176
488.652466
1181.670654
344.876953
66.615875
-989.169189
-653.855225
-227.133057
390.652832
259.346191
-271.880737
-548.339111
17.024902
1075.566895
679.762207
909.093018
765.156555
787.518066
575.923584
-2.724121
-868.400391
-157.373199
466.969299
-872.999268
-440.077148
890.974976
-514.994629
-931.287476
-1020.410522
487.032959
814.181396
-1533.350708
-414.772217
407.123779
-143.041504
1125.885254
693.078613
-11.255859
-2203.755859
-1103.226562
-975.540527
514.143066
327.056152
-816.645264
-231.180176
1099.023438
-307.208008
769.485352
1191.485352
-987.821472
-838.051758
558.280273
-772.885986
-259.074219
726.608887
746.855469
76.392090
-748.992676
23.412109
276.170532
110.270996
592.078125
-441.612793
-486.828125
-85.757812
677.306152
731.142151
1122.320557
-491.408203
-2591.296875
-3163.455078
-1445.861328
-340.024414
-481.761719
-198.659180
127.641113
-1545.442383
-1207.778320
-204.724609
996.235596
3983.184570
730.501099
-747.077393
-1996.516602
-2786.824707
-861.591797
1398.895508
400.003662
534.322510
-14.534424
413.166077
2167.650879
2575.722168
577.137207
11.919922
792.768555
89.189941
41.592773
-295.954102
-541.598389
-701.916138
442.792847
1464.407715
-170.493652
-965.383545
-565.899536
-142.935059
1278.949707
1591.825195
-14.110840
-39.137207
311.525391
24.440674
840.278076
981.893066
537.174316
-31.422363
215.374664
-89.255859
-1823.342773
-1367.507446
-556.174072
354.974609
99.407959
383.508301
202.522461
-816.586914
897.184570
211.158508
225.132263
733.431152
-315.309082
-661.770996
-434.454712
-531.188965
-692.998047
749.973633
2907.280273
1880.905273
-1309.891357
-276.176941
-941.510010
557.707031
2311.544434
585.255005
200.423828
-66.990234
1587.409180
770.497559
-1212.592896
-345.164062
-533.963135
165.682129
-456.711426
-389.165527
-315.896973
-198.735352
-161.054932
-220.749634
-1270.378784
53.608154
1035.743408
-654.492249
-262.380859
409.320312
102.824738
-1109.674316
-201.984863
-895.226318
1292.698120
-439.779480
-2447.236816
-2035.760254
1061.116211
778.905273
-801.014648
-1235.833984
61.874023
-676.528320
-217.125977
-413.104370
-175.681152
1625.926025
-500.877075
-650.198730
35.798950
-623.997070
-852.397705
474.668701
593.786621
-901.669067
-853.904175
-234.022461
-493.710938
-1538.290039
-78.535156
253.100708
174.942871
1364.774902
800.474609
-985.701660
-2877.866943
-2356.068115
407.410889
-36.661682
-769.167480
12.126953
-50.511475
234.154785
144.852539
449.633301
-1321.857788
-689.394043
836.385254
105.315430
1459.725952
1169.379150
253.577637
-104.113281
1022.433838
2662.127441
1429.554932
233.525879
227.170410
476.407227
318.471680
362.224609
-147.536133
-4458.770508
-9255.097656
-5148.314453
999.576660
1458.444336
804.549072
-886.161804
-878.825439
974.733398
-350.908447
-602.317871
-172.505920
800.879028
708.899170
-394.361328
516.041016
715.773071
-1415.774536
-599.045532
140.615479
590.173828
1634.543945
3400.068848
3591.560059
1554.053223
-507.000000
-412.989258
-1071.057617
-1319.085205
1177.888062
1813.923706
1631.926392
1395.960449
1010.202148
-245.110107
-832.690674
-467.914551
-1231.804443
-1613.035767
-686.022705
-71.275391
215.808594
235.374268
-1014.362427
-1293.994751
550.129395
-0.831055
-306.615967
251.892639
-839.761169
-1463.697632
-369.508911
-480.441223
-1501.214478
1864.684692
3368.330811
284.042969
-1179.489258
-2817.818359
-892.819336
341.864441
931.948730
1159.664062
-270.547852
-677.315796
1238.611450
2061.293701
1192.837402
-118.120117
-382.231934
213.067383
-22.744141
-444.114258
-1694.009766
-1168.358398
1395.693359
855.663086
1978.008301
-39.327515
-426.967041
667.180664
1352.142212
930.429199
797.414062
1619.199707
1163.848145
-214.091858
-1753.967407
-1085.814209
-438.972168
369.878906
163.285645
-119.967773
-1139.154419
-1230.531738
-1089.683105
-696.611816
-3190.605225
-5758.119629
-3612.300293
-71.852905
1612.756104
-1507.779541
-227.162598
88.794189
-349.488281
2761.949707
4830.712402
2332.785645
-96.874023
49.592773
-76.601562
-243.838867
308.267578
195.886230
1091.763428
475.437500
-240.303223
255.376465
269.142151
608.463867
166.876465
-81.733887
-723.131104
-449.322754
714.754395
-148.336670
-766.583679
18.783447
522.678711
659.013184
1182.429688
1222.976562
100.935059
2.054199
-886.064941
-782.183838
-904.309814
134.412109
901.462402
892.666016
184.142166
-3337.191650
-3836.143066
-203.926544
1701.097168
2560.368164
2339.239746
261.683105
-14.972412
-391.052734
-957.445557
-1075.172852
-423.243164
997.289551
571.925659
1962.828613
3421.642578
6080.800781
1935.210938
534.729492
169.956543
231.192871
1166.342773
-390.481934
765.261719
-1926.107422
-841.217773
1248.287354
848.314941
356.114746
-709.137329
-950.769043
-185.083984
-309.744873
834.466797
1296.830688
4.703369
320.180176
-566.706055
-1407.834961
12.111328
773.943848
629.872559
717.381836
609.739258
-561.265625
-532.198730
-41.970703
550.244324
1034.281982
359.360107
-112.454834
472.030273
-53.666992
-691.548096
-403.746582
110.608398
750.112061
1111.085815
348.728516
-1068.136719
809.952148
3000.924805
27.142166
-864.704102
1246.088989
29.130859
637.203613
1231.106934
363.289551
-855.817139
-1739.215820
68.798950
-26.850098
298.559570
713.332520
-129.794189
800.125977
-426.052734
-590.549805
565.989746
-378.176270
-352.160522
282.281738
414.198242
1362.075684
2902.675781
1151.280273
176.904785
-410.479004
445.394836
1057.810059
780.616211
-2355.529297
-2956.484619
646.631104
-290.657227
-1131.127441
964.820801
1424.683105
1058.578857
894.845215
-241.340820
-267.108398
-1591.771484
-1741.327148
806.743164
614.909668
-235.934570
-1018.797363
-968.934570
-482.008057
-847.752441
250.161621
-787.288574
-986.592285
991.866211
749.983398
796.354492
822.110596
-1171.151855
216.815186
-1127.667969
-1327.789307
-317.019531
-1097.223633
-1474.362305
548.896240
1117.149414
1564.241211
-1398.095459
-2868.902344
-882.031433
618.186890
1789.233643
1092.138672
171.596680
-346.216797
-266.180664
-571.953369
1161.519043
867.604980
2359.360107
4457.684570
3234.507324
670.779785
-1439.203125
-1514.326172
-27.985352
1133.820801
2539.524414
2798.651855
481.413574
-860.829590
-478.029785
-114.595215
191.555176
-1281.886719
-1890.778076
-1159.567139
312.739258
2018.289062
1081.018799
-887.877441
1079.957520
597.196899
1158.785156
308.813721
-1512.411865
-837.486084
296.231445
204.205078
-2391.317383
-150.885284
347.787109
979.877930
174.332520
-640.967163
-2246.205078
5194.739258
-3195.082031
-648.688477
1000.558716
304.230469
-284.133789
238.795410
-223.550049
723.053223
1044.018799
-116.200684
792.615234
1118.846680
1397.407227
624.193359
-1235.911621
-1208.703247
-46.351074
445.302734
1205.663574
-1066.937744
-3993.981201
-373.300659
161.431091
1361.856201
1932.055176
-1402.922607
-262.525879
1003.869141
377.475464
-467.399414
-657.526367
-624.297119
-2150.524414
-742.469727
212.885254
-1029.534180
-263.787842
990.066406
733.217285
560.121338
-246.859207
87.844604
567.603516
199.771973
1831.555176
-867.229004
-1094.935059
-1264.141602
-108.939941
436.526733
143.183594
984.750000
1634.382324
10.808289
-233.859131
905.106934
248.758789
-425.235352
1396.351685
4180.085938
2317.146240
-415.254395
-728.145081
111.810547
2191.959961
1390.330566
-767.644043
-205.803711
541.156250
-257.969727
1072.258911
1131.887207
445.918701
415.359619
-805.468018
-476.764160
79.272514
1072.332031
768.279297
31.960083
3548.796387
2620.336914
1993.857422
-2461.837891
-5679.289062
-2990.614014
984.051514
-62.928467
-619.024170
-9.478516
-1792.167114
-679.895020
258.612793
760.326416
917.626953
678.173096
-193.555786
-299.933594
-362.855469
-564.578125
-730.536621
-364.111572
-1030.870483
122.447021
969.782959
474.245605
-422.284424
-1849.527344
-905.116943
158.145599
613.354980
344.652954
2236.438232
3422.908691
759.648438
-1462.776855
-1405.637695
-222.304565
-221.347900
-655.484863
-24.984375
-195.889160
-1217.774414
-1298.499634
-694.884521
-1340.328857
-3226.773438
-1988.623779
805.291992
-5.511719
86.204346
422.142822
-1347.283203
72.049072
-4419.689941
-6558.923340
-894.077393
1037.633789
3597.316406
2891.930664
-698.896240
1401.065796
330.973877
418.820374
2562.403076
290.978027
57.566895
518.541992
2922.032471
5947.484375
3201.267578
219.993164
339.969727
19.435699
1875.014893
4395.483398
1918.980591
417.828125
90.308105
-193.151123
870.601929
234.501709
-257.149200
883.905212
-1207.473877
-2491.429199
-1258.861816
345.192627
1186.987793
1384.268188
680.872559
614.992554
287.035034
-152.308105
138.187256
133.657227
-74.213379
2049.543457
1200.737793
7.055176
-1050.588623
-2822.187500
-552.691895
786.993652
-806.330811
-1467.832520
-1358.077881
-1515.974487
-1429.723145
-237.073730
-387.665039
16.174805
-138.340088
-734.797607
2145.652100
1243.209839
-1362.868774
-347.804443
435.891602
-199.548828
272.638672
393.849854
59.156860
643.537415
1511.246704
247.822021
-2843.554199
-2270.903564
11.473267
1398.324707
4422.196289
1894.743164
-539.750244
-1073.138428
-1468.853271
-1117.231445
12.233887
-436.606445
239.324219
1030.301758
1508.644531
1239.003662
-74.110352
390.917969
-1110.666016
594.180664
615.050781
-365.525635
333.966309
274.365234
-425.846191
-251.800293
-498.048828
639.775391
2139.737793
1473.551758
1223.885742
437.924316
268.931030
-610.461548
-86.132996
-1552.066528
-1725.922241
1450.475464
-95.422363
-642.109863
849.896240
-252.688599
-244.232697
-6.686768
1409.159912
4058.192871
2219.246826
-823.397583
-476.712402
322.661133
-817.121094
-502.541443
233.475464
-845.907959
803.596680
1999.099854
-45.256836
865.332703
1571.739502
198.048828
982.584961
-745.260986
-1491.214600
-2333.363281
-4433.265625
-1171.067871
240.475464
-112.069336
1799.304321
1350.275635
2770.217773
916.920898
-607.840027
257.541748
-1359.169678
-1594.605103
701.005554
-374.439209
-261.100586
1391.530273
882.860352
129.485352
1232.640381
1112.905029
434.902832
378.353516
11.292480
-1.730469
-815.655273
-1147.053955
-1608.479004
-860.322266
-1057.696289
-477.988770
-175.162842
310.735840
779.512939
89.273682
19.640625
566.988525
-989.917114
-396.328369
11.969238
-619.962891
-646.562988
-1596.916016
240.323914
1045.454590
587.626709
620.421387
-2745.577148
-2395.097412
866.838623
2193.717773
6782.453613
6409.953125
2252.462891
1293.950195
1302.611328
383.737305
-550.503906
-715.725098
-1028.627441
-958.362305
-750.718750
824.955566
1317.817627
1164.399170
202.187988
619.613770
1338.247070
807.295532
-87.652832
-529.833008
-3220.409180
-5358.015625
-2176.869141
444.580566
-695.365967
24.048828
920.775635
974.476929
628.397461
29.497650
2843.082031
166.387939
909.645020
-1225.296997
-855.477051
-1952.515625
-509.522919
-481.883301
851.025635
218.406250
-778.029297
-1089.700439
34.416260
4459.480469
3340.360352
642.836914
489.952637
-872.702271
-182.526611
-344.653809
-2626.242676
159.051758
2659.767578
1300.502441
937.484314
-582.308105
-230.122559
1247.856689
1280.323853
804.147949
2026.124023
784.866211
-317.676758
-240.148285
1477.043457
1635.412842
-1225.322998
-501.492004
-3094.386963
-5691.665527
-2111.077637
334.998047
272.480957
-93.302246
79.461426
-494.896729
-822.884766
-1062.108154
-628.113525
-1161.296387
-844.524536
-691.068604
445.184082
2712.414307
3281.769531
-203.396973
-412.564819
-267.884033
-239.906494
3009.559082
3621.888672
1921.174805
-2331.571533
-4413.859863
-1083.704590
2289.832031
5155.905273
2600.195801
-735.459351
379.622559
-71.715332
53.756348
408.255493
184.329102
-1348.348633
1519.153809
1862.150391
212.333252
-472.395020
-3198.500977
-1094.345459
-1005.260742
-973.396484
-316.432617
198.242310
-431.773438
-806.488281
465.721680
-375.585938
-1417.365723
-808.956787
-74.869385
360.203369
-186.258545
-840.817627
32.740356
-1116.329102
-1651.165039
-135.529297
-228.786621
-329.249023
-36.826172
-70.580566
863.254150
899.755249
266.751221
549.589355
-1770.317627
-552.790283
129.866211
-649.405762
1304.029907
130.806152
251.883789
-549.321045
-366.442383
734.677490
-1584.524536
-2373.715088
78.577637
170.864746
-531.201904
-531.791260
819.565857
541.779663
1213.411133
570.133545
-649.994873
-220.707520
4533.115723
4811.292969
2240.692383
431.440491
-829.422241
472.708008
1610.234375
2444.515625
2308.251465
-246.526367
-25.851074
-27.769043
1787.118164
2142.851562
760.103516
205.276855
1445.704468
952.486572
447.213379
465.522034
-174.973785
-218.857834
63.406006
623.520508
478.708008
-1222.913086
-325.807373
-27.829590
1479.498047
2627.685547
215.809570
428.399567
-112.264648
-1189.195557
-129.204346
898.440918
1440.713989
710.548218
-307.640137
-667.756836
199.342041
-566.752441
-2076.918945
-911.122681
1084.776855
868.343750
-505.077148
-478.857849
-602.857849
380.248291
-272.759766
668.662231
1189.405518
1226.649414
1063.056885
647.856445
286.648804
171.147217
-422.583984
-955.223389
495.765259
1777.398804
-233.049316
265.855957
-253.714844
-596.477112
267.734375
-290.459473
497.616699
1354.889160
77.845703
-234.562012
-630.241211
15.139648
-760.759155
-1133.397949
170.624023
-143.340820
-734.786011
-984.200500
-967.158447
-1036.617676
-628.327393
-1318.379761
-1199.798340
266.748047
1062.487061
649.058594
662.159668
1375.034180
1853.760132
195.822266
-864.916992
-795.359131
-742.173828
639.632324
329.747070
-671.760742
-637.805664
-64.178711
855.514160
-1245.102295
-234.503052
-2182.659424
-6294.978027
-3210.680664
866.170410
4155.939941
4471.017090
93.782715
-578.477539
-821.257812
-1137.361328
-279.725586
-205.080078
-1221.599609
-2199.273926
-990.333740
337.712402
563.646484
1335.307617
2366.195312
2400.855225
-304.262817
945.353394
702.495056
18.361328
-271.672852
315.289795
132.324951
-224.809235
1403.141846
243.922119
-481.543457
-83.120605
507.304688
453.368652
300.373779
599.339844
1305.037842
1487.124512
1356.651611
967.577637
141.836426
1016.393066
1126.881836
-1010.543945
-624.204102
708.195557
1541.601562
378.995361
618.305176
225.630859
-639.580078
-738.238037
-608.670166
736.559326
1747.622314
1516.677612
1074.482910
1781.945312
286.828125
-197.892578
445.660522
-318.559570
-535.001953
1767.890137
616.020996
-867.515381
-221.515228
1005.943848
582.783691
-389.945801
-414.029663
265.678040
-513.502930
313.189453
1543.728882
139.533691
178.343872
762.484619
-27.668457
388.262207
1368.702515
-359.166016
-424.729980
-1593.301025
-202.209473
54.187012
-1876.400879
114.688965
529.731567
3316.683838
1970.362305
221.609375
1010.518555
-3287.247314
-1318.645020
-17.840820
-777.663086
-207.176758
-803.181702
-150.542480
945.016846
414.067688
487.436310
753.328979
-90.882324
-894.262451
-34.563538
1014.998047
689.135742
2278.517578
3509.103516
3393.097168
1332.276123
-817.764526
-47.385376
1000.120605
556.086426
-839.363281
-890.997070
819.885010
1590.198242
1355.517090
955.516357
803.583496
972.337158
1407.857666
1383.756592
1165.968018
254.014648
-374.905273
-268.298340
-563.933594
-791.508789
510.781250
647.359375
-495.997559
-18.507812
-240.848633
-605.581055
-767.202148
1236.825806
438.039673
-305.349487
-335.413086
-554.065430
-1372.767578
518.297119
-622.703125
-292.693848
-336.428833
-507.391602
96.019531
586.431641
394.866821
-646.441895
-92.385254
306.300049
1011.847046
405.793213
-736.528442
-1395.160522
-85.825928
-354.400635
-881.865967
-390.056641
-369.258057
-413.760254
768.712402
249.296875
-1023.024902
557.262939
-964.724854
-336.967346
659.601562
-8.234863
-750.911377
-1486.822266
-657.488281
-1106.751831
-167.601318
673.125427
409.388672
1775.773438
1147.515015
-654.786621
-898.257324
-1022.660645
1074.601074
1069.875488
-648.801880
121.943359
-855.424316
356.669434
480.396729
-861.379639
104.664551
-328.699707
-1182.566406
-311.299805
946.300537
494.450684
-306.549316
-1070.287842
-494.808105
529.435547
-91.199051
-325.643616
170.496094
1312.953125
1907.154297
2452.425781
1493.545654
74.088867
183.475464
361.458984
-175.519043
-409.570801
16.061768
478.050781
353.282715
362.318848
675.116211
396.862030
-2382.071289
-2397.097168
-53.242676
898.737793
-1048.228271
-634.779846
910.239746
-704.071777
1442.974609
578.580078
926.020508
98.563187
1100.660156
124.305664
78.954346
-164.426758
300.669434
-248.191162
972.925537
6050.747070
3912.483887
-134.197998
-574.058594
1072.144531
1763.620605
1339.273438
-1202.286621
-1849.448242
-1208.862305
499.801758
485.873047
-509.857849
405.867676
-391.336670
370.106934
-429.279297
-105.744385
-285.092773
-47.490723
256.729492
1102.188965
1020.088013
297.062500
83.322266
-476.478271
-530.770996
-568.359863
-605.234375
-135.565796
273.318726
-746.451904
-662.289551
-1224.815796
944.625610
529.087524
-938.799194
548.041504
41.875000
-4482.153320
-772.940674
-510.070801
-642.681152
122.888184
1193.912109
-66.405762
-172.308350
1316.695312
-740.369141
-583.587158
271.360352
1029.768066
412.679443
622.190430
-574.201172
256.019043
1563.094971
1319.035156
432.597900
-1086.724121
-59.867310
-615.058105
-219.986816
159.905029
-151.359375
-1441.958008
-23.177780
-527.837646
-2747.025879
-20.088646
1678.758545
-369.274780
61.652344
-1716.387207
-4750.682129
-5273.798340
-3580.363281
-3635.342773
-4970.104004
-3468.174316
-489.649292
-57.238281
921.847656
1916.827148
-156.688477
424.141602
648.429199
-444.161987
98.783691
1003.903809
383.874512
-474.336426
-874.302979
162.823730
-2713.544922
-2000.444580
317.178955
423.077148
265.319336
417.035645
257.898438
734.879395
535.666504
194.460938
-405.765137
504.633789
-453.458984
-280.160156
-89.653809
-366.635986
6.186035
155.836914
898.461914
2412.967773
3516.796387
1973.194824
-652.770020
-1604.530518
-5.538574
2666.438232
1480.036011
176.865479
-1309.059570
-3969.510010
-1134.906494
473.633667
66.895508
1817.111328
627.759277
-72.128540
-280.460938
1747.779297
100.388916
-1161.370117
-236.022949
-1726.768433
-329.202637
-56.505859
326.377441
1243.185547
-317.842285
725.274414
2547.754883
663.363770
770.610352
304.988281
-498.765625
1630.962891
-169.502258
434.310547
-178.753906
-367.654297
350.337402
2299.024414
1304.264160
-1386.953735
1244.781250
1470.127930
-1371.967407
-1741.781250
722.943359
277.190430
1955.670898
965.006836
-135.368164
-118.364258
-222.677246
283.321777
119.701294
-534.929688
-1415.122437
726.920654
1032.644531
-104.166504
-30.604492
110.547119
-349.368164
2975.129883
455.170044
-492.478760
-235.046387
-2144.918213
-2804.833496
-475.857849
-582.786133
1227.594727
933.214844
-264.900879
-470.585449
-2532.548828
-973.253906
1036.692871
-694.597412
703.706055
925.064880
-1351.492432
-824.953247
-517.726624
169.832886
2159.323242
2512.070801
881.437500
1771.210938
1967.505615
455.571716
-367.098633
-279.746094
-141.884766
-600.695312
126.386230
548.463562
1012.068359
-379.350098
147.215820
-1168.870850
-143.479980
18.261719
-1680.127930
-1186.510986
-1400.488892
-97.241333
1476.289307
341.385986
225.772339
134.448486
-434.707764
664.739502
1194.648438
603.340820
-71.297729
893.386719
-32.232422
1525.927734
3589.293457
353.213257
-1174.896729
1363.416504
1862.410156
3588.472656
2645.807617
-690.375000
-577.819824
107.921387
14.776367
1321.235107
709.417969
-502.129639
-531.041748
-1035.489014
-631.890869
855.609375
-2677.996094
-3387.856445
451.226318
828.278320
781.797363
1160.311768
109.701172
863.533691
-699.510498
-960.946533
586.041504
-148.250000
51.078125
685.558350
-1421.469238
-2243.649414
1939.300781
799.930176
-592.979492
472.890625
116.906738
-1596.171387
-81.366699
2380.905762
1450.797852
-23.052246
487.919067
1106.719238
1420.510742
1093.691040
-118.978516
-1388.278320
-311.017822
-288.707031
1604.595703
1257.875000
30.905273
-174.104492
-837.356445
1033.876099
3417.272461
1736.437012
-805.341309
1524.973633
2066.857422
1077.670410
-757.711914
-2675.295410
-3558.374023
0.419922
1722.166992
793.149414
477.307709
-621.913574
1218.406250
2491.636719
1335.017578
1205.618164
380.475586
-581.291016
-1709.440430
-1597.047363
-815.524536
783.998047
1781.200195
-424.619141
-724.351562
179.682861
-1135.908691
-389.075684
-1783.057129
-3753.742432
-779.839355
1109.292847
461.319336
1135.896484
-2223.518066
-4111.823242
-635.361328
1951.737305
1647.760254
-622.341797
-322.797852
166.826416
-1066.634766
-437.503784
757.478516
-3876.935547
-7003.871094
-3981.456543
-1859.018799
-1190.533691
-2342.927246
-2983.378418
-1389.163086
531.446777
120.206787
288.546265
608.713623
2601.277344
-330.444946
209.528687
-127.722900
-192.530273
126.637939
512.972412
-666.880615
-49.388916
455.586914
-288.829102
-381.828613
241.172974
1109.589355
-794.723145
-1014.639160
-1801.636719
-1679.235352
-575.316406
-170.921387
-203.463867
-1050.957520
246.212219
574.649658
113.804932
-1055.709473
-3080.113037
-1305.591797
1513.325195
1694.116943
1967.629883
-1496.632324
-7387.806152
-6816.096680
-1397.621094
800.221191
-61.516602
510.058594
110.869873
693.772949
1740.132568
1588.451904
1860.169067
-1.347046
-681.479187
2934.156738
2408.610352
493.670898
68.858398
889.773682
523.165527
251.660645
911.012207
825.254395
-200.375977
-903.145508
-979.763428
-136.857422
1682.585449
1948.632324
-821.343567
-665.664307
889.373535
735.749756
1562.902832
3618.126465
1711.232788
-1298.053467
-93.039673
-835.327148
-1235.782227
125.407227
-1018.160950
-1498.324951
1235.937988
618.922852
-335.403809
-91.303589
109.398438
251.615723
-171.916870
537.545654
-306.174500
-901.467529
1578.306396
4141.727539
2039.702637
224.463867
-706.980103
855.755371
1160.086914
1256.068359
322.551758
428.291016
545.852295
759.675537
39.925781
-1241.516113
-890.266357
198.348633
-175.095215
-446.016602
-1958.205566
-1430.541992
838.142151
532.736328
2429.571777
4039.727539
3146.516602
1750.030396
-144.862305
-526.511230
-473.463379
-1007.037170
517.053223
893.574219
-290.854980
514.915894
610.044678
308.920654
708.451660
-615.021484
-800.789062
-288.414795
-1134.791016
-15.839233
557.797974
-882.096619
-868.915771
108.238770
-667.106323
-852.428467
950.732544
3627.699463
4771.570801
1581.215332
201.229492
225.738770
-2518.123047
-1725.772461
612.453613
684.495605
-62.025391
39.266602
-160.868652
-1035.367432
-1109.649048
-584.425049
204.858521
-410.063965
136.897461
-1278.260742
-2448.737793
-264.989441
902.993408
967.406738
-739.672363
102.502441
639.843384
936.063477
628.802246
561.559082
528.273438
46.517578
-219.376953
384.106445
-1054.220703
-599.705566
540.503906
949.087402
1430.334473
2182.841309
-494.501465
871.746094
414.604736
2114.872559
3842.511230
3109.190918
1395.995605
1457.791992
1134.089844
257.705811
-809.577637
-34.921387
-693.772461
-1445.813965
95.079102
-388.631104
71.627930
-401.819336
692.201172
5638.981445
6941.219727
511.257324
-1479.702393
-2592.820801
-1634.961304
635.188782
-212.260010
-978.775879
-668.510742
-1081.122314
-230.870850
-397.884521
670.182373
-267.530518
-983.972412
571.133179
729.114258
169.901855
-602.099731
72.133301
814.188965
355.738770
-244.582031
-143.701172
-1361.230225
-2177.545654
-858.732056
483.307648
608.549988
287.471985
906.520508
-317.955536
-1243.586304
616.554932
432.088379
617.898438
600.259766
-790.240356
-128.762695
1654.689453
2063.475586
481.531250
225.265137
891.227051
-9.463379
104.430420
277.839355
-336.329834
-1435.784790
-292.962402
-33.108887
-579.076660
-595.237671
-801.695496
-248.299072
266.729492
465.773193
986.735107
-428.990234
-642.413086
72.416992
-513.815186
-519.304688
466.686523
-193.799805
1119.379883
-208.410156
-648.958008
-85.314941
-649.893311
-660.490295
-387.145691
28.365906
1540.454956
697.862549
1167.697388
1212.665039
15.041992
-1175.444336
-1375.727051
-2194.774414
-1919.017578
-1108.989258
-2740.721191
-515.756836
996.485107
-304.322754
-1089.467285
129.878906
2207.950684
1958.335205
1093.395752
320.728027
-760.961914
-1053.412598
677.288696
653.641602
850.895996
446.446625
-1676.025391
-607.169922
-322.426758
-909.348145
37.225586
-477.795898
111.002960
935.471680
198.458740
437.759277
-62.697266
-191.591309
-1039.006226
-1174.170166
517.326416
1029.898193
282.413574
738.296875
456.975098
-206.003906
11.080811
1359.732422
310.869629
1661.763428
983.712891
-449.094727
-964.849121
-1105.491089
-185.524536
759.589844
-1639.154297
-3558.478027
-952.931641
2847.628906
685.104004
365.037170
877.671875
-567.701172
-1612.363525
761.270996
-294.951904
-1499.390503
-213.648926
383.992188
-287.214233
-1343.406006
-706.440674
167.146362
-134.718018
1758.519043
3382.910156
2005.949463
-23.245361
494.718262
-2212.839600
-2403.754395
-272.090820
1051.979492
1235.855469
39.159180
-129.561401
-1330.957397
-330.927002
475.385864
575.498047
1265.730957
151.171021
-1656.116333
-446.332520
388.107422
876.781250
-73.666992
-234.159180
-119.885010
339.244629
14.361816
-506.437988
-178.101562
-287.781250
996.078125
665.367188
-664.765625
-217.580566
-1817.807373
-1159.063232
731.428345
-1077.312500
-2845.807617
843.884766
537.115234
-118.827637
1113.524902
559.641602
150.786133
-1257.167236
549.779175
1846.216431
2095.575928
169.580795
-1075.916504
-1034.982910
-210.008789
1538.965820
639.270508
-1448.575317
-531.127930
420.703125
434.126709
571.745117
613.575195
-659.477661
-772.134766
-8.225098
-639.221191
-41.261719
-89.354736
-1112.543091
-1739.869141
-1153.574463
-1401.719604
-25.777283
1498.379517
296.981689
331.181641
729.213379
-126.224121
-633.078613
212.765015
578.009033
497.535645
1257.685547
480.049316
709.593811
-1427.705078
685.746094
9.343750
-906.229370
218.849609
1140.807617
-193.613281
1328.528320
1315.844727
-964.699707
83.142174
762.099976
-4.116211
841.209961
-126.751953
-1021.250488
691.254150
1577.154297
2785.577637
683.133972
-453.270264
1602.563721
24.670166
-1025.096924
117.729004
-230.690918
-852.789062
-1819.076172
-1197.429688
-109.985840
87.046387
-604.707031
1107.512695
-648.774902
-1343.318726
-1023.997925
-271.466919
-1121.216553
1388.637451
3628.474121
2095.493652
321.406250
-347.573242
-277.112305
32.412842
210.383301
805.971680
242.670898
-942.614258
-514.809570
562.236572
-371.093750
1475.500488
-629.744629
-750.770630
-191.811035
785.319336
2462.860352
1402.973633
-1543.524414
-151.707520
67.419922
-772.198242
-1060.786133
-173.183105
-1443.673828
-4171.069336
-645.116455
1980.109375
93.661133
757.631836
-2561.338379
-5739.216309
-3598.494141
-780.385742
-438.895020
-181.862305
-403.726074
486.101746
1258.377808
882.620422
689.099243
-881.540283
-1461.618408
-731.520020
-281.092773
454.488159
3411.028809
3376.349121
2354.054688
313.229492
-300.628906
-1463.217773
-1181.008301
595.469238
269.135742
-228.541504
-146.757812
201.604004
-147.741211
-1060.250488
-4763.249023
-120.126953
499.418945
778.107727
-497.051270
-941.801758
-657.184570
-462.887451
-604.756348
569.192627
-189.868652
53.306152
894.645081
-964.545166
-1413.297607
2442.814941
219.620605
80.222900
257.605713
1244.906250
-337.883972
-1491.164062
-516.653320
766.912109
2634.396484
3255.730957
2173.561768
630.444519
-1022.838867
-1139.372803
-1032.009277
237.826294
609.836914
481.901855
697.813477
1075.324463
468.333252
519.615234
-227.902832
570.310791
2426.789551
717.300537
-668.921387
-832.094482
-626.863220
889.858643
-650.217773
66.100891
1527.038818
394.425293
-754.057617
549.721680
-585.760742
232.705078
1447.946533
-94.740845
-746.633484
852.143066
194.936035
486.538940
673.589600
51.781738
840.867188
1371.326782
432.547424
-22.285156
561.322754
1047.758301
168.775879
908.149292
793.401123
-309.640137
86.308594
773.454407
835.269043
537.369629
593.300293
2315.414062
-93.612305
-697.545654
397.528320
409.159180
21.144531
-738.172119
-569.094482
-513.602051
-1239.811035
119.004150
-97.645020
-736.730896
128.762756
362.803772
-64.033936
849.235840
-82.945801
-2414.276855
329.840820
1130.053223
86.934814
-397.470215
-2640.973145
-2903.161133
834.639648
566.400391
535.827148
-48.476074
-114.048584
532.349365
1517.473145
257.803223
-945.255127
-1504.338379
-1833.756348
-995.343262
1743.918701
683.859253
1205.602295
831.207764
429.771973
563.641968
-143.894531
-1146.596191
-1301.484863
-870.857849
652.747559
279.971924
59.663574
621.933350
1080.393311
748.144043
-92.699219
1395.384766
2182.885742
-175.889832
-629.895508
-261.389648
-662.528809
226.504150
71.196045
1433.290161
5.731979
-849.151001
-79.810913
325.411133
-383.420898
467.124023
-85.553894
-1039.565430
-978.823730
652.647705
85.809326
-472.057129
-595.242188
-837.569580
310.329468
1896.919556
1976.913696
573.395264
800.598145
1314.810547
-194.482422
-463.894043
597.806335
972.062500
380.167236
-618.395874
-235.978027
-342.699219
-281.953369
1159.619141
978.254883
-285.962646
-854.272339
239.307129
198.139648
489.645508
1020.166504
837.525391
-440.522461
-877.044434
-258.089355
-140.533936
-394.923828
-67.737305
39.677734
36.879395
-828.643188
2694.743164
5919.422363
1857.433594
-156.286865
1034.738037
-11.046387
-135.750244
498.090759
-552.355469
-610.272461
180.443359
-1062.689697
-1042.012817
-1032.263184
-2392.558594
-1792.213867
-5.957031
-1683.271484
-1527.657104
396.610352
-642.072266
473.719727
1388.845459
-1014.810547
-393.940430
-1450.328125
793.804199
710.550293
60.169434
-148.648682
-787.509216
1627.830566
1170.287109
-426.909180
1620.333984
310.919678
-998.328125
-2787.514160
-2975.039307
859.920898
-3011.680664
149.318359
1009.581055
1934.786133
-314.802734
-718.072510
-891.711304
-20.828369
178.636719
3441.685059
4675.692383
-1119.121338
-1373.155762
-2677.637695
-1820.778809
661.389160
2643.678955
3832.043213
221.955811
-1153.720947
1635.779053
1286.857178
-680.617859
312.655518
520.557617
-403.821411
676.539307
927.610352
2132.923828
4955.436523
2112.713379
1696.475464
-272.523193
-2803.844727
-560.524475
380.458740
-1101.741211
900.035156
1578.195435
1216.129150
77.019043
155.854492
466.740234
81.021545
935.597656
970.599121
259.218567
433.088379
-1353.473145
-1590.450195
631.037598
1000.248535
3697.210938
5671.597656
1333.792969
-482.259766
390.490723
925.433105
90.523438
276.327393
108.721680
-499.917969
-2704.425781
-812.402039
882.620605
1102.344849
118.468506
223.385742
855.256226
68.603027
412.060059
-718.032471
-251.774414
707.185059
-995.029419
-674.485107
1257.852539
729.405273
-544.636475
135.103516
2520.335938
4046.249023
3682.763672
2316.402344
2228.355957
844.537720
106.719727
1522.151855
2167.100098
359.983643
-262.716797
-59.083984
-1060.162109
-373.687622
118.666260
162.925781
-1217.053711
-1281.654297
-1591.759644
2963.876465
-369.793945
845.726074
1353.565430
-768.054688
720.065430
2770.609863
1920.305664
875.565430
268.915405
872.630371
-729.432983
-4.398193
-5.881348
-782.975098
-580.111206
522.035156
538.298828
415.798828
272.918945
474.204895
-613.566162
-548.466431
-791.268555
-195.464233
-430.383301
-238.004883
-189.326172
-392.154785
-981.437500
-3074.899902
-4277.198242
-1270.002930
-532.141602
703.374268
1578.605713
-121.734375
90.254883
740.927246
329.754395
910.969482
-59.937256
203.119141
4872.164551
3623.125977
-404.912598
-1953.704102
-2675.825684
-1971.943604
-97.348633
803.593262
709.881531
17.663330
-349.626953
106.112305
-311.099609
129.128418
-668.506836
89.615723
1260.011108
480.489258
-1043.216797
-730.531006
112.724121
-136.073242
-841.621094
-1331.133545
-906.558594
-1087.485596
-207.974365
815.391846
1070.344360
309.322021
-695.691650
-412.497070
-66.421387
819.020264
1103.465332
717.540527
1966.354492
2615.715576
1024.914917
14.312500
524.995117
-383.488281
47.340820
747.991699
2302.442139
2915.226074
947.745850
-651.910034
-867.463379
945.078979
122.615234
-1237.847656
1379.667969
2094.219727
-547.465820
-685.524475
-568.598633
977.716492
326.912476
201.549805
1438.529907
1055.450195
1005.142090
660.186279
145.565918
-394.195312
-640.828125
-2995.850098
-4399.795410
-4275.730469
-120.854614
1046.540283
658.161133
1882.414429
1280.250977
1145.602783
742.932617
751.745117
-177.196289
-1.522461
-2700.646973
454.501221
245.822510
-591.094727
-1932.369141
-351.274902
-277.355957
-249.972168
1653.653320
-78.417725
-1102.313110
2.854248
343.234741
595.073975
328.394531
-487.825195
1262.086182
1107.089111
-419.777344
-1088.618408
279.582031
-121.311523
-287.832092
3106.375000
5300.728516
2011.334961
-146.530518
-461.118652
-574.434082
-287.541016
483.580566
-1243.630371
-3785.814453
-3488.921387
-804.993652
-181.479492
-203.166016
-77.975342
82.628906
155.938721
1684.519653
3806.340332
3958.405273
513.204102
324.912048
-2220.302246
-3016.394531
-1974.665527
663.013672
28.919922
2172.744141
-49.299805
-1194.707275
211.654785
948.855957
1130.074219
141.559570
-1091.233643
-17.408691
-1105.901855
-61.881836
545.907837
-288.807617
-326.563965
415.692627
-259.081543
-364.348633
-704.436768
269.015137
710.208984
519.752930
-1264.976562
974.211914
149.475464
-10.975586
399.516846
382.479004
-1034.939941
875.049438
817.032715
-686.826172
607.432617
1025.786499
853.890137
690.438965
113.235352
-42.593994
-502.752686
-1185.901367
381.546265
1417.533203
1383.619385
138.183594
2008.277344
592.104492
-356.881836
253.349854
405.031250
94.805664
-858.532227
702.142151
1242.846802
-292.524536
-585.386963
362.887695
830.638672
-161.540283
-278.864746
-653.836914
-669.162598
-815.499023
-1914.310547
-953.389893
787.839844
789.537109
330.619263
81.302734
-90.471191
-168.643829
274.171631
541.900391
503.945557
1724.075439
655.135376
498.229004
-166.891602
2323.245117
1240.088867
-324.760986
-137.304260
267.660522
256.588379
-598.821533
788.993652
611.961548
-377.578125
242.514160
-257.240509
-2721.435547
185.845215
-103.503784
-663.047424
1570.475464
-143.803284
-1357.396729
520.805664
-353.857849
-1559.602051
151.559570
1064.681885
1051.492554
-586.982544
-563.782227
-2084.750977
-2520.211914
183.754883
4.663330
39.371704
-697.336304
-323.429565
1961.020020
808.855469
101.830566
-1261.005127
-2071.385742
-589.947266
-1510.441406
-653.352783
-275.229004
-3064.868164
-582.920166
1554.860107
-311.580811
-281.477661
757.958069
697.603027
-134.542480
-1367.209473
-1661.668213
-1440.363281
-1259.930420
-1538.538818
-947.912354
788.476562
-852.659180
-615.015137
852.129456
772.807617
783.510132
-84.412109
210.586914
-184.010010
-1158.869629
-597.841797
750.783691
503.480835
-12.626831
-166.717285
1023.926270
-1019.765625
-899.215820
592.793945
-1460.182129
748.700684
612.244141
-1561.166992
-180.562500
1035.825439
407.951660
-1076.501587
913.586670
2938.786377
3831.473633
1499.680908
-659.206543
621.357178
862.867920
746.260742
435.747070
868.378418
483.757324
-422.091797
457.854492
351.951660
-555.423584
101.107910
-170.044434
216.980469
1212.142822
-939.930664
862.228271
-1147.914062
-5.939453
-1386.037109
-219.942383
764.369629
102.322266
615.788086
2803.544434
2872.790527
741.676270
-443.201660
196.049316
457.409180
-1171.834473
157.306641
-256.506226
-679.658691
260.741699
-301.843994
-321.707458
573.017090
261.077148
749.319580
-143.365723
-936.828125
-1891.506836
-1470.948242
-447.435547
1003.112793
774.909180
-193.298340
-436.142334
127.020508
-1122.509766
32.854980
1064.946289
199.553711
960.808594
2186.380859
-2537.466309
483.539917
-746.884521
-970.638916
-644.315674
-46.295898
497.556641
-156.446777
-371.030273
479.858276
2262.725586
2340.979492
-208.716797
-226.340698
-444.132324
-497.706665
315.792480
-354.494141
332.284424
-77.723389
1220.387695
-543.572266
1194.809570
129.013672
92.476074
241.319824
-884.602783
-498.748779
64.804199
-1316.982666
43.189209
1478.729980
5161.184082
3588.922363
392.093567
581.832275
265.737549
-291.720215
1654.477539
744.226562
448.781250
-99.222168
864.044434
631.838867
-206.451172
-689.882812
-1024.041260
-1323.060303
1228.125366
2289.261230
975.690430
585.882812
233.734375
718.020020
-651.816162
242.815918
1931.009766
454.347656
580.358887
260.562988
-85.362793
177.860840
992.588379
814.144287
824.552734
529.385498
246.033203
-607.102234
-483.713745
58.754150
-932.183350
-1094.434570
745.988770
757.284180
-27.754395
-236.778320
-516.461426
-154.595703
-681.414368
274.332031
306.464844
968.789062
-1445.682861
-218.840820
40.629883
1043.200684
300.401367
764.061523
-518.970459
-299.594727
508.706055
1331.557617
851.902588
1358.861084
547.947266
-218.834961
231.360840
-89.280243
-194.755127
793.632935
-98.016251
-1728.452881
-1731.898315
309.952148
1701.881836
518.893066
797.968262
-143.764160
-3607.279785
-2388.750000
426.326172
-484.744324
-45.424805
330.990479
-1610.251465
-889.413086
879.134277
90.737061
-8.535522
-1725.064819
-2646.857910
29.716675
1186.297241
582.218994
296.577820
-454.246033
-541.133545
-89.195679
-252.995605
297.583008
-118.555908
-4484.926758
-6616.237793
-4125.321289
-1867.790039
-762.755859
-1149.750977
-634.743164
6.739746
-66.759399
2164.934082
2531.143311
-92.601074
158.539551
-1768.266846
-2780.094727
427.769165
-405.432617
-699.857849
668.604187
-962.709473
-744.859375
-268.381348
-1066.253906
546.763062
112.709534
-252.705566
-1721.352051
-3215.430664
-984.217834
1211.065430
794.963379
958.885132
-32.141113
-270.626953
338.744141
82.301758
-1596.666260
-4624.430664
-3661.938965
734.804688
2181.875488
1880.590332
367.619995
-337.868408
-143.178223
-61.233887
1283.287598
2125.812988
506.519043
60.391068
1371.445190
4425.312988
2502.660156
-825.304932
597.232178
536.787842
873.800781
2712.117920
420.364746
-56.756470
1036.919800
1261.849243
439.907654
-559.047729
-760.807129
-168.836914
-2322.027832
-2687.159424
-666.802734
1057.974976
1089.680664
2406.624023
1564.391602
-1285.735962
-1298.953491
-1017.655518
-1170.216309
97.438477
-2743.662109
-752.964844
-847.489624
722.847290
1176.242676
115.044922
-198.514404
-510.240479
-1606.249268
73.519043
746.027832
-353.847656
-195.852417
1114.344604
993.238892
-624.938477
2738.563721
3938.777344
928.223145
135.337891
-2088.477783
-2652.685303
679.437012
-263.433838
-1033.533691
-100.880859
714.901245
973.150024
612.179688
-127.831055
966.422729
990.195923
700.397705
-81.965820
-230.665283
121.975677
248.217285
311.184814
222.304199
94.500488
93.613770
-1058.857788
-492.772949
419.464844
349.400146
-549.047852
-1946.405273
-759.349609
1342.681641
1103.672363
68.830566
-23.375000
-661.558594
537.792480
-445.754883
-679.485840
353.442322
-44.512451
-331.889893
-400.325195
593.683533
-740.089844
-581.636719
811.972656
3591.948242
448.494141
-982.467590
6.071411
-283.260071
3843.541504
8650.313477
5037.080078
138.780762
-142.577881
-789.018555
-1016.674072
225.761719
-996.706543
-713.688232
-1510.123169
-830.461426
-1390.642578
-330.388672
1654.875000
78.515259
109.871216
-2289.976807
-4033.200195
-605.315186
2948.447754
2875.400879
734.655640
-928.072998
-232.628906
636.960938
1934.807617
1481.953125
299.645020
-318.183350
-334.174316
738.654297
336.776367
-25.376953
109.673096
729.533203
260.116699
-347.165283
971.334961
827.401367
-21.414062
284.312988
-1227.011230
-1888.182617
-53.125488
-134.913086
-499.559204
1467.208496
391.445312
841.574585
1228.973389
24.468140
-57.610840
-283.572021
2455.209717
1321.757324
901.005371
-10.661133
92.858398
193.796387
628.613281
554.750000
2.274658
14.420898
1623.403320
1023.470215
1305.130859
1857.752930
339.643066
414.477539
1169.913086
-366.787109
-713.137695
-304.217773
-1952.095703
-1486.438477
-277.636719
127.588379
-61.447998
1530.377930
420.906250
183.125488
513.030518
687.438965
-127.633301
633.864258
168.871826
-183.197266
15.738892
726.966309
1179.101807
-1351.962402
53.508057
378.277344
-1026.214355
-583.385742
180.958252
-252.864868
426.936523
1416.240723
27.751465
1399.807617
152.189453
-218.462646
204.353027
-2934.032227
-1380.371094
1684.587891
598.825195
-1173.014648
-185.269287
-1716.810791
-480.797852
-345.267578
244.797852
539.062683
899.142090
914.051514
-54.322510
-1032.231079
-325.479004
397.437500
826.305664
1156.955078
-214.524536
153.330688
523.503418
-3468.652832
-4453.810547
127.431976
1006.175293
1324.055420
1051.966553
-357.854980
-181.697998
2000.003906
1792.555664
2614.770508
-890.830566
548.328796
997.741699
-560.143066
2363.342285
2950.716309
393.091797
-3886.555664
-6299.166992
-3003.734375
1716.092651
3367.799072
5470.094238
1941.749023
1138.897461
360.645020
-1295.943848
-1169.287842
141.056641
-2330.111816
-3658.471191
-643.726685
1058.043457
1055.873047
354.315430
-719.508301
516.807861
640.708984
950.071289
-270.741699
325.493652
-349.352783
-880.246826
-1180.407104
-637.185303
-110.846191
68.775146
806.855469
-20.185059
-1182.371094
-583.563477
-447.555664
1169.179443
360.003906
3470.546631
5323.700195
3195.520020
340.814819
-1238.445801
-854.273682
-1101.410889
-653.613892
940.461548
681.413086
21.521973
1451.683594
-681.814453
-3592.748535
-4033.796143
-1793.584839
42.371094
1011.999756
607.586914
150.185059
157.534180
139.466797
563.521729
790.893555
-10.220215
-180.652588
573.207886
375.165771
220.614746
238.881836
537.613770
-76.519531
-542.456177
-209.581299
915.380127
1388.788818
542.711914
-168.501221
1267.597290
1354.347290
1042.560059
983.953369
-334.860840
-181.875244
-1224.551147
-1268.701172
500.339844
-945.967773
-586.855469
665.702637
146.659180
1361.208252
939.539307
309.383789
1256.812500
934.282227
1174.183105
1023.196289
217.418945
-2334.312988
-1469.031250
-546.050049
232.085938
-323.689453
1421.329102
922.260742
-342.403564
-1127.338867
-916.262207
83.323730
1070.571777
-262.788818
-796.450684
619.010254
1010.441895
58.719971
279.427002
-1073.917480
-2697.629883
-1131.695801
674.396362
-875.506348
464.142151
2519.959961
138.645020
-592.471924
909.524902
164.611328
398.590576
-94.678955
181.162598
718.927246
-504.524536
375.191772
2104.217285
2011.134766
995.955078
-643.929993
-377.715820
1144.666016
1624.107422
-394.644531
1.600586
-649.653564
-981.045166
-725.397156
346.018677
1078.983887
-619.523926
501.554077
242.024414
173.459961
-324.863770
-1045.330566
-778.364258
-646.070801
148.896362
-1245.708984
-1275.371826
279.142151
-1035.577393
-1529.609619
1058.933594
118.686401
-271.639160
-121.540283
-403.129883
932.908386
740.909302
564.057861
375.997314
-1001.507202
166.762543
14.257202
2717.260986
6898.819336
3629.731201
-818.632324
37.910156
106.839355
-1419.117432
-246.376953
598.844238
-1916.348877
-1262.165161
-729.734985
1312.200317
2249.369141
746.165527
1177.429688
16.742676
208.724609
504.820801
-806.235840
94.421692
-1132.706543
765.587891
1528.982910
-496.019409
58.820984
-237.414307
135.391602
45.339844
299.100342
2653.761963
1790.691895
-437.045410
1013.738281
265.763916
-329.729004
324.136230
649.884094
1142.638550
748.217529
-504.583252
-675.726318
-9.739746
282.635742
413.488770
501.082031
-734.646240
-104.240967
-1451.264160
-2757.961914
-1318.713135
1675.642578
2437.347656
259.426758
-626.100098
-5261.153320
-3150.053711
-140.390869
-432.912109
-2231.576172
-936.969727
-40.893921
389.405762
3218.881348
4033.846680
348.908691
529.475708
1049.952148
1913.535645
1962.322998
-715.905518
-953.495117
-4806.282227
-3790.708008
-98.609375
184.349731
1756.592773
2037.723633
-218.865234
-144.802002
11.344971
-609.430176
-816.999023
-531.183594
362.595215
378.532074
-14.174072
490.974121
-201.651855
-693.137695
499.045898
1470.930054
645.789062
156.180664
1227.559448
1252.826172
529.519531
1578.386719
311.953125
-585.240234
1071.213867
1630.632812
142.257812
697.771484
-796.483398
-2693.470215
-887.811768
233.251465
-717.507812
281.457031
955.300781
-1014.420898
-39.450195
-1259.145508
335.240234
566.865234
271.741699
2584.588867
1580.960938
408.374023
-692.854980
357.238281
1036.228516
640.670898
1998.237305
-337.190430
36.568176
472.769287
500.752808
1562.571289
1333.169922
1682.011230
420.977539
1284.703125
2002.435547
95.071289
-1672.763184
-421.805664
-1785.700928
219.464111
545.027832
-570.760254
131.584961
-426.163086
543.569092
1164.089355
364.895020
1874.475464
1391.475464
1065.129395
2405.104492
689.101562
579.659180
571.045410
856.631836
1086.320312
-759.232910
-856.210205
-243.394531
-1690.758789
-570.462891
1071.420654
1476.689941
1693.637695
1917.873535
214.937988
-144.102539
-1125.095703
251.682129
-20.368774
-952.823730
-530.764771
903.569458
1666.223877
-244.158691
-1065.970215
-328.444580
-353.849304
1290.145630
-80.197021
990.437073
496.617859
-500.842041
-1198.990723
-1925.179688
-1824.068359
-769.459961
-458.136230
946.652344
495.350098
-1079.247559
277.299805
888.138428
-164.719727
-946.318115
-8.701416
-2001.436523
-5228.020020
-472.145508
493.409058
-1860.569214
758.157227
-1451.520996
-3783.208008
-195.713623
529.264893
506.869629
1018.760498
-1039.485840
-983.434082
407.850098
284.622559
-139.424805
982.094238
758.827087
-1884.123047
-1322.988770
504.736938
2743.300781
-1399.400635
3144.841309
-1256.111328
-327.038086
-319.533203
1085.020020
1960.018433
-525.910645
-728.739502
731.464844
507.425385
196.160156
-294.951660
-1558.282227
-1250.274902
-122.500977
511.503906
424.365906
1429.960938
228.945312
-113.276245
-1217.407715
-2510.720459
-2001.789062
-485.442871
291.327148
128.495117
-566.262451
1.350098
-750.875977
-271.472656
303.649414
-314.770508
-1321.950928
-512.873047
-4.238281
604.880127
723.644287
1060.808350
333.664307
397.580811
2464.507080
3901.921387
1944.130737
687.569824
150.794922
-147.266602
-457.560059
-901.602356
83.117920
290.550781
22.288086
800.454346
1073.862305
740.370605
-483.049927
820.777344
1558.995117
1234.447266
647.975586
1055.776855
-363.013306
-334.220215
253.400391
368.940430
-930.635620
-323.689453
1573.248657
1814.026367
273.619141
-1393.728027
620.600586
341.613281
799.273438
1047.725586
584.317871
-775.811279
-776.906250
-440.359131
-880.524536
-766.610107
-1054.665527
-1947.434570
-1338.076416
-4517.485352
-3224.100586
129.350098
474.461914
414.141113
-356.370972
1037.101562
822.300537
464.893188
1005.927246
-2278.501465
-3295.487305
-396.641724
-82.736084
-660.621216
-464.708130
-709.076904
-398.913086
368.077637
308.301270
-1440.715332
-8.372070
588.265869
-778.032715
1156.363281
-989.845703
116.685547
-326.061523
238.450195
162.997437
199.808319
-304.926270
-3466.625488
-2836.657959
-1164.229980
-1026.401855
-430.567505
-1685.857788
188.459686
161.362579
54.675781
1314.501953
-73.711914
-75.596191
18.172607
-400.306641
1193.050293
425.694336
494.992676
43.372070
1586.776123
735.424805
-959.920776
674.458740
40.432129
215.076172
891.615234
907.495117
394.744873
347.548828
-658.897949
-206.598145
-666.899292
-487.142334
1590.958496
1481.046997
793.674805
46.154297
-2142.374756
444.756592
-461.790771
-413.489014
1368.947754
4568.945801
156.475464
-116.443604
-1697.508545
-1349.462646
1248.091309
185.201172
-1127.615234
124.340820
235.104492
2757.510742
1641.772217
1756.307129
1041.082031
-53.219727
-292.246582
-749.073730
380.446289
429.346191
-349.897461
-974.282288
-1237.769531
-334.356689
235.798859
349.434692
2813.250488
4166.444824
3561.332031
947.839355
-1148.952637
-193.496033
1946.004150
1103.521240
-377.276733
-529.366211
37.438232
152.722656
-335.584961
-1894.213379
-2650.108887
-621.704102
227.941406
-483.789795
-960.065430
881.045410
-514.042969
-590.762695
-215.766357
495.022949
-367.925781
-419.629395
-1678.088867
-304.851562
788.306641
-275.284180
281.002930
270.093262
598.733765
698.654785
822.416992
3199.792969
26.179688
618.333984
363.762207
-510.329590
282.968109
-120.857834
48.351883
609.151306
-793.014160
543.475464
260.511963
584.666504
-564.331055
-2285.199951
-1664.513672
736.610840
1057.021973
673.718140
-1118.760986
391.718506
243.090576
303.720154
55.392822
-4199.863770
-5454.524902
-1612.524414
1969.024048
2871.292236
2330.208984
-604.301758
601.734863
890.045044
1163.636230
729.371521
-299.398682
-481.967529
-686.524536
798.859375
-416.176758
-224.857834
824.308838
-1107.857788
-1129.779541
352.612061
-1058.967163
-773.140869
885.847900
3554.342285
1684.297363
13.018555
-238.706055
-395.828125
-104.774414
819.767822
-286.511475
109.538818
98.299683
-1060.938965
349.493652
1554.845215
127.004761
553.170898
1808.372070
1454.739258
-326.888184
423.622070
756.371094
828.111816
-8.107422
-1326.220825
-771.391602
418.658691
493.374268
911.490479
1194.379883
5.523926
-52.374756
59.803711
617.769531
-593.709412
49.959961
453.577148
374.877075
703.845703
-893.582031
77.714355
-340.434814
-271.481506
1041.037231
193.182617
429.306641
-639.585693
9.440674
1087.707520
-741.510498
-1353.305664
-55.923340
199.521973
664.286865
-346.135742
-544.209961
676.177734
-223.942871
9.607422
-962.735352
-2964.458496
-2017.468262
86.618652
2349.071289
166.165039
129.496826
147.405396
295.217529
314.734375
336.544922
820.414062
666.003418
-896.331787
-1402.000488
-375.315430
279.029297
613.265381
771.840332
-79.198730
480.630859
743.257568
793.395630
320.657959
431.918457
359.808838
-187.927246
-172.736572
-201.108398
-983.923340
-238.729004
39.863281
217.897949
-375.255615
-861.164307
2645.152344
3923.473145
1236.186523
59.591309
-79.083130
-250.738770
-1096.550781
566.944946
2788.189453
1965.241211
758.187500
178.156494
-477.351318
-1054.255371
604.585083
102.310944
-1184.526855
-849.295898
480.687988
1068.737427
1166.569824
1461.410645
2476.512207
681.925781
-121.139160
431.043457
1307.959961
1453.336914
361.820557
124.300781
-1594.596680
-478.024902
-258.592773
-591.288086
-2181.983398
-4315.550781
-402.651367
-814.307983
-1690.629150
108.078857
1654.572998
1158.924316
37.523438
460.445801
933.984863
-218.534424
1792.121582
2889.922363
-17.247803
-736.689941
-432.265625
372.870361
719.930908
796.053711
312.874359
-337.905273
147.865723
65.703369
-62.538635
331.436523
-2417.358398
842.541016
303.231201
-903.928223
-829.431641
143.247803
-168.647461
348.797852
1017.791748
1523.945312
816.052002
613.141357
1637.125488
-9.511963
-1691.181152
-441.037109
33.407227
351.367920
1264.524780
1607.922363
1231.496582
-357.176270
339.961914
888.792725
3262.563721
4737.491211
1314.941895
-697.476074
57.142174
-336.014587
-1435.832275
-1612.568848
-1674.400391
-2365.805176
696.765381
-143.429688
538.394531
1002.274414
469.322266
509.109985
1109.459229
84.244263
458.981812
1040.652466
742.346924
1075.428223
731.321045
-764.141052
-784.811890
-86.458923
-2218.410400
-1183.494873
776.048828
414.176758
-741.291504
69.822266
-1061.625732
-240.062500
96.872559
-1625.696167
-784.809082
-187.435944
13.990234
-552.416992
-632.654541
-316.045166
-83.680664
466.352783
-620.227661
-878.932251
-1456.866699
-18.421387
259.360352
-170.107178
-536.059082
-1657.935547
-813.294922
940.188477
1591.824219
-198.819336
-868.871094
189.739502
-122.244926
144.251221
1104.949707
643.774719
505.937744
682.555420
-121.724609
-784.703125
1342.887695
868.110840
215.536621
-963.629028
456.486328
-343.481934
499.474609
988.734192
-579.537354
-396.136475
37.438293
-404.685425
608.585693
-134.165039
499.774170
-38.155029
-2783.569336
-1013.556152
88.589355
-252.325562
-253.893799
431.514648
-706.263428
-787.582153
-1508.180664
-982.684082
707.297852
1567.030762
1906.142212
1423.541016
294.571289
-974.524536
-1924.171875
-1339.564453
1066.116211
-50.667969
-206.015625
-712.489075
-993.242188
-163.158936
-1688.474976
-596.927979
132.978516
-873.511108
-568.558472
544.401855
-1567.428711
-4238.200195
-198.218018
1791.502441
1705.104492
1553.183594
-3362.877930
-4476.166016
-797.184570
-773.919922
-920.736328
291.141602
-401.236572
-287.389648
-562.985840
-121.924438
1521.260864
1065.640869
450.875000
2765.513672
2454.143799
615.351074
11.164551
-558.446167
-1293.537476
266.585693
-134.461548
-1513.353027
1773.594727
1065.449829
-436.278320
-350.666504
324.643799
1640.178467
1816.051392
215.316895
852.372070
794.552734
-663.264160
-1594.860352
-716.717957
133.475464
-178.743774
-1961.239746
-1039.492920
129.142166
3644.782227
5877.886230
1410.520020
-1752.320801
-2127.449219
-90.287598
3220.991699
5295.578613
772.707642
-311.857849
358.730103
-420.532227
-981.352417
-662.686157
1027.259155
1362.960815
-68.914062
803.709961
924.236816
694.097900
1025.791016
-139.669678
-521.012878
239.014648
-242.664062
-537.862793
342.940063
-37.656006
248.834473
912.528809
799.184937
992.952637
639.198730
2198.638184
728.885254
-781.768066
754.862305
64.420410
369.039307
1405.195557
229.650635
-18.052002
-177.723389
-844.853760
398.997681
1247.666382
-227.781006
-1104.187500
-84.140381
-2597.991943
-8322.116211
-5524.666992
141.170898
-1052.597656
-658.133423
498.737305
60.402344
81.794434
-915.782471
-1160.316040
-31.600830
-1360.352417
-1046.672852
453.118164
434.362793
1463.682861
544.315430
-1423.144531
918.061523
876.633789
-510.390869
361.713867
758.677734
-221.034058
1278.729492
1065.731445
-155.585938
-1081.171021
119.420410
1496.937988
-331.399902
-480.597168
971.923828
-658.436523
-498.653320
396.795654
558.135742
1783.572266
3466.134277
4268.130371
2149.911133
-796.852539
-1376.857666
-165.933105
-2508.371582
-942.052002
270.361816
1098.199707
439.854736
1234.040283
1043.150391
664.407227
1053.437012
-952.225952
-953.744629
511.142334
334.319946
-946.389160
-2570.206543
1298.010742
-943.679688
-705.624146
-715.343872
363.135010
-59.960083
-206.558350
494.173340
391.332520
-62.688477
985.914062
986.954590
-747.386719
-1247.448242
-525.568848
1321.274658
2108.492188
812.714844
-373.136719
-3807.320801
2.791016
3759.911133
-2955.680664
368.653320
-564.718994
-689.634033
167.975586
-813.395020
-974.943604
-868.871582
-1267.739502
-112.817139
1647.769775
3945.756348
4594.923828
2074.984375
662.401855
-427.517578
-132.877441
1064.853760
-1184.108398
-2680.321777
-2139.146973
-1255.835938
715.364502
-542.105469
-814.003662
-1000.139893
-893.528809
1213.130859
351.250488
81.370422
1030.123291
270.213623
324.665466
-39.904053
658.035156
1546.554199
113.092773
763.687988
1648.187988
-232.685791
208.915039
468.333008
722.204590
-957.867554
217.777161
-3366.095947
-5528.578613
-1070.598877
949.213074
-1218.432129
-481.039673
655.573242
406.795166
-1327.552246
-1310.295898
-299.112152
-1015.165039
615.058594
-117.406311
266.954590
1390.727051
-979.989624
-200.957764
-122.360840
796.252014
607.899597
278.551270
-189.506836
598.996094
1084.960938
-142.407227
54.382568
1092.951172
380.710938
500.777557
608.184814
109.871094
311.359375
-218.052734
1028.670044
1898.247070
1173.410156
-40.262207
985.759644
204.232910
883.015137
1353.087769
-709.731445
923.762207
1145.362793
-2962.063965
-1045.828125
-3001.345703
-197.684326
-3070.487793
495.578613
-3121.634766
676.385254
937.047485
410.952881
-833.788818
-1225.849731
-236.361084
56.944336
-100.679688
-810.063965
-901.502441
-692.480469
371.447266
657.550049
-984.759766
-890.484863
533.528076
1425.052734
-1503.044922
1075.503906
801.673096
623.951172
2563.468506
4432.257812
3056.957520
-88.462402
-725.560303
-1387.825562
-1791.533691
-775.911133
-119.705566
-45.091309
915.631104
-953.577393
-937.312988
148.503906
1023.708984
548.833008
-310.822327
-869.726196
188.385864
-320.678223
-539.804688
190.570801
1071.952148
702.335938
1212.457031
364.291992
294.277405
-389.616821
257.920410
1329.391602
1050.475464
2465.269043
119.013672
-2063.011719
-465.217285
-735.894409
-691.674316
-186.366455
-1040.051025
128.864258
-89.405762
770.192139
511.951050
-528.793213
344.198456
633.009521
-468.150146
132.084229
1900.174805
511.081787
333.070801
7.315918
423.185059
-84.529297
267.891663
1480.627930
294.351074
348.065430
687.010498
664.436523
543.751953
-412.411133
708.706055
278.732178
-1469.623169
-147.079102
898.697021
-43.902832
207.530029
-29.129883
-1162.010254
-571.700195
-209.150879
330.701172
434.976074
679.118164
722.859375
262.250000
588.829651
1992.933838
288.693390
619.892578
271.312500
-393.227539
-193.715576
206.812744
2056.380371
2963.832764
649.673584
-1366.930176
-763.806641
671.229980
2129.635986
411.046143
-653.966003
496.630615
673.012939
350.650391
197.671021
174.817261
-83.714844
-741.762695
-1161.496094
989.293457
-105.562988
2191.483398
-659.863281
-595.379395
-64.208008
-272.348938
-876.706055
120.899414
67.993164
169.775879
-2284.115723
-3353.004395
-2619.387695
-160.225098
-210.134277
143.259033
-110.521240
-723.030273
138.385742
1435.917480
-329.632568
-1725.361206
-1000.080322
-785.115967
903.353394
2354.508789
1772.066528
-527.597412
201.080566
-1193.693604
-801.035522
-1240.427734
398.898438
212.963623
972.475464
400.085907
-386.803955
-144.646240
-888.064758
-554.825928
825.499023
868.204712
241.320557
1133.856934
440.629883
2020.915039
3996.661133
497.542969
191.897217
1267.679565
-0.464111
-116.112061
2633.307617
3452.116211
670.742554
-435.186035
-1551.601196
-729.063477
-77.142090
-583.516113
-888.138733
-1183.438477
-1039.156372
1030.095459
-429.635254
-1443.356445
-10.147461
394.474121
-1365.867920
-690.139771
-578.637695
-1770.056641
-317.528809
1305.770996
-1167.196289
570.380249
226.785156
-368.104492
1131.773804
661.388672
-876.007324
-1327.635132
243.387207
-444.593750
-71.774902
403.466919
-696.805969
-815.467773
366.569092
996.971436
816.388306
300.386353
-661.368408
-934.267578
-173.118164
-733.881348
-672.281738
428.281738
-87.538574
1507.053711
3671.310059
2694.308105
15.375000
195.265137
-421.823395
-1891.080566
-30.397461
1623.479004
751.770630
-185.956299
-191.906250
736.380005
-432.732422
-122.463379
109.480469
-309.364258
-586.825684
-408.705566
757.671814
1087.922119
-39.311279
355.533325
58.850830
81.541016
2353.639160
43.233398
-673.428589
-268.872070
-358.495605
-573.484680
1744.307129
1111.740234
983.686768
308.416504
-357.537109
940.402344
407.440918
-455.848633
-2354.794678
-3219.869141
-2617.359619
458.551758
727.669189
573.411133
455.736328
-816.282104
921.272461
261.345703
656.960938
-418.699219
271.939941
-2456.270996
-828.664551
1629.190430
1324.334717
-965.019287
-1802.071289
-1943.423828
-32.019531
1512.475342
1176.819336
313.133789
269.539062
1033.237305
963.277344
909.292969
-1048.147217
493.297852
778.051758
-93.126953
511.745850
-1087.659180
300.239868
2005.461792
2550.617432
2962.034668
603.663330
-974.050049
463.920288
-2584.676270
-4504.857910
-1143.380859
602.629395
-143.545898
-997.129150
142.431641
694.489014
-1247.023926
-575.069336
471.404785
-536.422852
489.600586
802.763794
-457.761719
-905.863525
-484.234863
-1995.600464
-1247.021484
528.088867
2659.190918
3553.222168
1405.251709
454.721436
1255.520508
-130.580078
319.475586
292.004395
-593.669922
324.580566
-953.859375
-605.729004
955.894531
294.791748
59.699707
182.385254
3161.671387
3848.592773
885.605469
1080.016479
320.568848
-1432.658691
459.541016
30.081909
-809.379639
-604.387451
-1435.963623
78.637695
-384.291504
221.928864
-228.307251
-109.907516
2707.687012
4767.752930
1624.693848
-1.515137
195.280273
-691.477539
-1250.758789
293.482910
586.385376
159.443848
-356.888672
-687.689453
134.806641
535.211426
1667.783691
1518.729004
290.188477
-161.584961
-247.467773
-86.288940
-183.351074
283.293945
1517.698242
-417.336914
-278.202759
544.104004
150.652832
-392.667847
-84.561279
-286.386719
-1120.091431
-1493.542480
-531.254883
-47.793457
-500.642578
-4283.885254
-3255.761475
683.324829
115.635498
1463.475464
4454.810547
1325.809570
303.659668
487.660889
1032.075439
-251.231201
208.188232
3210.829834
-52.722412
-188.709595
175.071289
-230.384277
-158.006836
-1066.579834
-937.095947
-3103.778809
-1775.644531
515.985840
423.018066
-1898.480469
-6310.632812
-5682.256836
-1438.320312
342.574219
325.538574
737.720703
-719.779175
-906.033691
-1007.240234
258.614258
-1187.741577
-962.494141
866.079102
1334.878052
2699.720215
1929.845581
-555.006348
5.826172
-122.241211
-195.200195
1686.090088
619.914062
-1418.333496
-1970.456543
-1466.037109
370.897461
-249.754883
820.640137
1350.037598
36.912598
758.824097
1923.660156
-457.918945
-1714.524536
-492.545410
2180.741211
706.706055
-945.941162
-1391.570557
-1527.536865
923.174805
2947.198242
-148.662598
-21.763672
28.265625
312.075104
1667.489258
1069.751953
-653.402344
-598.845215
963.149170
-948.677246
-585.839355
1188.916992
-3241.680176
-3995.858398
-1563.525391
266.205078
-857.806152
-677.423584
773.403564
654.657227
266.739258
66.497681
1118.572266
712.528320
927.648438
2985.292480
1693.860352
-55.703125
-654.715332
-192.073242
217.299805
898.447266
148.946289
898.904785
-4.712891
808.726562
2911.302246
-1348.759644
416.832275
-640.389404
-1730.875732
-437.299561
495.664185
608.839355
1034.520508
1643.410645
46.481934
-732.875977
705.319336
-1082.133789
1372.805176
-1269.270874
225.030884
27.521484
-411.416504
645.029724
-1557.174927
-1118.618896
-301.963623
-956.987793
516.221680
93.947266
123.375488
-247.560730
-795.517334
-155.189209
-1128.747803
-23.696289
21.719238
975.257324
-144.805664
-792.307617
-430.141113
129.609039
-151.929199
215.062500
156.986328
1301.068848
2600.008789
490.019775
69.007324
424.753906
-700.800781
-423.296875
1763.700195
4909.242188
8278.953125
2480.721680
-893.707397
-642.385864
465.798950
908.532471
319.988892
-509.614014
-24.720703
374.405762
422.077148
255.948608
848.582520
610.501465
-109.188171
613.690918
-1795.166504
-313.650879
893.899780
1849.995605
961.788086
497.511719
-924.884766
-1176.001953
-256.845215
900.593262
-317.517090
500.641602
132.208832
-435.604980
-1158.133301
-694.487305
729.142151
-71.641846
-914.976562
-327.675781
400.711914
1429.420898
557.348633
1221.612305
840.293945
238.441711
121.874542
-549.071533
648.212402
723.165527
841.913269
-1052.194336
-3360.620117
290.301270
476.327637
466.269775
238.142166
-1481.465576
-916.882324
-3955.939453
-4624.791992
-1566.196777
-144.014160
138.803223
37.226074
-1018.203125
-2634.282227
-1727.069946
1395.774902
924.627930
66.703125
132.295166
-95.266602
-892.113525
352.528564
1138.486328
79.670898
-840.756348
-234.273926
-81.296875
-429.984863
-38.341553
-1842.304688
667.727051
-4014.416260
1099.952393
-154.157227
557.979980
1087.531250
-714.354492
540.805664
-40.059082
-239.093750
510.142151
581.963745
-253.690918
-1215.546753
-322.661285
234.601807
463.356934
830.789917
751.212341
-820.759460
480.366821
417.052246
-467.623535
-1941.375488
-2683.368896
393.377075
1005.086426
367.707275
-156.355713
-882.636963
-267.768066
-1058.086182
-966.738281
456.987305
1289.419189
-1510.186523
-149.437012
179.600098
951.941406
1033.721680
267.591309
-603.857849
-310.877686
1127.531982
-89.335190
-1873.180664
-888.583008
750.521973
-163.225586
94.870117
132.522949
436.888916
-74.541504
-1740.323853
381.388916
-414.717041
-112.117920
1512.084961
898.053711
509.001709
587.909424
-112.267578
-2023.113281
-1139.961914
261.934082
-10.786133
-1330.575684
-594.797852
-507.597412
59.148682
667.869995
189.594238
142.613281
-1140.642090
-586.662109
491.248322
671.711426
2090.667969
1099.063477
514.132568
-868.884277
-2118.442871
-389.968750
305.142151
2135.910889
1503.986328
-498.719116
-355.415039
-3215.853516
-2863.927734
630.260010
-540.512207
1961.653076
2225.851562
-582.299927
-92.766113
-35.795898
-1173.423828
187.308594
683.934326
299.920746
-1027.031982
-22.430420
2096.803223
1233.097168
-236.519043
-334.508789
8.429199
-681.750610
33.764893
783.114990
328.569092
-1159.555420
-545.360352
-305.247070
54.167236
356.451172
-274.050781
596.509277
440.525757
-655.620361
243.495117
-1464.905762
-3103.953369
-700.532227
475.898682
312.002197
156.610657
-554.209839
476.828857
839.242432
722.613159
-109.045044
-1132.145874
-1362.459961
-1048.759399
-556.379639
-966.632446
123.628662
870.735962
516.552002
754.820923
568.340820
242.393066
621.114258
-2.228027
-128.733398
-666.629639
-384.043213
-45.600098
413.951904
418.778198
-783.722168
467.135254
1007.203125
-1426.811279
-1477.672729
-1417.869507
-1326.100830
-562.264648
-47.324219
-253.169922
619.625244
952.166992
-304.185547
83.111877
3667.395020
3506.971680
148.980957
-154.760498
1229.300903
729.344727
-659.932617
-522.215820
-985.627686
-757.523499
229.079636
482.566711
33.999512
706.010437
1619.099365
1466.278198
421.549316
-288.076172
-422.606445
-843.138916
-58.192383
1621.268066
1093.719727
705.120728
-69.820801
-428.777344
-597.283691
-218.615234
737.641113
-319.497192
-1365.350708
-1722.433716
-287.421875
27.565430
-501.676758
-863.001709
-225.312500
-79.363281
-568.729858
-290.888672
731.589355
839.228027
694.878906
-2179.135254
-3034.179199
-3112.289062
-826.609619
969.650269
-158.459351
-822.519775
-885.265381
-4442.930664
-7221.254883
-511.403320
563.381836
2252.627441
5916.271973
6452.788086
4820.545898
3242.976562
1054.304688
839.204102
-785.242676
-101.329590
-170.071411
-729.073853
983.705566
696.406494
338.472168
-235.442383
-1351.567383
280.085938
152.967896
-216.553711
-576.022461
-678.106445
260.783447
1357.109619
839.452148
177.618164
500.797729
-241.451660
-1060.580566
592.820740
514.672729
240.183105
26.704102
2073.247559
2443.910156
1733.494141
116.220947
-891.903809
181.525391
297.712891
694.675171
-2599.440430
-3681.110352
243.578125
1825.472168
897.646484
582.421997
-641.435547
-1604.360352
-841.872070
404.609375
-28.242188
1573.843750
-796.326172
-274.906342
-140.624023
-286.095459
2411.395508
-1120.155151
141.623047
-247.213867
108.552368
-878.891602
160.942383
77.322266
-1558.368042
-2032.931274
-609.573975
319.320312
1049.598145
-454.771423
200.555664
48.000000
-798.978149
-1528.654785
-457.411133
95.976562
-158.425415
-1129.392822
-868.167480
627.824219
3905.395508
5998.001953
350.929199
-743.188354
-34.157227
-636.760254
951.343567
2351.046875
1291.961914
-361.232910
-1213.559448
-624.239258
416.881104
689.194824
-859.639771
-2400.687012
-1893.567505
256.686401
1449.871826
1240.469116
-41.857910
-114.463379
-549.672852
-1000.594116
1578.455078
1131.124023
-2390.101562
-5121.240723
-3717.525391
280.501221
477.659546
-570.975342
-897.451538
-437.770508
-21.236084
-470.552612
-1230.698242
-1023.955444
-746.948242
-1260.792603
-376.897705
174.333984
180.285156
-890.469238
-572.374390
-1042.306641
-280.073242
-882.920593
51.525391
-545.883789
-1640.271484
676.866699
777.330078
-54.021484
496.538330
426.152100
1939.447266
21.884277
85.253906
277.376465
585.512085
2537.102051
1883.835938
950.402344
323.430664
129.465820
48.663818
464.984741
223.095459
-516.821716
-6.314941
-306.575195
82.984375
9.260742
-1727.694336
-32.272461
941.374512
335.983887
-364.009277
-813.612793
-529.662109
87.300323
-469.518066
236.786133
676.956055
-610.223633
-245.080078
475.832275
-1763.016846
-1586.871216
-351.450684
1269.958008
2075.624023
856.849609
-227.022461
578.466797
239.966827
-1655.666504
-1174.157959
97.642456
736.895447
431.872559
-272.127441
999.705078
1109.103394
441.847656
54.986328
1108.552856
29.837891
-512.151367
-818.228516
-1062.716797
-1465.486328
-74.489258
1490.665039
987.584778
155.105469
604.072754
661.950439
-561.439453
-3280.006348
-2336.864746
856.126709
-485.740967
-644.361938
813.173584
-89.075195
-861.127441
615.071777
1628.348145
-821.458496
-1435.374390
-912.741211
-1082.684570
814.144043
-487.098694
36.520020
-128.367371
1843.527344
4468.468750
3699.774414
1523.436523
-1060.002075
-1267.150879
238.239014
-74.222412
538.072021
399.250488
1198.324219
-854.677734
-1210.764648
-1181.253906
1224.096191
-804.428589
972.806641
1513.051270
-718.452148
-351.428467
380.070740
-495.671143
-914.444336
-380.542480
44.947144
1252.693115
-869.874023
-595.333984
-84.712891
-192.145508
-113.977539
-985.500488
-735.391846
1088.475830
430.834961
1153.509766
1276.631592
-1243.761719
805.842773
202.904297
728.330078
809.583862
506.616943
947.604431
153.675781
625.802185
286.853027
-516.345703
-1123.574707
-1143.975830
-640.293701
-824.813721
347.086914
-272.633301
664.075684
222.331055
-352.130859
63.173828
-486.196777
908.142090
4919.845703
1669.144043
11.538574
840.887329
698.490723
2064.889893
1763.448608
-934.891541
-82.799072
590.320801
-325.833984
373.460938
-2467.575684
-7357.327148
-2501.855713
1469.740234
648.250793
-234.857834
1165.458374
483.494629
772.743164
373.012207
-186.634033
-511.493164
-299.247803
-1541.340698
533.017090
4000.140625
-294.223633
-997.077637
1054.348633
1293.621338
-746.574219
499.129883
17.119141
-463.888184
712.912109
250.072510
129.562500
139.073242
836.234131
1232.619873
184.498779
116.663574
446.683350
233.897949
1361.578125
-710.283691
-1316.316895
-705.456787
249.546753
979.122314
89.856934
-1572.055176
-822.459106
-397.559082
-98.950195
-640.340332
-848.078857
-128.785156
-334.750732
-209.334534
434.696777
-45.331543
672.606934
-112.327026
-317.166992
-1821.485352
-1255.110840
-1144.009277
-1256.675049
302.759521
786.048340
14.706787
315.302246
-1759.804077
-2645.099854
-74.585693
329.993408
1550.911377
1935.245605
101.793457
-390.845215
333.953857
357.044922
-487.877930
-229.312012
847.354370
444.644897
-384.971008
261.863281
3000.817139
1763.370850
-550.094727
456.665527
771.509521
-852.609619
-330.627441
1447.812500
-183.435547
-110.190186
108.489014
169.026489
1134.802734
1039.611328
29.192139
-1372.601562
-1678.739258
-325.027344
699.179199
779.619629
637.322021
821.063110
-288.081909
-365.742798
1643.599609
-23.375488
-1483.461914
235.274902
879.341797
-21.285461
384.337402
-369.788086
-672.379395
-44.602051
-339.196289
-354.499512
-1292.735352
-1717.769531
-1116.189453
-345.360840
-715.597168
-306.027832
-546.070679
-627.524475
-363.700745
66.703613
-252.909668
-659.327148
-280.226562
764.966309
411.857422
1046.047607
1203.991943
162.800293
-353.941406
-75.438232
430.626953
-32.144043
-1631.478516
-569.875000
1710.416992
259.523438
841.244141
339.311523
-111.224121
268.897461
613.325684
1330.792603
2525.071533
99.517578
-1891.800781
-3386.290527
-961.717773
-60.080078
331.916504
1087.946289
-613.464355
-1041.883545
989.412598
279.193359
602.716797
1408.445801
421.878296
645.222656
-604.937500
39.452026
-1336.189209
-1393.040649
-1284.921753
136.091949
3216.142090
2044.309082
-696.291992
-761.430725
-1121.857788
-727.662964
-55.335205
-422.689697
-751.670898
-582.539185
1863.431763
1830.993042
561.919922
84.661621
-337.103516
224.431641
2058.685547
351.469238
-198.276978
1170.439941
90.885902
251.345703
145.989624
-465.546143
26.046234
-39.883789
980.490234
1468.743652
354.967346
-455.171875
675.829834
1025.204468
655.365295
-1120.200317
-1511.302368
-938.076965
1090.524414
2327.736328
660.576416
-445.843750
134.768066
-550.925781
278.382812
667.273682
696.730225
377.640869
174.843506
254.185547
-238.636230
733.443237
305.062256
194.452637
-235.985107
340.558105
510.721680
437.657349
859.943298
825.424805
1143.666382
-97.922363
-364.362793
348.901611
-1009.810059
-1108.155762
-26.212646
1582.883301
1757.524780
1149.611328
1241.963379
3130.803711
3464.754883
787.836426
-1000.227417
-1148.722656
-743.741211
-1013.966797
960.694336
926.594727
601.561035
-372.757568
549.563599
-126.865234
1850.440430
3952.016113
-97.761414
-561.496338
932.407227
-21.059509
-449.623047
1031.191895
-728.208008
-2152.678223
391.799072
1209.119873
-20.012695
507.693481
790.005615
706.493835
213.547852
-906.159180
508.075195
-886.546936
-207.980957
491.259277
1028.295410
385.761719
-934.741211
216.605530
564.593262
930.151367
917.533203
35.213379
-1774.079590
138.643066
-615.114258
772.345459
1224.826294
-48.573242
-970.314087
-35.447998
308.532959
-1047.636108
6.504150
309.152588
-226.469727
-1026.936523
-954.336670
234.400024
792.308105
-571.877441
-1521.694946
-506.670044
911.596313
-1777.045898
-924.667969
1916.797241
1527.288086
758.934570
3754.666016
318.852295
-1023.261230
584.586914
73.424561
1072.163818
134.033936
474.194824
1844.851074
515.958496
-242.182129
1076.179199
-276.180664
-443.422852
-85.904358
134.083496
1943.801758
530.179199
-1111.050781
440.992188
1650.960938
-286.981506
-357.583984
92.747070
-1368.026367
-1107.891113
776.495178
-380.967590
-906.609741
681.846680
841.701660
-1078.600952
-778.324219
-1980.884766
-1867.948730
185.578735
-1140.203857
-292.628906
374.898193
-1571.765015
533.907837
1504.942261
-506.433838
-733.806641
-322.962646
236.474487
-331.514771
-783.454834
-484.258301
90.200439
1146.109375
353.317383
-153.562012
1437.548340
523.291016
-112.402344
1365.866211
574.351562
533.283203
625.083496
940.416992
766.509766
427.419922
-533.847412
-36.839355
2907.488037
1703.420898
-395.152222
-1322.065063
-1669.947998
-356.785156
134.690186
-372.387451
-90.445068
-933.134766
-168.129883
1307.548584
642.060059
-802.633301
-269.687012
603.450195
475.667480
-411.823242
-1276.481689
-469.076416
239.779114
710.846680
1088.674805
1139.344727
-362.724121
-754.322876
453.625244
1757.904785
358.661621
351.142151
626.354248
-1322.617432
-695.227051
-953.380859
439.100586
-624.942993
-1322.973145
-580.367676
-198.290283
-1480.923340
-562.854980
1038.712891
-1551.466309
-1095.040039
-445.924683
-1084.092163
-511.959106
-162.488647
939.304993
1303.364014
1535.706055
651.203125
-217.353516
486.288086
358.897705
739.240967
98.361816
-3642.372559
-127.551025
627.090820
232.355835
160.138184
790.560547
-1942.999512
-2228.539062
1224.842896
543.368652
1430.693359
-958.661133
-528.996094
-359.482422
16.782715
-4786.102051
358.278076
12.829590
-488.196289
-1147.743164
118.021790
151.894043
-972.449219
-264.997559
75.055664
-112.573730
-845.892029
-1431.682007
-738.607422
-27.561035
-152.338867
79.616699
451.052734
-220.566650
-48.014160
288.627441
-575.592407
-987.511230
272.767578
973.749023
1223.780884
-165.204590
-508.634766
72.478516
1335.653320
2820.478516
2617.777832
386.495605
-259.880371
-125.479980
96.203125
-825.948242
-296.583008
-140.794434
459.626953
1304.146484
478.081055
-1224.697754
-1954.106079
-1291.142822
355.517090
483.825195
-959.987061
-1356.093506
-420.505005
1204.069092
476.220581
87.308594
-803.365234
-541.375000
-215.232910
1647.530273
2046.351562
-54.422592
-335.199219
709.218750
1654.544922
2588.771973
-212.359039
-1481.550293
640.947510
1383.546387
451.604004
-822.283081
-513.068115
433.583984
-295.901855
183.440308
570.396973
451.780273
1445.321289
-24.512024
1553.266113
4632.142578
3668.699951
2272.359375
1032.433594
-737.257568
-1104.415283
-1279.495728
83.374512
610.124512
355.142151
-796.588867
191.055664
3.517090
446.339111
912.045898
853.727539
1115.514160
577.441895
994.054199
-750.516113
-302.531738
952.497314
713.621338
-1871.524536
-414.975586
2132.377930
3394.770508
4276.205078
2172.192139
1106.416016
103.692383
-2995.032227
-3813.120605
-998.625977
-912.894531
882.742920
192.675781
507.757324
-2527.863525
-3366.200684
-781.718262
320.575684
-103.481934
105.303711
508.463379
526.652344
-239.716309
-177.184082
16.690430
-1040.558105
458.784485
-520.879272
265.787476
-263.497559
41.958008
4.252075
26.999268
1175.532959
25.596924
-863.396973
-563.786621
177.031250
417.589844
504.470703
697.730469
404.135895
41.892090
-759.393555
-885.682129
60.449219
624.056152
1128.242188
1145.050049
728.918945
475.078369
173.374512
397.688782
683.213379
-1798.216797
4.071777
367.342285
-19.179688
-687.931274
-1408.034668
-2216.144531
130.388672
-30.524536
-1017.658447
-1065.731934
450.357422
976.698730
775.593262
247.769775
-143.737061
451.661896
525.397705
782.777344
994.427490
-267.531738
238.153320
573.462158
998.729492
604.010742
184.939819
-423.508057
-513.615967
-15.447266
-287.028809
-155.296753
786.590332
1815.634277
110.776855
-1383.660889
-452.738159
-659.654297
1127.756836
-150.853516
174.681885
-1566.217773
-114.936768
1039.718018
1164.510620
1319.698730
2156.005371
720.205566
-367.260742
-492.677551
-2116.380859
-2454.408691
36.045898
544.276123
341.272949
-378.314331
-103.521790
-348.251953
-186.760498
66.658691
-317.785889
-233.536621
366.597900
179.956299
966.552307
877.039062
361.649902
508.877197
499.213135
-329.583252
-332.989258
253.805176
509.688110
2192.434814
1481.120972
-172.977539
-593.902832
92.830078
-204.468750
627.168945
759.076172
141.053711
-697.738281
-1169.008057
-816.931641
498.834229
2846.999023
4698.953613
1327.695312
-534.526611
-188.235962
-118.577515
-768.059204
171.767212
163.409485
220.672852
1356.616211
489.957031
359.625977
-395.179688
132.469116
619.589844
-531.332336
232.982300
367.693359
-155.942383
925.040771
295.959961
-360.482422
55.166992
-686.881226
485.776367
1258.780273
545.712891
-413.381836
367.476562
448.906250
-73.208008
-384.741943
-160.130859
743.688477
-142.390625
929.667480
1221.427979
597.424316
-684.119629
-1526.716431
-1013.086670
-5.653320
-389.731689
-993.616699
-1172.753906
-365.415527
-486.503662
-555.062744
814.280762
-379.610840
-1109.773315
-1903.782471
-1287.629150
-947.183105
222.096680
750.558594
1857.183594
-89.855713
-638.587036
-1146.809082
-26.060547
-1545.868652
-3099.967285
-512.986084
1230.778809
597.783569
-335.976318
1092.624023
2186.859375
-244.104004
-731.410400
554.175781
285.972168
-774.203125
538.096680
295.598389
-63.840576
128.869141
-215.817383
542.093994
-1471.142822
-1112.048340
-2001.771973
-937.763672
-766.459717
-1391.598633
-3786.621338
-2393.086426
-142.886749
116.315186
-806.706787
-346.965942
1491.008301
5397.583984
5183.950684
843.159302
-426.573608
1037.332520
1085.367920
-946.566895
-1203.615845
61.890991
-1789.631836
-2799.666260
-78.189331
578.375488
453.199707
1310.361206
1156.997559
194.019775
-1066.945312
-415.339722
618.432983
-2277.636963
-2921.278809
215.382080
768.947388
-51.669678
-319.096680
-987.451904
-888.824951
-1630.369629
-1141.859863
-46.021484
249.706055
378.534912
74.675293
-1406.262207
-3179.204590
-1447.213379
541.239258
-1285.029419
-745.759766
324.624023
-1162.723267
-233.846436
1111.625000
-381.636719
-985.117920
258.489502
172.566406
-625.211426
-298.476807
-804.510254
335.975586
228.346191
-918.483337
-324.555176
140.512695
-217.861328
128.271973
449.374084
420.758789
-1065.841797
-3498.585938
-1678.460938
1162.614624
29.444458
-1023.335083
-600.482666
-218.836914
22.000488
-860.926758
-231.191895
865.584106
-93.030762
511.443115
206.213623
-1963.171997
-851.104614
-166.462891
279.086914
544.836914
-562.433594
889.435547
1371.371094
998.514648
1205.916016
245.443359
-530.043945
-534.971680
-537.397949
788.693481
815.610596
-276.643066
-868.078125
470.679688
255.587891
259.985107
450.132324
60.895508
380.297363
-776.834412
-583.844177
-853.465820
1426.223999
4821.594727
3260.150879
1097.950195
-4346.752930
-8244.127930
-3580.584961
407.251953
1033.025879
-799.748047
-2404.354492
-778.762695
496.396484
1229.535645
995.169922
-515.717285
-2372.749023
-1558.454102
531.904785
-1073.524536
-1899.039062
-855.835449
-973.622070
-666.114258
21.844116
-705.731934
-98.355957
105.777832
68.043701
56.201660
-155.674805
443.096680
904.465637
-296.378906
-4.434570
-64.573730
-736.269653
-849.886230
354.845215
25.995117
-699.018066
473.057251
511.206787
-678.860352
-167.172363
-732.184814
-1182.507446
-1344.273315
-995.249512
-162.254883
-1059.406250
-971.492676
487.260132
405.450684
1726.809570
1391.081055
578.173157
952.048462
23.293701
-1167.489990
-1045.626221
-1168.871704
-1076.096191
-95.535156
530.634277
787.208008
1342.826172
-1253.342285
-1427.399658
506.932556
-391.218689
661.240723
1894.119141
-421.656738
633.562866
1642.765137
2378.736084
3948.313965
2035.214844
651.875488
-790.916870
1534.955566
774.746094
-583.898193
527.154785
708.005920
276.610352
-603.316650
-292.515137
-890.565918
-333.028320
1510.473633
174.646240
-613.380127
-116.583252
-594.857849
-2597.550537
-5873.830078
-3497.091797
-3320.914551
-3552.479004
-1574.341187
-213.314453
52.186523
1664.247314
3746.632568
894.270264
319.734375
348.558594
-68.720215
395.762207
10.242065
-984.979492
-686.787109
-2427.032227
-270.470001
1440.837891
1750.698242
1403.220703
-2.342285
1239.734863
2909.441895
2494.880371
-84.823242
-3843.950684
-4972.206055
-330.036896
308.768066
-542.573242
-193.595215
-348.114746
53.433411
652.603516
908.004883
537.356934
-1435.939087
-1448.958496
-530.899048
-984.381836
-393.854492
-1740.353516
-265.179688
467.941833
247.350098
-998.491211
-234.215576
-361.396484
-503.665039
-249.750977
-1836.276123
938.367554
-829.989746
-882.660156
-91.959961
128.914551
341.820312
610.081055
616.066162
-298.101318
-519.179810
-229.167480
-201.462402
-1422.999023
-2708.404785
-414.100342
-207.876709
-405.003601
-1071.410400
41.210205
333.229736
-335.140747
-71.697998
1540.856323
115.717773
250.851562
374.752686
-1259.768555
208.785034
50.326904
-1237.747559
-753.088623
24.468262
-403.515625
-44.815430
-447.697266
-261.342285
-1016.490234
-807.662598
-233.569824
2215.286133
1004.617188
-462.723633
386.361328
721.220947
-69.844238
587.311035
520.779785
252.087402
176.943359
195.682129
2184.492188
2613.572266
366.779785
915.510559
669.365723
-969.246094
-608.520386
46.476562
-1989.275146
-2105.462402
-221.941895
-344.207520
468.936523
681.922974
-117.316895
114.701477
2546.559082
2216.225098
-137.121826
-695.520508
-566.601562
-236.201660
690.342651
-331.677185
-1010.324158
-26.451797
1431.158447
3436.665771
1758.142212
-1385.460449
-380.744873
-426.912964
-758.611816
149.716248
-232.692627
-369.087891
-1333.029053
1512.091797
1212.523438
-475.707031
427.422119
1714.890381
29.965088
120.045410
372.202148
-326.362396
-84.023438
131.742188
308.297119
-527.689453
-697.440430
552.925293
-394.792236
-14.297775
493.428223
648.353821
-505.724854
-511.209473
-69.871582
523.400391
-1070.279297
-543.582031
-1227.934082
59.083618
1127.244385
547.389648
888.305176
1955.021973
1072.584473
-2016.001709
-5239.551758
-3313.110840
2251.397461
778.928711
807.588623
905.454346
-649.427734
172.013184
1121.279785
299.388184
792.955078
167.071045
-314.857849
887.269043
1133.875244
403.621094
-502.729980
-1489.231445
-98.930176
473.605591
1138.475342
614.604248
-703.977295
431.508789
-300.420654
-460.303894
574.775879
-96.497803
1212.115845
1639.566284
1212.286133
1626.993164
430.381836
1547.971680
381.230896
-705.744629
121.755600
6.201660
-284.791016
365.640259
-189.742676
-2082.639648
-1819.868164
1379.528564
1579.740479
495.078125
-73.677490
-726.811890
239.701813
-804.635132
-1268.226807
444.927246
186.120605
-422.056824
2501.532715
3118.949219
3603.940430
2075.010742
46.721191
124.482422
5.199707
-601.036621
-424.878174
-39.674805
-589.637207
-1219.757324
180.317993
377.502930
298.202148
2678.281006
1648.212158
-296.426544
738.226318
991.694092
831.883301
2248.962402
5065.884277
6332.080078
3686.009277
30.835205
847.475464
-123.966064
-1182.885498
589.998901
1757.918945
1642.929688
573.197754
-1099.060547
-785.333252
-35.058594
-855.012695
-134.361328
-390.289307
706.062012
559.430176
270.549805
177.256348
-412.869141
-64.566254
530.221680
-792.909180
-130.610962
465.420898
-1040.793945
-2040.268311
488.300781
533.492737
878.866211
-74.897461
16.465088
1110.715820
817.389404
224.201172
-181.553223
687.089417
1590.170898
542.307617
-371.935547
-1054.397949
-677.399414
209.849121
942.512756
177.404785
112.614258
19.073242
393.206055
-654.804688
472.591736
-498.211426
-4262.148438
-2969.180664
-509.085754
1383.726562
167.517090
964.690308
62.204834
-1500.180664
-28.702881
557.434082
1427.457031
523.929688
11.107178
-1377.615479
-662.584473
-607.319336
261.668945
729.790833
920.378174
687.987671
1456.463135
1821.475464
694.433105
-821.597168
-1988.540039
-815.270996
701.149902
744.490234
133.284180
978.114502
581.444824
-301.758789
-262.857422
1516.842773
196.205322
-232.520264
617.204590
371.492310
216.270996
-815.655273
-639.348633
-1258.251465
-954.954590
-216.044434
-760.755554
-151.690918
1130.094727
1600.711548
1250.543945
-221.129089
-1090.718506
397.207764
801.398010
901.377563
-357.830078
-211.775391
213.000977
115.012207
-1100.688721
982.865723
-347.965332
-1880.611938
-985.257324
-177.537109
798.022949
1343.515137
518.165771
-503.188721
1555.847656
1225.675781
18.569336
645.350586
230.362183
-400.851562
91.555176
500.882812
544.139648
-127.085571
-1154.331543
-561.827637
1163.377930
605.639648
227.952881
584.213867
82.577637
-150.094849
-2647.810791
-7234.103516
-3050.004150
731.340332
-487.791016
-31.489746
553.431519
492.783203
699.262695
9.663330
471.282959
328.468079
134.998291
595.071289
574.853027
-651.926758
-214.918457
-200.267578
742.855469
701.265869
-675.312256
-2691.805908
-1692.325684
-745.601562
104.632812
-803.748291
-1240.703003
-944.770020
-799.602051
271.988770
444.392334
-348.913940
-497.656250
37.468750
-453.842773
-566.961914
613.673096
216.936279
34.280762
-1140.044434
-1656.325195
-329.949219
15.185547
217.377197
316.294556
1.839355
-1130.858032
-634.218262
2387.252441
2635.677490
80.912476
-620.404297
-1007.014648
-924.520508
151.245117
-415.586060
508.975708
-168.250488
-850.454102
54.439941
-1052.067383
-711.663086
500.781250
502.635986
648.528320
-645.373047
-1003.614807
-508.260254
-240.334961
-1043.871582
-1352.906372
-1660.143066
-657.822388
1145.771484
-697.331055
-127.861328
-487.148438
-1960.612305
-1841.458496
422.194336
1088.951416
556.631836
563.438965
-544.864258
1011.181152
4514.824219
4493.784180
740.643555
224.947754
966.382812
-598.750732
-259.066528
-423.557922
-831.321838
728.962769
383.892334
-352.294922
-879.890137
419.264160
1278.165039
551.175293
1416.915039
2522.517578
3111.907227
1311.698242
317.061523
198.276123
-329.143555
-635.761719
-1826.149902
701.571289
-100.176270
244.800903
-523.025635
-475.353302
313.955566
-607.306641
-1329.033203
-6.731934
225.055664
1221.668213
1532.631836
-272.678223
-215.941406
-67.276367
-646.114258
-40.361816
-68.952148
-632.179199
2240.908691
1516.008423
232.075684
-674.479126
-1893.720215
683.500977
1165.236816
670.826050
396.127014
-1762.865356
-2869.973877
-1311.226318
513.790527
-323.605469
-542.330078
456.954102
-66.416992
393.558594
6.979492
863.179443
-29.524536
-37.201172
-367.542480
-1065.102905
-205.660156
694.120117
-680.267578
-419.913086
1295.165283
-2851.389648
-580.847656
441.584961
-1364.876953
-527.446289
-809.636230
-332.765625
-278.772461
138.943604
379.435303
1447.461182
-662.146729
-992.976929
69.046753
234.724487
-435.154297
409.254395
1050.790527
704.008301
-889.263184
-549.810059
582.184570
576.878418
248.384033
1039.459961
1353.813965
-461.487305
37.070801
-285.311768
410.122070
-358.367188
1419.712891
-814.107544
-359.865845
394.317871
273.715454
1088.754761
1009.760132
-1136.969727
-1252.033936
-1111.376465
-1228.425049
-1231.326904
-1190.857788
-9.605225
279.932617
-168.361450
795.737793
-26.628418
759.196777
744.963379
-307.770081
-1659.899780
-1396.777832
-1057.668823
-823.902832
295.127441
1655.760254
1737.347046
1240.847656
-292.164185
-1203.739502
92.674683
261.354004
-23.406250
471.013672
370.960449
693.995117
-983.425293
92.298340
-427.286133
-105.555664
595.390625
125.024902
632.901367
637.336914
-20.673340
-1944.195312
-1338.522095
-413.777344
-187.764160
-653.979980
-2651.120605
-1874.681152
180.644836
1723.708496
1439.592285
656.644043
201.527344
64.060059
33.557861
441.280762
237.317871
119.704102
-519.581055
-292.524536
-696.687622
-1239.982666
-760.172363
110.006836
1153.718262
844.368408
235.287598
-723.318848
-1071.379150
-221.797852
1154.498047
1439.502197
375.231445
-739.961426
299.451172
533.923828
1768.120117
-741.787292
-656.853516
846.832153
-641.840332
436.112305
580.341309
511.194824
-438.426270
-40.563965
-126.169922
-600.118164
325.847412
-516.894043
1169.148438
1068.359863
549.694824
-221.862305
754.996094
663.041992
246.364258
340.789307
6.507935
901.392944
96.537354
-1315.604248
-119.609009
1223.240479
717.990723
813.427246
598.205078
-880.993530
-1349.401611
-925.524536
-782.524536
-869.813354
-121.439941
440.676819
634.307129
416.250000
-822.696289
-1518.246582
811.475464
-499.898804
139.229736
-59.632324
445.912598
1450.807617
-94.877197
822.045532
2912.998047
717.017700
487.849609
124.776367
448.360352
380.932129
-228.040283
1364.008789
1806.825195
-1451.355957
-508.628662
-497.081787
-698.519775
1242.467285
490.962891
-2554.106445
-1473.150391
-475.875000
-211.698242
196.388672
212.841797
-1039.301758
-1200.161621
772.258301
1660.379883
1722.559570
795.066406
665.118408
584.000000
1011.071289
-972.927856
-992.176025
-75.251953
165.475464
584.160645
-514.117554
-905.788086
307.136475
1757.101318
-452.737671
3552.847412
1880.563721
1009.051758
-389.207214
1745.661133
783.723633
-365.805664
-769.597961
-1181.948242
570.727051
-159.780273
-540.828613
-738.721191
666.545898
-1005.476074
502.803467
-483.709961
-597.191406
114.422638
-931.918762
-288.471680
-253.654297
-1124.537109
507.594238
428.499023
1128.186035
895.774170
49.032715
-430.050171
-52.805176
1174.225586
1633.957031
329.195801
735.603027
-487.782715
-1849.786133
901.134888
-597.706543
-1070.310791
-126.346680
797.515137
-17.181641
235.329239
346.068848
2495.794922
432.153320
-138.870605
1122.955811
-613.850342
519.195801
920.178711
-283.361084
-611.470215
-2695.605957
350.398438
-184.284424
-791.363525
-198.175781
2205.514160
1121.329102
-965.544312
255.252686
649.238281
-49.027832
263.899902
995.655762
-73.636230
-172.350586
-345.588623
-1443.969727
-2747.594727
-1056.771484
693.258789
822.292969
-337.716064
-61.047180
633.388611
-177.082275
231.269531
1336.423096
230.142044
-802.312317
-1199.463379
-588.789551
2257.442383
973.868164
-1071.276855
-337.371094
-788.686523
144.133789
323.146301
-181.410706
613.882080
580.506836
74.257324
-708.464111
357.414307
180.937500
-1372.004395
-1081.524414
-448.645508
516.309570
-573.998535
-1699.533691
934.352417
1683.404053
1026.773438
-886.415039
-801.176025
19.437500
-741.904785
397.520020
1457.674805
191.829590
1099.788574
257.389648
92.783203
1280.021484
2316.648438
476.482422
457.885254
132.921875
1570.786133
4023.870361
-1089.420166
1319.893066
-89.596436
548.657227
-353.514648
-1173.556152
805.741699
824.015137
1809.945801
763.279297
1146.157227
939.713379
-1487.259521
962.442383
-31.452148
-53.369141
-87.332031
-1386.067383
945.555786
1462.366943
925.569580
99.224121
2154.033203
2115.945801
-333.060303
560.169434
609.657227
962.498047
-1333.530029
-992.013184
999.371582
1042.388672
588.965820
-757.937012
438.552734
648.822998
-248.825684
462.336182
723.182251
70.099121
702.153320
-646.513062
685.715820
-1517.546875
151.863770
5.345947
-441.813477
-2496.618164
-590.664062
421.514160
678.185059
152.572998
14.405518
-632.489014
-325.281738
-194.673340
364.426270
348.415894
358.007080
-1359.354736
-1348.940430
-532.202148
1460.043945
183.077148
665.958008
1491.849609
-739.154053
705.833984
1034.739258
-1195.412598
-283.582275
-145.069580
745.208252
474.987305
927.619873
1551.247559
1155.128906
-1370.788330
-486.169525
651.790527
-275.695312
-51.549316
-1291.179932
115.817383
1277.208496
-210.381714
-363.542480
-457.282104
-2006.685913
-76.841064
1270.043213
260.250000
433.952881
-633.857849
-503.790283
2907.811768
-129.949219
2402.840576
-928.394531
-115.797852
-368.499512
-809.417480
-245.964844
-1074.132080
-1145.853516
386.030273
1012.994141
397.235352
225.977051
-266.827637
-538.351074
-554.153564
796.721191
928.788086
-247.560547
344.160339
-1447.263184
-2003.311157
190.894287
993.303467
-55.088379
-599.027100
-817.225586
-839.279663
993.159180
1716.871094
341.893555
67.870605
-884.705078
-1082.005493
-1082.667114
-436.849609
593.340576
-98.258240
-2936.266602
-3481.544922
-1010.853760
-470.244629
835.179199
631.976807
-723.230469
982.307129
-1553.075195
326.680176
-466.811646
600.755371
2783.263184
1111.876465
983.692139
-1124.790527
-3056.912598
-2382.059570
-1381.067383
-552.374512
-92.105957
143.123047
1721.634766
482.989746
298.243652
354.971924
-137.628906
-73.921387
499.499115
2135.507324
4120.141113
1707.048828
-718.887085
-197.524536
466.475464
1311.836914
-451.278076
-385.874023
475.520996
285.015625
-866.576294
-115.501953
-1192.163330
-1968.881470
1370.867676
1408.841309
1485.118164
252.331787
-1383.207520
335.299561
190.778137
800.707520
2113.940430
136.729980
-1708.751221
-698.346436
624.192749
149.843262
1795.371094
-506.784668
356.057129
966.474609
-858.539551
-311.555908
1578.475464
1073.591797
639.695312
575.009766
-2027.364258
-3410.130859
-3205.717773
42.390625
-713.524536
-1546.678223
-504.410156
-40.852051
1093.777100
878.239258
923.674805
-251.819824
180.558105
-687.042053
-241.104492
-753.446899
139.919922
-89.512695
-1001.943359
-412.435547
-48.015045
872.045898
1898.264648
1281.861328
-569.036621
963.756348
1777.265137
-408.657959
-1178.608887
296.763672
-2724.344727
-673.442871
462.078003
-1519.689697
-3058.374023
-2698.023926
544.822266
490.738281
315.476562
191.089844
1124.990234
865.807617
-522.645508
-16.096680
1704.096680
-1591.189453
-409.870605
1759.625977
1478.912109
1204.080078
284.494141
-1707.382324
-827.249023
-2068.378418
534.212402
-286.413086
788.010742
1452.248779
191.386719
-306.058594
-406.579590
465.275146
904.870972
377.884277
-1160.835449
-1387.634277
271.985352
-219.856934
-782.063232
-329.962158
-275.983398
-355.614746
-779.122437
-349.494141
1152.115234
1458.164062
1339.122070
963.650635
862.485596
-749.024902
-1381.888184
363.905273
265.893555
5448.142090
4550.190430
-278.547852
-457.060547
-1520.760254
-599.083008
249.616699
-103.677979
645.993652
810.101074
900.106140
628.145508
577.020020
638.227051
-1007.630859
-495.758301
5.761719
316.145142
-279.634277
-3446.399414
-1766.277344
-395.844727
-1188.176880
-1212.896484
-276.742188
-248.974487
316.909180
997.583984
-196.555420
276.495117
-690.986328
-138.060547
88.564178
-707.857788
-317.872559
955.206543
-727.441162
871.692871
3465.199219
2529.745117
347.347656
1035.623535
-369.568359
-172.228516
860.430176
1286.109863
275.141602
1426.710938
-108.866211
524.475464
-388.669922
-868.227539
101.271614
-412.937500
-1477.108032
-102.862305
-228.406250
-723.418213
1781.900635
146.274261
-248.726562
-937.022949
-1445.061523
449.473145
353.475464
-849.791870
83.380859
651.373291
234.174683
-578.958008
-255.741211
475.475464
-949.326660
-302.252930
764.566528
840.171875
296.946777
545.040527
-220.399292
531.755249
327.223633
411.215027
1465.003662
490.088867
-765.058594
-1380.353027
-1810.675903
-123.259521
1361.268555
1463.024902
1655.145996
1411.301270
1070.578125
-511.221680
483.350098
-32.562500
755.744263
-33.995972
-729.210938
357.177979
146.010742
392.811523
610.235840
572.989746
665.980835
-1341.324219
-181.828247
294.352966
-1014.784180
824.026855
596.452637
-1279.769531
-217.410889
107.454224
-769.589355
905.041992
355.713867
-522.068359
-2060.818848
-1799.325562
-263.314697
40.475464
-362.336426
191.592773
-507.409180
-765.006836
326.731934
-438.749023
-385.164551
1105.525879
373.770752
-771.830444
-767.061035
-192.406006
489.644043
-515.851196
-463.208008
208.505859
-251.916504
815.943359
1175.869629
1096.566162
3442.727539
3947.264648
2610.306641
-612.315918
319.284424
-557.561523
2483.328857
4866.064453
1009.290039
-4.849487
1179.392090
-2859.370605
572.623047
804.626221
1192.822754
896.361694
-163.892090
-182.431641
114.897949
605.603516
553.424316
190.377441
1050.597656
-655.571899
-1918.513916
-1060.416504
-604.329834
-167.026367
12.195801
-149.023438
28.365723
86.566895
886.627930
909.750000
-45.438232
-100.098145
212.127441
-334.538574
-55.051758
443.386719
1100.994873
306.099609
-671.453125
23.604492
-886.440918
-1199.060791
-731.907227
1798.463623
-321.524536
-688.687134
434.855438
-2681.208984
-3623.209961
117.065308
261.695801
-392.098877
-188.821747
-25.032471
1277.591187
122.628662
-77.520996
1262.538330
-1345.302979
-2425.441895
-131.796387
-490.244629
-438.662598
575.887695
-116.273926
1415.828125
587.116455
3064.684082
3592.445312
1243.656738
331.434082
173.636719
-13.754639
256.206299
34.662598
1369.706055
1762.052734
951.428162
1178.785645
822.748047
-251.705566
575.298218
2560.650391
959.943848
-17.236328
-874.047852
-1790.500000
505.868652
3411.262939
2928.345215
405.398926
1084.775391
1788.648438
1110.266113
-932.180664
-795.464355
662.081543
-82.172241
962.545410
566.364258
-1801.558594
-7883.293945
-821.979492
1513.131836
746.905029
-637.521484
84.485596
1181.780518
787.622070
501.001953
664.024170
786.526245
363.036499
-1085.817383
-324.095703
1904.688477
-354.281250
397.153320
-119.459961
364.788574
281.385742
208.923950
987.912109
685.065918
193.439453
340.541016
-285.211914
682.475464
946.794434
293.587891
-1379.353394
-585.624512
-544.757812
697.496094
223.916229
-1312.434448
418.655518
394.135010
827.471191
230.471191
-634.851562
-155.868164
2985.118164
262.782227
-838.614563
-110.640381
-935.369141
-55.018066
713.073608
1015.641663
987.192871
548.525879
-152.433838
-552.134766
273.229492
-1175.665527
-1034.139160
808.187988
-750.805664
-390.079712
497.655518
-439.836914
1296.789062
-526.316406
-1732.729980
-1042.520386
66.516113
1539.191650
749.349854
513.870605
-547.839111
-3716.432617
-3412.994141
-2829.920898
-46.913635
557.955017
-310.567017
644.165039
1092.300781
-164.186768
-1464.790405
1040.895508
59.967285
-1358.080566
-3431.835938
-1236.773438
381.418945
567.628296
-524.184082
-1524.160645
-1588.811523
2557.808594
1345.876953
827.446289
-701.601074
58.441895
553.948242
2426.333252
2940.546875
15.654785
-804.503174
637.418823
422.464630
307.914795
-949.141113
-673.438965
-262.573242
211.226074
1334.181641
871.958984
61.188721
919.587891
232.625977
1617.632324
1306.833496
160.401855
426.069336
-961.132812
-234.825684
568.729919
798.112793
755.069458
-624.918457
-753.482422
-188.687988
249.551758
-693.991211
344.550293
2349.883301
-964.600830
-2.211426
782.318359
-420.772461
615.036377
786.669922
598.612305
166.203125
1121.546387
-111.590332
-284.989746
-695.606445
-1099.062866
344.188629
-1004.551270
-428.213379
-163.061523
633.074707
171.881836
1775.672119
2247.717529
865.222656
948.863770
590.941895
1109.926025
971.368896
501.848145
180.986816
496.145508
363.034668
22.413086
-230.499756
854.296997
308.456177
-158.113037
3048.697754
2375.268555
291.624512
-465.673828
-4246.659180
-2547.350586
403.640869
-96.768799
3141.180420
5669.013672
1889.552002
-310.360840
-20.029297
374.352539
284.354004
1589.196289
452.878052
-967.536255
-315.077026
395.475464
-1485.264771
-1242.493286
752.891846
-587.965088
-781.678284
508.798096
1148.173584
2808.978516
2067.191406
-818.014160
-635.963379
62.580811
435.741455
1203.079590
484.648438
-2111.919922
-1364.736328
426.309570
280.635742
-479.746582
1158.644775
78.926758
-17.203125
319.347168
-1038.740723
-494.817383
-217.314941
266.765625
348.292480
-645.569092
-1337.835571
-1097.742432
657.151367
245.870117
-837.657227
-780.708984
659.576660
1083.790527
-270.949951
-3286.280273
-4828.604004
36.883057
650.119141
948.090820
628.255371
-732.764648
-352.132812
736.497070
1541.254883
-300.086914
15.208984
-2602.542969
1420.973633
1456.619141
1048.940674
-1137.713867
1194.905273
1278.287109
2412.262207
604.612305
-1060.977539
-2041.877441
183.991333
1482.866455
341.749023
145.912842
-1011.676208
-121.528442
1603.457520
-1150.241821
-1430.792236
-328.094482
45.540771
2559.657227
3445.450684
482.799683
587.278076
-1827.614014
-2578.075195
-1378.229004
-210.632080
-659.778320
556.804871
1346.934082
729.504395
653.243164
-352.282959
-1735.516968
-2262.725342
-1712.214355
-326.213867
-372.601562
-442.283203
364.703125
-62.249512
-421.720703
721.440430
91.966797
-635.906250
1861.138672
317.217773
709.296204
817.142151
-890.740356
-1037.379150
276.590820
1189.290039
-283.192261
-307.848633
621.867188
857.949707
-75.870117
2586.367188
5867.712891
4563.131836
-282.128906
1292.348267
1566.720215
-170.950195
-284.463867
-246.250488
431.979004
318.021484
2172.376953
3859.491211
2158.985352
489.990479
316.892578
389.396484
-495.661621
-272.133789
169.031250
339.908203
2172.104004
2810.038574
680.378418
-270.878662
-2574.615967
-885.786621
-129.686768
969.355835
143.473145
7.040283
-40.297852
383.110840
-425.780640
1444.312012
3644.424805
3986.399902
610.341919
-322.302734
355.368286
225.779785
559.052979
297.357178
-270.219238
378.958984
1326.679932
-564.827393
39.115723
2252.421875
878.449219
725.280029
1533.127930
1947.022461
-949.147461
-877.573730
-540.492920
1156.532715
-388.045898
105.657227
-4462.747559
-3002.306152
31.923828
917.296387
186.687012
-114.804688
684.138184
643.698242
698.694336
59.420898
116.808319
740.966797
1040.586914
-389.008789
-2626.591797
-1077.722656
-394.123230
770.705078
1662.427979
274.554443
-815.597229
-3688.081543
-1259.187012
430.739258
-764.928955
-230.343262
48.370117
1657.734375
1769.750000
-925.917969
-724.757935
-1588.279297
-2694.824219
-1161.791992
-463.563477
3011.165039
292.593750
-107.707031
613.606384
249.625244
537.455200
1044.531982
-1458.857788
-462.283051
1245.637939
-589.857788
-814.467773
-162.713379
-180.109131
1446.492676
48.281250
664.363281
773.684814
75.661621
659.476074
1633.313110
192.669922
-160.933594
162.038574
-213.262451
-201.611084
796.368164
1101.885010
922.272095
-518.208984
1284.099121
82.613770
753.980469
-105.865540
-769.850586
-1019.419556
1719.960449
1318.533447
1056.293457
832.619629
-1599.741943
650.120850
2752.218262
2205.537598
863.345093
-1023.645508
2301.715820
-2689.277832
49.314453
95.426758
-1378.887695
-9.447021
-191.857803
-60.470825
-118.143311
1086.616211
310.971680
1778.150879
3335.931396
-576.026855
-990.245850
-493.907715
24.315948
2380.980957
1356.266602
-72.562500
-38.007324
327.007263
1686.513184
2401.342285
-219.399414
-3948.558594
-3022.442871
644.574097
5416.635254
9709.273438
5189.787109
-996.367432
-101.613037
-250.588379
-897.200317
211.264893
475.523438
467.516113
545.219238
-814.967285
-311.360840
-812.905273
-445.625977
-84.981934
415.383057
549.799805
14.145020
283.268555
24.573730
-412.999146
-800.850037
14.220459
315.669922
-372.985596
-544.247681
-236.911133
211.205566
-911.781250
-620.019287
-936.544800
-1548.721069
46.844238
271.930359
242.160156
479.428223
-224.684387
-673.151367
-468.535156
1032.500000
1055.748535
893.290039
1433.087891
527.512207
52.672363
-771.030518
-690.419678
1395.249268
1301.252808
-222.407227
403.173828
1655.680908
344.295532
-2402.491211
-1082.652344
209.317627
506.021240
714.847656
2182.348145
-33.437988
-329.971680
-1041.910645
-335.733887
-30.326904
-310.272583
574.989014
1126.943604
-27.707520
-636.344299
1086.614502
322.621338
70.568054
1710.475464
373.875641
-1721.615967
-1109.465332
679.506348
-1666.318359
-1116.560547
-539.599609
-50.166016
-98.261719
531.504395
333.506348
-27.092224
506.930664
-384.388672
-692.281982
-1217.868408
209.100586
920.546875
310.645508
-73.297607
-990.158203
-205.671875
631.476074
-159.691833
-867.840820
-284.708008
-773.394287
-1079.374512
-1363.598633
-663.412720
-1664.356445
-1621.193359
-383.276611
-1325.055298
653.301025
892.452148
43.456055
1065.650269
352.930664
669.289551
1581.853027
763.018066
-364.423645
709.096191
-95.192383
231.471680
-615.633301
-1797.243164
-306.978760
978.281250
-693.655273
1813.826172
562.743164
-711.385254
-996.722168
-561.759277
-306.102539
316.654053
269.603271
-235.967041
-105.143311
645.406982
258.159668
-878.173340
-545.080078
803.498535
174.963684
452.111694
394.712036
-1559.524536
274.603516
545.603577
-369.145782
890.333923
1133.503906
-679.790894
430.963257
23.119629
108.158203
399.541016
81.916992
-1388.982910
-1078.729736
94.522949
589.567383
713.956055
-526.552490
660.137207
-546.931641
-2022.425049
1623.822266
1130.414551
-153.783447
-225.597656
-4369.061523
-1892.255859
435.125977
-648.186035
2067.822266
1566.369141
1820.062988
-644.364746
26.463867
112.556458
542.905273
1112.665039
1174.475342
3922.699707
2995.863281
-73.081299
55.154785
549.121582
740.141724
1135.101562
2244.631348
-33.357910
-1111.597534
-40.071533
2002.125977
1290.838379
-1143.836304
-1392.386230
270.187500
-144.573853
1582.567627
-1453.584229
-2113.052734
-553.261536
-968.224609
-782.249512
-125.577148
-742.975098
-2301.794922
-611.635742
-967.382812
-916.191895
-202.279053
678.699219
1196.833252
1017.715576
1217.025879
28.195801
-886.994141
749.665039
-1361.576172
-672.357422
1255.407959
567.027832
-1260.631836
-532.289062
269.668701
570.359009
281.799927
1462.724609
472.630859
-398.134033
-1338.089844
-227.226074
-110.567383
-601.923340
-77.165039
355.563477
-1430.009277
-1264.657715
-29.068848
477.579346
1577.430664
1037.620605
1492.960205
405.718262
-1655.052368
-1638.262695
-1195.243896
-945.132080
-232.903809
-1309.031250
-1678.583008
-32.114746
400.749512
1933.525391
1463.565918
-1194.516113
-1086.908203
-185.489258
-334.983398
-435.649414
637.510742
-260.700195
-1074.120117
-1191.243896
-718.447876
526.676270
1728.689941
1153.185791
-312.341309
32.119797
290.896729
-345.647705
256.907715
-424.708984
-814.619507
-253.654541
878.841797
1074.229370
221.042480
785.005371
-110.326172
-2216.829590
-2015.898926
803.107910
223.572021
20.390442
499.202148
469.720215
275.995117
-863.000488
409.020508
206.266602
-181.032227
555.326660
-998.642334
-450.077148
-215.222168
955.564941
2495.572754
940.019775
-1075.663330
-27.940430
-385.360352
-351.300781
1202.573730
986.717285
1216.145996
1179.487305
760.273438
-1411.622192
-23.777344
216.255859
533.585693
764.072266
-81.153809
-148.789551
217.664062
-161.586426
84.913574
653.730469
-3181.364258
-3774.356689
-100.711914
668.918213
-96.260254
-202.369141
-1178.030029
-222.884766
1632.542969
2502.713867
936.483887
754.956909
994.293701
-307.194824
-1208.471924
-1160.836060
-757.916504
433.196289
409.794922
-396.784668
-275.639771
-182.880127
1004.763672
2335.903320
537.426758
591.338928
201.654663
-758.632202
516.122192
-186.451416
-542.805176
-669.235107
-72.409607
-47.784302
-1045.713257
435.236816
1765.727539
423.765625
-888.983398
-418.392090
-103.563965
649.524902
297.589844
845.501953
-82.646484
-996.738281
-280.305664
-190.929443
-780.589844
-168.144409
1223.638428
996.663208
145.282959
-880.591797
-1593.793945
-923.210449
-714.855042
-1741.856445
98.910156
-139.290222
-440.524536
3318.795654
3221.811035
410.482666
-1126.061157
451.598389
-75.566040
127.013184
1745.588745
-497.372314
-521.863281
722.741211
1198.179199
1132.899414
-743.741333
-320.807800
1375.737061
385.270020
645.821289
215.222656
-3012.120605
-2125.334473
63.166504
-525.906006
-951.886230
648.302734
-316.042969
1098.359131
5227.900391
1907.799805
-1414.562500
-1983.150879
-2815.725342
-1565.190430
-663.750977
754.031250
1073.921143
-143.184326
-60.124756
1448.580078
55.772217
-1575.766113
-613.739746
1363.705078
1578.559570
335.416016
516.315918
486.167114
-362.153748
-510.857849
1019.477478
559.689087
-1092.684692
1228.923828
815.738281
-1502.936035
-819.727051
-241.102051
-295.083984
1133.208984
2624.092285
356.987061
512.495605
884.591797
-144.758301
-564.217041
774.815186
-1392.337158
-1127.862793
-769.612305
-1681.952148
-463.171875
-1875.904419
-780.312500
-1419.263428
-727.338379
1113.488770
1133.958984
1619.351074
1133.300049
480.634277
-22.518555
-219.664062
499.355957
474.819855
-935.420654
-408.048706
-187.956787
-200.170654
-83.345581
850.905762
990.139954
267.411133
349.877075
-743.759766
-1263.042480
-1214.872314
148.410645
-205.592773
-1223.194580
-1313.649902
-1077.864258
-315.946289
-9.562988
842.778320
275.194336
605.665527
-668.990173
-2734.198730
-3055.332031
291.430420
381.137451
1184.323975
4189.495605
1107.200195
-1351.612793
-1355.019043
-582.163574
-141.683838
1340.557617
1593.124023
882.083984
-438.421875
464.748779
408.513184
-66.718750
-226.050049
-1570.542480
47.256561
1225.762207
-151.386475
45.433594
1311.767578
-725.404297
-432.316406
122.686035
179.390442
793.475464
-1176.930420
830.003906
61.393066
368.182251
1819.416016
586.577637
-95.104736
502.341309
277.432617
-616.792236
2064.180176
854.792480
230.400391
-895.908691
-583.503418
1018.022339
448.880371
147.591797
684.483398
324.622559
1257.655396
270.593079
-931.201172
845.549927
-1278.034424
133.732422
-550.540039
103.211914
3995.285645
3411.728271
77.367676
-21.219727
529.415527
-295.320801
-1281.059814
-940.420410
1658.362305
-297.705566
-627.502930
21.036865
97.362793
8.469971
-8.168213
2286.194092
7219.535156
4632.647949
-779.023438
716.770020
-136.844482
-839.482666
1561.031494
104.550049
-1336.706543
-919.444336
-2578.189453
-295.093506
635.614197
-724.174072
1277.860107
686.581543
-150.716797
856.701782
543.427856
863.885681
248.235229
-1452.277222
447.923828
1302.703613
368.177979
649.541504
199.979980
307.305664
1154.621582
1223.933105
831.260742
1375.407227
-192.255371
-221.767578
-396.919434
-197.525757
-1129.018311
-515.750977
-179.447510
-1665.453125
-4556.675293
-2818.027344
-161.542847
31.035278
2039.194336
3963.429688
447.142151
-1210.492065
-207.407227
-1297.932617
2297.896973
6031.000488
2175.517090
-287.191162
1351.273315
48.153076
3.334961
775.582031
-753.842285
-900.730408
1519.865723
4911.857422
3731.181152
329.311035
-402.389160
-1234.033691
-537.190430
498.702637
-325.213379
-1020.621094
-580.663086
450.374634
138.511230
-1026.745117
-4554.706055
-4215.286133
-540.520020
-14.164062
-797.455078
1682.839844
90.246773
75.380859
1474.289062
1390.846924
48.128418
-917.466309
-3428.532471
-1796.426025
-187.342773
1873.015015
3732.617920
2314.319824
-19.359375
90.672852
-61.374634
356.556641
665.851318
955.883789
707.385742
45.323730
824.256104
-115.529541
-719.123718
1044.272949
681.094849
474.302246
147.827637
-363.933350
677.704590
234.008789
-1108.112793
-629.578613
-870.959351
-204.682617
513.498047
449.688965
-2804.041992
-3768.421387
-405.838867
273.954224
-504.665527
322.745117
-1016.104126
-2216.115967
-119.102783
229.783691
824.416260
498.442078
34.451172
305.700684
-511.152344
249.408691
233.223633
245.063232
940.574219
-100.475098
-1151.211914
-895.240234
349.218262
1663.631592
1697.105713
-168.558105
-324.522705
-2219.637939
-2255.561279
750.718689
294.302979
-955.282715
-309.737793
142.629395
1199.456299
999.696594
-465.288208
412.559570
3401.513184
2828.197754
1124.786133
-790.158203
854.229614
6.467285
-1222.500244
-400.929688
-95.136841
-1025.611572
251.075195
585.125977
-124.453491
129.535187
-744.546570
-696.425293
1112.715576
1412.182861
570.744507
1001.822021
-765.451721
-337.726318
836.193359
-641.378418
-190.751465
-179.207520
-775.873047
588.681152
2085.778809
2383.179688
-373.599609
-16.627930
431.315430
279.595703
-307.107422
175.016846
1656.861328
6693.677246
5868.775391
560.078491
-1169.950684
236.134277
826.659973
1290.785645
1227.662109
790.834961
168.739014
-471.177002
779.802002
529.090576
-1130.089111
-221.003418
485.401855
864.757812
724.696045
-1051.108643
428.131958
-108.907715
-1214.400146
-46.308838
601.712402
1459.168457
568.226318
-842.668457
-907.007812
1102.467041
2900.882324
-329.202759
-652.020386
-898.909668
-2901.083496
-593.251953
2080.651367
595.217285
-331.286743
-4133.464844
-4380.948242
-1297.835327
712.264404
612.384521
-398.467773
-872.857849
-1017.518555
542.978027
1228.827148
33.737061
259.179626
10.652954
-1339.705566
-1695.923950
-1056.928955
375.159668
568.218750
-251.475586
-290.973633
598.525391
510.493164
737.306152
596.980225
686.214355
407.035156
-1788.520020
-5066.955566
-3364.327637
-312.950439
1487.727051
3674.223633
1528.219971
-530.797607
-157.497589
3663.366211
2942.064453
1527.137695
-1499.743896
-3243.966309
-1110.521484
1499.404297
924.255371
-955.863037
-1990.979980
-913.486572
836.884277
1095.538574
-1380.629883
-1415.562500
78.893311
756.790527
1660.352295
1633.873901
365.295410
1089.206055
1324.979980
-425.851562
1148.605469
3307.135742
3225.091309
755.925293
-200.427246
-1225.697998
-92.224609
781.910645
1153.233398
737.845764
-3379.552979
-1879.202148
-405.044800
-769.772339
251.486816
773.384766
372.964844
607.475464
842.677734
-369.349609
-615.834473
-853.537354
337.599121
378.879395
137.535156
722.050171
-761.961426
-902.866455
-1304.145996
-1185.764648
863.166504
350.957520
46.150391
2300.298828
1198.419922
-858.264648
-1209.115723
-326.791504
-4.357422
739.489746
871.765869
771.951660
-861.151855
-1037.852295
-551.604980
-1606.935547
-1106.743652
-937.319824
-180.112305
1707.835571
1190.064697
-475.788940
546.015869
868.388306
643.436035
-1069.901855
-532.301819
-1707.882812
-269.997559
-133.148926
433.846191
-1370.173828
-3727.305176
-2390.475830
-544.503418
715.249512
745.256226
965.976074
-729.539307
344.143066
309.923096
21.033325
2049.344238
5416.465332
3824.269531
1507.991699
-541.866699
-933.583008
-22.747070
-1125.619751
189.489746
1216.920410
-231.558350
108.661133
1204.638184
1042.565186
1093.565430
-631.992188
3.549316
-2492.433594
-83.418945
1360.815430
1158.416260
116.154785
1180.578491
1040.709473
-522.054565
-1070.717529
-418.996094
-368.901367
-368.848633
-227.217773
-498.352539
-247.333008
359.168945
-8.627930
939.360352
-983.422852
-729.911377
-978.796814
593.668457
-360.492188
-3197.157227
-3524.928223
-1105.874023
-913.061035
-699.317871
555.385254
-557.299805
756.973633
628.366211
13.027588
-529.481750
-362.072998
304.895508
513.500488
449.745850
574.813965
-162.508911
-1004.209961
-1250.208008
1035.036133
339.907227
-391.419189
1436.475464
1326.561523
712.786621
766.812988
-1124.477051
-1159.094971
117.181152
-306.869629
274.445801
378.366943
-3266.977539
-2028.447510
-135.138428
-287.138672
954.042480
634.340332
-1882.569214
-2577.412598
180.524902
561.713379
-317.954590
-361.572754
-519.213867
-393.070801
1310.869751
3036.643555
4282.185059
2470.172119
-18.621582
-728.064941
-753.991699
-2081.530029
-935.714233
1603.123291
-969.434326
-319.666138
153.980469
-2244.275879
-618.157227
1007.741699
1042.142212
1700.218872
-85.087891
-546.558105
-6.050781
-878.185059
494.195557
-361.550537
97.904297
2483.040527
1061.824463
-320.972168
1126.783936
-11.185547
-228.644531
9.649414
-1433.583008
-491.742920
442.218933
2477.375488
6201.921875
4163.522461
315.033203
-1076.239258
325.412109
684.678589
1062.304932
-540.595703
147.364746
766.242432
95.426758
-469.430664
-2345.148193
-3832.751465
-2504.776611
569.314453
-542.300232
-757.203125
873.997070
-63.235229
-1345.510986
-1380.727173
-663.566895
353.746582
-147.911377
127.824463
-252.620117
1096.926270
2720.034912
3112.637695
733.566406
-845.281250
-447.500488
205.227051
459.641602
364.106201
582.023132
-684.057373
8.518066
775.335938
-803.076172
-3288.598633
-2438.925049
-936.529297
-977.860352
-694.927734
-3214.300293
-5180.503906
-2778.341064
1016.806152
1349.684082
1683.818359
1080.369141
996.734375
720.804688
-412.594971
-506.583496
-1134.551758
-382.535522
186.011719
-392.756836
-1102.522949
203.760742
-269.464355
15.457275
-683.865723
529.827881
799.773438
-439.575684
391.368652
-277.517578
-182.060547
748.021362
-54.703613
242.650879
483.935059
-116.653320
-1080.151978
-1878.612915
1425.281250
715.503906
233.612305
-406.585938
-937.378906
11.313477
744.317383
699.507812
-931.649292
-587.609375
432.228516
1452.665527
2627.306885
1905.159668
235.733887
-849.938721
99.574707
962.827393
506.628174
2033.324219
914.592285
-1019.126953
-1570.230469
-1921.388672
-1143.753906
477.251953
10.974121
-842.974609
-1525.962891
444.216797
-1027.421875
-249.432617
14.249756
-392.058594
-1300.877686
-257.980957
1054.321777
664.880310
911.607910
349.732422
-604.640625
1389.498779
-849.975220
-506.489990
-1327.609863
349.546875
350.658203
-1222.694336
-329.091797
460.142151
254.054443
-544.325439
256.724335
-1433.147949
-377.180664
-284.515625
675.282715
-1106.242676
15.387451
-1300.068359
-526.395508
675.172852
270.062988
1376.301025
564.281006
-514.499023
-565.136230
-258.031250
2080.355225
-912.048828
1514.189941
-189.997559
1350.556396
897.836670
-545.900879
-1544.524536
-1435.852539
-801.971680
-1390.824951
-281.857849
-652.749146
441.053406
984.481445
-366.163574
-1334.827148
530.966064
-62.150391
-35.463867
1532.689941
1892.475464
1928.919922
1452.405273
943.216797
254.828125
414.262207
-342.134277
-773.538086
-2184.629395
-1221.226074
23.156250
983.619141
16.241943
-2978.339844
-6305.969727
-3057.052490
759.025391
-320.911438
1547.966309
-2768.596191
-5168.583008
-1419.830078
1125.416992
2574.790527
-475.563477
660.301758
-913.262695
753.672974
-460.584473
-1553.536133
822.588867
-1896.341797
631.247070
1034.494141
-93.525146
1081.703857
1926.955811
1290.952881
971.469238
944.530762
1246.694336
-101.595703
-788.288086
-308.681152
-298.010254
-1158.020020
-207.536133
-38.640564
-894.844727
316.406250
1139.906250
405.029297
-692.689941
1092.250000
1664.704102
1630.561523
2178.392090
513.635986
-847.247070
-1071.190674
-390.942383
-149.601074
677.201233
-259.662109
-332.510254
-957.221313
131.040039
1009.025391
1151.819824
1186.608521
41.424316
-109.365723
-780.715210
-330.164551
254.394043
-341.538574
1247.654785
3458.123047
2109.064453
-543.285400
987.936279
-314.880371
-1592.537109
1267.009521
3525.266113
1422.846680
196.858887
242.297363
75.058594
-655.274414
217.475464
2073.673340
1169.142090
-201.692383
527.938477
763.102051
393.632324
-1242.082520
280.306274
626.549316
-1539.562622
-1672.525879
890.719238
555.758301
-756.019043
-980.623535
585.754395
121.505859
2788.018555
907.629150
-1356.193848
953.980469
-721.387695
-339.302002
379.702637
-896.994324
-654.842773
-601.157715
-709.859863
-73.402832
608.067383
313.781708
-839.022949
-740.059570
1461.830811
953.451172
-160.938965
1357.799316
-59.024414
-1541.573853
-1766.085938
153.016937
1545.142212
1610.635010
514.936035
-546.871338
-1874.262207
-1050.328857
21.024414
-85.348450
2153.289307
892.313965
-673.006592
-871.113281
-766.191895
-550.174744
3058.195312
1057.920410
4535.342285
-457.956757
-324.779053
818.924316
669.002319
773.555298
682.714844
-209.438965
-2222.895996
-1099.145752
-375.717773
-122.102295
-331.104492
-1061.880859
-446.503906
-1276.250000
-386.794434
-206.011597
760.359863
2066.989990
2097.142090
708.929688
816.053711
-1044.128906
-1222.190430
704.509277
270.513672
179.260010
336.335144
299.135132
61.309692
-1148.503174
220.064453
2243.363281
1747.459961
-754.166260
-1847.390503
-1070.528564
-567.640259
-313.326660
-397.228638
1104.629028
780.475464
-280.513672
-1449.843994
-1696.510986
-606.950684
619.634766
390.842285
-835.043823
-800.468079
1429.359253
556.990479
-1355.306885
-2377.384521
-573.004517
671.640869
1127.456055
924.414062
304.725555
-211.611328
-178.431641
98.155273
519.483887
-287.883789
480.958496
1015.375732
-469.626099
-460.470215
-36.208496
-482.910889
-1899.224854
-547.770264
-811.458801
-1947.916992
-1008.278320
-303.287354
1.183533
-128.547546
-263.498535
-2669.484375
-225.633789
1473.441162
2065.836914
1625.242676
-1314.730835
-1330.350342
-172.075684
-1779.549805
-2333.332031
1586.295898
-952.130371
-67.309814
298.878784
301.243408
12.877930
376.756348
-611.882812
-1751.468262
-1298.632324
-1130.497070
-484.497559
782.120728
863.999756
-712.633789
-619.648438
-730.404297
463.642578
-616.359985
-1113.660645
-199.555664
-679.091797
-1018.377441
-897.553345
-827.733887
316.550537
-11.428955
-478.187073
633.068848
-85.933594
-1126.489746
-538.524536
-778.177734
-1175.396484
-110.018555
-33.670410
-1477.576904
1769.128174
3176.052002
770.751465
481.969238
942.439148
731.026794
-1227.950195
456.741211
-313.946289
-572.345703
-976.734863
180.935303
-988.502197
-1074.879883
-8.681641
1162.229004
3573.623047
2038.427246
-112.122070
239.382324
-1145.199219
-1779.111328
-938.614746
-3263.210205
-3174.289307
117.365387
1382.301270
585.801758
-1002.982422
-2137.895020
-1104.216309
484.689087
2190.456543
2799.053711
-794.312988
-574.702148
-1326.254883
257.031250
499.313477
-1407.560791
-1057.406494
-787.773132
-715.746338
30.865967
-77.734375
756.799805
1619.541016
870.038086
-779.457275
-820.759277
36.416992
1236.780518
592.377197
1746.944336
643.122559
-776.377441
557.222900
296.209473
842.826416
285.771606
257.408203
-7.002441
-1255.456055
-2069.112793
-787.675293
-339.246948
228.034912
811.729980
1373.422852
130.681641
-1638.154785
-1244.852539
-417.084961
111.596680
-440.809143
164.116211
248.852051
570.695312
743.824463
-920.387939
-1242.857666
-269.695129
-1242.080444
-985.802368
954.475464
1156.326660
278.963379
248.850586
523.970947
400.537598
-19.426758
1263.666016
880.910645
50.673828
614.969238
-937.436523
-1182.675781
1008.829590
-166.254639
790.272705
1087.348755
-942.498474
139.116089
1952.129639
1617.026978
1244.486572
65.126465
-204.148926
589.216064
308.946167
-1229.744019
-997.637268
780.380615
-166.754761
-930.056641
159.260742
1367.260742
727.072998
855.690918
891.054199
455.522949
-553.857788
-647.907715
653.195801
-349.878906
-952.028320
-1157.865112
-215.896973
268.213867
-127.968750
1065.001465
560.701660
-439.731934
-849.676147
-890.589844
751.814453
-643.956543
-56.435181
369.174072
-1092.620361
-131.947571
-931.125000
516.508789
701.083984
-905.881104
1005.049316
1412.052246
618.337646
1762.432617
-347.251801
-710.828857
517.299561
-487.803619
-9.384766
954.846680
1203.090820
3506.455078
1745.651367
376.653320
549.183105
1456.357422
997.815918
1866.553711
296.440430
-861.241699
-614.532715
50.515625
-2086.003906
-4720.096191
-3907.694824
-321.873535
1104.274414
2806.163086
1475.566406
-1041.616699
-274.487305
-610.459106
-1278.856934
-31.551270
352.890137
378.178070
-776.142761
-974.051270
168.465271
-1712.142578
-5533.820312
-2225.632812
195.196289
109.802246
870.689209
941.974121
-77.063477
-993.312134
-2099.252686
-865.241455
294.453125
14.859375
1073.271484
904.664307
-197.441772
-637.356201
58.843262
184.801636
-1866.690430
-3812.589844
-1834.201294
-451.452820
-1536.753784
-178.507324
-1902.441406
-1212.680664
-88.251709
-572.048340
687.553223
391.865234
-511.780762
220.817627
-191.659668
562.665039
543.928772
-445.456787
-453.110596
5621.379395
9127.367188
3584.157227
-225.275391
1156.856445
530.746094
235.194336
409.590332
-943.730469
-1017.209961
-1210.341064
-760.325195
1178.893188
754.387695
394.960449
-338.196777
-868.822754
273.127441
1449.655518
322.931885
-490.165771
-855.144287
-104.097900
-451.958862
-198.861328
806.196533
1135.015869
1019.302246
329.253906
134.301270
481.157959
374.802490
-12.594238
-370.993408
-1523.368896
-155.630859
-266.674805
-928.366455
-304.014893
1011.395020
738.413574
322.415771
-473.729248
1695.395508
2083.362549
-670.144043
-3208.821289
-4878.996094
-5046.531738
-391.540039
-40.082031
-1022.067627
-831.466064
916.095215
1686.129883
420.673889
1.307129
69.660400
-62.643799
3940.771484
7556.812500
3537.522461
-57.821167
-301.650879
-629.005859
1076.205566
216.943848
-1272.800415
-232.657227
2458.165039
1060.116211
766.771484
-428.903564
-820.436523
-88.344727
585.645508
227.685547
-2040.987793
-4170.495117
-1544.790527
1313.925293
890.805664
-285.062500
-268.547607
-378.990723
986.142578
-435.137695
187.927734
-976.167969
-1495.167969
321.430908
-277.189453
-546.732422
-956.744385
-348.167969
655.968750
143.089844
468.917236
298.700195
472.399414
1073.722656
427.505859
-2362.524414
-4715.005371
-4081.306152
-982.254150
-63.612793
-463.317871
-1274.308105
-617.671875
-19.021973
936.203491
1105.467285
-690.633667
-1201.854248
-621.426758
319.494995
-1468.716797
-523.875977
1509.749023
197.595703
-1264.667725
-845.380859
-498.564209
-616.193115
-406.106445
192.991699
-183.070312
-720.580811
-685.988281
-557.546387
-932.141418
811.992065
-3070.683105
-5447.990723
-1930.198730
1289.037109
2532.795898
774.247314
-1234.490234
-1084.824219
-544.661133
309.265625
220.873047
1142.524902
3185.700195
4858.473633
1385.909180
-891.641602
-1486.113281
-1138.403809
-297.315674
2278.048096
295.275024
-253.812988
458.432983
-1210.656982
1159.347656
860.004272
-733.809570
-643.102539
-900.826904
715.993530
1509.364014
-189.731201
194.185059
597.624512
276.527344
58.848633
-1481.237793
-288.751709
262.196655
-1303.279053
-848.399658
-342.729492
-176.697754
3.059570
423.845459
252.283447
-1734.801147
-1142.559448
596.174072
-420.724243
-282.288452
802.903076
637.301331
-152.727783
-506.655273
-395.185547
557.826660
-377.682312
-13.735779
-729.896240
66.094727
-719.360840
-562.143555
732.095215
780.724609
512.527893
1010.570679
368.334229
7.174316
1137.026123
996.785645
1706.757812
1568.387695
-707.581543
-1093.609253
-189.399658
-804.095215
-1401.941284
-937.794128
400.166626
683.424927
539.517090
871.279053
563.875366
656.041748
536.636230
27.997559
-132.099731
-1252.781372
-487.122070
-436.211304
-3499.672607
-2527.395508
267.167969
813.030273
152.609741
-570.253174
671.346924
376.795898
-995.479492
-233.695801
232.955078
-392.378906
494.770996
-616.634705
-853.275879
1867.175781
-138.830078
-573.416016
-731.597656
-2814.143311
-1558.513916
283.952148
-273.699982
-5.372559
234.173828
-2321.030762
-1501.030273
344.559326
1276.979492
796.132324
-112.735962
-2672.181885
-1968.869873
184.156738
-927.414429
241.493652
-226.455078
-1592.692505
-815.272217
-22.489258
-340.989746
-86.498535
846.729980
135.061523
159.614746
-307.765381
813.946655
696.177734
-242.201172
-710.035156
-729.754028
-1156.489380
-272.376465
117.552246
-3004.743164
-3702.058350
-426.074463
-91.958984
113.348633
1030.663574
-659.483643
-583.770874
-394.496826
-1057.962524
-282.196533
295.210938
1072.555786
848.177368
621.412598
662.802124
1346.880371
457.188416
-679.771362
-630.799438
-818.917969
-195.075684
168.899902
425.003418
1411.410522
242.786133
-699.493408
561.042236
338.499817
-60.207520
563.714355
-108.701538
-197.190918
150.187012
-917.314087
-359.323730
1033.234375
772.501953
-808.022095
94.595215
983.615234
-800.291992
-1602.957031
-96.254395
-176.140503
-2039.307251
-1174.037354
-389.181885
-333.541992
650.765137
901.603516
620.283813
-3925.134766
-4998.385742
-4.804688
2346.973633
3428.992676
783.601562
-1319.938477
-1533.524536
493.637695
185.884766
165.682373
-1675.440918
-1014.120605
450.170227
182.212891
-226.819214
-873.529785
-4278.101562
-2082.880615
553.724121
-197.729370
-729.736084
498.064087
529.669434
29.070312
497.354004
935.473389
368.614258
-25.566650
205.255371
-90.465088
-142.833740
-457.582031
-240.730713
-1275.820679
-357.880127
-856.823975
244.175781
2309.851318
2795.879395
1256.503906
792.686523
359.384277
-1299.331055
-297.241699
278.071777
386.741943
1074.881714
628.244629
1877.078125
2691.481445
302.419922
502.133301
-283.714600
-260.811035
103.201416
39.035950
1421.397217
-523.810303
3015.035645
7379.411133
3025.240723
-1022.751099
604.647217
532.978149
-204.447723
935.492126
-1677.988770
-5860.843262
-1936.935425
1646.282837
-487.725220
-486.632812
-664.505371
-2949.510254
-3126.471191
-2163.180420
-408.529541
732.552979
-1171.018311
-1580.218872
883.490356
-282.111145
-371.757202
307.634766
-404.404541
1805.735840
-416.183594
-668.093750
718.149414
-47.125000
111.713379
1389.026367
1218.207031
-312.700562
399.207031
558.593750
-244.014648
919.841064
1246.394531
2586.355225
2012.173340
-111.310059
1577.145508
750.199707
-5.732422
1604.229492
171.351562
-398.811523
-265.775391
353.032410
2512.592773
564.130371
-1191.295898
-2101.745605
-3641.665039
-3101.853027
-1366.798584
1052.125488
1184.627930
1978.426758
4376.030273
1072.066406
562.020508
-757.079102
112.909180
70.782227
-1451.291504
-669.279297
1071.640381
842.262939
-161.701172
-987.154785
-2705.455566
-2394.047119
-212.126465
589.265259
1437.979736
-460.540527
-2363.970703
-2258.934570
-698.509277
222.951660
-315.530273
-495.451416
-1024.426636
186.688232
668.087891
71.239746
-227.929199
-742.504883
77.347778
457.838867
-97.418457
-1009.819092
334.980286
-25.967773
-373.778809
912.550781
-627.508606
-559.260986
-168.769775
-4382.442383
-3941.404297
-616.791992
630.231445
1077.858887
-356.892578
-12.300934
779.825439
-728.290771
-1457.487427
-876.854736
-305.906982
-891.155762
-366.754883
419.839844
217.452148
-93.250000
549.576294
1233.142212
-109.556000
49.759262
2947.162598
4926.653809
2721.993164
-428.611877
-1692.090332
-2370.166016
-981.617188
-216.649414
926.149414
180.067871
-408.327271
-225.538177
466.193359
1043.142578
458.655273
1402.298828
878.069336
-124.403938
109.833496
-158.285156
-64.536987
-784.247070
-1526.949219
-606.217529
124.490967
7.924561
1996.215332
2744.359131
-451.003418
-1279.978516
-93.798340
-534.160522
-213.922363
406.160156
-1327.433105
-826.653564
-66.575195
-739.653809
-1600.270508
-449.767578
435.415771
252.203613
-89.287018
174.211182
-266.731934
-67.424805
1390.497070
375.314453
200.523804
-698.739014
-1100.524536
-1909.829590
369.421875
-35.539551
-1084.808594
612.349609
-352.738281
-2.871094
258.785156
-346.849731
926.178467
-386.113770
736.114990
-802.056458
-1703.686646
-24.339355
-1844.168945
-3549.609863
134.783936
992.613647
560.067383
3849.180664
3774.960938
1193.142212
390.820801
216.077637
1763.111084
3743.876953
3549.490234
547.984375
-242.766602
432.048828
2011.030273
3769.396484
2753.222900
-505.524536
-43.524902
-1693.687012
-679.536133
-595.735840
-3666.755859
-1604.787109
982.286865
1264.252930
3464.095703
1989.889648
-1025.555664
328.158691
380.010498
-49.795898
-27.916016
-541.699463
324.163574
287.467773
1100.066406
-13.073975
687.245361
121.475464
-401.538086
-359.330811
-904.219360
579.208984
1038.635742
230.260254
969.833496
1161.370117
-223.644775
-776.186584
-352.005615
255.039551
1929.205078
1436.176514
-646.408813
-892.750183
-922.776733
-284.141602
1660.893555
402.445312
510.468750
1264.947388
-32.563965
-16.870117
-1175.104370
-3430.199707
-3977.370117
-1406.683838
410.173828
857.939941
848.253906
390.978516
-159.185059
-70.447754
76.625488
541.035828
-528.509766
-714.636719
-95.552734
-641.387207
-359.995361
-758.045532
-44.301758
3325.969238
3901.032227
-503.096191
-743.694580
-391.679688
-674.644531
-446.350464
0.739258
-664.382812
-1293.048584
2319.178955
5052.636230
1125.805786
173.751221
984.160400
-344.746033
-137.950195
183.163330
743.518799
-855.154358
402.595093
5495.981934
3776.531494
-1101.857422
-1728.375000
-3676.905273
-26.234375
-1798.863281
-618.015625
-989.123352
-1051.213867
-319.714478
580.724609
750.120361
-1914.392090
-387.208008
1214.620605
894.821777
-557.396118
-547.149902
-410.480957
1111.862671
1249.077393
324.933594
-319.622711
-2176.547852
-4923.557617
-1955.868164
94.953857
-253.694824
65.035645
478.725342
500.157227
265.769043
-2400.208984
-3818.992188
-3473.525879
-767.423096
937.300781
-240.143311
513.374756
1017.195312
754.181641
967.679688
-381.222168
-1217.222656
-278.519043
674.275635
1103.357422
700.362061
290.847168
1189.859863
1179.990601
1323.328003
995.468994
495.492676
-337.589111
678.844238
510.481445
425.522949
1219.137695
237.964844
-190.624512
1444.604004
1221.862305
2525.926758
1110.444824
886.243530
921.915405
729.183105
1268.088867
1408.308105
-296.857788
352.359863
428.232422
679.184937
-1291.836914
-1872.912109
-327.492676
241.732147
3443.320312
4611.571289
928.706543
-255.393555
295.461914
-86.404297
307.640625
-931.557617
-120.195312
383.791016
-472.986328
-188.785156
716.697266
110.769531
-9.917969
1904.298340
1668.108887
811.490723
-1216.608521
-5635.689941
-4183.762695
362.969727
-487.215820
-571.077393
89.539062
40.654785
349.089844
249.127197
145.109619
-288.857788
667.675049
-766.524536
548.746094
925.507324
393.269287
404.186890
-1123.423340
-1824.646484
600.099487
-407.416260
-326.834961
-1223.805664
-211.433594
648.118896
-63.537842
-2427.559814
-1231.092529
31.930176
-825.187012
323.599121
-284.426392
-1429.645630
-1006.545898
-525.971191
-350.397705
1221.558350
1070.762573
700.677917
733.788269
-1418.780518
-685.244141
880.894714
-95.138672
-1264.966309
860.495117
2263.055176
999.407959
339.528442
-835.392944
-1267.437256
-196.324707
2384.177734
1094.244141
-188.105469
-262.298096
-331.569580
-69.367188
109.625977
-203.580078
-986.431763
-403.130615
3382.711914
8188.874023
6099.724609
642.379150
-417.780029
436.573730
461.987061
166.802979
-324.403809
-518.275391
-227.447266
1012.829590
2942.453613
-488.117676
-1051.153320
-810.614258
-1864.435547
-276.531250
700.876465
-534.868164
-925.920654
-190.468262
385.126953
-598.674805
-281.399902
284.822266
544.294434
-297.588623
-1588.399414
-1149.027344
-3318.633789
-1439.155273
742.673950
-793.756836
1724.430664
152.834717
-1119.393311
-142.637939
-148.644562
-296.725342
734.253784
856.203735
978.123108
786.136719
-250.582031
425.075195
714.441528
221.858643
1352.079102
150.275391
-660.782715
334.936523
655.121094
83.701172
-54.224182
-510.054688
670.951782
-6.934570
-111.119141
-73.937683
-94.998535
161.695801
287.583008
1043.829590
-452.602661
-162.430786
607.752075
625.447998
906.491455
-552.564575
-412.781006
2583.958008
3892.195312
2392.039551
1658.535156
340.951660
254.684814
694.363647
1034.090454
-97.816162
-1328.864258
-2891.586914
-2945.476074
688.062805
633.662476
-831.469666
-825.526855
-1002.985596
-615.558228
-972.152832
-699.796021
1494.883789
654.072388
48.017029
108.907959
574.086914
3147.116943
4124.638184
2327.924316
481.670898
178.805664
245.577881
900.468506
1359.020508
563.712158
336.180908
-2.782227
-4660.486816
-6829.178711
-2173.069336
-306.129883
1270.698242
-940.208984
-2105.482422
-598.194092
712.105469
957.547363
719.184570
38.643799
-700.148071
-827.524536
132.069336
568.258301
-171.010742
400.770508
546.585938
790.490234
597.099854
599.394287
-520.524536
-403.429688
2995.744629
3031.433594
-1166.333252
-530.762695
-116.887207
423.255127
1459.584961
-1261.096069
-1989.025879
-41.563965
1591.781250
887.423828
2036.594727
194.333984
207.277710
205.025146
-95.461914
1134.142212
-943.961914
-988.657227
-887.457520
13.315796
3382.519287
4815.878906
1388.176270
22.211914
362.047852
319.710510
213.103516
-319.740234
-79.875977
694.568359
-444.279297
588.497314
28.619385
-122.677979
233.974579
238.842041
-349.874512
-824.091553
733.600159
137.937820
-2061.972900
-3272.255615
-558.329712
1132.142578
320.348633
-1178.414429
1424.046875
3020.141113
766.655762
-649.599487
130.908447
-530.506470
321.046967
1466.238159
392.667572
-1850.720215
-5814.078125
-3136.256348
-163.809570
79.800659
519.062744
-462.897949
-1211.861206
-488.056519
-579.406006
-220.275146
-5048.397461
-9721.580078
-6136.793457
-1197.408203
323.786621
-711.930115
-156.829590
1198.641602
307.498413
-304.856934
-627.547852
121.763428
5.301392
694.457153
814.415039
787.966797
-437.500244
-1156.315430
815.902344
-948.627930
1168.094727
-389.565918
-322.102295
7.536133
1732.390625
646.240234
102.388916
-253.778076
-525.584473
-131.598267
-477.857849
-1030.414673
-3.439209
905.637207
1006.487305
220.706543
1324.986572
-402.822266
-769.671021
-489.291260
-140.956055
623.178711
2079.685547
88.892578
-211.844971
-832.546387
-485.049194
-638.275024
-1532.524414
-1067.845459
-1086.960938
97.844315
-68.521606
-910.409790
-135.664917
-204.949707
806.265259
1746.197144
-1444.265381
-2251.418945
-24.070312
1160.609253
542.310059
-163.290771
-862.495117
965.677734
3265.802246
1746.826172
-66.273193
-218.492676
-302.118164
466.012939
972.112061
244.462891
-235.641602
250.589355
1570.750000
1377.557861
865.224609
692.841797
-83.154297
-796.952637
273.772949
1093.262451
278.750488
-202.563538
512.780762
560.284668
314.284180
-1464.208984
-1561.895386
206.242920
1037.508789
371.316528
-705.963379
-333.367188
-2154.009766
835.351868
1353.288574
496.678711
36.812500
708.858032
580.076965
-819.850342
229.138184
-979.961914
-1421.092529
208.109619
435.461182
-991.151489
323.300781
122.689941
248.220215
1107.247559
1268.153320
2244.851074
80.480469
1013.934570
454.704102
-814.874329
-58.654785
633.172119
324.120605
818.466309
1766.662354
1641.441895
-244.078125
19.455566
537.627686
1519.505005
977.371094
-181.841553
323.774414
-331.455078
-144.117432
333.093750
-1185.518066
-271.582031
417.224121
139.395157
216.242157
-605.382568
-535.850098
1870.651855
1700.170410
-70.908905
-680.249634
1243.155151
-379.029419
-1087.308472
174.095703
-1467.252930
-3353.547852
-5467.757324
-1772.815430
1026.264648
-87.045593
849.066284
1104.316895
270.267090
-1102.427856
-1115.135498
-230.270508
-965.352539
-468.119873
591.406494
-414.180908
-178.576172
-287.403564
-1045.359375
-913.593506
-1293.816528
-1104.331543
191.528809
482.058594
20.392822
2278.460449
1397.307373
-891.596680
-1418.681641
-1788.836914
-2472.971680
-2705.604004
-5522.304688
-6351.146484
-3657.665527
-252.191406
769.518555
1944.284180
157.109375
-461.943359
-2043.108398
135.557617
-126.443359
-1119.013672
-655.700195
-181.321777
-377.091553
285.581299
1130.599609
-1014.488525
-1523.664429
-812.091797
-1169.744873
-662.714478
738.309814
1881.017334
1489.138062
905.801758
1279.288574
-774.558105
-1169.098022
811.135132
87.475464
-908.492676
-573.230469
-1221.283203
-1898.826660
1453.273926
426.753906
-1283.700195
726.650391
-570.613159
824.321167
1777.870361
-321.222656
-335.833313
723.803467
-1402.599609
-276.769043
464.777832
-578.606812
-766.141113
73.713867
359.549805
-151.808105
-489.417969
576.494995
72.985779
-499.643555
1828.116089
1978.150635
39.086670
-1037.973511
-647.470215
962.854980
1630.235840
126.547363
544.855713
883.481934
-829.864258
-412.275391
326.577637
49.635010
951.009521
-660.992920
220.752441
3149.661133
975.874023
-123.734619
1423.646729
339.717773
1256.152344
2442.426758
-132.452637
381.901855
924.442139
-89.231689
-917.636719
-883.793457
-76.552490
-255.980957
-306.433594
-172.157715
142.199219
771.571289
1499.307129
1067.475342
448.017578
-887.614746
-53.589111
-772.662598
-2374.684570
-498.577148
1612.015259
-476.929688
-1823.903320
-1642.739746
-1718.054688
733.583496
1597.936035
2516.556152
-100.975098
-1541.932617
906.262695
888.076416
-528.010254
447.044922
-126.169922
230.315430
201.273438
482.843018
640.708069
501.355713
378.378906
-169.554688
106.788574
264.928711
-574.258301
56.101562
3242.288574
3953.173340
2349.993652
-272.032227
16.500977
250.320312
-455.540161
1450.287598
1368.379395
-296.626953
534.476318
-444.769897
144.982056
339.012085
1635.700195
264.943848
-1164.230103
-1141.786865
-2064.786621
-46.235107
-1077.557983
-375.042725
417.970215
229.622070
21.789307
922.835449
605.789062
2370.076172
1332.213867
704.720703
205.508301
12.293457
-18.367336
-691.491333
314.115967
2005.121582
889.397949
-899.031982
-984.831055
156.922119
-573.469971
-485.550171
1085.044189
-1089.019653
-717.429077
1831.901489
-788.220215
-2555.616211
-212.409912
1176.724121
229.445312
170.033203
-1081.464355
-862.479980
445.938232
50.163208
1101.493652
1033.614746
-744.054932
-132.229492
-243.311523
-555.542969
-273.709900
52.713867
80.630859
253.588379
961.910889
-1311.697266
-1403.269531
583.537109
-122.217773
581.724548
251.437500
-397.670898
-808.332031
-1031.488037
803.359375
1498.990234
-2050.786133
-1017.447266
382.030273
1827.559570
4801.961914
2738.312012
-536.180664
-2693.899170
-2669.771973
-668.368164
-359.358398
-690.326904
158.056366
-151.227417
-219.910889
-825.108643
-180.713135
-1161.274658
-1869.932373
148.109375
443.384277
1074.867188
510.257812
-75.052002
-619.947754
-2878.937988
-1263.329590
908.820557
534.024414
3837.390381
5190.690430
3346.282227
1181.365234
1049.063965
1248.951416
2429.548828
30.385254
-1882.950684
-1528.986816
-1063.911133
-1231.749023
-1180.138672
923.012329
1756.501465
3138.722168
1488.242554
50.572998
-171.379028
24.132324
60.371582
1838.489990
1064.475464
-714.884888
-435.660217
-7.848145
-1269.165039
-20.289795
424.682373
408.116211
1024.379395
-931.399048
17.210938
1153.333008
-1190.886475
2630.624756
3824.682129
483.884521
-1335.239502
-3982.476074
-4315.893555
-1770.110840
-491.178955
83.254639
-293.947998
318.844727
-625.934326
-219.146240
784.052979
-617.947510
532.746582
606.113770
-259.541016
-10.397949
-550.071289
-8.573730
2353.539551
1096.148926
-20.097412
1181.188721
359.962402
-1406.640869
-1437.078125
-997.382324
-757.915771
-1057.749023
-235.952148
564.760254
-1183.373047
57.989258
-667.377502
-3021.445801
-799.419922
-279.803711
-277.848145
-101.339722
92.080261
1576.960205
489.592773
-38.957031
145.955078
1112.953125
1070.781616
-379.927246
110.024170
544.553711
103.587891
823.916504
615.196777
692.090820
1157.666504
214.873047
626.360596
298.726074
-596.473633
407.747742
778.014160
197.606262
1368.756348
1228.362305
-35.442383
-275.589355
-529.482910
-1232.896606
-1498.003906
182.651367
-1170.626953
134.200562
-119.983887
475.119141
525.925781
-437.500732
-459.459961
-2026.374390
-3966.044434
-367.887878
3074.263916
3596.049561
608.377686
-2662.223145
-1927.097656
-623.246094
-42.543457
1522.449219
570.075439
-794.186523
-55.107178
45.374146
-689.783203
-276.933105
-1123.425293
-429.612793
-725.284851
1184.137451
3826.849121
1366.562012
1139.090332
1526.180664
-692.133789
-805.984375
-1112.842896
-93.637695
945.883789
-1199.672119
-5977.154297
-5389.980957
-640.169434
2345.386230
2938.858154
1138.239258
-101.558533
22.521973
-1164.736328
235.186523
2593.670898
2254.536621
1222.814941
810.581299
-920.722900
-340.340454
1234.638550
-873.887695
1232.228027
55.265381
2252.790527
-607.607788
74.867676
1190.174805
1097.632324
-526.615967
-296.986816
348.609253
482.665283
18.452637
675.810303
1219.909424
309.601593
382.770569
-474.032837
510.128906
1668.622559
1758.683594
-367.339142
-994.209839
-661.523926
-52.397461
-2774.995117
-675.201660
1510.314941
-1592.585938
-852.127930
-474.230225
582.930420
-260.940918
-426.182983
309.341187
-1855.351318
-576.464172
1047.214355
217.610840
109.848633
149.331543
-970.944824
1109.528320
1272.276855
-353.595184
-1010.550781
-1584.232910
-205.961426
264.270264
1638.787598
2609.380615
459.274902
-1680.319824
-840.042480
-420.795898
214.051758
-691.543945
584.895020
-992.224121
1855.766113
2696.357422
-485.041992
-545.261902
24.729980
145.966797
560.953369
27.422852
328.862305
-2094.022461
-1848.417236
958.768677
784.083557
-470.683868
-617.272949
1238.041992
488.252197
-289.028320
-817.461914
115.317383
-1042.672852
1058.587402
1478.545410
-59.608398
-957.607971
-1931.120361
-1907.554688
-118.073730
243.742676
829.693848
1149.309082
872.533203
-386.456055
147.773193
136.163086
520.013672
567.184570
-784.873047
-145.746094
-661.980469
-2304.531250
497.540649
561.005981
726.939453
547.358337
-2522.833984
-2567.288330
667.145020
1857.713867
2324.192871
1054.019287
-385.016907
-2067.540771
-963.457031
384.468750
-278.867676
-131.201660
-1603.709961
-1327.739258
334.921448
1036.191895
668.915527
1102.657959
699.130859
-343.814453
323.901855
35.547852
-57.457031
-32.587891
-1499.241211
261.528320
-640.326904
365.229004
3574.971436
5558.916504
1789.579102
-20.718262
-1021.421387
-1995.572754
423.790405
-670.175293
425.363739
-389.903320
375.830078
180.001587
1624.732666
869.475464
-937.772949
-1915.524902
-168.449493
267.226074
-82.729492
144.692871
-582.700195
-576.564209
-212.605835
-1071.324707
64.315430
1124.027344
1707.422852
-1366.493408
-385.668457
366.074219
1432.050781
58.746094
-130.342285
-871.216309
1653.068359
1369.537598
920.162109
-828.985352
-500.377563
-1170.677979
-232.618164
-728.856445
-1761.524536
-372.421631
-2465.122803
-2571.928223
-1053.351074
-1789.135742
-767.791992
-1852.062500
-1982.807373
694.019531
-788.989746
-587.377869
-217.504395
-855.217346
653.519043
244.517578
-1420.546997
931.678955
1913.643555
177.783691
-277.792480
496.872803
1210.610840
388.375977
241.202148
-285.820801
-239.531738
984.158142
464.036072
-267.715088
464.593750
624.952637
862.632812
835.594238
-108.780273
-363.155640
107.658203
962.294922
410.599609
-10.255554
-355.745117
-158.294434
67.329590
-198.005859
-866.139648
11.961426
-1950.556641
-1935.127563
-328.116211
1444.734375
124.725586
17.883301
-1616.776611
-606.014404
678.292969
-1679.267578
-2211.564453
17.696777
616.516724
259.489136
574.706055
427.309570
286.851562
-28.840332
-542.458984
-4906.584961
-2941.832764
-964.007324
-235.265167
280.977539
359.419922
-250.088196
725.458984
-1424.494141
-573.818359
-4.373047
-488.437500
-217.710449
202.922852
679.247070
2196.430908
3519.118652
-353.584961
-985.825500
696.098938
577.680420
250.705078
-543.463989
-1311.595581
-243.141113
-39.429199
-46.343445
334.045410
2261.769531
848.807129
214.462524
1702.906494
1526.599854
847.725586
346.929688
443.638672
2149.762695
-145.111084
583.814941
1068.526855
-197.036621
-375.199219
617.678223
436.782837
-276.620850
-376.138977
1417.431641
2176.840820
-838.148438
123.190430
918.961914
-2722.201172
-2038.363770
652.225098
1195.019043
1784.919922
1293.577148
1163.229736
1553.936523
476.748779
-464.802246
464.101807
-96.256592
-578.005859
730.476746
649.711426
781.268311
1379.475464
-2.392822
154.168945
-231.857834
-701.696777
-456.890625
216.752197
1615.889038
3429.655273
314.261536
-1223.127686
716.142151
695.490723
718.456543
251.409668
659.840942
-422.550049
861.215637
324.245605
-1004.418213
1273.583252
-667.630127
213.879395
1056.878418
-199.340820
-208.754883
-418.777100
-1322.867676
-351.833130
-350.494507
-316.862793
1323.854980
3614.434570
2810.004150
-297.510498
-1262.652344
-387.415527
1343.627930
648.061523
790.906250
260.452637
210.939697
174.445541
603.009033
275.034180
-311.738281
-542.468750
-852.347900
-2271.920410
-1570.658203
685.328125
-664.880371
-875.761475
1016.064941
-621.411865
-1586.811523
-156.027344
185.834717
-378.793213
456.314453
847.159424
-74.047485
-473.833618
-677.044189
-172.927490
641.229004
1374.178101
-338.479736
-932.980713
-633.979980
-321.292175
-1088.651611
-139.220703
342.149902
-61.991699
106.918457
172.293457
-509.481934
-8.881348
882.443359
2006.315430
-1127.948730
759.212891
3763.713135
91.818848
-391.074463
725.102783
-490.847168
1279.424072
1796.826294
-398.471497
509.860718
1332.125244
240.047363
294.985352
414.989258
-171.237457
194.659180
334.733398
939.668945
878.153320
559.995605
2779.437256
3814.265625
739.665405
-1221.006592
-2533.985352
-2576.252930
-425.723450
-549.423828
-807.856445
-165.096191
-991.178711
-1798.841797
231.801758
-602.805664
-1314.629883
-954.341797
351.698242
822.424805
1305.953857
-91.379883
322.116699
1030.097290
-91.175049
-1530.437500
-2483.247559
-912.409668
-485.242188
-449.818848
-268.192139
-663.846191
1266.474609
1646.645996
-35.404419
-1141.798828
-2631.328125
-3021.983887
-757.238281
1324.963379
-473.076904
-698.960083
-1351.756836
-1289.118652
-153.420654
-656.078430
658.779785
1875.931885
-814.196838
-62.818848
322.282104
-839.505798
186.838501
51.625488
-570.252441
-328.935547
-1187.624878
-79.633301
897.005859
555.927612
868.457031
585.171265
641.645508
809.403320
2091.857422
-125.474976
-241.916016
1068.473877
-1086.324951
810.658203
256.052002
-54.596405
-2.067459
324.558350
1827.544922
923.894043
-626.046387
1116.849121
412.045410
-800.133301
386.051758
987.967407
726.723999
1279.577026
679.465454
-448.914551
-146.265381
-197.710693
426.338501
-119.297607
-602.457031
497.666016
28.449219
413.425537
1577.136230
567.125977
-1627.332520
-4837.018555
-1519.838623
1161.524902
-1473.463867
-157.541260
1096.792725
172.015625
456.804688
1661.050781
1903.717773
1286.351562
674.491211
-79.362000
-151.220703
-123.287109
-1340.360352
-824.687500
1160.327637
-754.101074
364.073486
-726.694214
-6890.939941
-4615.065430
-474.517090
1515.789062
2982.805908
-312.759521
-397.714355
1436.015625
-10.319824
290.699219
-562.422852
-200.974609
243.576172
-466.166901
1472.952637
2262.787109
283.454590
-1983.294556
-4108.230957
-1331.280151
1075.542480
84.242920
708.639160
1730.213867
616.488770
2617.423584
4615.103516
595.645508
581.957031
-1264.778320
-1450.524536
-1352.453125
-288.716553
902.365601
376.069092
470.306152
-237.519531
98.390869
423.828369
-661.293457
-337.477539
84.477539
-1210.840088
-261.663818
-626.741699
-296.255371
-467.567627
-1288.444336
49.518555
2207.602539
616.335938
347.221863
589.054688
-986.405273
-1130.040527
-1713.211914
-2314.406250
174.192383
763.607910
278.402344
106.959961
-27.919922
767.720337
-196.901001
-605.913086
-621.821533
-91.729492
1112.576172
-48.831787
870.837402
1266.823242
31.763184
2444.508301
948.767578
-901.194580
316.167969
1593.788086
431.236328
1085.270142
-136.290771
-653.103027
76.746826
-934.620117
-196.081055
68.270020
-730.883667
-1370.441406
-131.736816
417.351562
358.919434
1196.766602
-113.197266
-476.529053
389.948242
381.544434
1160.373779
-442.692810
-1384.329834
293.409668
2763.371826
6524.850586
8777.945312
6184.170898
244.524536
-1773.302246
-2608.999023
-2573.756348
701.389160
835.695801
488.607971
890.411133
1104.260254
182.682129
520.336548
1587.010254
1354.892334
1397.587036
839.882812
-253.736084
615.771362
270.629089
522.815430
2079.698730
-78.387695
-823.345947
-711.169922
-628.972534
2115.410156
595.225586
841.938965
369.922363
-622.544922
35.164062
926.162598
626.537598
-66.524536
402.232422
-313.470703
-1763.620361
-465.414551
740.201416
1275.690674
408.147949
467.623047
-571.856934
174.503906
503.009277
-330.309204
777.262329
373.904053
-1408.439453
-52.254028
1604.501099
1098.866455
281.439453
-915.222168
-304.884766
126.326172
62.967590
152.195801
17.955078
-730.239136
571.070374
-1107.292480
-2490.804688
-625.935547
62.993652
-393.343262
-149.101074
-904.638672
-424.459351
777.040161
-592.865967
359.154297
106.065430
246.025879
-262.046875
-5.792969
967.753906
774.947754
-1435.255127
-514.392090
594.317383
1346.620117
533.558594
450.836914
-498.047363
-435.407959
699.707031
374.104492
-151.486816
724.228516
58.619629
-1087.172363
-556.569336
437.963867
-352.421265
-1303.554565
-515.228271
-579.352661
-969.997925
-760.461304
-1014.695801
2987.735352
4776.660645
818.443848
-382.431152
-336.395264
-4529.282715
-3363.285645
-100.396729
-67.383621
-653.498413
230.775635
-386.957031
-314.631836
276.519043
-563.067627
-367.614746
589.521484
-1174.730957
-1256.705078
-120.597656
906.232422
-1337.463623
934.111328
2314.918945
2604.697754
2158.044189
1751.473633
-546.442383
-339.124023
28.919189
387.718872
-678.213074
-1157.726807
-1016.189941
-792.362793
-1471.746094
132.271484
691.988892
268.392578
169.717773
478.634521
719.629395
-238.850586
-15.129150
843.612793
-527.433105
-1567.039307
-1224.160767
614.122986
2727.178955
101.583252
-725.637451
1156.044312
259.994629
399.084961
-1039.102417
1325.855957
-1427.396484
1006.090088
1550.740967
1942.142212
768.811951
-44.050781
224.314941
-156.862793
494.459229
-167.794922
-526.554199
219.564270
-789.285156
-1511.801880
-35.792969
-41.174561
-181.349609
798.625977
-1156.865234
-3114.280029
-2386.019043
277.897705
-1425.281616
459.764648
-824.750977
-2780.246582
141.075195
1865.159668
2591.038086
2105.115234
101.343262
-396.872559
288.360352
146.798462
-754.395386
-177.313217
1032.957520
61.666748
-9.241272
736.030762
-1629.494629
-2449.092041
-3292.171387
-2468.935059
302.184082
670.903564
-487.759033
-17.946533
-381.261658
498.210754
1542.101074
-1205.510742
298.798828
424.606445
-757.250977
-167.442871
-897.926270
-139.482422
-499.301758
395.788330
432.381958
-1669.973267
-1060.907349
271.260864
-737.241760
767.714844
2194.772461
-231.144775
-1429.878418
-964.679199
366.971680
-395.743408
-557.870361
305.822754
355.445068
-459.710907
-159.510620
-838.993652
1033.818359
-120.911133
-859.174805
1451.790161
440.039062
-1325.100098
-1572.890503
-506.531555
873.008301
-457.944092
-29.043701
217.271973
-761.571777
129.286133
160.181152
-1440.769653
-1092.280029
-402.017090
-469.868164
-142.263672
794.522949
331.143311
-471.530273
382.618652
-408.240479
-453.857849
-217.116150
-1306.267334
-127.771484
65.168701
-451.295837
-333.524536
-364.688477
-26.880859
407.339844
443.116699
1061.955566
769.427490
-352.059326
115.701660
597.174316
89.847443
-661.951538
224.202637
1848.822754
604.142578
672.009766
-280.847046
-861.265137
287.561523
496.493530
-146.472900
162.785156
869.333008
-4.205078
-257.449463
-1013.461548
-979.406250
266.323730
380.898438
470.541504
221.043945
-305.821533
1622.046997
1180.537109
-553.720886
-447.375244
805.027832
155.194580
-630.877808
-306.534668
-605.423828
647.464844
1675.551514
479.086914
-237.642090
-260.666504
-1278.810791
248.026062
99.658936
1102.360107
642.563232
-1550.524414
154.069611
716.229492
-65.328125
-784.499023
274.040039
-94.398926
265.650208
1146.355713
890.961426
231.443848
795.562744
-362.147461
1159.088135
3225.770264
1289.279541
347.926270
1371.750977
4882.208984
4745.450684
969.959961
54.763184
1059.316162
878.898682
111.244141
-610.527344
-65.721313
-302.569336
-803.879395
1168.996826
4627.943848
4034.374023
274.961182
-1152.409546
-1519.857788
41.274902
615.298340
508.384399
130.196045
-838.854492
815.469299
568.341797
-854.453613
821.843994
392.180420
168.574219
-135.037354
-883.454346
-385.250977
-606.060547
-5080.329102
-3115.857910
-216.803192
-465.688721
-240.514648
-402.619873
366.538208
159.721436
532.487793
-219.412598
558.928467
940.792480
-701.768555
-1382.835938
919.946289
1696.910645
161.253174
441.263672
1264.853027
1594.321289
-467.743164
-1229.746582
-2505.889893
-2439.388428
-1424.353516
-652.443359
253.378174
1201.127808
1263.260376
1189.974854
737.270020
-2250.636719
-2987.064453
-721.525146
631.140625
-843.115234
-538.330200
451.543945
-788.843750
697.925781
559.976562
-1004.706299
-1847.352783
-1655.234741
-346.456055
338.024902
-747.520752
-476.720581
498.068848
-22.332520
-818.490356
-1034.719360
-815.286377
-302.990234
893.450195
716.008789
-143.748291
1232.041260
1453.428223
726.457031
185.141113
-107.638672
81.054688
1370.733398
606.662109
2417.388916
1118.087769
20.363281
304.975586
546.098633
-664.257812
245.000977
420.502930
255.102539
-36.628418
-199.068359
-843.693359
-780.939453
524.627075
139.790527
-141.114014
-393.875488
-108.187744
296.739258
-704.066650
83.200684
2680.133789
647.393311
604.191406
-105.327148
598.794434
-1076.352295
-1282.020630
371.959473
-1017.803223
43.863770
569.873535
-668.137939
-133.256836
-10.631836
-1147.509766
19.303223
2686.699707
652.541260
44.510254
-1725.408203
-2739.776367
-1144.789551
441.715332
1674.874023
2336.856445
-216.383850
-428.568359
601.377930
-1105.986328
1045.521729
3270.257324
2877.052734
1399.336426
35.145020
1110.306641
1454.387451
873.664673
-499.170044
-1077.063477
-71.714844
232.918945
20.615967
-453.031860
-725.454956
841.787598
274.348389
127.557739
1197.409302
-568.470703
-1173.101929
629.987549
-480.833496
-1357.249512
-32.014160
1057.263428
159.364502
-4.856934
-154.939453
-682.105469
-2310.592285
-2212.833984
324.945312
90.187866
-1039.856445
-1585.857788
-102.857834
519.950195
34.289062
-20.001953
380.217773
59.006592
707.534180
528.997559
-1452.355713
228.407227
1490.968750
434.290527
718.479492
554.761719
1333.556641
1021.419434
-714.246094
-596.492188
63.108643
750.320801
388.460693
389.910645
412.733490
452.183594
-79.478027
-370.589844
-593.047729
1302.797119
1298.242188
997.706299
779.703613
-807.444824
-983.524536
-1073.862305
1208.565186
3413.633789
2169.371826
-1537.166992
-292.965820
-598.510254
12.875732
2238.134766
726.410156
45.073242
289.795654
1355.762939
856.083984
1384.399902
712.958984
394.930298
806.128174
-1393.804443
-797.733093
-423.235352
297.157715
998.419800
980.722656
139.905273
-568.077393
-1007.442627
-388.591675
689.643066
385.313477
368.888916
380.548035
-1266.895996
203.657837
657.412598
-1259.001953
-1327.779297
2250.437500
1781.814453
1902.092896
1085.765625
-110.530762
536.981201
1095.186035
-18.857834
-861.857849
772.810547
-2266.426270
-6170.576172
-6112.760254
-1821.570068
617.515015
-706.738037
-780.708130
-15.524536
-903.106201
-629.044312
37.502441
589.502930
2300.444336
1766.615479
-466.679443
-761.630859
-1234.087891
-5.774902
510.901855
-31.378174
-386.314941
-1165.056152
-88.912933
-233.013672
-488.803223
-871.592285
765.678589
308.339844
-951.737793
-272.984985
915.193604
187.892578
-284.301758
-920.849121
771.604614
1632.625000
978.956055
-431.968384
394.407715
1807.453125
769.110352
80.387573
1578.719727
1338.170898
-620.917358
-542.048096
589.166321
-164.175369
-8.350683
1762.491699
1399.651245
342.245850
439.842773
1335.552246
87.928345
748.929932
-2283.979980
-4517.460938
-3482.690918
-1140.369141
119.728271
465.858887
-204.114197
-222.504883
615.214844
1013.352539
-101.405762
-568.639893
477.911133
698.271973
380.263672
1647.506348
2712.228027
238.579956
-959.197327
-5.086426
-349.208252
6.705811
1105.608521
517.614502
-1289.535156
-1399.351562
312.654297
-822.113037
-741.847900
1314.293823
682.041260
-253.425293
-900.693054
-1057.415649
559.211914
370.846924
-1025.668457
575.670410
598.637695
-129.569824
1926.201660
1197.003418
-27.367676
2437.640625
1065.521484
-660.320190
-1537.959961
-457.714844
432.819336
-608.433594
-1971.212646
-3441.467773
-498.912354
760.019531
-1198.428711
443.392334
431.884277
-617.815552
954.973145
-377.456787
-326.142578
116.110840
-767.625244
1760.475342
118.602417
1296.041992
-1019.524536
-998.329773
552.387207
2591.329590
1929.285156
-191.031250
-421.111328
121.015778
-1282.525391
-613.666016
-804.412109
-1461.695801
-746.672363
-2.496094
1897.591797
758.260742
-379.403809
-3173.553223
17.633545
-1772.902100
-664.083069
187.924805
-959.613525
-754.524475
15.454834
-1067.862305
-967.782959
-600.764893
172.673584
223.647644
1391.760986
3063.475098
239.572327
-941.733154
399.041992
522.282227
-676.458313
33.586426
847.865234
-1573.034668
-1875.673584
109.088745
916.266846
399.880249
946.323486
727.260742
-448.093262
-356.272461
648.710938
494.770508
-658.022400
-163.953125
-567.160645
1083.763306
1362.943115
96.462769
-3331.723145
-6052.729980
-2834.901367
703.465088
607.354126
1103.576416
22.295410
245.809082
1012.942383
-57.958008
-183.404297
1183.446777
247.051270
-1074.393921
-1490.630737
-239.364655
1618.877930
1425.898315
1119.990967
169.286621
405.526367
369.569702
-1452.020264
-657.154907
669.559448
-276.446533
1564.560425
1558.821777
-696.532837
551.534912
279.133789
-691.732910
571.384644
-835.715332
716.489258
912.769531
-685.579834
-491.321777
-429.223633
122.416016
1635.681641
166.652344
784.897461
661.025879
-243.077148
269.777832
-312.833008
-1139.174805
-791.957520
-38.659668
463.535767
-1592.508057
-1280.400513
1299.475464
1025.095215
77.441284
1836.268555
944.328857
-483.653564
1185.371582
173.930664
642.261719
605.732422
-1239.791992
-754.827148
212.516113
-104.510254
88.592773
802.038574
588.704102
721.081055
432.497559
-144.142578
971.307800
1122.811523
-1367.148438
305.432129
541.995117
-173.606995
-58.119141
1820.690430
588.424805
584.304688
268.064941
369.578125
164.137695
-963.567383
-511.525513
509.351562
-2953.859863
-2410.562500
1054.750000
1067.715332
1825.222412
3140.106445
2997.735840
2539.144531
-62.583008
-1080.523071
73.636963
-470.689941
681.367676
2626.489746
2416.168945
1031.446777
-232.767334
-1041.310059
-553.092285
199.396851
1066.547363
24.764648
777.575195
1209.994751
669.474609
-1389.599609
-501.333984
905.243896
939.652100
1238.880371
798.648682
333.953613
73.709778
-326.957520
17.188965
690.243896
-251.441467
-88.296875
-420.958008
-2471.130859
-3207.961670
-681.085938
1104.489258
270.147461
-926.521118
-893.663574
-89.875000
81.142174
529.903809
315.897461
1307.860352
-280.397949
-196.608398
-1490.856934
-3954.206055
-3710.183594
-2440.374023
-924.353516
-642.660156
-807.210938
183.494141
-213.468262
209.214844
641.698730
-835.292480
268.875000
3986.331055
3954.802734
802.050781
-1039.001953
-1290.110840
-1404.032227
-339.104980
198.771484
-255.632202
-492.086487
-419.717529
330.450531
84.694092
-1630.036133
-2457.934570
-3165.895996
122.284698
320.534424
-3.208054
2886.099121
2800.604004
178.956177
-267.744141
186.556885
726.245850
-154.003906
-459.519409
1020.428223
-1710.524414
-3827.031250
-626.774414
528.367676
735.788086
2308.454102
1442.871338
-538.352539
484.904297
472.252930
473.251709
299.672852
-317.037109
-615.780762
-748.929321
-409.517334
-502.319336
22.433105
1311.057129
-26.521729
-167.035156
1032.742920
1239.537476
-929.277771
1080.480957
632.880859
702.769531
865.064270
31.123047
69.772461
-1318.748535
134.216553
-1715.463867
-1797.333496
-582.758301
-243.114258
522.171875
335.036133
-358.151367
-451.855469
249.361328
359.220703
-688.545349
463.391113
135.531250
764.269531
949.665039
112.208496
37.038086
-166.923828
-1914.239746
-4037.667969
-866.707214
1709.891235
215.142166
861.594543
806.032959
518.272705
-242.059692
-1811.073730
-1402.231323
-1188.805908
-167.524536
-612.167236
-709.017822
-417.747559
-384.230103
-832.613220
18.660400
-315.767578
950.975830
-1161.502930
-539.714844
950.414551
774.666016
91.353760
2150.031494
485.370605
-299.144043
101.000732
562.811768
-301.557129
-385.362305
-4.051514
860.382324
963.232422
818.233398
604.063965
-569.448608
-1049.970215
421.058289
1453.394531
447.965820
1277.022705
471.321045
-2554.720703
-984.232422
885.003418
3318.208252
4342.560059
211.142166
-1033.765137
-541.154785
196.466553
242.220703
1376.403320
1032.295654
1164.713867
1264.658203
333.510010
-1382.433838
-1650.639648
-2991.571777
-1436.136230
514.254883
-897.712646
-105.942383
506.611816
-1294.832031
-412.246582
655.311523
534.666016
-480.375488
-213.857834
234.774414
536.924316
574.828125
243.937500
-395.437256
-138.882812
-1519.338867
-992.282959
1044.265137
2599.460449
431.718750
-852.818298
-56.819824
-472.726562
208.424072
1275.895752
1412.553711
154.032227
-153.436523
612.207275
-159.883789
-1515.611328
-2991.082520
-1086.741699
181.336426
-1050.085938
-888.322998
164.421875
1378.775635
749.084717
387.869141
401.708496
907.913086
1180.626465
827.485352
541.653320
232.671875
636.901367
212.762817
4.626221
-787.620483
-44.976562
-259.657715
266.408691
285.138641
419.149292
1195.898926
459.228516
-145.045197
-417.274414
514.064941
116.731689
-3368.993896
-4365.428711
-325.510742
378.581665
-1058.824951
-40.439453
199.534668
-251.553406
-778.555664
-691.641846
845.357422
963.859863
1355.420898
1189.563477
-634.409180
10.771973
1509.042480
404.131958
688.866455
712.485107
-468.831299
606.048340
880.087891
-233.108398
-136.795898
-214.152344
285.523926
877.226562
258.597534
-218.671143
1475.528687
1677.044434
-300.154297
-430.479004
321.459961
669.922852
-5.044434
-346.624512
-801.350586
-2131.803711
-3252.578125
-3001.140625
-148.501221
555.668945
-1566.376953
-426.386719
-1065.512207
-683.065918
-510.561035
-228.942505
-1298.227539
664.062500
-876.712891
-2886.701172
-2946.852539
-270.869629
196.682495
-656.502380
384.616455
117.489258
546.406860
-1051.593994
-898.857849
148.389160
810.719238
695.631104
1485.633057
-137.493530
306.465332
1534.859375
2013.489746
1080.039307
1041.087891
-479.430420
-504.378418
561.735352
511.978027
-1297.872192
215.526855
883.229614
102.040863
-963.836426
664.848267
399.475464
0.145264
744.642090
162.801270
385.273743
613.904419
-692.078857
-651.420654
-911.372070
-329.542480
835.882141
1453.782959
1749.268066
313.508087
-321.323242
2980.579102
259.108398
67.728516
306.531250
-638.803711
10.932617
1771.753418
-662.405273
1441.914062
514.657715
-1218.534912
429.188232
-399.399719
-546.611328
-643.334961
-7.466797
398.875977
39.993774
3477.949707
-3349.747559
2360.847168
-461.259033
-1603.481445
554.008789
-253.138184
-1716.699707
-96.310059
305.537598
508.061523
419.062012
-1485.337646
-1329.085327
-28.284424
801.316284
1371.068848
649.854980
-1128.470215
-1290.827637
-29.758789
-228.179199
-691.493774
-251.258301
-445.133057
263.363525
-229.354980
152.475464
799.380371
616.004150
589.448242
873.849854
-317.187012
-771.152954
1383.041504
794.050781
368.222656
803.475464
-1247.467041
-1224.786133
-708.674316
-261.307617
-1411.507812
131.828125
-639.655273
-711.119690
344.892334
890.169922
483.541992
515.074707
-952.401733
487.986084
554.475464
-719.523438
-434.771973
357.646973
-1789.920166
-4087.877197
-1586.829102
385.444824
-410.905518
1244.475464
1450.907471
194.243652
-160.547363
186.003906
1654.336060
1475.493652
656.693604
108.329834
406.095215
64.062256
-15.976562
-301.097656
299.837646
453.580811
-255.621094
-1289.202637
3.378357
-448.906982
35.047852
-109.423828
744.304688
-360.641602
163.137207
-699.191650
1478.101807
1939.158936
-982.206543
-324.735229
-411.223633
124.929199
168.451172
-4258.174805
-7941.041504
-5147.338867
-582.893555
746.447266
949.831543
393.707153
-961.167114
-380.253418
-68.981812
2403.350586
3353.460938
524.494629
157.805176
1003.224121
192.506348
37.166504
-625.226562
-364.297607
-769.837524
402.645386
2226.177246
338.117432
173.744629
510.143555
-57.668457
316.299683
48.480225
682.226440
-190.007812
63.966309
808.780884
-124.266113
642.605225
-157.961914
186.245117
357.187012
-727.932739
1255.780029
2759.018555
1709.274414
1657.046875
-1140.497437
-679.460022
1091.654541
722.583984
629.824219
596.205811
-2002.496094
-7538.924316
-8083.188477
-2974.270752
1773.783203
-31.517090
19.030945
794.099121
309.880859
-661.208008
-429.722168
760.052734
431.620117
1751.253662
399.117920
-903.194092
397.636719
293.990234
-849.939453
-1111.742798
-1218.963745
-1252.413696
518.205322
967.689209
-84.068481
-292.361328
697.344238
-408.678467
240.327148
816.336426
-505.917725
-339.877625
64.996582
-927.218262
-2325.850342
-2127.774902
-61.125732
1140.496582
1582.863037
899.515869
880.538452
424.467773
2262.010742
2012.495117
-5.030273
-255.882812
332.880371
612.691162
900.842773
-183.608887
-641.850098
273.005859
153.984863
167.645386
531.870605
-32.557861
-1227.848511
-864.455566
-640.782715
544.016602
112.463776
-693.496582
-220.108398
310.258850
2553.161377
2490.787109
-72.924805
-2913.250244
-6163.809570
-1294.605957
2251.235352
5438.069336
6434.829102
3537.712891
270.506836
74.976562
385.304932
344.162109
-51.330933
1053.266113
786.192383
343.992188
-1086.996704
833.462891
2035.174805
286.197266
291.121094
-80.834473
1.874512
218.664551
-713.794067
-973.506348
456.388672
937.333008
459.242249
8.105957
633.172852
40.070801
-1088.881836
-217.029510
-961.677002
-493.209473
394.380127
2222.284180
3769.966553
803.568848
-732.763184
-1369.284668
-1330.787842
1336.153076
894.179199
904.915527
-171.938965
438.505493
2800.848145
2115.164551
74.868774
-1535.867188
-2498.482422
-357.768311
975.981934
2743.159668
-435.573364
-2349.155273
-1475.913452
-1478.457764
75.975098
1566.569336
1604.502930
2833.915039
1118.898438
745.421875
1259.254395
-515.562988
-1374.544922
400.473633
-2951.136719
-362.687500
1083.992188
1698.475586
674.643799
721.142151
1656.933350
374.814453
-198.472168
248.741699
1536.463623
652.519897
504.716309
-683.332520
-1603.089478
1025.398071
2088.374268
1196.631958
-375.145386
-1790.514160
-1739.282715
-688.967468
-416.899414
-384.669434
1101.475464
578.354980
-172.731445
1013.777832
4819.957031
4798.005859
507.153564
-25.290649
-1406.579590
114.759903
1773.883179
99.529297
196.057129
296.757812
-525.678223
-409.641602
-72.089355
231.244141
-1454.178467
-2120.601562
269.720398
197.236816
-1119.740723
975.302246
873.153320
-802.923828
807.966797
160.381836
247.270264
905.953613
1618.029785
957.879883
-1199.353516
-4279.253906
-656.081055
-819.314453
-1219.825195
-214.951660
-356.139648
-643.706055
1008.060547
281.569336
131.861816
857.120789
639.918457
190.343262
159.754883
-523.635803
948.743896
972.156982
-770.725098
1377.457520
2366.382324
683.334473
1138.527466
1641.807129
-264.997437
-313.820312
1397.052734
1129.209961
1703.203613
-48.082031
1134.844971
350.612305
-599.786621
-72.462158
-780.033691
-871.666992
-455.083984
231.309570
-140.611328
-555.178223
287.895874
-117.019653
416.694336
-1000.810303
-903.483398
-1885.446289
-2567.191406
-211.160156
165.386963
974.831177
-891.009338
690.061035
763.813965
1153.577148
654.174316
1077.088623
191.009766
-89.736328
219.150391
-582.867676
953.833008
-47.532715
57.200195
-1152.156494
-1440.377563
4.243164
753.361328
3188.329102
-700.641602
78.941162
756.270996
364.734375
971.106506
688.291870
787.196777
2607.370605
522.867676
-2574.072754
-2604.882568
-2084.297607
918.162109
-1160.386353
-1069.127197
686.333984
483.834473
185.366699
-894.562744
-751.552490
-732.063232
-180.488281
1873.343750
660.606934
708.551025
349.211914
-1885.369141
517.757812
1765.065430
137.216797
720.997070
286.960938
-213.360840
1636.963867
698.676758
833.009766
1788.969727
1573.001465
-193.950439
-660.700439
-249.258789
102.968750
1128.734375
3049.277832
872.707825
-660.115479
-2518.402832
-2202.596680
316.110840
530.677979
-344.902344
411.142151
-993.429688
-644.285156
-237.490723
-27.691406
400.859863
1147.428223
76.006836
-1445.296387
-1922.017334
366.741211
671.378906
738.547729
195.946777
-3057.115234
-3718.327637
445.710449
388.030884
-1530.819092
-151.758057
325.800049
-56.997559
1210.808350
3309.004639
912.605957
1209.086914
-690.508789
329.195312
1016.002441
793.994141
-1012.067383
-1044.995117
-489.747559
-794.177551
-801.731689
-2050.640137
-3166.148438
-91.281250
-526.064941
-713.140137
-1479.911011
-324.628906
1214.397217
-200.841309
-222.028320
-15.135254
-110.345703
2101.685547
-25.783203
-1310.293823
-1097.025879
1939.727539
2424.760254
-296.159424
-1476.857788
-6277.952148
-6624.149414
-887.014893
1012.999878
-901.054199
-91.510254
-1108.960327
-1784.703613
-440.232666
-82.524414
250.496094
-306.008301
1036.697998
406.621094
-98.607910
-116.576874
116.322510
1509.226562
2070.282715
592.079590
-542.210449
-570.978516
1176.340088
5830.902344
7104.403320
3605.608887
190.457886
-526.298950
-702.080811
-147.290283
-460.259277
-116.808716
-777.081543
366.713135
1831.417969
941.190430
-968.190918
-1042.956909
-335.211426
308.237793
-1220.258423
-4801.174316
-5734.206543
-1299.794678
81.519775
-1462.033569
-231.253662
46.885742
-1299.333496
572.615723
-178.979828
-413.392700
1223.931641
-508.091064
-1226.180786
-55.918579
822.848633
-773.844238
-37.328125
769.706787
2.523438
-172.040039
576.719482
903.773926
-145.076172
-527.479980
-301.602173
-743.772217
-387.067444
-234.571289
-16.706055
-899.050171
59.073242
-756.475586
-1432.061890
-9.896484
-1509.556641
-2456.037598
210.549561
375.400879
-857.019531
832.460449
233.277344
162.708008
-390.791992
1040.292480
-186.363770
879.764648
277.458008
589.492920
761.153320
1248.969238
-135.942871
1293.630249
1705.885498
771.240295
-1162.034180
-1318.975586
-539.652100
659.523926
922.471680
359.886719
-167.480469
418.418091
205.780060
-992.711426
154.615417
1093.237305
121.974609
-40.729980
-106.348633
668.930176
4290.503906
4992.988770
1002.960205
-303.003662
44.728027
-277.564941
634.605469
1621.719238
748.184448
1236.445435
-742.491699
-83.628906
508.388672
-883.285217
-490.855469
344.113525
-856.067139
500.683594
167.257812
524.664551
421.251709
-957.294922
-1733.518555
118.500977
1166.135986
1107.042480
-1503.235352
-864.806885
712.347046
-337.642090
-1206.145508
-885.215820
1602.885742
1322.629883
436.436768
1063.918457
176.140137
-263.306885
947.794434
400.308594
-745.756348
645.804443
1428.328857
1384.978760
864.818359
771.358887
814.105469
680.290771
498.102051
605.626465
-1139.933594
-141.904785
666.016357
2155.570801
957.171265
497.012054
-1195.262329
-181.074646
830.275757
721.967773
82.258301
896.833496
-568.404297
1773.404297
3263.364258
1299.201172
-1063.146240
-2650.480469
-2367.100586
95.113068
-349.868164
-906.264893
-104.346191
-936.705139
-4219.036133
-3872.071289
-112.377441
386.753418
-628.995361
-218.737793
209.959473
-413.467285
-924.271484
1471.692139
1393.654541
-370.762512
-829.044922
205.773926
2138.397461
4835.969238
1048.114746
-905.127441
-2669.463379
-4150.770508
-1717.793213
-289.006348
-821.105469
513.744141
967.431763
1951.411133
2726.112061
789.044678
138.183594
98.092773
698.906738
-1009.668640
-1136.380859
-220.287109
-610.820312
16.420166
-789.760498
64.173798
-564.543457
-2536.548828
-663.562988
1486.772461
531.803223
410.840820
285.150635
-665.560547
-366.367188
-425.345978
-521.519775
-320.445801
848.472656
1692.078125
455.729492
83.187744
635.081055
1634.361328
-212.373535
609.018555
-710.006836
-262.073730
-938.556213
291.182617
-275.912476
-225.319336
-859.575928
-554.164062
713.304199
-16.429199
-293.646240
1040.894775
-358.175232
-1071.804688
150.737793
-903.687988
-1345.023682
43.587891
3241.141846
5518.163086
1199.608643
-1458.524536
1202.179565
401.448853
702.074463
389.940186
1102.944336
1497.687500
1170.794922
655.966553
557.818481
431.319336
-941.024902
-1248.279907
-504.125000
-169.416504
-2319.665283
-1750.779541
-172.849762
-713.666016
-2390.181641
-1842.950439
-572.414062
-168.542969
181.108521
-81.508301
-342.186523
-147.178101
-731.223145
-1057.330078
-623.819275
-158.010254
-511.498535
1115.761719
-351.242920
16.927612
-36.108887
1251.869629
2139.288574
795.045654
-214.164307
530.064941
-321.258301
420.024902
4252.416016
5241.583984
797.191650
-651.763184
-286.122070
645.401367
1747.866211
592.087158
-1120.044312
-1011.125854
-593.310547
-595.671387
-631.164307
-228.140137
-1488.350586
-3537.993896
-3478.683594
-738.884277
1426.975586
628.041016
593.540039
172.461914
-623.626953
592.856140
483.055023
1072.412842
1476.169678
-473.988037
-1148.120850
-2101.563232
-1060.313232
1580.128540
-349.668945
-1357.218506
-275.416016
510.055664
827.967163
621.495605
-750.101074
-409.589844
-542.578125
-726.524536
-332.959473
-408.939453
-806.077637
-1174.745117
-952.762512
-1117.716431
384.522461
1255.709473
1063.141113
1735.878418
198.402832
-220.269775
2090.798340
2377.691406
86.491211
-565.741699
-712.373047
55.483887
1943.019409
2262.771240
-351.114258
-2158.973633
-3723.427246
203.773438
237.030029
-1121.812500
-263.282715
-251.456787
-811.604187
431.448242
1552.791016
610.090332
-9.798828
-2410.168213
-2429.688965
-1392.848633
591.875977
913.528198
534.808594
-857.549561
19.520752
772.978271
-2133.860596
-1128.180176
787.277832
1541.521484
710.391113
-790.144043
-386.221344
-520.180664
-757.708740
-359.207428
-244.953125
424.255402
-87.029785
1086.766113
2381.876953
1148.380127
360.189453
-928.732422
-1074.679688
552.985107
272.922852
-754.708984
-70.134766
870.509766
1201.313110
-209.301270
753.122681
1327.946533
-754.950684
-518.186157
588.764893
-328.266846
-1044.183838
-1230.678833
-593.996094
486.224609
505.821655
-723.193115
-709.076660
-1044.911377
-328.902222
1233.947021
-1339.693848
-1466.849609
520.663330
799.036621
771.246094
977.318848
503.911377
1319.311768
-294.947021
496.956543
-299.083008
-468.113770
959.173340
231.840088
-108.704102
-759.802734
-1638.279785
-473.638306
648.870605
1114.314209
1232.572266
-478.649414
-659.300781
-156.017822
-417.002808
532.805420
-814.792725
-4455.960938
-2402.823242
-205.540527
201.402344
460.601807
-296.775391
-368.536133
-84.916748
-101.896927
1208.212036
810.784912
182.653809
376.208496
-215.459015
942.921387
-1783.708984
-924.983398
-870.419922
882.781250
1076.948730
-6.883057
90.837402
1922.395508
-59.358643
276.695801
115.179688
108.263916
144.191895
-108.312012
154.949707
-507.197021
-793.302246
-366.253906
-1037.871094
117.361328
201.541504
480.328613
774.066406
-1050.971680
-1846.147949
-353.726105
1262.885254
1071.897949
339.801514
-1067.283203
-2554.911865
-2176.142578
-152.789062
-1514.507080
-1809.672974
-450.128906
-214.105469
-370.665039
444.090820
-611.971924
186.813477
1231.591064
1283.595947
1830.068848
1434.744751
332.240723
1160.399902
1531.895996
-248.998535
532.664551
-263.072266
-139.173828
855.884277
-546.233887
-617.633545
587.043091
127.939697
-600.446289
251.338623
184.335663
-943.665039
738.357422
-355.197266
-434.548828
327.231934
-21.105469
131.742065
17.669922
-114.182617
273.285156
664.973389
-1282.765381
287.813232
2032.630371
2467.284180
516.199219
-299.181274
1297.477539
1058.706055
2925.382568
3047.976562
1955.027344
53.785889
866.643311
1528.657837
235.300964
-1070.593994
-559.559814
-605.844238
378.257935
1121.480713
2069.057129
-978.877441
-199.723145
1028.672607
-322.016846
22.824463
1480.096680
891.019531
814.930664
1176.100586
-1221.093506
-3742.455566
-3209.164795
-1458.258789
124.673340
277.630188
1.184082
-398.190430
-595.647766
-349.805664
303.408691
-1854.650879
-1842.954346
77.514404
1544.784912
2936.059570
-289.214172
-844.976196
769.254395
450.001953
899.349609
115.155518
-190.443848
96.921875
877.845703
-247.456421
-348.085968
495.841797
-301.566650
1391.145264
2257.545898
-64.097900
821.261475
643.543701
632.562988
1473.609863
52.136230
-400.055908
-3823.929932
-2320.852783
-102.180176
-666.606445
-96.340820
542.512207
-357.452148
-358.609863
111.086670
52.049805
-37.296875
-1191.032227
939.952271
495.882324
-121.519531
36.072754
116.228760
1015.088257
-123.984131
-684.986328
1323.173706
627.594238
627.308594
39.048340
332.993408
1030.247437
73.994629
-397.308594
1040.547363
1306.382812
-344.914062
-44.355469
815.733398
-1698.219482
-473.986816
1173.219727
377.220215
-893.772705
-1540.524536
-1695.573486
-1080.176025
-489.657715
-1402.855835
719.003174
1677.858887
-601.536560
986.561768
1467.409668
44.586914
-5332.753418
-9903.887695
-4701.857910
-718.761230
1192.015137
3871.295410
1114.729492
-653.072266
-535.452148
-145.369141
646.250000
119.398132
219.393555
1001.799805
345.361328
-299.822998
-696.254395
-2167.216309
-2154.990234
409.977539
1270.930908
241.251465
559.346680
-597.808105
515.292969
-182.327637
171.529541
-1288.531738
-563.283447
-1186.165161
1222.242676
1825.172852
621.341797
444.085449
359.992676
355.981445
-560.662842
-377.283691
140.567383
471.772461
710.863037
656.260254
-639.339844
-549.702515
504.040283
531.822754
-110.235840
-653.207520
-215.597046
-680.914795
443.029053
637.554565
1352.463379
323.954102
468.707031
2676.080078
1962.312500
634.734375
245.854492
-96.926758
-141.912109
967.740234
-1159.857788
-447.938477
-360.763184
135.620605
667.610352
597.038818
111.325562
487.982147
-1060.076172
-1183.756592
335.784302
445.680664
-933.766602
14.941406
1485.397339
1543.955322
229.182617
505.010254
312.110840
-420.376831
50.010986
327.748291
-78.329834
-16.095215
-510.077759
117.142166
361.148438
-311.936523
-695.834473
918.833496
-774.307617
-697.541504
26.331055
430.556641
185.179199
711.392334
1020.960327
-371.337891
-197.261719
-877.857849
576.222290
405.016052
1378.209839
6419.801758
6407.200684
2081.092529
329.519531
528.089844
-542.588623
24.153809
-642.777344
201.930664
655.494141
518.466797
-782.334961
-393.524536
232.445801
-1111.661133
214.480469
3108.178711
-1541.859375
-388.910156
-81.287354
-783.345703
7192.022949
1368.676147
-3385.439209
-7220.254883
-4486.018555
-896.670898
-137.206543
-1169.539795
-1768.406982
-1048.654907
817.367676
2404.703613
1882.732178
-382.586914
-198.245132
-2346.779785
-1371.820312
-466.962891
-2124.528809
-1219.912598
-1168.702148
-162.847656
304.666016
-744.177490
-260.979492
-1471.598633
-1112.293457
12.584961
1585.021484
-283.430664
113.995972
1254.942383
-66.934570
1273.022217
-381.398438
-1622.597168
-45.393066
1899.357422
1095.021973
-404.564209
344.529785
345.470459
196.608887
-665.029419
-1447.567261
25.678101
1220.254883
825.679199
-450.184082
-930.327148
179.299316
6.871582
-241.260254
57.701172
1001.875977
458.342285
545.278809
-208.831055
506.484375
1258.867188
2377.051270
-106.352539
-183.893555
-175.910645
144.987793
3212.656738
3615.800049
657.698242
-3092.381836
-1862.062500
-2594.366211
1795.955811
843.270325
-337.440430
-16.226562
-634.433594
-645.996582
-578.858826
-532.131226
528.595947
-2033.403809
-3564.966797
-746.805176
623.380615
-265.914551
-504.686279
414.455872
1813.924927
1861.957275
89.105225
-1240.770752
-344.104431
-386.330200
-75.839844
16.801758
-783.710205
-318.074097
707.414062
1361.850952
2014.406250
-16.783691
-37.461426
1389.871094
555.621094
1441.498047
826.745361
602.792969
-60.079712
1560.787109
-181.877930
-127.053223
-591.067871
93.940033
1458.593750
-860.537354
-1070.993164
-285.908203
-290.609497
723.686157
1157.560547
-24.500488
-2597.342773
-2140.395020
949.609375
1264.696289
2669.301758
422.008789
-546.832764
202.758179
922.717529
219.874023
-1050.190430
889.371582
-385.774902
-434.621094
78.196777
1204.099854
71.368774
-439.335205
-237.868896
496.045898
-482.276855
-149.141602
-383.543457
904.099609
-72.430664
-625.995117
333.140198
779.142090
1279.848755
71.616943
346.558105
120.573242
-756.750977
-398.032715
859.364990
902.887451
430.523438
120.999023
67.407715
-790.156189
-637.241394
1160.091309
-94.069336
-506.435211
1810.736328
1192.984375
206.994934
-611.225586
-1096.645508
222.870850
378.349121
-818.054688
-1024.442627
54.734619
2903.547852
3497.675293
-262.885620
12.630249
11.188599
-1200.923340
89.290039
-211.327393
251.026367
3066.274414
2117.787109
172.324219
548.753906
-544.229004
-1580.805176
-129.770508
-321.000977
670.446289
258.435547
1018.142151
784.029297
497.640625
470.027100
1717.700195
2034.001465
-289.506348
174.916412
829.358887
-991.657471
-69.117798
692.912903
-1311.514648
-24.577148
574.751953
488.495117
1504.547607
393.058350
-274.571777
-852.608398
27.504028
-828.459839
-1083.804199
443.510071
-1358.800415
-2173.194580
-1072.561523
132.558105
540.555908
1414.881592
347.111816
-308.600098
1026.151855
-359.645996
-1844.221680
-936.868164
-578.648682
-547.901367
-911.254395
-1011.368164
-296.227539
364.812012
-686.585815
-1502.898193
-671.470703
100.253906
-857.802734
-19.710938
-466.088013
1058.014160
1577.387695
16.814941
625.292786
738.167725
-405.600830
-173.098877
178.497437
-26.578125
-491.909424
286.572510
275.741455
1278.187500
320.708984
-229.483398
390.754639
-1517.174194
314.320068
230.803833
-3905.915283
-3985.253906
-394.256592
514.029785
-1234.707275
-223.921387
1018.419922
1428.468750
-761.754395
-247.660156
488.093384
1085.954590
347.253906
-199.040771
-511.744141
-193.371826
-601.053711
-866.807617
-829.029297
1417.171875
661.644531
-654.470337
1361.728149
807.335938
-594.244629
303.720215
-357.493286
1601.410645
1221.443115
-261.535522
-672.821777
-977.841309
-998.089050
446.402344
1897.980103
2724.475586
1913.215088
-249.640686
-223.282227
742.497070
368.684082
-113.907959
698.030029
1189.824219
-4.763672
155.862305
629.188354
47.983154
551.630615
428.475464
-1009.322754
-379.436035
522.753906
-143.425293
-1037.297363
-1079.882324
743.027344
-225.946045
-945.203735
-254.898926
126.327637
-382.475098
-1817.172852
1175.338867
58.812988
-1328.548584
-75.285889
955.132812
-674.430420
1215.473755
1135.000244
805.151306
925.389648
-540.470703
428.917969
946.246582
523.411865
-418.071533
-2761.078613
-832.406250
-1031.921387
613.128784
-245.429688
221.988770
733.871338
1681.499023
619.361328
1404.899414
272.843994
-965.359375
-1533.395508
432.744629
-661.442993
-759.613281
-91.437012
-974.170776
-693.591309
1018.500732
4910.959473
1131.518555
-1042.645508
635.587891
586.376465
-189.876221
-98.366699
-551.470215
305.754639
1161.890503
194.478027
7.030762
-490.246338
455.328613
-245.097656
-776.943359
-1025.598389
-217.382324
669.329590
2849.699707
485.337891
-1078.808105
369.789185
582.984863
1263.651611
-9.512695
-180.682373
292.851074
-616.447266
295.963867
88.375732
-5.702148
-1499.525391
-1028.840820
-414.692871
-557.860229
1450.104004
2428.300781
130.148926
-163.771484
328.959961
-772.763672
401.229126
775.737305
-1232.911621
-673.524536
171.551270
-1215.644043
-394.727051
116.163818
-99.014404
-666.506836
1571.558594
-64.344727
-1351.725098
88.287109
1098.441895
-212.637207
-791.135742
8.298340
-294.028076
107.444824
276.648438
-548.479919
-126.050293
478.828369
-1220.961182
-2835.353516
-298.572998
1095.856934
-137.325684
977.152466
711.371582
789.408203
486.401489
1052.703979
454.695984
-179.470459
-1089.548584
-1487.273804
-544.315918
-2623.531250
-6635.806152
-2919.572266
-271.149841
1286.197510
342.485352
-1058.882812
221.730469
-417.347656
-649.045288
554.085938
613.275391
-284.034912
195.878906
594.475464
220.645508
-1575.049438
-728.366211
-2496.310791
-2821.500488
-595.517578
-173.844727
524.674927
3316.722168
5057.708008
1466.198975
-363.733643
-123.770020
-236.247559
-1272.421143
-1697.422607
531.458740
1010.824585
12.421875
-335.600586
1019.409851
86.321777
-670.505371
1476.788086
-468.932129
1489.154297
-361.159180
201.127930
547.606445
-8.935547
147.742432
1037.106201
1906.323242
-1052.894531
774.255859
306.140625
-1499.309570
-466.289062
299.522705
397.487793
5.081055
-952.470703
-1473.420898
-392.520996
746.724121
264.327148
289.739258
238.520020
514.094482
-240.389160
-944.865234
-1135.344727
113.965820
-851.888184
322.903870
-2.796021
1042.864258
1021.147705
-1435.729492
-2018.038086
-10.275879
1044.998047
3984.906250
1907.920898
-361.646973
929.142151
938.701172
-684.161865
175.911621
2245.664551
-549.524536
-508.436768
292.693359
574.378113
-81.454346
-351.909668
-34.583374
-124.524536
-1147.442261
-884.037354
525.368652
615.876953
132.051758
750.003906
189.852295
-44.043945
1186.113770
-754.665771
155.694580
312.439026
-5776.778320
-4109.165527
-287.712646
469.760376
2012.757080
211.947754
179.380981
1161.715820
174.375977
262.743652
111.174072
277.311768
-64.773186
14.024475
1083.181030
-473.806152
-562.012329
-411.057373
-606.097168
1072.874512
96.718567
-907.475098
-935.417297
499.229004
1263.272461
-16.262207
490.716797
366.325500
124.592041
3497.312744
5367.510742
1919.300293
-52.179688
-82.737549
536.948730
-223.684570
490.038330
-156.985352
-585.981445
-413.147888
-1470.221924
-1098.667480
42.675293
-258.607666
-280.818604
-157.574707
508.300293
659.270264
-337.523438
150.579102
1171.865723
721.718750
-404.230957
52.050293
-435.405884
61.665894
1126.349609
736.898926
-644.951660
356.118652
850.500732
329.933105
227.192383
-272.830078
-469.870972
788.079590
474.542480
736.554443
887.513123
733.337646
354.498535
2537.673828
5713.985352
2622.459961
-275.125977
548.783203
235.638916
-175.608856
934.132812
194.319824
-881.103027
340.846191
695.188843
-165.274414
-3268.379883
-2242.767578
-1809.037109
-1629.965820
-694.945312
575.838379
-278.663513
-1767.189209
-267.310059
103.293945
1267.702271
2222.969238
-14.930176
-1118.307617
-454.401367
-1108.645752
-46.096191
684.059326
1778.249634
271.504639
392.620605
943.545654
-280.418457
-7.248047
-506.977051
-779.552979
-990.813232
-1108.827637
-482.991455
-1695.711182
-1603.300781
-342.480957
-690.092773
1268.580933
2354.407227
2560.813477
1385.143066
-491.211670
643.222656
1147.804688
-517.255737
-134.712402
323.572266
133.552490
341.475464
644.475464
68.965576
-312.356689
-28.341309
1288.202148
-557.423523
686.215332
831.014160
-256.019043
-2748.333984
-5343.643555
-5083.475586
-5145.859375
-1045.388672
412.664551
-164.588867
2295.789795
2195.532227
307.349609
740.697510
1617.336304
402.117889
63.350586
818.305664
-323.912109
-881.189453
235.582275
314.389648
-150.192383
-52.177246
463.048828
-6.935059
-73.765289
-903.226562
-188.805664
20.566467
1346.749023
442.054688
-1579.757324
-302.194519
-411.176758
-124.186523
-601.817871
-1106.419556
589.980469
612.880371
-214.898438
-246.661865
1793.686523
-42.354004
228.640747
1552.124756
-362.130615
-1940.267090
-664.779297
787.979126
587.790527
-667.804688
-744.847656
375.679199
-552.735168
-713.663574
431.814941
1250.630859
1073.950195
829.564941
-100.531006
-517.570068
650.418945
1430.146973
938.457520
220.894043
-288.816162
-164.338745
-549.091553
-1306.494263
-734.273438
138.134766
542.979492
-314.680664
-178.337555
-1032.857788
-481.730469
-1144.873535
-2264.920410
-340.368164
277.907715
-677.604004
281.649414
-1003.314941
-2990.522217
-727.936157
1508.578369
305.354980
-1019.347168
16.620605
489.473145
-479.941162
-587.859863
460.909424
363.732910
238.066895
-468.622345
-69.636719
-836.605713
-486.515686
-719.321777
127.746399
545.813965
-229.557617
-202.182083
495.291992
-145.672363
-882.763428
-532.970947
-31.987305
-536.322144
85.567871
271.937500
220.605957
-424.372375
236.683594
486.180664
308.600098
206.675903
-394.738770
-465.212158
1113.511230
1588.779785
1518.267578
-3159.166016
-2396.163086
-709.789429
1612.400146
4279.109375
4255.189941
-486.510986
-633.447266
246.521484
-113.524902
55.230530
636.989014
777.280396
331.931152
-973.548828
-864.724609
-43.754883
886.327148
2607.826416
1715.171387
-342.484253
-1629.086670
-1824.588867
-31.853027
840.595215
-27.380859
-229.944580
-138.068848
1434.306641
2623.169922
894.301270
-217.854492
569.695801
202.868378
-1993.797363
-1391.638672
-35.627930
1227.300781
1706.868652
3327.562012
40.501587
-984.712280
661.242920
-317.520752
-159.167480
1206.786133
1478.412109
236.814941
345.932129
667.341309
520.665527
1203.265137
15.795654
-740.467285
1.418945
26.411133
-1171.456055
-1204.020508
-738.489990
-2607.043945
-1349.593750
837.405273
241.161621
-966.792847
1123.539307
206.245117
1742.062500
101.359863
-1091.850342
-1112.635742
-489.714111
352.219910
43.087616
1031.329346
982.533691
522.771973
459.456543
-791.123047
-13.002930
146.375977
225.330322
-199.105469
-271.541016
-1894.233398
-213.059448
466.024414
203.174805
1663.104736
880.407715
525.475464
78.260742
-1508.725098
-1006.356934
-395.094238
-538.304688
52.432373
-1206.429688
508.262604
1473.465820
327.771729
721.082520
803.859009
-475.744385
-1456.375732
1982.244873
3982.183350
1449.081543
189.549561
1886.512695
656.869629
1996.988281
5162.944824
1986.941895
-810.942383
-1414.924805
-2736.079102
-366.208984
1217.300537
530.761230
-359.295898
136.579102
543.856567
-234.263184
-1425.129883
100.770508
-566.838867
-918.460083
1082.447876
-807.836243
-321.565674
238.462158
-244.056152
-1395.173340
-29.148193
764.485107
-156.001465
-46.669922
1443.763916
698.138611
-460.407074
-751.186279
911.733887
3247.339844
2199.801758
734.937500
-894.292480
-1361.423340
-11.007812
-22.325684
278.467010
-2313.506836
-2582.604492
-143.343262
441.311951
-52.015137
-1908.034668
-854.662598
298.922363
-159.353516
717.496826
598.383789
-329.957489
-1710.976562
-479.160156
44.527344
164.096191
325.078613
-598.418457
-633.784790
-356.235687
-1566.574219
1870.182617
-3189.149414
265.567871
245.129395
-2275.982910
-2054.230469
-1308.944336
957.520508
1092.777344
188.769531
-1732.664551
-189.588379
-534.335815
577.985840
-964.337402
-1540.258057
179.834717
966.234863
912.019531
806.197021
403.209961
-777.943359
-394.710449
1195.451416
1109.648438
1239.812012
-300.099609
-492.230469
-103.902466
-1138.639893
-463.824585
-129.612793
580.204102
503.350952
253.346802
-175.173584
-812.725342
-1499.189209
-204.633301
-162.585449
-330.598145
-908.525391
-374.426758
-331.919250
135.005981
540.602905
798.402405
-277.570801
622.128418
156.664062
1068.333496
-949.660645
-810.058716
-1584.355713
-1120.112793
750.890808
-496.988525
-538.102783
946.624756
2250.472656
834.504883
-364.552948
-717.868164
538.442627
-662.269043
-217.670410
325.290527
-823.741699
-1303.620972
-502.358215
1268.017578
20.437988
-693.361328
-2.973145
406.194550
775.338379
588.553711
314.811035
1002.663635
108.283203
62.740601
-713.629028
1107.292725
982.812317
-534.698486
-1712.100708
-3380.001953
-1538.867432
672.342041
-815.092957
507.246582
1218.410889
-165.233337
-1141.300049
-1110.929810
132.965332
-1609.883301
500.047363
-670.863281
762.080078
-917.611938
-515.696289
-399.946289
331.103027
2685.916016
1669.806396
6.187500
112.646484
-16.131836
-670.919922
-154.742676
64.756104
-241.523193
864.246826
1085.053955
435.272949
649.688965
-337.196777
-1159.892578
-317.660645
183.606506
637.669434
487.865234
3124.223633
2783.917969
55.359070
128.582031
400.494263
-358.393311
-685.397461
-79.503418
383.135254
1265.686035
572.317383
1203.322266
201.690308
-644.492676
-1177.367432
-276.458984
-122.915039
469.732422
-280.704102
-58.157227
1151.597168
-597.861328
-709.989258
528.278076
1032.374512
1056.076172
498.952148
-242.666260
-1976.558594
-2346.737305
-1452.441650
-829.223633
-45.272461
-571.130859
1018.606445
-7.726318
545.197998
345.639648
-290.919922
476.741211
841.317627
144.581299
-3186.013672
-2747.555176
876.960938
1402.408203
1381.194336
-539.737305
-622.009766
440.472900
1389.406494
582.126953
295.969238
943.017578
484.590820
-560.330078
-1340.810547
254.372070
425.779785
-459.306641
454.752075
1402.488770
-778.780273
-1113.338867
-1053.243164
858.948181
3075.262207
838.389648
-1062.656738
253.645264
-183.917969
-1256.933594
-843.038086
1696.051270
27.134277
1348.822266
775.581055
-1046.924072
-473.697021
177.631104
-1856.684570
-177.206543
846.692383
168.722168
-660.585205
-156.745605
-415.809082
-421.873047
-215.801758
3923.500000
646.625488
-1064.041260
743.291504
890.642578
1910.796875
-165.741699
-770.858765
25.417480
350.148438
736.617188
-498.049805
223.954346
1047.935791
-529.248779
301.838623
-85.518188
-1211.344604
-409.701782
-686.650146
141.604309
-1059.104980
-906.756348
2110.141602
223.288330
103.084961
92.484863
-2348.902344
93.900879
1017.715698
466.111328
-482.974121
-847.907959
659.348145
3074.831055
3640.979980
1733.728760
-1776.310547
-289.218262
189.430176
-660.161072
1652.390137
722.511719
-433.843475
-340.135742
-729.828125
-618.990234
805.196045
1615.300781
982.760864
-210.528320
470.219727
-149.780029
-1200.114258
-178.412231
1138.872559
164.338867
-490.630615
210.788574
551.839844
-123.470215
-2196.107910
-1674.716797
-3707.549805
-448.732422
-70.648682
-668.695801
-671.757324
206.783691
184.587402
-1157.561035
-841.202148
-461.908447
-392.076172
-107.602539
7.834717
-586.531982
-719.893066
-1052.506348
-411.926758
-947.630859
-2804.455566
-1288.733398
-1323.169922
5.318359
-81.265625
491.876953
160.667480
204.570312
-564.080078
-402.795898
-1240.010254
1646.142212
865.529175
360.230225
764.321289
816.052246
13.083984
119.749634
68.450684
-231.377441
-1180.079590
649.163086
1045.300781
426.361816
-104.716797
-836.391602
-378.162109
178.934082
397.268066
390.881348
377.197266
774.829834
1728.207031
1091.593872
773.232178
-345.626099
-747.185730
758.512329
385.428711
159.758301
-1435.941895
-953.599365
1099.860596
1330.583984
-406.977051
1235.287598
429.773407
-244.249756
2299.467285
2798.307861
-59.770752
-757.078125
-1135.926270
-1478.308472
-59.182129
-179.731445
339.977173
423.180176
-478.835938
248.339600
-446.261536
-343.687988
205.343262
-433.270996
-673.855225
-1615.665527
-662.995117
974.941406
407.109863
-1249.148438
-900.206543
-606.429932
-128.960449
408.204590
-641.394775
-1723.270508
-691.199219
-49.721191
275.583984
-443.096497
-39.573730
1116.634766
445.268555
108.273926
830.255981
850.418335
350.888184
171.744141
-47.092773
986.845825
339.140137
-1318.093140
-1085.497314
159.464355
-439.983398
-1608.110352
-685.857788
1314.434082
706.692993
-183.925049
-467.965576
-766.198425
-1404.099365
-420.432800
1543.666260
360.020508
-737.425842
291.281982
-7.090820
-1047.115723
-574.375244
22.978027
677.692871
2149.129150
944.296631
-1283.731445
69.618164
725.547241
31.081055
844.141602
378.612305
-1376.636719
-3471.000488
-3298.843262
-2740.863281
-967.271484
-1142.914062
-470.497559
1866.651978
1224.809570
1028.041016
1371.371582
5.135010
411.929932
-545.232422
-1812.556152
82.497559
1228.874268
-387.162964
-536.375732
464.408203
1038.432129
563.649414
738.283203
1038.520630
284.771484
-907.265381
103.372559
760.600586
-585.794434
-981.111694
-485.467773
-294.125000
-303.692017
566.669189
1464.475464
-59.995850
-95.244629
-344.426270
-403.389893
-1345.227661
-344.099854
41.365234
111.913086
996.244263
253.800049
2361.211182
1555.639648
358.683594
-87.979492
-318.075684
-276.803223
952.938477
1143.273438
2158.076660
-875.769409
160.576416
1102.734863
-295.580078
746.432617
-350.101074
-868.520264
865.811523
992.317383
-348.291504
-153.522583
-2443.783691
-5615.790527
-5148.078125
-838.287598
1226.819336
3374.400879
2990.573975
-1390.585693
-790.861572
727.205566
759.435547
-243.330078
873.736816
-189.237915
-989.292725
195.569214
2034.951050
1431.641113
-339.200928
-1824.656860
-1053.050537
-149.367188
918.536682
721.164795
754.500977
836.142151
-413.416992
-215.338867
-182.405273
-962.857849
33.854736
1835.741943
1699.515381
236.492920
-608.023132
246.623535
2376.402344
2079.693359
935.502441
298.324341
-1114.771973
-2080.847900
-889.350708
-461.508545
-41.420898
-549.556641
-983.617188
-513.085693
732.823730
-926.631348
820.714355
620.068359
527.022461
57.290039
79.077148
105.882812
1486.316406
602.695801
-266.819580
-199.392090
903.490540
284.349121
-633.324097
-1129.799316
-1285.241699
91.141846
-389.574036
-839.846924
-217.034668
-329.469788
-494.524536
1841.209839
936.779419
471.851807
-3666.879883
-5253.180664
-1300.350220
366.102783
1043.081055
159.276855
488.274048
578.200195
1477.141113
1464.853638
402.716797
692.894531
-505.681519
1012.566406
40.439453
-538.060059
-1502.192383
-1104.717773
-829.792969
-76.164062
-260.946289
161.762207
388.305664
-20.936523
-394.066650
-1135.271729
-64.581055
-701.912598
-1703.082031
6.706787
355.204102
-68.547852
1924.437012
-1814.943359
-1.637695
1167.903320
442.835449
1123.334839
-2142.410400
-5499.527344
-5344.541992
-2385.206787
1112.979492
802.311523
122.336914
-2094.530273
-2950.147949
1125.945801
1803.400391
-13.069336
709.296875
-1964.292725
-408.692749
-599.081421
-203.967651
534.694580
-2.623047
-264.051758
871.531738
128.378662
-532.611572
-1340.093506
-516.631592
-1167.367676
-691.282959
-159.343262
-250.117188
161.266357
1316.524414
1220.591431
1428.404419
-787.228760
-1587.066528
553.385498
-106.559021
-1164.145020
-699.616211
-275.968750
-260.927246
-1100.656372
569.538086
-105.363159
-1092.997559
83.086060
109.787598
-1659.352539
-1523.046875
147.840332
-91.507812
-1052.967773
-841.931885
-743.592407
-1028.933105
204.651367
637.380859
-229.813965
-686.008484
-1050.577148
579.072266
248.494629
187.232422
-2606.571777
-1832.102539
-1194.986328
-1098.205078
-1690.897827
496.014648
715.686523
480.800781
297.910889
-635.121094
-3202.567383
-1890.974121
1731.940918
498.317139
563.410645
818.577637
-208.057129
-847.750488
205.945496
664.947998
187.373047
-56.755371
349.475464
730.684937
1027.999023
823.776367
995.311279
649.142151
-119.030975
-1470.716553
70.805176
106.516602
-1124.693481
797.345703
690.958740
-159.978638
-994.097900
-1165.141846
400.931885
1079.151367
1836.206665
-418.128418
-1378.745117
-1042.951660
-931.062500
313.020020
3423.817871
1446.479980
-658.850586
-2200.427490
-570.503113
486.142151
-1601.071655
-1309.355469
805.026123
-1469.741211
-1391.557129
-55.420898
921.824219
700.601562
1022.761230
754.769043
-406.156738
-1102.788086
1515.458252
6300.583984
5797.818359
75.088867
492.033203
-2074.872070
-836.526489
566.280762
812.294434
583.868652
-484.231323
322.184570
518.944092
-753.187988
234.380859
903.079102
-210.579590
-706.066284
308.478516
1227.546387
892.225830
227.424316
999.061523
1279.706543
-254.887695
-798.816162
-1917.810547
-534.713379
-754.201416
4.433472
263.811279
2020.063477
2440.347656
-920.052734
304.715820
453.388672
178.076492
-46.121338
-2572.393311
-2614.191650
-962.626709
-149.205566
714.134766
3951.737793
1479.778320
-862.037354
-991.053223
64.850098
1015.220703
-530.381592
-1534.467773
-336.129395
-278.515137
736.460938
-1255.072876
500.634155
-189.078369
-2443.792480
-1456.488770
990.713257
812.058105
212.939453
-244.207520
413.785278
441.155762
-309.447754
-212.968750
275.515625
568.810913
-412.008301
-200.251953
615.169922
112.361572
505.001465
-41.102783
-1415.184082
889.588379
3158.369141
3613.380859
1198.402832
-531.384277
681.342529
1109.489746
1070.111938
1062.587646
351.753174
378.890076
-81.890137
-87.703125
512.029541
274.547852
184.748535
-44.466888
239.370605
-2.122070
-47.180908
-335.377930
-229.030273
1054.049072
922.966797
-129.479492
-3427.828125
-1283.677734
322.232910
1628.702881
3070.396973
242.532532
-252.960938
-1262.020508
-1367.258545
-800.614258
-989.396484
-1251.750000
-868.283203
-3.363770
200.725098
-554.470703
171.728149
1548.995850
810.719238
-56.547363
-4189.386230
-4680.524414
-9.862549
762.255127
1492.553223
311.619690
-585.732178
1114.114746
278.747925
-975.911743
-861.182007
-335.087402
78.086426
454.435791
2082.802734
1132.905151
274.486328
-861.912109
266.524414
83.813477
-458.609619
-768.956543
1144.607178
653.475464
756.010315
359.722656
413.861084
1027.681396
759.142151
380.312256
-407.741699
-211.839355
-255.983765
582.193359
-1097.674072
-1307.836670
-768.172852
-762.486816
-1537.132568
-64.327026
694.994629
860.865234
2075.526123
1985.872070
2264.833984
1880.622803
-383.777405
939.178467
1871.742920
305.403320
1770.972656
1624.416992
559.397461
-1649.317627
165.496582
572.797363
-407.524536
579.907227
-418.456055
-3633.711426
-2149.956543
-10.651855
93.895508
1209.937500
-201.166016
-1604.666016
-1425.198242
-543.846924
-322.246582
1355.665527
-189.943237
-702.916260
2236.039551
79.594727
517.631836
-625.221680
-773.978027
-240.530273
-550.732910
-145.211426
596.440430
827.608154
-99.079590
548.651367
1318.065430
629.294922
1571.708740
1209.302979
-988.524536
378.493164
237.492188
229.396240
-513.088623
-1939.004150
-1508.684570
293.475586
-22.289062
236.304932
-1220.166992
-130.102539
130.000000
-483.139648
-582.777832
184.911133
-256.853027
1489.436523
571.254395
788.381348
793.028931
-734.951416
-832.639404
3.823730
1425.864746
441.348145
-329.608398
506.378174
885.225220
-214.468750
89.615723
111.942871
1101.522949
372.584473
1239.388794
1272.270508
-260.327148
-99.063965
706.072144
280.859619
-175.981323
171.242920
1588.699951
540.853516
123.463867
-185.701172
-572.376953
-1307.624268
-469.977051
-875.247070
-1705.993408
-1119.176514
-1251.710938
-815.545410
580.791504
741.028809
-1049.103882
298.940491
1015.253906
-60.907715
446.231934
678.302246
410.440674
852.688477
342.794434
11.231445
75.317627
-179.743408
516.520508
-675.823242
-38.117126
-245.766235
-808.331909
1151.770020
846.857422
-171.801025
624.788574
-984.736328
-33.600586
566.262207
424.970215
-28.573730
-1736.233887
-2382.651123
-1167.434570
582.034546
354.163574
1422.826050
638.491455
-595.905273
349.343750
-221.668945
-168.433594
697.824707
415.092773
-83.634033
311.708740
92.714355
-478.233887
-409.477051
-642.405518
184.944824
106.921875
1338.500000
529.006348
249.380371
169.512207
-623.668945
-813.815430
1444.442383
1911.913086
-1246.619141
-2704.995117
-46.069824
421.398315
-841.533203
-972.880859
86.991211
-133.140869
1154.577881
3519.485352
532.759766
-274.647461
-1000.135254
930.377441
511.869751
-1853.524536
-416.631744
-237.345154
648.473145
1297.974609
531.647644
-1219.320801
-244.675781
722.889648
3092.157227
2617.164551
25.583008
1.449219
-191.381836
-489.626343
-917.500977
-1370.899414
-1669.296387
-1115.088989
-1017.507812
-899.769775
-572.704102
434.779297
-766.648071
2532.184570
1570.961670
-1257.761230
218.163818
1377.106323
-304.069824
2120.278809
1001.907959
-1899.551025
-501.752502
-1501.076050
-220.679199
840.617188
118.074219
198.343994
-508.830322
-1029.051514
-1179.573608
-132.271973
457.152832
971.741821
92.787354
-1901.330322
-1308.208984
538.114807
88.903320
-461.113770
315.402832
-959.979492
-822.862305
-877.029297
326.033203
-732.060791
-442.946289
-345.150269
-3810.853027
-4125.664551
-1228.645508
589.746094
601.185547
3401.878906
2830.243164
1507.263672
682.272705
-168.370056
2470.429688
3146.952637
1398.152344
-1064.236938
-749.627808
535.100342
1879.005859
906.319824
525.150635
817.621826
-670.784180
-34.511719
-747.276855
-1245.942627
269.694092
40.628296
126.380981
950.858887
-528.552002
-610.696045
724.149536
-188.874878
-759.557373
-269.325043
1174.240723
1524.863281
2471.628906
1031.762207
-568.671387
245.680420
681.443970
-559.071045
-1041.588867
-883.063477
-540.187500
-259.906250
733.372437
1871.076172
-121.301758
801.039551
745.354004
434.804688
280.591064
530.263184
-520.516113
-923.297974
-677.721680
365.498047
554.729004
566.434082
450.054199
750.633667
1714.326050
215.204407
-2805.951660
-1800.485352
-326.642822
1206.732422
550.648438
339.436035
754.119507
131.472656
66.310059
-374.398682
-1027.201782
422.355469
1145.918091
-558.007812
-2783.366699
-4292.403320
-4843.679688
108.051270
641.755859
1482.448242
741.007812
-551.403809
-383.246582
234.835938
-732.113159
-274.810547
-657.301758
-770.978271
-391.622314
561.268066
-146.277344
-2139.848145
-386.137939
581.187500
44.031494
-337.149170
673.690430
506.874512
-102.849121
-585.421875
-428.975586
-52.191406
-575.596680
770.982422
3314.977539
1488.360352
-1485.839966
-398.361572
93.255127
684.042114
830.142151
155.363281
-721.727295
-72.500000
257.461426
80.385422
-4183.040527
-3675.131348
1004.881348
591.970459
1086.083984
523.726318
-1189.470459
-441.354980
394.178711
249.988892
-131.784180
1833.569092
1559.934326
2744.947998
1797.078979
1038.077515
-62.703125
-796.914185
-575.516602
1104.198242
839.675781
-1236.538818
365.137207
-1523.977051
-2755.788574
-1075.914062
-563.082520
2930.764648
2393.529297
-392.196289
-107.056152
-228.032715
-1446.043457
-198.320801
1512.447266
1355.142212
-919.293701
-63.127930
-3218.415771
-5565.918945
-1332.177856
379.482910
-1094.639526
-944.965576
-732.509766
-742.468750
-2805.540039
641.528809
1093.990234
-101.335938
-1530.758301
126.806641
561.814453
-698.340088
97.444885
-3540.083252
-4564.815430
-324.605225
287.074219
-7.382324
-1724.263184
-4507.635742
-3809.243652
400.021240
1597.937988
1946.009277
-52.036621
778.971558
804.980469
738.205078
1664.352539
158.199951
-961.413574
-1087.846680
-728.851562
649.062012
303.611328
-1667.296997
341.872681
-77.598633
741.688477
4515.393555
2443.049316
-939.864685
-280.699707
-367.741699
268.142151
192.202637
-432.076172
797.031616
-528.617676
-791.070801
2127.818115
1399.242188
-86.483398
453.970215
723.114746
29.201172
71.131836
560.688232
-49.034180
470.206543
3.026855
-512.337891
-307.731934
-311.749817
428.076660
396.808105
31.648682
318.990601
310.627930
245.389771
-709.507874
843.142151
499.170654
-3430.886230
-4952.745605
-1447.433105
4.831055
455.452148
-780.518433
-796.982422
-361.546021
1312.521729
920.103760
-251.065674
-885.902344
-2722.556885
-1223.245605
-143.734375
757.406250
-179.518555
-1001.172363
-1011.836182
-1056.819458
-278.783203
801.383057
191.375977
100.683594
241.493835
245.959961
-300.003906
370.292969
358.633789
-550.883789
-381.887207
-963.307617
-1242.815430
409.757812
620.984619
-1322.727783
-151.835938
-1332.769043
-1121.424561
937.573792
476.244385
-1762.929932
-1598.867188
88.535156
450.504883
569.234619
959.860352
-400.486816
-1320.358398
535.881348
352.051025
-608.288574
2178.005859
4009.388672
628.731445
-207.147644
-71.219238
-40.295898
642.272095
221.025879
-1667.586426
374.262695
-873.347900
485.028320
2420.611816
-402.122559
500.900513
1201.243652
414.366943
5993.693848
4944.787109
-902.873901
-1719.990479
-687.352051
194.890747
215.099609
-452.415161
-571.474121
548.366516
-52.570557
906.712402
3403.030762
865.416992
-2679.577148
-5345.858887
-4872.823730
-401.905396
454.617401
-1140.025146
43.030884
796.655762
254.419434
-495.366455
-1005.919922
-173.078613
-447.284180
-1046.601562
675.904663
605.564392
407.607178
2931.676758
2969.228516
1826.743652
780.666504
147.984131
227.847168
934.723633
1146.521973
174.211060
-622.306946
-106.348633
346.410645
-242.200073
-1627.056519
-624.478455
59.605469
1860.060547
351.684814
-337.875977
1584.946777
597.978027
-220.963867
-1039.152344
804.023926
-15.005371
-2098.964844
-1129.313477
739.899170
-698.588379
-718.857849
585.464355
-662.573242
-93.535645
-112.274414
111.814087
681.781860
1188.567871
237.724854
-1467.771484
155.926758
-335.233521
-1592.543091
-405.376953
568.468750
1318.286621
1425.661011
-655.392822
527.022461
-321.187988
-1022.568848
-895.718750
-1725.708008
-997.795898
-4397.389648
-1461.699219
1084.353760
-155.515625
-288.981659
1256.854980
1931.741699
1111.512207
533.055298
2815.976562
-456.968750
-61.812500
-386.911133
-2389.631836
-3582.831543
282.790527
933.487305
32.065918
-109.297363
433.783203
402.187988
659.428467
-102.867188
-26.972656
-1250.378784
-2596.112305
-691.972168
1412.248291
767.280273
1007.415039
219.760742
-835.664551
597.080078
-354.710938
-915.306274
575.320312
182.986572
-540.093994
504.784912
-11.760498
-1001.595642
-830.832520
-86.572510
-53.841797
-86.665039
494.653320
-417.164307
131.786133
-373.552246
-1013.637207
-178.225586
733.590332
-506.888184
596.621094
2749.584961
2626.984375
409.293457
306.475464
1235.986572
777.449341
4.267090
-172.328125
388.505310
-99.064941
-699.266602
-270.534180
1245.212891
1954.098389
1066.471924
-128.450928
-66.066895
690.793335
-154.000977
345.165039
-2461.351562
-1524.451416
152.324219
1644.847046
548.723145
-946.680420
-1286.524414
-124.072021
-143.201355
70.322754
-490.057129
28.418701
30.689453
722.420898
1109.212891
1008.042969
79.262207
-1609.958496
-664.032227
-583.852051
-559.107422
1.753906
-636.767578
-25.037598
-637.733276
-1862.228638
-3251.501221
-486.311035
-406.689453
-75.224609
-443.211975
-1096.666016
248.423218
-782.719238
-1281.636719
517.500000
351.499512
-1118.997559
-530.011719
-331.592773
704.313965
88.639160
-775.689209
1301.161865
515.652588
109.584831
733.319336
320.256104
661.828796
-256.657715
-1072.140625
108.726562
1057.650513
2031.507690
392.021729
-285.817444
1979.611816
1791.201172
-62.092773
-420.726013
-1046.729980
-1040.505127
-1128.168457
229.475464
-960.722900
-2173.757568
1110.998169
1324.753906
201.765137
7.003418
199.002197
909.674683
1192.246582
63.996826
-2279.129639
-3886.453369
-918.299316
567.948730
1610.866821
1473.260742
-105.835449
882.942627
1352.541138
297.313721
286.111572
917.050293
1035.091309
879.071045
1437.171509
1257.830688
84.543945
-1251.571289
-85.102539
2342.058594
1718.470703
595.855469
965.021851
-54.937134
862.002075
1329.861084
703.407288
-253.417358
-784.861816
-229.857803
328.342285
-829.148682
-630.738525
658.575195
875.034180
-377.034302
-644.973877
358.784912
1480.345459
-115.245056
-617.174194
1828.813477
479.498291
-391.296631
1746.895996
778.876465
-347.025879
641.311279
777.855469
423.498901
21.818481
-15.249756
115.457764
543.798340
1706.271606
-6.753662
-1031.693604
-1181.481934
-257.851685
-80.818115
-596.770020
-590.156982
-937.367432
-397.117676
1892.648438
4239.347656
4696.874023
1112.333984
-175.497559
-2609.168945
-3761.447021
-747.337402
1205.647461
1831.183594
204.774414
283.062988
-657.233032
-1320.480469
1344.500977
2842.182617
676.166992
-557.078125
-1799.696289
-1432.252441
-457.102295
1126.428223
2846.162598
667.164368
-331.346039
1258.510620
210.734863
750.481934
302.409180
410.639160
-77.069702
496.469421
402.805786
-240.042145
492.828125
-318.060547
-1503.124512
-383.272949
-1099.601074
-1254.465576
-318.464111
626.715332
1371.705688
890.028320
860.568359
293.654785
-1545.816895
-986.789795
-207.336182
-603.316284
85.301880
830.520264
-89.815918
-762.074707
-695.971436
-987.740173
-1381.997314
-449.817627
11.340332
-825.331909
-1120.183838
372.216797
55.772217
-1153.589355
-3474.202637
-1978.948242
508.575684
-474.639404
-801.429932
650.998535
-628.764893
-1967.849365
-1378.331055
-221.720703
-227.001953
435.093750
1698.930664
1392.155762
92.556213
542.510254
888.835938
-957.272461
65.233276
-667.243164
-3056.195312
364.830078
523.507812
97.329224
1029.044678
452.776611
166.403763
-1218.708984
-271.055176
-123.993164
-1452.443848
677.982666
733.471802
-543.621277
-122.865479
401.487305
78.396973
97.106445
197.599121
-196.345703
-313.064575
-212.508789
11.473633
818.349609
1469.028809
-304.664307
-358.646729
-434.134766
332.106567
842.667725
-448.938965
-80.164551
-242.950195
134.445068
884.595459
670.629883
1791.195801
1326.611572
181.823730
172.278320
349.131836
-819.495850
-1187.482178
643.124023
347.455078
647.064575
116.258545
-781.359192
-444.993164
779.388672
-1382.252930
-340.272461
-482.588379
177.467316
1407.407227
-1070.381836
303.452637
1176.300781
-497.981445
442.383789
-405.645020
-442.493774
467.696777
209.446533
2183.571289
762.268311
-1811.239014
-2126.514160
-2215.182129
322.052246
2097.998047
4648.605469
5065.954590
2245.055664
1251.460938
-407.603760
-711.901184
-796.887695
65.065186
534.912109
-475.930664
-548.746094
-1320.874146
-196.578125
-132.081055
186.267578
238.302246
-604.976135
851.942383
1110.373535
1986.204102
2566.893555
1599.899414
-1182.324463
-726.833496
-1412.844727
-310.025391
1240.112305
-855.944092
-1067.588379
363.274414
-495.371338
-409.440674
1317.826904
-36.503906
-955.753906
1044.101562
3846.617188
2416.640137
0.440857
-1541.686523
-2849.992676
-690.552063
-31.524521
-1615.131836
-2035.369263
-509.466309
-355.510742
-435.405762
-235.966797
-19.125854
598.234009
957.766846
-519.704590
82.982422
-794.724609
-1415.234863
180.588379
322.796997
695.478516
-1160.068848
-1565.285645
86.562988
356.876709
2870.165283
2279.850586
-1054.110596
-2967.414062
-3465.895020
-2279.860840
289.008301
-274.588379
196.278320
671.391602
1144.959473
-227.591553
-199.813477
-601.096191
-199.805481
968.530273
-3.360352
989.219727
-49.914795
-1667.917114
77.289917
98.294922
678.110352
-605.120605
-187.764160
-330.457520
443.640625
-553.484863
-749.863525
760.832520
-60.487793
-707.440552
22.071289
-214.015182
423.689453
535.086548
367.162109
-415.714844
-56.417480
65.708984
673.461914
287.883789
-165.369507
-256.886719
127.854004
595.310547
636.230957
735.970703
932.600098
480.526978
1443.125000
-807.871338
-113.710449
370.862305
250.447632
-709.780029
-753.339905
619.329102
690.617676
633.349670
974.442871
15.543945
1085.792969
-979.851562
11.644287
-1297.830078
-1026.742188
1245.407715
2559.290039
542.376465
399.463898
-67.270752
1220.987549
-210.173340
-67.262451
166.849609
-136.232422
-1980.580078
-3827.666016
-736.702148
415.306396
-1142.531738
150.946899
397.214844
1463.720215
176.380127
146.905518
-3725.270508
-101.865234
419.174255
147.475464
52.139160
-712.085449
17.881348
-176.585938
679.262695
404.715088
2423.676025
3456.196289
1966.111328
-4.676758
1338.943359
1801.648926
376.753296
668.683105
980.780762
720.562012
256.713379
-198.040527
566.196777
169.090820
607.200684
-307.524506
-2618.265137
67.873535
-1160.482422
810.943359
2541.061523
3508.413574
1714.103516
-486.661133
644.712158
-81.207031
-48.595703
766.750854
-302.294922
-635.935547
639.504883
1127.951904
2336.716797
1647.148193
-614.875488
1346.917969
-74.642578
1922.519531
4856.150879
2277.046631
-969.010742
484.408203
-510.621094
-568.901489
510.933838
-115.221680
-1731.700195
-2004.958984
-399.496094
235.012939
13.766846
-1042.877930
-1629.682617
-1125.820312
51.063721
464.146973
70.149414
-303.331177
-666.484375
-223.731445
421.297363
505.892090
-460.452148
-234.375000
-355.101196
381.388672
156.889648
-603.011963
508.913574
666.529297
496.104004
1337.779541
-5.919800
180.946030
476.628418
-368.975586
89.259644
1078.041504
466.985840
-1169.184082
76.986328
-120.614746
-551.162354
664.605225
1723.377319
1565.475464
779.924683
-874.751953
-1865.942017
-2634.112549
-1787.104736
388.143066
1176.476562
979.591797
683.941162
-581.617676
200.402832
1045.672363
175.183350
345.578125
95.496582
-869.584717
667.489258
196.164551
-1175.891968
-434.726074
397.533936
-342.133301
712.142578
1541.841797
923.215820
630.273438
1408.355469
-15.229492
246.065430
-1159.861328
-1495.377441
-660.309082
954.295898
644.051514
-485.475586
-62.147217
240.322754
1679.972656
924.279297
-2768.613525
-3669.242188
-2200.538086
-382.017578
403.062988
-829.606934
302.373535
583.436035
-358.958984
1105.171875
-226.628662
-789.602661
-1628.824219
-390.662109
-1195.657715
-3662.377686
-1329.171875
-638.633789
675.942383
2215.599365
3243.898438
682.994629
88.957870
648.869873
-374.425415
-644.060547
-310.171631
-960.072510
-949.697510
-1022.996826
-739.403809
28.632324
-445.010010
-1194.523438
-1454.480469
-145.274414
459.426758
-363.438477
-2131.185547
-348.621826
406.130859
61.244629
501.458862
377.047180
-271.343506
-146.196777
-114.583984
-487.363281
-620.287354
-573.498169
-768.965332
158.861328
149.181152
1812.825195
1644.880859
1643.056641
-627.408691
-1062.592163
-392.179199
-2350.715088
-1903.626221
1194.602539
465.964966
-451.446289
334.002930
870.912109
397.524414
-854.593750
214.271240
1588.142212
-243.834686
119.415283
207.216309
-630.945312
-933.183594
-357.952332
818.941528
410.717285
-2374.355469
-1197.889648
-369.706055
89.765625
819.518066
-88.304688
700.144531
-21.666260
1745.707520
4753.871582
2820.711914
-140.805664
-1706.564941
-446.575195
-409.640137
-463.753876
1867.544434
-289.333496
-570.275574
574.847656
627.430664
545.524902
-194.381836
-325.086914
803.989746
648.042969
1127.105469
1193.374512
963.881592
941.575195
1138.001953
701.644531
1111.122070
-738.688232
-721.500488
271.075684
-69.866211
-539.382568
118.545898
394.099365
1169.963013
1162.660645
1079.119873
305.334961
124.335938
728.841309
-1067.471924
-1579.857666
-1646.627563
-326.364990
-326.575195
-114.542480
-70.577148
-310.141602
-474.169922
-1132.972656
1608.157227
2722.943604
903.420166
-989.611328
-1718.409912
-1228.906982
-348.115723
-645.025879
-707.115723
-568.662598
-621.295898
-914.927490
2261.845215
2463.915039
569.802734
-2361.966797
-1963.949707
-593.711426
205.548950
-371.288574
-445.998047
-489.780762
-455.118774
-8.640625
-1676.488770
-334.327148
-574.793945
-652.688477
1734.172607
2610.926270
277.696777
-440.857849
535.500732
-154.928223
122.025879
318.788086
-394.419434
-705.789062
-272.600586
821.458008
499.932373
-672.294189
1147.595825
2619.928955
588.479980
-640.229248
-549.592529
398.472900
-2.857834
930.807678
551.597168
184.524902
211.509766
-376.444580
1081.307129
1656.830566
931.359741
1991.557129
1153.087891
-65.610840
534.980225
191.704590
-1582.835205
-906.568359
379.452759
-266.410645
-803.193604
186.465637
-377.180664
-3485.418701
-1461.126221
1257.721436
347.699219
1218.659180
212.662598
-1411.836426
-1161.532227
-118.919678
-369.429688
1086.527832
2060.256348
1048.454102
228.161133
236.512695
-29.158691
1288.951904
684.216980
-1505.850342
81.647217
419.341064
-1040.284424
356.329468
-678.814148
-825.310669
233.812561
-410.659180
-646.442261
-433.286987
343.350098
1313.672852
1513.402344
538.699707
-975.003418
-820.004211
-278.813965
157.055176
-334.460449
500.063232
582.292725
-65.360352
486.924805
894.142822
-550.181152
440.386719
2872.485840
3580.248535
1136.690186
-151.341797
617.335449
-513.301025
-1119.271484
520.586914
1307.645020
378.537842
-3531.678955
-6254.975586
-1923.917847
392.127930
-82.235352
-156.534912
813.431641
233.084473
147.298340
655.706055
89.018738
-1067.004150
59.933533
3474.686768
2636.228760
-823.256042
-618.575684
-987.936523
-1277.821289
-634.324707
-990.318359
609.430176
358.993652
-2606.235840
204.214844
-2679.934326
-427.731567
755.988770
193.127563
-230.929688
-382.749023
121.361572
1105.272583
-159.579102
-2709.205566
-3763.068604
-1070.143555
282.994629
277.878662
1594.005371
2017.244873
-359.394165
-366.229980
-646.015625
699.365723
-181.452637
-1897.622070
-360.116699
356.162964
-762.470703
-748.303711
-889.678711
-1652.729004
372.246338
281.235840
413.520508
1242.440308
-762.672241
-1067.928467
-578.524536
-801.398132
1822.252930
989.070557
-813.723816
-1516.094727
-4038.444336
-4915.732910
-118.904533
1183.201172
-52.164062
41.764160
-53.111572
1095.811035
-512.797607
-14.190430
406.969727
-1135.851562
-565.256836
1498.049316
1557.939453
552.713379
-162.494141
461.718750
-462.897949
1406.522217
1400.681152
-969.246582
-896.915039
-1394.660156
-141.816406
357.093964
-838.109131
317.536621
-96.578125
-1700.369629
-738.106934
-2405.233398
-2434.426025
552.835449
414.194092
-1001.178833
-753.314453
-526.007812
-572.919922
-991.154541
-0.656738
552.498047
215.406250
668.346191
-559.386475
-1079.595459
359.572266
390.162109
-605.175171
1124.225830
-302.211548
-761.735596
114.883545
799.895020
-334.525146
-759.985840
222.493164
478.478027
-470.167969
-164.348145
381.484863
-632.145508
-221.671875
992.469482
361.239502
240.688782
-337.318604
-453.453369
286.454468
599.167480
1070.302734
191.410156
-475.434814
138.137695
75.775513
1350.304932
1733.683105
95.905762
-132.319092
-509.395081
-594.688599
-236.569092
190.254761
430.494385
-21.478027
633.740234
1779.132446
1482.463989
36.326355
-522.986084
878.485352
2723.699219
2951.903809
476.061035
246.257324
932.576538
163.703125
-1020.477783
-930.966553
135.936279
680.915039
114.692871
59.207520
-479.742432
-217.231689
726.025391
485.947754
-68.114990
135.007812
-702.477051
454.907532
167.637695
-527.712646
1.017273
152.424561
327.583740
185.779114
-670.111816
-404.928223
387.546753
190.285645
681.855469
-628.352539
-684.374268
1506.547363
263.253906
-1142.809570
480.149902
48.264893
87.348267
1299.142822
684.509644
-338.622559
-87.426758
99.329102
207.991211
-679.144531
425.503906
396.350464
-840.851074
-1370.114014
-289.725098
-1688.573242
-1253.707031
-53.911621
-212.649658
-382.150391
109.142174
-48.769043
-1465.805298
-1225.016968
-1026.405884
-80.380859
1217.918945
-2348.518555
-227.597656
725.462158
455.344238
250.116211
-696.957764
-301.132629
806.434204
-998.781006
-705.205933
-73.693604
-464.670410
108.083008
215.891235
-22.888733
49.600479
-552.216064
-2643.839111
-2923.929688
-118.633301
-319.632812
1772.933105
-277.913086
1037.599121
1070.309326
1350.885864
-194.815674
-1530.508057
-143.524536
712.194580
371.578247
215.541016
257.168457
864.301758
-412.116211
-226.262695
272.246094
-1857.096191
-87.333740
434.503143
-843.079834
122.760742
12.532227
28.782104
1241.914429
991.667542
1172.219971
-538.516479
-945.685303
-241.023926
-752.723083
-438.500977
-398.458008
-456.033691
-1135.658081
-454.127930
842.702454
835.811523
224.555176
-402.846436
-1213.854492
-733.818115
622.281372
-123.911133
170.960938
870.794800
912.320801
663.872070
405.978027
-1005.960571
-1103.435059
61.939697
-226.489258
336.634521
837.782959
499.548340
254.569336
141.649658
-379.617188
1028.178711
1740.542480
497.646484
78.338135
415.509277
1359.326416
167.564545
-818.575928
931.538574
1021.617920
400.181152
-577.985840
-320.927002
-795.335938
-624.115906
978.550903
1688.429077
1021.557861
457.291504
341.616455
760.318604
1039.937500
1647.846436
1291.162354
839.671631
1300.471436
991.004883
188.441406
330.575195
120.742615
-955.863647
-45.645622
682.857910
-473.742188
287.842041
1671.183838
1465.110840
-71.045837
-934.515869
-348.644531
-192.459473
-962.353149
475.487793
310.162109
-1.566895
183.246704
396.743164
16.590820
1250.395996
-643.263306
732.588379
1575.144653
-432.135864
-582.381592
-245.401367
-534.522339
676.303467
361.860352
-706.223511
392.643066
-129.489258
-340.523804
288.657715
5.926270
-922.531372
-486.194580
105.674072
233.017090
-234.259521
6.531738
-17.447266
39.946289
-375.841064
-956.052917
-971.023987
-467.026398
-901.392456
-950.502197
-933.654358
-573.739990
-7.872070
787.376709
1142.258545
644.552490
1029.422607
1496.391846
1019.378418
-247.792236
-1403.021729
-991.090088
661.180664
909.807190
934.458130
1064.368896
277.287048
591.570557
1272.961792
1137.910400
302.140015
-1158.660889
-334.954773
745.874023
-451.973145
114.031738
993.804688
767.367920
241.309570
602.835205
706.628540
-304.886475
-469.645264
184.786133
948.346191
1062.652832
282.658081
-1001.734131
-1133.989136
-798.498535
-594.651855
-815.295654
-1149.944580
-899.490112
-333.070557
-570.067505
-582.819824
-308.663086
-1231.809692
-116.185547
1183.328735
862.017822
360.881836
-68.650635
-348.583221
730.007935
1492.524292
1206.791992
1067.358154
-110.480713
-1099.308594
-1383.835449
-647.597534
755.330261
803.331055
278.013916
-419.528931
-1296.537354
-1069.890869
835.422729
1384.399048
1343.138672
1086.941895
1620.546387
1218.642822
52.138672
99.608887
-112.768799
-1162.001099
-1539.876953
-919.530151
-609.668457
-1112.517456
-519.381226
916.605835
1336.176758
1060.779541
1289.119141
1301.465088
1318.468018
394.085754
-1049.400146
-1302.738037
-479.428223
799.025391
1206.356934
326.348267
-317.019775
-405.198975
-39.449829
105.813721
-786.028198
-1655.023926
-1040.607056
-707.131104
-550.070068
-82.158936
111.704346
55.139389
-87.982010
-244.690308
139.751465
398.918457
655.520020
832.087769
1193.145874
1374.779175
1453.770630
1330.332764
849.982666
-356.919678
-829.107117
-0.509753
1013.242676
1009.321350
290.822021
-239.890625
-350.135742
-809.070190
-1191.894043
-477.168823
-613.783142
-262.927246
373.134888
786.809631
949.982544
295.754761
-473.364014
-645.526123
-1105.434814
-1102.788574
-1043.195801
-1078.580933
-897.909668
-689.641602
-460.344482
143.935974
1095.947021
1346.268555
1116.030029
1422.384766
660.256836
-691.462891
-1073.389771
-857.711182
-667.844482
-606.911377
-983.380615
-1151.313477
-1215.678955
-792.458008
346.307526
1240.026123
947.585510
-240.295898
-1158.987549
-1228.494873
-590.958069
309.819916
124.897400
-589.853882
-1039.473877
-409.822266
337.736572
797.971924
1113.785645
1192.271118
1164.728027
1059.308838
119.946533
-703.584229
-1055.891846
-1014.233459
-59.471741
769.493408
389.853271
-652.641541
-1191.774902
-1336.698364
-1136.144287
-1098.572266
-604.801392
664.187744
1345.468140
1196.957031
1004.657349
-485.612122
-701.496094
180.280762
871.268311
946.746582
-49.847855
-1103.360718
-767.185181
385.853699
1133.351685
706.679688
-399.825073
-1034.747559
-908.843140
26.694641
400.701172
-321.521240
-732.420410
-534.437500
-620.145752
-516.853394
23.391724
793.778625
1040.857422
652.802002
79.144165
-264.163513
125.769531
362.409302
506.555420
763.066589
945.653076
1140.330444
1234.284424
1018.172852
780.912842
940.263062
1206.755005
1180.289429
816.564758
-249.723145
-732.330811
-706.100342
-406.859375
315.462891
527.277222
266.611328
379.460297
282.312561
129.623413
-366.711792
-717.883057
-369.458374
372.367981
1034.848755
1036.267212
413.868896
-191.632217
73.359802
737.260986
991.052979
577.786987
-391.847595
-547.418457
383.686340
964.802734
1119.858643
755.278992
-184.511108
-548.935364
192.939636
685.961670
617.318970
510.991882
-110.760750
-316.386047
112.098907
492.311035
526.450073
316.326660
90.301773
-87.821899
-326.386444
-537.808472
-765.098511
-549.380371
-366.411011
-296.589355
-50.751953
80.017822
281.551025
524.406250
760.528809
673.909851
196.611938
-550.332214
-790.805298
-681.679810
-409.820801
-550.626953
-275.868225
-225.429108
-152.862549
-239.032043
-331.363312
-19.107178
614.243591
774.930786
271.712402
-620.531677
-865.496582
-140.319458
877.766052
1159.210327
627.124146
-324.458191
-645.581848
53.973221
667.081360
566.586792
62.733643
168.325867
814.818359
1072.956665
825.870117
28.221985
-994.485413
-783.049500
305.221222
812.656982
236.737915
-523.174316
-447.247803
184.929169
859.107788
766.493225
243.587616
-27.173157
206.919678
537.089233
481.861511
-137.321655
-413.843048
102.760620
714.935913
743.585388
136.662369
-462.692322
-672.734619
-393.256866
-221.925873
-150.164917
-138.450195
42.674347
256.271820
-24.003017
-491.344635
-874.672424
-847.943359
-434.650635
-14.328491
-123.686287
-379.294495
-310.587158
53.662598
435.143280
361.712189
120.038666
-95.089264
-83.368065
-22.227341
94.170013
-0.143250
1.573761
103.885345
-16.788177
-261.750183
-483.882477
-461.313599
-16.718475
296.601379
163.502625
-311.083038
-696.645752
-541.558838
-170.618469
290.974640
361.978821
301.240723
232.875015
209.018127
168.600296
75.259857
81.655884
194.380493
365.201416
303.827240
-5.493637
-371.865143
-542.294434
-397.171814
-18.128876
285.948669
358.597229
283.492554
206.445053
166.444366
236.061096
433.394196
448.423309
284.690125
159.064178
30.765656
-90.528732
-91.227112
124.432434
246.918732
355.086548
321.925293
134.112167
-117.570389
-138.319092
-118.784576
-34.635864
120.482536
180.003906
147.625229
106.837364
127.658829
114.130066
79.937500
-0.037720
-89.088409
33.771061
295.281616
397.013611
272.758148
32.993595
-105.767876
-52.075150
28.006653
26.865768
-25.615128
-72.397995
-76.587212
-62.234985
13.483536
-5.093719
-52.865814
-166.117249
-69.860130
-16.239342
-2.865692
19.362526
53.117538
83.465500
88.968864
4.516438
-59.596497
-57.014618
-9.389653
29.801788
-30.699642
-102.821625
-63.943512
15.434708
86.230042
154.227768
118.902710
13.073929
19.109085
-33.769485
-25.457043
12.431215
14.785541
1.959105
-20.132122
-39.559311
-26.548449
-51.140068
-47.324806
-24.013702
20.168642
91.651833
112.817184
99.166138
53.288483
22.922642
14.938795
6.777008
22.206112
10.657472
6.155193
47.937355
81.365288
102.154213
88.475891
44.956753
3.951620
-5.083955
2.197677
3.787457
9.384466
20.747984
30.206623
45.126240
41.453674
38.535458
33.961815
26.196306
22.180098
11.786105
-9.760803
-20.436394
-15.216192
2.589434
15.245410
13.290721
22.350899
15.782121
19.160309
2.686774
4.288898
10.154714
14.453731
16.393625
5.551723
8.859870
15.614822
9.579160
26.131718
24.523544
11.728191
13.869676
18.276377
14.781672
15.503772
19.705185
5.923733
11.996287
23.725672
14.380304
